OCR API ready worker_pid=112338; preparing table crops in RAM
Frozen ALL cohort: 665 tables (121 LaTeX, 544 non-LaTeX)
Scheduled 100 Poisson arrivals at 6 QPS; request limit=100; last scheduled arrival at 16.852s; HTTP endpoint=http://127.0.0.1:8767/v1/ocr
Writing each completion to tmp/19_table_ocr_serving/first_use_poisson100_20260913/run/b8/second/results/results.jsonl
[   0.025s] SEND #00001 table=page_000287_table_box_id_8 lag=   1.2ms active=1
[   0.338s] SEND #00002 table=page_001367_table_51 lag=   0.6ms active=2
[   0.579s] SEND #00003 table=page_000236_table_box_id_1 lag=   1.3ms active=3
[   0.628s] SEND #00004 table=page_000634_table_11 lag=   1.0ms active=4
[   0.742s] SEND #00005 table=page_000272_table_box_id_1 lag=   0.9ms active=5
[   0.841s] SEND #00006 table=page_001172_table_16 lag=   0.3ms active=6
[   1.018s] SEND #00007 table=page_001137_table_2 lag=   1.5ms active=7
[   1.271s] RECV #00003 table=page_000236_table_box_id_1 request= 0.692s scheduled= 0.693s status=ok active=6
[   1.276s] SEND #00008 table=page_001150_table_box_id_9 lag=   0.3ms active=7
[   1.292s] SEND #00009 table=page_000920_table_8 lag=   0.7ms active=8
[   1.297s] SEND #00010 table=page_000524_table_0 lag=   0.6ms active=9
[   1.488s] RECV #00002 table=page_001367_table_51 request= 1.150s scheduled= 1.151s status=ok active=8
[   1.577s] RECV #00006 table=page_001172_table_16 request= 0.736s scheduled= 0.736s status=ok active=7
[   1.598s] SEND #00011 table=page_000256_table_box_id_8 lag=   0.6ms active=8
[   1.693s] SEND #00012 table=page_001166_table_9 lag=   1.0ms active=9
[   1.804s] RECV #00004 table=page_000634_table_11 request= 1.176s scheduled= 1.177s status=ok active=8
[   1.805s] RECV #00009 table=page_000920_table_8 request= 0.512s scheduled= 0.513s status=ok active=7
[   1.932s] SEND #00013 table=page_000211_table_box_id_3 lag=   0.8ms active=8
[   1.933s] SEND #00014 table=page_000933_table_10 lag=   0.8ms active=9
[   2.031s] SEND #00015 table=page_001129_table_8 lag=   1.1ms active=10
[   2.120s] RECV #00011 table=page_000256_table_box_id_8 request= 0.522s scheduled= 0.523s status=ok active=9
[   2.206s] RECV #00012 table=page_001166_table_9 request= 0.513s scheduled= 0.514s status=ok active=8
[   2.244s] SEND #00016 table=page_001375_table_7 lag=   0.4ms active=9
[   2.287s] SEND #00017 table=page_000106_table_box_id_2 lag=   0.8ms active=10
[   2.292s] RECV #00008 table=page_001150_table_box_id_9 request= 1.017s scheduled= 1.017s status=ok active=9
[   2.293s] RECV #00014 table=page_000933_table_10 request= 0.360s scheduled= 0.361s status=ok active=8
[   2.590s] RECV #00016 table=page_001375_table_7 request= 0.347s scheduled= 0.347s status=ok active=7
[   2.606s] RECV #00007 table=page_001137_table_2 request= 1.588s scheduled= 1.590s status=ok active=6
[   2.772s] SEND #00018 table=page_001134_table_10 lag=   0.8ms active=7
[   2.912s] RECV #00010 table=page_000524_table_0 request= 1.615s scheduled= 1.616s status=ok active=6
[   2.972s] RECV #00013 table=page_000211_table_box_id_3 request= 1.040s scheduled= 1.040s status=ok active=5
[   3.097s] RECV #00017 table=page_000106_table_box_id_2 request= 0.810s scheduled= 0.811s status=ok active=4
[   3.158s] SEND #00019 table=page_000642_table_8 lag=   1.0ms active=5
[   3.163s] SEND #00020 table=page_000564_table_7 lag=   0.6ms active=6
[   3.167s] SEND #00021 table=page_001368_table_box_id_242 lag=   1.1ms active=7
[   3.297s] SEND #00022 table=page_000263_table_box_id_7 lag=   1.0ms active=8
[   3.646s] RECV #00021 table=page_001368_table_box_id_242 request= 0.478s scheduled= 0.479s status=ok active=7
[   3.718s] RECV #00020 table=page_000564_table_7 request= 0.555s scheduled= 0.556s status=ok active=6
[   3.763s] SEND #00023 table=page_000746_table_18 lag=   0.3ms active=7
[   3.831s] RECV #00015 table=page_001129_table_8 request= 1.800s scheduled= 1.801s status=ok active=6
[   3.844s] SEND #00024 table=page_000213_table_box_id_5 lag=   0.9ms active=7
[   3.884s] SEND #00025 table=page_000206_table_box_id_1 lag=   0.3ms active=8
[   3.976s] SEND #00026 table=page_000209_table_box_id_1 lag=   0.7ms active=9
[   3.980s] SEND #00027 table=page_001216_table_2 lag=   0.6ms active=10
[   4.022s] SEND #00028 table=page_000188_table_box_id_6 lag=   0.6ms active=11
[   4.118s] SEND #00029 table=page_000921_table_9 lag=   0.4ms active=12
[   4.232s] SEND #00030 table=page_000533_table_8 lag=   0.3ms active=13
[   4.277s] SEND #00031 table=page_001123_table_14 lag=   0.9ms active=14
[   4.321s] SEND #00032 table=page_001503_table_5 lag=   1.1ms active=15
[   4.352s] RECV #00018 table=page_001134_table_10 request= 1.581s scheduled= 1.582s status=ok active=14
[   4.363s] SEND #00033 table=page_001197_table_5 lag=   2.0ms active=15
[   4.464s] SEND #00034 table=page_000542_table_0 lag=   0.3ms active=16
[   4.513s] RECV #00001 table=page_000287_table_box_id_8 request= 4.487s scheduled= 4.489s status=ok active=15
[   4.522s] SEND #00035 table=page_001130_table_1 lag=   1.1ms active=16
[   4.525s] SEND #00036 table=page_001595_table_box_id_9 lag=   0.5ms active=17
[   4.652s] RECV #00025 table=page_000206_table_box_id_1 request= 0.768s scheduled= 0.769s status=ok active=16
[   4.761s] RECV #00026 table=page_000209_table_box_id_1 request= 0.785s scheduled= 0.786s status=ok active=15
[   4.829s] SEND #00037 table=page_001233_table_6 lag=   2.1ms active=16
[   4.854s] RECV #00024 table=page_000213_table_box_id_5 request= 1.010s scheduled= 1.011s status=ok active=15
[   4.963s] SEND #00038 table=page_000585_table_1 lag=   0.2ms active=16
[   4.995s] RECV #00019 table=page_000642_table_8 request= 1.837s scheduled= 1.838s status=ok active=15
[   5.048s] RECV #00028 table=page_000188_table_box_id_6 request= 1.026s scheduled= 1.027s status=ok active=14
[   5.113s] RECV #00029 table=page_000921_table_9 request= 0.995s scheduled= 0.996s status=ok active=13
[   5.135s] SEND #00039 table=page_000821_table_box_id_26 lag=   1.0ms active=14
[   5.169s] SEND #00040 table=page_000566_table_3 lag=   0.5ms active=15
[   5.214s] RECV #00032 table=page_001503_table_5 request= 0.893s scheduled= 0.894s status=ok active=14
[   5.315s] RECV #00023 table=page_000746_table_18 request= 1.551s scheduled= 1.552s status=ok active=13
[   5.414s] RECV #00030 table=page_000533_table_8 request= 1.182s scheduled= 1.182s status=ok active=12
[   5.468s] RECV #00035 table=page_001130_table_1 request= 0.947s scheduled= 0.948s status=ok active=11
[   5.562s] RECV #00036 table=page_001595_table_box_id_9 request= 1.037s scheduled= 1.038s status=ok active=10
[   5.673s] RECV #00031 table=page_001123_table_14 request= 1.396s scheduled= 1.397s status=ok active=9
[   5.766s] RECV #00039 table=page_000821_table_box_id_26 request= 0.631s scheduled= 0.632s status=ok active=8
[   5.936s] RECV #00027 table=page_001216_table_2 request= 1.956s scheduled= 1.956s status=ok active=7
[   5.985s] SEND #00041 table=page_000534_table_4 lag=   0.3ms active=8
[   6.198s] RECV #00034 table=page_000542_table_0 request= 1.734s scheduled= 1.734s status=ok active=7
[   6.302s] RECV #00037 table=page_001233_table_6 request= 1.473s scheduled= 1.475s status=ok active=6
[   6.313s] SEND #00042 table=page_001141_table_13 lag=   0.8ms active=7
[   6.335s] SEND #00043 table=page_000665_table_3 lag=   1.1ms active=8
[   6.401s] SEND #00044 table=page_001417_table_2 lag=   0.4ms active=9
[   6.413s] RECV #00043 table=page_000665_table_3 request= 0.079s scheduled= 0.080s status=ok active=8
[   6.542s] RECV #00044 table=page_001417_table_2 request= 0.141s scheduled= 0.141s status=ok active=7
[   6.611s] RECV #00038 table=page_000585_table_1 request= 1.648s scheduled= 1.648s status=ok active=6
[   6.614s] SEND #00045 table=page_001117_table_box_id_7 lag=   0.2ms active=7
[   6.728s] RECV #00041 table=page_000534_table_4 request= 0.743s scheduled= 0.743s status=ok active=6
[   6.735s] RECV #00040 table=page_000566_table_3 request= 1.566s scheduled= 1.566s status=ok active=5
[   6.823s] SEND #00046 table=page_001270_table_box_id_1 lag=   2.0ms active=6
[   6.836s] RECV #00033 table=page_001197_table_5 request= 2.473s scheduled= 2.475s status=ok active=5
[   6.858s] RECV #00045 table=page_001117_table_box_id_7 request= 0.243s scheduled= 0.244s status=ok active=4
[   7.000s] RECV #00042 table=page_001141_table_13 request= 0.687s scheduled= 0.688s status=ok active=3
[   7.173s] RECV #00022 table=page_000263_table_box_id_7 request= 3.876s scheduled= 3.877s status=ok active=2
[   7.281s] SEND #00047 table=page_000261_table_box_id_3 lag=   0.7ms active=3
[   7.372s] SEND #00048 table=page_000505_table_1 lag=   0.4ms active=4
[   7.669s] SEND #00049 table=page_000682_table_15 lag=   1.4ms active=5
[   7.853s] SEND #00050 table=page_000275_table_box_id_1 lag=   0.5ms active=6
[   7.854s] RECV #00049 table=page_000682_table_15 request= 0.185s scheduled= 0.187s status=ok active=5
[   7.914s] SEND #00051 table=page_000789_table_34 lag=   2.1ms active=6
[   8.060s] SEND #00052 table=page_001177_table_2 lag=   0.3ms active=7
[   8.063s] RECV #00051 table=page_000789_table_34 request= 0.148s scheduled= 0.150s status=ok active=6
[   8.388s] RECV #00005 table=page_000272_table_box_id_1 request= 7.646s scheduled= 7.647s status=ok active=5
[   8.417s] SEND #00053 table=page_001398_table_box-13qv1ztw lag=   0.4ms active=6
[   8.596s] RECV #00046 table=page_001270_table_box_id_1 request= 1.772s scheduled= 1.774s status=ok active=5
[   8.636s] RECV #00053 table=page_001398_table_box-13qv1ztw request= 0.218s scheduled= 0.219s status=ok active=4
[   8.730s] SEND #00054 table=page_001183_table_11 lag=   1.1ms active=5
[   8.732s] RECV #00052 table=page_001177_table_2 request= 0.671s scheduled= 0.672s status=ok active=4
[   8.827s] RECV #00048 table=page_000505_table_1 request= 1.455s scheduled= 1.455s status=ok active=3
[   8.847s] SEND #00055 table=page_000507_table_0 lag=   0.5ms active=4
[   8.996s] SEND #00056 table=page_000710_table_9 lag=   1.2ms active=5
[   9.001s] SEND #00057 table=page_000657_table_6 lag=   1.1ms active=6
[   9.047s] SEND #00058 table=page_001368_table_box_id_227 lag=   0.4ms active=7
[   9.149s] RECV #00057 table=page_000657_table_6 request= 0.148s scheduled= 0.149s status=ok active=6
[   9.227s] RECV #00056 table=page_000710_table_9 request= 0.232s scheduled= 0.233s status=ok active=5
[   9.250s] RECV #00054 table=page_001183_table_11 request= 0.520s scheduled= 0.521s status=ok active=4
[   9.297s] RECV #00055 table=page_000507_table_0 request= 0.450s scheduled= 0.451s status=ok active=3
[   9.313s] SEND #00059 table=page_001176_table_4 lag=   0.6ms active=4
[   9.402s] SEND #00060 table=page_001181_table_6 lag=   0.5ms active=5
[   9.434s] SEND #00061 table=page_000937_table_0 lag=   1.0ms active=6
[   9.567s] SEND #00062 table=page_001368_table_box_id_237 lag=   0.4ms active=7
[   9.770s] SEND #00063 table=page_000217_table_box_id_0 lag=   1.1ms active=8
[   9.957s] SEND #00064 table=page_001159_table_5 lag=   1.0ms active=9
[  10.007s] RECV #00062 table=page_001368_table_box_id_237 request= 0.440s scheduled= 0.440s status=ok active=8
[  10.034s] SEND #00065 table=page_000626_table_box_id_1 lag=   0.2ms active=9
[  10.087s] RECV #00058 table=page_001368_table_box_id_227 request= 1.040s scheduled= 1.040s status=ok active=8
[  10.101s] RECV #00061 table=page_000937_table_0 request= 0.667s scheduled= 0.668s status=ok active=7
[  10.131s] SEND #00066 table=page_000984_table_2 lag=   0.4ms active=8
[  10.246s] RECV #00047 table=page_000261_table_box_id_3 request= 2.965s scheduled= 2.966s status=ok active=7
[  10.249s] SEND #00067 table=page_001082_table_34 lag=   0.3ms active=8
[  10.266s] RECV #00066 table=page_000984_table_2 request= 0.136s scheduled= 0.136s status=ok active=7
[  10.278s] RECV #00063 table=page_000217_table_box_id_0 request= 0.508s scheduled= 0.509s status=ok active=6
[  10.500s] SEND #00068 table=page_000467_table_17 lag=   0.8ms active=7
[  10.623s] SEND #00069 table=page_000866_table_14 lag=   1.0ms active=8
[  10.706s] SEND #00070 table=page_001227_table_10 lag=   0.5ms active=9
[  10.818s] SEND #00071 table=page_000916_table_7 lag=   0.5ms active=10
[  10.823s] SEND #00072 table=page_000251_table_box_id_7 lag=   0.7ms active=11
[  10.831s] SEND #00073 table=page_001131_table_15 lag=   1.0ms active=12
[  10.840s] RECV #00064 table=page_001159_table_5 request= 0.883s scheduled= 0.884s status=ok active=11
[  11.033s] SEND #00074 table=page_001183_table_12 lag=   0.7ms active=12
[  11.040s] RECV #00069 table=page_000866_table_14 request= 0.417s scheduled= 0.418s status=ok active=11
[  11.186s] RECV #00059 table=page_001176_table_4 request= 1.872s scheduled= 1.873s status=ok active=10
[  11.433s] RECV #00067 table=page_001082_table_34 request= 1.184s scheduled= 1.185s status=ok active=9
[  11.582s] RECV #00071 table=page_000916_table_7 request= 0.763s scheduled= 0.764s status=ok active=8
[  11.714s] SEND #00075 table=page_000266_table_box_id_7 lag=   0.4ms active=9
[  11.729s] RECV #00073 table=page_001131_table_15 request= 0.898s scheduled= 0.899s status=ok active=8
[  11.865s] SEND #00076 table=page_000447_table_12 lag=   1.5ms active=9
[  11.887s] RECV #00060 table=page_001181_table_6 request= 2.485s scheduled= 2.485s status=ok active=8
[  11.948s] SEND #00077 table=page_001193_table_4 lag=   0.8ms active=9
[  11.954s] RECV #00075 table=page_000266_table_box_id_7 request= 0.240s scheduled= 0.241s status=ok active=8
[  11.979s] SEND #00078 table=page_001368_table_box_id_239 lag=   0.6ms active=9
[  12.095s] SEND #00079 table=page_000903_table_15 lag=   1.1ms active=10
[  12.114s] RECV #00072 table=page_000251_table_box_id_7 request= 1.291s scheduled= 1.291s status=ok active=9
[  12.210s] RECV #00074 table=page_001183_table_12 request= 1.177s scheduled= 1.177s status=ok active=8
[  12.260s] RECV #00068 table=page_000467_table_17 request= 1.760s scheduled= 1.761s status=ok active=7
[  12.361s] RECV #00079 table=page_000903_table_15 request= 0.265s scheduled= 0.266s status=ok active=6
[  12.363s] RECV #00078 table=page_001368_table_box_id_239 request= 0.385s scheduled= 0.385s status=ok active=5
[  12.391s] RECV #00076 table=page_000447_table_12 request= 0.526s scheduled= 0.527s status=ok active=4
[  12.429s] RECV #00077 table=page_001193_table_4 request= 0.481s scheduled= 0.482s status=ok active=3
[  12.766s] SEND #00080 table=page_001167_table_2 lag=   1.2ms active=4
[  12.782s] RECV #00070 table=page_001227_table_10 request= 2.076s scheduled= 2.077s status=ok active=3
[  13.010s] SEND #00081 table=page_000212_table_box_id_1 lag=   0.4ms active=4
[  13.048s] RECV #00065 table=page_000626_table_box_id_1 request= 3.014s scheduled= 3.015s status=ok active=3
[  13.140s] SEND #00082 table=page_001147_table_10 lag=   1.2ms active=4
[  13.199s] RECV #00080 table=page_001167_table_2 request= 0.434s scheduled= 0.435s status=ok active=3
[  13.469s] SEND #00083 table=page_000223_table_box_id_2 lag=   2.1ms active=4
[  13.512s] SEND #00084 table=page_000716_table_0 lag=   1.0ms active=5
[  13.633s] SEND #00085 table=page_000937_table_1 lag=   1.7ms active=6
[  13.785s] RECV #00084 table=page_000716_table_0 request= 0.273s scheduled= 0.274s status=ok active=5
[  13.944s] RECV #00085 table=page_000937_table_1 request= 0.311s scheduled= 0.313s status=ok active=4
[  14.140s] SEND #00086 table=page_000465_table_10 lag=   0.7ms active=5
[  14.285s] SEND #00087 table=page_000465_table_8 lag=   1.8ms active=6
[  14.386s] SEND #00088 table=page_001179_table_6 lag=   0.3ms active=7
[  14.440s] SEND #00089 table=page_000554_table_12 lag=   2.0ms active=8
[  14.448s] RECV #00050 table=page_000275_table_box_id_1 request= 6.595s scheduled= 6.596s status=ok active=7
[  14.571s] SEND #00090 table=page_000199_table_box_id_0 lag=   1.3ms active=8
[  14.642s] RECV #00081 table=page_000212_table_box_id_1 request= 1.632s scheduled= 1.632s status=ok active=7
[  14.771s] RECV #00089 table=page_000554_table_12 request= 0.332s scheduled= 0.334s status=ok active=6
[  14.807s] RECV #00086 table=page_000465_table_10 request= 0.667s scheduled= 0.668s status=ok active=5
[  14.915s] RECV #00087 table=page_000465_table_8 request= 0.630s scheduled= 0.632s status=ok active=4
[  15.049s] RECV #00083 table=page_000223_table_box_id_2 request= 1.580s scheduled= 1.582s status=ok active=3
[  15.089s] RECV #00082 table=page_001147_table_10 request= 1.948s scheduled= 1.949s status=ok active=2
[  15.095s] SEND #00091 table=page_000516_table_0 lag=   0.6ms active=3
[  15.096s] SEND #00092 table=page_001214_table_8 lag=   0.4ms active=4
[  15.352s] SEND #00093 table=page_001368_table_box_id_161 lag=   1.2ms active=5
[  15.639s] SEND #00094 table=page_000577_table_3 lag=   2.0ms active=6
[  15.664s] RECV #00092 table=page_001214_table_8 request= 0.568s scheduled= 0.568s status=ok active=5
[  15.887s] RECV #00093 table=page_001368_table_box_id_161 request= 0.534s scheduled= 0.536s status=ok active=4
[  15.980s] RECV #00094 table=page_000577_table_3 request= 0.341s scheduled= 0.343s status=ok active=3
[  16.000s] SEND #00095 table=page_000984_table_3 lag=   0.5ms active=4
[  16.225s] SEND #00096 table=page_001187_table_0 lag=   0.7ms active=5
[  16.468s] RECV #00090 table=page_000199_table_box_id_0 request= 1.896s scheduled= 1.898s status=ok active=4
[  16.501s] SEND #00097 table=page_000821_table_box_id_14 lag=   1.1ms active=5
[  16.556s] RECV #00091 table=page_000516_table_0 request= 1.461s scheduled= 1.461s status=ok active=4
[  16.623s] SEND #00098 table=page_000833_table_4 lag=   0.6ms active=5
[  16.637s] RECV #00097 table=page_000821_table_box_id_14 request= 0.136s scheduled= 0.137s status=ok active=4
[  16.710s] RECV #00095 table=page_000984_table_3 request= 0.710s scheduled= 0.711s status=ok active=3
[  16.760s] SEND #00099 table=page_001375_table_31 lag=   0.4ms active=4
[  16.853s] SEND #00100 table=page_000645_table_7 lag=   0.8ms active=5
[  16.903s] RECV #00088 table=page_001179_table_6 request= 2.517s scheduled= 2.518s status=ok active=4
[  16.915s] RECV #00099 table=page_001375_table_31 request= 0.155s scheduled= 0.156s status=ok active=3
[  17.024s] RECV #00098 table=page_000833_table_4 request= 0.402s scheduled= 0.402s status=ok active=2
[  17.039s] RECV #00100 table=page_000645_table_7 request= 0.186s scheduled= 0.187s status=ok active=1
[  18.998s] RECV #00096 table=page_001187_table_0 request= 2.773s scheduled= 2.774s status=ok active=0
DONE completed=100 failed=0 max_active=17 p50=0.798s p95=2.968s max=7.647s
Summary: tmp/19_table_ocr_serving/first_use_poisson100_20260913/run/b8/second/results/summary.json
