OPENDOC_CUSTOM_SETUP_BEGIN mode=custom pages=2 max_parallel_blocks=1 decode_mode=compiled
[2026/08/05 12:23:55] opendoc_onnx INFO: 🔧 User specified: Using CPU for layout detection
[2026/08/05 12:23:55] opendoc_onnx INFO: Layout detector using: CPUExecutionProvider
[2026/08/05 12:23:57] opendoc_onnx INFO:    Input names: ['im_shape', 'image', 'scale_factor']
[2026/08/05 12:23:57] opendoc_onnx INFO:    Output names: ['fetch_name_0', 'fetch_name_1']
Loading ONNX models...
🔧 User specified: Using CPU
Using execution providers: ['CPUExecutionProvider']
Loading tokenizer from mapping file: /root/.cache/openocr/unirec_0_1b_onnx/unirec_tokenizer_mapping.json
✅ Loaded vocabulary with 56371 tokens

✅ Models loaded successfully!
   Number of decoder layers: 6
   Number of attention heads: 6
   Head dimension: 128
   Model dimension (d_model): 768
   Vocabulary size: 56371
OPENDOC_CUSTOM_SETUP_END setup_s=10.996
OPENDOC_CUSTOM_PAGE_BEGIN index=1/2 image=PPT_1001115_eng_page_003.png
[2026/08/05 12:24:10] opendoc_onnx INFO:   VLM recognition: processing 6 block(s) sequentially
/workspace/repos/paddle_ocr_vl_npu/12_unirec_0_1b_inference/modeling_optimized_unirec.py:1426: UserWarning: Cannot create tensor with interal format while allow_internel_format=False, tensor will be created with base format. (Triggered internally at ../torch_npu/csrc/aten/common/TensorFactories.cpp:340.)
  pixel_values = inputs["pixel_values"].to(self.device).to(dtype=self.dtype)
UNIREC_CROP_END page=PPT_1001115_eng_page_003.png crop=1 label=paragraph_title_01 custom_tokens=7 custom_s=5.748 custom_only
UNIREC_CROP_END page=PPT_1001115_eng_page_003.png crop=2 label=paragraph_title_02 custom_tokens=15 custom_s=0.080 custom_only
UNIREC_CROP_END page=PPT_1001115_eng_page_003.png crop=3 label=text_03 custom_tokens=26 custom_s=0.100 custom_only
UNIREC_CROP_END page=PPT_1001115_eng_page_003.png crop=4 label=text_04 custom_tokens=29 custom_s=0.093 custom_only
UNIREC_CROP_END page=PPT_1001115_eng_page_003.png crop=5 label=text_05 custom_tokens=47 custom_s=0.142 custom_only
UNIREC_CROP_END page=PPT_1001115_eng_page_003.png crop=6 label=text_06 custom_tokens=28 custom_s=0.087 custom_only
[2026/08/05 12:24:17] opendoc_onnx INFO:   Total time:  11.690s
OPENDOC_CUSTOM_PAGE_END index=1/2 wall_s=11.742 recognized_crops=6
OPENDOC_CUSTOM_PAGE_BEGIN index=2/2 image=PPT_1001115_eng_page_005.png
[2026/08/05 12:24:22] opendoc_onnx INFO:   VLM recognition: processing 8 block(s) sequentially
UNIREC_CROP_END page=PPT_1001115_eng_page_005.png crop=1 label=paragraph_title_01 custom_tokens=13 custom_s=0.052 custom_only
UNIREC_CROP_END page=PPT_1001115_eng_page_005.png crop=2 label=paragraph_title_02 custom_tokens=7 custom_s=0.046 custom_only
UNIREC_CROP_END page=PPT_1001115_eng_page_005.png crop=3 label=text_03 custom_tokens=48 custom_s=0.101 custom_only
UNIREC_CROP_END page=PPT_1001115_eng_page_005.png crop=4 label=text_04 custom_tokens=28 custom_s=0.071 custom_only
UNIREC_CROP_END page=PPT_1001115_eng_page_005.png crop=5 label=text_05 custom_tokens=24 custom_s=0.062 custom_only
UNIREC_CROP_END page=PPT_1001115_eng_page_005.png crop=6 label=text_06 custom_tokens=34 custom_s=0.199 custom_only
UNIREC_CROP_END page=PPT_1001115_eng_page_005.png crop=7 label=paragraph_title_07 custom_tokens=7 custom_s=0.132 custom_only
UNIREC_CROP_END page=PPT_1001115_eng_page_005.png crop=8 label=text_08 custom_tokens=20 custom_s=0.154 custom_only
[2026/08/05 12:24:23] opendoc_onnx INFO:   Total time:  5.178s
OPENDOC_CUSTOM_PAGE_END index=2/2 wall_s=5.246 recognized_crops=8
OPENDOC_CUSTOM_RUN_END {"status": "ok", "mode": "custom", "openocr_root": "/workspace/repos/OpenOCR", "model_path": "/workspace/models/unirec-0.1b", "device": "npu:0", "dtype": "float16", "decode_mode": "compiled", "compile_backend": "torchair", "compile_cache_dir": "/workspace/repos/paddle_ocr_vl_npu/.runtime_cache/12_unirec_0_1b_inference/opendoc_explicit_model_pth_decode_fp16", "max_parallel_blocks": 1, "max_length": 256, "setup_s": 10.995873942039907, "pipeline_wall_s": 16.988068403908983, "page_count": 2, "crop_count": 14, "preprocess_exact_count": 0, "token_exact_count": 0, "raw_text_exact_count": 0, "postprocessed_text_exact_count": 0, "pages": [{"image": "/workspace/datasets/OmniDocBench/images/PPT_1001115_eng_page_003.png", "wall_s": 11.742176576983184, "recognized_crops": 6}, {"image": "/workspace/datasets/OmniDocBench/images/PPT_1001115_eng_page_005.png", "wall_s": 5.245891826925799, "recognized_crops": 8}], "trace_path": "/workspace/repos/paddle_ocr_vl_npu/tmp/12_unirec_0_1b_inference/opendoc_explicit_fp16_compiled_two_page_d470301/output/recognition_comparison.jsonl"}
