[32mCreating model: ('PP-DocLayoutV3', '/workspace/models/PP-DocLayoutV3_safetensors', 'transformers')[0m
Loading weights:   0%|          | 0/858 [00:00<?, ?it/s]Loading weights:  61%|██████    | 521/858 [00:00<00:00, 5201.86it/s]Loading weights: 100%|██████████| 858/858 [00:00<00:00, 5342.36it/s]
[32mCreating model: ('PaddleOCR-VL-1.6-0.9B', None, None)[0m
[W721 13:08:25.380468564 TensorFactories.cpp:340] Warning: Cannot create tensor with interal format while allow_internel_format=False, tensor will be created with base format. (function operator())
completed=1/32 elapsed_s=7.996
completed=2/32 elapsed_s=8.069
completed=3/32 elapsed_s=8.151
completed=4/32 elapsed_s=8.380
completed=5/32 elapsed_s=8.864
completed=6/32 elapsed_s=10.938
completed=7/32 elapsed_s=14.083
completed=8/32 elapsed_s=14.230
completed=9/32 elapsed_s=14.401
completed=10/32 elapsed_s=14.480
completed=11/32 elapsed_s=16.475
completed=12/32 elapsed_s=17.108
completed=13/32 elapsed_s=19.466
completed=14/32 elapsed_s=19.507
completed=15/32 elapsed_s=19.684
completed=16/32 elapsed_s=21.474
completed=17/32 elapsed_s=21.615
completed=18/32 elapsed_s=23.966
completed=19/32 elapsed_s=24.387
completed=20/32 elapsed_s=24.582
completed=21/32 elapsed_s=26.647
completed=22/32 elapsed_s=26.775
completed=23/32 elapsed_s=27.245
completed=24/32 elapsed_s=29.129
completed=25/32 elapsed_s=29.217
completed=26/32 elapsed_s=29.515
completed=27/32 elapsed_s=29.558
completed=28/32 elapsed_s=29.767
completed=29/32 elapsed_s=29.887
completed=30/32 elapsed_s=30.466
completed=31/32 elapsed_s=31.309
completed=32/32 elapsed_s=33.151
{
  "dataset_json": "/workspace/datasets/OmniDocBench/OmniDocBench.json",
  "images_dir": "/workspace/datasets/OmniDocBench/images",
  "offset": 0,
  "count": 32,
  "images": [
    "page-d1561665-5359-42fe-920c-d6e3bff81953.png",
    "page-bd6eb36e-0856-4d9d-b587-21b4a0209c8b.png",
    "page-affbb0cc-d616-481d-b493-80ed1ccb5a10.png",
    "page-14cd673f-d86d-45a7-a13e-2b4e1d91c08f.png",
    "page-ba4443e6-f432-435f-89e7-ddf0a571d2cd.png",
    "page-1c08a4a2-8163-44d3-93f0-9449457dbba3.png",
    "page-74c7629d-b064-4b8f-8667-bf943f5ba367.png",
    "page-c9654418-0624-48d4-8be7-6065f45dd1f9.png",
    "page-0a262e27-b24d-4429-9b21-90563d4fada7.png",
    "page-99c0fd2f-608e-479c-9af5-5b012de4f6af.png",
    "page-f9583127-1277-4424-be9d-35430e0aedd6.png",
    "page-573c437e-c309-4483-a038-ef2f440b104a.png",
    "page-062fc21c-6b9c-40be-8d0e-7a617509a9bc.png",
    "page-52875b3d-f4dc-44c2-a9bb-514b0763833d.png",
    "page-cdd33cf6-76ce-42bb-a99c-342c861afed0.png",
    "page-39d18b46-ad1b-4c7a-b7e2-132471c27c15.png",
    "page-e2fbf592-51f5-431a-8ae6-0c62e3349e89.png",
    "page-7dfc88d8-6d95-446c-b910-2410e8552f76.png",
    "page-4b8f8a9d-e061-4207-a42e-ebf9b7090099.png",
    "page-bb98165a-8033-4ea4-a527-58ac974f2c32.png",
    "page-8c21f73a-b849-4f71-9573-57d50fbcc180.png",
    "page-1853e666-6f83-432c-afc8-923ce8cf0fea.png",
    "page-4431f432-9e71-46d3-a5ea-4d705ad163a8.png",
    "page-9bcba6da-bdb0-4403-97cb-8874898ac8ab.png",
    "page-b21c7247-a843-4316-a44d-c3365077f077.png",
    "page-0c8b5994-685d-4b1b-816a-74f43aff8a53.png",
    "page-d43b98f8-6a96-44f8-a3cf-65de9397f582.png",
    "page-44a14308-9d3e-4044-9508-5c3e30141a19.png",
    "page-67013be9-58e5-4842-809d-7a3c1fc91fc7.png",
    "page-39551bb3-1b65-4562-b258-1bc97898cdf9.png",
    "page-374e9c4b-6fdb-4176-8ac7-519b86d97e40.png",
    "page-49776237-a9be-441d-a326-002eb7084385.png"
  ],
  "pipeline": "official_paddlex_v1.6_with_cross_page_recognition_bridge",
  "configuration": {
    "layout_model": "/workspace/models/PP-DocLayoutV3_safetensors",
    "recognizer_model": "/workspace/models/PaddleOCR-VL-1.6",
    "device": "npu:0",
    "dtype": "fp16",
    "batch_size": 16,
    "cache_length": 8192,
    "max_new_tokens": 4096,
    "preprocessor_min_pixels": null,
    "effective_global_min_pixels": 112896,
    "vision_backend": "torchair",
    "vision_attention": "prompt_flash_attention",
    "vision_padding": "auto",
    "vision_buckets": [
      32,
      64,
      96,
      128,
      160,
      192,
      224,
      256,
      288,
      320,
      352,
      384,
      416,
      448,
      480,
      512,
      576,
      640,
      704,
      768,
      832,
      896,
      960,
      1024,
      1152,
      1280,
      1408,
      1536,
      1664,
      1792,
      1920,
      2048
    ],
    "text_buckets": [
      160,
      176,
      192,
      208,
      224,
      256,
      320,
      384,
      448,
      576,
      640,
      768,
      896,
      1024,
      1152,
      1280,
      1312
    ],
    "cpu_preprocessing": {
      "execution": "background_thread",
      "workers": 1,
      "max_pending": 16,
      "ordering": "fifo",
      "pin_recognition_inputs": "best_effort"
    }
  },
  "setup_s": 57.14107419300126,
  "recognizer_setup_timing_s": {
    "recognizer_frontend_setup": 0.8575425849994645,
    "recognizer_model_load": 9.923816711991094,
    "decode_weight_format": 4.665193917986471,
    "vision_runtime_setup": 25.307465477962978,
    "text_runtime_setup": 12.872205951949582,
    "compile_wrapper": 0.0018721020314842463,
    "compile_first_call": 0.5887777769821696,
    "decode_control_setup": 0.004171810986008495,
    "recognizer_runtime_total": 54.24149685201701
  },
  "pipeline_e2e_s": 33.25142194097862,
  "pages_per_s": 0.9623648593675214,
  "s_per_page": 1.0391069356555818,
  "result_count": 32,
  "prediction_count": 32,
  "completion_s": [
    7.995737842982635,
    8.06893599696923,
    8.151121154020075,
    8.379915883007925,
    8.86370609496953,
    10.93824778299313,
    14.082662335014902,
    14.229695893998723,
    14.401154697989114,
    14.47978614398744,
    16.47499766398687,
    17.10805696400348,
    19.465717703977134,
    19.506655338976998,
    19.684401880018413,
    21.473504106979817,
    21.615456209983677,
    23.96646966697881,
    24.38657085702289,
    24.581599212018773,
    26.64655473700259,
    26.77520931401523,
    27.245396854996216,
    29.129050118965097,
    29.21728109801188,
    29.51468030299293,
    29.55814937199466,
    29.767188624013215,
    29.88686027796939,
    30.465726107009687,
    31.309369835013058,
    33.15124995901715
  ],
  "recognition": {
    "schedules": 1,
    "requests": 510,
    "wall_s": 33.24084641097579,
    "generated_tokens_including_eos": 26837,
    "decode_tokens_after_prefill_including_eos": 26327,
    "input_tokens": 104873,
    "projected_image_tokens": 98243,
    "real_vision_tokens": 392972,
    "physical_vision_tokens": 407976,
    "real_text_tokens": 104873,
    "physical_text_tokens": 111056,
    "decode_graph_calls": 2139,
    "raw_decode_token_slots": 34224,
    "active_decode_token_slots": 26837,
    "effective_decode_tokens": 26327,
    "idle_decode_token_slots": 7387,
    "lookahead_decode_token_slots": 510,
    "decode_wall_s": 12.417691139280818,
    "run_scoped_scheduler_wall_s": 33.14948187902337,
    "kv_prefix_bytes_copied": 1933019136,
    "stop_reason_counts": {
      "eos": 510
    },
    "pixel_profile_request_counts": {
      "112896:1003520": 510
    },
    "device_stage_s": {
      "adaptive_mlp_projector": 0.08387227997183805,
      "image_embed_scatter": 0.12134651939570908,
      "prefill_argmax": 0.24202505700476415,
      "prefill_lm_head": 0.23678450012207042,
      "recognition_inputs_h2d": 1.4400955187678335,
      "static_cache_alloc": 0.12026992093726628,
      "text_prefill": 4.555023239135742,
      "text_prefill_input_prep": 0.326431139856577,
      "text_token_embedding": 0.010515380056574944,
      "vision_embeddings": 0.3862353384792804,
      "vision_prefill": 11.038984521865851,
      "vision_prefill_input_prep": 0.4747205609679225
    },
    "run_output_tok_per_s": 807.3500797241642,
    "decode_useful_token_fraction": 0.7692554932211314,
    "vision_useful_token_fraction": 0.9632233268623644,
    "text_useful_token_fraction": 0.944325385391154,
    "trace_path": "/workspace/repos/paddle_ocr_vl_npu/tmp/09_persistent_page_engine/cleanup_streaming_49b3931/recognition_trace.jsonl"
  },
  "page_completion_order": [
    "page-bd6eb36e-0856-4d9d-b587-21b4a0209c8b.png",
    "page-ba4443e6-f432-435f-89e7-ddf0a571d2cd.png",
    "page-14cd673f-d86d-45a7-a13e-2b4e1d91c08f.png",
    "page-d1561665-5359-42fe-920c-d6e3bff81953.png",
    "page-1c08a4a2-8163-44d3-93f0-9449457dbba3.png",
    "page-affbb0cc-d616-481d-b493-80ed1ccb5a10.png",
    "page-c9654418-0624-48d4-8be7-6065f45dd1f9.png",
    "page-74c7629d-b064-4b8f-8667-bf943f5ba367.png",
    "page-99c0fd2f-608e-479c-9af5-5b012de4f6af.png",
    "page-0a262e27-b24d-4429-9b21-90563d4fada7.png",
    "page-f9583127-1277-4424-be9d-35430e0aedd6.png",
    "page-062fc21c-6b9c-40be-8d0e-7a617509a9bc.png",
    "page-52875b3d-f4dc-44c2-a9bb-514b0763833d.png",
    "page-39d18b46-ad1b-4c7a-b7e2-132471c27c15.png",
    "page-573c437e-c309-4483-a038-ef2f440b104a.png",
    "page-e2fbf592-51f5-431a-8ae6-0c62e3349e89.png",
    "page-cdd33cf6-76ce-42bb-a99c-342c861afed0.png",
    "page-bb98165a-8033-4ea4-a527-58ac974f2c32.png",
    "page-4b8f8a9d-e061-4207-a42e-ebf9b7090099.png",
    "page-8c21f73a-b849-4f71-9573-57d50fbcc180.png",
    "page-1853e666-6f83-432c-afc8-923ce8cf0fea.png",
    "page-4431f432-9e71-46d3-a5ea-4d705ad163a8.png",
    "page-7dfc88d8-6d95-446c-b910-2410e8552f76.png",
    "page-b21c7247-a843-4316-a44d-c3365077f077.png",
    "page-0c8b5994-685d-4b1b-816a-74f43aff8a53.png",
    "page-44a14308-9d3e-4044-9508-5c3e30141a19.png",
    "page-d43b98f8-6a96-44f8-a3cf-65de9397f582.png",
    "page-9bcba6da-bdb0-4403-97cb-8874898ac8ab.png",
    "page-39551bb3-1b65-4562-b258-1bc97898cdf9.png",
    "page-67013be9-58e5-4842-809d-7a3c1fc91fc7.png",
    "page-374e9c4b-6fdb-4176-8ac7-519b86d97e40.png",
    "page-49776237-a9be-441d-a326-002eb7084385.png"
  ],
  "layout_mask_guard": {
    "guard_version": 1,
    "behavior": "integer_bounding_rectangle_for_empty_scaled_mask_crop",
    "fallback_calls": 0,
    "fallback_regions": 0,
    "events": []
  },
  "layout_mask_guard_path": "/workspace/repos/paddle_ocr_vl_npu/tmp/09_persistent_page_engine/cleanup_streaming_49b3931/layout_mask_guard.json",
  "predictions_dir": "/workspace/repos/paddle_ocr_vl_npu/tmp/09_persistent_page_engine/cleanup_streaming_49b3931/predictions",
  "page_regions_jsonl": "/workspace/repos/paddle_ocr_vl_npu/tmp/09_persistent_page_engine/cleanup_streaming_49b3931/page_regions.jsonl",
  "timeline": {
    "enabled": true,
    "event_count": 23316,
    "trace_json": "/workspace/repos/paddle_ocr_vl_npu/tmp/09_persistent_page_engine/cleanup_streaming_49b3931/timeline_trace.json",
    "html": "/workspace/repos/paddle_ocr_vl_npu/tmp/09_persistent_page_engine/cleanup_streaming_49b3931/timeline.html",
    "additional_device_synchronization": false
  }
}
summary=/workspace/repos/paddle_ocr_vl_npu/tmp/09_persistent_page_engine/cleanup_streaming_49b3931/run_summary.json
