npu-status: no free NPU found
Selector found no free device; using user-authorized shared NPU 7
ninja: no work to do.
/workspace/repos/rwkv-cpu-reference/26_rwkv_inference/run_npu_embedding.py:56: UserWarning: Cannot create tensor with interal format while allow_internel_format=False, tensor will be created with base format. (Triggered internally at ../torch_npu/csrc/aten/common/TensorFactories.cpp:340.)
  delta = torch.cat((torch.zeros_like(z[:, :1]), z[:, :-1]), dim=1) - z
ROW_SPLIT_PREFLIGHT {"shape": [4, 144], "cpu_comparison": {"max_abs": 8.314847946166992e-05, "normalized_rmse": 0.0005018552765250206}, "split_vs_batched": {"max_abs": 8.579716086387634e-05, "normalized_rmse": 0.000496010878123343}}
PREFLIGHT_START NanoTouche2020Retrieval corpus 9329eedd-2019-04-18T14:04:54Z-00004-000 2064
PREFLIGHT {"task": "NanoTouche2020Retrieval", "role": "corpus", "id": "9329eedd-2019-04-18T14:04:54Z-00004-000", "shape": [1, 2064], "embedding": {"max_abs": 5.634129047393799e-05, "normalized_rmse": 0.0003888803184963763}, "cosine": 0.9999998807907104, "seconds": 30.210053590126336}
PREFLIGHT_START NanoTouche2020Retrieval corpus f9f87c6a-2019-04-19T12:44:53Z-00050-000 7936
PREFLIGHT {"task": "NanoTouche2020Retrieval", "role": "corpus", "id": "f9f87c6a-2019-04-19T12:44:53Z-00050-000", "shape": [1, 7936], "embedding": {"max_abs": 5.1919370889663696e-05, "normalized_rmse": 0.0003124361683148891}, "cosine": 1.0000003576278687, "seconds": 114.87532553030178}
PROGRESS {"task": "NanoArguAnaRetrieval", "group": "queries", "done": 4, "total": 50, "elapsed_seconds": 0.06729574967175722, "texts_per_second": 59.439117916219985, "estimated_remaining_seconds": 0.773901121225208}
PROGRESS {"task": "NanoArguAnaRetrieval", "group": "queries", "done": 50, "total": 50, "elapsed_seconds": 1.0794522897340357, "texts_per_second": 46.319786872951475, "estimated_remaining_seconds": 0.0}
PROGRESS {"task": "NanoArguAnaRetrieval", "group": "corpus", "done": 4, "total": 3635, "elapsed_seconds": 0.06013779994100332, "texts_per_second": 66.51390646023133, "estimated_remaining_seconds": 54.590087896445766}
PROGRESS {"task": "NanoArguAnaRetrieval", "group": "corpus", "done": 256, "total": 3635, "elapsed_seconds": 4.633500370196998, "texts_per_second": 55.249806743646786, "estimated_remaining_seconds": 61.15858496443616}
PROGRESS {"task": "NanoArguAnaRetrieval", "group": "corpus", "done": 512, "total": 3635, "elapsed_seconds": 8.946868350263685, "texts_per_second": 57.22672782872793, "estimated_remaining_seconds": 54.57240206615916}
PROGRESS {"task": "NanoArguAnaRetrieval", "group": "corpus", "done": 768, "total": 3635, "elapsed_seconds": 13.093580320011824, "texts_per_second": 58.654698045133806, "estimated_remaining_seconds": 48.87929007483581}
PROGRESS {"task": "NanoArguAnaRetrieval", "group": "corpus", "done": 1024, "total": 3635, "elapsed_seconds": 17.36436932021752, "texts_per_second": 58.971332682249844, "estimated_remaining_seconds": 44.27575028817182}
PROGRESS {"task": "NanoArguAnaRetrieval", "group": "corpus", "done": 1280, "total": 3635, "elapsed_seconds": 21.790940000209957, "texts_per_second": 58.740008461666505, "estimated_remaining_seconds": 40.09192476601129}
PROGRESS {"task": "NanoArguAnaRetrieval", "group": "corpus", "done": 1536, "total": 3635, "elapsed_seconds": 25.95181890996173, "texts_per_second": 59.18660288625854, "estimated_remaining_seconds": 35.46410670052713}
PROGRESS {"task": "NanoArguAnaRetrieval", "group": "corpus", "done": 1792, "total": 3635, "elapsed_seconds": 30.582651370204985, "texts_per_second": 58.59531203844047, "estimated_remaining_seconds": 31.453028167013276}
PROGRESS {"task": "NanoArguAnaRetrieval", "group": "corpus", "done": 2048, "total": 3635, "elapsed_seconds": 34.914856520015746, "texts_per_second": 58.656978837244736, "estimated_remaining_seconds": 27.05560414905517}
PROGRESS {"task": "NanoArguAnaRetrieval", "group": "corpus", "done": 2304, "total": 3635, "elapsed_seconds": 39.334917000029236, "texts_per_second": 58.57391284182162, "estimated_remaining_seconds": 22.723426444027307}
PROGRESS {"task": "NanoArguAnaRetrieval", "group": "corpus", "done": 2560, "total": 3635, "elapsed_seconds": 44.095416540279984, "texts_per_second": 58.055920566290794, "estimated_remaining_seconds": 18.516629992500384}
PROGRESS {"task": "NanoArguAnaRetrieval", "group": "corpus", "done": 2816, "total": 3635, "elapsed_seconds": 48.13810189021751, "texts_per_second": 58.49835970728749, "estimated_remaining_seconds": 14.000392559690392}
PROGRESS {"task": "NanoArguAnaRetrieval", "group": "corpus", "done": 3072, "total": 3635, "elapsed_seconds": 52.47018958022818, "texts_per_second": 58.54753002755666, "estimated_remaining_seconds": 9.616118728407704}
PROGRESS {"task": "NanoArguAnaRetrieval", "group": "corpus", "done": 3328, "total": 3635, "elapsed_seconds": 56.75246246019378, "texts_per_second": 58.64062730906631, "estimated_remaining_seconds": 5.235278237764271}
PROGRESS {"task": "NanoArguAnaRetrieval", "group": "corpus", "done": 3584, "total": 3635, "elapsed_seconds": 61.15063402010128, "texts_per_second": 58.609367792031016, "estimated_remaining_seconds": 0.8701680622280037}
PROGRESS {"task": "NanoArguAnaRetrieval", "group": "corpus", "done": 3635, "total": 3635, "elapsed_seconds": 61.990406250115484, "texts_per_second": 58.63810579549522, "estimated_remaining_seconds": 0.0}
TASK_RESULT {"task": "NanoArguAnaRetrieval", "ndcg_at_10": 55.982, "upstream_cpu_fp32": 55.982, "upstream_gpu_bf16": 55.989, "delta_cpu_points": 0.0, "delta_gpu_points": -0.006999999999997897, "wall_seconds": 64.00301195960492, "stages": {"queries": {"texts": 50, "wall_seconds": 1.0806079097092152, "forward_seconds": 1.0424908911809325}, "corpus": {"texts": 3635, "wall_seconds": 62.00684879021719, "forward_seconds": 60.18454181216657}}, "metric_crosscheck_passed": true, "artifacts": {"batch_timings.jsonl": {"sha256": "fe23ff8e10649cba5a3266455c82c566991bc84414ee8360eee8a6524d69bc68", "bytes": 256740}, "embeddings.npz": {"sha256": "00ae928e5dc16c3601f469e85d7fcfee46ea1b0c7a76e1271a14410cbadeb26d", "bytes": 10517341}, "ids.json": {"sha256": "7ca8d281dae52b4734336a7013d160f63369ef297edc0b5d00c01769e3972133", "bytes": 156836}, "per_query_scores.json": {"sha256": "b8944c384af96eb5f54fb633304dedf8ced85abc837883c164095710590e7f22", "bytes": 3718}, "top100.json": {"sha256": "92fc30560486d6433b3bbbd02e671a128dbc3b1af98b719226b4701537ad7f01", "bytes": 535474}}}
PROGRESS {"task": "NanoClimateFeverRetrieval", "group": "queries", "done": 4, "total": 50, "elapsed_seconds": 0.06548768002539873, "texts_per_second": 61.08019093741969, "estimated_remaining_seconds": 0.7531083202920854}
PROGRESS {"task": "NanoClimateFeverRetrieval", "group": "queries", "done": 50, "total": 50, "elapsed_seconds": 0.7704790402203798, "texts_per_second": 64.8946919901916, "estimated_remaining_seconds": 0.0}
PROGRESS {"task": "NanoClimateFeverRetrieval", "group": "corpus", "done": 4, "total": 3408, "elapsed_seconds": 0.060676789842545986, "texts_per_second": 65.92306564635096, "estimated_remaining_seconds": 51.635948156006634}
PROGRESS {"task": "NanoClimateFeverRetrieval", "group": "corpus", "done": 256, "total": 3408, "elapsed_seconds": 5.15685681020841, "texts_per_second": 49.642642683664896, "estimated_remaining_seconds": 63.49379947569105}
PROGRESS {"task": "NanoClimateFeverRetrieval", "group": "corpus", "done": 512, "total": 3408, "elapsed_seconds": 10.803467019926757, "texts_per_second": 47.3921935482033, "estimated_remaining_seconds": 61.10711033146072}
PROGRESS {"task": "NanoClimateFeverRetrieval", "group": "corpus", "done": 768, "total": 3408, "elapsed_seconds": 15.826437450014055, "texts_per_second": 48.52639783436025, "estimated_remaining_seconds": 54.40337873442331}
PROGRESS {"task": "NanoClimateFeverRetrieval", "group": "corpus", "done": 1024, "total": 3408, "elapsed_seconds": 21.030887229833752, "texts_per_second": 48.69029008663914, "estimated_remaining_seconds": 48.962534331956704}
PROGRESS {"task": "NanoClimateFeverRetrieval", "group": "corpus", "done": 1280, "total": 3408, "elapsed_seconds": 26.524615080095828, "texts_per_second": 48.25706220937837, "estimated_remaining_seconds": 44.09717257065931}
PROGRESS {"task": "NanoClimateFeverRetrieval", "group": "corpus", "done": 1536, "total": 3408, "elapsed_seconds": 31.98189536994323, "texts_per_second": 48.02717231835927, "estimated_remaining_seconds": 38.97793498211831}
PROGRESS {"task": "NanoClimateFeverRetrieval", "group": "corpus", "done": 1792, "total": 3408, "elapsed_seconds": 37.319921830203384, "texts_per_second": 48.017249557841154, "estimated_remaining_seconds": 33.65457236473698}
PROGRESS {"task": "NanoClimateFeverRetrieval", "group": "corpus", "done": 2048, "total": 3408, "elapsed_seconds": 42.82137644011527, "texts_per_second": 47.826580326395664, "estimated_remaining_seconds": 28.43607029226405}
PROGRESS {"task": "NanoClimateFeverRetrieval", "group": "corpus", "done": 2304, "total": 3408, "elapsed_seconds": 48.422833810094744, "texts_per_second": 47.58085842385547, "estimated_remaining_seconds": 23.202607867337065}
PROGRESS {"task": "NanoClimateFeverRetrieval", "group": "corpus", "done": 2560, "total": 3408, "elapsed_seconds": 53.88775038020685, "texts_per_second": 47.506158300130046, "estimated_remaining_seconds": 17.85031731344352}
PROGRESS {"task": "NanoClimateFeverRetrieval", "group": "corpus", "done": 2816, "total": 3408, "elapsed_seconds": 59.374413430225104, "texts_per_second": 47.42783696396887, "estimated_remaining_seconds": 12.482121005217778}
PROGRESS {"task": "NanoClimateFeverRetrieval", "group": "corpus", "done": 3072, "total": 3408, "elapsed_seconds": 64.78964897990227, "texts_per_second": 47.41498138001849, "estimated_remaining_seconds": 7.0863678571768105}
PROGRESS {"task": "NanoClimateFeverRetrieval", "group": "corpus", "done": 3328, "total": 3408, "elapsed_seconds": 70.05068635987118, "texts_per_second": 47.50845670380838, "estimated_remaining_seconds": 1.6839107298045957}
PROGRESS {"task": "NanoClimateFeverRetrieval", "group": "corpus", "done": 3408, "total": 3408, "elapsed_seconds": 71.74431819980964, "texts_per_second": 47.502019470150074, "estimated_remaining_seconds": 0.0}
TASK_RESULT {"task": "NanoClimateFeverRetrieval", "ndcg_at_10": 38.144, "upstream_cpu_fp32": 38.144, "upstream_gpu_bf16": 38.122, "delta_cpu_points": 0.0, "delta_gpu_points": 0.021999999999998465, "wall_seconds": 73.26893595978618, "stages": {"queries": {"texts": 50, "wall_seconds": 0.7714094403199852, "forward_seconds": 0.7498549097217619}, "corpus": {"texts": 3408, "wall_seconds": 71.75259501999244, "forward_seconds": 69.67295846669003}}, "metric_crosscheck_passed": true, "artifacts": {"batch_timings.jsonl": {"sha256": "19e9048859aa5da5eebec833d6c5bd38a2d9a9473cabc0a7c379b36a967e1a1c", "bytes": 186806}, "embeddings.npz": {"sha256": "408aa5a63e09bddf741f5fda5ce7dde107e2ce79235ee0ffbf5b2bca148437d9", "bytes": 9872993}, "ids.json": {"sha256": "35c92dbf9dd597077dfb5594ec5f2d825391d3f15e6eb1f414dbf4c90b0b61e9", "bytes": 92999}, "per_query_scores.json": {"sha256": "8c4b10adcfc0262d000b4b76c869b4d810058591c2c59172a8d5889d12dbfdbe", "bytes": 2494}, "top100.json": {"sha256": "9f224e0db49e17b388bf66d5e1d8fe4370ba3b3ef0bcba4f7ae1aec069e28184", "bytes": 480349}}}
PROGRESS {"task": "NanoDBPediaRetrieval", "group": "queries", "done": 4, "total": 50, "elapsed_seconds": 0.05303170997649431, "texts_per_second": 75.4265702873423, "estimated_remaining_seconds": 0.6098646647296846}
PROGRESS {"task": "NanoDBPediaRetrieval", "group": "queries", "done": 50, "total": 50, "elapsed_seconds": 0.6358488397672772, "texts_per_second": 78.63504165282454, "estimated_remaining_seconds": 0.0}
PROGRESS {"task": "NanoDBPediaRetrieval", "group": "corpus", "done": 4, "total": 6045, "elapsed_seconds": 0.048645100090652704, "texts_per_second": 82.22822016083407, "estimated_remaining_seconds": 73.46626241190825}
PROGRESS {"task": "NanoDBPediaRetrieval", "group": "corpus", "done": 256, "total": 6045, "elapsed_seconds": 3.234738899860531, "texts_per_second": 79.14085430853096, "estimated_remaining_seconds": 73.14806051286178}
PROGRESS {"task": "NanoDBPediaRetrieval", "group": "corpus", "done": 512, "total": 6045, "elapsed_seconds": 6.842858999967575, "texts_per_second": 74.82252666647466, "estimated_remaining_seconds": 73.94831806019647}
PROGRESS {"task": "NanoDBPediaRetrieval", "group": "corpus", "done": 768, "total": 6045, "elapsed_seconds": 10.469667199999094, "texts_per_second": 73.35476718878576, "estimated_remaining_seconds": 71.93806486249377}
PROGRESS {"task": "NanoDBPediaRetrieval", "group": "corpus", "done": 1024, "total": 6045, "elapsed_seconds": 14.036285989917815, "texts_per_second": 72.95377144178549, "estimated_remaining_seconds": 68.82440620642319}
PROGRESS {"task": "NanoDBPediaRetrieval", "group": "corpus", "done": 1280, "total": 6045, "elapsed_seconds": 17.592733739875257, "texts_per_second": 72.75731099702735, "estimated_remaining_seconds": 65.4917002113325}
PROGRESS {"task": "NanoDBPediaRetrieval", "group": "corpus", "done": 1536, "total": 6045, "elapsed_seconds": 21.168512240052223, "texts_per_second": 72.56060239763976, "estimated_remaining_seconds": 62.141159954684554}
PROGRESS {"task": "NanoDBPediaRetrieval", "group": "corpus", "done": 1792, "total": 6045, "elapsed_seconds": 24.74400090985, "texts_per_second": 72.42159449188539, "estimated_remaining_seconds": 58.72557805222771}
PROGRESS {"task": "NanoDBPediaRetrieval", "group": "corpus", "done": 2048, "total": 6045, "elapsed_seconds": 28.21395768970251, "texts_per_second": 72.58818569602789, "estimated_remaining_seconds": 55.06405707311569}
PROGRESS {"task": "NanoDBPediaRetrieval", "group": "corpus", "done": 2304, "total": 6045, "elapsed_seconds": 31.791683919727802, "texts_per_second": 72.4717824264191, "estimated_remaining_seconds": 51.6200909477872}
PROGRESS {"task": "NanoDBPediaRetrieval", "group": "corpus", "done": 2560, "total": 6045, "elapsed_seconds": 35.29861846007407, "texts_per_second": 72.52408484189237, "estimated_remaining_seconds": 48.05300208334302}
PROGRESS {"task": "NanoDBPediaRetrieval", "group": "corpus", "done": 2816, "total": 6045, "elapsed_seconds": 38.87945608003065, "texts_per_second": 72.42899679983846, "estimated_remaining_seconds": 44.5815922167681}
PROGRESS {"task": "NanoDBPediaRetrieval", "group": "corpus", "done": 3072, "total": 6045, "elapsed_seconds": 42.465641509741545, "texts_per_second": 72.34083580946937, "estimated_remaining_seconds": 41.097119859525264}
PROGRESS {"task": "NanoDBPediaRetrieval", "group": "corpus", "done": 3328, "total": 6045, "elapsed_seconds": 46.05244422983378, "texts_per_second": 72.26543684393735, "estimated_remaining_seconds": 37.597503297012736}
PROGRESS {"task": "NanoDBPediaRetrieval", "group": "corpus", "done": 3584, "total": 6045, "elapsed_seconds": 49.6451670397073, "texts_per_second": 72.1923243229988, "estimated_remaining_seconds": 34.089496675424016}
PROGRESS {"task": "NanoDBPediaRetrieval", "group": "corpus", "done": 3840, "total": 6045, "elapsed_seconds": 53.23831716971472, "texts_per_second": 72.12850075179371, "estimated_remaining_seconds": 30.570439937297124}
PROGRESS {"task": "NanoDBPediaRetrieval", "group": "corpus", "done": 4096, "total": 6045, "elapsed_seconds": 56.734974229708314, "texts_per_second": 72.19532670299863, "estimated_remaining_seconds": 26.99620722014197}
PROGRESS {"task": "NanoDBPediaRetrieval", "group": "corpus", "done": 4352, "total": 6045, "elapsed_seconds": 59.933199340011925, "texts_per_second": 72.61417791682226, "estimated_remaining_seconds": 23.315006085165486}
PROGRESS {"task": "NanoDBPediaRetrieval", "group": "corpus", "done": 4608, "total": 6045, "elapsed_seconds": 63.523358849808574, "texts_per_second": 72.54024477664858, "estimated_remaining_seconds": 19.809693287147336}
PROGRESS {"task": "NanoDBPediaRetrieval", "group": "corpus", "done": 4864, "total": 6045, "elapsed_seconds": 67.08818635996431, "texts_per_second": 72.50158729738223, "estimated_remaining_seconds": 16.289298538469954}
PROGRESS {"task": "NanoDBPediaRetrieval", "group": "corpus", "done": 5120, "total": 6045, "elapsed_seconds": 70.67847706004977, "texts_per_second": 72.4407233003896, "estimated_remaining_seconds": 12.769060796981648}
PROGRESS {"task": "NanoDBPediaRetrieval", "group": "corpus", "done": 5376, "total": 6045, "elapsed_seconds": 74.25559933995828, "texts_per_second": 72.39858068328967, "estimated_remaining_seconds": 9.240512641077398}
PROGRESS {"task": "NanoDBPediaRetrieval", "group": "corpus", "done": 5632, "total": 6045, "elapsed_seconds": 77.89224979002029, "texts_per_second": 72.30501128395426, "estimated_remaining_seconds": 5.711913913934371}
PROGRESS {"task": "NanoDBPediaRetrieval", "group": "corpus", "done": 5888, "total": 6045, "elapsed_seconds": 81.40850435988978, "texts_per_second": 72.32659592872997, "estimated_remaining_seconds": 2.1707091006288546}
PROGRESS {"task": "NanoDBPediaRetrieval", "group": "corpus", "done": 6045, "total": 6045, "elapsed_seconds": 83.64536749012768, "texts_per_second": 72.26939376784334, "estimated_remaining_seconds": 0.0}
TASK_RESULT {"task": "NanoDBPediaRetrieval", "ndcg_at_10": 54.551, "upstream_cpu_fp32": 54.678, "upstream_gpu_bf16": 54.789, "delta_cpu_points": -0.12699999999999534, "delta_gpu_points": -0.23799999999999955, "wall_seconds": 85.65383093990386, "stages": {"queries": {"texts": 50, "wall_seconds": 0.6365621797740459, "forward_seconds": 0.6203774204477668}, "corpus": {"texts": 6045, "wall_seconds": 83.65877649001777, "forward_seconds": 81.47998216096312}}, "metric_crosscheck_passed": true, "artifacts": {"batch_timings.jsonl": {"sha256": "eceafc6b42d8ba4abf2781efe8d91980a272aeb2a41db0c43cfafa7ff179f1be", "bytes": 403709}, "embeddings.npz": {"sha256": "5b83ea7e26194392a3293af74b0a676d12606ae52d406fdbbf77718234cd666f", "bytes": 17385121}, "ids.json": {"sha256": "9df3f5ebd0de9f95a264aaf295fbb0f914082fd6e8fef1524adcd8a9ddc4a6f5", "bytes": 238952}, "per_query_scores.json": {"sha256": "1b69d50c116b60b8b1ed55fc90021a2cfa937581fa43f17d1669f9fe70fce784", "bytes": 3119}, "top100.json": {"sha256": "28e2681f5950c5e2500aadac7336ba6a17ff0d0fda3cbbd15162fe4c6dfb8032", "bytes": 525360}}}
PROGRESS {"task": "NanoFEVERRetrieval", "group": "queries", "done": 4, "total": 50, "elapsed_seconds": 0.05034816963598132, "texts_per_second": 79.44678086453017, "estimated_remaining_seconds": 0.5790039508137852}
PROGRESS {"task": "NanoFEVERRetrieval", "group": "queries", "done": 50, "total": 50, "elapsed_seconds": 0.6313692396506667, "texts_per_second": 79.19296167748803, "estimated_remaining_seconds": 0.0}
PROGRESS {"task": "NanoFEVERRetrieval", "group": "corpus", "done": 4, "total": 4996, "elapsed_seconds": 0.06304087024182081, "texts_per_second": 63.45090073560615, "estimated_remaining_seconds": 78.67500606179237}
PROGRESS {"task": "NanoFEVERRetrieval", "group": "corpus", "done": 256, "total": 4996, "elapsed_seconds": 5.054526220075786, "texts_per_second": 50.64767474807196, "estimated_remaining_seconds": 93.58771204359073}
PROGRESS {"task": "NanoFEVERRetrieval", "group": "corpus", "done": 512, "total": 4996, "elapsed_seconds": 10.189978499896824, "texts_per_second": 50.24544458118181, "estimated_remaining_seconds": 89.24192108112766}
PROGRESS {"task": "NanoFEVERRetrieval", "group": "corpus", "done": 768, "total": 4996, "elapsed_seconds": 15.109443040098995, "texts_per_second": 50.82914029073094, "estimated_remaining_seconds": 83.18063173637832}
PROGRESS {"task": "NanoFEVERRetrieval", "group": "corpus", "done": 1024, "total": 4996, "elapsed_seconds": 19.993969149887562, "texts_per_second": 51.21544363319969, "estimated_remaining_seconds": 77.55473189780605}
PROGRESS {"task": "NanoFEVERRetrieval", "group": "corpus", "done": 1280, "total": 4996, "elapsed_seconds": 25.08388601988554, "texts_per_second": 51.02877596339201, "estimated_remaining_seconds": 72.82165660148021}
PROGRESS {"task": "NanoFEVERRetrieval", "group": "corpus", "done": 1536, "total": 4996, "elapsed_seconds": 30.149888679850847, "texts_per_second": 50.94546173321389, "estimated_remaining_seconds": 67.91576486476818}
PROGRESS {"task": "NanoFEVERRetrieval", "group": "corpus", "done": 1792, "total": 4996, "elapsed_seconds": 35.41735289990902, "texts_per_second": 50.59666669793957, "estimated_remaining_seconds": 63.32432962684626}
PROGRESS {"task": "NanoFEVERRetrieval", "group": "corpus", "done": 2048, "total": 4996, "elapsed_seconds": 40.44864453980699, "texts_per_second": 50.63210456865837, "estimated_remaining_seconds": 58.22392778483936}
PROGRESS {"task": "NanoFEVERRetrieval", "group": "corpus", "done": 2304, "total": 4996, "elapsed_seconds": 45.56365909008309, "texts_per_second": 50.5666148419907, "estimated_remaining_seconds": 53.23670584657278}
PROGRESS {"task": "NanoFEVERRetrieval", "group": "corpus", "done": 2560, "total": 4996, "elapsed_seconds": 50.849157030228525, "texts_per_second": 50.34498405702469, "estimated_remaining_seconds": 48.38615098657683}
PROGRESS {"task": "NanoFEVERRetrieval", "group": "corpus", "done": 2816, "total": 4996, "elapsed_seconds": 55.6797244399786, "texts_per_second": 50.57496293889852, "estimated_remaining_seconds": 43.10433213038116}
PROGRESS {"task": "NanoFEVERRetrieval", "group": "corpus", "done": 3072, "total": 4996, "elapsed_seconds": 60.87568166013807, "texts_per_second": 50.46350063315303, "estimated_remaining_seconds": 38.12656624808127}
PROGRESS {"task": "NanoFEVERRetrieval", "group": "corpus", "done": 3328, "total": 4996, "elapsed_seconds": 65.82296684011817, "texts_per_second": 50.559860178949435, "estimated_remaining_seconds": 32.990597562895765}
PROGRESS {"task": "NanoFEVERRetrieval", "group": "corpus", "done": 3584, "total": 4996, "elapsed_seconds": 70.6805903702043, "texts_per_second": 50.70699015427084, "estimated_remaining_seconds": 27.846259375761292}
PROGRESS {"task": "NanoFEVERRetrieval", "group": "corpus", "done": 3840, "total": 4996, "elapsed_seconds": 75.86274466011673, "texts_per_second": 50.617730971956256, "estimated_remaining_seconds": 22.837847090389307}
PROGRESS {"task": "NanoFEVERRetrieval", "group": "corpus", "done": 4096, "total": 4996, "elapsed_seconds": 81.11439293017611, "texts_per_second": 50.49658700553758, "estimated_remaining_seconds": 17.8229867278219}
PROGRESS {"task": "NanoFEVERRetrieval", "group": "corpus", "done": 4352, "total": 4996, "elapsed_seconds": 86.1966111198999, "texts_per_second": 50.48922392025769, "estimated_remaining_seconds": 12.755197049911658}
PROGRESS {"task": "NanoFEVERRetrieval", "group": "corpus", "done": 4608, "total": 4996, "elapsed_seconds": 91.42097492003813, "texts_per_second": 50.40418792329017, "estimated_remaining_seconds": 7.697773061843488}
PROGRESS {"task": "NanoFEVERRetrieval", "group": "corpus", "done": 4864, "total": 4996, "elapsed_seconds": 96.33194983005524, "texts_per_second": 50.49207462924672, "estimated_remaining_seconds": 2.614271664795907}
PROGRESS {"task": "NanoFEVERRetrieval", "group": "corpus", "done": 4996, "total": 4996, "elapsed_seconds": 98.9260077001527, "texts_per_second": 50.502391799161714, "estimated_remaining_seconds": 0.0}
TASK_RESULT {"task": "NanoFEVERRetrieval", "ndcg_at_10": 86.41799999999999, "upstream_cpu_fp32": 86.418, "upstream_gpu_bf16": 86.418, "delta_cpu_points": -1.4210854715202004e-14, "delta_gpu_points": -1.4210854715202004e-14, "wall_seconds": 100.5976885301061, "stages": {"queries": {"texts": 50, "wall_seconds": 0.6320955799892545, "forward_seconds": 0.6161221205256879}, "corpus": {"texts": 4996, "wall_seconds": 98.93600253015757, "forward_seconds": 96.24077493930236}}, "metric_crosscheck_passed": true, "artifacts": {"batch_timings.jsonl": {"sha256": "a512a07abd425595a088ef8f9cb90bf71e53480d8f66effc5b48d1996ec4212a", "bytes": 276843}, "embeddings.npz": {"sha256": "ef4ec2fbe7c269fcc432247946568bc22d8745e9bf4ede666b64daf21ceedaac", "bytes": 14409189}, "ids.json": {"sha256": "2bed06dc5f425459126eb579e245575cd8838d86c3544582608dbe79232d836c", "bytes": 139866}, "per_query_scores.json": {"sha256": "b61a52890fef1ba3dde3351d881855ceac3e978c3c8e8397adfc1f651d17335f", "bytes": 2277}, "top100.json": {"sha256": "128e321ac6b5b4252c285c9dd055c6ad61629468b49b835a2e112e3ee5657cbe", "bytes": 461311}}}
PROGRESS {"task": "NanoFiQA2018Retrieval", "group": "queries", "done": 4, "total": 50, "elapsed_seconds": 0.0507068601436913, "texts_per_second": 78.88478972401253, "estimated_remaining_seconds": 0.58312889165245}
PROGRESS {"task": "NanoFiQA2018Retrieval", "group": "queries", "done": 50, "total": 50, "elapsed_seconds": 0.6295627900399268, "texts_per_second": 79.42019571523439, "estimated_remaining_seconds": 0.0}
PROGRESS {"task": "NanoFiQA2018Retrieval", "group": "corpus", "done": 4, "total": 4598, "elapsed_seconds": 0.04869691003113985, "texts_per_second": 82.14073536579939, "estimated_remaining_seconds": 55.92840117076412}
PROGRESS {"task": "NanoFiQA2018Retrieval", "group": "corpus", "done": 256, "total": 4598, "elapsed_seconds": 4.399048869963735, "texts_per_second": 58.194397827208135, "estimated_remaining_seconds": 74.61199294290054}
PROGRESS {"task": "NanoFiQA2018Retrieval", "group": "corpus", "done": 512, "total": 4598, "elapsed_seconds": 8.85918996995315, "texts_per_second": 57.793094147038325, "estimated_remaining_seconds": 70.70048870552455}
PROGRESS {"task": "NanoFiQA2018Retrieval", "group": "corpus", "done": 768, "total": 4598, "elapsed_seconds": 13.450708550401032, "texts_per_second": 57.097363839401766, "estimated_remaining_seconds": 67.07840331775515}
PROGRESS {"task": "NanoFiQA2018Retrieval", "group": "corpus", "done": 1024, "total": 4598, "elapsed_seconds": 18.02528569009155, "texts_per_second": 56.809085725775205, "estimated_remaining_seconds": 62.912471734753126}
PROGRESS {"task": "NanoFiQA2018Retrieval", "group": "corpus", "done": 1280, "total": 4598, "elapsed_seconds": 22.388077380135655, "texts_per_second": 57.17328818667162, "estimated_remaining_seconds": 58.03409433382039}
PROGRESS {"task": "NanoFiQA2018Retrieval", "group": "corpus", "done": 1536, "total": 4598, "elapsed_seconds": 27.02856268035248, "texts_per_second": 56.828771036224744, "estimated_remaining_seconds": 53.88115815575475}
PROGRESS {"task": "NanoFiQA2018Retrieval", "group": "corpus", "done": 1792, "total": 4598, "elapsed_seconds": 31.460042090155184, "texts_per_second": 56.96114438959292, "estimated_remaining_seconds": 49.261650728222904}
PROGRESS {"task": "NanoFiQA2018Retrieval", "group": "corpus", "done": 2048, "total": 4598, "elapsed_seconds": 36.13297538040206, "texts_per_second": 56.67952828237893, "estimated_remaining_seconds": 44.98978868165295}
PROGRESS {"task": "NanoFiQA2018Retrieval", "group": "corpus", "done": 2304, "total": 4598, "elapsed_seconds": 41.08213692996651, "texts_per_second": 56.08276911027467, "estimated_remaining_seconds": 40.90382904398575}
PROGRESS {"task": "NanoFiQA2018Retrieval", "group": "corpus", "done": 2560, "total": 4598, "elapsed_seconds": 45.58696277998388, "texts_per_second": 56.15640621541985, "estimated_remaining_seconds": 36.29149615062779}
PROGRESS {"task": "NanoFiQA2018Retrieval", "group": "corpus", "done": 2816, "total": 4598, "elapsed_seconds": 50.33549089031294, "texts_per_second": 55.94462178061204, "estimated_remaining_seconds": 31.852927829026157}
PROGRESS {"task": "NanoFiQA2018Retrieval", "group": "corpus", "done": 3072, "total": 4598, "elapsed_seconds": 55.02180512016639, "texts_per_second": 55.832410319705446, "estimated_remaining_seconds": 27.33179512154099}
PROGRESS {"task": "NanoFiQA2018Retrieval", "group": "corpus", "done": 3328, "total": 4598, "elapsed_seconds": 59.70242287032306, "texts_per_second": 55.743131350441146, "estimated_remaining_seconds": 22.783076035249486}
PROGRESS {"task": "NanoFiQA2018Retrieval", "group": "corpus", "done": 3584, "total": 4598, "elapsed_seconds": 64.11696215020493, "texts_per_second": 55.8978448106114, "estimated_remaining_seconds": 18.140234269059096}
PROGRESS {"task": "NanoFiQA2018Retrieval", "group": "corpus", "done": 3840, "total": 4598, "elapsed_seconds": 68.42603342002258, "texts_per_second": 56.11899167716995, "estimated_remaining_seconds": 13.507013888639873}
PROGRESS {"task": "NanoFiQA2018Retrieval", "group": "corpus", "done": 4096, "total": 4598, "elapsed_seconds": 72.98710109014064, "texts_per_second": 56.11950521149418, "estimated_remaining_seconds": 8.945196471496729}
PROGRESS {"task": "NanoFiQA2018Retrieval", "group": "corpus", "done": 4352, "total": 4598, "elapsed_seconds": 77.54961991030723, "texts_per_second": 56.11890819108412, "estimated_remaining_seconds": 4.383549287209462}
PROGRESS {"task": "NanoFiQA2018Retrieval", "group": "corpus", "done": 4598, "total": 4598, "elapsed_seconds": 81.92719905031845, "texts_per_second": 56.122997652781685, "estimated_remaining_seconds": 0.0}
TASK_RESULT {"task": "NanoFiQA2018Retrieval", "ndcg_at_10": 50.029, "upstream_cpu_fp32": 50.029, "upstream_gpu_bf16": 49.767, "delta_cpu_points": 0.0, "delta_gpu_points": 0.26200000000000045, "wall_seconds": 83.56655971007422, "stages": {"queries": {"texts": 50, "wall_seconds": 0.6302540302276611, "forward_seconds": 0.614092699252069}, "corpus": {"texts": 4598, "wall_seconds": 81.93703670008108, "forward_seconds": 79.81015384476632}}, "metric_crosscheck_passed": true, "artifacts": {"batch_timings.jsonl": {"sha256": "7fc117a8b3e18cfc530419511710f1a7ccd51b4f4cd5cbbfe8dcb8074d95ab3e", "bytes": 190146}, "embeddings.npz": {"sha256": "c1e484df16369e6e668313442930832a7795024f23156c4654f61d56c053e5ad", "bytes": 13265305}, "ids.json": {"sha256": "a05f07ed700a0c87e3adb6d05890f1321e8d69fa0687410366ea1a844dbde287", "bytes": 64109}, "per_query_scores.json": {"sha256": "387049ba1ff9028855a4c421b1c8b8244ef9c279751858c3b2e3c3ac0f2b5103", "bytes": 2352}, "top100.json": {"sha256": "8f8e59b0c3d45f1f313437f6285cd4e7011010fd56af14bc86bd825c16836abd", "bytes": 391451}}}
PROGRESS {"task": "NanoHotpotQARetrieval", "group": "queries", "done": 4, "total": 50, "elapsed_seconds": 0.05020853038877249, "texts_per_second": 79.66773711613098, "estimated_remaining_seconds": 0.5773980994708836}
PROGRESS {"task": "NanoHotpotQARetrieval", "group": "queries", "done": 50, "total": 50, "elapsed_seconds": 0.6871401802636683, "texts_per_second": 72.76535623461007, "estimated_remaining_seconds": 0.0}
PROGRESS {"task": "NanoHotpotQARetrieval", "group": "corpus", "done": 4, "total": 5090, "elapsed_seconds": 0.05960561987012625, "texts_per_second": 67.107766158888, "estimated_remaining_seconds": 75.78854566486552}
PROGRESS {"task": "NanoHotpotQARetrieval", "group": "corpus", "done": 256, "total": 5090, "elapsed_seconds": 3.8131989003159106, "texts_per_second": 67.13523387903822, "estimated_remaining_seconds": 72.00391985987153}
PROGRESS {"task": "NanoHotpotQARetrieval", "group": "corpus", "done": 512, "total": 5090, "elapsed_seconds": 7.371556890197098, "texts_per_second": 69.45615527716701, "estimated_remaining_seconds": 65.9120848502389}
PROGRESS {"task": "NanoHotpotQARetrieval", "group": "corpus", "done": 768, "total": 5090, "elapsed_seconds": 11.011341680306941, "texts_per_second": 69.74626910120475, "estimated_remaining_seconds": 61.96747232068568}
PROGRESS {"task": "NanoHotpotQARetrieval", "group": "corpus", "done": 1024, "total": 5090, "elapsed_seconds": 14.289873289875686, "texts_per_second": 71.65913785432231, "estimated_remaining_seconds": 56.74084452796342}
PROGRESS {"task": "NanoHotpotQARetrieval", "group": "corpus", "done": 1280, "total": 5090, "elapsed_seconds": 17.730574530083686, "texts_per_second": 72.19168210416466, "estimated_remaining_seconds": 52.77616324970222}
PROGRESS {"task": "NanoHotpotQARetrieval", "group": "corpus", "done": 1536, "total": 5090, "elapsed_seconds": 21.30097342003137, "texts_per_second": 72.10938062368317, "estimated_remaining_seconds": 49.28623667629654}
PROGRESS {"task": "NanoHotpotQARetrieval", "group": "corpus", "done": 1792, "total": 5090, "elapsed_seconds": 25.046511040069163, "texts_per_second": 71.54689118708693, "estimated_remaining_seconds": 46.09564364405586}
PROGRESS {"task": "NanoHotpotQARetrieval", "group": "corpus", "done": 2048, "total": 5090, "elapsed_seconds": 28.735226130113006, "texts_per_second": 71.27140711288169, "estimated_remaining_seconds": 42.68191303115418}
PROGRESS {"task": "NanoHotpotQARetrieval", "group": "corpus", "done": 2304, "total": 5090, "elapsed_seconds": 32.51794773014262, "texts_per_second": 70.85317988454416, "estimated_remaining_seconds": 39.32074755910475}
PROGRESS {"task": "NanoHotpotQARetrieval", "group": "corpus", "done": 2560, "total": 5090, "elapsed_seconds": 36.12160838022828, "texts_per_second": 70.8717057405798, "estimated_remaining_seconds": 35.69830828202248}
PROGRESS {"task": "NanoHotpotQARetrieval", "group": "corpus", "done": 2816, "total": 5090, "elapsed_seconds": 39.41170848021284, "texts_per_second": 71.45084820197047, "estimated_remaining_seconds": 31.826074248580962}
PROGRESS {"task": "NanoHotpotQARetrieval", "group": "corpus", "done": 3072, "total": 5090, "elapsed_seconds": 42.878197730053216, "texts_per_second": 71.64480231515988, "estimated_remaining_seconds": 28.16673275366126}
PROGRESS {"task": "NanoHotpotQARetrieval", "group": "corpus", "done": 3328, "total": 5090, "elapsed_seconds": 46.265744240023196, "texts_per_second": 71.93226986114362, "estimated_remaining_seconds": 24.495264829002664}
PROGRESS {"task": "NanoHotpotQARetrieval", "group": "corpus", "done": 3584, "total": 5090, "elapsed_seconds": 49.96289463015273, "texts_per_second": 71.73323376338261, "estimated_remaining_seconds": 20.994452933317525}
PROGRESS {"task": "NanoHotpotQARetrieval", "group": "corpus", "done": 3840, "total": 5090, "elapsed_seconds": 53.42291878024116, "texts_per_second": 71.879262452808, "estimated_remaining_seconds": 17.390273040443088}
PROGRESS {"task": "NanoHotpotQARetrieval", "group": "corpus", "done": 4096, "total": 5090, "elapsed_seconds": 56.77123006992042, "texts_per_second": 72.14922056392466, "estimated_remaining_seconds": 13.77700260974143}
PROGRESS {"task": "NanoHotpotQARetrieval", "group": "corpus", "done": 4352, "total": 5090, "elapsed_seconds": 60.17243860010058, "texts_per_second": 72.32547161538382, "estimated_remaining_seconds": 10.203874008932496}
PROGRESS {"task": "NanoHotpotQARetrieval", "group": "corpus", "done": 4608, "total": 5090, "elapsed_seconds": 63.757537530269474, "texts_per_second": 72.27380759196213, "estimated_remaining_seconds": 6.669082701733917}
PROGRESS {"task": "NanoHotpotQARetrieval", "group": "corpus", "done": 4864, "total": 5090, "elapsed_seconds": 67.0574916601181, "texts_per_second": 72.53477396162171, "estimated_remaining_seconds": 3.1157469397998954}
PROGRESS {"task": "NanoHotpotQARetrieval", "group": "corpus", "done": 5090, "total": 5090, "elapsed_seconds": 70.12482092995197, "texts_per_second": 72.5848555832239, "estimated_remaining_seconds": 0.0}
TASK_RESULT {"task": "NanoHotpotQARetrieval", "ndcg_at_10": 71.78999999999999, "upstream_cpu_fp32": 71.79, "upstream_gpu_bf16": 71.827, "delta_cpu_points": -1.4210854715202004e-14, "delta_gpu_points": -0.03700000000000614, "wall_seconds": 71.87533046025783, "stages": {"queries": {"texts": 50, "wall_seconds": 0.6880741403438151, "forward_seconds": 0.6675009205937386}, "corpus": {"texts": 5090, "wall_seconds": 70.13495757011697, "forward_seconds": 68.31130355084315}}, "metric_crosscheck_passed": true, "artifacts": {"batch_timings.jsonl": {"sha256": "c8fe1fdb8666d92cad4f7c5802c2934e3894bdf0b3b419a07ff338b34540fa88", "bytes": 219660}, "embeddings.npz": {"sha256": "30d55c63424cd9009fc62c8934a3a582c23425947aff09fc24d8ce9705ae401f", "bytes": 14680634}, "ids.json": {"sha256": "7f9ce3e2377f0cf10b0474bf57fc61eb6da74f8687e486603d62fbfb8e0ac93c", "bytes": 80720}, "per_query_scores.json": {"sha256": "94f850419165e06e949a0fe7d52eb85d4a2f64bf7b066f4ade4ae1c93d0e347a", "bytes": 3477}, "top100.json": {"sha256": "c7337499ba33a15041f329f5afe3be493735620dbcf7e1855fca96f22aaffa93", "bytes": 401278}}}
PROGRESS {"task": "NanoMSMARCORetrieval", "group": "queries", "done": 4, "total": 50, "elapsed_seconds": 0.04986331984400749, "texts_per_second": 80.21928769511553, "estimated_remaining_seconds": 0.5734281782060862}
PROGRESS {"task": "NanoMSMARCORetrieval", "group": "queries", "done": 50, "total": 50, "elapsed_seconds": 0.6279031098820269, "texts_per_second": 79.63012001866691, "estimated_remaining_seconds": 0.0}
PROGRESS {"task": "NanoMSMARCORetrieval", "group": "corpus", "done": 4, "total": 5043, "elapsed_seconds": 0.04808434005826712, "texts_per_second": 83.18716644863845, "estimated_remaining_seconds": 60.574247388402}
PROGRESS {"task": "NanoMSMARCORetrieval", "group": "corpus", "done": 256, "total": 5043, "elapsed_seconds": 3.3459938201121986, "texts_per_second": 76.50940610267348, "estimated_remaining_seconds": 62.56747037842615}
PROGRESS {"task": "NanoMSMARCORetrieval", "group": "corpus", "done": 512, "total": 5043, "elapsed_seconds": 7.028969849925488, "texts_per_second": 72.84139937026868, "estimated_remaining_seconds": 62.203637480492944}
PROGRESS {"task": "NanoMSMARCORetrieval", "group": "corpus", "done": 768, "total": 5043, "elapsed_seconds": 10.705173879861832, "texts_per_second": 71.7410112735051, "estimated_remaining_seconds": 59.58934679219965}
PROGRESS {"task": "NanoMSMARCORetrieval", "group": "corpus", "done": 1024, "total": 5043, "elapsed_seconds": 14.373755029868335, "texts_per_second": 71.24095254664849, "estimated_remaining_seconds": 56.41418111820394}
PROGRESS {"task": "NanoMSMARCORetrieval", "group": "corpus", "done": 1280, "total": 5043, "elapsed_seconds": 18.015473790001124, "texts_per_second": 71.05003259533594, "estimated_remaining_seconds": 52.96267802482362}
PROGRESS {"task": "NanoMSMARCORetrieval", "group": "corpus", "done": 1536, "total": 5043, "elapsed_seconds": 21.471158610191196, "texts_per_second": 71.53782559600413, "estimated_remaining_seconds": 49.023016436159196}
PROGRESS {"task": "NanoMSMARCORetrieval", "group": "corpus", "done": 1792, "total": 5043, "elapsed_seconds": 25.063996329903603, "texts_per_second": 71.49697823175879, "estimated_remaining_seconds": 45.470453163234716}
PROGRESS {"task": "NanoMSMARCORetrieval", "group": "corpus", "done": 2048, "total": 5043, "elapsed_seconds": 28.736803350038826, "texts_per_second": 71.26749538052682, "estimated_remaining_seconds": 42.02476857097963}
PROGRESS {"task": "NanoMSMARCORetrieval", "group": "corpus", "done": 2304, "total": 5043, "elapsed_seconds": 32.42888747015968, "texts_per_second": 71.0477657341803, "estimated_remaining_seconds": 38.55152898470806}
PROGRESS {"task": "NanoMSMARCORetrieval", "group": "corpus", "done": 2560, "total": 5043, "elapsed_seconds": 36.052830799948424, "texts_per_second": 71.00690689740962, "estimated_remaining_seconds": 34.96842924854373}
PROGRESS {"task": "NanoMSMARCORetrieval", "group": "corpus", "done": 2816, "total": 5043, "elapsed_seconds": 39.62367036007345, "texts_per_second": 71.06863080603269, "estimated_remaining_seconds": 31.335906921833654}
PROGRESS {"task": "NanoMSMARCORetrieval", "group": "corpus", "done": 3072, "total": 5043, "elapsed_seconds": 43.136638990137726, "texts_per_second": 71.21556226720277, "estimated_remaining_seconds": 27.676534977070787}
PROGRESS {"task": "NanoMSMARCORetrieval", "group": "corpus", "done": 3328, "total": 5043, "elapsed_seconds": 46.500389359891415, "texts_per_second": 71.56929319973702, "estimated_remaining_seconds": 23.96279079092962}
PROGRESS {"task": "NanoMSMARCORetrieval", "group": "corpus", "done": 3584, "total": 5043, "elapsed_seconds": 49.987971410155296, "texts_per_second": 71.69724833586451, "estimated_remaining_seconds": 20.349455995372928}
PROGRESS {"task": "NanoMSMARCORetrieval", "group": "corpus", "done": 3840, "total": 5043, "elapsed_seconds": 53.6520179300569, "texts_per_second": 71.57233125892843, "estimated_remaining_seconds": 16.80817124215064}
PROGRESS {"task": "NanoMSMARCORetrieval", "group": "corpus", "done": 4096, "total": 5043, "elapsed_seconds": 57.317686379887164, "texts_per_second": 71.46136312712878, "estimated_remaining_seconds": 13.251916260193639}
PROGRESS {"task": "NanoMSMARCORetrieval", "group": "corpus", "done": 4352, "total": 5043, "elapsed_seconds": 60.950894969981164, "texts_per_second": 71.4017407315085, "estimated_remaining_seconds": 9.677635207779637}
PROGRESS {"task": "NanoMSMARCORetrieval", "group": "corpus", "done": 4608, "total": 5043, "elapsed_seconds": 64.561217749957, "texts_per_second": 71.37411840412612, "estimated_remaining_seconds": 6.09464620686443}
PROGRESS {"task": "NanoMSMARCORetrieval", "group": "corpus", "done": 4864, "total": 5043, "elapsed_seconds": 68.20821256982163, "texts_per_second": 71.311060893451, "estimated_remaining_seconds": 2.5101295333055247}
PROGRESS {"task": "NanoMSMARCORetrieval", "group": "corpus", "done": 5043, "total": 5043, "elapsed_seconds": 70.76419928018004, "texts_per_second": 71.26484933480293, "estimated_remaining_seconds": 0.0}
TASK_RESULT {"task": "NanoMSMARCORetrieval", "ndcg_at_10": 49.752, "upstream_cpu_fp32": 49.752, "upstream_gpu_bf16": 49.779, "delta_cpu_points": 0.0, "delta_gpu_points": -0.027000000000001023, "wall_seconds": 72.57302461005747, "stages": {"queries": {"texts": 50, "wall_seconds": 0.6286037699319422, "forward_seconds": 0.613930799998343}, "corpus": {"texts": 5043, "wall_seconds": 70.77556210989133, "forward_seconds": 68.9546593632549}}, "metric_crosscheck_passed": true, "artifacts": {"batch_timings.jsonl": {"sha256": "ac727d076dce3cc6f343665809106ca3b30de406271ba943c2fe9c2bdd5e1039", "bytes": 213382}, "embeddings.npz": {"sha256": "a31177e53d05ceeac0bfe74ebe954380b24c8f187f5d026b91fd3216eb45cb03", "bytes": 14539621}, "ids.json": {"sha256": "9a8da3d57bbbb6939cb49a713a6926e77977534f0c6e2b15561c3c8ab83b9fa8", "bytes": 75815}, "per_query_scores.json": {"sha256": "b018a0057b7c6706c6b7feb33b496353768d8ab0399e50b00629d96ec8e184ef", "bytes": 2442}, "top100.json": {"sha256": "d8e89fa062af6a00c239af8b24b2276c52b83e0915e60530d6af67b1ed9db06b", "bytes": 396457}}}
PROGRESS {"task": "NanoNFCorpusRetrieval", "group": "queries", "done": 4, "total": 50, "elapsed_seconds": 0.0597906899638474, "texts_per_second": 66.90004752275999, "estimated_remaining_seconds": 0.6875929345842451}
PROGRESS {"task": "NanoNFCorpusRetrieval", "group": "queries", "done": 50, "total": 50, "elapsed_seconds": 0.7201569001190364, "texts_per_second": 69.4293146281531, "estimated_remaining_seconds": 0.0}
PROGRESS {"task": "NanoNFCorpusRetrieval", "group": "corpus", "done": 4, "total": 2953, "elapsed_seconds": 0.10926254978403449, "texts_per_second": 36.60906694843106, "estimated_remaining_seconds": 80.55381482827943}
PROGRESS {"task": "NanoNFCorpusRetrieval", "group": "corpus", "done": 256, "total": 2953, "elapsed_seconds": 6.115481260232627, "texts_per_second": 41.86097366771458, "estimated_remaining_seconds": 64.42755062049764}
PROGRESS {"task": "NanoNFCorpusRetrieval", "group": "corpus", "done": 512, "total": 2953, "elapsed_seconds": 11.986278969794512, "texts_per_second": 42.715508398414784, "estimated_remaining_seconds": 57.14552141653985}
PROGRESS {"task": "NanoNFCorpusRetrieval", "group": "corpus", "done": 768, "total": 2953, "elapsed_seconds": 17.83497316017747, "texts_per_second": 43.06146093422873, "estimated_remaining_seconds": 50.741427545556995}
PROGRESS {"task": "NanoNFCorpusRetrieval", "group": "corpus", "done": 1024, "total": 2953, "elapsed_seconds": 23.805382649879903, "texts_per_second": 43.015481627016236, "estimated_remaining_seconds": 44.84431946447103}
PROGRESS {"task": "NanoNFCorpusRetrieval", "group": "corpus", "done": 1280, "total": 2953, "elapsed_seconds": 29.676787510048598, "texts_per_second": 43.13135306732881, "estimated_remaining_seconds": 38.78848867524321}
PROGRESS {"task": "NanoNFCorpusRetrieval", "group": "corpus", "done": 1536, "total": 2953, "elapsed_seconds": 35.39383279019967, "texts_per_second": 43.397390983474075, "estimated_remaining_seconds": 32.65173246335477}
PROGRESS {"task": "NanoNFCorpusRetrieval", "group": "corpus", "done": 1792, "total": 2953, "elapsed_seconds": 41.15871249977499, "texts_per_second": 43.53877687524352, "estimated_remaining_seconds": 26.665884605043953}
PROGRESS {"task": "NanoNFCorpusRetrieval", "group": "corpus", "done": 2048, "total": 2953, "elapsed_seconds": 46.817565029952675, "texts_per_second": 43.74426561248416, "estimated_remaining_seconds": 20.68842595317733}
PROGRESS {"task": "NanoNFCorpusRetrieval", "group": "corpus", "done": 2304, "total": 2953, "elapsed_seconds": 52.485063219908625, "texts_per_second": 43.89820376792548, "estimated_remaining_seconds": 14.784204005955164}
PROGRESS {"task": "NanoNFCorpusRetrieval", "group": "corpus", "done": 2560, "total": 2953, "elapsed_seconds": 58.25570819992572, "texts_per_second": 43.94419154968344, "estimated_remaining_seconds": 8.943161454129221}
PROGRESS {"task": "NanoNFCorpusRetrieval", "group": "corpus", "done": 2816, "total": 2953, "elapsed_seconds": 64.10405133990571, "texts_per_second": 43.92858081727822, "estimated_remaining_seconds": 3.1186985204428557}
PROGRESS {"task": "NanoNFCorpusRetrieval", "group": "corpus", "done": 2953, "total": 2953, "elapsed_seconds": 67.31135497009382, "texts_per_second": 43.87075555546322, "estimated_remaining_seconds": 0.0}
TASK_RESULT {"task": "NanoNFCorpusRetrieval", "ndcg_at_10": 32.538, "upstream_cpu_fp32": 32.538, "upstream_gpu_bf16": 32.539, "delta_cpu_points": 0.0, "delta_gpu_points": -0.0010000000000047748, "wall_seconds": 68.71075806999579, "stages": {"queries": {"texts": 50, "wall_seconds": 0.7210151199251413, "forward_seconds": 0.7028662599623203}, "corpus": {"texts": 2953, "wall_seconds": 67.31797737022862, "forward_seconds": 65.60078579047695}}, "metric_crosscheck_passed": true, "artifacts": {"batch_timings.jsonl": {"sha256": "62ca9dc4906a008a23382ddcdad78ac3e1159c9d5c2d8aa9a8da60b0a8f623fc", "bytes": 129574}, "embeddings.npz": {"sha256": "4a17d76a95022fc1dbd63f963c5966433bbdeaca008ecdab7ba7602500643ed8", "bytes": 8569762}, "ids.json": {"sha256": "684b7af1fa9b034b012cb0d0a0a9a7d3e3ad9027f81d3d763a53ed31c4eb7135", "bytes": 48033}, "per_query_scores.json": {"sha256": "a5232412c05f68ad2cd9a36659c12dc2753e00b79477c56459a332ff8d22f6ea", "bytes": 2751}, "top100.json": {"sha256": "c14e5ec9f8f86f96a6ea4273ff60e9b212c015d060644af4d6b75896c34df871", "bytes": 403192}}}
PROGRESS {"task": "NanoNQRetrieval", "group": "queries", "done": 4, "total": 50, "elapsed_seconds": 0.049503390211611986, "texts_per_second": 80.80254671248197, "estimated_remaining_seconds": 0.5692889874335378}
PROGRESS {"task": "NanoNQRetrieval", "group": "queries", "done": 50, "total": 50, "elapsed_seconds": 0.6235760799609125, "texts_per_second": 80.18267795508471, "estimated_remaining_seconds": 0.0}
PROGRESS {"task": "NanoNQRetrieval", "group": "corpus", "done": 4, "total": 5035, "elapsed_seconds": 0.0525015196762979, "texts_per_second": 76.18827082839321, "estimated_remaining_seconds": 66.03378637286369}
PROGRESS {"task": "NanoNQRetrieval", "group": "corpus", "done": 256, "total": 5035, "elapsed_seconds": 3.587623629719019, "texts_per_second": 71.35642598609202, "estimated_remaining_seconds": 66.97364580635622}
PROGRESS {"task": "NanoNQRetrieval", "group": "corpus", "done": 512, "total": 5035, "elapsed_seconds": 7.546848499681801, "texts_per_second": 67.84288832902735, "estimated_remaining_seconds": 66.66874172668122}
PROGRESS {"task": "NanoNQRetrieval", "group": "corpus", "done": 768, "total": 5035, "elapsed_seconds": 11.712955940049142, "texts_per_second": 65.56841876046346, "estimated_remaining_seconds": 65.07706119295533}
PROGRESS {"task": "NanoNQRetrieval", "group": "corpus", "done": 1024, "total": 5035, "elapsed_seconds": 15.831319009885192, "texts_per_second": 64.68191307121073, "estimated_remaining_seconds": 62.01115287954053}
PROGRESS {"task": "NanoNQRetrieval", "group": "corpus", "done": 1280, "total": 5035, "elapsed_seconds": 19.698611399624497, "texts_per_second": 64.97919949953426, "estimated_remaining_seconds": 57.787723285617176}
PROGRESS {"task": "NanoNQRetrieval", "group": "corpus", "done": 1536, "total": 5035, "elapsed_seconds": 23.36740041989833, "texts_per_second": 65.73260064872389, "estimated_remaining_seconds": 53.23081645131788}
PROGRESS {"task": "NanoNQRetrieval", "group": "corpus", "done": 1792, "total": 5035, "elapsed_seconds": 27.31052238959819, "texts_per_second": 65.61573500631839, "estimated_remaining_seconds": 49.42412059680074}
PROGRESS {"task": "NanoNQRetrieval", "group": "corpus", "done": 2048, "total": 5035, "elapsed_seconds": 30.93559193983674, "texts_per_second": 66.20206278848428, "estimated_remaining_seconds": 45.11944000209587}
PROGRESS {"task": "NanoNQRetrieval", "group": "corpus", "done": 2304, "total": 5035, "elapsed_seconds": 34.98536320962012, "texts_per_second": 65.85611206021312, "estimated_remaining_seconds": 41.46919571418079}
PROGRESS {"task": "NanoNQRetrieval", "group": "corpus", "done": 2560, "total": 5035, "elapsed_seconds": 38.627142439596355, "texts_per_second": 66.27464105073861, "estimated_remaining_seconds": 37.34460060078163}
PROGRESS {"task": "NanoNQRetrieval", "group": "corpus", "done": 2816, "total": 5035, "elapsed_seconds": 42.48760764999315, "texts_per_second": 66.27814922407038, "estimated_remaining_seconds": 33.48011412476378}
PROGRESS {"task": "NanoNQRetrieval", "group": "corpus", "done": 3072, "total": 5035, "elapsed_seconds": 46.61727724969387, "texts_per_second": 65.89831455718863, "estimated_remaining_seconds": 29.78831876339488}
PROGRESS {"task": "NanoNQRetrieval", "group": "corpus", "done": 3328, "total": 5035, "elapsed_seconds": 50.263673699926585, "texts_per_second": 66.21083886283586, "estimated_remaining_seconds": 25.78127734548518}
PROGRESS {"task": "NanoNQRetrieval", "group": "corpus", "done": 3584, "total": 5035, "elapsed_seconds": 54.13696117000654, "texts_per_second": 66.20245988217086, "estimated_remaining_seconds": 21.917614580825752}
PROGRESS {"task": "NanoNQRetrieval", "group": "corpus", "done": 3840, "total": 5035, "elapsed_seconds": 58.073176849633455, "texts_per_second": 66.12347056443559, "estimated_remaining_seconds": 18.072251649820828}
PROGRESS {"task": "NanoNQRetrieval", "group": "corpus", "done": 4096, "total": 5035, "elapsed_seconds": 62.06789516983554, "texts_per_second": 65.99224911352593, "estimated_remaining_seconds": 14.228943741327043}
PROGRESS {"task": "NanoNQRetrieval", "group": "corpus", "done": 4352, "total": 5035, "elapsed_seconds": 65.68932189978659, "texts_per_second": 66.25125475704048, "estimated_remaining_seconds": 10.309238708077721}
PROGRESS {"task": "NanoNQRetrieval", "group": "corpus", "done": 4608, "total": 5035, "elapsed_seconds": 69.53397048963234, "texts_per_second": 66.2697666701927, "estimated_remaining_seconds": 6.44336054667383}
PROGRESS {"task": "NanoNQRetrieval", "group": "corpus", "done": 4864, "total": 5035, "elapsed_seconds": 73.52195954974741, "texts_per_second": 66.15710503076099, "estimated_remaining_seconds": 2.5847563904208073}
PROGRESS {"task": "NanoNQRetrieval", "group": "corpus", "done": 5035, "total": 5035, "elapsed_seconds": 76.15009433962405, "texts_per_second": 66.11941907181698, "estimated_remaining_seconds": 0.0}
TASK_RESULT {"task": "NanoNQRetrieval", "ndcg_at_10": 58.963, "upstream_cpu_fp32": 58.963, "upstream_gpu_bf16": 59.686, "delta_cpu_points": 0.0, "delta_gpu_points": -0.722999999999999, "wall_seconds": 77.8184330300428, "stages": {"queries": {"texts": 50, "wall_seconds": 0.6242892001755536, "forward_seconds": 0.6088515883311629}, "corpus": {"texts": 5035, "wall_seconds": 76.16035509994254, "forward_seconds": 74.24729942437261}}, "metric_crosscheck_passed": true, "artifacts": {"batch_timings.jsonl": {"sha256": "67ad39a03c6db2c78c2ec4517efc913f78c1ce0cc4ab7361bae3904af3273ecc", "bytes": 226304}, "embeddings.npz": {"sha256": "567b49ea9f80886c3a284f1a5d14d143c426a844160f9eeb7d2dd9f88c2323bf", "bytes": 14511296}, "ids.json": {"sha256": "00abbd5b18692aa440b2f19b0d06fd530df3bf3cbaccb017b2aa45419eafc601", "bytes": 88697}, "per_query_scores.json": {"sha256": "8c65459e6b5790d9bace8b6c7372d982545978254298138ac4810169e2f48d7d", "bytes": 2412}, "top100.json": {"sha256": "aaf8ae287b09a87112e1db6dda4998881168bcc15bbc5a63b644c7fc752d6a7f", "bytes": 409941}}}
PROGRESS {"task": "NanoQuoraRetrieval", "group": "queries", "done": 4, "total": 50, "elapsed_seconds": 0.05077364016324282, "texts_per_second": 78.78103652091049, "estimated_remaining_seconds": 0.5838968618772924}
PROGRESS {"task": "NanoQuoraRetrieval", "group": "queries", "done": 50, "total": 50, "elapsed_seconds": 0.6276016598567367, "texts_per_second": 79.6683680081623, "estimated_remaining_seconds": 0.0}
PROGRESS {"task": "NanoQuoraRetrieval", "group": "corpus", "done": 4, "total": 5046, "elapsed_seconds": 0.05018102005124092, "texts_per_second": 79.71141271969988, "estimated_remaining_seconds": 63.25317577458918}
PROGRESS {"task": "NanoQuoraRetrieval", "group": "corpus", "done": 256, "total": 5046, "elapsed_seconds": 3.114783850032836, "texts_per_second": 82.18868862996744, "estimated_remaining_seconds": 58.28052594397377}
PROGRESS {"task": "NanoQuoraRetrieval", "group": "corpus", "done": 512, "total": 5046, "elapsed_seconds": 6.686526409815997, "texts_per_second": 76.57189527410982, "estimated_remaining_seconds": 59.212325668175254}
PROGRESS {"task": "NanoQuoraRetrieval", "group": "corpus", "done": 768, "total": 5046, "elapsed_seconds": 10.169389369897544, "texts_per_second": 75.52075862817883, "estimated_remaining_seconds": 56.646676724507415}
PROGRESS {"task": "NanoQuoraRetrieval", "group": "corpus", "done": 1024, "total": 5046, "elapsed_seconds": 13.77759663015604, "texts_per_second": 74.32355783727155, "estimated_remaining_seconds": 54.11473988914804}
PROGRESS {"task": "NanoQuoraRetrieval", "group": "corpus", "done": 1280, "total": 5046, "elapsed_seconds": 17.2251063301228, "texts_per_second": 74.31013634798705, "estimated_remaining_seconds": 50.67949253065817}
PROGRESS {"task": "NanoQuoraRetrieval", "group": "corpus", "done": 1536, "total": 5046, "elapsed_seconds": 20.552795560099185, "texts_per_second": 74.73435891037431, "estimated_remaining_seconds": 46.9663492291329}
PROGRESS {"task": "NanoQuoraRetrieval", "group": "corpus", "done": 1792, "total": 5046, "elapsed_seconds": 23.987517870031297, "texts_per_second": 74.70552016717109, "estimated_remaining_seconds": 43.557691489442995}
PROGRESS {"task": "NanoQuoraRetrieval", "group": "corpus", "done": 2048, "total": 5046, "elapsed_seconds": 27.42020665993914, "texts_per_second": 74.6894443721361, "estimated_remaining_seconds": 40.13954080395388}
PROGRESS {"task": "NanoQuoraRetrieval", "group": "corpus", "done": 2304, "total": 5046, "elapsed_seconds": 30.846283169928938, "texts_per_second": 74.69295367962181, "estimated_remaining_seconds": 36.7102901267123}
PROGRESS {"task": "NanoQuoraRetrieval", "group": "corpus", "done": 2560, "total": 5046, "elapsed_seconds": 34.263575620017946, "texts_per_second": 74.71491091269415, "estimated_remaining_seconds": 33.273144137251805}
PROGRESS {"task": "NanoQuoraRetrieval", "group": "corpus", "done": 2816, "total": 5046, "elapsed_seconds": 37.69378352025524, "texts_per_second": 74.70727894658773, "estimated_remaining_seconds": 29.849835671224852}
PROGRESS {"task": "NanoQuoraRetrieval", "group": "corpus", "done": 3072, "total": 5046, "elapsed_seconds": 41.0987515700981, "texts_per_second": 74.74679601302223, "estimated_remaining_seconds": 26.409158723754445}
PROGRESS {"task": "NanoQuoraRetrieval", "group": "corpus", "done": 3328, "total": 5046, "elapsed_seconds": 44.458587559871376, "texts_per_second": 74.85617925936711, "estimated_remaining_seconds": 22.950677111736486}
PROGRESS {"task": "NanoQuoraRetrieval", "group": "corpus", "done": 3584, "total": 5046, "elapsed_seconds": 47.74645974021405, "texts_per_second": 75.06315692305468, "estimated_remaining_seconds": 19.47693195875919}
PROGRESS {"task": "NanoQuoraRetrieval", "group": "corpus", "done": 3840, "total": 5046, "elapsed_seconds": 51.14562735008076, "texts_per_second": 75.07973210917974, "estimated_remaining_seconds": 16.06292358963474}
PROGRESS {"task": "NanoQuoraRetrieval", "group": "corpus", "done": 4096, "total": 5046, "elapsed_seconds": 54.35502158012241, "texts_per_second": 75.35642303006469, "estimated_remaining_seconds": 12.606755493436594}
PROGRESS {"task": "NanoQuoraRetrieval", "group": "corpus", "done": 4352, "total": 5046, "elapsed_seconds": 57.49048731010407, "texts_per_second": 75.69948009877326, "estimated_remaining_seconds": 9.16783046719031}
PROGRESS {"task": "NanoQuoraRetrieval", "group": "corpus", "done": 4608, "total": 5046, "elapsed_seconds": 60.90469483984634, "texts_per_second": 75.6591919903235, "estimated_remaining_seconds": 5.789118129308311}
PROGRESS {"task": "NanoQuoraRetrieval", "group": "corpus", "done": 4864, "total": 5046, "elapsed_seconds": 64.31218551006168, "texts_per_second": 75.63107926473785, "estimated_remaining_seconds": 2.4064181255820776}
PROGRESS {"task": "NanoQuoraRetrieval", "group": "corpus", "done": 5046, "total": 5046, "elapsed_seconds": 66.77008068980649, "texts_per_second": 75.57277073607538, "estimated_remaining_seconds": 0.0}
TASK_RESULT {"task": "NanoQuoraRetrieval", "ndcg_at_10": 92.62599999999999, "upstream_cpu_fp32": 92.626, "upstream_gpu_bf16": 92.626, "delta_cpu_points": -1.4210854715202004e-14, "delta_gpu_points": -1.4210854715202004e-14, "wall_seconds": 68.51676065009087, "stages": {"queries": {"texts": 50, "wall_seconds": 0.6283135800622404, "forward_seconds": 0.6130149299278855}, "corpus": {"texts": 5046, "wall_seconds": 66.78149098996073, "forward_seconds": 65.3952871686779}}, "metric_crosscheck_passed": true, "artifacts": {"batch_timings.jsonl": {"sha256": "4d56088934f37ad5789903c16782c33ed8ef493e6a01bca4f824212a223866e6", "bytes": 206862}, "embeddings.npz": {"sha256": "086aa1d0d038f202a27c21a8797857c63feb39d5a3ad1b74f139227a30e7af87", "bytes": 14546505}, "ids.json": {"sha256": "4aeaa5b9831d441dc006d0a770ee4c08251b96bbb527d0aec154e3719fb8229b", "bytes": 70160}, "per_query_scores.json": {"sha256": "ec4dd32a31abf87a6022584bcc934237f3eba3e5fb2630d40cc2b5ff8ffea9ec", "bytes": 2243}, "top100.json": {"sha256": "be76e617d2a69d7f3590a3df3164db9f6d2c72628b4c9efdd212bb6247fba06b", "bytes": 390816}}}
PROGRESS {"task": "NanoSCIDOCSRetrieval", "group": "queries", "done": 4, "total": 50, "elapsed_seconds": 0.055421529803425074, "texts_per_second": 72.17411742670441, "estimated_remaining_seconds": 0.6373475927393883}
PROGRESS {"task": "NanoSCIDOCSRetrieval", "group": "queries", "done": 50, "total": 50, "elapsed_seconds": 0.7171707898378372, "texts_per_second": 69.71840000804512, "estimated_remaining_seconds": 0.0}
PROGRESS {"task": "NanoSCIDOCSRetrieval", "group": "corpus", "done": 4, "total": 2210, "elapsed_seconds": 0.07922064000740647, "texts_per_second": 50.49189200726014, "estimated_remaining_seconds": 43.69018296408467}
PROGRESS {"task": "NanoSCIDOCSRetrieval", "group": "corpus", "done": 256, "total": 2210, "elapsed_seconds": 4.337802560068667, "texts_per_second": 59.01605627618689, "estimated_remaining_seconds": 33.10963360302412}
PROGRESS {"task": "NanoSCIDOCSRetrieval", "group": "corpus", "done": 512, "total": 2210, "elapsed_seconds": 8.631702430080622, "texts_per_second": 59.31622459733216, "estimated_remaining_seconds": 28.626231887259564}
PROGRESS {"task": "NanoSCIDOCSRetrieval", "group": "corpus", "done": 768, "total": 2210, "elapsed_seconds": 12.940548310056329, "texts_per_second": 59.348335294507855, "estimated_remaining_seconds": 24.297227425913054}
PROGRESS {"task": "NanoSCIDOCSRetrieval", "group": "corpus", "done": 1024, "total": 2210, "elapsed_seconds": 17.199751540087163, "texts_per_second": 59.535743735215064, "estimated_remaining_seconds": 19.920805982952515}
PROGRESS {"task": "NanoSCIDOCSRetrieval", "group": "corpus", "done": 1280, "total": 2210, "elapsed_seconds": 21.48333647986874, "texts_per_second": 59.58106187088034, "estimated_remaining_seconds": 15.608986661154631}
PROGRESS {"task": "NanoSCIDOCSRetrieval", "group": "corpus", "done": 1536, "total": 2210, "elapsed_seconds": 25.81670047994703, "texts_per_second": 59.496371396998576, "estimated_remaining_seconds": 11.328421955393424}
PROGRESS {"task": "NanoSCIDOCSRetrieval", "group": "corpus", "done": 1792, "total": 2210, "elapsed_seconds": 30.05803764006123, "texts_per_second": 59.61799707149311, "estimated_remaining_seconds": 7.011305654880354}
PROGRESS {"task": "NanoSCIDOCSRetrieval", "group": "corpus", "done": 2048, "total": 2210, "elapsed_seconds": 34.38574422011152, "texts_per_second": 59.55956593204014, "estimated_remaining_seconds": 2.719966095536165}
PROGRESS {"task": "NanoSCIDOCSRetrieval", "group": "corpus", "done": 2210, "total": 2210, "elapsed_seconds": 37.24202386010438, "texts_per_second": 59.3415655470719, "estimated_remaining_seconds": 0.0}
TASK_RESULT {"task": "NanoSCIDOCSRetrieval", "ndcg_at_10": 41.058, "upstream_cpu_fp32": 41.058, "upstream_gpu_bf16": 40.988, "delta_cpu_points": 0.0, "delta_gpu_points": 0.07000000000000028, "wall_seconds": 38.48117658030242, "stages": {"queries": {"texts": 50, "wall_seconds": 0.7179335299879313, "forward_seconds": 0.6997004607692361}, "corpus": {"texts": 2210, "wall_seconds": 37.24734961008653, "forward_seconds": 36.251001780852675}}, "metric_crosscheck_passed": true, "artifacts": {"batch_timings.jsonl": {"sha256": "1f3c70493d05753cc788f513d67f48bb369516b1b8af02c0bb2990bd710aa239", "bytes": 169671}, "embeddings.npz": {"sha256": "7c1a9e124717785c574aa79f8e60761bd4ccdc1a45c3e56c3e81d089aea53ad6", "bytes": 6295212}, "ids.json": {"sha256": "0804bdb7c0bd7b856289eddbb4cb19fba7b24ce1de88bcb023dfbae80dcb59b6", "bytes": 108520}, "per_query_scores.json": {"sha256": "033d05e2f88dd8a438e51d0e5af6ccff095e5be5fd2df719ef8b6333dd6a15f7", "bytes": 4443}, "top100.json": {"sha256": "dcd8a6d3de984c5d0ca47d36e211838cfe496cb13681021e6c960ae0c38c74b6", "bytes": 564622}}}
PROGRESS {"task": "NanoSciFactRetrieval", "group": "queries", "done": 4, "total": 50, "elapsed_seconds": 0.05112073989585042, "texts_per_second": 78.24612883438897, "estimated_remaining_seconds": 0.5878885088022798}
PROGRESS {"task": "NanoSciFactRetrieval", "group": "queries", "done": 50, "total": 50, "elapsed_seconds": 0.6303910296410322, "texts_per_second": 79.31584944740067, "estimated_remaining_seconds": 0.0}
PROGRESS {"task": "NanoSciFactRetrieval", "group": "corpus", "done": 4, "total": 2919, "elapsed_seconds": 0.07783980015665293, "texts_per_second": 51.38759338988516, "estimated_remaining_seconds": 56.72575436416082}
PROGRESS {"task": "NanoSciFactRetrieval", "group": "corpus", "done": 256, "total": 2919, "elapsed_seconds": 5.472826299723238, "texts_per_second": 46.77656223310906, "estimated_remaining_seconds": 56.93022045376165}
PROGRESS {"task": "NanoSciFactRetrieval", "group": "corpus", "done": 512, "total": 2919, "elapsed_seconds": 10.759118360001594, "texts_per_second": 47.587542293746466, "estimated_remaining_seconds": 50.58046463383562}
PROGRESS {"task": "NanoSciFactRetrieval", "group": "corpus", "done": 768, "total": 2919, "elapsed_seconds": 16.337853100150824, "texts_per_second": 47.007400255845745, "estimated_remaining_seconds": 45.7587526281568}
PROGRESS {"task": "NanoSciFactRetrieval", "group": "corpus", "done": 1024, "total": 2919, "elapsed_seconds": 21.878501739818603, "texts_per_second": 46.80393621910282, "estimated_remaining_seconds": 40.48804765327759}
PROGRESS {"task": "NanoSciFactRetrieval", "group": "corpus", "done": 1280, "total": 2919, "elapsed_seconds": 27.60548576992005, "texts_per_second": 46.36759558111942, "estimated_remaining_seconds": 35.34796185695232}
PROGRESS {"task": "NanoSciFactRetrieval", "group": "corpus", "done": 1536, "total": 2919, "elapsed_seconds": 32.887671779841185, "texts_per_second": 46.70443107929294, "estimated_remaining_seconds": 29.611751348646067}
PROGRESS {"task": "NanoSciFactRetrieval", "group": "corpus", "done": 1792, "total": 2919, "elapsed_seconds": 38.65832757996395, "texts_per_second": 46.354824747482546, "estimated_remaining_seconds": 24.312463829586704}
PROGRESS {"task": "NanoSciFactRetrieval", "group": "corpus", "done": 2048, "total": 2919, "elapsed_seconds": 44.336567639838904, "texts_per_second": 46.19211880893903, "estimated_remaining_seconds": 18.85603047573227}
PROGRESS {"task": "NanoSciFactRetrieval", "group": "corpus", "done": 2304, "total": 2919, "elapsed_seconds": 49.88892138982192, "texts_per_second": 46.18259797595164, "estimated_remaining_seconds": 13.31670427723111}
PROGRESS {"task": "NanoSciFactRetrieval", "group": "corpus", "done": 2560, "total": 2919, "elapsed_seconds": 55.57714291987941, "texts_per_second": 46.062101531388954, "estimated_remaining_seconds": 7.793825901654964}
PROGRESS {"task": "NanoSciFactRetrieval", "group": "corpus", "done": 2816, "total": 2919, "elapsed_seconds": 61.13301808992401, "texts_per_second": 46.063487260808664, "estimated_remaining_seconds": 2.2360443406470782}
PROGRESS {"task": "NanoSciFactRetrieval", "group": "corpus", "done": 2919, "total": 2919, "elapsed_seconds": 63.304493790026754, "texts_per_second": 46.11047060390318, "estimated_remaining_seconds": 0.0}
TASK_RESULT {"task": "NanoSciFactRetrieval", "ndcg_at_10": 78.971, "upstream_cpu_fp32": 78.971, "upstream_gpu_bf16": 78.956, "delta_cpu_points": 0.0, "delta_gpu_points": 0.015000000000000568, "wall_seconds": 64.5894402898848, "stages": {"queries": {"texts": 50, "wall_seconds": 0.6311189699918032, "forward_seconds": 0.6148418500088155}, "corpus": {"texts": 2919, "wall_seconds": 63.31075116014108, "forward_seconds": 61.651263723149896}}, "metric_crosscheck_passed": true, "artifacts": {"batch_timings.jsonl": {"sha256": "9bc10d8e4a0b9181134599c25dc6f180a54f4c599e156f758d94d72bb14a76f2", "bytes": 126754}, "embeddings.npz": {"sha256": "493582257f85887725f560f7508b1125df93ca839bb217a73a974c90518f5eba", "bytes": 8475722}, "ids.json": {"sha256": "2fbab5d4bbbdd5998ce0e9ce57d4e914a12506b59bf8d6b944eca18665b93910", "bytes": 46203}, "per_query_scores.json": {"sha256": "9742f7aab0c396169e25ae00d90b03bf8a96ae4fa2ae7c521a6c0f9b90c6a76d", "bytes": 2102}, "top100.json": {"sha256": "298d9f10f0ef35768966ad3188af40c043d260745372b3b1af50cec088bcffc8", "bytes": 400928}}}
PROGRESS {"task": "NanoTouche2020Retrieval", "group": "queries", "done": 4, "total": 49, "elapsed_seconds": 0.0482296496629715, "texts_per_second": 82.93653443373476, "estimated_remaining_seconds": 0.5425835587084293}
PROGRESS {"task": "NanoTouche2020Retrieval", "group": "queries", "done": 49, "total": 49, "elapsed_seconds": 0.6519481497816741, "texts_per_second": 75.15935127112368, "estimated_remaining_seconds": 0.0}
PROGRESS {"task": "NanoTouche2020Retrieval", "group": "corpus", "done": 4, "total": 5745, "elapsed_seconds": 0.09504740964621305, "texts_per_second": 42.08426105339285, "estimated_remaining_seconds": 136.4167946947273}
PROGRESS {"task": "NanoTouche2020Retrieval", "group": "corpus", "done": 256, "total": 5745, "elapsed_seconds": 5.848725009709597, "texts_per_second": 43.770223352099606, "estimated_remaining_seconds": 125.40488897771866}
PROGRESS {"task": "NanoTouche2020Retrieval", "group": "corpus", "done": 512, "total": 5745, "elapsed_seconds": 11.30710126971826, "texts_per_second": 45.28127835656659, "estimated_remaining_seconds": 115.56652528210088}
PROGRESS {"task": "NanoTouche2020Retrieval", "group": "corpus", "done": 768, "total": 5745, "elapsed_seconds": 16.873264390043914, "texts_per_second": 45.51579245407659, "estimated_remaining_seconds": 109.3466625901674}
PROGRESS {"task": "NanoTouche2020Retrieval", "group": "corpus", "done": 1024, "total": 5745, "elapsed_seconds": 21.966539369896054, "texts_per_second": 46.61635511888305, "estimated_remaining_seconds": 101.27346910671804}
PROGRESS {"task": "NanoTouche2020Retrieval", "group": "corpus", "done": 1280, "total": 5745, "elapsed_seconds": 27.467871019616723, "texts_per_second": 46.59989844447219, "estimated_remaining_seconds": 95.8156594551474}
PROGRESS {"task": "NanoTouche2020Retrieval", "group": "corpus", "done": 1536, "total": 5745, "elapsed_seconds": 32.34872070001438, "texts_per_second": 47.4825577878051, "estimated_remaining_seconds": 88.64307644945347}
PROGRESS {"task": "NanoTouche2020Retrieval", "group": "corpus", "done": 1792, "total": 5745, "elapsed_seconds": 37.965249709784985, "texts_per_second": 47.20105922385487, "estimated_remaining_seconds": 83.74812059306922}
PROGRESS {"task": "NanoTouche2020Retrieval", "group": "corpus", "done": 2048, "total": 5745, "elapsed_seconds": 43.90977721987292, "texts_per_second": 46.641092933468705, "estimated_remaining_seconds": 79.26486639739755}
PROGRESS {"task": "NanoTouche2020Retrieval", "group": "corpus", "done": 2304, "total": 5745, "elapsed_seconds": 49.126820819918066, "texts_per_second": 46.89902504470353, "estimated_remaining_seconds": 73.37039515683075}
PROGRESS {"task": "NanoTouche2020Retrieval", "group": "corpus", "done": 2560, "total": 5745, "elapsed_seconds": 54.30870244000107, "texts_per_second": 47.13793342472554, "estimated_remaining_seconds": 67.56766299664196}
PROGRESS {"task": "NanoTouche2020Retrieval", "group": "corpus", "done": 2816, "total": 5745, "elapsed_seconds": 60.15908774966374, "texts_per_second": 46.809220440942276, "estimated_remaining_seconds": 62.573142052118286}
PROGRESS {"task": "NanoTouche2020Retrieval", "group": "corpus", "done": 3072, "total": 5745, "elapsed_seconds": 65.14178073965013, "texts_per_second": 47.15867397420028, "estimated_remaining_seconds": 56.68098304592604}
PROGRESS {"task": "NanoTouche2020Retrieval", "group": "corpus", "done": 3328, "total": 5745, "elapsed_seconds": 70.4125700397417, "texts_per_second": 47.26428815368672, "estimated_remaining_seconds": 51.13797529629077}
PROGRESS {"task": "NanoTouche2020Retrieval", "group": "corpus", "done": 3584, "total": 5745, "elapsed_seconds": 75.88143567973748, "texts_per_second": 47.23157868449543, "estimated_remaining_seconds": 45.753287528993496}
PROGRESS {"task": "NanoTouche2020Retrieval", "group": "corpus", "done": 3840, "total": 5745, "elapsed_seconds": 81.20697068981826, "texts_per_second": 47.286581033387314, "estimated_remaining_seconds": 40.28627061565203}
PROGRESS {"task": "NanoTouche2020Retrieval", "group": "corpus", "done": 4096, "total": 5745, "elapsed_seconds": 86.77808784972876, "texts_per_second": 47.200855670995324, "estimated_remaining_seconds": 34.935807339893245}
PROGRESS {"task": "NanoTouche2020Retrieval", "group": "corpus", "done": 4352, "total": 5745, "elapsed_seconds": 92.18172022979707, "texts_per_second": 47.21109553120758, "estimated_remaining_seconds": 29.505775799657012}
PROGRESS {"task": "NanoTouche2020Retrieval", "group": "corpus", "done": 4608, "total": 5745, "elapsed_seconds": 97.57635409990326, "texts_per_second": 47.22455601571374, "estimated_remaining_seconds": 24.076457163973526}
PROGRESS {"task": "NanoTouche2020Retrieval", "group": "corpus", "done": 4864, "total": 5745, "elapsed_seconds": 102.53697390994057, "texts_per_second": 47.4365471744086, "estimated_remaining_seconds": 18.572178045776653}
PROGRESS {"task": "NanoTouche2020Retrieval", "group": "corpus", "done": 5120, "total": 5745, "elapsed_seconds": 107.96378057962283, "texts_per_second": 47.42331152644309, "estimated_remaining_seconds": 13.17917243403599}
PROGRESS {"task": "NanoTouche2020Retrieval", "group": "corpus", "done": 5376, "total": 5745, "elapsed_seconds": 113.18222338985652, "texts_per_second": 47.49862512845636, "estimated_remaining_seconds": 7.768645913477875}
PROGRESS {"task": "NanoTouche2020Retrieval", "group": "corpus", "done": 5632, "total": 5745, "elapsed_seconds": 118.07890965975821, "texts_per_second": 47.696917393872326, "estimated_remaining_seconds": 2.3691258507728477}
PROGRESS {"task": "NanoTouche2020Retrieval", "group": "corpus", "done": 5745, "total": 5745, "elapsed_seconds": 120.888705029618, "texts_per_second": 47.52305021873187, "estimated_remaining_seconds": 0.0}
TASK_RESULT {"task": "NanoTouche2020Retrieval", "ndcg_at_10": 54.845, "upstream_cpu_fp32": 54.845, "upstream_gpu_bf16": 55.172, "delta_cpu_points": 0.0, "delta_gpu_points": -0.3269999999999982, "wall_seconds": 122.78345119021833, "stages": {"queries": {"texts": 49, "wall_seconds": 0.6527455500327051, "forward_seconds": 0.6362681887112558}, "corpus": {"texts": 5745, "wall_seconds": 120.9013395998627, "forward_seconds": 116.98473726864904}}, "metric_crosscheck_passed": true, "artifacts": {"batch_timings.jsonl": {"sha256": "66923c20dcca7d10837ad76f2a2c675a1e8bfc3b443d9fffcb0ca1706f33b9c4", "bytes": 427495}, "embeddings.npz": {"sha256": "4c99d418dc601fad96b346b587ab1ce5df12e4523aa602c4462084bf19039a50", "bytes": 16525895}, "ids.json": {"sha256": "73e9db92c4c66b41b69fc6c7c268054f44561d47659887a4e66013030795731f", "bytes": 270190}, "per_query_scores.json": {"sha256": "1271746a002bfeeabbd67ac0225f4e5c04ed1d6adfba4a9125c81e4636938960", "bytes": 2583}, "top100.json": {"sha256": "c5c401a34d24a6681d54516415da4584f0074e7acd714f2e0e62ddc0fb917c06", "bytes": 544628}}}
SUMMARY {"source_commit": "c3166fd1e86f7ab1beee5fdf4e2a92d3aa563f8a", "script_sha256": "dba72ac6a2122c2967c02cb8d4c0da53c74918dd0b56107935f81c9501670244", "model_script_sha256": "037fbbb27b1d37f25fc104ac38e860ee1b4559ac26df3b23eb176b622bf33ec6", "checkpoint_sha256": "9033eec92f163d1a710474977fa3fb68b7ee04697e0e961d83434743bd256a15", "manifest_sha256": "ab3272c51e1b1e52f1cd68d7dcd6ff9c29d2fe85da42e0c07163f3a7e65f2e16", "physical_npu": "7", "hostname": "liteserver-c001-4", "backend": "raw_eager", "dense_dtype": "fp16", "state_pointwise_dtype": "float32", "reference_batch_size": 4, "max_device_batch_size": 4, "max_token_slots": 8192, "mteb_contract_version": "1.38.60", "mteb_framework_used": false, "ignore_identical_ids": false, "context": 2048, "eos_chunk": 512, "instruction": "Instruct: Given a query, retrieve documents that answer the query\nQuery: {query}", "all_checks_passed": true, "quality_review_limits": {"per_task_cpu_delta_points": 0.25, "macro_cpu_delta_points": 0.1}, "device_status": "NPU 0: busy HBM=56948/65536MB AICore=5% Health=OK\nNPU 1: busy HBM=57076/65536MB AICore=5% Health=OK\nNPU 2: busy HBM=57077/65536MB AICore=5% Health=OK\nNPU 3: busy HBM=57077/65536MB AICore=6% Health=OK\nNPU 4: busy HBM=57087/65536MB AICore=0% Health=Alarm\nNPU 5: busy HBM=57086/65536MB AICore=16% Health=Alarm\nNPU 6: busy HBM=57223/65536MB AICore=0% Health=OK\nNPU 7: busy HBM=57222/65536MB AICore=20% Health=OK\n", "device": "Ascend910B2", "hbm_before_model": {"free_bytes": 8661811200, "total_bytes": 65452113920}, "torch": "2.10.0+cpu", "torch_npu": "2.10.0.post2", "setup_seconds": 13.025369209703058, "preflight": [{"task": "NanoTouche2020Retrieval", "role": "corpus", "id": "9329eedd-2019-04-18T14:04:54Z-00004-000", "shape": [1, 2064], "embedding": {"max_abs": 5.634129047393799e-05, "normalized_rmse": 0.0003888803184963763}, "cosine": 0.9999998807907104, "seconds": 30.210053590126336}, {"task": "NanoTouche2020Retrieval", "role": "corpus", "id": "f9f87c6a-2019-04-19T12:44:53Z-00050-000", "shape": [1, 7936], "embedding": {"max_abs": 5.1919370889663696e-05, "normalized_rmse": 0.0003124361683148891}, "cosine": 1.0000003576278687, "seconds": 114.87532553030178}], "row_split_preflight": {"shape": [4, 144], "cpu_comparison": {"max_abs": 8.314847946166992e-05, "normalized_rmse": 0.0005018552765250206}, "split_vs_batched": {"max_abs": 8.579716086387634e-05, "normalized_rmse": 0.000496010878123343}}, "preflight_passed": true, "preflight_seconds": 155.02250017039478, "eval_wall_seconds": 993.3909711800516, "mean_ndcg_at_10": 58.89746153846154, "upstream_cpu_mean": 58.907231, "upstream_gpu_mean": 58.973692, "paper_mean": 59.1, "delta_cpu_mean": -0.009769461538461144, "delta_gpu_mean": -0.07623046153845792, "delta_paper_mean": -0.20253846153845956, "quality_review_required": false}
