nohup: ignoring input
2026-09-06T06:17:46+08:00
	NPU ID                         : 6
	Chip Count                     : 1

	No process in device.
	Chip ID                        : 0

2026-09-06T06:17:51+08:00
	NPU ID                         : 6
	Chip Count                     : 1

	No process in device.
	Chip ID                        : 0

2026-09-06T06:17:57+08:00
	NPU ID                         : 6
	Chip Count                     : 1

	No process in device.
	Chip ID                        : 0

2026-09-06T06:18:02+08:00
	NPU ID                         : 6
	Chip Count                     : 1

	No process in device.
	Chip ID                        : 0

2026-09-06T06:18:08+08:00
	NPU ID                         : 6
	Chip Count                     : 1

	No process in device.
	Chip ID                        : 0

2026-09-06T06:18:13+08:00
	NPU ID                         : 6
	Chip Count                     : 1

	No process in device.
	Chip ID                        : 0

2026-09-06T06:18:19+08:00
	NPU ID                         : 6
	Chip Count                     : 1

	No process in device.
	Chip ID                        : 0

2026-09-06T06:18:25+08:00
	NPU ID                         : 6
	Chip Count                     : 1

	No process in device.
	Chip ID                        : 0

2026-09-06T06:18:30+08:00
	NPU ID                         : 6
	Chip Count                     : 1

	No process in device.
	Chip ID                        : 0

2026-09-06T06:18:36+08:00
	NPU ID                         : 6
	Chip Count                     : 1

	No process in device.
	Chip ID                        : 0

2026-09-06T06:18:41+08:00
	NPU ID                         : 6
	Chip Count                     : 1

	Process id:1922513 Process name:python            Process memory(MB):105
	Chip ID                        : 0

2026-09-06T06:18:47+08:00
	NPU ID                         : 6
	Chip Count                     : 1

	Process id:1922513 Process name:python            Process memory(MB):105
	Chip ID                        : 0

2026-09-06T06:18:52+08:00
	NPU ID                         : 6
	Chip Count                     : 1

	Process id:1922513 Process name:python            Process memory(MB):3855
	Chip ID                        : 0

2026-09-06T06:18:58+08:00
	NPU ID                         : 6
	Chip Count                     : 1

	Process id:1922513 Process name:python            Process memory(MB):3855
	Chip ID                        : 0

2026-09-06T06:19:03+08:00
	NPU ID                         : 6
	Chip Count                     : 1

	Process id:1922513 Process name:python            Process memory(MB):4009
	Chip ID                        : 0

2026-09-06T06:19:09+08:00
	NPU ID                         : 6
	Chip Count                     : 1

	Process id:1922513 Process name:python            Process memory(MB):7039
	Chip ID                        : 0

2026-09-06T06:19:14+08:00
	NPU ID                         : 6
	Chip Count                     : 1

	Process id:1922513 Process name:python            Process memory(MB):7039
	Chip ID                        : 0

2026-09-06T06:19:20+08:00
	NPU ID                         : 6
	Chip Count                     : 1

	Process id:1922513 Process name:python            Process memory(MB):7039
	Chip ID                        : 0

2026-09-06T06:19:25+08:00
	NPU ID                         : 6
	Chip Count                     : 1

	Process id:1922513 Process name:python            Process memory(MB):7039
	Chip ID                        : 0

2026-09-06T06:19:31+08:00
	NPU ID                         : 6
	Chip Count                     : 1

	Process id:1922513 Process name:python            Process memory(MB):7039
	Chip ID                        : 0

2026-09-06T06:19:36+08:00
	NPU ID                         : 6
	Chip Count                     : 1

	Process id:1922513 Process name:python            Process memory(MB):7039
	Chip ID                        : 0

2026-09-06T06:19:42+08:00
	NPU ID                         : 6
	Chip Count                     : 1

	Process id:1922513 Process name:python            Process memory(MB):7105
	Chip ID                        : 0

2026-09-06T06:19:47+08:00
	NPU ID                         : 6
	Chip Count                     : 1

	Process id:1922513 Process name:python            Process memory(MB):7105
	Chip ID                        : 0

2026-09-06T06:19:53+08:00
	NPU ID                         : 6
	Chip Count                     : 1

	Process id:1922513 Process name:python            Process memory(MB):7105
	Chip ID                        : 0

2026-09-06T06:19:58+08:00
	NPU ID                         : 6
	Chip Count                     : 1

	Process id:1922513 Process name:python            Process memory(MB):7105
	Chip ID                        : 0

2026-09-06T06:20:04+08:00
	NPU ID                         : 6
	Chip Count                     : 1

	Process id:1922513 Process name:python            Process memory(MB):7105
	Chip ID                        : 0

2026-09-06T06:20:09+08:00
	NPU ID                         : 6
	Chip Count                     : 1

	Process id:1922513 Process name:python            Process memory(MB):7105
	Chip ID                        : 0

2026-09-06T06:20:15+08:00
	NPU ID                         : 6
	Chip Count                     : 1

	Process id:1922513 Process name:python            Process memory(MB):7131
	Chip ID                        : 0

2026-09-06T06:20:20+08:00
	NPU ID                         : 6
	Chip Count                     : 1

	Process id:1922513 Process name:python            Process memory(MB):7131
	Chip ID                        : 0

2026-09-06T06:20:26+08:00
	NPU ID                         : 6
	Chip Count                     : 1

	Process id:1922513 Process name:python            Process memory(MB):7131
	Chip ID                        : 0

2026-09-06T06:20:31+08:00
	NPU ID                         : 6
	Chip Count                     : 1

	Process id:1922513 Process name:python            Process memory(MB):7131
	Chip ID                        : 0

2026-09-06T06:20:37+08:00
	NPU ID                         : 6
	Chip Count                     : 1

	Process id:1922513 Process name:python            Process memory(MB):7131
	Chip ID                        : 0

2026-09-06T06:20:42+08:00
	NPU ID                         : 6
	Chip Count                     : 1

	Process id:1922513 Process name:python            Process memory(MB):7131
	Chip ID                        : 0

2026-09-06T06:20:48+08:00
	NPU ID                         : 6
	Chip Count                     : 1

	Process id:1922513 Process name:python            Process memory(MB):7131
	Chip ID                        : 0

2026-09-06T06:20:53+08:00
	NPU ID                         : 6
	Chip Count                     : 1

	Process id:1922513 Process name:python            Process memory(MB):7131
	Chip ID                        : 0

2026-09-06T06:20:59+08:00
	NPU ID                         : 6
	Chip Count                     : 1

	Process id:1922513 Process name:python            Process memory(MB):7131
	Chip ID                        : 0

2026-09-06T06:21:04+08:00
	NPU ID                         : 6
	Chip Count                     : 1

	Process id:1922513 Process name:python            Process memory(MB):7131
	Chip ID                        : 0

2026-09-06T06:21:10+08:00
	NPU ID                         : 6
	Chip Count                     : 1

	No process in device.
	Chip ID                        : 0

2026-09-06T06:21:15+08:00
	NPU ID                         : 6
	Chip Count                     : 1

	No process in device.
	Chip ID                        : 0

2026-09-06T06:21:21+08:00
	NPU ID                         : 6
	Chip Count                     : 1

	Process id:1924995 Process name:python            Process memory(MB):105
	Chip ID                        : 0

2026-09-06T06:21:26+08:00
	NPU ID                         : 6
	Chip Count                     : 1

	Process id:1924995 Process name:python            Process memory(MB):105
	Chip ID                        : 0

2026-09-06T06:21:32+08:00
	NPU ID                         : 6
	Chip Count                     : 1

	Process id:1924995 Process name:python            Process memory(MB):3855
	Chip ID                        : 0

2026-09-06T06:21:38+08:00
	NPU ID                         : 6
	Chip Count                     : 1

	Process id:1924995 Process name:python            Process memory(MB):3855
	Chip ID                        : 0

2026-09-06T06:21:43+08:00
	NPU ID                         : 6
	Chip Count                     : 1

	Process id:1924995 Process name:python            Process memory(MB):3881
	Chip ID                        : 0

2026-09-06T06:21:49+08:00
	NPU ID                         : 6
	Chip Count                     : 1

	Process id:1924995 Process name:python            Process memory(MB):7039
	Chip ID                        : 0

2026-09-06T06:21:54+08:00
	NPU ID                         : 6
	Chip Count                     : 1

	Process id:1924995 Process name:python            Process memory(MB):7039
	Chip ID                        : 0

2026-09-06T06:22:00+08:00
	NPU ID                         : 6
	Chip Count                     : 1

	Process id:1924995 Process name:python            Process memory(MB):7039
	Chip ID                        : 0

2026-09-06T06:22:05+08:00
	NPU ID                         : 6
	Chip Count                     : 1

	Process id:1924995 Process name:python            Process memory(MB):7039
	Chip ID                        : 0

2026-09-06T06:22:11+08:00
	NPU ID                         : 6
	Chip Count                     : 1

	Process id:1924995 Process name:python            Process memory(MB):7039
	Chip ID                        : 0

2026-09-06T06:22:16+08:00
	NPU ID                         : 6
	Chip Count                     : 1

	Process id:1924995 Process name:python            Process memory(MB):7039
	Chip ID                        : 0

2026-09-06T06:22:22+08:00
	NPU ID                         : 6
	Chip Count                     : 1

	Process id:1924995 Process name:python            Process memory(MB):7039
	Chip ID                        : 0

2026-09-06T06:22:27+08:00
	NPU ID                         : 6
	Chip Count                     : 1

	Process id:1924995 Process name:python            Process memory(MB):7039
	Chip ID                        : 0

2026-09-06T06:22:33+08:00
	NPU ID                         : 6
	Chip Count                     : 1

	Process id:1924995 Process name:python            Process memory(MB):7039
	Chip ID                        : 0

2026-09-06T06:22:38+08:00
	NPU ID                         : 6
	Chip Count                     : 1

	Process id:1924995 Process name:python            Process memory(MB):7039
	Chip ID                        : 0

2026-09-06T06:22:44+08:00
	NPU ID                         : 6
	Chip Count                     : 1

	Process id:1924995 Process name:python            Process memory(MB):7105
	Chip ID                        : 0

2026-09-06T06:22:49+08:00
	NPU ID                         : 6
	Chip Count                     : 1

	Process id:1924995 Process name:python            Process memory(MB):7105
	Chip ID                        : 0

2026-09-06T06:22:55+08:00
	NPU ID                         : 6
	Chip Count                     : 1

	Process id:1924995 Process name:python            Process memory(MB):7105
	Chip ID                        : 0

2026-09-06T06:23:00+08:00
	NPU ID                         : 6
	Chip Count                     : 1

	Process id:1924995 Process name:python            Process memory(MB):7105
	Chip ID                        : 0

2026-09-06T06:23:06+08:00
	NPU ID                         : 6
	Chip Count                     : 1

	Process id:1924995 Process name:python            Process memory(MB):7105
	Chip ID                        : 0

2026-09-06T06:23:11+08:00
	NPU ID                         : 6
	Chip Count                     : 1

	Process id:1924995 Process name:python            Process memory(MB):7131
	Chip ID                        : 0

2026-09-06T06:23:17+08:00
	NPU ID                         : 6
	Chip Count                     : 1

	Process id:1924995 Process name:python            Process memory(MB):7131
	Chip ID                        : 0

2026-09-06T06:23:22+08:00
	NPU ID                         : 6
	Chip Count                     : 1

	Process id:1924995 Process name:python            Process memory(MB):7131
	Chip ID                        : 0

2026-09-06T06:23:28+08:00
	NPU ID                         : 6
	Chip Count                     : 1

	Process id:1924995 Process name:python            Process memory(MB):7131
	Chip ID                        : 0

2026-09-06T06:23:33+08:00
	NPU ID                         : 6
	Chip Count                     : 1

	Process id:1924995 Process name:python            Process memory(MB):7131
	Chip ID                        : 0

2026-09-06T06:23:39+08:00
	NPU ID                         : 6
	Chip Count                     : 1

	Process id:1924995 Process name:python            Process memory(MB):7131
	Chip ID                        : 0

2026-09-06T06:23:44+08:00
	NPU ID                         : 6
	Chip Count                     : 1

	Process id:1924995 Process name:python            Process memory(MB):7131
	Chip ID                        : 0

2026-09-06T06:23:50+08:00
	NPU ID                         : 6
	Chip Count                     : 1

	Process id:1924995 Process name:python            Process memory(MB):7131
	Chip ID                        : 0

2026-09-06T06:23:55+08:00
	NPU ID                         : 6
	Chip Count                     : 1

	Process id:1924995 Process name:python            Process memory(MB):7131
	Chip ID                        : 0

2026-09-06T06:24:01+08:00
	NPU ID                         : 6
	Chip Count                     : 1

	Process id:1924995 Process name:python            Process memory(MB):7131
	Chip ID                        : 0

2026-09-06T06:24:06+08:00
	NPU ID                         : 6
	Chip Count                     : 1

	Process id:1924995 Process name:python            Process memory(MB):7131
	Chip ID                        : 0

2026-09-06T06:24:12+08:00
	NPU ID                         : 6
	Chip Count                     : 1

	Process id:1924995 Process name:python            Process memory(MB):7131
	Chip ID                        : 0

2026-09-06T06:24:17+08:00
	NPU ID                         : 6
	Chip Count                     : 1

	Process id:1924995 Process name:python            Process memory(MB):7131
	Chip ID                        : 0

2026-09-06T06:24:23+08:00
	NPU ID                         : 6
	Chip Count                     : 1

	Process id:1924995 Process name:python            Process memory(MB):7131
	Chip ID                        : 0

2026-09-06T06:24:29+08:00
	NPU ID                         : 6
	Chip Count                     : 1

	Process id:1924995 Process name:python            Process memory(MB):7131
	Chip ID                        : 0

2026-09-06T06:24:34+08:00
	NPU ID                         : 6
	Chip Count                     : 1

	Process id:1924995 Process name:python            Process memory(MB):7131
	Chip ID                        : 0

2026-09-06T06:24:40+08:00
	NPU ID                         : 6
	Chip Count                     : 1

	Process id:1924995 Process name:python            Process memory(MB):7131
	Chip ID                        : 0

2026-09-06T06:24:45+08:00
	NPU ID                         : 6
	Chip Count                     : 1

	Process id:1924995 Process name:python            Process memory(MB):7131
	Chip ID                        : 0

2026-09-06T06:24:51+08:00
	NPU ID                         : 6
	Chip Count                     : 1

	Process id:1924995 Process name:python            Process memory(MB):7131
	Chip ID                        : 0

2026-09-06T06:24:56+08:00
	NPU ID                         : 6
	Chip Count                     : 1

	Process id:1924995 Process name:python            Process memory(MB):7131
	Chip ID                        : 0

2026-09-06T06:25:02+08:00
	NPU ID                         : 6
	Chip Count                     : 1

	Process id:1924995 Process name:python            Process memory(MB):7131
	Chip ID                        : 0

2026-09-06T06:25:07+08:00
	NPU ID                         : 6
	Chip Count                     : 1

	Process id:1924995 Process name:python            Process memory(MB):7131
	Chip ID                        : 0

2026-09-06T06:25:13+08:00
	NPU ID                         : 6
	Chip Count                     : 1

	Process id:1924995 Process name:python            Process memory(MB):7131
	Chip ID                        : 0

2026-09-06T06:25:18+08:00
	NPU ID                         : 6
	Chip Count                     : 1

	Process id:1924995 Process name:python            Process memory(MB):7131
	Chip ID                        : 0

2026-09-06T06:25:24+08:00
	NPU ID                         : 6
	Chip Count                     : 1

	Process id:1924995 Process name:python            Process memory(MB):7131
	Chip ID                        : 0

2026-09-06T06:25:29+08:00
	NPU ID                         : 6
	Chip Count                     : 1

	Process id:1924995 Process name:python            Process memory(MB):7131
	Chip ID                        : 0

2026-09-06T06:25:35+08:00
	NPU ID                         : 6
	Chip Count                     : 1

	Process id:1924995 Process name:python            Process memory(MB):7131
	Chip ID                        : 0

2026-09-06T06:25:40+08:00
	NPU ID                         : 6
	Chip Count                     : 1

	Process id:1924995 Process name:python            Process memory(MB):245
	Chip ID                        : 0

2026-09-06T06:25:46+08:00
	NPU ID                         : 6
	Chip Count                     : 1

	No process in device.
	Chip ID                        : 0

2026-09-06T06:25:51+08:00
	NPU ID                         : 6
	Chip Count                     : 1

	No process in device.
	Chip ID                        : 0

2026-09-06T06:25:57+08:00
	NPU ID                         : 6
	Chip Count                     : 1

	No process in device.
	Chip ID                        : 0

2026-09-06T06:26:02+08:00
	NPU ID                         : 6
	Chip Count                     : 1

	No process in device.
	Chip ID                        : 0

2026-09-06T06:26:08+08:00
	NPU ID                         : 6
	Chip Count                     : 1

	No process in device.
	Chip ID                        : 0

2026-09-06T06:26:13+08:00
	NPU ID                         : 6
	Chip Count                     : 1

	No process in device.
	Chip ID                        : 0

2026-09-06T06:26:19+08:00
	NPU ID                         : 6
	Chip Count                     : 1

	No process in device.
	Chip ID                        : 0

2026-09-06T06:26:24+08:00
	NPU ID                         : 6
	Chip Count                     : 1

	No process in device.
	Chip ID                        : 0

