INCREFA_GQA {"actual_seq_lengths": null, "batch_pattern": "mixed", "batch_size": 16, "cache_length": 4096, "effective_lengths": [1, 1, 1, 1280, 1, 1, 1, 1, 1, 1, 1, 1, 1, 1, 1, 1], "event": "setup_begin", "head_dim": 128, "input_layout": "BNSD", "lane": "gqa_masked", "mask_dtype": "bool", "masked": true, "monotonic_s": 1192842.279011369, "op_num_key_value_heads": 2, "python": "3.12.13", "query_heads": 16, "stored_kv_heads": 2, "target_row": 3, "torch": "2.10.0+cpu", "torch_npu": "2.10.0", "torch_npu_git_version": "94f8a8e6b523d7ba553e1b80d5b5248478391526"}
INCREFA_GQA {"event": "setup_end", "monotonic_s": 1192843.136422761}
INCREFA_GQA {"event": "call_begin", "monotonic_s": 1192843.136628065}
INCREFA_GQA {"event": "call_returned", "monotonic_s": 1192843.563161484}
INCREFA_GQA {"event": "sync_begin", "monotonic_s": 1192843.563385548}
INCREFA_GQA {"elapsed_s": 0.42717005009762943, "event": "sync_end", "monotonic_s": 1192843.563877296}
INCREFA_GQA {"event": "probe_end", "monotonic_s": 1192843.566831617, "output": "/workspace/repos/paddle_ocr_vl_npu/tmp/09_persistent_page_engine/910b_phase32_control_fc5e07e/E_b16_mixed.json", "passed": true}
{
  "schema_version": 1,
  "kind": "standalone_increfa_masked_gqa_discriminator",
  "passed": true,
  "configuration": {
    "lane": "gqa_masked",
    "batch_size": 16,
    "batch_pattern": "mixed",
    "target_row": 3,
    "effective_lengths": [
      1,
      1,
      1,
      1280,
      1,
      1,
      1,
      1,
      1,
      1,
      1,
      1,
      1,
      1,
      1,
      1
    ],
    "cache_length": 4096,
    "query_heads": 16,
    "stored_kv_heads": 2,
    "op_num_key_value_heads": 2,
    "head_dim": 128,
    "masked": true,
    "mask_dtype": "bool",
    "input_layout": "BNSD",
    "actual_seq_lengths": null,
    "torch": "2.10.0+cpu",
    "torch_npu": "2.10.0",
    "torch_npu_git_version": "94f8a8e6b523d7ba553e1b80d5b5248478391526",
    "python": "3.12.13"
  },
  "elapsed_s": 0.42717005009762943,
  "output_shape": [
    16,
    16,
    1,
    128
  ],
  "output_abs_mean": 0.0,
  "progress_jsonl": "/workspace/repos/paddle_ocr_vl_npu/tmp/09_persistent_page_engine/910b_phase32_control_fc5e07e/E_b16_mixed.progress.jsonl"
}
