OPENDOC_CUSTOM_SETUP_BEGIN mode=compare pages=1 max_parallel_blocks=1 decode_mode=compiled
[2026/08/05 12:19:48] opendoc_onnx INFO: 🔧 User specified: Using CPU for layout detection
[2026/08/05 12:19:48] opendoc_onnx INFO: Layout detector using: CPUExecutionProvider
[2026/08/05 12:19:50] opendoc_onnx INFO:    Input names: ['im_shape', 'image', 'scale_factor']
[2026/08/05 12:19:50] opendoc_onnx INFO:    Output names: ['fetch_name_0', 'fetch_name_1']
Loading ONNX models...
🔧 User specified: Using CPU
Using execution providers: ['CPUExecutionProvider']
Loading tokenizer from mapping file: /root/.cache/openocr/unirec_0_1b_onnx/unirec_tokenizer_mapping.json
✅ Loaded vocabulary with 56371 tokens

✅ Models loaded successfully!
   Number of decoder layers: 6
   Number of attention heads: 6
   Head dimension: 128
   Model dimension (d_model): 768
   Vocabulary size: 56371
OPENDOC_CUSTOM_SETUP_END setup_s=15.498
OPENDOC_CUSTOM_PAGE_BEGIN index=1/1 image=PPT_1001115_eng_page_003.png
[2026/08/05 12:20:10] opendoc_onnx INFO:   VLM recognition: processing 6 block(s) sequentially
/workspace/repos/paddle_ocr_vl_npu/12_unirec_0_1b_inference/modeling_optimized_unirec.py:1426: UserWarning: Cannot create tensor with interal format while allow_internel_format=False, tensor will be created with base format. (Triggered internally at ../torch_npu/csrc/aten/common/TensorFactories.cpp:340.)
  pixel_values = inputs["pixel_values"].to(self.device).to(dtype=self.dtype)
Encoding image...
Encoding time: 0.82 seconds
  cross_k shape: (6, 1, 6, 32, 128)
  cross_v shape: (6, 1, 6, 32, 128)
Generating text...
✅ Generation complete! Total tokens: 7
  Time taken: 0.99 seconds
  Tokens per second: 7.04
start compile Ascend C operator AddLayerNorm. kernel name is te_addlayernorm_dec9e2ed6a58d4daf37c0becbfc41f2b67cbe561224e3c96cd21352825e16276
[2026-08-05 12:20:35] [WARNING] [ascend910b] cube_te In file included from /usr/local/Ascend/cann-9.0.0/opp/built-in/op_impl/ai_core/tbe/impl/ops_nn/dynamic/../ascendc/add_layer_norm/add_layer_norm.cpp:16:
In file included from /usr/local/Ascend/cann-9.0.0/opp/built-in/op_impl/ai_core/tbe/impl/ops_nn/dynamic/../ascendc/add_layer_norm/add_layer_norm_special_kernel.h:19:
In file included from /usr/local/Ascend/cann-9.0.0/opp/built-in/op_impl/ai_core/tbe/impl/ops_nn/dynamic/../ascendc/add_layer_norm/add_layer_norm_base.h:21:
/usr/local/Ascend/cann-9.0.0/aarch64-linux/asc/../tikcpp/tikcfw/impl/dav_c220/kernel_operator_reg_others_impl.h:16:9: warning: impl/basic_api/dav_c220/kernel_operator_reg_others_impl.h is an internal header file and must not be used directly. Functions or variables defined in this file may be removed in the future. Please use "#include "basic_api/kernel_operator_intf.h"" and use public functions or variables defined in interface headers files. [-W#pragma-messages]
#pragma message("impl/basic_api/dav_c220/kernel_operator_reg_others_impl.h is an internal header file and must not be used directly. Functions or variables defined in this file may be removed in the future. Please use \"#include \"basic_api/kernel_operator_intf.h\"\" and use public functions or variables defined in interface headers files.")
        ^
1 warning generated.

[2026-08-05 12:20:35] [WARNING] [ascend910b] vec_te In file included from /usr/local/Ascend/cann-9.0.0/opp/built-in/op_impl/ai_core/tbe/impl/ops_nn/dynamic/../ascendc/add_layer_norm/add_layer_norm.cpp:16:
In file included from /usr/local/Ascend/cann-9.0.0/opp/built-in/op_impl/ai_core/tbe/impl/ops_nn/dynamic/../ascendc/add_layer_norm/add_layer_norm_special_kernel.h:19:
In file included from /usr/local/Ascend/cann-9.0.0/opp/built-in/op_impl/ai_core/tbe/impl/ops_nn/dynamic/../ascendc/add_layer_norm/add_layer_norm_base.h:21:
/usr/local/Ascend/cann-9.0.0/aarch64-linux/asc/../tikcpp/tikcfw/impl/dav_c220/kernel_operator_reg_others_impl.h:16:9: warning: impl/basic_api/dav_c220/kernel_operator_reg_others_impl.h is an internal header file and must not be used directly. Functions or variables defined in this file may be removed in the future. Please use "#include "basic_api/kernel_operator_intf.h"" and use public functions or variables defined in interface headers files. [-W#pragma-messages]
#pragma message("impl/basic_api/dav_c220/kernel_operator_reg_others_impl.h is an internal header file and must not be used directly. Functions or variables defined in this file may be removed in the future. Please use \"#include \"basic_api/kernel_operator_intf.h\"\" and use public functions or variables defined in interface headers files.")
        ^
1 warning generated.

.[2026-08-05 12:20:47] [WARNING] [ascend910b] 0_te In file included from /usr/local/Ascend/cann-9.0.0/opp/built-in/op_impl/ai_core/tbe/impl/ops_nn/dynamic/../ascendc/add_layer_norm/add_layer_norm.cpp:16:
In file included from /usr/local/Ascend/cann-9.0.0/opp/built-in/op_impl/ai_core/tbe/impl/ops_nn/dynamic/../ascendc/add_layer_norm/add_layer_norm_special_kernel.h:19:
In file included from /usr/local/Ascend/cann-9.0.0/opp/built-in/op_impl/ai_core/tbe/impl/ops_nn/dynamic/../ascendc/add_layer_norm/add_layer_norm_base.h:21:
/usr/local/Ascend/cann-9.0.0/aarch64-linux/asc/../tikcpp/tikcfw/impl/dav_c220/kernel_operator_reg_others_impl.h:16:9: warning: impl/basic_api/dav_c220/kernel_operator_reg_others_impl.h is an internal header file and must not be used directly. Functions or variables defined in this file may be removed in the future. Please use "#include "basic_api/kernel_operator_intf.h"" and use public functions or variables defined in interface headers files. [-W#pragma-messages]
#pragma message("impl/basic_api/dav_c220/kernel_operator_reg_others_impl.h is an internal header file and must not be used directly. Functions or variables defined in this file may be removed in the future. Please use \"#include \"basic_api/kernel_operator_intf.h\"\" and use public functions or variables defined in interface headers files.")
        ^
1 warning generated.

.[2026-08-05 12:20:52] [WARNING] [ascend910b] 0_te In file included from /usr/local/Ascend/cann-9.0.0/opp/built-in/op_impl/ai_core/tbe/impl/ops_nn/dynamic/../ascendc/add_layer_norm/add_layer_norm.cpp:16:
In file included from /usr/local/Ascend/cann-9.0.0/opp/built-in/op_impl/ai_core/tbe/impl/ops_nn/dynamic/../ascendc/add_layer_norm/add_layer_norm_special_kernel.h:19:
In file included from /usr/local/Ascend/cann-9.0.0/opp/built-in/op_impl/ai_core/tbe/impl/ops_nn/dynamic/../ascendc/add_layer_norm/add_layer_norm_base.h:21:
/usr/local/Ascend/cann-9.0.0/aarch64-linux/asc/../tikcpp/tikcfw/impl/dav_c220/kernel_operator_reg_others_impl.h:16:9: warning: impl/basic_api/dav_c220/kernel_operator_reg_others_impl.h is an internal header file and must not be used directly. Functions or variables defined in this file may be removed in the future. Please use "#include "basic_api/kernel_operator_intf.h"" and use public functions or variables defined in interface headers files. [-W#pragma-messages]
#pragma message("impl/basic_api/dav_c220/kernel_operator_reg_others_impl.h is an internal header file and must not be used directly. Functions or variables defined in this file may be removed in the future. Please use \"#include \"basic_api/kernel_operator_intf.h\"\" and use public functions or variables defined in interface headers files.")
        ^
1 warning generated.

[2026-08-05 12:21:00] [WARNING] [ascend910b] dec9e2ed6a58d4daf37c0becbfc41f2b67cbe561224e3c96cd21352825e16276_te In file included from /workspace/repos/paddle_ocr_vl_npu/kernel_meta/kernel_meta_4687668423355289877/kernel_meta/te_addlayernorm_dec9e2ed6a58d4daf37c0becbfc41f2b67cbe561224e3c96cd21352825e16276_2553676_kernel.cpp:6:
In file included from /usr/local/Ascend/cann-9.0.0/opp/built-in/op_impl/ai_core/tbe/impl/ops_nn/dynamic/../ascendc/add_layer_norm/add_layer_norm.cpp:16:
In file included from /usr/local/Ascend/cann-9.0.0/opp/built-in/op_impl/ai_core/tbe/impl/ops_nn/dynamic/../ascendc/add_layer_norm/add_layer_norm_special_kernel.h:19:
In file included from /usr/local/Ascend/cann-9.0.0/opp/built-in/op_impl/ai_core/tbe/impl/ops_nn/dynamic/../ascendc/add_layer_norm/add_layer_norm_base.h:21:
/usr/local/Ascend/cann-9.0.0/aarch64-linux/asc/../tikcpp/tikcfw/impl/dav_c220/kernel_operator_reg_others_impl.h:16:9: warning: impl/basic_api/dav_c220/kernel_operator_reg_others_impl.h is an internal header file and must not be used directly. Functions or variables defined in this file may be removed in the future. Please use "#include "basic_api/kernel_operator_intf.h"" and use public functions or variables defined in interface headers files. [-W#pragma-messages]
#pragma message("impl/basic_api/dav_c220/kernel_operator_reg_others_impl.h is an internal header file and must not be used directly. Functions or variables defined in this file may be removed in the future. Please use \"#include \"basic_api/kernel_operator_intf.h\"\" and use public functions or variables defined in interface headers files.")
        ^
1 warning generated.

start compile Ascend C operator AddLayerNorm. kernel name is te_addlayernorm_8e42f6225bfabaf2e7bcf15b370a43b84157240207bad09f999e1cd724248333
[2026-08-05 12:21:01] [WARNING] [ascend910b] cube_te In file included from /usr/local/Ascend/cann-9.0.0/opp/built-in/op_impl/ai_core/tbe/impl/ops_nn/dynamic/../ascendc/add_layer_norm/add_layer_norm.cpp:16:
In file included from /usr/local/Ascend/cann-9.0.0/opp/built-in/op_impl/ai_core/tbe/impl/ops_nn/dynamic/../ascendc/add_layer_norm/add_layer_norm_special_kernel.h:19:
In file included from /usr/local/Ascend/cann-9.0.0/opp/built-in/op_impl/ai_core/tbe/impl/ops_nn/dynamic/../ascendc/add_layer_norm/add_layer_norm_base.h:21:
/usr/local/Ascend/cann-9.0.0/aarch64-linux/asc/../tikcpp/tikcfw/impl/dav_c220/kernel_operator_reg_others_impl.h:16:9: warning: impl/basic_api/dav_c220/kernel_operator_reg_others_impl.h is an internal header file and must not be used directly. Functions or variables defined in this file may be removed in the future. Please use "#include "basic_api/kernel_operator_intf.h"" and use public functions or variables defined in interface headers files. [-W#pragma-messages]
#pragma message("impl/basic_api/dav_c220/kernel_operator_reg_others_impl.h is an internal header file and must not be used directly. Functions or variables defined in this file may be removed in the future. Please use \"#include \"basic_api/kernel_operator_intf.h\"\" and use public functions or variables defined in interface headers files.")
        ^
1 warning generated.

[2026-08-05 12:21:01] [WARNING] [ascend910b] vec_te In file included from /usr/local/Ascend/cann-9.0.0/opp/built-in/op_impl/ai_core/tbe/impl/ops_nn/dynamic/../ascendc/add_layer_norm/add_layer_norm.cpp:16:
In file included from /usr/local/Ascend/cann-9.0.0/opp/built-in/op_impl/ai_core/tbe/impl/ops_nn/dynamic/../ascendc/add_layer_norm/add_layer_norm_special_kernel.h:19:
In file included from /usr/local/Ascend/cann-9.0.0/opp/built-in/op_impl/ai_core/tbe/impl/ops_nn/dynamic/../ascendc/add_layer_norm/add_layer_norm_base.h:21:
/usr/local/Ascend/cann-9.0.0/aarch64-linux/asc/../tikcpp/tikcfw/impl/dav_c220/kernel_operator_reg_others_impl.h:16:9: warning: impl/basic_api/dav_c220/kernel_operator_reg_others_impl.h is an internal header file and must not be used directly. Functions or variables defined in this file may be removed in the future. Please use "#include "basic_api/kernel_operator_intf.h"" and use public functions or variables defined in interface headers files. [-W#pragma-messages]
#pragma message("impl/basic_api/dav_c220/kernel_operator_reg_others_impl.h is an internal header file and must not be used directly. Functions or variables defined in this file may be removed in the future. Please use \"#include \"basic_api/kernel_operator_intf.h\"\" and use public functions or variables defined in interface headers files.")
        ^
1 warning generated.

.[2026-08-05 12:21:09] [WARNING] [ascend910b] 0_te In file included from /usr/local/Ascend/cann-9.0.0/opp/built-in/op_impl/ai_core/tbe/impl/ops_nn/dynamic/../ascendc/add_layer_norm/add_layer_norm.cpp:16:
In file included from /usr/local/Ascend/cann-9.0.0/opp/built-in/op_impl/ai_core/tbe/impl/ops_nn/dynamic/../ascendc/add_layer_norm/add_layer_norm_special_kernel.h:19:
In file included from /usr/local/Ascend/cann-9.0.0/opp/built-in/op_impl/ai_core/tbe/impl/ops_nn/dynamic/../ascendc/add_layer_norm/add_layer_norm_base.h:21:
/usr/local/Ascend/cann-9.0.0/aarch64-linux/asc/../tikcpp/tikcfw/impl/dav_c220/kernel_operator_reg_others_impl.h:16:9: warning: impl/basic_api/dav_c220/kernel_operator_reg_others_impl.h is an internal header file and must not be used directly. Functions or variables defined in this file may be removed in the future. Please use "#include "basic_api/kernel_operator_intf.h"" and use public functions or variables defined in interface headers files. [-W#pragma-messages]
#pragma message("impl/basic_api/dav_c220/kernel_operator_reg_others_impl.h is an internal header file and must not be used directly. Functions or variables defined in this file may be removed in the future. Please use \"#include \"basic_api/kernel_operator_intf.h\"\" and use public functions or variables defined in interface headers files.")
        ^
1 warning generated.

.[2026-08-05 12:21:14] [WARNING] [ascend910b] 0_te In file included from /usr/local/Ascend/cann-9.0.0/opp/built-in/op_impl/ai_core/tbe/impl/ops_nn/dynamic/../ascendc/add_layer_norm/add_layer_norm.cpp:16:
In file included from /usr/local/Ascend/cann-9.0.0/opp/built-in/op_impl/ai_core/tbe/impl/ops_nn/dynamic/../ascendc/add_layer_norm/add_layer_norm_special_kernel.h:19:
In file included from /usr/local/Ascend/cann-9.0.0/opp/built-in/op_impl/ai_core/tbe/impl/ops_nn/dynamic/../ascendc/add_layer_norm/add_layer_norm_base.h:21:
/usr/local/Ascend/cann-9.0.0/aarch64-linux/asc/../tikcpp/tikcfw/impl/dav_c220/kernel_operator_reg_others_impl.h:16:9: warning: impl/basic_api/dav_c220/kernel_operator_reg_others_impl.h is an internal header file and must not be used directly. Functions or variables defined in this file may be removed in the future. Please use "#include "basic_api/kernel_operator_intf.h"" and use public functions or variables defined in interface headers files. [-W#pragma-messages]
#pragma message("impl/basic_api/dav_c220/kernel_operator_reg_others_impl.h is an internal header file and must not be used directly. Functions or variables defined in this file may be removed in the future. Please use \"#include \"basic_api/kernel_operator_intf.h\"\" and use public functions or variables defined in interface headers files.")
        ^
1 warning generated.

[2026-08-05 12:21:18] [WARNING] [ascend910b] 8e42f6225bfabaf2e7bcf15b370a43b84157240207bad09f999e1cd724248333_te In file included from /workspace/repos/paddle_ocr_vl_npu/kernel_meta/kernel_meta_4687668423355289877/kernel_meta/te_addlayernorm_8e42f6225bfabaf2e7bcf15b370a43b84157240207bad09f999e1cd724248333_2553672_kernel.cpp:6:
In file included from /usr/local/Ascend/cann-9.0.0/opp/built-in/op_impl/ai_core/tbe/impl/ops_nn/dynamic/../ascendc/add_layer_norm/add_layer_norm.cpp:16:
In file included from /usr/local/Ascend/cann-9.0.0/opp/built-in/op_impl/ai_core/tbe/impl/ops_nn/dynamic/../ascendc/add_layer_norm/add_layer_norm_special_kernel.h:19:
In file included from /usr/local/Ascend/cann-9.0.0/opp/built-in/op_impl/ai_core/tbe/impl/ops_nn/dynamic/../ascendc/add_layer_norm/add_layer_norm_base.h:21:
/usr/local/Ascend/cann-9.0.0/aarch64-linux/asc/../tikcpp/tikcfw/impl/dav_c220/kernel_operator_reg_others_impl.h:16:9: warning: impl/basic_api/dav_c220/kernel_operator_reg_others_impl.h is an internal header file and must not be used directly. Functions or variables defined in this file may be removed in the future. Please use "#include "basic_api/kernel_operator_intf.h"" and use public functions or variables defined in interface headers files. [-W#pragma-messages]
#pragma message("impl/basic_api/dav_c220/kernel_operator_reg_others_impl.h is an internal header file and must not be used directly. Functions or variables defined in this file may be removed in the future. Please use \"#include \"basic_api/kernel_operator_intf.h\"\" and use public functions or variables defined in interface headers files.")
        ^
1 warning generated.

UNIREC_CROP_END page=PPT_1001115_eng_page_003.png crop=1 label=paragraph_title_01 custom_tokens=7 custom_s=65.943 token_exact=True first_diff=None
Encoding image...
Encoding time: 1.67 seconds
  cross_k shape: (6, 1, 6, 52, 128)
  cross_v shape: (6, 1, 6, 52, 128)
Generating text...
✅ Generation complete! Total tokens: 15
  Time taken: 1.07 seconds
  Tokens per second: 14.00
UNIREC_CROP_END page=PPT_1001115_eng_page_003.png crop=2 label=paragraph_title_02 custom_tokens=15 custom_s=0.156 token_exact=True first_diff=None
Encoding image...
Encoding time: 1.42 seconds
  cross_k shape: (6, 1, 6, 60, 128)
  cross_v shape: (6, 1, 6, 60, 128)
Generating text...
✅ Generation complete! Total tokens: 26
  Time taken: 3.31 seconds
  Tokens per second: 7.85
UNIREC_CROP_END page=PPT_1001115_eng_page_003.png crop=3 label=text_03 custom_tokens=26 custom_s=0.152 token_exact=True first_diff=None
Encoding image...
Encoding time: 1.66 seconds
  cross_k shape: (6, 1, 6, 112, 128)
  cross_v shape: (6, 1, 6, 112, 128)
Generating text...
✅ Generation complete! Total tokens: 29
  Time taken: 2.85 seconds
  Tokens per second: 10.19
UNIREC_CROP_END page=PPT_1001115_eng_page_003.png crop=4 label=text_04 custom_tokens=29 custom_s=0.170 token_exact=True first_diff=None
Encoding image...
Encoding time: 1.25 seconds
  cross_k shape: (6, 1, 6, 120, 128)
  cross_v shape: (6, 1, 6, 120, 128)
Generating text...
✅ Generation complete! Total tokens: 47
  Time taken: 3.99 seconds
  Tokens per second: 11.77
UNIREC_CROP_END page=PPT_1001115_eng_page_003.png crop=5 label=text_05 custom_tokens=47 custom_s=0.278 token_exact=True first_diff=None
Encoding image...
Encoding time: 1.16 seconds
  cross_k shape: (6, 1, 6, 60, 128)
  cross_v shape: (6, 1, 6, 60, 128)
Generating text...
✅ Generation complete! Total tokens: 28
  Time taken: 1.36 seconds
  Tokens per second: 20.56
UNIREC_CROP_END page=PPT_1001115_eng_page_003.png crop=6 label=text_06 custom_tokens=28 custom_s=0.102 token_exact=True first_diff=None
[2026/08/05 12:21:40] opendoc_onnx INFO:   Total time:  95.600s
OPENDOC_CUSTOM_PAGE_END index=1/1 wall_s=95.638 recognized_crops=6
OPENDOC_CUSTOM_RUN_END {"status": "ok", "mode": "compare", "openocr_root": "/workspace/repos/OpenOCR", "model_path": "/workspace/models/unirec-0.1b", "device": "npu:0", "dtype": "float16", "decode_mode": "compiled", "compile_backend": "torchair", "compile_cache_dir": "/workspace/repos/paddle_ocr_vl_npu/.runtime_cache/12_unirec_0_1b_inference/opendoc_explicit_model_pth_decode_fp16", "max_parallel_blocks": 1, "max_length": 256, "setup_s": 15.497609073063359, "pipeline_wall_s": 95.63802870502695, "page_count": 1, "crop_count": 6, "preprocess_exact_count": 0, "token_exact_count": 6, "raw_text_exact_count": 6, "postprocessed_text_exact_count": 6, "pages": [{"image": "/workspace/datasets/OmniDocBench/images/PPT_1001115_eng_page_003.png", "wall_s": 95.63802870502695, "recognized_crops": 6}], "trace_path": "/workspace/repos/paddle_ocr_vl_npu/tmp/12_unirec_0_1b_inference/opendoc_explicit_fp16_compiled_compare_d470301/output/recognition_comparison.jsonl"}
