OCR API ready worker_pid=122309; preparing table crops in RAM
Frozen ALL cohort: 665 tables (121 LaTeX, 544 non-LaTeX)
Scheduled 100 Poisson arrivals at 6 QPS; request limit=100; last scheduled arrival at 16.852s; HTTP endpoint=http://127.0.0.1:8767/v1/ocr
Writing each completion to tmp/19_table_ocr_serving/logging_20260913/final/detailed/b8/measured/results/results.jsonl
[   0.025s] SEND #00001 table=page_000287_table_box_id_8 lag=   1.2ms active=1
[   0.338s] SEND #00002 table=page_001367_table_51 lag=   0.5ms active=2
[   0.579s] SEND #00003 table=page_000236_table_box_id_1 lag=   1.2ms active=3
[   0.628s] SEND #00004 table=page_000634_table_11 lag=   1.0ms active=4
[   0.742s] SEND #00005 table=page_000272_table_box_id_1 lag=   1.0ms active=5
[   0.841s] SEND #00006 table=page_001172_table_16 lag=   0.6ms active=6
[   1.018s] SEND #00007 table=page_001137_table_2 lag=   2.2ms active=7
[   1.259s] RECV #00003 table=page_000236_table_box_id_1 request= 0.680s scheduled= 0.681s status=ok active=6
[   1.276s] SEND #00008 table=page_001150_table_box_id_9 lag=   0.5ms active=7
[   1.293s] SEND #00009 table=page_000920_table_8 lag=   1.0ms active=8
[   1.297s] SEND #00010 table=page_000524_table_0 lag=   0.5ms active=9
[   1.480s] RECV #00002 table=page_001367_table_51 request= 1.142s scheduled= 1.142s status=ok active=8
[   1.597s] RECV #00006 table=page_001172_table_16 request= 0.756s scheduled= 0.756s status=ok active=7
[   1.598s] SEND #00011 table=page_000256_table_box_id_8 lag=   0.5ms active=8
[   1.693s] SEND #00012 table=page_001166_table_9 lag=   0.9ms active=9
[   1.793s] RECV #00004 table=page_000634_table_11 request= 1.165s scheduled= 1.166s status=ok active=8
[   1.842s] RECV #00009 table=page_000920_table_8 request= 0.550s scheduled= 0.550s status=ok active=7
[   1.933s] SEND #00013 table=page_000211_table_box_id_3 lag=   1.2ms active=8
[   1.933s] SEND #00014 table=page_000933_table_10 lag=   1.3ms active=9
[   2.031s] SEND #00015 table=page_001129_table_8 lag=   0.7ms active=10
[   2.158s] RECV #00012 table=page_001166_table_9 request= 0.465s scheduled= 0.466s status=ok active=9
[   2.159s] RECV #00011 table=page_000256_table_box_id_8 request= 0.561s scheduled= 0.562s status=ok active=8
[   2.244s] SEND #00016 table=page_001375_table_7 lag=   0.5ms active=9
[   2.287s] SEND #00017 table=page_000106_table_box_id_2 lag=   0.5ms active=10
[   2.292s] RECV #00008 table=page_001150_table_box_id_9 request= 1.016s scheduled= 1.016s status=ok active=9
[   2.441s] RECV #00014 table=page_000933_table_10 request= 0.508s scheduled= 0.509s status=ok active=8
[   2.581s] RECV #00016 table=page_001375_table_7 request= 0.338s scheduled= 0.338s status=ok active=7
[   2.608s] RECV #00007 table=page_001137_table_2 request= 1.590s scheduled= 1.592s status=ok active=6
[   2.772s] SEND #00018 table=page_001134_table_10 lag=   1.0ms active=7
[   2.906s] RECV #00010 table=page_000524_table_0 request= 1.609s scheduled= 1.609s status=ok active=6
[   2.927s] RECV #00013 table=page_000211_table_box_id_3 request= 0.994s scheduled= 0.996s status=ok active=5
[   3.158s] SEND #00019 table=page_000642_table_8 lag=   0.8ms active=6
[   3.163s] SEND #00020 table=page_000564_table_7 lag=   0.4ms active=7
[   3.167s] SEND #00021 table=page_001368_table_box_id_242 lag=   0.9ms active=8
[   3.297s] SEND #00022 table=page_000263_table_box_id_7 lag=   0.7ms active=9
[   3.371s] RECV #00017 table=page_000106_table_box_id_2 request= 1.084s scheduled= 1.084s status=ok active=8
[   3.647s] RECV #00021 table=page_001368_table_box_id_242 request= 0.480s scheduled= 0.481s status=ok active=7
[   3.719s] RECV #00020 table=page_000564_table_7 request= 0.556s scheduled= 0.557s status=ok active=6
[   3.763s] SEND #00023 table=page_000746_table_18 lag=   0.4ms active=7
[   3.822s] RECV #00015 table=page_001129_table_8 request= 1.791s scheduled= 1.791s status=ok active=6
[   3.843s] SEND #00024 table=page_000213_table_box_id_5 lag=   0.2ms active=7
[   3.884s] SEND #00025 table=page_000206_table_box_id_1 lag=   0.4ms active=8
[   3.976s] SEND #00026 table=page_000209_table_box_id_1 lag=   0.9ms active=9
[   3.981s] SEND #00027 table=page_001216_table_2 lag=   0.9ms active=10
[   4.022s] SEND #00028 table=page_000188_table_box_id_6 lag=   0.9ms active=11
[   4.118s] SEND #00029 table=page_000921_table_9 lag=   0.7ms active=12
[   4.233s] SEND #00030 table=page_000533_table_8 lag=   0.8ms active=13
[   4.276s] SEND #00031 table=page_001123_table_14 lag=   0.4ms active=14
[   4.321s] SEND #00032 table=page_001503_table_5 lag=   0.8ms active=15
[   4.357s] RECV #00018 table=page_001134_table_10 request= 1.585s scheduled= 1.586s status=ok active=14
[   4.362s] SEND #00033 table=page_001197_table_5 lag=   0.9ms active=15
[   4.464s] SEND #00034 table=page_000542_table_0 lag=   0.6ms active=16
[   4.495s] RECV #00001 table=page_000287_table_box_id_8 request= 4.470s scheduled= 4.471s status=ok active=15
[   4.521s] SEND #00035 table=page_001130_table_1 lag=   0.2ms active=16
[   4.524s] SEND #00036 table=page_001595_table_box_id_9 lag=   0.3ms active=17
[   4.648s] RECV #00025 table=page_000206_table_box_id_1 request= 0.764s scheduled= 0.765s status=ok active=16
[   4.764s] RECV #00026 table=page_000209_table_box_id_1 request= 0.788s scheduled= 0.789s status=ok active=15
[   4.828s] SEND #00037 table=page_001233_table_6 lag=   1.1ms active=16
[   4.850s] RECV #00024 table=page_000213_table_box_id_5 request= 1.007s scheduled= 1.007s status=ok active=15
[   4.964s] SEND #00038 table=page_000585_table_1 lag=   1.2ms active=16
[   4.994s] RECV #00019 table=page_000642_table_8 request= 1.837s scheduled= 1.837s status=ok active=15
[   5.041s] RECV #00028 table=page_000188_table_box_id_6 request= 1.019s scheduled= 1.020s status=ok active=14
[   5.110s] RECV #00029 table=page_000921_table_9 request= 0.991s scheduled= 0.992s status=ok active=13
[   5.134s] SEND #00039 table=page_000821_table_box_id_26 lag=   0.2ms active=14
[   5.169s] SEND #00040 table=page_000566_table_3 lag=   0.7ms active=15
[   5.203s] RECV #00032 table=page_001503_table_5 request= 0.882s scheduled= 0.883s status=ok active=14
[   5.300s] RECV #00023 table=page_000746_table_18 request= 1.537s scheduled= 1.537s status=ok active=13
[   5.399s] RECV #00030 table=page_000533_table_8 request= 1.167s scheduled= 1.168s status=ok active=12
[   5.453s] RECV #00035 table=page_001130_table_1 request= 0.933s scheduled= 0.933s status=ok active=11
[   5.548s] RECV #00036 table=page_001595_table_box_id_9 request= 1.023s scheduled= 1.024s status=ok active=10
[   5.660s] RECV #00031 table=page_001123_table_14 request= 1.384s scheduled= 1.384s status=ok active=9
[   5.755s] RECV #00039 table=page_000821_table_box_id_26 request= 0.621s scheduled= 0.621s status=ok active=8
[   5.910s] RECV #00027 table=page_001216_table_2 request= 1.929s scheduled= 1.930s status=ok active=7
[   5.985s] SEND #00041 table=page_000534_table_4 lag=   0.9ms active=8
[   6.179s] RECV #00034 table=page_000542_table_0 request= 1.715s scheduled= 1.716s status=ok active=7
[   6.284s] RECV #00037 table=page_001233_table_6 request= 1.456s scheduled= 1.457s status=ok active=6
[   6.313s] SEND #00042 table=page_001141_table_13 lag=   0.4ms active=7
[   6.334s] SEND #00043 table=page_000665_table_3 lag=   0.7ms active=8
[   6.403s] SEND #00044 table=page_001417_table_2 lag=   2.0ms active=9
[   6.407s] RECV #00043 table=page_000665_table_3 request= 0.073s scheduled= 0.074s status=ok active=8
[   6.540s] RECV #00044 table=page_001417_table_2 request= 0.136s scheduled= 0.138s status=ok active=7
[   6.591s] RECV #00038 table=page_000585_table_1 request= 1.627s scheduled= 1.628s status=ok active=6
[   6.614s] SEND #00045 table=page_001117_table_box_id_7 lag=   0.2ms active=7
[   6.719s] RECV #00040 table=page_000566_table_3 request= 1.550s scheduled= 1.551s status=ok active=6
[   6.723s] RECV #00041 table=page_000534_table_4 request= 0.737s scheduled= 0.738s status=ok active=5
[   6.822s] SEND #00046 table=page_001270_table_box_id_1 lag=   1.0ms active=6
[   6.824s] RECV #00033 table=page_001197_table_5 request= 2.462s scheduled= 2.463s status=ok active=5
[   6.856s] RECV #00045 table=page_001117_table_box_id_7 request= 0.241s scheduled= 0.242s status=ok active=4
[   6.998s] RECV #00042 table=page_001141_table_13 request= 0.685s scheduled= 0.686s status=ok active=3
[   7.157s] RECV #00022 table=page_000263_table_box_id_7 request= 3.860s scheduled= 3.860s status=ok active=2
[   7.281s] SEND #00047 table=page_000261_table_box_id_3 lag=   0.9ms active=3
[   7.373s] SEND #00048 table=page_000505_table_1 lag=   0.7ms active=4
[   7.668s] SEND #00049 table=page_000682_table_15 lag=   0.7ms active=5
[   7.851s] RECV #00049 table=page_000682_table_15 request= 0.183s scheduled= 0.184s status=ok active=4
[   7.852s] SEND #00050 table=page_000275_table_box_id_1 lag=   0.2ms active=5
[   7.913s] SEND #00051 table=page_000789_table_34 lag=   0.8ms active=6
[   8.052s] RECV #00051 table=page_000789_table_34 request= 0.139s scheduled= 0.140s status=ok active=5
[   8.060s] SEND #00052 table=page_001177_table_2 lag=   0.4ms active=6
[   8.363s] RECV #00005 table=page_000272_table_box_id_1 request= 7.621s scheduled= 7.622s status=ok active=5
[   8.418s] SEND #00053 table=page_001398_table_box-13qv1ztw lag=   1.2ms active=6
[   8.589s] RECV #00046 table=page_001270_table_box_id_1 request= 1.767s scheduled= 1.768s status=ok active=5
[   8.638s] RECV #00053 table=page_001398_table_box-13qv1ztw request= 0.219s scheduled= 0.221s status=ok active=4
[   8.730s] SEND #00054 table=page_001183_table_11 lag=   1.0ms active=5
[   8.731s] RECV #00052 table=page_001177_table_2 request= 0.670s scheduled= 0.671s status=ok active=4
[   8.822s] RECV #00048 table=page_000505_table_1 request= 1.449s scheduled= 1.450s status=ok active=3
[   8.846s] SEND #00055 table=page_000507_table_0 lag=   0.2ms active=4
[   8.995s] SEND #00056 table=page_000710_table_9 lag=   0.8ms active=5
[   9.001s] SEND #00057 table=page_000657_table_6 lag=   0.7ms active=6
[   9.048s] SEND #00058 table=page_001368_table_box_id_227 lag=   1.0ms active=7
[   9.142s] RECV #00057 table=page_000657_table_6 request= 0.141s scheduled= 0.141s status=ok active=6
[   9.220s] RECV #00056 table=page_000710_table_9 request= 0.225s scheduled= 0.226s status=ok active=5
[   9.241s] RECV #00054 table=page_001183_table_11 request= 0.512s scheduled= 0.513s status=ok active=4
[   9.294s] RECV #00055 table=page_000507_table_0 request= 0.448s scheduled= 0.448s status=ok active=3
[   9.314s] SEND #00059 table=page_001176_table_4 lag=   1.1ms active=4
[   9.403s] SEND #00060 table=page_001181_table_6 lag=   0.9ms active=5
[   9.434s] SEND #00061 table=page_000937_table_0 lag=   0.6ms active=6
[   9.567s] SEND #00062 table=page_001368_table_box_id_237 lag=   1.1ms active=7
[   9.769s] SEND #00063 table=page_000217_table_box_id_0 lag=   0.7ms active=8
[   9.956s] SEND #00064 table=page_001159_table_5 lag=   0.7ms active=9
[  10.001s] RECV #00058 table=page_001368_table_box_id_227 request= 0.953s scheduled= 0.954s status=ok active=8
[  10.034s] SEND #00065 table=page_000626_table_box_id_1 lag=   0.2ms active=9
[  10.078s] RECV #00062 table=page_001368_table_box_id_237 request= 0.511s scheduled= 0.512s status=ok active=8
[  10.102s] RECV #00061 table=page_000937_table_0 request= 0.668s scheduled= 0.668s status=ok active=7
[  10.131s] SEND #00066 table=page_000984_table_2 lag=   1.1ms active=8
[  10.230s] RECV #00047 table=page_000261_table_box_id_3 request= 2.949s scheduled= 2.950s status=ok active=7
[  10.250s] SEND #00067 table=page_001082_table_34 lag=   1.5ms active=8
[  10.261s] RECV #00066 table=page_000984_table_2 request= 0.130s scheduled= 0.131s status=ok active=7
[  10.272s] RECV #00063 table=page_000217_table_box_id_0 request= 0.503s scheduled= 0.504s status=ok active=6
[  10.501s] SEND #00068 table=page_000467_table_17 lag=   1.3ms active=7
[  10.623s] SEND #00069 table=page_000866_table_14 lag=   0.5ms active=8
[  10.707s] SEND #00070 table=page_001227_table_10 lag=   1.1ms active=9
[  10.819s] SEND #00071 table=page_000916_table_7 lag=   1.0ms active=10
[  10.823s] SEND #00072 table=page_000251_table_box_id_7 lag=   0.2ms active=11
[  10.824s] RECV #00064 table=page_001159_table_5 request= 0.868s scheduled= 0.868s status=ok active=10
[  10.830s] SEND #00073 table=page_001131_table_15 lag=   0.3ms active=11
[  11.033s] SEND #00074 table=page_001183_table_12 lag=   0.7ms active=12
[  11.036s] RECV #00069 table=page_000866_table_14 request= 0.413s scheduled= 0.413s status=ok active=11
[  11.179s] RECV #00059 table=page_001176_table_4 request= 1.865s scheduled= 1.866s status=ok active=10
[  11.439s] RECV #00067 table=page_001082_table_34 request= 1.189s scheduled= 1.190s status=ok active=9
[  11.581s] RECV #00071 table=page_000916_table_7 request= 0.762s scheduled= 0.763s status=ok active=8
[  11.714s] SEND #00075 table=page_000266_table_box_id_7 lag=   0.4ms active=9
[  11.735s] RECV #00073 table=page_001131_table_15 request= 0.904s scheduled= 0.905s status=ok active=8
[  11.864s] SEND #00076 table=page_000447_table_12 lag=   0.7ms active=9
[  11.883s] RECV #00060 table=page_001181_table_6 request= 2.480s scheduled= 2.481s status=ok active=8
[  11.947s] SEND #00077 table=page_001193_table_4 lag=   0.3ms active=9
[  11.957s] RECV #00075 table=page_000266_table_box_id_7 request= 0.243s scheduled= 0.243s status=ok active=8
[  11.979s] SEND #00078 table=page_001368_table_box_id_239 lag=   0.9ms active=9
[  12.095s] SEND #00079 table=page_000903_table_15 lag=   0.4ms active=10
[  12.106s] RECV #00072 table=page_000251_table_box_id_7 request= 1.284s scheduled= 1.284s status=ok active=9
[  12.209s] RECV #00074 table=page_001183_table_12 request= 1.175s scheduled= 1.176s status=ok active=8
[  12.257s] RECV #00068 table=page_000467_table_17 request= 1.757s scheduled= 1.758s status=ok active=7
[  12.357s] RECV #00078 table=page_001368_table_box_id_239 request= 0.378s scheduled= 0.379s status=ok active=6
[  12.360s] RECV #00079 table=page_000903_table_15 request= 0.266s scheduled= 0.266s status=ok active=5
[  12.393s] RECV #00076 table=page_000447_table_12 request= 0.529s scheduled= 0.529s status=ok active=4
[  12.435s] RECV #00077 table=page_001193_table_4 request= 0.487s scheduled= 0.488s status=ok active=3
[  12.765s] SEND #00080 table=page_001167_table_2 lag=   0.7ms active=4
[  12.774s] RECV #00070 table=page_001227_table_10 request= 2.067s scheduled= 2.068s status=ok active=3
[  13.012s] SEND #00081 table=page_000212_table_box_id_1 lag=   2.4ms active=4
[  13.043s] RECV #00065 table=page_000626_table_box_id_1 request= 3.009s scheduled= 3.009s status=ok active=3
[  13.140s] SEND #00082 table=page_001147_table_10 lag=   0.8ms active=4
[  13.186s] RECV #00080 table=page_001167_table_2 request= 0.420s scheduled= 0.421s status=ok active=3
[  13.468s] SEND #00083 table=page_000223_table_box_id_2 lag=   1.1ms active=4
[  13.512s] SEND #00084 table=page_000716_table_0 lag=   1.0ms active=5
[  13.633s] SEND #00085 table=page_000937_table_1 lag=   1.6ms active=6
[  13.779s] RECV #00084 table=page_000716_table_0 request= 0.267s scheduled= 0.268s status=ok active=5
[  13.944s] RECV #00085 table=page_000937_table_1 request= 0.311s scheduled= 0.313s status=ok active=4
[  14.139s] SEND #00086 table=page_000465_table_10 lag=   0.3ms active=5
[  14.284s] SEND #00087 table=page_000465_table_8 lag=   1.6ms active=6
[  14.386s] SEND #00088 table=page_001179_table_6 lag=   1.0ms active=7
[  14.410s] RECV #00050 table=page_000275_table_box_id_1 request= 6.557s scheduled= 6.557s status=ok active=6
[  14.439s] SEND #00089 table=page_000554_table_12 lag=   1.0ms active=7
[  14.570s] SEND #00090 table=page_000199_table_box_id_0 lag=   0.5ms active=8
[  14.638s] RECV #00081 table=page_000212_table_box_id_1 request= 1.626s scheduled= 1.628s status=ok active=7
[  14.770s] RECV #00089 table=page_000554_table_12 request= 0.332s scheduled= 0.333s status=ok active=6
[  14.799s] RECV #00086 table=page_000465_table_10 request= 0.660s scheduled= 0.660s status=ok active=5
[  14.914s] RECV #00087 table=page_000465_table_8 request= 0.630s scheduled= 0.631s status=ok active=4
[  15.043s] RECV #00083 table=page_000223_table_box_id_2 request= 1.575s scheduled= 1.576s status=ok active=3
[  15.085s] RECV #00082 table=page_001147_table_10 request= 1.945s scheduled= 1.946s status=ok active=2
[  15.096s] SEND #00091 table=page_000516_table_0 lag=   0.7ms active=3
[  15.096s] SEND #00092 table=page_001214_table_8 lag=   0.3ms active=4
[  15.352s] SEND #00093 table=page_001368_table_box_id_161 lag=   1.4ms active=5
[  15.630s] RECV #00092 table=page_001214_table_8 request= 0.534s scheduled= 0.534s status=ok active=4
[  15.638s] SEND #00094 table=page_000577_table_3 lag=   0.5ms active=5
[  15.881s] RECV #00093 table=page_001368_table_box_id_161 request= 0.528s scheduled= 0.530s status=ok active=4
[  15.973s] RECV #00094 table=page_000577_table_3 request= 0.336s scheduled= 0.336s status=ok active=3
[  16.000s] SEND #00095 table=page_000984_table_3 lag=   1.2ms active=4
[  16.225s] SEND #00096 table=page_001187_table_0 lag=   0.4ms active=5
[  16.451s] RECV #00090 table=page_000199_table_box_id_0 request= 1.880s scheduled= 1.881s status=ok active=4
[  16.492s] RECV #00091 table=page_000516_table_0 request= 1.397s scheduled= 1.397s status=ok active=3
[  16.501s] SEND #00097 table=page_000821_table_box_id_14 lag=   0.5ms active=4
[  16.622s] SEND #00098 table=page_000833_table_4 lag=   0.4ms active=5
[  16.638s] RECV #00097 table=page_000821_table_box_id_14 request= 0.137s scheduled= 0.137s status=ok active=4
[  16.695s] RECV #00095 table=page_000984_table_3 request= 0.695s scheduled= 0.696s status=ok active=3
[  16.760s] SEND #00099 table=page_001375_table_31 lag=   0.3ms active=4
[  16.853s] SEND #00100 table=page_000645_table_7 lag=   0.8ms active=5
[  16.859s] RECV #00088 table=page_001179_table_6 request= 2.473s scheduled= 2.474s status=ok active=4
[  16.911s] RECV #00099 table=page_001375_table_31 request= 0.151s scheduled= 0.151s status=ok active=3
[  17.021s] RECV #00098 table=page_000833_table_4 request= 0.399s scheduled= 0.399s status=ok active=2
[  17.037s] RECV #00100 table=page_000645_table_7 request= 0.185s scheduled= 0.185s status=ok active=1
[  18.997s] RECV #00096 table=page_001187_table_0 request= 2.773s scheduled= 2.773s status=ok active=0
DONE completed=100 failed=0 max_active=17 p50=0.829s p95=2.953s max=7.622s
Summary: tmp/19_table_ocr_serving/logging_20260913/final/detailed/b8/measured/results/summary.json
