OCR API ready worker_pid=120327; preparing table crops in RAM
Frozen ALL cohort: 665 tables (121 LaTeX, 544 non-LaTeX)
Scheduled 100 Poisson arrivals at 6 QPS; request limit=100; last scheduled arrival at 16.852s; HTTP endpoint=http://127.0.0.1:8767/v1/ocr
Writing each completion to tmp/19_table_ocr_serving/logging_20260913/final/control_cached/b8/measured/results/results.jsonl
[   0.025s] SEND #00001 table=page_000287_table_box_id_8 lag=   0.5ms active=1
[   0.338s] SEND #00002 table=page_001367_table_51 lag=   0.7ms active=2
[   0.580s] SEND #00003 table=page_000236_table_box_id_1 lag=   1.6ms active=3
[   0.628s] SEND #00004 table=page_000634_table_11 lag=   0.6ms active=4
[   0.742s] SEND #00005 table=page_000272_table_box_id_1 lag=   0.8ms active=5
[   0.842s] SEND #00006 table=page_001172_table_16 lag=   1.2ms active=6
[   1.017s] SEND #00007 table=page_001137_table_2 lag=   1.1ms active=7
[   1.276s] SEND #00008 table=page_001150_table_box_id_9 lag=   0.9ms active=8
[   1.278s] RECV #00003 table=page_000236_table_box_id_1 request= 0.698s scheduled= 0.700s status=ok active=7
[   1.293s] SEND #00009 table=page_000920_table_8 lag=   1.0ms active=8
[   1.298s] SEND #00010 table=page_000524_table_0 lag=   1.0ms active=9
[   1.502s] RECV #00002 table=page_001367_table_51 request= 1.164s scheduled= 1.164s status=ok active=8
[   1.596s] RECV #00006 table=page_001172_table_16 request= 0.754s scheduled= 0.755s status=ok active=7
[   1.598s] SEND #00011 table=page_000256_table_box_id_8 lag=   0.5ms active=8
[   1.692s] SEND #00012 table=page_001166_table_9 lag=   0.3ms active=9
[   1.808s] RECV #00009 table=page_000920_table_8 request= 0.516s scheduled= 0.517s status=ok active=8
[   1.857s] RECV #00004 table=page_000634_table_11 request= 1.230s scheduled= 1.230s status=ok active=7
[   1.932s] SEND #00013 table=page_000211_table_box_id_3 lag=   0.3ms active=8
[   1.932s] SEND #00014 table=page_000933_table_10 lag=   0.4ms active=9
[   2.030s] SEND #00015 table=page_001129_table_8 lag=   0.3ms active=10
[   2.151s] RECV #00011 table=page_000256_table_box_id_8 request= 0.553s scheduled= 0.553s status=ok active=9
[   2.206s] RECV #00012 table=page_001166_table_9 request= 0.514s scheduled= 0.514s status=ok active=8
[   2.244s] SEND #00016 table=page_001375_table_7 lag=   0.6ms active=9
[   2.288s] SEND #00017 table=page_000106_table_box_id_2 lag=   1.1ms active=10
[   2.293s] RECV #00008 table=page_001150_table_box_id_9 request= 1.017s scheduled= 1.017s status=ok active=9
[   2.432s] RECV #00014 table=page_000933_table_10 request= 0.500s scheduled= 0.500s status=ok active=8
[   2.591s] RECV #00016 table=page_001375_table_7 request= 0.347s scheduled= 0.348s status=ok active=7
[   2.613s] RECV #00007 table=page_001137_table_2 request= 1.596s scheduled= 1.597s status=ok active=6
[   2.772s] SEND #00018 table=page_001134_table_10 lag=   0.9ms active=7
[   2.908s] RECV #00013 table=page_000211_table_box_id_3 request= 0.976s scheduled= 0.976s status=ok active=6
[   2.920s] RECV #00010 table=page_000524_table_0 request= 1.622s scheduled= 1.623s status=ok active=5
[   3.158s] SEND #00019 table=page_000642_table_8 lag=   1.4ms active=6
[   3.163s] SEND #00020 table=page_000564_table_7 lag=   1.1ms active=7
[   3.167s] SEND #00021 table=page_001368_table_box_id_242 lag=   0.5ms active=8
[   3.191s] RECV #00017 table=page_000106_table_box_id_2 request= 0.903s scheduled= 0.904s status=ok active=7
[   3.297s] SEND #00022 table=page_000263_table_box_id_7 lag=   0.9ms active=8
[   3.648s] RECV #00021 table=page_001368_table_box_id_242 request= 0.481s scheduled= 0.481s status=ok active=7
[   3.720s] RECV #00020 table=page_000564_table_7 request= 0.556s scheduled= 0.557s status=ok active=6
[   3.764s] SEND #00023 table=page_000746_table_18 lag=   1.1ms active=7
[   3.832s] RECV #00015 table=page_001129_table_8 request= 1.802s scheduled= 1.802s status=ok active=6
[   3.844s] SEND #00024 table=page_000213_table_box_id_5 lag=   1.1ms active=7
[   3.884s] SEND #00025 table=page_000206_table_box_id_1 lag=   0.5ms active=8
[   3.976s] SEND #00026 table=page_000209_table_box_id_1 lag=   0.7ms active=9
[   3.981s] SEND #00027 table=page_001216_table_2 lag=   0.8ms active=10
[   4.022s] SEND #00028 table=page_000188_table_box_id_6 lag=   0.8ms active=11
[   4.118s] SEND #00029 table=page_000921_table_9 lag=   0.3ms active=12
[   4.232s] SEND #00030 table=page_000533_table_8 lag=   0.4ms active=13
[   4.277s] SEND #00031 table=page_001123_table_14 lag=   0.9ms active=14
[   4.321s] SEND #00032 table=page_001503_table_5 lag=   0.9ms active=15
[   4.357s] RECV #00018 table=page_001134_table_10 request= 1.585s scheduled= 1.586s status=ok active=14
[   4.361s] SEND #00033 table=page_001197_table_5 lag=   0.4ms active=15
[   4.464s] SEND #00034 table=page_000542_table_0 lag=   0.8ms active=16
[   4.521s] SEND #00035 table=page_001130_table_1 lag=   0.6ms active=17
[   4.525s] SEND #00036 table=page_001595_table_box_id_9 lag=   0.7ms active=18
[   4.529s] RECV #00001 table=page_000287_table_box_id_8 request= 4.504s scheduled= 4.505s status=ok active=17
[   4.647s] RECV #00025 table=page_000206_table_box_id_1 request= 0.763s scheduled= 0.763s status=ok active=16
[   4.759s] RECV #00026 table=page_000209_table_box_id_1 request= 0.784s scheduled= 0.784s status=ok active=15
[   4.828s] SEND #00037 table=page_001233_table_6 lag=   0.8ms active=16
[   4.847s] RECV #00024 table=page_000213_table_box_id_5 request= 1.003s scheduled= 1.004s status=ok active=15
[   4.963s] SEND #00038 table=page_000585_table_1 lag=   0.7ms active=16
[   4.992s] RECV #00019 table=page_000642_table_8 request= 1.834s scheduled= 1.836s status=ok active=15
[   5.044s] RECV #00028 table=page_000188_table_box_id_6 request= 1.021s scheduled= 1.022s status=ok active=14
[   5.108s] RECV #00029 table=page_000921_table_9 request= 0.990s scheduled= 0.991s status=ok active=13
[   5.136s] SEND #00039 table=page_000821_table_box_id_26 lag=   1.7ms active=14
[   5.168s] SEND #00040 table=page_000566_table_3 lag=   0.2ms active=15
[   5.205s] RECV #00032 table=page_001503_table_5 request= 0.884s scheduled= 0.885s status=ok active=14
[   5.300s] RECV #00023 table=page_000746_table_18 request= 1.536s scheduled= 1.537s status=ok active=13
[   5.399s] RECV #00030 table=page_000533_table_8 request= 1.167s scheduled= 1.167s status=ok active=12
[   5.453s] RECV #00035 table=page_001130_table_1 request= 0.932s scheduled= 0.933s status=ok active=11
[   5.547s] RECV #00036 table=page_001595_table_box_id_9 request= 1.022s scheduled= 1.023s status=ok active=10
[   5.658s] RECV #00031 table=page_001123_table_14 request= 1.381s scheduled= 1.382s status=ok active=9
[   5.752s] RECV #00039 table=page_000821_table_box_id_26 request= 0.616s scheduled= 0.618s status=ok active=8
[   5.942s] RECV #00027 table=page_001216_table_2 request= 1.961s scheduled= 1.962s status=ok active=7
[   5.985s] SEND #00041 table=page_000534_table_4 lag=   0.4ms active=8
[   6.180s] RECV #00034 table=page_000542_table_0 request= 1.715s scheduled= 1.716s status=ok active=7
[   6.285s] RECV #00037 table=page_001233_table_6 request= 1.457s scheduled= 1.457s status=ok active=6
[   6.313s] SEND #00042 table=page_001141_table_13 lag=   0.7ms active=7
[   6.335s] SEND #00043 table=page_000665_table_3 lag=   1.1ms active=8
[   6.401s] SEND #00044 table=page_001417_table_2 lag=   0.4ms active=9
[   6.409s] RECV #00043 table=page_000665_table_3 request= 0.074s scheduled= 0.075s status=ok active=8
[   6.538s] RECV #00044 table=page_001417_table_2 request= 0.137s scheduled= 0.137s status=ok active=7
[   6.590s] RECV #00038 table=page_000585_table_1 request= 1.627s scheduled= 1.627s status=ok active=6
[   6.614s] SEND #00045 table=page_001117_table_box_id_7 lag=   0.1ms active=7
[   6.717s] RECV #00040 table=page_000566_table_3 request= 1.548s scheduled= 1.548s status=ok active=6
[   6.724s] RECV #00041 table=page_000534_table_4 request= 0.739s scheduled= 0.739s status=ok active=5
[   6.819s] RECV #00033 table=page_001197_table_5 request= 2.458s scheduled= 2.459s status=ok active=4
[   6.822s] SEND #00046 table=page_001270_table_box_id_1 lag=   0.8ms active=5
[   6.855s] RECV #00045 table=page_001117_table_box_id_7 request= 0.241s scheduled= 0.241s status=ok active=4
[   6.999s] RECV #00042 table=page_001141_table_13 request= 0.686s scheduled= 0.687s status=ok active=3
[   7.163s] RECV #00022 table=page_000263_table_box_id_7 request= 3.865s scheduled= 3.866s status=ok active=2
[   7.282s] SEND #00047 table=page_000261_table_box_id_3 lag=   1.9ms active=3
[   7.373s] SEND #00048 table=page_000505_table_1 lag=   0.7ms active=4
[   7.668s] SEND #00049 table=page_000682_table_15 lag=   0.7ms active=5
[   7.852s] RECV #00049 table=page_000682_table_15 request= 0.184s scheduled= 0.184s status=ok active=4
[   7.853s] SEND #00050 table=page_000275_table_box_id_1 lag=   0.8ms active=5
[   7.914s] SEND #00051 table=page_000789_table_34 lag=   1.5ms active=6
[   8.055s] RECV #00051 table=page_000789_table_34 request= 0.141s scheduled= 0.143s status=ok active=5
[   8.060s] SEND #00052 table=page_001177_table_2 lag=   0.2ms active=6
[   8.396s] RECV #00005 table=page_000272_table_box_id_1 request= 7.655s scheduled= 7.655s status=ok active=5
[   8.418s] SEND #00053 table=page_001398_table_box-13qv1ztw lag=   0.7ms active=6
[   8.609s] RECV #00046 table=page_001270_table_box_id_1 request= 1.787s scheduled= 1.788s status=ok active=5
[   8.636s] RECV #00053 table=page_001398_table_box-13qv1ztw request= 0.219s scheduled= 0.220s status=ok active=4
[   8.730s] SEND #00054 table=page_001183_table_11 lag=   0.9ms active=5
[   8.733s] RECV #00052 table=page_001177_table_2 request= 0.672s scheduled= 0.673s status=ok active=4
[   8.824s] RECV #00048 table=page_000505_table_1 request= 1.452s scheduled= 1.452s status=ok active=3
[   8.847s] SEND #00055 table=page_000507_table_0 lag=   0.4ms active=4
[   8.995s] SEND #00056 table=page_000710_table_9 lag=   1.1ms active=5
[   9.001s] SEND #00057 table=page_000657_table_6 lag=   1.0ms active=6
[   9.047s] SEND #00058 table=page_001368_table_box_id_227 lag=   0.3ms active=7
[   9.141s] RECV #00057 table=page_000657_table_6 request= 0.140s scheduled= 0.141s status=ok active=6
[   9.220s] RECV #00056 table=page_000710_table_9 request= 0.224s scheduled= 0.225s status=ok active=5
[   9.241s] RECV #00054 table=page_001183_table_11 request= 0.511s scheduled= 0.512s status=ok active=4
[   9.296s] RECV #00055 table=page_000507_table_0 request= 0.449s scheduled= 0.450s status=ok active=3
[   9.313s] SEND #00059 table=page_001176_table_4 lag=   0.5ms active=4
[   9.402s] SEND #00060 table=page_001181_table_6 lag=   0.4ms active=5
[   9.434s] SEND #00061 table=page_000937_table_0 lag=   0.9ms active=6
[   9.567s] SEND #00062 table=page_001368_table_box_id_237 lag=   0.6ms active=7
[   9.769s] SEND #00063 table=page_000217_table_box_id_0 lag=   0.5ms active=8
[   9.956s] SEND #00064 table=page_001159_table_5 lag=   0.5ms active=9
[  10.003s] RECV #00058 table=page_001368_table_box_id_227 request= 0.956s scheduled= 0.956s status=ok active=8
[  10.034s] SEND #00065 table=page_000626_table_box_id_1 lag=   0.2ms active=9
[  10.084s] RECV #00062 table=page_001368_table_box_id_237 request= 0.517s scheduled= 0.518s status=ok active=8
[  10.107s] RECV #00061 table=page_000937_table_0 request= 0.673s scheduled= 0.674s status=ok active=7
[  10.131s] SEND #00066 table=page_000984_table_2 lag=   0.4ms active=8
[  10.235s] RECV #00047 table=page_000261_table_box_id_3 request= 2.953s scheduled= 2.955s status=ok active=7
[  10.250s] SEND #00067 table=page_001082_table_34 lag=   1.2ms active=8
[  10.264s] RECV #00066 table=page_000984_table_2 request= 0.133s scheduled= 0.134s status=ok active=7
[  10.280s] RECV #00063 table=page_000217_table_box_id_0 request= 0.511s scheduled= 0.511s status=ok active=6
[  10.500s] SEND #00068 table=page_000467_table_17 lag=   0.8ms active=7
[  10.623s] SEND #00069 table=page_000866_table_14 lag=   1.1ms active=8
[  10.706s] SEND #00070 table=page_001227_table_10 lag=   0.7ms active=9
[  10.818s] SEND #00071 table=page_000916_table_7 lag=   0.3ms active=10
[  10.823s] SEND #00072 table=page_000251_table_box_id_7 lag=   0.6ms active=11
[  10.826s] RECV #00064 table=page_001159_table_5 request= 0.870s scheduled= 0.870s status=ok active=10
[  10.831s] SEND #00073 table=page_001131_table_15 lag=   0.9ms active=11
[  11.034s] SEND #00074 table=page_001183_table_12 lag=   1.3ms active=12
[  11.037s] RECV #00069 table=page_000866_table_14 request= 0.413s scheduled= 0.414s status=ok active=11
[  11.183s] RECV #00059 table=page_001176_table_4 request= 1.870s scheduled= 1.870s status=ok active=10
[  11.441s] RECV #00067 table=page_001082_table_34 request= 1.191s scheduled= 1.193s status=ok active=9
[  11.583s] RECV #00071 table=page_000916_table_7 request= 0.765s scheduled= 0.765s status=ok active=8
[  11.715s] SEND #00075 table=page_000266_table_box_id_7 lag=   1.0ms active=9
[  11.737s] RECV #00073 table=page_001131_table_15 request= 0.906s scheduled= 0.907s status=ok active=8
[  11.864s] SEND #00076 table=page_000447_table_12 lag=   0.7ms active=9
[  11.890s] RECV #00060 table=page_001181_table_6 request= 2.488s scheduled= 2.489s status=ok active=8
[  11.948s] SEND #00077 table=page_001193_table_4 lag=   1.0ms active=9
[  11.958s] RECV #00075 table=page_000266_table_box_id_7 request= 0.243s scheduled= 0.244s status=ok active=8
[  11.978s] SEND #00078 table=page_001368_table_box_id_239 lag=   0.2ms active=9
[  12.095s] SEND #00079 table=page_000903_table_15 lag=   0.6ms active=10
[  12.112s] RECV #00072 table=page_000251_table_box_id_7 request= 1.289s scheduled= 1.289s status=ok active=9
[  12.211s] RECV #00074 table=page_001183_table_12 request= 1.177s scheduled= 1.178s status=ok active=8
[  12.260s] RECV #00068 table=page_000467_table_17 request= 1.759s scheduled= 1.760s status=ok active=7
[  12.363s] RECV #00078 table=page_001368_table_box_id_239 request= 0.384s scheduled= 0.385s status=ok active=6
[  12.363s] RECV #00079 table=page_000903_table_15 request= 0.268s scheduled= 0.269s status=ok active=5
[  12.395s] RECV #00076 table=page_000447_table_12 request= 0.531s scheduled= 0.532s status=ok active=4
[  12.434s] RECV #00077 table=page_001193_table_4 request= 0.486s scheduled= 0.487s status=ok active=3
[  12.765s] SEND #00080 table=page_001167_table_2 lag=   0.8ms active=4
[  12.778s] RECV #00070 table=page_001227_table_10 request= 2.072s scheduled= 2.073s status=ok active=3
[  13.011s] SEND #00081 table=page_000212_table_box_id_1 lag=   1.0ms active=4
[  13.048s] RECV #00065 table=page_000626_table_box_id_1 request= 3.014s scheduled= 3.014s status=ok active=3
[  13.140s] SEND #00082 table=page_001147_table_10 lag=   0.7ms active=4
[  13.186s] RECV #00080 table=page_001167_table_2 request= 0.421s scheduled= 0.421s status=ok active=3
[  13.468s] SEND #00083 table=page_000223_table_box_id_2 lag=   0.5ms active=4
[  13.512s] SEND #00084 table=page_000716_table_0 lag=   0.3ms active=5
[  13.632s] SEND #00085 table=page_000937_table_1 lag=   0.9ms active=6
[  13.781s] RECV #00084 table=page_000716_table_0 request= 0.269s scheduled= 0.270s status=ok active=5
[  13.944s] RECV #00085 table=page_000937_table_1 request= 0.312s scheduled= 0.313s status=ok active=4
[  14.140s] SEND #00086 table=page_000465_table_10 lag=   0.6ms active=5
[  14.285s] SEND #00087 table=page_000465_table_8 lag=   1.8ms active=6
[  14.386s] SEND #00088 table=page_001179_table_6 lag=   0.2ms active=7
[  14.421s] RECV #00050 table=page_000275_table_box_id_1 request= 6.568s scheduled= 6.569s status=ok active=6
[  14.438s] SEND #00089 table=page_000554_table_12 lag=   0.8ms active=7
[  14.570s] SEND #00090 table=page_000199_table_box_id_0 lag=   0.5ms active=8
[  14.637s] RECV #00081 table=page_000212_table_box_id_1 request= 1.626s scheduled= 1.627s status=ok active=7
[  14.772s] RECV #00089 table=page_000554_table_12 request= 0.334s scheduled= 0.335s status=ok active=6
[  14.797s] RECV #00086 table=page_000465_table_10 request= 0.657s scheduled= 0.658s status=ok active=5
[  14.910s] RECV #00087 table=page_000465_table_8 request= 0.626s scheduled= 0.627s status=ok active=4
[  15.042s] RECV #00083 table=page_000223_table_box_id_2 request= 1.574s scheduled= 1.575s status=ok active=3
[  15.085s] RECV #00082 table=page_001147_table_10 request= 1.945s scheduled= 1.945s status=ok active=2
[  15.095s] SEND #00091 table=page_000516_table_0 lag=   0.3ms active=3
[  15.096s] SEND #00092 table=page_001214_table_8 lag=   0.2ms active=4
[  15.352s] SEND #00093 table=page_001368_table_box_id_161 lag=   1.0ms active=5
[  15.639s] SEND #00094 table=page_000577_table_3 lag=   1.8ms active=6
[  15.658s] RECV #00092 table=page_001214_table_8 request= 0.562s scheduled= 0.562s status=ok active=5
[  15.887s] RECV #00093 table=page_001368_table_box_id_161 request= 0.535s scheduled= 0.536s status=ok active=4
[  15.983s] RECV #00094 table=page_000577_table_3 request= 0.344s scheduled= 0.346s status=ok active=3
[  16.000s] SEND #00095 table=page_000984_table_3 lag=   0.4ms active=4
[  16.225s] SEND #00096 table=page_001187_table_0 lag=   0.7ms active=5
[  16.466s] RECV #00090 table=page_000199_table_box_id_0 request= 1.896s scheduled= 1.896s status=ok active=4
[  16.500s] SEND #00097 table=page_000821_table_box_id_14 lag=   0.3ms active=5
[  16.551s] RECV #00091 table=page_000516_table_0 request= 1.456s scheduled= 1.456s status=ok active=4
[  16.624s] SEND #00098 table=page_000833_table_4 lag=   1.6ms active=5
[  16.635s] RECV #00097 table=page_000821_table_box_id_14 request= 0.135s scheduled= 0.135s status=ok active=4
[  16.712s] RECV #00095 table=page_000984_table_3 request= 0.712s scheduled= 0.713s status=ok active=3
[  16.760s] SEND #00099 table=page_001375_table_31 lag=   0.8ms active=4
[  16.853s] SEND #00100 table=page_000645_table_7 lag=   1.3ms active=5
[  16.899s] RECV #00088 table=page_001179_table_6 request= 2.514s scheduled= 2.514s status=ok active=4
[  16.914s] RECV #00099 table=page_001375_table_31 request= 0.153s scheduled= 0.154s status=ok active=3
[  17.024s] RECV #00098 table=page_000833_table_4 request= 0.400s scheduled= 0.402s status=ok active=2
[  17.036s] RECV #00100 table=page_000645_table_7 request= 0.182s scheduled= 0.184s status=ok active=1
[  19.006s] RECV #00096 table=page_001187_table_0 request= 2.781s scheduled= 2.782s status=ok active=0
DONE completed=100 failed=0 max_active=18 p50=0.827s p95=2.958s max=7.655s
Summary: tmp/19_table_ocr_serving/logging_20260913/final/control_cached/b8/measured/results/summary.json
