b2-expanded API ready worker_pid=86506; preloading 100 distinct crops for 100 requests
b2-expanded crops preloaded 50/100
b2-expanded crops preloaded 100/100
b2-expanded payloads ready bytes=34840674
SEND b2-expanded 01/100 table=page_000287_table_box_id_8 active=1
SEND b2-expanded 02/100 table=page_001367_table_51 active=2
RECV b2-expanded 02/100 rank=65 id=page_001367_table_51 latency=0.6111s status=ok active=1
SEND b2-expanded 03/100 table=page_000236_table_box_id_1 active=2
RECV b2-expanded 03/100 rank=324 id=page_000236_table_box_id_1 latency=0.3820s status=ok active=1
SEND b2-expanded 04/100 table=page_000634_table_11 active=2
RECV b2-expanded 04/100 rank=225 id=page_000634_table_11 latency=0.5307s status=ok active=1
SEND b2-expanded 05/100 table=page_000272_table_box_id_1 active=2
RECV b2-expanded 01/100 rank=24 id=page_000287_table_box_id_8 latency=2.5135s status=ok active=1
SEND b2-expanded 06/100 table=page_001172_table_16 active=2
RECV b2-expanded 06/100 rank=337 id=page_001172_table_16 latency=0.3688s status=ok active=1
SEND b2-expanded 07/100 table=page_001137_table_2 active=2
RECV b2-expanded 07/100 rank=151 id=page_001137_table_2 latency=0.7797s status=ok active=1
SEND b2-expanded 08/100 table=page_001150_table_box_id_9 active=2
RECV b2-expanded 08/100 rank=255 id=page_001150_table_box_id_9 latency=0.4656s status=ok active=1
SEND b2-expanded 09/100 table=page_000920_table_8 active=2
RECV b2-expanded 09/100 rank=368 id=page_000920_table_8 latency=0.3408s status=ok active=1
SEND b2-expanded 10/100 table=page_000524_table_0 active=2
RECV b2-expanded 10/100 rank=140 id=page_000524_table_0 latency=0.8497s status=ok active=1
SEND b2-expanded 11/100 table=page_000256_table_box_id_8 active=2
RECV b2-expanded 11/100 rank=336 id=page_000256_table_box_id_8 latency=0.3678s status=ok active=1
SEND b2-expanded 12/100 table=page_001166_table_9 active=2
RECV b2-expanded 05/100 rank=09 id=page_000272_table_box_id_1 latency=4.2786s status=ok active=1
SEND b2-expanded 13/100 table=page_000211_table_box_id_3 active=2
RECV b2-expanded 12/100 rank=436 id=page_001166_table_9 latency=0.3584s status=ok active=1
SEND b2-expanded 14/100 table=page_000933_table_10 active=2
RECV b2-expanded 14/100 rank=504 id=page_000933_table_10 latency=0.1882s status=ok active=1
SEND b2-expanded 15/100 table=page_001129_table_8 active=2
RECV b2-expanded 13/100 rank=201 id=page_000211_table_box_id_3 latency=0.7588s status=ok active=1
SEND b2-expanded 16/100 table=page_001375_table_7 active=2
RECV b2-expanded 16/100 rank=458 id=page_001375_table_7 latency=0.2287s status=ok active=1
SEND b2-expanded 17/100 table=page_000106_table_box_id_2 active=2
RECV b2-expanded 15/100 rank=107 id=page_001129_table_8 latency=1.1307s status=ok active=1
SEND b2-expanded 18/100 table=page_001134_table_10 active=2
RECV b2-expanded 17/100 rank=208 id=page_000106_table_box_id_2 latency=0.5910s status=ok active=1
SEND b2-expanded 19/100 table=page_000642_table_8 active=2
RECV b2-expanded 18/100 rank=134 id=page_001134_table_10 latency=0.9389s status=ok active=1
SEND b2-expanded 20/100 table=page_000564_table_7 active=2
RECV b2-expanded 19/100 rank=128 id=page_000642_table_8 latency=0.9305s status=ok active=1
SEND b2-expanded 21/100 table=page_001368_table_box_id_242 active=2
RECV b2-expanded 21/100 rank=497 id=page_001368_table_box_id_242 latency=0.3209s status=ok active=1
SEND b2-expanded 22/100 table=page_000263_table_box_id_7 active=2
RECV b2-expanded 20/100 rank=334 id=page_000564_table_7 latency=0.3895s status=ok active=1
SEND b2-expanded 23/100 table=page_000746_table_18 active=2
RECV b2-expanded 23/100 rank=161 id=page_000746_table_18 latency=0.7680s status=ok active=1
SEND b2-expanded 24/100 table=page_000213_table_box_id_5 active=2
RECV b2-expanded 24/100 rank=215 id=page_000213_table_box_id_5 latency=0.5502s status=ok active=1
SEND b2-expanded 25/100 table=page_000206_table_box_id_1 active=2
RECV b2-expanded 25/100 rank=309 id=page_000206_table_box_id_1 latency=0.3855s status=ok active=1
SEND b2-expanded 26/100 table=page_000209_table_box_id_1 active=2
RECV b2-expanded 26/100 rank=432 id=page_000209_table_box_id_1 latency=0.2625s status=ok active=1
SEND b2-expanded 27/100 table=page_001216_table_2 active=2
RECV b2-expanded 22/100 rank=31 id=page_000263_table_box_id_7 latency=2.3118s status=ok active=1
SEND b2-expanded 28/100 table=page_000188_table_box_id_6 active=2
RECV b2-expanded 27/100 rank=186 id=page_001216_table_2 latency=0.7550s status=ok active=1
SEND b2-expanded 29/100 table=page_000921_table_9 active=2
RECV b2-expanded 28/100 rank=240 id=page_000188_table_box_id_6 latency=0.6273s status=ok active=1
SEND b2-expanded 30/100 table=page_000533_table_8 active=2
RECV b2-expanded 29/100 rank=460 id=page_000921_table_9 latency=0.2952s status=ok active=1
SEND b2-expanded 31/100 table=page_001123_table_14 active=2
RECV b2-expanded 30/100 rank=399 id=page_000533_table_8 latency=0.3488s status=ok active=1
SEND b2-expanded 32/100 table=page_001503_table_5 active=2
RECV b2-expanded 31/100 rank=413 id=page_001123_table_14 latency=0.3543s status=ok active=1
SEND b2-expanded 33/100 table=page_001197_table_5 active=2
RECV b2-expanded 32/100 rank=526 id=page_001503_table_5 latency=0.1711s status=ok active=1
SEND b2-expanded 34/100 table=page_000542_table_0 active=2
RECV b2-expanded 34/100 rank=219 id=page_000542_table_0 latency=0.5484s status=ok active=1
SEND b2-expanded 35/100 table=page_001130_table_1 active=2
RECV b2-expanded 35/100 rank=572 id=page_001130_table_1 latency=0.1284s status=ok active=1
SEND b2-expanded 36/100 table=page_001595_table_box_id_9 active=2
RECV b2-expanded 36/100 rank=561 id=page_001595_table_box_id_9 latency=0.1326s status=ok active=1
SEND b2-expanded 37/100 table=page_001233_table_6 active=2
RECV b2-expanded 33/100 rank=118 id=page_001197_table_5 latency=1.1392s status=ok active=1
SEND b2-expanded 38/100 table=page_000585_table_1 active=2
RECV b2-expanded 37/100 rank=241 id=page_001233_table_6 latency=0.5839s status=ok active=1
SEND b2-expanded 39/100 table=page_000821_table_box_id_26 active=2
RECV b2-expanded 39/100 rank=617 id=page_000821_table_box_id_26 latency=0.0926s status=ok active=1
SEND b2-expanded 40/100 table=page_000566_table_3 active=2
RECV b2-expanded 38/100 rank=159 id=page_000585_table_1 latency=0.8834s status=ok active=1
SEND b2-expanded 41/100 table=page_000534_table_4 active=2
RECV b2-expanded 40/100 rank=167 id=page_000566_table_3 latency=0.8252s status=ok active=1
SEND b2-expanded 42/100 table=page_001141_table_13 active=2
RECV b2-expanded 41/100 rank=221 id=page_000534_table_4 latency=0.5871s status=ok active=1
SEND b2-expanded 43/100 table=page_000665_table_3 active=2
RECV b2-expanded 43/100 rank=662 id=page_000665_table_3 latency=0.0421s status=ok active=1
SEND b2-expanded 44/100 table=page_001417_table_2 active=2
RECV b2-expanded 44/100 rank=587 id=page_001417_table_2 latency=0.1136s status=ok active=1
SEND b2-expanded 45/100 table=page_001117_table_box_id_7 active=2
RECV b2-expanded 42/100 rank=280 id=page_001141_table_13 latency=0.5105s status=ok active=1
SEND b2-expanded 46/100 table=page_001270_table_box_id_1 active=2
RECV b2-expanded 45/100 rank=483 id=page_001117_table_box_id_7 latency=0.2904s status=ok active=1
SEND b2-expanded 47/100 table=page_000261_table_box_id_3 active=2
RECV b2-expanded 46/100 rank=95 id=page_001270_table_box_id_1 latency=1.1941s status=ok active=1
SEND b2-expanded 48/100 table=page_000505_table_1 active=2
RECV b2-expanded 47/100 rank=54 id=page_000261_table_box_id_3 latency=1.6539s status=ok active=1
SEND b2-expanded 49/100 table=page_000682_table_15 active=2
RECV b2-expanded 49/100 rank=507 id=page_000682_table_15 latency=0.1832s status=ok active=1
SEND b2-expanded 50/100 table=page_000275_table_box_id_1 active=2
RECV b2-expanded 48/100 rank=121 id=page_000505_table_1 latency=1.0931s status=ok active=1
SEND b2-expanded 51/100 table=page_000789_table_34 active=2
RECV b2-expanded 51/100 rank=639 id=page_000789_table_34 latency=0.0698s status=ok active=1
SEND b2-expanded 52/100 table=page_001177_table_2 active=2
RECV b2-expanded 52/100 rank=229 id=page_001177_table_2 latency=0.5250s status=ok active=1
SEND b2-expanded 53/100 table=page_001398_table_box-13qv1ztw active=2
RECV b2-expanded 53/100 rank=511 id=page_001398_table_box-13qv1ztw latency=0.1770s status=ok active=1
SEND b2-expanded 54/100 table=page_001183_table_11 active=2
RECV b2-expanded 54/100 rank=395 id=page_001183_table_11 latency=0.3211s status=ok active=1
SEND b2-expanded 55/100 table=page_000507_table_0 active=2
RECV b2-expanded 55/100 rank=396 id=page_000507_table_0 latency=0.3102s status=ok active=1
SEND b2-expanded 56/100 table=page_000710_table_9 active=2
RECV b2-expanded 56/100 rank=514 id=page_000710_table_9 latency=0.1816s status=ok active=1
SEND b2-expanded 57/100 table=page_000657_table_6 active=2
RECV b2-expanded 57/100 rank=659 id=page_000657_table_6 latency=0.0462s status=ok active=1
SEND b2-expanded 58/100 table=page_001368_table_box_id_227 active=2
RECV b2-expanded 58/100 rank=264 id=page_001368_table_box_id_227 latency=0.4482s status=ok active=1
SEND b2-expanded 59/100 table=page_001176_table_4 active=2
RECV b2-expanded 59/100 rank=122 id=page_001176_table_4 latency=0.9406s status=ok active=1
SEND b2-expanded 60/100 table=page_001181_table_6 active=2
RECV b2-expanded 50/100 rank=12 id=page_000275_table_box_id_1 latency=4.1505s status=ok active=1
SEND b2-expanded 61/100 table=page_000937_table_0 active=2
RECV b2-expanded 61/100 rank=350 id=page_000937_table_0 latency=0.3639s status=ok active=1
SEND b2-expanded 62/100 table=page_001368_table_box_id_237 active=2
RECV b2-expanded 60/100 rank=72 id=page_001181_table_6 latency=1.4223s status=ok active=1
SEND b2-expanded 63/100 table=page_000217_table_box_id_0 active=2
RECV b2-expanded 62/100 rank=468 id=page_001368_table_box_id_237 latency=0.2193s status=ok active=1
SEND b2-expanded 64/100 table=page_001159_table_5 active=2
RECV b2-expanded 63/100 rank=391 id=page_000217_table_box_id_0 latency=0.3916s status=ok active=1
SEND b2-expanded 65/100 table=page_000626_table_box_id_1 active=2
RECV b2-expanded 64/100 rank=224 id=page_001159_table_5 latency=0.6404s status=ok active=1
SEND b2-expanded 66/100 table=page_000984_table_2 active=2
RECV b2-expanded 66/100 rank=625 id=page_000984_table_2 latency=0.0827s status=ok active=1
SEND b2-expanded 67/100 table=page_001082_table_34 active=2
RECV b2-expanded 67/100 rank=171 id=page_001082_table_34 latency=0.7183s status=ok active=1
SEND b2-expanded 68/100 table=page_000467_table_17 active=2
RECV b2-expanded 65/100 rank=44 id=page_000626_table_box_id_1 latency=1.9097s status=ok active=1
SEND b2-expanded 69/100 table=page_000866_table_14 active=2
RECV b2-expanded 68/100 rank=120 id=page_000467_table_17 latency=0.9838s status=ok active=1
SEND b2-expanded 70/100 table=page_001227_table_10 active=2
RECV b2-expanded 69/100 rank=419 id=page_000866_table_14 latency=0.3686s status=ok active=1
SEND b2-expanded 71/100 table=page_000916_table_7 active=2
RECV b2-expanded 71/100 rank=265 id=page_000916_table_7 latency=0.4595s status=ok active=1
SEND b2-expanded 72/100 table=page_000251_table_box_id_7 active=2
RECV b2-expanded 72/100 rank=184 id=page_000251_table_box_id_7 latency=0.6449s status=ok active=1
SEND b2-expanded 73/100 table=page_001131_table_15 active=2
RECV b2-expanded 70/100 rank=75 id=page_001227_table_10 latency=1.4569s status=ok active=1
SEND b2-expanded 74/100 table=page_001183_table_12 active=2
RECV b2-expanded 73/100 rank=469 id=page_001131_table_15 latency=0.2822s status=ok active=1
SEND b2-expanded 75/100 table=page_000266_table_box_id_7 active=2
RECV b2-expanded 75/100 rank=509 id=page_000266_table_box_id_7 latency=0.1801s status=ok active=1
SEND b2-expanded 76/100 table=page_000447_table_12 active=2
RECV b2-expanded 74/100 rank=285 id=page_001183_table_12 latency=0.5099s status=ok active=1
SEND b2-expanded 77/100 table=page_001193_table_4 active=2
RECV b2-expanded 76/100 rank=371 id=page_000447_table_12 latency=0.3972s status=ok active=1
SEND b2-expanded 78/100 table=page_001368_table_box_id_239 active=2
RECV b2-expanded 78/100 rank=512 id=page_001368_table_box_id_239 latency=0.1739s status=ok active=1
SEND b2-expanded 79/100 table=page_000903_table_15 active=2
RECV b2-expanded 77/100 rank=342 id=page_001193_table_4 latency=0.3942s status=ok active=1
SEND b2-expanded 80/100 table=page_001167_table_2 active=2
RECV b2-expanded 79/100 rank=522 id=page_000903_table_15 latency=0.2092s status=ok active=1
SEND b2-expanded 81/100 table=page_000212_table_box_id_1 active=2
RECV b2-expanded 80/100 rank=422 id=page_001167_table_2 latency=0.4085s status=ok active=1
SEND b2-expanded 82/100 table=page_001147_table_10 active=2
RECV b2-expanded 81/100 rank=113 id=page_000212_table_box_id_1 latency=1.0473s status=ok active=1
SEND b2-expanded 83/100 table=page_000223_table_box_id_2 active=2
RECV b2-expanded 82/100 rank=90 id=page_001147_table_10 latency=1.2185s status=ok active=1
SEND b2-expanded 84/100 table=page_000716_table_0 active=2
RECV b2-expanded 84/100 rank=588 id=page_000716_table_0 latency=0.1134s status=ok active=1
SEND b2-expanded 85/100 table=page_000937_table_1 active=2
RECV b2-expanded 85/100 rank=415 id=page_000937_table_1 latency=0.2942s status=ok active=1
SEND b2-expanded 86/100 table=page_000465_table_10 active=2
RECV b2-expanded 83/100 rank=114 id=page_000223_table_box_id_2 latency=1.1502s status=ok active=1
SEND b2-expanded 87/100 table=page_000465_table_8 active=2
RECV b2-expanded 86/100 rank=339 id=page_000465_table_10 latency=0.3709s status=ok active=1
SEND b2-expanded 88/100 table=page_001179_table_6 active=2
RECV b2-expanded 87/100 rank=331 id=page_000465_table_8 latency=0.4558s status=ok active=1
SEND b2-expanded 89/100 table=page_000554_table_12 active=2
RECV b2-expanded 89/100 rank=538 id=page_000554_table_12 latency=0.1514s status=ok active=1
SEND b2-expanded 90/100 table=page_000199_table_box_id_0 active=2
RECV b2-expanded 88/100 rank=61 id=page_001179_table_6 latency=1.6078s status=ok active=1
SEND b2-expanded 91/100 table=page_000516_table_0 active=2
RECV b2-expanded 90/100 rank=80 id=page_000199_table_box_id_0 latency=1.3071s status=ok active=1
SEND b2-expanded 92/100 table=page_001214_table_8 active=2
RECV b2-expanded 92/100 rank=359 id=page_001214_table_8 latency=0.3552s status=ok active=1
SEND b2-expanded 93/100 table=page_001368_table_box_id_161 active=2
RECV b2-expanded 91/100 rank=125 id=page_000516_table_0 latency=0.9970s status=ok active=1
SEND b2-expanded 94/100 table=page_000577_table_3 active=2
RECV b2-expanded 93/100 rank=332 id=page_001368_table_box_id_161 latency=0.3655s status=ok active=1
SEND b2-expanded 95/100 table=page_000984_table_3 active=2
RECV b2-expanded 94/100 rank=382 id=page_000577_table_3 latency=0.3936s status=ok active=1
SEND b2-expanded 96/100 table=page_001187_table_0 active=2
RECV b2-expanded 95/100 rank=238 id=page_000984_table_3 latency=0.6651s status=ok active=1
SEND b2-expanded 97/100 table=page_000821_table_box_id_14 active=2
RECV b2-expanded 97/100 rank=585 id=page_000821_table_box_id_14 latency=0.1179s status=ok active=1
SEND b2-expanded 98/100 table=page_000833_table_4 active=2
RECV b2-expanded 98/100 rank=352 id=page_000833_table_4 latency=0.3739s status=ok active=1
SEND b2-expanded 99/100 table=page_001375_table_31 active=2
RECV b2-expanded 99/100 rank=631 id=page_001375_table_31 latency=0.0731s status=ok active=1
SEND b2-expanded 100/100 table=page_000645_table_7 active=2
RECV b2-expanded 100/100 rank=533 id=page_000645_table_7 latency=0.1535s status=ok active=1
RECV b2-expanded 96/100 rank=28 id=page_001187_table_0 latency=2.2676s status=ok active=0
DONE b2-expanded requests=100 failures=0 max_in_flight=2 wall=34.1636s qps=2.9271 p50=0.4029s p95=1.9276s max=4.2786s
