2026-09-06T03:03:09+08:00
	NPU ID                         : 6
	Chip Count                     : 1

	No process in device.
	Chip ID                        : 0

2026-09-06T03:03:15+08:00
	NPU ID                         : 6
	Chip Count                     : 1

	No process in device.
	Chip ID                        : 0

2026-09-06T03:03:20+08:00
	NPU ID                         : 6
	Chip Count                     : 1

	No process in device.
	Chip ID                        : 0

2026-09-06T03:03:26+08:00
	NPU ID                         : 6
	Chip Count                     : 1

	No process in device.
	Chip ID                        : 0

2026-09-06T03:03:32+08:00
	NPU ID                         : 6
	Chip Count                     : 1

	No process in device.
	Chip ID                        : 0

2026-09-06T03:03:37+08:00
	NPU ID                         : 6
	Chip Count                     : 1

	No process in device.
	Chip ID                        : 0

2026-09-06T03:03:43+08:00
	NPU ID                         : 6
	Chip Count                     : 1

	No process in device.
	Chip ID                        : 0

2026-09-06T03:03:48+08:00
	NPU ID                         : 6
	Chip Count                     : 1

	Process id:1798348 Process name:python            Process memory(MB):105
	Chip ID                        : 0

2026-09-06T03:03:54+08:00
	NPU ID                         : 6
	Chip Count                     : 1

	Process id:1798348 Process name:python            Process memory(MB):105
	Chip ID                        : 0

2026-09-06T03:03:59+08:00
	NPU ID                         : 6
	Chip Count                     : 1

	Process id:1798348 Process name:python            Process memory(MB):3855
	Chip ID                        : 0

2026-09-06T03:04:05+08:00
	NPU ID                         : 6
	Chip Count                     : 1

	Process id:1798348 Process name:python            Process memory(MB):3871
	Chip ID                        : 0

2026-09-06T03:04:10+08:00
	NPU ID                         : 6
	Chip Count                     : 1

	Process id:1798348 Process name:python            Process memory(MB):4177
	Chip ID                        : 0

2026-09-06T03:04:15+08:00
    PID    PPID                  STARTED COMMAND
1798348 1798346 Sun Sep  6 03:03:34 2026 /workspace/venvs/vllm_paddle_ocr_pipeline_py312/bin/python -c from multiprocessing.spawn import spawn_main; spawn_main(tracker_fd=6, pipe_handle=10) --multiprocessing-fork
NSpid:	1798348	2480525
    PID    PPID                  STARTED COMMAND
1798346 1728105 Sun Sep  6 03:03:34 2026 /workspace/venvs/vllm_paddle_ocr_pipeline_py312/bin/python -u 09_persistent_page_engine/scripts/serve_crop_ocr_api.py --host 127.0.0.1 --port 8767 --request-timeout-s 3600 --queue-capacity 64 --model /workspace/models/PaddleOCR-VL-1.6 --decode-backend torchair --decode-optimization combined_apply_complete_layer_prefetch1_rope_lut --decode-vocab-token-ids 09_persistent_page_engine/presets/table_compact_vocab/b1_verifier_topfreq_16384.json --token-selection greedy --cache-length 4096 --max-new-tokens 4096 --min-pixels 28224 --max-pixels 802816 --request-scheduling-metrics --decode-batch-size 2 --vision-buckets 256,384,512,640,768,1408,1920,2048,2944,4096 --text-buckets 128,256,512,1024,1152 --vision-attention-weight-padding --no-decode-device-timing --service-summary-output tmp/09_persistent_page_engine/table_events_447176de_20260905/service.json
2026-09-06T03:04:16+08:00
	NPU ID                         : 6
	Chip Count                     : 1

	Process id:1798348 Process name:python            Process memory(MB):6895
	Chip ID                        : 0

2026-09-06T03:04:21+08:00
	NPU ID                         : 6
	Chip Count                     : 1

	Process id:1798348 Process name:python            Process memory(MB):6895
	Chip ID                        : 0

2026-09-06T03:04:27+08:00
	NPU ID                         : 6
	Chip Count                     : 1

	Process id:1798348 Process name:python            Process memory(MB):6895
	Chip ID                        : 0

2026-09-06T03:04:32+08:00
	NPU ID                         : 6
	Chip Count                     : 1

	Process id:1798348 Process name:python            Process memory(MB):6961
	Chip ID                        : 0

2026-09-06T03:04:38+08:00
	NPU ID                         : 6
	Chip Count                     : 1

	Process id:1798348 Process name:python            Process memory(MB):6961
	Chip ID                        : 0

2026-09-06T03:04:43+08:00
	NPU ID                         : 6
	Chip Count                     : 1

	Process id:1798348 Process name:python            Process memory(MB):6961
	Chip ID                        : 0

2026-09-06T03:04:49+08:00
	NPU ID                         : 6
	Chip Count                     : 1

	Process id:1798348 Process name:python            Process memory(MB):6961
	Chip ID                        : 0

2026-09-06T03:04:54+08:00
	NPU ID                         : 6
	Chip Count                     : 1

	Process id:1798348 Process name:python            Process memory(MB):6961
	Chip ID                        : 0

2026-09-06T03:05:00+08:00
	NPU ID                         : 6
	Chip Count                     : 1

	Process id:1798348 Process name:python            Process memory(MB):6961
	Chip ID                        : 0

2026-09-06T03:05:05+08:00
	NPU ID                         : 6
	Chip Count                     : 1

	Process id:1798348 Process name:python            Process memory(MB):6987
	Chip ID                        : 0

2026-09-06T03:05:11+08:00
	NPU ID                         : 6
	Chip Count                     : 1

	Process id:1798348 Process name:python            Process memory(MB):6987
	Chip ID                        : 0

2026-09-06T03:05:16+08:00
	NPU ID                         : 6
	Chip Count                     : 1

	Process id:1798348 Process name:python            Process memory(MB):6987
	Chip ID                        : 0

2026-09-06T03:05:22+08:00
	NPU ID                         : 6
	Chip Count                     : 1

	Process id:1798348 Process name:python            Process memory(MB):6987
	Chip ID                        : 0

2026-09-06T03:05:27+08:00
	NPU ID                         : 6
	Chip Count                     : 1

	Process id:1798348 Process name:python            Process memory(MB):6987
	Chip ID                        : 0

2026-09-06T03:05:33+08:00
	NPU ID                         : 6
	Chip Count                     : 1

	Process id:1798348 Process name:python            Process memory(MB):6987
	Chip ID                        : 0

2026-09-06T03:05:38+08:00
	NPU ID                         : 6
	Chip Count                     : 1

	Process id:1798348 Process name:python            Process memory(MB):6987
	Chip ID                        : 0

2026-09-06T03:05:44+08:00
	NPU ID                         : 6
	Chip Count                     : 1

	Process id:1798348 Process name:python            Process memory(MB):6987
	Chip ID                        : 0

2026-09-06T03:05:49+08:00
	NPU ID                         : 6
	Chip Count                     : 1

	Process id:1798348 Process name:python            Process memory(MB):6987
	Chip ID                        : 0

2026-09-06T03:05:55+08:00
	NPU ID                         : 6
	Chip Count                     : 1

	Process id:1798348 Process name:python            Process memory(MB):6987
	Chip ID                        : 0

2026-09-06T03:06:00+08:00
	NPU ID                         : 6
	Chip Count                     : 1

	Process id:1798348 Process name:python            Process memory(MB):6987
	Chip ID                        : 0

2026-09-06T03:06:06+08:00
	NPU ID                         : 6
	Chip Count                     : 1

	Process id:1798348 Process name:python            Process memory(MB):6987
	Chip ID                        : 0

2026-09-06T03:06:11+08:00
	NPU ID                         : 6
	Chip Count                     : 1

	Process id:1798348 Process name:python            Process memory(MB):6987
	Chip ID                        : 0

2026-09-06T03:06:17+08:00
	NPU ID                         : 6
	Chip Count                     : 1

	Process id:1798348 Process name:python            Process memory(MB):6987
	Chip ID                        : 0

2026-09-06T03:06:22+08:00
	NPU ID                         : 6
	Chip Count                     : 1

	Process id:1798348 Process name:python            Process memory(MB):6987
	Chip ID                        : 0

2026-09-06T03:06:28+08:00
	NPU ID                         : 6
	Chip Count                     : 1

	Process id:1798348 Process name:python            Process memory(MB):6987
	Chip ID                        : 0

2026-09-06T03:06:33+08:00
	NPU ID                         : 6
	Chip Count                     : 1

	Process id:1798348 Process name:python            Process memory(MB):6987
	Chip ID                        : 0

2026-09-06T03:06:39+08:00
	NPU ID                         : 6
	Chip Count                     : 1

	Process id:1798348 Process name:python            Process memory(MB):6987
	Chip ID                        : 0

2026-09-06T03:06:44+08:00
	NPU ID                         : 6
	Chip Count                     : 1

	Process id:1798348 Process name:python            Process memory(MB):6987
	Chip ID                        : 0

2026-09-06T03:06:50+08:00
	NPU ID                         : 6
	Chip Count                     : 1

	Process id:1798348 Process name:python            Process memory(MB):6987
	Chip ID                        : 0

2026-09-06T03:06:56+08:00
	NPU ID                         : 6
	Chip Count                     : 1

	Process id:1798348 Process name:python            Process memory(MB):6987
	Chip ID                        : 0

2026-09-06T03:07:01+08:00
	NPU ID                         : 6
	Chip Count                     : 1

	No process in device.
	Chip ID                        : 0

2026-09-06T03:07:07+08:00
	NPU ID                         : 6
	Chip Count                     : 1

	No process in device.
	Chip ID                        : 0

2026-09-06T03:07:12+08:00
	NPU ID                         : 6
	Chip Count                     : 1

	No process in device.
	Chip ID                        : 0

2026-09-06T03:07:18+08:00
	NPU ID                         : 6
	Chip Count                     : 1

	No process in device.
	Chip ID                        : 0

2026-09-06T03:07:23+08:00
	NPU ID                         : 6
	Chip Count                     : 1

	No process in device.
	Chip ID                        : 0

2026-09-06T03:07:29+08:00
	NPU ID                         : 6
	Chip Count                     : 1

	No process in device.
	Chip ID                        : 0

2026-09-06T03:07:34+08:00
	NPU ID                         : 6
	Chip Count                     : 1

	No process in device.
	Chip ID                        : 0

2026-09-06T03:07:40+08:00
	NPU ID                         : 6
	Chip Count                     : 1

	No process in device.
	Chip ID                        : 0

2026-09-06T03:07:45+08:00
	NPU ID                         : 6
	Chip Count                     : 1

	No process in device.
	Chip ID                        : 0

2026-09-06T03:07:51+08:00
	NPU ID                         : 6
	Chip Count                     : 1

	No process in device.
	Chip ID                        : 0

2026-09-06T03:07:52+08:00
	NPU ID                         : 6
	Chip Count                     : 1

	No process in device.
	Chip ID                        : 0

    PID    PPID COMMAND
