2026-09-06T03:54:16+08:00
	NPU ID                         : 6
	Chip Count                     : 1

	No process in device.
	Chip ID                        : 0

2026-09-06T03:54:22+08:00
	NPU ID                         : 6
	Chip Count                     : 1

	No process in device.
	Chip ID                        : 0

2026-09-06T03:54:27+08:00
	NPU ID                         : 6
	Chip Count                     : 1

	No process in device.
	Chip ID                        : 0

2026-09-06T03:54:33+08:00
	NPU ID                         : 6
	Chip Count                     : 1

	No process in device.
	Chip ID                        : 0

2026-09-06T03:54:38+08:00
	NPU ID                         : 6
	Chip Count                     : 1

	No process in device.
	Chip ID                        : 0

2026-09-06T03:54:44+08:00
	NPU ID                         : 6
	Chip Count                     : 1

	No process in device.
	Chip ID                        : 0

2026-09-06T03:54:49+08:00
	NPU ID                         : 6
	Chip Count                     : 1

	No process in device.
	Chip ID                        : 0

2026-09-06T03:54:55+08:00
	NPU ID                         : 6
	Chip Count                     : 1

	Process id:1820267 Process name:python            Process memory(MB):105
	Chip ID                        : 0

2026-09-06T03:55:00+08:00
	NPU ID                         : 6
	Chip Count                     : 1

	Process id:1820267 Process name:python            Process memory(MB):105
	Chip ID                        : 0

2026-09-06T03:55:06+08:00
	NPU ID                         : 6
	Chip Count                     : 1

	Process id:1820267 Process name:python            Process memory(MB):3855
	Chip ID                        : 0

2026-09-06T03:55:07+08:00
    PID    PPID                  STARTED COMMAND
1820267 1820265 Sun Sep  6 03:54:41 2026 /workspace/venvs/vllm_paddle_ocr_pipeline_py312/bin/python -c from multiprocessing.spawn import spawn_main; spawn_main(tracker_fd=6, pipe_handle=10) --multiprocessing-fork
NSpid:	1820267	2486891
2026-09-06T03:55:11+08:00
	NPU ID                         : 6
	Chip Count                     : 1

	Process id:1820267 Process name:python            Process memory(MB):3869
	Chip ID                        : 0

2026-09-06T03:55:17+08:00
	NPU ID                         : 6
	Chip Count                     : 1

	Process id:1820267 Process name:python            Process memory(MB):4175
	Chip ID                        : 0

2026-09-06T03:55:22+08:00
	NPU ID                         : 6
	Chip Count                     : 1

	Process id:1820267 Process name:python            Process memory(MB):4363
	Chip ID                        : 0

2026-09-06T03:55:28+08:00
	NPU ID                         : 6
	Chip Count                     : 1

	Process id:1820267 Process name:python            Process memory(MB):4363
	Chip ID                        : 0

2026-09-06T03:55:33+08:00
	NPU ID                         : 6
	Chip Count                     : 1

	Process id:1820267 Process name:python            Process memory(MB):4363
	Chip ID                        : 0

2026-09-06T03:55:39+08:00
	NPU ID                         : 6
	Chip Count                     : 1

	Process id:1820267 Process name:python            Process memory(MB):4363
	Chip ID                        : 0

2026-09-06T03:55:44+08:00
	NPU ID                         : 6
	Chip Count                     : 1

	Process id:1820267 Process name:python            Process memory(MB):4363
	Chip ID                        : 0

2026-09-06T03:55:50+08:00
	NPU ID                         : 6
	Chip Count                     : 1

	Process id:1820267 Process name:python            Process memory(MB):4363
	Chip ID                        : 0

2026-09-06T03:55:55+08:00
	NPU ID                         : 6
	Chip Count                     : 1

	Process id:1820267 Process name:python            Process memory(MB):4363
	Chip ID                        : 0

2026-09-06T03:56:01+08:00
	NPU ID                         : 6
	Chip Count                     : 1

	Process id:1820267 Process name:python            Process memory(MB):4363
	Chip ID                        : 0

2026-09-06T03:56:06+08:00
	NPU ID                         : 6
	Chip Count                     : 1

	Process id:1820267 Process name:python            Process memory(MB):4363
	Chip ID                        : 0

2026-09-06T03:56:12+08:00
	NPU ID                         : 6
	Chip Count                     : 1

	Process id:1820267 Process name:python            Process memory(MB):4363
	Chip ID                        : 0

2026-09-06T03:56:18+08:00
	NPU ID                         : 6
	Chip Count                     : 1

	Process id:1820267 Process name:python            Process memory(MB):6967
	Chip ID                        : 0

2026-09-06T03:56:23+08:00
	NPU ID                         : 6
	Chip Count                     : 1

	Process id:1820267 Process name:python            Process memory(MB):6967
	Chip ID                        : 0

2026-09-06T03:56:29+08:00
	NPU ID                         : 6
	Chip Count                     : 1

	Process id:1820267 Process name:python            Process memory(MB):6967
	Chip ID                        : 0

2026-09-06T03:56:34+08:00
	NPU ID                         : 6
	Chip Count                     : 1

	Process id:1820267 Process name:python            Process memory(MB):6967
	Chip ID                        : 0

2026-09-06T03:56:40+08:00
	NPU ID                         : 6
	Chip Count                     : 1

	Process id:1820267 Process name:python            Process memory(MB):233
	Chip ID                        : 0

2026-09-06T03:56:45+08:00
	NPU ID                         : 6
	Chip Count                     : 1

	No process in device.
	Chip ID                        : 0

2026-09-06T03:56:51+08:00
	NPU ID                         : 6
	Chip Count                     : 1

	No process in device.
	Chip ID                        : 0

2026-09-06T03:56:56+08:00
	NPU ID                         : 6
	Chip Count                     : 1

	No process in device.
	Chip ID                        : 0

2026-09-06T03:57:02+08:00
	NPU ID                         : 6
	Chip Count                     : 1

	No process in device.
	Chip ID                        : 0

2026-09-06T03:57:07+08:00
	NPU ID                         : 6
	Chip Count                     : 1

	Process id:1822896 Process name:python            Process memory(MB):105
	Chip ID                        : 0

2026-09-06T03:57:13+08:00
	NPU ID                         : 6
	Chip Count                     : 1

	Process id:1822896 Process name:python            Process memory(MB):105
	Chip ID                        : 0

2026-09-06T03:57:18+08:00
	NPU ID                         : 6
	Chip Count                     : 1

	Process id:1822896 Process name:python            Process memory(MB):3855
	Chip ID                        : 0

2026-09-06T03:57:24+08:00
	NPU ID                         : 6
	Chip Count                     : 1

	Process id:1822896 Process name:python            Process memory(MB):3857
	Chip ID                        : 0

2026-09-06T03:57:29+08:00
	NPU ID                         : 6
	Chip Count                     : 1

	Process id:1822896 Process name:python            Process memory(MB):4173
	Chip ID                        : 0

2026-09-06T03:57:35+08:00
	NPU ID                         : 6
	Chip Count                     : 1

	Process id:1822896 Process name:python            Process memory(MB):6967
	Chip ID                        : 0

2026-09-06T03:57:40+08:00
	NPU ID                         : 6
	Chip Count                     : 1

	Process id:1822896 Process name:python            Process memory(MB):6967
	Chip ID                        : 0

2026-09-06T03:57:46+08:00
	NPU ID                         : 6
	Chip Count                     : 1

	Process id:1822896 Process name:python            Process memory(MB):6967
	Chip ID                        : 0

2026-09-06T03:57:51+08:00
	NPU ID                         : 6
	Chip Count                     : 1

	Process id:1822896 Process name:python            Process memory(MB):6967
	Chip ID                        : 0

2026-09-06T03:57:56+08:00
    PID    PPID                  STARTED COMMAND
1822896 1822894 Sun Sep  6 03:56:55 2026 /workspace/venvs/vllm_paddle_ocr_pipeline_py312/bin/python -c from multiprocessing.spawn import spawn_main; spawn_main(tracker_fd=6, pipe_handle=10) --multiprocessing-fork
NSpid:	1822896	2488522
2026-09-06T03:57:57+08:00
	NPU ID                         : 6
	Chip Count                     : 1

	Process id:1822896 Process name:python            Process memory(MB):6967
	Chip ID                        : 0

2026-09-06T03:58:02+08:00
	NPU ID                         : 6
	Chip Count                     : 1

	Process id:1822896 Process name:python            Process memory(MB):7033
	Chip ID                        : 0

2026-09-06T03:58:08+08:00
	NPU ID                         : 6
	Chip Count                     : 1

	Process id:1822896 Process name:python            Process memory(MB):7033
	Chip ID                        : 0

2026-09-06T03:58:13+08:00
	NPU ID                         : 6
	Chip Count                     : 1

	Process id:1822896 Process name:python            Process memory(MB):7033
	Chip ID                        : 0

2026-09-06T03:58:19+08:00
	NPU ID                         : 6
	Chip Count                     : 1

	Process id:1822896 Process name:python            Process memory(MB):7033
	Chip ID                        : 0

2026-09-06T03:58:24+08:00
	NPU ID                         : 6
	Chip Count                     : 1

	Process id:1822896 Process name:python            Process memory(MB):7033
	Chip ID                        : 0

2026-09-06T03:58:30+08:00
	NPU ID                         : 6
	Chip Count                     : 1

	Process id:1822896 Process name:python            Process memory(MB):7033
	Chip ID                        : 0

2026-09-06T03:58:35+08:00
	NPU ID                         : 6
	Chip Count                     : 1

	Process id:1822896 Process name:python            Process memory(MB):7033
	Chip ID                        : 0

2026-09-06T03:58:41+08:00
	NPU ID                         : 6
	Chip Count                     : 1

	Process id:1822896 Process name:python            Process memory(MB):7033
	Chip ID                        : 0

2026-09-06T03:58:46+08:00
	NPU ID                         : 6
	Chip Count                     : 1

	Process id:1822896 Process name:python            Process memory(MB):7059
	Chip ID                        : 0

2026-09-06T03:58:52+08:00
	NPU ID                         : 6
	Chip Count                     : 1

	Process id:1822896 Process name:python            Process memory(MB):7059
	Chip ID                        : 0

2026-09-06T03:58:57+08:00
	NPU ID                         : 6
	Chip Count                     : 1

	Process id:1822896 Process name:python            Process memory(MB):7059
	Chip ID                        : 0

2026-09-06T03:59:03+08:00
	NPU ID                         : 6
	Chip Count                     : 1

	Process id:1822896 Process name:python            Process memory(MB):7059
	Chip ID                        : 0

2026-09-06T03:59:08+08:00
	NPU ID                         : 6
	Chip Count                     : 1

	Process id:1822896 Process name:python            Process memory(MB):7059
	Chip ID                        : 0

2026-09-06T03:59:14+08:00
	NPU ID                         : 6
	Chip Count                     : 1

	Process id:1822896 Process name:python            Process memory(MB):7059
	Chip ID                        : 0

2026-09-06T03:59:20+08:00
	NPU ID                         : 6
	Chip Count                     : 1

	Process id:1822896 Process name:python            Process memory(MB):7059
	Chip ID                        : 0

2026-09-06T03:59:25+08:00
	NPU ID                         : 6
	Chip Count                     : 1

	Process id:1822896 Process name:python            Process memory(MB):7059
	Chip ID                        : 0

2026-09-06T03:59:31+08:00
	NPU ID                         : 6
	Chip Count                     : 1

	Process id:1822896 Process name:python            Process memory(MB):7059
	Chip ID                        : 0

2026-09-06T03:59:36+08:00
	NPU ID                         : 6
	Chip Count                     : 1

	Process id:1822896 Process name:python            Process memory(MB):7059
	Chip ID                        : 0

2026-09-06T03:59:42+08:00
	NPU ID                         : 6
	Chip Count                     : 1

	No process in device.
	Chip ID                        : 0

2026-09-06T03:59:47+08:00
	NPU ID                         : 6
	Chip Count                     : 1

	No process in device.
	Chip ID                        : 0

2026-09-06T03:59:49+08:00
	NPU ID                         : 6
	Chip Count                     : 1

	No process in device.
	Chip ID                        : 0

    PID    PPID COMMAND
2026-09-06T03:59:53+08:00
	NPU ID                         : 6
	Chip Count                     : 1

	No process in device.
	Chip ID                        : 0

2026-09-06T03:59:58+08:00
	NPU ID                         : 6
	Chip Count                     : 1

	No process in device.
	Chip ID                        : 0

