[1/2] c++ -MMD -MF bridge.o.d -DTORCH_EXTENSION_NAME=rwkv_reference_wkv7_bridge -DTORCH_API_INCLUDE_EXTENSION_H -I/usr/local/python3.12.13/lib/python3.12/site-packages/torch_npu/include -I/usr/local/python3.12.13/lib/python3.12/site-packages/torch_npu/include/third_party/acl/inc -I/usr/local/python3.12.13/lib/python3.12/site-packages/torch_npu/include/third_party/op-plugin -I/usr/local/python3.12.13/lib/python3.12/site-packages/torch_npu/include/third_party/op-plugin/op_plugin/include -isystem /usr/local/python3.12.13/lib/python3.12/site-packages/torch/include -isystem /usr/local/python3.12.13/lib/python3.12/site-packages/torch/include/torch/csrc/api/include -isystem /usr/local/python3.12.13/include/python3.12 -fPIC -std=c++17 -O3 -std=c++17 -c /workspace/repos/rwkv-nanobeir-base-acbedbc3/26_rwkv_inference/wkv7_npu/bridge.cpp -o bridge.o 
In file included from /usr/local/python3.12.13/lib/python3.12/site-packages/torch_npu/include/third_party/op-plugin/op_plugin/include/npu_cpp_extension.h:19,
                 from /workspace/repos/rwkv-nanobeir-base-acbedbc3/26_rwkv_inference/wkv7_npu/bridge.cpp:4:
/workspace/repos/rwkv-nanobeir-base-acbedbc3/26_rwkv_inference/wkv7_npu/bridge.cpp: In function ‘Pair wkv7(const at::Tensor&, const at::Tensor&, const at::Tensor&, const at::Tensor&, const at::Tensor&, const at::Tensor&, const at::Tensor&)’:
/usr/local/python3.12.13/lib/python3.12/site-packages/torch_npu/include/third_party/op-plugin/op_plugin/utils/op_api_common_base.h:515:98: warning: capture of variable ‘opApiFuncAddr’ with non-automatic storage duration
  515 |         auto acl_call = [converted_params, workspace_addr, workspace_size, acl_stream, executor, opApiFuncAddr]()->int {\
      |                                                                                                  ^~~~~~~~~~~~~
/usr/local/python3.12.13/lib/python3.12/site-packages/torch_npu/include/third_party/op-plugin/op_plugin/utils/op_api_common_base.h:515:98: note: in definition of macro ‘EXEC_NPU_CMD_V1_EXT’
  515 |         auto acl_call = [converted_params, workspace_addr, workspace_size, acl_stream, executor, opApiFuncAddr]()->int {\
      |                                                                                                  ^~~~~~~~~~~~~
/workspace/repos/rwkv-nanobeir-base-acbedbc3/26_rwkv_inference/wkv7_npu/bridge.cpp:28:5: note: in expansion of macro ‘EXEC_NPU_CMD_EXT’
   28 |     EXEC_NPU_CMD_EXT(aclnnRwkvReferenceWkv7, k, v, w, r, a, b, hi, out, ht);
      |     ^~~~~~~~~~~~~~~~
/usr/local/python3.12.13/lib/python3.12/site-packages/torch_npu/include/third_party/op-plugin/op_plugin/utils/op_api_common_base.h:491:22: note: ‘void* opApiFuncAddr’ declared here
  491 |         static void* opApiFuncAddr = nullptr;                                                                          \
      |                      ^~~~~~~~~~~~~
/usr/local/python3.12.13/lib/python3.12/site-packages/torch_npu/include/third_party/op-plugin/op_plugin/utils/op_api_common_base.h:491:22: note: in definition of macro ‘EXEC_NPU_CMD_V1_EXT’
  491 |         static void* opApiFuncAddr = nullptr;                                                                          \
      |                      ^~~~~~~~~~~~~
/workspace/repos/rwkv-nanobeir-base-acbedbc3/26_rwkv_inference/wkv7_npu/bridge.cpp:28:5: note: in expansion of macro ‘EXEC_NPU_CMD_EXT’
   28 |     EXEC_NPU_CMD_EXT(aclnnRwkvReferenceWkv7, k, v, w, r, a, b, hi, out, ht);
      |     ^~~~~~~~~~~~~~~~
[2/2] c++ bridge.o -shared -L/usr/local/python3.12.13/lib/python3.12/site-packages/torch_npu/lib -ltorch_npu -L/usr/local/python3.12.13/lib/python3.12/site-packages/torch/lib -lc10 -ltorch_cpu -ltorch -ltorch_python -o rwkv_reference_wkv7_bridge.so
ninja: no work to do.
PREFLIGHT {"task": "NanoSCIDOCSRetrieval", "query_id": "f4195462f27158c4afd86ca364347dacfd228bdd", "offset": 0, "length": 412, "backend": "torchair_t512", "logits": [-0.5550897121429443, -0.24575825035572052, 0.7794287204742432, -2.3799498081207275], "reference_logits": [-0.5550886392593384, -0.24576404690742493, 0.7794310450553894, -2.3799521923065186], "batch_vs_single": {"max_abs": 5.245208740234375e-06, "normalized_rmse": 2.3516799956269097e-06, "finite": true}, "backend_vs_exact_eager": {"max_abs": 5.796551704406738e-06, "normalized_rmse": 2.627406274768873e-06, "finite": true}}
PREFLIGHT {"task": "NanoSCIDOCSRetrieval", "query_id": "f4195462f27158c4afd86ca364347dacfd228bdd", "offset": 32, "length": 1907, "backend": "raw_eager_exact_length", "logits": [-6.624769687652588, -6.279541015625, -4.866201877593994, -3.8437037467956543], "reference_logits": [-6.624769687652588, -6.279541015625, -4.866201877593994, -3.8437037467956543], "batch_vs_single": {"max_abs": 1.1682510375976562e-05, "normalized_rmse": 1.073551402441808e-06, "finite": true}, "backend_vs_exact_eager": {"max_abs": 0.0, "normalized_rmse": 0.0, "finite": true}}
PREFLIGHT {"task": "NanoSCIDOCSRetrieval", "query_id": "f4195462f27158c4afd86ca364347dacfd228bdd", "offset": 100, "length": 334, "backend": "torchair_t512", "logits": [-7.688189506530762, -4.427684783935547, -4.4276885986328125, -4.4276862144470215], "reference_logits": [-7.68818998336792, -4.4276957511901855, -4.427689552307129, -4.427692413330078], "batch_vs_single": {"max_abs": 1.049041748046875e-05, "normalized_rmse": 1.241215272784757e-06, "finite": true}, "backend_vs_exact_eager": {"max_abs": 1.0967254638671875e-05, "normalized_rmse": 1.164262698694074e-06, "finite": true}}
PROGRESS {"done": 102, "total": 28863, "elapsed_seconds": 3.7728530000022147, "pairs_per_second": 27.03524362066058, "forward_and_transfer_seconds": 3.7646917999954894, "estimated_remaining_seconds": 954.8787988534208, "task": "NanoSCIDOCSRetrieval", "queries": 1}
PROGRESS {"done": 1017, "total": 28863, "elapsed_seconds": 36.80343452999659, "pairs_per_second": 27.633290560724582, "forward_and_transfer_seconds": 36.7214171099622, "estimated_remaining_seconds": 883.9684911110959, "task": "NanoSCIDOCSRetrieval", "queries": 10}
PROGRESS {"done": 2038, "total": 28863, "elapsed_seconds": 70.76781669000047, "pairs_per_second": 28.798401523781507, "forward_and_transfer_seconds": 70.61084212004789, "estimated_remaining_seconds": 849.1657343570479, "task": "NanoSCIDOCSRetrieval", "queries": 20}
