[2026-07-23-13:05:50.806] [INFO] [AscendProfiler_ProfilingParser:97] Profiler logger initialized at: /workspace/repos/paddle_ocr_vl_npu/tmp/09_persistent_page_engine/text_decode_lab/npu_profiles/b4_k1024_p768_pipe_20260723_130549/liteserver-c001-4_141215_20260723130550024_ascend_pt/logs/profiler_20260723130550_141831_ProfilingParser.log
[2026-07-23-13:05:50.854] [INFO] [AscendProfiler_ProfilingParser:100] TorchOpParser start.
[2026-07-23-13:05:50.855] [INFO] [AscendProfiler_ProfilingParser:82] TaskQueueParser start.
[2026-07-23-13:05:50.907] [INFO] [AscendProfiler_ProfilingParser:162] CANNTimelineParser start.
[2026-07-23-13:05:50.910] [INFO] [AscendProfiler_ProfilingParser:88] TaskQueueParser finish.
[2026-07-23-13:05:50.912] [INFO] [AscendProfiler_ProfilingParser:106] TorchOpParser finish.
[2026-07-23-13:05:50.919] [INFO] [AscendProfiler_ProfilingParser:62] TreeBuildParser start.
[2026-07-23-13:05:50.969] [INFO] [AscendProfiler_ProfilingParser:70] TreeBuildParser finish.
[2026-07-23-13:05:50.970] [INFO] [AscendProfiler_ProfilingParser:118] DbPreParser start.
[2026-07-23-13:05:50.971] [INFO] [AscendProfiler_ProfilingParser:62] MemoryPrepareParser start.
[2026-07-23-13:05:50.978] [INFO] [AscendProfiler_ProfilingParser:75] MemoryPrepareParser finish.
[2026-07-23-13:05:51.021] [INFO] [AscendProfiler_ProfilingParser:129] DbPreParser finish.
[2026-07-23-13:05:52.420] [INFO] [AscendProfiler_ProfilingParser:172] CANNTimelineParser finish.
[2026-07-23-13:05:52.420] [INFO] [AscendProfiler_ProfilingParser:31] RelationParser start.
[2026-07-23-13:05:52.550] [INFO] [AscendProfiler_ProfilingParser:38] RelationParser finish.
[2026-07-23-13:05:53.623] [INFO] [AscendProfiler_ProfilingParser:40] DbParser start.
[2026-07-23-13:05:53.624] [INFO] [AscendProfiler_ProfilingParser:27] BasicDbParser start.
[2026-07-23-13:05:53.630] [INFO] [AscendProfiler_ProfilingParser:40] BasicDbParser finish.
[2026-07-23-13:05:53.630] [INFO] [AscendProfiler_ProfilingParser:27] FwkApiDbParser start.
[2026-07-23-13:05:53.630] [INFO] [AscendProfiler_ProfilingParser:32] FwkApiDbParser get fwk api data finish.
[2026-07-23-13:05:53.632] [INFO] [AscendProfiler_ProfilingParser:34] FwkApiDbParser get api data for db finish.
[2026-07-23-13:05:53.653] [INFO] [AscendProfiler_ProfilingParser:36] FwkApiDbParser save api data to db finish.
[2026-07-23-13:05:53.653] [INFO] [AscendProfiler_ProfilingParser:40] FwkApiDbParser finish.
[2026-07-23-13:05:53.654] [INFO] [AscendProfiler_ProfilingParser:82] MemoryDbParser start.
[2026-07-23-13:05:53.654] [INFO] [AscendProfiler_ProfilingParser:95] MemoryDbParser finish.
[2026-07-23-13:05:53.654] [INFO] [AscendProfiler_ProfilingParser:33] GCRecordDbParser start.
[2026-07-23-13:05:53.655] [INFO] [AscendProfiler_ProfilingParser:41] GCRecordDbParser finish.
[2026-07-23-13:05:53.655] [INFO] [AscendProfiler_ProfilingParser:36] StepInfoDbParser start.
[2026-07-23-13:05:53.658] [INFO] [AscendProfiler_ProfilingParser:43] StepInfoDbParser finish.
[2026-07-23-13:05:53.659] [INFO] [AscendProfiler_ProfilingParser:80] CommunicationDbParser start.
[2026-07-23-13:05:53.660] [INFO] [AscendProfiler_ProfilingParser:88] CommunicationDbParser finish.
[2026-07-23-13:05:53.660] [INFO] [AscendProfiler_ProfilingParser:74] TraceStepTimeDbParser start.
[2026-07-23-13:05:53.669] [INFO] [AscendProfiler_ProfilingParser:83] TraceStepTimeDbParser finish.
[2026-07-23-13:05:53.669] [INFO] [AscendProfiler_ProfilingParser:64] DbParser finish.
[2026-07-23-13:05:54.240] [INFO] [AscendProfiler_ProfilingParser:473] ============================================================
[2026-07-23-13:05:54.240] [INFO] [AscendProfiler_ProfilingParser:474] Task execution completed
[2026-07-23-13:05:54.240] [INFO] [AscendProfiler_ProfilingParser:475] ============================================================
[2026-07-23-13:05:54.240] [INFO] [AscendProfiler_ProfilingParser:478] torch_op                  | PTHREAD         | Succeed    | 0.059s | deps: None
[2026-07-23-13:05:54.240] [INFO] [AscendProfiler_ProfilingParser:478] task_queue                | PTHREAD         | Succeed    | 0.058s | deps: None
[2026-07-23-13:05:54.240] [INFO] [AscendProfiler_ProfilingParser:478] trace_prepare             | SUB_PROCESS     | Succeed    | 0.130s | deps: torch_op, task_queue
[2026-07-23-13:05:54.240] [INFO] [AscendProfiler_ProfilingParser:478] build_tree                | PTHREAD         | Succeed    | 0.058s | deps: torch_op, task_queue
[2026-07-23-13:05:54.240] [INFO] [AscendProfiler_ProfilingParser:478] export                    | SUB_PROCESS     | Succeed    | 2.094s | deps: None
[2026-07-23-13:05:54.240] [INFO] [AscendProfiler_ProfilingParser:478] timeline                  | PTHREAD|NON_BLOCKING | Succeed    | 1.515s | deps: None
[2026-07-23-13:05:54.240] [INFO] [AscendProfiler_ProfilingParser:478] relation                  | PTHREAD         | Succeed    | 0.131s | deps: task_queue, timeline
[2026-07-23-13:05:54.240] [INFO] [AscendProfiler_ProfilingParser:478] memory_prepare            | PTHREAD         | Succeed    | 0.008s | deps: build_tree, task_queue, torch_op
[2026-07-23-13:05:54.240] [INFO] [AscendProfiler_ProfilingParser:478] analyze                   | SUB_PROCESS     | Succeed    | 1.108s | deps: timeline
[2026-07-23-13:05:54.241] [INFO] [AscendProfiler_ProfilingParser:478] operator                  | SUB_PROCESS     | Succeed    | 0.096s | deps: build_tree, timeline, relation, torch_op
[2026-07-23-13:05:54.241] [INFO] [AscendProfiler_ProfilingParser:478] trace                     | SUB_PROCESS     | Succeed    | 0.127s | deps: build_tree, trace_prepare, timeline, task_queue, torch_op
[2026-07-23-13:05:54.241] [INFO] [AscendProfiler_ProfilingParser:478] kernel                    | SUB_PROCESS     | Succeed    | 0.186s | deps: build_tree, export, relation
[2026-07-23-13:05:54.241] [INFO] [AscendProfiler_ProfilingParser:478] step_time                 | SUB_PROCESS     | Succeed    | 0.107s | deps: build_tree, timeline, relation, torch_op
[2026-07-23-13:05:54.241] [INFO] [AscendProfiler_ProfilingParser:478] memory                    | SUB_PROCESS     | Succeed    | 0.138s | deps: export, memory_prepare
[2026-07-23-13:05:54.241] [INFO] [AscendProfiler_ProfilingParser:478] integrate                 | SUB_PROCESS     | Succeed    | 0.267s | deps: export
[2026-07-23-13:05:54.241] [INFO] [AscendProfiler_ProfilingParser:478] communication             | SUB_PROCESS     | Succeed    | 0.064s | deps: build_tree, analyze, relation
[2026-07-23-13:05:54.241] [INFO] [AscendProfiler_ProfilingParser:478] db_prepare                | PTHREAD         | Succeed    | 0.054s | deps: torch_op, task_queue
[2026-07-23-13:05:54.241] [INFO] [AscendProfiler_ProfilingParser:478] torch_db                  | PTHREAD         | Succeed    | 0.047s | deps: export, memory_prepare, build_tree, analyze, db_prepare
