[start] 2026-08-04T15:37:25
[stage 01 +0.808s total=0.808s]	loading runner and model
loading checkpoint shard 1/5: model-00001-of-00005.safetensors
loading checkpoint shard 2/5: model-00002-of-00005.safetensors
loading checkpoint shard 3/5: model-00003-of-00005.safetensors
loading checkpoint shard 4/5: model-00004-of-00005.safetensors
loading checkpoint shard 5/5: model-00005-of-00005.safetensors
memory after_load: alloc=15.26GiB reserved=16.91GiB max_alloc=16.42GiB max_reserved=16.91GiB free=43.69GiB/60.96GiB
[stage 02 +5.351s total=6.160s]	building benchmark input ids
[stage 03 +0.047s total=6.207s]	running prefill benchmark
[stage 04 +0.000s total=6.207s]	warming up prefill: runs=0
[stage 05 +0.000s total=6.207s]	timing prefill: repeats=0
prefill: mean=0.000000s min=0.000000s max=0.000000s tok/s=0.00 batch/s=0.00
memory after_prefill_benchmark: alloc=15.26GiB reserved=16.91GiB max_alloc=16.42GiB max_reserved=16.91GiB free=43.69GiB/60.96GiB
[stage 06 +0.003s total=6.210s]	running decode benchmark
[stage 07 +0.000s total=6.210s]	checking compiled/eager decode parity: steps=32
/workspace/repos/paddle_ocr_vl_npu/10_qwen3_8b_inference/local_modeling_qwen3_0.py:170: UserWarning: Cannot create tensor with interal format while allow_internel_format=False, tensor will be created with base format. (Triggered internally at ../torch_npu/csrc/aten/common/TensorFactories.cpp:340.)
  value_caches.append(torch.zeros_like(key_cache))
...[stage 08 +87.610s total=93.820s]	warming up decode: runs=1 steps=32
[stage 09 +0.895s total=94.715s]	timing decode: repeats=3 steps=32
decode: mean=0.745950s min=0.745793s max=0.746137s tok/s=2745.49 batch/s=42.90
decode: compile_first_call=84.654117s
dynamo counters:
  stats: calls_captured=3523, unique_graphs=1
memory after_decode_benchmark: alloc=15.31GiB reserved=18.62GiB max_alloc=17.81GiB max_reserved=18.62GiB free=41.94GiB/60.96GiB
[stage 10 +2.686s total=97.400s]	wrote json output to tmp/10_qwen3_8b_inference/decode_batch_sweep_kv64_f82af52/b64_compiled/result.json
[stage 11 +0.000s total=97.401s]	benchmark complete
