OCR API ready worker_pid=None; preparing table crops in RAM
Frozen ALL cohort: 665 tables (121 LaTeX, 544 non-LaTeX)
Scheduled 100 Poisson arrivals at 1 QPS; request limit=100; last scheduled arrival at 101.112s; HTTP endpoint=http://127.0.0.1:18081/v1/chat/completions
Writing each completion to tmp/09_persistent_page_engine/table_vllm_poisson100_qps1_e4b4a49e_20260908/measured/results.jsonl
[   0.146s] SEND #00001 table=page_001375_table_1 lag=   1.3ms active=1
[   2.027s] SEND #00002 table=page_000256_table_box_id_1 lag=   2.4ms active=2
[   2.743s] RECV #00002 table=page_000256_table_box_id_1 request= 0.716s scheduled= 0.719s status=ok active=1
[   3.468s] SEND #00003 table=page_000918_table_6 lag=   1.0ms active=2
[   3.763s] SEND #00004 table=page_001130_table_1 lag=   0.6ms active=3
[   4.155s] RECV #00003 table=page_000918_table_6 request= 0.687s scheduled= 0.688s status=ok active=2
[   4.339s] RECV #00004 table=page_001130_table_1 request= 0.577s scheduled= 0.577s status=ok active=1
[   4.447s] SEND #00005 table=page_000758_table_21 lag=   0.7ms active=2
[   4.840s] RECV #00005 table=page_000758_table_21 request= 0.394s scheduled= 0.394s status=ok active=1
[   5.044s] SEND #00006 table=page_001202_table_3 lag=   0.8ms active=2
[   6.099s] SEND #00007 table=page_000636_table_5 lag=   2.1ms active=3
[   6.730s] RECV #00007 table=page_000636_table_5 request= 0.630s scheduled= 0.632s status=ok active=2
[   7.061s] RECV #00001 table=page_001375_table_1 request= 6.916s scheduled= 6.917s status=ok active=1
[   7.653s] SEND #00008 table=page_000254_table_box_id_4 lag=   1.6ms active=2
[   7.752s] SEND #00009 table=page_000178_table_box_id_1 lag=   1.2ms active=3
[   7.780s] SEND #00010 table=page_000220_table_box_id_7 lag=   0.4ms active=4
[   9.588s] SEND #00011 table=page_000505_table_1 lag=   2.5ms active=5
[  10.154s] SEND #00012 table=page_000418_table_3 lag=   1.1ms active=6
[  10.802s] RECV #00006 table=page_001202_table_3 request= 5.759s scheduled= 5.760s status=ok active=5
[  11.591s] SEND #00013 table=page_000266_table_box_id_7 lag=   1.6ms active=6
[  11.592s] SEND #00014 table=page_001375_table_4 lag=   0.2ms active=7
[  12.104s] RECV #00010 table=page_000220_table_box_id_7 request= 4.324s scheduled= 4.325s status=ok active=6
[  12.181s] SEND #00015 table=page_001158_table_3 lag=   0.5ms active=7
[  12.271s] RECV #00008 table=page_000254_table_box_id_4 request= 4.617s scheduled= 4.619s status=ok active=6
[  12.782s] RECV #00013 table=page_000266_table_box_id_7 request= 1.191s scheduled= 1.193s status=ok active=5
[  13.461s] SEND #00016 table=page_000930_table_7 lag=   1.3ms active=6
[  13.720s] SEND #00017 table=page_001198_table_8 lag=   0.7ms active=7
[  14.169s] RECV #00012 table=page_000418_table_3 request= 4.015s scheduled= 4.016s status=ok active=6
[  14.303s] RECV #00016 table=page_000930_table_7 request= 0.843s scheduled= 0.844s status=ok active=5
[  14.533s] RECV #00015 table=page_001158_table_3 request= 2.352s scheduled= 2.353s status=ok active=4
[  14.922s] RECV #00009 table=page_000178_table_box_id_1 request= 7.170s scheduled= 7.171s status=ok active=3
[  15.927s] RECV #00011 table=page_000505_table_1 request= 6.339s scheduled= 6.341s status=ok active=2
[  16.554s] RECV #00017 table=page_001198_table_8 request= 2.835s scheduled= 2.835s status=ok active=1
[  16.625s] SEND #00018 table=page_000434_table_15 lag=   0.4ms active=2
[  18.944s] SEND #00019 table=page_000534_table_4 lag=   2.6ms active=3
[  18.973s] SEND #00020 table=page_001161_table_3 lag=   0.5ms active=4
[  18.999s] SEND #00021 table=page_000566_table_3 lag=   0.6ms active=5
[  19.337s] RECV #00018 table=page_000434_table_15 request= 2.712s scheduled= 2.713s status=ok active=4
[  19.779s] SEND #00022 table=page_001200_table_2 lag=   1.4ms active=5
[  22.280s] RECV #00019 table=page_000534_table_4 request= 3.336s scheduled= 3.338s status=ok active=4
[  22.579s] SEND #00023 table=page_000246_table_box_id_6 lag=   1.4ms active=5
[  23.060s] SEND #00024 table=page_001193_table_4 lag=   2.6ms active=6
[  23.086s] RECV #00014 table=page_001375_table_4 request=11.494s scheduled=11.494s status=ok active=5
[  23.302s] SEND #00025 table=page_001270_table_box_id_1 lag=   0.4ms active=6
[  23.400s] RECV #00023 table=page_000246_table_box_id_6 request= 0.822s scheduled= 0.823s status=ok active=5
[  23.752s] RECV #00021 table=page_000566_table_3 request= 4.753s scheduled= 4.753s status=ok active=4
[  23.850s] SEND #00026 table=page_000592_table_3 lag=   0.8ms active=5
[  23.880s] SEND #00027 table=page_000494_table_7 lag=   0.6ms active=6
[  24.131s] SEND #00028 table=page_000535_table_1 lag=   0.9ms active=7
[  24.643s] RECV #00020 table=page_001161_table_3 request= 5.670s scheduled= 5.670s status=ok active=6
[  24.706s] SEND #00029 table=page_001186_table_5 lag=   0.4ms active=7
[  25.385s] RECV #00029 table=page_001186_table_5 request= 0.679s scheduled= 0.679s status=ok active=6
[  25.391s] SEND #00030 table=page_001375_table_31 lag=   0.6ms active=7
[  25.657s] SEND #00031 table=page_000218_table_box_id_4 lag=   1.0ms active=8
[  25.806s] RECV #00024 table=page_001193_table_4 request= 2.746s scheduled= 2.749s status=ok active=7
[  25.815s] RECV #00030 table=page_001375_table_31 request= 0.424s scheduled= 0.424s status=ok active=6
[  25.920s] SEND #00032 table=page_001368_table_box_id_278 lag=   1.8ms active=7
[  26.166s] SEND #00033 table=page_001180_table_15 lag=   0.7ms active=8
[  26.541s] RECV #00032 table=page_001368_table_box_id_278 request= 0.621s scheduled= 0.622s status=ok active=7
[  26.781s] SEND #00034 table=page_000266_table_box_id_9 lag=   0.5ms active=8
[  26.808s] RECV #00027 table=page_000494_table_7 request= 2.928s scheduled= 2.929s status=ok active=7
[  27.123s] SEND #00035 table=page_000762_table_5 lag=   0.5ms active=8
[  27.145s] SEND #00036 table=page_000499_table_0 lag=   0.4ms active=9
[  27.757s] RECV #00028 table=page_000535_table_1 request= 3.626s scheduled= 3.627s status=ok active=8
[  27.825s] RECV #00035 table=page_000762_table_5 request= 0.701s scheduled= 0.702s status=ok active=7
[  27.972s] RECV #00033 table=page_001180_table_15 request= 1.806s scheduled= 1.806s status=ok active=6
[  28.209s] RECV #00034 table=page_000266_table_box_id_9 request= 1.428s scheduled= 1.429s status=ok active=5
[  28.964s] SEND #00037 table=page_000642_table_8 lag=   1.2ms active=6
[  29.620s] RECV #00022 table=page_001200_table_2 request= 9.841s scheduled= 9.842s status=ok active=5
[  29.776s] SEND #00038 table=page_000659_table_5 lag=   0.5ms active=6
[  30.001s] RECV #00038 table=page_000659_table_5 request= 0.225s scheduled= 0.225s status=ok active=5
[  30.010s] RECV #00036 table=page_000499_table_0 request= 2.865s scheduled= 2.866s status=ok active=4
[  30.243s] RECV #00031 table=page_000218_table_box_id_4 request= 4.586s scheduled= 4.587s status=ok active=3
[  30.804s] SEND #00039 table=page_001128_table_2 lag=   0.8ms active=4
[  31.009s] SEND #00040 table=page_001176_table_4 lag=   0.4ms active=5
[  32.045s] RECV #00025 table=page_001270_table_box_id_1 request= 8.743s scheduled= 8.744s status=ok active=4
[  32.280s] RECV #00026 table=page_000592_table_3 request= 8.430s scheduled= 8.431s status=ok active=3
[  34.930s] RECV #00037 table=page_000642_table_8 request= 5.967s scheduled= 5.968s status=ok active=2
[  35.731s] RECV #00039 table=page_001128_table_2 request= 4.927s scheduled= 4.927s status=ok active=1
[  35.909s] SEND #00041 table=page_001154_table_10 lag=   1.0ms active=2
[  36.620s] RECV #00040 table=page_001176_table_4 request= 5.611s scheduled= 5.611s status=ok active=1
[  37.875s] SEND #00042 table=page_000467_table_17 lag=   1.6ms active=2
[  38.003s] SEND #00043 table=page_000647_table_3 lag=   0.8ms active=3
[  38.294s] RECV #00043 table=page_000647_table_3 request= 0.291s scheduled= 0.292s status=ok active=2
[  38.408s] SEND #00044 table=page_001493_table_box_id_13 lag=   1.1ms active=3
[  38.724s] RECV #00041 table=page_001154_table_10 request= 2.815s scheduled= 2.816s status=ok active=2
[  39.687s] SEND #00045 table=page_000605_table_3 lag=   1.5ms active=3
[  39.938s] RECV #00045 table=page_000605_table_3 request= 0.251s scheduled= 0.253s status=ok active=2
[  40.412s] RECV #00044 table=page_001493_table_box_id_13 request= 2.004s scheduled= 2.005s status=ok active=1
[  40.928s] SEND #00046 table=page_001117_table_box_id_17 lag=   0.9ms active=2
[  41.547s] RECV #00046 table=page_001117_table_box_id_17 request= 0.619s scheduled= 0.620s status=ok active=1
[  43.685s] SEND #00047 table=page_000509_table_0 lag=   2.0ms active=2
[  44.233s] SEND #00048 table=page_000565_table_1 lag=   1.4ms active=3
[  44.533s] RECV #00042 table=page_000467_table_17 request= 6.658s scheduled= 6.660s status=ok active=2
[  46.005s] SEND #00049 table=page_000841_table_22 lag=   1.4ms active=3
[  46.409s] RECV #00049 table=page_000841_table_22 request= 0.405s scheduled= 0.406s status=ok active=2
[  46.732s] RECV #00048 table=page_000565_table_1 request= 2.499s scheduled= 2.500s status=ok active=1
[  47.113s] SEND #00050 table=page_000922_table_12 lag=   0.3ms active=2
[  47.475s] SEND #00051 table=page_001169_table_11 lag=   0.6ms active=3
[  48.362s] SEND #00052 table=page_000287_table_box_id_8 lag=   1.7ms active=4
[  48.460s] RECV #00051 table=page_001169_table_11 request= 0.985s scheduled= 0.985s status=ok active=3
[  49.367s] RECV #00050 table=page_000922_table_12 request= 2.254s scheduled= 2.254s status=ok active=2
[  49.903s] RECV #00047 table=page_000509_table_0 request= 6.219s scheduled= 6.221s status=ok active=1
[  50.503s] SEND #00053 table=page_000246_table_box_id_6 lag=   1.5ms active=2
[  51.166s] RECV #00053 table=page_000246_table_box_id_6 request= 0.664s scheduled= 0.665s status=ok active=1
[  52.375s] SEND #00054 table=page_000737_table_6 lag=   1.5ms active=2
[  53.079s] SEND #00055 table=page_000250_table_box-stnne6dt lag=   2.3ms active=3
[  53.573s] RECV #00054 table=page_000737_table_6 request= 1.198s scheduled= 1.200s status=ok active=2
[  53.967s] SEND #00056 table=page_000647_table_6 lag=   0.2ms active=3
[  54.002s] SEND #00057 table=page_000652_table_2 lag=   0.8ms active=4
[  54.280s] SEND #00058 table=page_001367_table_70 lag=   0.7ms active=5
[  54.592s] RECV #00056 table=page_000647_table_6 request= 0.625s scheduled= 0.625s status=ok active=4
[  55.878s] SEND #00059 table=page_001368_table_box_id_163 lag=   2.3ms active=5
[  56.166s] RECV #00059 table=page_001368_table_box_id_163 request= 0.288s scheduled= 0.290s status=ok active=4
[  56.411s] RECV #00057 table=page_000652_table_2 request= 2.408s scheduled= 2.409s status=ok active=3
[  56.412s] SEND #00060 table=page_000468_table_1 lag=   1.0ms active=4
[  56.420s] RECV #00058 table=page_001367_table_70 request= 2.140s scheduled= 2.140s status=ok active=3
[  56.602s] SEND #00061 table=page_000838_table_4 lag=   1.2ms active=4
[  57.013s] RECV #00061 table=page_000838_table_4 request= 0.411s scheduled= 0.412s status=ok active=3
[  57.297s] RECV #00060 table=page_000468_table_1 request= 0.885s scheduled= 0.886s status=ok active=2
[  57.398s] SEND #00062 table=page_000665_table_3 lag=   1.0ms active=3
[  57.615s] RECV #00062 table=page_000665_table_3 request= 0.217s scheduled= 0.218s status=ok active=2
[  58.612s] SEND #00063 table=page_001595_table_box_id_14 lag=   1.1ms active=3
[  59.735s] SEND #00064 table=page_000818_table_1 lag=   1.8ms active=4
[  60.203s] SEND #00065 table=page_000937_table_0 lag=   0.7ms active=5
[  60.529s] RECV #00064 table=page_000818_table_1 request= 0.794s scheduled= 0.796s status=ok active=4
[  60.782s] SEND #00066 table=page_000222_table_box_id_1 lag=   1.3ms active=5
[  61.103s] RECV #00055 table=page_000250_table_box-stnne6dt request= 8.024s scheduled= 8.026s status=ok active=4
[  61.492s] SEND #00067 table=page_000744_table_11 lag=   1.2ms active=5
[  62.000s] RECV #00063 table=page_001595_table_box_id_14 request= 3.388s scheduled= 3.389s status=ok active=4
[  62.078s] RECV #00065 table=page_000937_table_0 request= 1.874s scheduled= 1.875s status=ok active=3
[  62.154s] RECV #00067 table=page_000744_table_11 request= 0.662s scheduled= 0.663s status=ok active=2
[  62.871s] RECV #00066 table=page_000222_table_box_id_1 request= 2.089s scheduled= 2.090s status=ok active=1
[  62.999s] SEND #00068 table=page_000284_table_box_id_0 lag=   0.7ms active=2
[  63.735s] SEND #00069 table=page_000266_table_box_id_1 lag=   1.3ms active=3
[  64.234s] SEND #00070 table=page_001368_table_box_id_271 lag=   0.9ms active=4
[  64.908s] SEND #00071 table=page_000467_table_17 lag=   1.4ms active=5
[  64.937s] SEND #00072 table=page_000737_table_0 lag=   1.1ms active=6
[  64.981s] SEND #00073 table=page_000526_table_7 lag=   0.5ms active=7
[  65.472s] RECV #00052 table=page_000287_table_box_id_8 request=17.111s scheduled=17.112s status=ok active=6
[  65.543s] RECV #00070 table=page_001368_table_box_id_271 request= 1.309s scheduled= 1.310s status=ok active=5
[  65.553s] RECV #00069 table=page_000266_table_box_id_1 request= 1.818s scheduled= 1.819s status=ok active=4
[  66.198s] SEND #00074 table=page_001011_table_30 lag=   1.7ms active=5
[  66.472s] RECV #00073 table=page_000526_table_7 request= 1.491s scheduled= 1.492s status=ok active=4
[  67.613s] RECV #00072 table=page_000737_table_0 request= 2.676s scheduled= 2.677s status=ok active=3
[  70.285s] SEND #00075 table=page_000246_table_box_id_11 lag=   3.0ms active=4
[  71.183s] SEND #00076 table=page_000676_table_2 lag=   1.5ms active=5
[  71.370s] RECV #00074 table=page_001011_table_30 request= 5.172s scheduled= 5.174s status=ok active=4
[  71.605s] RECV #00075 table=page_000246_table_box_id_11 request= 1.320s scheduled= 1.323s status=ok active=3
[  71.682s] SEND #00077 table=page_001368_table_box_id_268 lag=   0.3ms active=4
[  71.848s] RECV #00071 table=page_000467_table_17 request= 6.941s scheduled= 6.942s status=ok active=3
[  71.869s] SEND #00078 table=page_000190_table_box_id_0 lag=   0.9ms active=4
[  71.902s] RECV #00077 table=page_001368_table_box_id_268 request= 0.221s scheduled= 0.221s status=ok active=3
[  72.567s] SEND #00079 table=page_001368_table_box_id_227 lag=   1.8ms active=4
[  72.986s] RECV #00078 table=page_000190_table_box_id_0 request= 1.117s scheduled= 1.118s status=ok active=3
[  75.648s] RECV #00079 table=page_001368_table_box_id_227 request= 3.080s scheduled= 3.082s status=ok active=2
[  76.589s] SEND #00080 table=page_001134_table_9 lag=   1.3ms active=3
[  77.422s] RECV #00076 table=page_000676_table_2 request= 6.239s scheduled= 6.241s status=ok active=2
[  77.793s] RECV #00068 table=page_000284_table_box_id_0 request=14.794s scheduled=14.795s status=ok active=1
[  78.060s] SEND #00081 table=page_000591_table_3 lag=   0.8ms active=2
[  78.837s] SEND #00082 table=page_000210_table_box_id_4 lag=   1.7ms active=3
[  80.005s] RECV #00082 table=page_000210_table_box_id_4 request= 1.168s scheduled= 1.170s status=ok active=2
[  80.094s] RECV #00081 table=page_000591_table_3 request= 2.034s scheduled= 2.034s status=ok active=1
[  80.805s] SEND #00083 table=page_000649_table_8 lag=   1.4ms active=2
[  81.068s] SEND #00084 table=page_000289_table_box_id_4 lag=   0.5ms active=3
[  81.790s] SEND #00085 table=page_001190_table_8 lag=   1.3ms active=4
[  82.339s] RECV #00083 table=page_000649_table_8 request= 1.534s scheduled= 1.535s status=ok active=3
[  82.662s] RECV #00080 table=page_001134_table_9 request= 6.074s scheduled= 6.075s status=ok active=2
[  84.837s] SEND #00086 table=page_000211_table_box_id_3 lag=   1.9ms active=3
[  85.698s] SEND #00087 table=page_001182_table_3 lag=   1.2ms active=4
[  86.161s] RECV #00085 table=page_001190_table_8 request= 4.371s scheduled= 4.372s status=ok active=3
[  86.312s] SEND #00088 table=page_000242_table_box-mhg591pb lag=   0.7ms active=4
[  86.627s] SEND #00089 table=page_001274_table_4 lag=   1.2ms active=5
[  87.421s] SEND #00090 table=page_001177_table_2 lag=   1.3ms active=6
[  88.525s] RECV #00086 table=page_000211_table_box_id_3 request= 3.689s scheduled= 3.691s status=ok active=5
[  88.946s] RECV #00087 table=page_001182_table_3 request= 3.248s scheduled= 3.249s status=ok active=4
[  89.062s] RECV #00088 table=page_000242_table_box-mhg591pb request= 2.750s scheduled= 2.751s status=ok active=3
[  90.571s] SEND #00091 table=page_001202_table_3 lag=   2.6ms active=4
[  90.575s] SEND #00092 table=page_001158_table_3 lag=   0.9ms active=5
[  90.615s] RECV #00090 table=page_001177_table_2 request= 3.195s scheduled= 3.196s status=ok active=4
[  92.108s] SEND #00093 table=page_000641_table_8 lag=   2.2ms active=5
[  92.767s] RECV #00092 table=page_001158_table_3 request= 2.192s scheduled= 2.193s status=ok active=4
[  93.031s] RECV #00093 table=page_000641_table_8 request= 0.924s scheduled= 0.926s status=ok active=3
[  93.825s] SEND #00094 table=page_000657_table_6 lag=   1.8ms active=4
[  94.033s] RECV #00094 table=page_000657_table_6 request= 0.208s scheduled= 0.210s status=ok active=3
[  95.918s] RECV #00091 table=page_001202_table_3 request= 5.347s scheduled= 5.350s status=ok active=2
[  95.997s] SEND #00095 table=page_000626_table_box_id_4 lag=   1.0ms active=3
[  97.347s] SEND #00096 table=page_000829_table_4 lag=   2.5ms active=4
[  98.264s] RECV #00096 table=page_000829_table_4 request= 0.917s scheduled= 0.919s status=ok active=3
[  99.003s] SEND #00097 table=page_000468_table_11 lag=   1.4ms active=4
[  99.734s] SEND #00098 table=page_000434_table_16 lag=   1.7ms active=5
[  99.951s] RECV #00097 table=page_000468_table_11 request= 0.949s scheduled= 0.950s status=ok active=4
[ 100.558s] SEND #00099 table=page_001175_table_2 lag=   1.7ms active=5
[ 100.946s] RECV #00098 table=page_000434_table_16 request= 1.212s scheduled= 1.214s status=ok active=4
[ 101.113s] SEND #00100 table=page_001230_table_box_id_1 lag=   1.1ms active=5
[ 103.243s] RECV #00100 table=page_001230_table_box_id_1 request= 2.130s scheduled= 2.131s status=ok active=4
[ 104.558s] RECV #00099 table=page_001175_table_2 request= 4.000s scheduled= 4.001s status=ok active=3
[ 105.517s] RECV #00084 table=page_000289_table_box_id_4 request=24.450s scheduled=24.450s status=ok active=2
[ 107.705s] RECV #00089 table=page_001274_table_4 request=21.079s scheduled=21.080s status=ok active=1
[ 109.017s] RECV #00095 table=page_000626_table_box_id_4 request=13.020s scheduled=13.021s status=ok active=0
DONE completed=100 failed=0 max_active=9 p50=2.303s p95=11.571s max=24.450s
Summary: tmp/09_persistent_page_engine/table_vllm_poisson100_qps1_e4b4a49e_20260908/measured/summary.json
