2026-09-08T17:57:07+08:00
	NPU ID                         : 6
	Chip Count                     : 1

	No process in device.
	Chip ID                        : 0

2026-09-08T17:57:17+08:00
	NPU ID                         : 6
	Chip Count                     : 1

	No process in device.
	Chip ID                        : 0

2026-09-08T17:57:28+08:00
	NPU ID                         : 6
	Chip Count                     : 1

	No process in device.
	Chip ID                        : 0

2026-09-08T17:57:39+08:00
	NPU ID                         : 6
	Chip Count                     : 1

	Process id:1513788 Process name:VLLMEngineCor     Process memory(MB):141
	Chip ID                        : 0

2026-09-08T17:57:49+08:00
	NPU ID                         : 6
	Chip Count                     : 1

	Process id:1513788 Process name:VLLMEngineCor     Process memory(MB):2003
	Chip ID                        : 0

2026-09-08T17:58:00+08:00
	NPU ID                         : 6
	Chip Count                     : 1

	Process id:1513788 Process name:VLLMEngineCor     Process memory(MB):2353
	Chip ID                        : 0

2026-09-08T17:58:10+08:00
	NPU ID                         : 6
	Chip Count                     : 1

	Process id:1513788 Process name:VLLMEngineCor     Process memory(MB):57729
	Chip ID                        : 0

2026-09-08T17:58:21+08:00
	NPU ID                         : 6
	Chip Count                     : 1

	Process id:1513788 Process name:VLLMEngineCor     Process memory(MB):57729
	Chip ID                        : 0

2026-09-08T17:58:31+08:00
	NPU ID                         : 6
	Chip Count                     : 1

	Process id:1513788 Process name:VLLMEngineCor     Process memory(MB):57729
	Chip ID                        : 0

2026-09-08T17:58:42+08:00
	NPU ID                         : 6
	Chip Count                     : 1

	Process id:1513788 Process name:VLLMEngineCor     Process memory(MB):57729
	Chip ID                        : 0

2026-09-08T17:58:52+08:00
	NPU ID                         : 6
	Chip Count                     : 1

	Process id:1513788 Process name:VLLMEngineCor     Process memory(MB):57729
	Chip ID                        : 0

2026-09-08T17:59:03+08:00
	NPU ID                         : 6
	Chip Count                     : 1

	Process id:1513788 Process name:VLLMEngineCor     Process memory(MB):57991
	Chip ID                        : 0

2026-09-08T17:59:13+08:00
	NPU ID                         : 6
	Chip Count                     : 1

	Process id:1513788 Process name:VLLMEngineCor     Process memory(MB):57991
	Chip ID                        : 0

2026-09-08T17:59:24+08:00
	NPU ID                         : 6
	Chip Count                     : 1

	Process id:1513788 Process name:VLLMEngineCor     Process memory(MB):57991
	Chip ID                        : 0

2026-09-08T17:59:35+08:00
	NPU ID                         : 6
	Chip Count                     : 1

	Process id:1513788 Process name:VLLMEngineCor     Process memory(MB):57991
	Chip ID                        : 0

2026-09-08T17:59:45+08:00
	NPU ID                         : 6
	Chip Count                     : 1

	Process id:1513788 Process name:VLLMEngineCor     Process memory(MB):57991
	Chip ID                        : 0

2026-09-08T17:59:56+08:00
	NPU ID                         : 6
	Chip Count                     : 1

	Process id:1513788 Process name:VLLMEngineCor     Process memory(MB):57997
	Chip ID                        : 0

2026-09-08T18:00:06+08:00
	NPU ID                         : 6
	Chip Count                     : 1

	Process id:1513788 Process name:VLLMEngineCor     Process memory(MB):57999
	Chip ID                        : 0

2026-09-08T18:00:17+08:00
	NPU ID                         : 6
	Chip Count                     : 1

	Process id:1513788 Process name:VLLMEngineCor     Process memory(MB):58001
	Chip ID                        : 0

2026-09-08T18:00:28+08:00
	NPU ID                         : 6
	Chip Count                     : 1

	Process id:1513788 Process name:VLLMEngineCor     Process memory(MB):58021
	Chip ID                        : 0

2026-09-08T18:00:38+08:00
	NPU ID                         : 6
	Chip Count                     : 1

	Process id:1513788 Process name:VLLMEngineCor     Process memory(MB):58025
	Chip ID                        : 0

2026-09-08T18:00:49+08:00
	NPU ID                         : 6
	Chip Count                     : 1

	Process id:1513788 Process name:VLLMEngineCor     Process memory(MB):58025
	Chip ID                        : 0

2026-09-08T18:00:59+08:00
	NPU ID                         : 6
	Chip Count                     : 1

	Process id:1513788 Process name:VLLMEngineCor     Process memory(MB):58025
	Chip ID                        : 0

2026-09-08T18:01:10+08:00
	NPU ID                         : 6
	Chip Count                     : 1

	Process id:1513788 Process name:VLLMEngineCor     Process memory(MB):58025
	Chip ID                        : 0

2026-09-08T18:01:20+08:00
	NPU ID                         : 6
	Chip Count                     : 1

	Process id:1513788 Process name:VLLMEngineCor     Process memory(MB):58025
	Chip ID                        : 0

2026-09-08T18:01:31+08:00
	NPU ID                         : 6
	Chip Count                     : 1

	Process id:1513788 Process name:VLLMEngineCor     Process memory(MB):58025
	Chip ID                        : 0

2026-09-08T18:01:41+08:00
	NPU ID                         : 6
	Chip Count                     : 1

	Process id:1513788 Process name:VLLMEngineCor     Process memory(MB):58025
	Chip ID                        : 0

2026-09-08T18:01:52+08:00
	NPU ID                         : 6
	Chip Count                     : 1

	Process id:1513788 Process name:VLLMEngineCor     Process memory(MB):58025
	Chip ID                        : 0

2026-09-08T18:02:02+08:00
	NPU ID                         : 6
	Chip Count                     : 1

	Process id:1513788 Process name:VLLMEngineCor     Process memory(MB):58025
	Chip ID                        : 0

2026-09-08T18:02:13+08:00
	NPU ID                         : 6
	Chip Count                     : 1

	No process in device.
	Chip ID                        : 0

2026-09-08T18:02:24+08:00
	NPU ID                         : 6
	Chip Count                     : 1

	No process in device.
	Chip ID                        : 0

