2026-09-05T22:24:51+08:00
	NPU ID                         : 6
	Chip Count                     : 1

	Process id:1613266 Process name:python            Process memory(MB):7757
	Chip ID                        : 0

2026-09-05T22:24:57+08:00
	NPU ID                         : 6
	Chip Count                     : 1

	Process id:1613266 Process name:python            Process memory(MB):7757
	Chip ID                        : 0

2026-09-05T22:25:02+08:00
	NPU ID                         : 6
	Chip Count                     : 1

	Process id:1613266 Process name:python            Process memory(MB):7757
	Chip ID                        : 0

2026-09-05T22:25:08+08:00
	NPU ID                         : 6
	Chip Count                     : 1

	Process id:1613266 Process name:python            Process memory(MB):7757
	Chip ID                        : 0

2026-09-05T22:25:13+08:00
	NPU ID                         : 6
	Chip Count                     : 1

	Process id:1613266 Process name:python            Process memory(MB):7757
	Chip ID                        : 0

2026-09-05T22:25:19+08:00
	NPU ID                         : 6
	Chip Count                     : 1

	Process id:1613266 Process name:python            Process memory(MB):7773
	Chip ID                        : 0

2026-09-05T22:25:24+08:00
	NPU ID                         : 6
	Chip Count                     : 1

	Process id:1613266 Process name:python            Process memory(MB):7923
	Chip ID                        : 0

2026-09-05T22:25:30+08:00
	NPU ID                         : 6
	Chip Count                     : 1

	Process id:1613266 Process name:python            Process memory(MB):7923
	Chip ID                        : 0

2026-09-05T22:25:35+08:00
	NPU ID                         : 6
	Chip Count                     : 1

	Process id:1613266 Process name:python            Process memory(MB):7923
	Chip ID                        : 0

2026-09-05T22:25:41+08:00
	NPU ID                         : 6
	Chip Count                     : 1

	Process id:1613266 Process name:python            Process memory(MB):7925
	Chip ID                        : 0

2026-09-05T22:25:46+08:00
	NPU ID                         : 6
	Chip Count                     : 1

	Process id:1613266 Process name:python            Process memory(MB):7925
	Chip ID                        : 0

2026-09-05T22:25:52+08:00
	NPU ID                         : 6
	Chip Count                     : 1

	Process id:1613266 Process name:python            Process memory(MB):7925
	Chip ID                        : 0

2026-09-05T22:25:57+08:00
	NPU ID                         : 6
	Chip Count                     : 1

	Process id:1613266 Process name:python            Process memory(MB):7925
	Chip ID                        : 0

2026-09-05T22:26:03+08:00
	NPU ID                         : 6
	Chip Count                     : 1

	Process id:1613266 Process name:python            Process memory(MB):7925
	Chip ID                        : 0

2026-09-05T22:26:08+08:00
	NPU ID                         : 6
	Chip Count                     : 1

	Process id:1613266 Process name:python            Process memory(MB):7951
	Chip ID                        : 0

2026-09-05T22:26:14+08:00
	NPU ID                         : 6
	Chip Count                     : 1

	Process id:1613266 Process name:python            Process memory(MB):7951
	Chip ID                        : 0

2026-09-05T22:26:19+08:00
	NPU ID                         : 6
	Chip Count                     : 1

	Process id:1613266 Process name:python            Process memory(MB):7951
	Chip ID                        : 0

2026-09-05T22:26:25+08:00
	NPU ID                         : 6
	Chip Count                     : 1

	Process id:1613266 Process name:python            Process memory(MB):7951
	Chip ID                        : 0

2026-09-05T22:26:30+08:00
	NPU ID                         : 6
	Chip Count                     : 1

	Process id:1613266 Process name:python            Process memory(MB):7951
	Chip ID                        : 0

2026-09-05T22:26:36+08:00
	NPU ID                         : 6
	Chip Count                     : 1

	Process id:1613266 Process name:python            Process memory(MB):7951
	Chip ID                        : 0

2026-09-05T22:26:41+08:00
	NPU ID                         : 6
	Chip Count                     : 1

	Process id:1613266 Process name:python            Process memory(MB):7951
	Chip ID                        : 0

2026-09-05T22:26:47+08:00
	NPU ID                         : 6
	Chip Count                     : 1

	Process id:1613266 Process name:python            Process memory(MB):7951
	Chip ID                        : 0

2026-09-05T22:26:53+08:00
	NPU ID                         : 6
	Chip Count                     : 1

	Process id:1613266 Process name:python            Process memory(MB):7951
	Chip ID                        : 0

2026-09-05T22:26:58+08:00
	NPU ID                         : 6
	Chip Count                     : 1

	Process id:1613266 Process name:python            Process memory(MB):7951
	Chip ID                        : 0

2026-09-05T22:27:04+08:00
	NPU ID                         : 6
	Chip Count                     : 1

	Process id:1613266 Process name:python            Process memory(MB):7951
	Chip ID                        : 0

2026-09-05T22:27:09+08:00
	NPU ID                         : 6
	Chip Count                     : 1

	Process id:1613266 Process name:python            Process memory(MB):7951
	Chip ID                        : 0

2026-09-05T22:27:15+08:00
	NPU ID                         : 6
	Chip Count                     : 1

	Process id:1613266 Process name:python            Process memory(MB):7951
	Chip ID                        : 0

2026-09-05T22:27:20+08:00
	NPU ID                         : 6
	Chip Count                     : 1

	Process id:1613266 Process name:python            Process memory(MB):7951
	Chip ID                        : 0

2026-09-05T22:27:26+08:00
	NPU ID                         : 6
	Chip Count                     : 1

	Process id:1613266 Process name:python            Process memory(MB):7951
	Chip ID                        : 0

2026-09-05T22:27:31+08:00
	NPU ID                         : 6
	Chip Count                     : 1

	Process id:1613266 Process name:python            Process memory(MB):7951
	Chip ID                        : 0

2026-09-05T22:27:37+08:00
	NPU ID                         : 6
	Chip Count                     : 1

	Process id:1613266 Process name:python            Process memory(MB):7951
	Chip ID                        : 0

2026-09-05T22:27:42+08:00
	NPU ID                         : 6
	Chip Count                     : 1

	Process id:1613266 Process name:python            Process memory(MB):7951
	Chip ID                        : 0

2026-09-05T22:27:48+08:00
	NPU ID                         : 6
	Chip Count                     : 1

	Process id:1613266 Process name:python            Process memory(MB):7951
	Chip ID                        : 0

2026-09-05T22:27:53+08:00
	NPU ID                         : 6
	Chip Count                     : 1

	Process id:1613266 Process name:python            Process memory(MB):7951
	Chip ID                        : 0

2026-09-05T22:27:59+08:00
	NPU ID                         : 6
	Chip Count                     : 1

	Process id:1613266 Process name:python            Process memory(MB):7951
	Chip ID                        : 0

2026-09-05T22:28:04+08:00
	NPU ID                         : 6
	Chip Count                     : 1

	Process id:1613266 Process name:python            Process memory(MB):7951
	Chip ID                        : 0

2026-09-05T22:28:10+08:00
	NPU ID                         : 6
	Chip Count                     : 1

	Process id:1613266 Process name:python            Process memory(MB):7951
	Chip ID                        : 0

2026-09-05T22:28:15+08:00
	NPU ID                         : 6
	Chip Count                     : 1

	Process id:1613266 Process name:python            Process memory(MB):7951
	Chip ID                        : 0

2026-09-05T22:28:21+08:00
	NPU ID                         : 6
	Chip Count                     : 1

	Process id:1613266 Process name:python            Process memory(MB):7951
	Chip ID                        : 0

2026-09-05T22:28:26+08:00
	NPU ID                         : 6
	Chip Count                     : 1

	Process id:1613266 Process name:python            Process memory(MB):7951
	Chip ID                        : 0

2026-09-05T22:28:32+08:00
	NPU ID                         : 6
	Chip Count                     : 1

	Process id:1613266 Process name:python            Process memory(MB):7951
	Chip ID                        : 0

2026-09-05T22:28:37+08:00
	NPU ID                         : 6
	Chip Count                     : 1

	Process id:1613266 Process name:python            Process memory(MB):7951
	Chip ID                        : 0

2026-09-05T22:28:43+08:00
	NPU ID                         : 6
	Chip Count                     : 1

	Process id:1613266 Process name:python            Process memory(MB):7951
	Chip ID                        : 0

2026-09-05T22:28:48+08:00
	NPU ID                         : 6
	Chip Count                     : 1

	Process id:1613266 Process name:python            Process memory(MB):7951
	Chip ID                        : 0

2026-09-05T22:28:54+08:00
	NPU ID                         : 6
	Chip Count                     : 1

	Process id:1613266 Process name:python            Process memory(MB):7951
	Chip ID                        : 0

2026-09-05T22:28:59+08:00
	NPU ID                         : 6
	Chip Count                     : 1

	Process id:1613266 Process name:python            Process memory(MB):7951
	Chip ID                        : 0

2026-09-05T22:29:05+08:00
	NPU ID                         : 6
	Chip Count                     : 1

	Process id:1613266 Process name:python            Process memory(MB):7951
	Chip ID                        : 0

2026-09-05T22:29:10+08:00
	NPU ID                         : 6
	Chip Count                     : 1

	Process id:1613266 Process name:python            Process memory(MB):7951
	Chip ID                        : 0

2026-09-05T22:29:16+08:00
	NPU ID                         : 6
	Chip Count                     : 1

	Process id:1613266 Process name:python            Process memory(MB):7951
	Chip ID                        : 0

2026-09-05T22:29:22+08:00
	NPU ID                         : 6
	Chip Count                     : 1

	Process id:1613266 Process name:python            Process memory(MB):7951
	Chip ID                        : 0

2026-09-05T22:29:27+08:00
	NPU ID                         : 6
	Chip Count                     : 1

	Process id:1613266 Process name:python            Process memory(MB):7951
	Chip ID                        : 0

2026-09-05T22:29:33+08:00
	NPU ID                         : 6
	Chip Count                     : 1

	Process id:1613266 Process name:python            Process memory(MB):7951
	Chip ID                        : 0

2026-09-05T22:29:38+08:00
	NPU ID                         : 6
	Chip Count                     : 1

	Process id:1613266 Process name:python            Process memory(MB):7951
	Chip ID                        : 0

2026-09-05T22:29:44+08:00
	NPU ID                         : 6
	Chip Count                     : 1

	Process id:1613266 Process name:python            Process memory(MB):7951
	Chip ID                        : 0

2026-09-05T22:29:49+08:00
	NPU ID                         : 6
	Chip Count                     : 1

	Process id:1613266 Process name:python            Process memory(MB):7951
	Chip ID                        : 0

2026-09-05T22:29:55+08:00
	NPU ID                         : 6
	Chip Count                     : 1

	Process id:1613266 Process name:python            Process memory(MB):7951
	Chip ID                        : 0

2026-09-05T22:30:00+08:00
	NPU ID                         : 6
	Chip Count                     : 1

	Process id:1613266 Process name:python            Process memory(MB):7951
	Chip ID                        : 0

2026-09-05T22:30:06+08:00
	NPU ID                         : 6
	Chip Count                     : 1

	Process id:1613266 Process name:python            Process memory(MB):7951
	Chip ID                        : 0

2026-09-05T22:30:11+08:00
	NPU ID                         : 6
	Chip Count                     : 1

	Process id:1613266 Process name:python            Process memory(MB):7951
	Chip ID                        : 0

2026-09-05T22:30:17+08:00
	NPU ID                         : 6
	Chip Count                     : 1

	Process id:1613266 Process name:python            Process memory(MB):7951
	Chip ID                        : 0

2026-09-05T22:30:22+08:00
	NPU ID                         : 6
	Chip Count                     : 1

	Process id:1613266 Process name:python            Process memory(MB):7951
	Chip ID                        : 0

2026-09-05T22:30:28+08:00
	NPU ID                         : 6
	Chip Count                     : 1

	Process id:1613266 Process name:python            Process memory(MB):7951
	Chip ID                        : 0

2026-09-05T22:30:33+08:00
	NPU ID                         : 6
	Chip Count                     : 1

	Process id:1613266 Process name:python            Process memory(MB):7951
	Chip ID                        : 0

2026-09-05T22:30:39+08:00
	NPU ID                         : 6
	Chip Count                     : 1

	Process id:1613266 Process name:python            Process memory(MB):7951
	Chip ID                        : 0

2026-09-05T22:30:44+08:00
	NPU ID                         : 6
	Chip Count                     : 1

	Process id:1613266 Process name:python            Process memory(MB):7951
	Chip ID                        : 0

2026-09-05T22:30:50+08:00
	NPU ID                         : 6
	Chip Count                     : 1

	Process id:1613266 Process name:python            Process memory(MB):7951
	Chip ID                        : 0

2026-09-05T22:30:55+08:00
	NPU ID                         : 6
	Chip Count                     : 1

	Process id:1613266 Process name:python            Process memory(MB):7951
	Chip ID                        : 0

2026-09-05T22:31:01+08:00
	NPU ID                         : 6
	Chip Count                     : 1

	Process id:1613266 Process name:python            Process memory(MB):7951
	Chip ID                        : 0

2026-09-05T22:31:06+08:00
	NPU ID                         : 6
	Chip Count                     : 1

	Process id:1613266 Process name:python            Process memory(MB):7951
	Chip ID                        : 0

2026-09-05T22:31:12+08:00
	NPU ID                         : 6
	Chip Count                     : 1

	Process id:1613266 Process name:python            Process memory(MB):7951
	Chip ID                        : 0

2026-09-05T22:31:17+08:00
	NPU ID                         : 6
	Chip Count                     : 1

	Process id:1613266 Process name:python            Process memory(MB):7951
	Chip ID                        : 0

2026-09-05T22:31:23+08:00
	NPU ID                         : 6
	Chip Count                     : 1

	Process id:1613266 Process name:python            Process memory(MB):7951
	Chip ID                        : 0

2026-09-05T22:31:28+08:00
	NPU ID                         : 6
	Chip Count                     : 1

	Process id:1613266 Process name:python            Process memory(MB):7951
	Chip ID                        : 0

2026-09-05T22:31:34+08:00
	NPU ID                         : 6
	Chip Count                     : 1

	Process id:1613266 Process name:python            Process memory(MB):7951
	Chip ID                        : 0

2026-09-05T22:31:40+08:00
	NPU ID                         : 6
	Chip Count                     : 1

	Process id:1613266 Process name:python            Process memory(MB):7951
	Chip ID                        : 0

2026-09-05T22:31:45+08:00
	NPU ID                         : 6
	Chip Count                     : 1

	Process id:1613266 Process name:python            Process memory(MB):7951
	Chip ID                        : 0

2026-09-05T22:31:51+08:00
	NPU ID                         : 6
	Chip Count                     : 1

	Process id:1613266 Process name:python            Process memory(MB):7951
	Chip ID                        : 0

2026-09-05T22:31:56+08:00
	NPU ID                         : 6
	Chip Count                     : 1

	Process id:1613266 Process name:python            Process memory(MB):7951
	Chip ID                        : 0

2026-09-05T22:32:02+08:00
	NPU ID                         : 6
	Chip Count                     : 1

	Process id:1613266 Process name:python            Process memory(MB):7951
	Chip ID                        : 0

2026-09-05T22:32:07+08:00
	NPU ID                         : 6
	Chip Count                     : 1

	Process id:1613266 Process name:python            Process memory(MB):7951
	Chip ID                        : 0

2026-09-05T22:32:13+08:00
	NPU ID                         : 6
	Chip Count                     : 1

	Process id:1613266 Process name:python            Process memory(MB):7951
	Chip ID                        : 0

2026-09-05T22:32:18+08:00
	NPU ID                         : 6
	Chip Count                     : 1

	Process id:1613266 Process name:python            Process memory(MB):7951
	Chip ID                        : 0

2026-09-05T22:32:24+08:00
	NPU ID                         : 6
	Chip Count                     : 1

	Process id:1613266 Process name:python            Process memory(MB):7951
	Chip ID                        : 0

2026-09-05T22:32:29+08:00
	NPU ID                         : 6
	Chip Count                     : 1

	Process id:1613266 Process name:python            Process memory(MB):7951
	Chip ID                        : 0

2026-09-05T22:32:35+08:00
	NPU ID                         : 6
	Chip Count                     : 1

	Process id:1613266 Process name:python            Process memory(MB):7951
	Chip ID                        : 0

2026-09-05T22:32:40+08:00
	NPU ID                         : 6
	Chip Count                     : 1

	Process id:1613266 Process name:python            Process memory(MB):7951
	Chip ID                        : 0

2026-09-05T22:32:46+08:00
	NPU ID                         : 6
	Chip Count                     : 1

	Process id:1613266 Process name:python            Process memory(MB):7951
	Chip ID                        : 0

2026-09-05T22:32:51+08:00
	NPU ID                         : 6
	Chip Count                     : 1

	Process id:1613266 Process name:python            Process memory(MB):7951
	Chip ID                        : 0

2026-09-05T22:32:57+08:00
	NPU ID                         : 6
	Chip Count                     : 1

	Process id:1613266 Process name:python            Process memory(MB):7951
	Chip ID                        : 0

2026-09-05T22:33:02+08:00
	NPU ID                         : 6
	Chip Count                     : 1

	Process id:1613266 Process name:python            Process memory(MB):7951
	Chip ID                        : 0

2026-09-05T22:33:08+08:00
	NPU ID                         : 6
	Chip Count                     : 1

	Process id:1613266 Process name:python            Process memory(MB):7951
	Chip ID                        : 0

