2026-09-05T21:31:09+08:00
	NPU ID                         : 6
	Chip Count                     : 1

	Process id:1490936 Process name:python            Process memory(MB):7757
	Chip ID                        : 0

2026-09-05T21:31:14+08:00
	NPU ID                         : 6
	Chip Count                     : 1

	Process id:1490936 Process name:python            Process memory(MB):7757
	Chip ID                        : 0

2026-09-05T21:31:20+08:00
	NPU ID                         : 6
	Chip Count                     : 1

	Process id:1490936 Process name:python            Process memory(MB):7757
	Chip ID                        : 0

2026-09-05T21:31:25+08:00
	NPU ID                         : 6
	Chip Count                     : 1

	Process id:1490936 Process name:python            Process memory(MB):7757
	Chip ID                        : 0

2026-09-05T21:31:31+08:00
	NPU ID                         : 6
	Chip Count                     : 1

	Process id:1490936 Process name:python            Process memory(MB):7757
	Chip ID                        : 0

2026-09-05T21:31:36+08:00
	NPU ID                         : 6
	Chip Count                     : 1

	Process id:1490936 Process name:python            Process memory(MB):7817
	Chip ID                        : 0

2026-09-05T21:31:42+08:00
	NPU ID                         : 6
	Chip Count                     : 1

	Process id:1490936 Process name:python            Process memory(MB):7923
	Chip ID                        : 0

2026-09-05T21:31:47+08:00
	NPU ID                         : 6
	Chip Count                     : 1

	Process id:1490936 Process name:python            Process memory(MB):7923
	Chip ID                        : 0

2026-09-05T21:31:53+08:00
	NPU ID                         : 6
	Chip Count                     : 1

	Process id:1490936 Process name:python            Process memory(MB):7923
	Chip ID                        : 0

2026-09-05T21:31:59+08:00
	NPU ID                         : 6
	Chip Count                     : 1

	Process id:1490936 Process name:python            Process memory(MB):7923
	Chip ID                        : 0

2026-09-05T21:32:04+08:00
	NPU ID                         : 6
	Chip Count                     : 1

	Process id:1490936 Process name:python            Process memory(MB):7923
	Chip ID                        : 0

2026-09-05T21:32:10+08:00
	NPU ID                         : 6
	Chip Count                     : 1

	Process id:1490936 Process name:python            Process memory(MB):7925
	Chip ID                        : 0

2026-09-05T21:32:15+08:00
	NPU ID                         : 6
	Chip Count                     : 1

	Process id:1490936 Process name:python            Process memory(MB):7925
	Chip ID                        : 0

2026-09-05T21:32:21+08:00
	NPU ID                         : 6
	Chip Count                     : 1

	Process id:1490936 Process name:python            Process memory(MB):7925
	Chip ID                        : 0

2026-09-05T21:32:26+08:00
	NPU ID                         : 6
	Chip Count                     : 1

	Process id:1490936 Process name:python            Process memory(MB):7951
	Chip ID                        : 0

2026-09-05T21:32:32+08:00
	NPU ID                         : 6
	Chip Count                     : 1

	Process id:1490936 Process name:python            Process memory(MB):7951
	Chip ID                        : 0

2026-09-05T21:32:37+08:00
	NPU ID                         : 6
	Chip Count                     : 1

	Process id:1490936 Process name:python            Process memory(MB):7951
	Chip ID                        : 0

2026-09-05T21:32:43+08:00
	NPU ID                         : 6
	Chip Count                     : 1

	Process id:1490936 Process name:python            Process memory(MB):7951
	Chip ID                        : 0

2026-09-05T21:32:48+08:00
	NPU ID                         : 6
	Chip Count                     : 1

	Process id:1490936 Process name:python            Process memory(MB):7951
	Chip ID                        : 0

2026-09-05T21:32:54+08:00
	NPU ID                         : 6
	Chip Count                     : 1

	Process id:1490936 Process name:python            Process memory(MB):7951
	Chip ID                        : 0

2026-09-05T21:32:59+08:00
	NPU ID                         : 6
	Chip Count                     : 1

	Process id:1490936 Process name:python            Process memory(MB):7951
	Chip ID                        : 0

2026-09-05T21:33:05+08:00
	NPU ID                         : 6
	Chip Count                     : 1

	Process id:1490936 Process name:python            Process memory(MB):7951
	Chip ID                        : 0

2026-09-05T21:33:10+08:00
	NPU ID                         : 6
	Chip Count                     : 1

	Process id:1490936 Process name:python            Process memory(MB):7951
	Chip ID                        : 0

2026-09-05T21:33:16+08:00
	NPU ID                         : 6
	Chip Count                     : 1

	Process id:1490936 Process name:python            Process memory(MB):7951
	Chip ID                        : 0

2026-09-05T21:33:21+08:00
	NPU ID                         : 6
	Chip Count                     : 1

	Process id:1490936 Process name:python            Process memory(MB):7951
	Chip ID                        : 0

2026-09-05T21:33:27+08:00
	NPU ID                         : 6
	Chip Count                     : 1

	Process id:1490936 Process name:python            Process memory(MB):7951
	Chip ID                        : 0

2026-09-05T21:33:32+08:00
	NPU ID                         : 6
	Chip Count                     : 1

	Process id:1490936 Process name:python            Process memory(MB):7951
	Chip ID                        : 0

2026-09-05T21:33:38+08:00
	NPU ID                         : 6
	Chip Count                     : 1

	Process id:1490936 Process name:python            Process memory(MB):7951
	Chip ID                        : 0

2026-09-05T21:33:43+08:00
	NPU ID                         : 6
	Chip Count                     : 1

	Process id:1490936 Process name:python            Process memory(MB):7951
	Chip ID                        : 0

2026-09-05T21:33:49+08:00
	NPU ID                         : 6
	Chip Count                     : 1

	Process id:1490936 Process name:python            Process memory(MB):7951
	Chip ID                        : 0

2026-09-05T21:33:54+08:00
	NPU ID                         : 6
	Chip Count                     : 1

	Process id:1490936 Process name:python            Process memory(MB):7951
	Chip ID                        : 0

2026-09-05T21:34:00+08:00
	NPU ID                         : 6
	Chip Count                     : 1

	Process id:1490936 Process name:python            Process memory(MB):7951
	Chip ID                        : 0

2026-09-05T21:34:05+08:00
	NPU ID                         : 6
	Chip Count                     : 1

	Process id:1490936 Process name:python            Process memory(MB):7951
	Chip ID                        : 0

2026-09-05T21:34:11+08:00
	NPU ID                         : 6
	Chip Count                     : 1

	Process id:1490936 Process name:python            Process memory(MB):7951
	Chip ID                        : 0

2026-09-05T21:34:16+08:00
	NPU ID                         : 6
	Chip Count                     : 1

	Process id:1490936 Process name:python            Process memory(MB):7951
	Chip ID                        : 0

2026-09-05T21:34:22+08:00
	NPU ID                         : 6
	Chip Count                     : 1

	Process id:1490936 Process name:python            Process memory(MB):7951
	Chip ID                        : 0

2026-09-05T21:34:27+08:00
	NPU ID                         : 6
	Chip Count                     : 1

	Process id:1490936 Process name:python            Process memory(MB):7951
	Chip ID                        : 0

2026-09-05T21:34:33+08:00
	NPU ID                         : 6
	Chip Count                     : 1

	Process id:1490936 Process name:python            Process memory(MB):7951
	Chip ID                        : 0

2026-09-05T21:34:39+08:00
	NPU ID                         : 6
	Chip Count                     : 1

	Process id:1490936 Process name:python            Process memory(MB):7951
	Chip ID                        : 0

2026-09-05T21:34:44+08:00
	NPU ID                         : 6
	Chip Count                     : 1

	Process id:1490936 Process name:python            Process memory(MB):7951
	Chip ID                        : 0

