2026-09-05T21:24:33+08:00
	NPU ID                         : 6
	Chip Count                     : 1

	Process id:1474536 Process name:python            Process memory(MB):7381
	Chip ID                        : 0

2026-09-05T21:24:39+08:00
	NPU ID                         : 6
	Chip Count                     : 1

	Process id:1474536 Process name:python            Process memory(MB):7381
	Chip ID                        : 0

2026-09-05T21:24:44+08:00
	NPU ID                         : 6
	Chip Count                     : 1

	Process id:1474536 Process name:python            Process memory(MB):7383
	Chip ID                        : 0

2026-09-05T21:24:50+08:00
	NPU ID                         : 6
	Chip Count                     : 1

	Process id:1474536 Process name:python            Process memory(MB):7383
	Chip ID                        : 0

2026-09-05T21:24:55+08:00
	NPU ID                         : 6
	Chip Count                     : 1

	Process id:1474536 Process name:python            Process memory(MB):7757
	Chip ID                        : 0

2026-09-05T21:25:01+08:00
	NPU ID                         : 6
	Chip Count                     : 1

	Process id:1474536 Process name:python            Process memory(MB):7757
	Chip ID                        : 0

2026-09-05T21:25:06+08:00
	NPU ID                         : 6
	Chip Count                     : 1

	Process id:1474536 Process name:python            Process memory(MB):7757
	Chip ID                        : 0

2026-09-05T21:25:12+08:00
	NPU ID                         : 6
	Chip Count                     : 1

	Process id:1474536 Process name:python            Process memory(MB):7757
	Chip ID                        : 0

2026-09-05T21:25:17+08:00
	NPU ID                         : 6
	Chip Count                     : 1

	Process id:1474536 Process name:python            Process memory(MB):7817
	Chip ID                        : 0

2026-09-05T21:25:23+08:00
	NPU ID                         : 6
	Chip Count                     : 1

	Process id:1474536 Process name:python            Process memory(MB):7923
	Chip ID                        : 0

2026-09-05T21:25:28+08:00
	NPU ID                         : 6
	Chip Count                     : 1

	Process id:1474536 Process name:python            Process memory(MB):7923
	Chip ID                        : 0

2026-09-05T21:25:34+08:00
	NPU ID                         : 6
	Chip Count                     : 1

	Process id:1474536 Process name:python            Process memory(MB):7923
	Chip ID                        : 0

2026-09-05T21:25:39+08:00
	NPU ID                         : 6
	Chip Count                     : 1

	Process id:1474536 Process name:python            Process memory(MB):7923
	Chip ID                        : 0

2026-09-05T21:25:45+08:00
	NPU ID                         : 6
	Chip Count                     : 1

	Process id:1474536 Process name:python            Process memory(MB):7923
	Chip ID                        : 0

2026-09-05T21:25:50+08:00
	NPU ID                         : 6
	Chip Count                     : 1

	Process id:1474536 Process name:python            Process memory(MB):7925
	Chip ID                        : 0

2026-09-05T21:25:56+08:00
	NPU ID                         : 6
	Chip Count                     : 1

	Process id:1474536 Process name:python            Process memory(MB):7925
	Chip ID                        : 0

2026-09-05T21:26:02+08:00
	NPU ID                         : 6
	Chip Count                     : 1

	Process id:1474536 Process name:python            Process memory(MB):7925
	Chip ID                        : 0

2026-09-05T21:26:07+08:00
	NPU ID                         : 6
	Chip Count                     : 1

	Process id:1474536 Process name:python            Process memory(MB):7925
	Chip ID                        : 0

2026-09-05T21:26:13+08:00
	NPU ID                         : 6
	Chip Count                     : 1

	Process id:1474536 Process name:python            Process memory(MB):7951
	Chip ID                        : 0

2026-09-05T21:26:18+08:00
	NPU ID                         : 6
	Chip Count                     : 1

	Process id:1474536 Process name:python            Process memory(MB):7951
	Chip ID                        : 0

2026-09-05T21:26:24+08:00
	NPU ID                         : 6
	Chip Count                     : 1

	Process id:1474536 Process name:python            Process memory(MB):7951
	Chip ID                        : 0

2026-09-05T21:26:29+08:00
	NPU ID                         : 6
	Chip Count                     : 1

	Process id:1474536 Process name:python            Process memory(MB):7951
	Chip ID                        : 0

2026-09-05T21:26:35+08:00
	NPU ID                         : 6
	Chip Count                     : 1

	Process id:1474536 Process name:python            Process memory(MB):7951
	Chip ID                        : 0

2026-09-05T21:26:40+08:00
	NPU ID                         : 6
	Chip Count                     : 1

	Process id:1474536 Process name:python            Process memory(MB):7951
	Chip ID                        : 0

2026-09-05T21:26:46+08:00
	NPU ID                         : 6
	Chip Count                     : 1

	Process id:1474536 Process name:python            Process memory(MB):7951
	Chip ID                        : 0

2026-09-05T21:26:51+08:00
	NPU ID                         : 6
	Chip Count                     : 1

	Process id:1474536 Process name:python            Process memory(MB):7951
	Chip ID                        : 0

2026-09-05T21:26:57+08:00
	NPU ID                         : 6
	Chip Count                     : 1

	Process id:1474536 Process name:python            Process memory(MB):7951
	Chip ID                        : 0

2026-09-05T21:27:02+08:00
	NPU ID                         : 6
	Chip Count                     : 1

	Process id:1474536 Process name:python            Process memory(MB):7951
	Chip ID                        : 0

2026-09-05T21:27:08+08:00
	NPU ID                         : 6
	Chip Count                     : 1

	Process id:1474536 Process name:python            Process memory(MB):7951
	Chip ID                        : 0

