2026-09-05T22:12:08+08:00
	NPU ID                         : 6
	Chip Count                     : 1

	Process id:1583178 Process name:python            Process memory(MB):7757
	Chip ID                        : 0

2026-09-05T22:12:14+08:00
	NPU ID                         : 6
	Chip Count                     : 1

	Process id:1583178 Process name:python            Process memory(MB):7923
	Chip ID                        : 0

2026-09-05T22:12:19+08:00
	NPU ID                         : 6
	Chip Count                     : 1

	Process id:1583178 Process name:python            Process memory(MB):7923
	Chip ID                        : 0

2026-09-05T22:12:25+08:00
	NPU ID                         : 6
	Chip Count                     : 1

	Process id:1583178 Process name:python            Process memory(MB):7923
	Chip ID                        : 0

2026-09-05T22:12:30+08:00
	NPU ID                         : 6
	Chip Count                     : 1

	Process id:1583178 Process name:python            Process memory(MB):7925
	Chip ID                        : 0

2026-09-05T22:12:36+08:00
	NPU ID                         : 6
	Chip Count                     : 1

	Process id:1583178 Process name:python            Process memory(MB):7925
	Chip ID                        : 0

2026-09-05T22:12:41+08:00
	NPU ID                         : 6
	Chip Count                     : 1

	Process id:1583178 Process name:python            Process memory(MB):7925
	Chip ID                        : 0

2026-09-05T22:12:47+08:00
	NPU ID                         : 6
	Chip Count                     : 1

	Process id:1583178 Process name:python            Process memory(MB):7925
	Chip ID                        : 0

2026-09-05T22:12:52+08:00
	NPU ID                         : 6
	Chip Count                     : 1

	Process id:1583178 Process name:python            Process memory(MB):7925
	Chip ID                        : 0

2026-09-05T22:12:58+08:00
	NPU ID                         : 6
	Chip Count                     : 1

	Process id:1583178 Process name:python            Process memory(MB):7951
	Chip ID                        : 0

2026-09-05T22:13:04+08:00
	NPU ID                         : 6
	Chip Count                     : 1

	Process id:1583178 Process name:python            Process memory(MB):7951
	Chip ID                        : 0

2026-09-05T22:13:09+08:00
	NPU ID                         : 6
	Chip Count                     : 1

	Process id:1583178 Process name:python            Process memory(MB):7951
	Chip ID                        : 0

2026-09-05T22:13:15+08:00
	NPU ID                         : 6
	Chip Count                     : 1

	Process id:1583178 Process name:python            Process memory(MB):7951
	Chip ID                        : 0

2026-09-05T22:13:20+08:00
	NPU ID                         : 6
	Chip Count                     : 1

	Process id:1583178 Process name:python            Process memory(MB):7951
	Chip ID                        : 0

2026-09-05T22:13:26+08:00
	NPU ID                         : 6
	Chip Count                     : 1

	Process id:1583178 Process name:python            Process memory(MB):7951
	Chip ID                        : 0

2026-09-05T22:13:31+08:00
	NPU ID                         : 6
	Chip Count                     : 1

	Process id:1583178 Process name:python            Process memory(MB):7951
	Chip ID                        : 0

2026-09-05T22:13:37+08:00
	NPU ID                         : 6
	Chip Count                     : 1

	Process id:1583178 Process name:python            Process memory(MB):7951
	Chip ID                        : 0

2026-09-05T22:13:42+08:00
	NPU ID                         : 6
	Chip Count                     : 1

	Process id:1583178 Process name:python            Process memory(MB):7951
	Chip ID                        : 0

2026-09-05T22:13:48+08:00
	NPU ID                         : 6
	Chip Count                     : 1

	Process id:1583178 Process name:python            Process memory(MB):7951
	Chip ID                        : 0

2026-09-05T22:13:53+08:00
	NPU ID                         : 6
	Chip Count                     : 1

	Process id:1583178 Process name:python            Process memory(MB):7951
	Chip ID                        : 0

2026-09-05T22:13:59+08:00
	NPU ID                         : 6
	Chip Count                     : 1

	Process id:1583178 Process name:python            Process memory(MB):7951
	Chip ID                        : 0

2026-09-05T22:14:04+08:00
	NPU ID                         : 6
	Chip Count                     : 1

	Process id:1583178 Process name:python            Process memory(MB):7951
	Chip ID                        : 0

2026-09-05T22:14:10+08:00
	NPU ID                         : 6
	Chip Count                     : 1

	Process id:1583178 Process name:python            Process memory(MB):7951
	Chip ID                        : 0

2026-09-05T22:14:15+08:00
	NPU ID                         : 6
	Chip Count                     : 1

	Process id:1583178 Process name:python            Process memory(MB):7951
	Chip ID                        : 0

2026-09-05T22:14:21+08:00
	NPU ID                         : 6
	Chip Count                     : 1

	Process id:1583178 Process name:python            Process memory(MB):7951
	Chip ID                        : 0

2026-09-05T22:14:26+08:00
	NPU ID                         : 6
	Chip Count                     : 1

	Process id:1583178 Process name:python            Process memory(MB):7951
	Chip ID                        : 0

2026-09-05T22:14:32+08:00
	NPU ID                         : 6
	Chip Count                     : 1

	Process id:1583178 Process name:python            Process memory(MB):7951
	Chip ID                        : 0

2026-09-05T22:14:37+08:00
	NPU ID                         : 6
	Chip Count                     : 1

	Process id:1583178 Process name:python            Process memory(MB):7951
	Chip ID                        : 0

2026-09-05T22:14:43+08:00
	NPU ID                         : 6
	Chip Count                     : 1

	Process id:1583178 Process name:python            Process memory(MB):7951
	Chip ID                        : 0

2026-09-05T22:14:48+08:00
	NPU ID                         : 6
	Chip Count                     : 1

	Process id:1583178 Process name:python            Process memory(MB):7951
	Chip ID                        : 0

2026-09-05T22:14:54+08:00
	NPU ID                         : 6
	Chip Count                     : 1

	Process id:1583178 Process name:python            Process memory(MB):7951
	Chip ID                        : 0

2026-09-05T22:14:59+08:00
	NPU ID                         : 6
	Chip Count                     : 1

	Process id:1583178 Process name:python            Process memory(MB):7951
	Chip ID                        : 0

2026-09-05T22:15:05+08:00
	NPU ID                         : 6
	Chip Count                     : 1

	Process id:1583178 Process name:python            Process memory(MB):7951
	Chip ID                        : 0

2026-09-05T22:15:10+08:00
	NPU ID                         : 6
	Chip Count                     : 1

	Process id:1583178 Process name:python            Process memory(MB):7951
	Chip ID                        : 0

2026-09-05T22:15:16+08:00
	NPU ID                         : 6
	Chip Count                     : 1

	Process id:1583178 Process name:python            Process memory(MB):7951
	Chip ID                        : 0

2026-09-05T22:15:21+08:00
	NPU ID                         : 6
	Chip Count                     : 1

	Process id:1583178 Process name:python            Process memory(MB):7951
	Chip ID                        : 0

2026-09-05T22:15:27+08:00
	NPU ID                         : 6
	Chip Count                     : 1

	Process id:1583178 Process name:python            Process memory(MB):7951
	Chip ID                        : 0

2026-09-05T22:15:33+08:00
	NPU ID                         : 6
	Chip Count                     : 1

	Process id:1583178 Process name:python            Process memory(MB):7951
	Chip ID                        : 0

2026-09-05T22:15:38+08:00
	NPU ID                         : 6
	Chip Count                     : 1

	Process id:1583178 Process name:python            Process memory(MB):7951
	Chip ID                        : 0

2026-09-05T22:15:44+08:00
	NPU ID                         : 6
	Chip Count                     : 1

	Process id:1583178 Process name:python            Process memory(MB):7951
	Chip ID                        : 0

2026-09-05T22:15:49+08:00
	NPU ID                         : 6
	Chip Count                     : 1

	Process id:1583178 Process name:python            Process memory(MB):7951
	Chip ID                        : 0

2026-09-05T22:15:55+08:00
	NPU ID                         : 6
	Chip Count                     : 1

	Process id:1583178 Process name:python            Process memory(MB):7951
	Chip ID                        : 0

2026-09-05T22:16:00+08:00
	NPU ID                         : 6
	Chip Count                     : 1

	Process id:1583178 Process name:python            Process memory(MB):7951
	Chip ID                        : 0

2026-09-05T22:16:06+08:00
	NPU ID                         : 6
	Chip Count                     : 1

	Process id:1583178 Process name:python            Process memory(MB):7951
	Chip ID                        : 0

2026-09-05T22:16:11+08:00
	NPU ID                         : 6
	Chip Count                     : 1

	Process id:1583178 Process name:python            Process memory(MB):7951
	Chip ID                        : 0

2026-09-05T22:16:17+08:00
	NPU ID                         : 6
	Chip Count                     : 1

	Process id:1583178 Process name:python            Process memory(MB):7951
	Chip ID                        : 0

2026-09-05T22:16:22+08:00
	NPU ID                         : 6
	Chip Count                     : 1

	Process id:1583178 Process name:python            Process memory(MB):7951
	Chip ID                        : 0

2026-09-05T22:16:28+08:00
	NPU ID                         : 6
	Chip Count                     : 1

	Process id:1583178 Process name:python            Process memory(MB):7951
	Chip ID                        : 0

2026-09-05T22:16:33+08:00
	NPU ID                         : 6
	Chip Count                     : 1

	Process id:1583178 Process name:python            Process memory(MB):7951
	Chip ID                        : 0

2026-09-05T22:16:39+08:00
	NPU ID                         : 6
	Chip Count                     : 1

	Process id:1583178 Process name:python            Process memory(MB):7951
	Chip ID                        : 0

2026-09-05T22:16:44+08:00
	NPU ID                         : 6
	Chip Count                     : 1

	Process id:1583178 Process name:python            Process memory(MB):7951
	Chip ID                        : 0

2026-09-05T22:16:50+08:00
	NPU ID                         : 6
	Chip Count                     : 1

	Process id:1583178 Process name:python            Process memory(MB):7951
	Chip ID                        : 0

2026-09-05T22:16:55+08:00
	NPU ID                         : 6
	Chip Count                     : 1

	Process id:1583178 Process name:python            Process memory(MB):7951
	Chip ID                        : 0

2026-09-05T22:17:01+08:00
	NPU ID                         : 6
	Chip Count                     : 1

	Process id:1583178 Process name:python            Process memory(MB):7951
	Chip ID                        : 0

2026-09-05T22:17:06+08:00
	NPU ID                         : 6
	Chip Count                     : 1

	Process id:1583178 Process name:python            Process memory(MB):7951
	Chip ID                        : 0

2026-09-05T22:17:12+08:00
	NPU ID                         : 6
	Chip Count                     : 1

	Process id:1583178 Process name:python            Process memory(MB):7951
	Chip ID                        : 0

2026-09-05T22:17:17+08:00
	NPU ID                         : 6
	Chip Count                     : 1

	Process id:1583178 Process name:python            Process memory(MB):7951
	Chip ID                        : 0

2026-09-05T22:17:23+08:00
	NPU ID                         : 6
	Chip Count                     : 1

	Process id:1583178 Process name:python            Process memory(MB):7951
	Chip ID                        : 0

2026-09-05T22:17:29+08:00
	NPU ID                         : 6
	Chip Count                     : 1

	Process id:1583178 Process name:python            Process memory(MB):7951
	Chip ID                        : 0

2026-09-05T22:17:34+08:00
	NPU ID                         : 6
	Chip Count                     : 1

	Process id:1583178 Process name:python            Process memory(MB):7951
	Chip ID                        : 0

2026-09-05T22:17:40+08:00
	NPU ID                         : 6
	Chip Count                     : 1

	Process id:1583178 Process name:python            Process memory(MB):7951
	Chip ID                        : 0

2026-09-05T22:17:45+08:00
	NPU ID                         : 6
	Chip Count                     : 1

	Process id:1583178 Process name:python            Process memory(MB):7951
	Chip ID                        : 0

2026-09-05T22:17:51+08:00
	NPU ID                         : 6
	Chip Count                     : 1

	Process id:1583178 Process name:python            Process memory(MB):7951
	Chip ID                        : 0

2026-09-05T22:17:56+08:00
	NPU ID                         : 6
	Chip Count                     : 1

	Process id:1583178 Process name:python            Process memory(MB):7951
	Chip ID                        : 0

2026-09-05T22:18:02+08:00
	NPU ID                         : 6
	Chip Count                     : 1

	Process id:1583178 Process name:python            Process memory(MB):7951
	Chip ID                        : 0

2026-09-05T22:18:07+08:00
	NPU ID                         : 6
	Chip Count                     : 1

	Process id:1583178 Process name:python            Process memory(MB):7951
	Chip ID                        : 0

2026-09-05T22:18:13+08:00
	NPU ID                         : 6
	Chip Count                     : 1

	Process id:1583178 Process name:python            Process memory(MB):7951
	Chip ID                        : 0

2026-09-05T22:18:18+08:00
	NPU ID                         : 6
	Chip Count                     : 1

	Process id:1583178 Process name:python            Process memory(MB):7951
	Chip ID                        : 0

2026-09-05T22:18:24+08:00
	NPU ID                         : 6
	Chip Count                     : 1

	Process id:1583178 Process name:python            Process memory(MB):7951
	Chip ID                        : 0

2026-09-05T22:18:29+08:00
	NPU ID                         : 6
	Chip Count                     : 1

	Process id:1583178 Process name:python            Process memory(MB):7951
	Chip ID                        : 0

2026-09-05T22:18:35+08:00
	NPU ID                         : 6
	Chip Count                     : 1

	Process id:1583178 Process name:python            Process memory(MB):7951
	Chip ID                        : 0

2026-09-05T22:18:40+08:00
	NPU ID                         : 6
	Chip Count                     : 1

	Process id:1583178 Process name:python            Process memory(MB):7951
	Chip ID                        : 0

2026-09-05T22:18:46+08:00
	NPU ID                         : 6
	Chip Count                     : 1

	Process id:1583178 Process name:python            Process memory(MB):7951
	Chip ID                        : 0

2026-09-05T22:18:51+08:00
	NPU ID                         : 6
	Chip Count                     : 1

	Process id:1583178 Process name:python            Process memory(MB):7951
	Chip ID                        : 0

2026-09-05T22:18:57+08:00
	NPU ID                         : 6
	Chip Count                     : 1

	Process id:1583178 Process name:python            Process memory(MB):7951
	Chip ID                        : 0

