2026-09-05T21:47:53+08:00
	NPU ID                         : 6
	Chip Count                     : 1

	Process id:1524629 Process name:python            Process memory(MB):7757
	Chip ID                        : 0

2026-09-05T21:47:59+08:00
	NPU ID                         : 6
	Chip Count                     : 1

	Process id:1524629 Process name:python            Process memory(MB):7757
	Chip ID                        : 0

2026-09-05T21:48:04+08:00
	NPU ID                         : 6
	Chip Count                     : 1

	Process id:1524629 Process name:python            Process memory(MB):7757
	Chip ID                        : 0

2026-09-05T21:48:10+08:00
	NPU ID                         : 6
	Chip Count                     : 1

	Process id:1524629 Process name:python            Process memory(MB):7775
	Chip ID                        : 0

2026-09-05T21:48:15+08:00
	NPU ID                         : 6
	Chip Count                     : 1

	Process id:1524629 Process name:python            Process memory(MB):7923
	Chip ID                        : 0

2026-09-05T21:48:21+08:00
	NPU ID                         : 6
	Chip Count                     : 1

	Process id:1524629 Process name:python            Process memory(MB):7923
	Chip ID                        : 0

2026-09-05T21:48:26+08:00
	NPU ID                         : 6
	Chip Count                     : 1

	Process id:1524629 Process name:python            Process memory(MB):7923
	Chip ID                        : 0

2026-09-05T21:48:32+08:00
	NPU ID                         : 6
	Chip Count                     : 1

	Process id:1524629 Process name:python            Process memory(MB):7925
	Chip ID                        : 0

2026-09-05T21:48:37+08:00
	NPU ID                         : 6
	Chip Count                     : 1

	Process id:1524629 Process name:python            Process memory(MB):7925
	Chip ID                        : 0

2026-09-05T21:48:43+08:00
	NPU ID                         : 6
	Chip Count                     : 1

	Process id:1524629 Process name:python            Process memory(MB):7925
	Chip ID                        : 0

2026-09-05T21:48:48+08:00
	NPU ID                         : 6
	Chip Count                     : 1

	Process id:1524629 Process name:python            Process memory(MB):7925
	Chip ID                        : 0

2026-09-05T21:48:54+08:00
	NPU ID                         : 6
	Chip Count                     : 1

	Process id:1524629 Process name:python            Process memory(MB):7925
	Chip ID                        : 0

2026-09-05T21:48:59+08:00
	NPU ID                         : 6
	Chip Count                     : 1

	Process id:1524629 Process name:python            Process memory(MB):7951
	Chip ID                        : 0

2026-09-05T21:49:05+08:00
	NPU ID                         : 6
	Chip Count                     : 1

	Process id:1524629 Process name:python            Process memory(MB):7951
	Chip ID                        : 0

2026-09-05T21:49:10+08:00
	NPU ID                         : 6
	Chip Count                     : 1

	Process id:1524629 Process name:python            Process memory(MB):7951
	Chip ID                        : 0

2026-09-05T21:49:16+08:00
	NPU ID                         : 6
	Chip Count                     : 1

	Process id:1524629 Process name:python            Process memory(MB):7951
	Chip ID                        : 0

2026-09-05T21:49:22+08:00
	NPU ID                         : 6
	Chip Count                     : 1

	Process id:1524629 Process name:python            Process memory(MB):7951
	Chip ID                        : 0

2026-09-05T21:49:27+08:00
	NPU ID                         : 6
	Chip Count                     : 1

	Process id:1524629 Process name:python            Process memory(MB):7951
	Chip ID                        : 0

2026-09-05T21:49:33+08:00
	NPU ID                         : 6
	Chip Count                     : 1

	Process id:1524629 Process name:python            Process memory(MB):7951
	Chip ID                        : 0

2026-09-05T21:49:38+08:00
	NPU ID                         : 6
	Chip Count                     : 1

	Process id:1524629 Process name:python            Process memory(MB):7951
	Chip ID                        : 0

2026-09-05T21:49:44+08:00
	NPU ID                         : 6
	Chip Count                     : 1

	Process id:1524629 Process name:python            Process memory(MB):7951
	Chip ID                        : 0

2026-09-05T21:49:49+08:00
	NPU ID                         : 6
	Chip Count                     : 1

	Process id:1524629 Process name:python            Process memory(MB):7951
	Chip ID                        : 0

2026-09-05T21:49:55+08:00
	NPU ID                         : 6
	Chip Count                     : 1

	Process id:1524629 Process name:python            Process memory(MB):7951
	Chip ID                        : 0

2026-09-05T21:50:00+08:00
	NPU ID                         : 6
	Chip Count                     : 1

	Process id:1524629 Process name:python            Process memory(MB):7951
	Chip ID                        : 0

2026-09-05T21:50:06+08:00
	NPU ID                         : 6
	Chip Count                     : 1

	Process id:1524629 Process name:python            Process memory(MB):7951
	Chip ID                        : 0

2026-09-05T21:50:11+08:00
	NPU ID                         : 6
	Chip Count                     : 1

	Process id:1524629 Process name:python            Process memory(MB):7951
	Chip ID                        : 0

2026-09-05T21:50:17+08:00
	NPU ID                         : 6
	Chip Count                     : 1

	Process id:1524629 Process name:python            Process memory(MB):7951
	Chip ID                        : 0

2026-09-05T21:50:22+08:00
	NPU ID                         : 6
	Chip Count                     : 1

	Process id:1524629 Process name:python            Process memory(MB):7951
	Chip ID                        : 0

2026-09-05T21:50:28+08:00
	NPU ID                         : 6
	Chip Count                     : 1

	Process id:1524629 Process name:python            Process memory(MB):7951
	Chip ID                        : 0

2026-09-05T21:50:33+08:00
	NPU ID                         : 6
	Chip Count                     : 1

	Process id:1524629 Process name:python            Process memory(MB):7951
	Chip ID                        : 0

2026-09-05T21:50:39+08:00
	NPU ID                         : 6
	Chip Count                     : 1

	Process id:1524629 Process name:python            Process memory(MB):7951
	Chip ID                        : 0

2026-09-05T21:50:44+08:00
	NPU ID                         : 6
	Chip Count                     : 1

	Process id:1524629 Process name:python            Process memory(MB):7951
	Chip ID                        : 0

2026-09-05T21:50:50+08:00
	NPU ID                         : 6
	Chip Count                     : 1

	Process id:1524629 Process name:python            Process memory(MB):7951
	Chip ID                        : 0

2026-09-05T21:50:55+08:00
	NPU ID                         : 6
	Chip Count                     : 1

	Process id:1524629 Process name:python            Process memory(MB):7951
	Chip ID                        : 0

2026-09-05T21:51:01+08:00
	NPU ID                         : 6
	Chip Count                     : 1

	Process id:1524629 Process name:python            Process memory(MB):7951
	Chip ID                        : 0

2026-09-05T21:51:06+08:00
	NPU ID                         : 6
	Chip Count                     : 1

	Process id:1524629 Process name:python            Process memory(MB):7951
	Chip ID                        : 0

2026-09-05T21:51:12+08:00
	NPU ID                         : 6
	Chip Count                     : 1

	Process id:1524629 Process name:python            Process memory(MB):7951
	Chip ID                        : 0

2026-09-05T21:51:17+08:00
	NPU ID                         : 6
	Chip Count                     : 1

	Process id:1524629 Process name:python            Process memory(MB):7951
	Chip ID                        : 0

2026-09-05T21:51:23+08:00
	NPU ID                         : 6
	Chip Count                     : 1

	Process id:1524629 Process name:python            Process memory(MB):7951
	Chip ID                        : 0

2026-09-05T21:51:28+08:00
	NPU ID                         : 6
	Chip Count                     : 1

	Process id:1524629 Process name:python            Process memory(MB):7951
	Chip ID                        : 0

2026-09-05T21:51:34+08:00
	NPU ID                         : 6
	Chip Count                     : 1

	Process id:1524629 Process name:python            Process memory(MB):7951
	Chip ID                        : 0

2026-09-05T21:51:39+08:00
	NPU ID                         : 6
	Chip Count                     : 1

	Process id:1524629 Process name:python            Process memory(MB):7951
	Chip ID                        : 0

2026-09-05T21:51:45+08:00
	NPU ID                         : 6
	Chip Count                     : 1

	Process id:1524629 Process name:python            Process memory(MB):7951
	Chip ID                        : 0

2026-09-05T21:51:50+08:00
	NPU ID                         : 6
	Chip Count                     : 1

	Process id:1524629 Process name:python            Process memory(MB):7951
	Chip ID                        : 0

2026-09-05T21:51:56+08:00
	NPU ID                         : 6
	Chip Count                     : 1

	Process id:1524629 Process name:python            Process memory(MB):7951
	Chip ID                        : 0

2026-09-05T21:52:02+08:00
	NPU ID                         : 6
	Chip Count                     : 1

	Process id:1524629 Process name:python            Process memory(MB):7951
	Chip ID                        : 0

2026-09-05T21:52:07+08:00
	NPU ID                         : 6
	Chip Count                     : 1

	Process id:1524629 Process name:python            Process memory(MB):7951
	Chip ID                        : 0

2026-09-05T21:52:13+08:00
	NPU ID                         : 6
	Chip Count                     : 1

	Process id:1524629 Process name:python            Process memory(MB):7951
	Chip ID                        : 0

2026-09-05T21:52:18+08:00
	NPU ID                         : 6
	Chip Count                     : 1

	Process id:1524629 Process name:python            Process memory(MB):7951
	Chip ID                        : 0

2026-09-05T21:52:24+08:00
	NPU ID                         : 6
	Chip Count                     : 1

	Process id:1524629 Process name:python            Process memory(MB):7951
	Chip ID                        : 0

2026-09-05T21:52:29+08:00
	NPU ID                         : 6
	Chip Count                     : 1

	Process id:1524629 Process name:python            Process memory(MB):7951
	Chip ID                        : 0

2026-09-05T21:52:35+08:00
	NPU ID                         : 6
	Chip Count                     : 1

	Process id:1524629 Process name:python            Process memory(MB):7951
	Chip ID                        : 0

2026-09-05T21:52:40+08:00
	NPU ID                         : 6
	Chip Count                     : 1

	Process id:1524629 Process name:python            Process memory(MB):7951
	Chip ID                        : 0

2026-09-05T21:52:46+08:00
	NPU ID                         : 6
	Chip Count                     : 1

	Process id:1524629 Process name:python            Process memory(MB):7951
	Chip ID                        : 0

2026-09-05T21:52:51+08:00
	NPU ID                         : 6
	Chip Count                     : 1

	Process id:1524629 Process name:python            Process memory(MB):7951
	Chip ID                        : 0

2026-09-05T21:52:57+08:00
	NPU ID                         : 6
	Chip Count                     : 1

	Process id:1524629 Process name:python            Process memory(MB):7951
	Chip ID                        : 0

2026-09-05T21:53:02+08:00
	NPU ID                         : 6
	Chip Count                     : 1

	Process id:1524629 Process name:python            Process memory(MB):7951
	Chip ID                        : 0

2026-09-05T21:53:08+08:00
	NPU ID                         : 6
	Chip Count                     : 1

	Process id:1524629 Process name:python            Process memory(MB):7951
	Chip ID                        : 0

2026-09-05T21:53:13+08:00
	NPU ID                         : 6
	Chip Count                     : 1

	Process id:1524629 Process name:python            Process memory(MB):7951
	Chip ID                        : 0

2026-09-05T21:53:19+08:00
	NPU ID                         : 6
	Chip Count                     : 1

	Process id:1524629 Process name:python            Process memory(MB):7951
	Chip ID                        : 0

2026-09-05T21:53:24+08:00
	NPU ID                         : 6
	Chip Count                     : 1

	Process id:1524629 Process name:python            Process memory(MB):7951
	Chip ID                        : 0

2026-09-05T21:53:30+08:00
	NPU ID                         : 6
	Chip Count                     : 1

	Process id:1524629 Process name:python            Process memory(MB):7951
	Chip ID                        : 0

2026-09-05T21:53:35+08:00
	NPU ID                         : 6
	Chip Count                     : 1

	Process id:1524629 Process name:python            Process memory(MB):7951
	Chip ID                        : 0

2026-09-05T21:53:41+08:00
	NPU ID                         : 6
	Chip Count                     : 1

	Process id:1524629 Process name:python            Process memory(MB):7951
	Chip ID                        : 0

2026-09-05T21:53:46+08:00
	NPU ID                         : 6
	Chip Count                     : 1

	Process id:1524629 Process name:python            Process memory(MB):7951
	Chip ID                        : 0

