2026-09-05T22:38:02+08:00
	NPU ID                         : 6
	Chip Count                     : 1

	Process id:1643932 Process name:python            Process memory(MB):7381
	Chip ID                        : 0

2026-09-05T22:38:08+08:00
	NPU ID                         : 6
	Chip Count                     : 1

	Process id:1643932 Process name:python            Process memory(MB):7381
	Chip ID                        : 0

2026-09-05T22:38:13+08:00
	NPU ID                         : 6
	Chip Count                     : 1

	Process id:1643932 Process name:python            Process memory(MB):7381
	Chip ID                        : 0

2026-09-05T22:38:19+08:00
	NPU ID                         : 6
	Chip Count                     : 1

	Process id:1643932 Process name:python            Process memory(MB):7381
	Chip ID                        : 0

2026-09-05T22:38:24+08:00
	NPU ID                         : 6
	Chip Count                     : 1

	Process id:1643932 Process name:python            Process memory(MB):7381
	Chip ID                        : 0

2026-09-05T22:38:30+08:00
	NPU ID                         : 6
	Chip Count                     : 1

	Process id:1643932 Process name:python            Process memory(MB):7381
	Chip ID                        : 0

2026-09-05T22:38:35+08:00
	NPU ID                         : 6
	Chip Count                     : 1

	Process id:1643932 Process name:python            Process memory(MB):7471
	Chip ID                        : 0

2026-09-05T22:38:41+08:00
	NPU ID                         : 6
	Chip Count                     : 1

	Process id:1643932 Process name:python            Process memory(MB):7471
	Chip ID                        : 0

2026-09-05T22:38:46+08:00
	NPU ID                         : 6
	Chip Count                     : 1

	Process id:1643932 Process name:python            Process memory(MB):7471
	Chip ID                        : 0

2026-09-05T22:38:52+08:00
	NPU ID                         : 6
	Chip Count                     : 1

	Process id:1643932 Process name:python            Process memory(MB):7471
	Chip ID                        : 0

2026-09-05T22:38:57+08:00
	NPU ID                         : 6
	Chip Count                     : 1

	Process id:1643932 Process name:python            Process memory(MB):7471
	Chip ID                        : 0

2026-09-05T22:39:03+08:00
	NPU ID                         : 6
	Chip Count                     : 1

	Process id:1643932 Process name:python            Process memory(MB):7471
	Chip ID                        : 0

2026-09-05T22:39:08+08:00
	NPU ID                         : 6
	Chip Count                     : 1

	Process id:1643932 Process name:python            Process memory(MB):7471
	Chip ID                        : 0

2026-09-05T22:39:14+08:00
	NPU ID                         : 6
	Chip Count                     : 1

	Process id:1643932 Process name:python            Process memory(MB):7471
	Chip ID                        : 0

2026-09-05T22:39:19+08:00
	NPU ID                         : 6
	Chip Count                     : 1

	Process id:1643932 Process name:python            Process memory(MB):7471
	Chip ID                        : 0

2026-09-05T22:39:25+08:00
	NPU ID                         : 6
	Chip Count                     : 1

	Process id:1643932 Process name:python            Process memory(MB):7497
	Chip ID                        : 0

2026-09-05T22:39:30+08:00
	NPU ID                         : 6
	Chip Count                     : 1

	Process id:1643932 Process name:python            Process memory(MB):7499
	Chip ID                        : 0

2026-09-05T22:39:36+08:00
	NPU ID                         : 6
	Chip Count                     : 1

	Process id:1643932 Process name:python            Process memory(MB):7499
	Chip ID                        : 0

2026-09-05T22:39:41+08:00
	NPU ID                         : 6
	Chip Count                     : 1

	Process id:1643932 Process name:python            Process memory(MB):7499
	Chip ID                        : 0

2026-09-05T22:39:47+08:00
	NPU ID                         : 6
	Chip Count                     : 1

	Process id:1643932 Process name:python            Process memory(MB):7499
	Chip ID                        : 0

2026-09-05T22:39:52+08:00
	NPU ID                         : 6
	Chip Count                     : 1

	Process id:1643932 Process name:python            Process memory(MB):7499
	Chip ID                        : 0

2026-09-05T22:39:58+08:00
	NPU ID                         : 6
	Chip Count                     : 1

	Process id:1643932 Process name:python            Process memory(MB):7499
	Chip ID                        : 0

2026-09-05T22:40:03+08:00
	NPU ID                         : 6
	Chip Count                     : 1

	Process id:1643932 Process name:python            Process memory(MB):7499
	Chip ID                        : 0

2026-09-05T22:40:09+08:00
	NPU ID                         : 6
	Chip Count                     : 1

	Process id:1643932 Process name:python            Process memory(MB):7499
	Chip ID                        : 0

2026-09-05T22:40:14+08:00
	NPU ID                         : 6
	Chip Count                     : 1

	Process id:1643932 Process name:python            Process memory(MB):7499
	Chip ID                        : 0

2026-09-05T22:40:20+08:00
	NPU ID                         : 6
	Chip Count                     : 1

	Process id:1643932 Process name:python            Process memory(MB):7499
	Chip ID                        : 0

2026-09-05T22:40:26+08:00
	NPU ID                         : 6
	Chip Count                     : 1

	Process id:1643932 Process name:python            Process memory(MB):7499
	Chip ID                        : 0

2026-09-05T22:40:31+08:00
	NPU ID                         : 6
	Chip Count                     : 1

	Process id:1643932 Process name:python            Process memory(MB):7499
	Chip ID                        : 0

2026-09-05T22:40:37+08:00
	NPU ID                         : 6
	Chip Count                     : 1

	Process id:1643932 Process name:python            Process memory(MB):7499
	Chip ID                        : 0

2026-09-05T22:40:42+08:00
	NPU ID                         : 6
	Chip Count                     : 1

	Process id:1643932 Process name:python            Process memory(MB):7499
	Chip ID                        : 0

2026-09-05T22:40:48+08:00
	NPU ID                         : 6
	Chip Count                     : 1

	Process id:1643932 Process name:python            Process memory(MB):7499
	Chip ID                        : 0

2026-09-05T22:40:53+08:00
	NPU ID                         : 6
	Chip Count                     : 1

	Process id:1643932 Process name:python            Process memory(MB):7499
	Chip ID                        : 0

