2026-09-05T21:41:06+08:00
	NPU ID                         : 6
	Chip Count                     : 1

	Process id:1509234 Process name:python            Process memory(MB):7757
	Chip ID                        : 0

2026-09-05T21:41:12+08:00
	NPU ID                         : 6
	Chip Count                     : 1

	Process id:1509234 Process name:python            Process memory(MB):7757
	Chip ID                        : 0

2026-09-05T21:41:18+08:00
	NPU ID                         : 6
	Chip Count                     : 1

	Process id:1509234 Process name:python            Process memory(MB):7757
	Chip ID                        : 0

2026-09-05T21:41:23+08:00
	NPU ID                         : 6
	Chip Count                     : 1

	Process id:1509234 Process name:python            Process memory(MB):7757
	Chip ID                        : 0

2026-09-05T21:41:29+08:00
	NPU ID                         : 6
	Chip Count                     : 1

	Process id:1509234 Process name:python            Process memory(MB):7759
	Chip ID                        : 0

2026-09-05T21:41:34+08:00
	NPU ID                         : 6
	Chip Count                     : 1

	Process id:1509234 Process name:python            Process memory(MB):7923
	Chip ID                        : 0

2026-09-05T21:41:40+08:00
	NPU ID                         : 6
	Chip Count                     : 1

	Process id:1509234 Process name:python            Process memory(MB):7923
	Chip ID                        : 0

2026-09-05T21:41:45+08:00
	NPU ID                         : 6
	Chip Count                     : 1

	Process id:1509234 Process name:python            Process memory(MB):7923
	Chip ID                        : 0

2026-09-05T21:41:51+08:00
	NPU ID                         : 6
	Chip Count                     : 1

	Process id:1509234 Process name:python            Process memory(MB):7925
	Chip ID                        : 0

2026-09-05T21:41:56+08:00
	NPU ID                         : 6
	Chip Count                     : 1

	Process id:1509234 Process name:python            Process memory(MB):7925
	Chip ID                        : 0

2026-09-05T21:42:02+08:00
	NPU ID                         : 6
	Chip Count                     : 1

	Process id:1509234 Process name:python            Process memory(MB):7925
	Chip ID                        : 0

2026-09-05T21:42:07+08:00
	NPU ID                         : 6
	Chip Count                     : 1

	Process id:1509234 Process name:python            Process memory(MB):7925
	Chip ID                        : 0

2026-09-05T21:42:13+08:00
	NPU ID                         : 6
	Chip Count                     : 1

	Process id:1509234 Process name:python            Process memory(MB):7925
	Chip ID                        : 0

2026-09-05T21:42:18+08:00
	NPU ID                         : 6
	Chip Count                     : 1

	Process id:1509234 Process name:python            Process memory(MB):7925
	Chip ID                        : 0

2026-09-05T21:42:24+08:00
	NPU ID                         : 6
	Chip Count                     : 1

	Process id:1509234 Process name:python            Process memory(MB):7951
	Chip ID                        : 0

2026-09-05T21:42:29+08:00
	NPU ID                         : 6
	Chip Count                     : 1

	Process id:1509234 Process name:python            Process memory(MB):7951
	Chip ID                        : 0

2026-09-05T21:42:35+08:00
	NPU ID                         : 6
	Chip Count                     : 1

	Process id:1509234 Process name:python            Process memory(MB):7951
	Chip ID                        : 0

2026-09-05T21:42:40+08:00
	NPU ID                         : 6
	Chip Count                     : 1

	Process id:1509234 Process name:python            Process memory(MB):7951
	Chip ID                        : 0

2026-09-05T21:42:46+08:00
	NPU ID                         : 6
	Chip Count                     : 1

	Process id:1509234 Process name:python            Process memory(MB):7951
	Chip ID                        : 0

2026-09-05T21:42:51+08:00
	NPU ID                         : 6
	Chip Count                     : 1

	Process id:1509234 Process name:python            Process memory(MB):7951
	Chip ID                        : 0

2026-09-05T21:42:57+08:00
	NPU ID                         : 6
	Chip Count                     : 1

	Process id:1509234 Process name:python            Process memory(MB):7951
	Chip ID                        : 0

2026-09-05T21:43:02+08:00
	NPU ID                         : 6
	Chip Count                     : 1

	Process id:1509234 Process name:python            Process memory(MB):7951
	Chip ID                        : 0

2026-09-05T21:43:08+08:00
	NPU ID                         : 6
	Chip Count                     : 1

	Process id:1509234 Process name:python            Process memory(MB):7951
	Chip ID                        : 0

2026-09-05T21:43:13+08:00
	NPU ID                         : 6
	Chip Count                     : 1

	Process id:1509234 Process name:python            Process memory(MB):7951
	Chip ID                        : 0

2026-09-05T21:43:19+08:00
	NPU ID                         : 6
	Chip Count                     : 1

	Process id:1509234 Process name:python            Process memory(MB):7951
	Chip ID                        : 0

2026-09-05T21:43:24+08:00
	NPU ID                         : 6
	Chip Count                     : 1

	Process id:1509234 Process name:python            Process memory(MB):7951
	Chip ID                        : 0

2026-09-05T21:43:30+08:00
	NPU ID                         : 6
	Chip Count                     : 1

	Process id:1509234 Process name:python            Process memory(MB):7951
	Chip ID                        : 0

2026-09-05T21:43:35+08:00
	NPU ID                         : 6
	Chip Count                     : 1

	Process id:1509234 Process name:python            Process memory(MB):7951
	Chip ID                        : 0

2026-09-05T21:43:41+08:00
	NPU ID                         : 6
	Chip Count                     : 1

	Process id:1509234 Process name:python            Process memory(MB):7951
	Chip ID                        : 0

2026-09-05T21:43:46+08:00
	NPU ID                         : 6
	Chip Count                     : 1

	Process id:1509234 Process name:python            Process memory(MB):7951
	Chip ID                        : 0

2026-09-05T21:43:52+08:00
	NPU ID                         : 6
	Chip Count                     : 1

	Process id:1509234 Process name:python            Process memory(MB):7951
	Chip ID                        : 0

2026-09-05T21:43:57+08:00
	NPU ID                         : 6
	Chip Count                     : 1

	Process id:1509234 Process name:python            Process memory(MB):7951
	Chip ID                        : 0

2026-09-05T21:44:03+08:00
	NPU ID                         : 6
	Chip Count                     : 1

	Process id:1509234 Process name:python            Process memory(MB):7951
	Chip ID                        : 0

2026-09-05T21:44:08+08:00
	NPU ID                         : 6
	Chip Count                     : 1

	Process id:1509234 Process name:python            Process memory(MB):7951
	Chip ID                        : 0

