2026-09-05T21:58:28+08:00
	NPU ID                         : 6
	Chip Count                     : 1

	Process id:1553489 Process name:python            Process memory(MB):7757
	Chip ID                        : 0

2026-09-05T21:58:34+08:00
	NPU ID                         : 6
	Chip Count                     : 1

	Process id:1553489 Process name:python            Process memory(MB):7757
	Chip ID                        : 0

2026-09-05T21:58:39+08:00
	NPU ID                         : 6
	Chip Count                     : 1

	Process id:1553489 Process name:python            Process memory(MB):7757
	Chip ID                        : 0

2026-09-05T21:58:45+08:00
	NPU ID                         : 6
	Chip Count                     : 1

	Process id:1553489 Process name:python            Process memory(MB):7757
	Chip ID                        : 0

2026-09-05T21:58:50+08:00
	NPU ID                         : 6
	Chip Count                     : 1

	Process id:1553489 Process name:python            Process memory(MB):7757
	Chip ID                        : 0

2026-09-05T21:58:56+08:00
	NPU ID                         : 6
	Chip Count                     : 1

	Process id:1553489 Process name:python            Process memory(MB):7923
	Chip ID                        : 0

2026-09-05T21:59:01+08:00
	NPU ID                         : 6
	Chip Count                     : 1

	Process id:1553489 Process name:python            Process memory(MB):7923
	Chip ID                        : 0

2026-09-05T21:59:07+08:00
	NPU ID                         : 6
	Chip Count                     : 1

	Process id:1553489 Process name:python            Process memory(MB):7923
	Chip ID                        : 0

2026-09-05T21:59:12+08:00
	NPU ID                         : 6
	Chip Count                     : 1

	Process id:1553489 Process name:python            Process memory(MB):7925
	Chip ID                        : 0

2026-09-05T21:59:18+08:00
	NPU ID                         : 6
	Chip Count                     : 1

	Process id:1553489 Process name:python            Process memory(MB):7925
	Chip ID                        : 0

2026-09-05T21:59:23+08:00
	NPU ID                         : 6
	Chip Count                     : 1

	Process id:1553489 Process name:python            Process memory(MB):7925
	Chip ID                        : 0

2026-09-05T21:59:29+08:00
	NPU ID                         : 6
	Chip Count                     : 1

	Process id:1553489 Process name:python            Process memory(MB):7925
	Chip ID                        : 0

2026-09-05T21:59:34+08:00
	NPU ID                         : 6
	Chip Count                     : 1

	Process id:1553489 Process name:python            Process memory(MB):7925
	Chip ID                        : 0

2026-09-05T21:59:40+08:00
	NPU ID                         : 6
	Chip Count                     : 1

	Process id:1553489 Process name:python            Process memory(MB):7925
	Chip ID                        : 0

2026-09-05T21:59:45+08:00
	NPU ID                         : 6
	Chip Count                     : 1

	Process id:1553489 Process name:python            Process memory(MB):7951
	Chip ID                        : 0

2026-09-05T21:59:51+08:00
	NPU ID                         : 6
	Chip Count                     : 1

	Process id:1553489 Process name:python            Process memory(MB):7951
	Chip ID                        : 0

2026-09-05T21:59:56+08:00
	NPU ID                         : 6
	Chip Count                     : 1

	Process id:1553489 Process name:python            Process memory(MB):7951
	Chip ID                        : 0

2026-09-05T22:00:02+08:00
	NPU ID                         : 6
	Chip Count                     : 1

	Process id:1553489 Process name:python            Process memory(MB):7951
	Chip ID                        : 0

2026-09-05T22:00:07+08:00
	NPU ID                         : 6
	Chip Count                     : 1

	Process id:1553489 Process name:python            Process memory(MB):7951
	Chip ID                        : 0

2026-09-05T22:00:13+08:00
	NPU ID                         : 6
	Chip Count                     : 1

	Process id:1553489 Process name:python            Process memory(MB):7951
	Chip ID                        : 0

2026-09-05T22:00:18+08:00
	NPU ID                         : 6
	Chip Count                     : 1

	Process id:1553489 Process name:python            Process memory(MB):7951
	Chip ID                        : 0

2026-09-05T22:00:24+08:00
	NPU ID                         : 6
	Chip Count                     : 1

	Process id:1553489 Process name:python            Process memory(MB):7951
	Chip ID                        : 0

2026-09-05T22:00:29+08:00
	NPU ID                         : 6
	Chip Count                     : 1

	Process id:1553489 Process name:python            Process memory(MB):7951
	Chip ID                        : 0

2026-09-05T22:00:35+08:00
	NPU ID                         : 6
	Chip Count                     : 1

	Process id:1553489 Process name:python            Process memory(MB):7951
	Chip ID                        : 0

2026-09-05T22:00:40+08:00
	NPU ID                         : 6
	Chip Count                     : 1

	Process id:1553489 Process name:python            Process memory(MB):7951
	Chip ID                        : 0

2026-09-05T22:00:46+08:00
	NPU ID                         : 6
	Chip Count                     : 1

	Process id:1553489 Process name:python            Process memory(MB):7951
	Chip ID                        : 0

2026-09-05T22:00:51+08:00
	NPU ID                         : 6
	Chip Count                     : 1

	Process id:1553489 Process name:python            Process memory(MB):7951
	Chip ID                        : 0

2026-09-05T22:00:57+08:00
	NPU ID                         : 6
	Chip Count                     : 1

	Process id:1553489 Process name:python            Process memory(MB):7951
	Chip ID                        : 0

2026-09-05T22:01:02+08:00
	NPU ID                         : 6
	Chip Count                     : 1

	Process id:1553489 Process name:python            Process memory(MB):7951
	Chip ID                        : 0

2026-09-05T22:01:08+08:00
	NPU ID                         : 6
	Chip Count                     : 1

	Process id:1553489 Process name:python            Process memory(MB):7951
	Chip ID                        : 0

2026-09-05T22:01:13+08:00
	NPU ID                         : 6
	Chip Count                     : 1

	Process id:1553489 Process name:python            Process memory(MB):7951
	Chip ID                        : 0

2026-09-05T22:01:19+08:00
	NPU ID                         : 6
	Chip Count                     : 1

	Process id:1553489 Process name:python            Process memory(MB):7951
	Chip ID                        : 0

2026-09-05T22:01:24+08:00
	NPU ID                         : 6
	Chip Count                     : 1

	Process id:1553489 Process name:python            Process memory(MB):7951
	Chip ID                        : 0

2026-09-05T22:01:30+08:00
	NPU ID                         : 6
	Chip Count                     : 1

	Process id:1553489 Process name:python            Process memory(MB):7951
	Chip ID                        : 0

2026-09-05T22:01:36+08:00
	NPU ID                         : 6
	Chip Count                     : 1

	Process id:1553489 Process name:python            Process memory(MB):7951
	Chip ID                        : 0

2026-09-05T22:01:41+08:00
	NPU ID                         : 6
	Chip Count                     : 1

	Process id:1553489 Process name:python            Process memory(MB):7951
	Chip ID                        : 0

2026-09-05T22:01:47+08:00
	NPU ID                         : 6
	Chip Count                     : 1

	Process id:1553489 Process name:python            Process memory(MB):7951
	Chip ID                        : 0

2026-09-05T22:01:52+08:00
	NPU ID                         : 6
	Chip Count                     : 1

	Process id:1553489 Process name:python            Process memory(MB):7951
	Chip ID                        : 0

2026-09-05T22:01:58+08:00
	NPU ID                         : 6
	Chip Count                     : 1

	Process id:1553489 Process name:python            Process memory(MB):7951
	Chip ID                        : 0

2026-09-05T22:02:03+08:00
	NPU ID                         : 6
	Chip Count                     : 1

	Process id:1553489 Process name:python            Process memory(MB):7951
	Chip ID                        : 0

2026-09-05T22:02:09+08:00
	NPU ID                         : 6
	Chip Count                     : 1

	Process id:1553489 Process name:python            Process memory(MB):7951
	Chip ID                        : 0

2026-09-05T22:02:14+08:00
	NPU ID                         : 6
	Chip Count                     : 1

	Process id:1553489 Process name:python            Process memory(MB):7951
	Chip ID                        : 0

2026-09-05T22:02:20+08:00
	NPU ID                         : 6
	Chip Count                     : 1

	Process id:1553489 Process name:python            Process memory(MB):7951
	Chip ID                        : 0

2026-09-05T22:02:25+08:00
	NPU ID                         : 6
	Chip Count                     : 1

	Process id:1553489 Process name:python            Process memory(MB):7951
	Chip ID                        : 0

2026-09-05T22:02:31+08:00
	NPU ID                         : 6
	Chip Count                     : 1

	Process id:1553489 Process name:python            Process memory(MB):7951
	Chip ID                        : 0

2026-09-05T22:02:36+08:00
	NPU ID                         : 6
	Chip Count                     : 1

	Process id:1553489 Process name:python            Process memory(MB):7951
	Chip ID                        : 0

2026-09-05T22:02:42+08:00
	NPU ID                         : 6
	Chip Count                     : 1

	Process id:1553489 Process name:python            Process memory(MB):7951
	Chip ID                        : 0

2026-09-05T22:02:47+08:00
	NPU ID                         : 6
	Chip Count                     : 1

	Process id:1553489 Process name:python            Process memory(MB):7951
	Chip ID                        : 0

2026-09-05T22:02:53+08:00
	NPU ID                         : 6
	Chip Count                     : 1

	Process id:1553489 Process name:python            Process memory(MB):7951
	Chip ID                        : 0

2026-09-05T22:02:58+08:00
	NPU ID                         : 6
	Chip Count                     : 1

	Process id:1553489 Process name:python            Process memory(MB):7951
	Chip ID                        : 0

2026-09-05T22:03:04+08:00
	NPU ID                         : 6
	Chip Count                     : 1

	Process id:1553489 Process name:python            Process memory(MB):7951
	Chip ID                        : 0

2026-09-05T22:03:09+08:00
	NPU ID                         : 6
	Chip Count                     : 1

	Process id:1553489 Process name:python            Process memory(MB):7951
	Chip ID                        : 0

2026-09-05T22:03:15+08:00
	NPU ID                         : 6
	Chip Count                     : 1

	Process id:1553489 Process name:python            Process memory(MB):7951
	Chip ID                        : 0

2026-09-05T22:03:20+08:00
	NPU ID                         : 6
	Chip Count                     : 1

	Process id:1553489 Process name:python            Process memory(MB):7951
	Chip ID                        : 0

2026-09-05T22:03:26+08:00
	NPU ID                         : 6
	Chip Count                     : 1

	Process id:1553489 Process name:python            Process memory(MB):7951
	Chip ID                        : 0

2026-09-05T22:03:31+08:00
	NPU ID                         : 6
	Chip Count                     : 1

	Process id:1553489 Process name:python            Process memory(MB):7951
	Chip ID                        : 0

2026-09-05T22:03:37+08:00
	NPU ID                         : 6
	Chip Count                     : 1

	Process id:1553489 Process name:python            Process memory(MB):7951
	Chip ID                        : 0

2026-09-05T22:03:42+08:00
	NPU ID                         : 6
	Chip Count                     : 1

	Process id:1553489 Process name:python            Process memory(MB):7951
	Chip ID                        : 0

2026-09-05T22:03:48+08:00
	NPU ID                         : 6
	Chip Count                     : 1

	Process id:1553489 Process name:python            Process memory(MB):7951
	Chip ID                        : 0

2026-09-05T22:03:53+08:00
	NPU ID                         : 6
	Chip Count                     : 1

	Process id:1553489 Process name:python            Process memory(MB):7951
	Chip ID                        : 0

2026-09-05T22:03:59+08:00
	NPU ID                         : 6
	Chip Count                     : 1

	Process id:1553489 Process name:python            Process memory(MB):7951
	Chip ID                        : 0

2026-09-05T22:04:04+08:00
	NPU ID                         : 6
	Chip Count                     : 1

	Process id:1553489 Process name:python            Process memory(MB):7951
	Chip ID                        : 0

2026-09-05T22:04:10+08:00
	NPU ID                         : 6
	Chip Count                     : 1

	Process id:1553489 Process name:python            Process memory(MB):7951
	Chip ID                        : 0

2026-09-05T22:04:15+08:00
	NPU ID                         : 6
	Chip Count                     : 1

	Process id:1553489 Process name:python            Process memory(MB):7951
	Chip ID                        : 0

2026-09-05T22:04:21+08:00
	NPU ID                         : 6
	Chip Count                     : 1

	Process id:1553489 Process name:python            Process memory(MB):7951
	Chip ID                        : 0

2026-09-05T22:04:26+08:00
	NPU ID                         : 6
	Chip Count                     : 1

	Process id:1553489 Process name:python            Process memory(MB):7951
	Chip ID                        : 0

2026-09-05T22:04:32+08:00
	NPU ID                         : 6
	Chip Count                     : 1

	Process id:1553489 Process name:python            Process memory(MB):7951
	Chip ID                        : 0

2026-09-05T22:04:37+08:00
	NPU ID                         : 6
	Chip Count                     : 1

	Process id:1553489 Process name:python            Process memory(MB):7951
	Chip ID                        : 0

2026-09-05T22:04:43+08:00
	NPU ID                         : 6
	Chip Count                     : 1

	Process id:1553489 Process name:python            Process memory(MB):7951
	Chip ID                        : 0

2026-09-05T22:04:48+08:00
	NPU ID                         : 6
	Chip Count                     : 1

	Process id:1553489 Process name:python            Process memory(MB):7951
	Chip ID                        : 0

