phase-control API ready worker_pid=2166733; preloading 100 distinct crops for 100 requests
phase-control crops preloaded 50/100
phase-control crops preloaded 100/100
phase-control payloads ready bytes=34840674
SEND phase-control 01/100 table=page_000287_table_box_id_8 active=1
RECV phase-control 01/100 rank=24 id=page_000287_table_box_id_8 latency=13.6300s status=ok active=0
SEND phase-control 02/100 table=page_001367_table_51 active=1
RECV phase-control 02/100 rank=65 id=page_001367_table_51 latency=0.4608s status=ok active=0
SEND phase-control 03/100 table=page_000236_table_box_id_1 active=1
RECV phase-control 03/100 rank=324 id=page_000236_table_box_id_1 latency=0.5532s status=ok active=0
SEND phase-control 04/100 table=page_000634_table_11 active=1
RECV phase-control 04/100 rank=225 id=page_000634_table_11 latency=0.5533s status=ok active=0
SEND phase-control 05/100 table=page_000272_table_box_id_1 active=1
RECV phase-control 05/100 rank=09 id=page_000272_table_box_id_1 latency=1.6086s status=ok active=0
SEND phase-control 06/100 table=page_001172_table_16 active=1
RECV phase-control 06/100 rank=337 id=page_001172_table_16 latency=0.5661s status=ok active=0
SEND phase-control 07/100 table=page_001137_table_2 active=1
RECV phase-control 07/100 rank=151 id=page_001137_table_2 latency=0.5856s status=ok active=0
SEND phase-control 08/100 table=page_001150_table_box_id_9 active=1
RECV phase-control 08/100 rank=255 id=page_001150_table_box_id_9 latency=0.5190s status=ok active=0
SEND phase-control 09/100 table=page_000920_table_8 active=1
RECV phase-control 09/100 rank=368 id=page_000920_table_8 latency=0.6772s status=ok active=0
SEND phase-control 10/100 table=page_000524_table_0 active=1
RECV phase-control 10/100 rank=140 id=page_000524_table_0 latency=0.7644s status=ok active=0
SEND phase-control 11/100 table=page_000256_table_box_id_8 active=1
RECV phase-control 11/100 rank=336 id=page_000256_table_box_id_8 latency=0.5662s status=ok active=0
SEND phase-control 12/100 table=page_001166_table_9 active=1
RECV phase-control 12/100 rank=436 id=page_001166_table_9 latency=0.4191s status=ok active=0
SEND phase-control 13/100 table=page_000211_table_box_id_3 active=1
RECV phase-control 13/100 rank=201 id=page_000211_table_box_id_3 latency=0.7469s status=ok active=0
SEND phase-control 14/100 table=page_000933_table_10 active=1
RECV phase-control 14/100 rank=504 id=page_000933_table_10 latency=0.3103s status=ok active=0
SEND phase-control 15/100 table=page_001129_table_8 active=1
RECV phase-control 15/100 rank=107 id=page_001129_table_8 latency=0.7669s status=ok active=0
SEND phase-control 16/100 table=page_001375_table_7 active=1
RECV phase-control 16/100 rank=458 id=page_001375_table_7 latency=0.4062s status=ok active=0
SEND phase-control 17/100 table=page_000106_table_box_id_2 active=1
RECV phase-control 17/100 rank=208 id=page_000106_table_box_id_2 latency=0.7616s status=ok active=0
SEND phase-control 18/100 table=page_001134_table_10 active=1
RECV phase-control 18/100 rank=134 id=page_001134_table_10 latency=0.5892s status=ok active=0
SEND phase-control 19/100 table=page_000642_table_8 active=1
RECV phase-control 19/100 rank=128 id=page_000642_table_8 latency=0.7993s status=ok active=0
SEND phase-control 20/100 table=page_000564_table_7 active=1
RECV phase-control 20/100 rank=334 id=page_000564_table_7 latency=0.5879s status=ok active=0
SEND phase-control 21/100 table=page_001368_table_box_id_242 active=1
RECV phase-control 21/100 rank=497 id=page_001368_table_box_id_242 latency=0.3466s status=ok active=0
SEND phase-control 22/100 table=page_000263_table_box_id_7 active=1
RECV phase-control 22/100 rank=31 id=page_000263_table_box_id_7 latency=2.6579s status=ok active=0
SEND phase-control 23/100 table=page_000746_table_18 active=1
RECV phase-control 23/100 rank=161 id=page_000746_table_18 latency=1.2603s status=ok active=0
SEND phase-control 24/100 table=page_000213_table_box_id_5 active=1
RECV phase-control 24/100 rank=215 id=page_000213_table_box_id_5 latency=0.6865s status=ok active=0
SEND phase-control 25/100 table=page_000206_table_box_id_1 active=1
RECV phase-control 25/100 rank=309 id=page_000206_table_box_id_1 latency=0.6349s status=ok active=0
SEND phase-control 26/100 table=page_000209_table_box_id_1 active=1
RECV phase-control 26/100 rank=432 id=page_000209_table_box_id_1 latency=0.4102s status=ok active=0
SEND phase-control 27/100 table=page_001216_table_2 active=1
RECV phase-control 27/100 rank=186 id=page_001216_table_2 latency=0.6928s status=ok active=0
SEND phase-control 28/100 table=page_000188_table_box_id_6 active=1
RECV phase-control 28/100 rank=240 id=page_000188_table_box_id_6 latency=1.0496s status=ok active=0
SEND phase-control 29/100 table=page_000921_table_9 active=1
RECV phase-control 29/100 rank=460 id=page_000921_table_9 latency=1.5211s status=ok active=0
SEND phase-control 30/100 table=page_000533_table_8 active=1
RECV phase-control 30/100 rank=399 id=page_000533_table_8 latency=0.4450s status=ok active=0
SEND phase-control 31/100 table=page_001123_table_14 active=1
RECV phase-control 31/100 rank=413 id=page_001123_table_14 latency=0.4711s status=ok active=0
SEND phase-control 32/100 table=page_001503_table_5 active=1
RECV phase-control 32/100 rank=526 id=page_001503_table_5 latency=0.2483s status=ok active=0
SEND phase-control 33/100 table=page_001197_table_5 active=1
RECV phase-control 33/100 rank=118 id=page_001197_table_5 latency=0.6409s status=ok active=0
SEND phase-control 34/100 table=page_000542_table_0 active=1
RECV phase-control 34/100 rank=219 id=page_000542_table_0 latency=0.5701s status=ok active=0
SEND phase-control 35/100 table=page_001130_table_1 active=1
RECV phase-control 35/100 rank=572 id=page_001130_table_1 latency=0.2304s status=ok active=0
SEND phase-control 36/100 table=page_001595_table_box_id_9 active=1
RECV phase-control 36/100 rank=561 id=page_001595_table_box_id_9 latency=0.2312s status=ok active=0
SEND phase-control 37/100 table=page_001233_table_6 active=1
RECV phase-control 37/100 rank=241 id=page_001233_table_6 latency=0.8110s status=ok active=0
SEND phase-control 38/100 table=page_000585_table_1 active=1
RECV phase-control 38/100 rank=159 id=page_000585_table_1 latency=0.8433s status=ok active=0
SEND phase-control 39/100 table=page_000821_table_box_id_26 active=1
RECV phase-control 39/100 rank=617 id=page_000821_table_box_id_26 latency=0.1875s status=ok active=0
SEND phase-control 40/100 table=page_000566_table_3 active=1
RECV phase-control 40/100 rank=167 id=page_000566_table_3 latency=0.8204s status=ok active=0
SEND phase-control 41/100 table=page_000534_table_4 active=1
RECV phase-control 41/100 rank=221 id=page_000534_table_4 latency=0.6030s status=ok active=0
SEND phase-control 42/100 table=page_001141_table_13 active=1
RECV phase-control 42/100 rank=280 id=page_001141_table_13 latency=0.6425s status=ok active=0
SEND phase-control 43/100 table=page_000665_table_3 active=1
RECV phase-control 43/100 rank=662 id=page_000665_table_3 latency=0.1246s status=ok active=0
SEND phase-control 44/100 table=page_001417_table_2 active=1
RECV phase-control 44/100 rank=587 id=page_001417_table_2 latency=0.2229s status=ok active=0
SEND phase-control 45/100 table=page_001117_table_box_id_7 active=1
RECV phase-control 45/100 rank=483 id=page_001117_table_box_id_7 latency=0.3313s status=ok active=0
SEND phase-control 46/100 table=page_001270_table_box_id_1 active=1
RECV phase-control 46/100 rank=95 id=page_001270_table_box_id_1 latency=1.2631s status=ok active=0
SEND phase-control 47/100 table=page_000261_table_box_id_3 active=1
RECV phase-control 47/100 rank=54 id=page_000261_table_box_id_3 latency=1.3976s status=ok active=0
SEND phase-control 48/100 table=page_000505_table_1 active=1
RECV phase-control 48/100 rank=121 id=page_000505_table_1 latency=0.8994s status=ok active=0
SEND phase-control 49/100 table=page_000682_table_15 active=1
RECV phase-control 49/100 rank=507 id=page_000682_table_15 latency=0.2651s status=ok active=0
SEND phase-control 50/100 table=page_000275_table_box_id_1 active=1
RECV phase-control 50/100 rank=12 id=page_000275_table_box_id_1 latency=1.5921s status=ok active=0
SEND phase-control 51/100 table=page_000789_table_34 active=1
RECV phase-control 51/100 rank=639 id=page_000789_table_34 latency=0.1725s status=ok active=0
SEND phase-control 52/100 table=page_001177_table_2 active=1
RECV phase-control 52/100 rank=229 id=page_001177_table_2 latency=0.5208s status=ok active=0
SEND phase-control 53/100 table=page_001398_table_box-13qv1ztw active=1
RECV phase-control 53/100 rank=511 id=page_001398_table_box-13qv1ztw latency=0.3568s status=ok active=0
SEND phase-control 54/100 table=page_001183_table_11 active=1
RECV phase-control 54/100 rank=395 id=page_001183_table_11 latency=0.4892s status=ok active=0
SEND phase-control 55/100 table=page_000507_table_0 active=1
RECV phase-control 55/100 rank=396 id=page_000507_table_0 latency=0.4524s status=ok active=0
SEND phase-control 56/100 table=page_000710_table_9 active=1
RECV phase-control 56/100 rank=514 id=page_000710_table_9 latency=0.2767s status=ok active=0
SEND phase-control 57/100 table=page_000657_table_6 active=1
RECV phase-control 57/100 rank=659 id=page_000657_table_6 latency=0.1333s status=ok active=0
SEND phase-control 58/100 table=page_001368_table_box_id_227 active=1
RECV phase-control 58/100 rank=264 id=page_001368_table_box_id_227 latency=0.7430s status=ok active=0
SEND phase-control 59/100 table=page_001176_table_4 active=1
RECV phase-control 59/100 rank=122 id=page_001176_table_4 latency=0.7930s status=ok active=0
SEND phase-control 60/100 table=page_001181_table_6 active=1
RECV phase-control 60/100 rank=72 id=page_001181_table_6 latency=1.0783s status=ok active=0
SEND phase-control 61/100 table=page_000937_table_0 active=1
RECV phase-control 61/100 rank=350 id=page_000937_table_0 latency=0.6249s status=ok active=0
SEND phase-control 62/100 table=page_001368_table_box_id_237 active=1
RECV phase-control 62/100 rank=468 id=page_001368_table_box_id_237 latency=0.3857s status=ok active=0
SEND phase-control 63/100 table=page_000217_table_box_id_0 active=1
RECV phase-control 63/100 rank=391 id=page_000217_table_box_id_0 latency=1.4682s status=ok active=0
SEND phase-control 64/100 table=page_001159_table_5 active=1
RECV phase-control 64/100 rank=224 id=page_001159_table_5 latency=0.7208s status=ok active=0
SEND phase-control 65/100 table=page_000626_table_box_id_1 active=1
RECV phase-control 65/100 rank=44 id=page_000626_table_box_id_1 latency=1.3351s status=ok active=0
SEND phase-control 66/100 table=page_000984_table_2 active=1
RECV phase-control 66/100 rank=625 id=page_000984_table_2 latency=0.1770s status=ok active=0
SEND phase-control 67/100 table=page_001082_table_34 active=1
RECV phase-control 67/100 rank=171 id=page_001082_table_34 latency=0.7822s status=ok active=0
SEND phase-control 68/100 table=page_000467_table_17 active=1
RECV phase-control 68/100 rank=120 id=page_000467_table_17 latency=0.8493s status=ok active=0
SEND phase-control 69/100 table=page_000866_table_14 active=1
RECV phase-control 69/100 rank=419 id=page_000866_table_14 latency=0.4828s status=ok active=0
SEND phase-control 70/100 table=page_001227_table_10 active=1
RECV phase-control 70/100 rank=75 id=page_001227_table_10 latency=0.9612s status=ok active=0
SEND phase-control 71/100 table=page_000916_table_7 active=1
RECV phase-control 71/100 rank=265 id=page_000916_table_7 latency=0.7008s status=ok active=0
SEND phase-control 72/100 table=page_000251_table_box_id_7 active=1
RECV phase-control 72/100 rank=184 id=page_000251_table_box_id_7 latency=0.7804s status=ok active=0
SEND phase-control 73/100 table=page_001131_table_15 active=1
RECV phase-control 73/100 rank=469 id=page_001131_table_15 latency=0.3703s status=ok active=0
SEND phase-control 74/100 table=page_001183_table_12 active=1
RECV phase-control 74/100 rank=285 id=page_001183_table_12 latency=0.6464s status=ok active=0
SEND phase-control 75/100 table=page_000266_table_box_id_7 active=1
RECV phase-control 75/100 rank=509 id=page_000266_table_box_id_7 latency=0.3133s status=ok active=0
SEND phase-control 76/100 table=page_000447_table_12 active=1
RECV phase-control 76/100 rank=371 id=page_000447_table_12 latency=0.4509s status=ok active=0
SEND phase-control 77/100 table=page_001193_table_4 active=1
RECV phase-control 77/100 rank=342 id=page_001193_table_4 latency=0.4863s status=ok active=0
SEND phase-control 78/100 table=page_001368_table_box_id_239 active=1
RECV phase-control 78/100 rank=512 id=page_001368_table_box_id_239 latency=0.3227s status=ok active=0
SEND phase-control 79/100 table=page_000903_table_15 active=1
RECV phase-control 79/100 rank=522 id=page_000903_table_15 latency=0.6502s status=ok active=0
SEND phase-control 80/100 table=page_001167_table_2 active=1
RECV phase-control 80/100 rank=422 id=page_001167_table_2 latency=0.4238s status=ok active=0
SEND phase-control 81/100 table=page_000212_table_box_id_1 active=1
RECV phase-control 81/100 rank=113 id=page_000212_table_box_id_1 latency=1.1045s status=ok active=0
SEND phase-control 82/100 table=page_001147_table_10 active=1
RECV phase-control 82/100 rank=90 id=page_001147_table_10 latency=0.7173s status=ok active=0
SEND phase-control 83/100 table=page_000223_table_box_id_2 active=1
RECV phase-control 83/100 rank=114 id=page_000223_table_box_id_2 latency=0.8192s status=ok active=0
SEND phase-control 84/100 table=page_000716_table_0 active=1
RECV phase-control 84/100 rank=588 id=page_000716_table_0 latency=0.2105s status=ok active=0
SEND phase-control 85/100 table=page_000937_table_1 active=1
RECV phase-control 85/100 rank=415 id=page_000937_table_1 latency=0.5566s status=ok active=0
SEND phase-control 86/100 table=page_000465_table_10 active=1
RECV phase-control 86/100 rank=339 id=page_000465_table_10 latency=0.5382s status=ok active=0
SEND phase-control 87/100 table=page_000465_table_8 active=1
RECV phase-control 87/100 rank=331 id=page_000465_table_8 latency=0.5479s status=ok active=0
SEND phase-control 88/100 table=page_001179_table_6 active=1
RECV phase-control 88/100 rank=61 id=page_001179_table_6 latency=0.9212s status=ok active=0
SEND phase-control 89/100 table=page_000554_table_12 active=1
RECV phase-control 89/100 rank=538 id=page_000554_table_12 latency=0.2656s status=ok active=0
SEND phase-control 90/100 table=page_000199_table_box_id_0 active=1
RECV phase-control 90/100 rank=80 id=page_000199_table_box_id_0 latency=1.2211s status=ok active=0
SEND phase-control 91/100 table=page_000516_table_0 active=1
RECV phase-control 91/100 rank=125 id=page_000516_table_0 latency=0.7998s status=ok active=0
SEND phase-control 92/100 table=page_001214_table_8 active=1
RECV phase-control 92/100 rank=359 id=page_001214_table_8 latency=0.5334s status=ok active=0
SEND phase-control 93/100 table=page_001368_table_box_id_161 active=1
RECV phase-control 93/100 rank=332 id=page_001368_table_box_id_161 latency=0.3801s status=ok active=0
SEND phase-control 94/100 table=page_000577_table_3 active=1
RECV phase-control 94/100 rank=382 id=page_000577_table_3 latency=0.5283s status=ok active=0
SEND phase-control 95/100 table=page_000984_table_3 active=1
RECV phase-control 95/100 rank=238 id=page_000984_table_3 latency=0.6933s status=ok active=0
SEND phase-control 96/100 table=page_001187_table_0 active=1
RECV phase-control 96/100 rank=28 id=page_001187_table_0 latency=1.1651s status=ok active=0
SEND phase-control 97/100 table=page_000821_table_box_id_14 active=1
RECV phase-control 97/100 rank=585 id=page_000821_table_box_id_14 latency=0.2215s status=ok active=0
SEND phase-control 98/100 table=page_000833_table_4 active=1
RECV phase-control 98/100 rank=352 id=page_000833_table_4 latency=0.7100s status=ok active=0
SEND phase-control 99/100 table=page_001375_table_31 active=1
RECV phase-control 99/100 rank=631 id=page_001375_table_31 latency=0.1640s status=ok active=0
SEND phase-control 100/100 table=page_000645_table_7 active=1
RECV phase-control 100/100 rank=533 id=page_000645_table_7 latency=0.2746s status=ok active=0
DONE phase-control requests=100 failures=0 max_in_flight=1 wall=78.3778s qps=1.2759 p50=0.5867s p95=1.4708s max=13.6300s
