original-fixed API ready worker_pid=2214939; preloading 100 distinct crops for 100 requests
original-fixed crops preloaded 50/100
original-fixed crops preloaded 100/100
original-fixed payloads ready bytes=34840674
SEND original-fixed 01/100 table=page_000287_table_box_id_8 active=1
RECV original-fixed 01/100 rank=24 id=page_000287_table_box_id_8 latency=0.9506s status=ok active=0
SEND original-fixed 02/100 table=page_001367_table_51 active=1
RECV original-fixed 02/100 rank=65 id=page_001367_table_51 latency=0.4116s status=ok active=0
SEND original-fixed 03/100 table=page_000236_table_box_id_1 active=1
RECV original-fixed 03/100 rank=324 id=page_000236_table_box_id_1 latency=0.5382s status=ok active=0
SEND original-fixed 04/100 table=page_000634_table_11 active=1
RECV original-fixed 04/100 rank=225 id=page_000634_table_11 latency=0.5165s status=ok active=0
SEND original-fixed 05/100 table=page_000272_table_box_id_1 active=1
RECV original-fixed 05/100 rank=09 id=page_000272_table_box_id_1 latency=1.4301s status=ok active=0
SEND original-fixed 06/100 table=page_001172_table_16 active=1
RECV original-fixed 06/100 rank=337 id=page_001172_table_16 latency=0.4115s status=ok active=0
SEND original-fixed 07/100 table=page_001137_table_2 active=1
RECV original-fixed 07/100 rank=151 id=page_001137_table_2 latency=0.5141s status=ok active=0
SEND original-fixed 08/100 table=page_001150_table_box_id_9 active=1
RECV original-fixed 08/100 rank=255 id=page_001150_table_box_id_9 latency=0.4588s status=ok active=0
SEND original-fixed 09/100 table=page_000920_table_8 active=1
RECV original-fixed 09/100 rank=368 id=page_000920_table_8 latency=0.6107s status=ok active=0
SEND original-fixed 10/100 table=page_000524_table_0 active=1
RECV original-fixed 10/100 rank=140 id=page_000524_table_0 latency=0.6801s status=ok active=0
SEND original-fixed 11/100 table=page_000256_table_box_id_8 active=1
RECV original-fixed 11/100 rank=336 id=page_000256_table_box_id_8 latency=0.4100s status=ok active=0
SEND original-fixed 12/100 table=page_001166_table_9 active=1
RECV original-fixed 12/100 rank=436 id=page_001166_table_9 latency=0.3061s status=ok active=0
SEND original-fixed 13/100 table=page_000211_table_box_id_3 active=1
RECV original-fixed 13/100 rank=201 id=page_000211_table_box_id_3 latency=0.6788s status=ok active=0
SEND original-fixed 14/100 table=page_000933_table_10 active=1
RECV original-fixed 14/100 rank=504 id=page_000933_table_10 latency=0.2444s status=ok active=0
SEND original-fixed 15/100 table=page_001129_table_8 active=1
RECV original-fixed 15/100 rank=107 id=page_001129_table_8 latency=0.6983s status=ok active=0
SEND original-fixed 16/100 table=page_001375_table_7 active=1
RECV original-fixed 16/100 rank=458 id=page_001375_table_7 latency=0.3788s status=ok active=0
SEND original-fixed 17/100 table=page_000106_table_box_id_2 active=1
RECV original-fixed 17/100 rank=208 id=page_000106_table_box_id_2 latency=0.7290s status=ok active=0
SEND original-fixed 18/100 table=page_001134_table_10 active=1
RECV original-fixed 18/100 rank=134 id=page_001134_table_10 latency=0.5319s status=ok active=0
SEND original-fixed 19/100 table=page_000642_table_8 active=1
RECV original-fixed 19/100 rank=128 id=page_000642_table_8 latency=0.6884s status=ok active=0
SEND original-fixed 20/100 table=page_000564_table_7 active=1
RECV original-fixed 20/100 rank=334 id=page_000564_table_7 latency=0.5396s status=ok active=0
SEND original-fixed 21/100 table=page_001368_table_box_id_242 active=1
RECV original-fixed 21/100 rank=497 id=page_001368_table_box_id_242 latency=0.2550s status=ok active=0
SEND original-fixed 22/100 table=page_000263_table_box_id_7 active=1
RECV original-fixed 22/100 rank=31 id=page_000263_table_box_id_7 latency=2.4365s status=ok active=0
SEND original-fixed 23/100 table=page_000746_table_18 active=1
RECV original-fixed 23/100 rank=161 id=page_000746_table_18 latency=1.1278s status=ok active=0
SEND original-fixed 24/100 table=page_000213_table_box_id_5 active=1
RECV original-fixed 24/100 rank=215 id=page_000213_table_box_id_5 latency=0.6176s status=ok active=0
SEND original-fixed 25/100 table=page_000206_table_box_id_1 active=1
RECV original-fixed 25/100 rank=309 id=page_000206_table_box_id_1 latency=0.4369s status=ok active=0
SEND original-fixed 26/100 table=page_000209_table_box_id_1 active=1
RECV original-fixed 26/100 rank=432 id=page_000209_table_box_id_1 latency=0.3050s status=ok active=0
SEND original-fixed 27/100 table=page_001216_table_2 active=1
RECV original-fixed 27/100 rank=186 id=page_001216_table_2 latency=0.6270s status=ok active=0
SEND original-fixed 28/100 table=page_000188_table_box_id_6 active=1
RECV original-fixed 28/100 rank=240 id=page_000188_table_box_id_6 latency=1.0390s status=ok active=0
SEND original-fixed 29/100 table=page_000921_table_9 active=1
RECV original-fixed 29/100 rank=460 id=page_000921_table_9 latency=1.1986s status=ok active=0
SEND original-fixed 30/100 table=page_000533_table_8 active=1
RECV original-fixed 30/100 rank=399 id=page_000533_table_8 latency=0.4071s status=ok active=0
SEND original-fixed 31/100 table=page_001123_table_14 active=1
RECV original-fixed 31/100 rank=413 id=page_001123_table_14 latency=0.3449s status=ok active=0
SEND original-fixed 32/100 table=page_001503_table_5 active=1
RECV original-fixed 32/100 rank=526 id=page_001503_table_5 latency=0.2128s status=ok active=0
SEND original-fixed 33/100 table=page_001197_table_5 active=1
RECV original-fixed 33/100 rank=118 id=page_001197_table_5 latency=0.5435s status=ok active=0
SEND original-fixed 34/100 table=page_000542_table_0 active=1
RECV original-fixed 34/100 rank=219 id=page_000542_table_0 latency=0.4994s status=ok active=0
SEND original-fixed 35/100 table=page_001130_table_1 active=1
RECV original-fixed 35/100 rank=572 id=page_001130_table_1 latency=0.1921s status=ok active=0
SEND original-fixed 36/100 table=page_001595_table_box_id_9 active=1
RECV original-fixed 36/100 rank=561 id=page_001595_table_box_id_9 latency=0.1917s status=ok active=0
SEND original-fixed 37/100 table=page_001233_table_6 active=1
RECV original-fixed 37/100 rank=241 id=page_001233_table_6 latency=0.5395s status=ok active=0
SEND original-fixed 38/100 table=page_000585_table_1 active=1
RECV original-fixed 38/100 rank=159 id=page_000585_table_1 latency=0.7952s status=ok active=0
SEND original-fixed 39/100 table=page_000821_table_box_id_26 active=1
RECV original-fixed 39/100 rank=617 id=page_000821_table_box_id_26 latency=0.1636s status=ok active=0
SEND original-fixed 40/100 table=page_000566_table_3 active=1
RECV original-fixed 40/100 rank=167 id=page_000566_table_3 latency=0.7710s status=ok active=0
SEND original-fixed 41/100 table=page_000534_table_4 active=1
RECV original-fixed 41/100 rank=221 id=page_000534_table_4 latency=0.5695s status=ok active=0
SEND original-fixed 42/100 table=page_001141_table_13 active=1
RECV original-fixed 42/100 rank=280 id=page_001141_table_13 latency=0.4776s status=ok active=0
SEND original-fixed 43/100 table=page_000665_table_3 active=1
RECV original-fixed 43/100 rank=662 id=page_000665_table_3 latency=0.1168s status=ok active=0
SEND original-fixed 44/100 table=page_001417_table_2 active=1
RECV original-fixed 44/100 rank=587 id=page_001417_table_2 latency=0.1818s status=ok active=0
SEND original-fixed 45/100 table=page_001117_table_box_id_7 active=1
RECV original-fixed 45/100 rank=483 id=page_001117_table_box_id_7 latency=0.2542s status=ok active=0
SEND original-fixed 46/100 table=page_001270_table_box_id_1 active=1
RECV original-fixed 46/100 rank=95 id=page_001270_table_box_id_1 latency=1.2105s status=ok active=0
SEND original-fixed 47/100 table=page_000261_table_box_id_3 active=1
RECV original-fixed 47/100 rank=54 id=page_000261_table_box_id_3 latency=1.2756s status=ok active=0
SEND original-fixed 48/100 table=page_000505_table_1 active=1
RECV original-fixed 48/100 rank=121 id=page_000505_table_1 latency=0.8499s status=ok active=0
SEND original-fixed 49/100 table=page_000682_table_15 active=1
RECV original-fixed 49/100 rank=507 id=page_000682_table_15 latency=0.2341s status=ok active=0
SEND original-fixed 50/100 table=page_000275_table_box_id_1 active=1
RECV original-fixed 50/100 rank=12 id=page_000275_table_box_id_1 latency=1.3185s status=ok active=0
SEND original-fixed 51/100 table=page_000789_table_34 active=1
RECV original-fixed 51/100 rank=639 id=page_000789_table_34 latency=0.1460s status=ok active=0
SEND original-fixed 52/100 table=page_001177_table_2 active=1
RECV original-fixed 52/100 rank=229 id=page_001177_table_2 latency=0.4630s status=ok active=0
SEND original-fixed 53/100 table=page_001398_table_box-13qv1ztw active=1
RECV original-fixed 53/100 rank=511 id=page_001398_table_box-13qv1ztw latency=0.3206s status=ok active=0
SEND original-fixed 54/100 table=page_001183_table_11 active=1
RECV original-fixed 54/100 rank=395 id=page_001183_table_11 latency=0.3598s status=ok active=0
SEND original-fixed 55/100 table=page_000507_table_0 active=1
RECV original-fixed 55/100 rank=396 id=page_000507_table_0 latency=0.4171s status=ok active=0
SEND original-fixed 56/100 table=page_000710_table_9 active=1
RECV original-fixed 56/100 rank=514 id=page_000710_table_9 latency=0.2293s status=ok active=0
SEND original-fixed 57/100 table=page_000657_table_6 active=1
RECV original-fixed 57/100 rank=659 id=page_000657_table_6 latency=0.1150s status=ok active=0
SEND original-fixed 58/100 table=page_001368_table_box_id_227 active=1
RECV original-fixed 58/100 rank=264 id=page_001368_table_box_id_227 latency=0.5019s status=ok active=0
SEND original-fixed 59/100 table=page_001176_table_4 active=1
RECV original-fixed 59/100 rank=122 id=page_001176_table_4 latency=0.7441s status=ok active=0
SEND original-fixed 60/100 table=page_001181_table_6 active=1
RECV original-fixed 60/100 rank=72 id=page_001181_table_6 latency=1.0005s status=ok active=0
SEND original-fixed 61/100 table=page_000937_table_0 active=1
RECV original-fixed 61/100 rank=350 id=page_000937_table_0 latency=0.5889s status=ok active=0
SEND original-fixed 62/100 table=page_001368_table_box_id_237 active=1
RECV original-fixed 62/100 rank=468 id=page_001368_table_box_id_237 latency=0.2837s status=ok active=0
SEND original-fixed 63/100 table=page_000217_table_box_id_0 active=1
RECV original-fixed 63/100 rank=391 id=page_000217_table_box_id_0 latency=1.2980s status=ok active=0
SEND original-fixed 64/100 table=page_001159_table_5 active=1
RECV original-fixed 64/100 rank=224 id=page_001159_table_5 latency=0.7128s status=ok active=0
SEND original-fixed 65/100 table=page_000626_table_box_id_1 active=1
RECV original-fixed 65/100 rank=44 id=page_000626_table_box_id_1 latency=1.2743s status=ok active=0
SEND original-fixed 66/100 table=page_000984_table_2 active=1
RECV original-fixed 66/100 rank=625 id=page_000984_table_2 latency=0.1593s status=ok active=0
SEND original-fixed 67/100 table=page_001082_table_34 active=1
RECV original-fixed 67/100 rank=171 id=page_001082_table_34 latency=0.7024s status=ok active=0
SEND original-fixed 68/100 table=page_000467_table_17 active=1
RECV original-fixed 68/100 rank=120 id=page_000467_table_17 latency=0.7364s status=ok active=0
SEND original-fixed 69/100 table=page_000866_table_14 active=1
RECV original-fixed 69/100 rank=419 id=page_000866_table_14 latency=0.3357s status=ok active=0
SEND original-fixed 70/100 table=page_001227_table_10 active=1
RECV original-fixed 70/100 rank=75 id=page_001227_table_10 latency=0.8178s status=ok active=0
SEND original-fixed 71/100 table=page_000916_table_7 active=1
RECV original-fixed 71/100 rank=265 id=page_000916_table_7 latency=0.6480s status=ok active=0
SEND original-fixed 72/100 table=page_000251_table_box_id_7 active=1
RECV original-fixed 72/100 rank=184 id=page_000251_table_box_id_7 latency=0.7020s status=ok active=0
SEND original-fixed 73/100 table=page_001131_table_15 active=1
RECV original-fixed 73/100 rank=469 id=page_001131_table_15 latency=0.2750s status=ok active=0
SEND original-fixed 74/100 table=page_001183_table_12 active=1
RECV original-fixed 74/100 rank=285 id=page_001183_table_12 latency=0.4568s status=ok active=0
SEND original-fixed 75/100 table=page_000266_table_box_id_7 active=1
RECV original-fixed 75/100 rank=509 id=page_000266_table_box_id_7 latency=0.2390s status=ok active=0
SEND original-fixed 76/100 table=page_000447_table_12 active=1
RECV original-fixed 76/100 rank=371 id=page_000447_table_12 latency=0.4022s status=ok active=0
SEND original-fixed 77/100 table=page_001193_table_4 active=1
RECV original-fixed 77/100 rank=342 id=page_001193_table_4 latency=0.4481s status=ok active=0
SEND original-fixed 78/100 table=page_001368_table_box_id_239 active=1
RECV original-fixed 78/100 rank=512 id=page_001368_table_box_id_239 latency=0.2415s status=ok active=0
SEND original-fixed 79/100 table=page_000903_table_15 active=1
RECV original-fixed 79/100 rank=522 id=page_000903_table_15 latency=0.5562s status=ok active=0
SEND original-fixed 80/100 table=page_001167_table_2 active=1
RECV original-fixed 80/100 rank=422 id=page_001167_table_2 latency=0.3310s status=ok active=0
SEND original-fixed 81/100 table=page_000212_table_box_id_1 active=1
RECV original-fixed 81/100 rank=113 id=page_000212_table_box_id_1 latency=1.0464s status=ok active=0
SEND original-fixed 82/100 table=page_001147_table_10 active=1
RECV original-fixed 82/100 rank=90 id=page_001147_table_10 latency=0.6430s status=ok active=0
SEND original-fixed 83/100 table=page_000223_table_box_id_2 active=1
RECV original-fixed 83/100 rank=114 id=page_000223_table_box_id_2 latency=0.7590s status=ok active=0
SEND original-fixed 84/100 table=page_000716_table_0 active=1
RECV original-fixed 84/100 rank=588 id=page_000716_table_0 latency=0.1832s status=ok active=0
SEND original-fixed 85/100 table=page_000937_table_1 active=1
RECV original-fixed 85/100 rank=415 id=page_000937_table_1 latency=0.5038s status=ok active=0
SEND original-fixed 86/100 table=page_000465_table_10 active=1
RECV original-fixed 86/100 rank=339 id=page_000465_table_10 latency=0.4144s status=ok active=0
SEND original-fixed 87/100 table=page_000465_table_8 active=1
RECV original-fixed 87/100 rank=331 id=page_000465_table_8 latency=0.4192s status=ok active=0
SEND original-fixed 88/100 table=page_001179_table_6 active=1
RECV original-fixed 88/100 rank=61 id=page_001179_table_6 latency=0.8532s status=ok active=0
SEND original-fixed 89/100 table=page_000554_table_12 active=1
RECV original-fixed 89/100 rank=538 id=page_000554_table_12 latency=0.2230s status=ok active=0
SEND original-fixed 90/100 table=page_000199_table_box_id_0 active=1
RECV original-fixed 90/100 rank=80 id=page_000199_table_box_id_0 latency=1.1213s status=ok active=0
SEND original-fixed 91/100 table=page_000516_table_0 active=1
RECV original-fixed 91/100 rank=125 id=page_000516_table_0 latency=0.7294s status=ok active=0
SEND original-fixed 92/100 table=page_001214_table_8 active=1
RECV original-fixed 92/100 rank=359 id=page_001214_table_8 latency=0.4049s status=ok active=0
SEND original-fixed 93/100 table=page_001368_table_box_id_161 active=1
RECV original-fixed 93/100 rank=332 id=page_001368_table_box_id_161 latency=0.3739s status=ok active=0
SEND original-fixed 94/100 table=page_000577_table_3 active=1
RECV original-fixed 94/100 rank=382 id=page_000577_table_3 latency=0.5091s status=ok active=0
SEND original-fixed 95/100 table=page_000984_table_3 active=1
RECV original-fixed 95/100 rank=238 id=page_000984_table_3 latency=0.6583s status=ok active=0
SEND original-fixed 96/100 table=page_001187_table_0 active=1
RECV original-fixed 96/100 rank=28 id=page_001187_table_0 latency=1.0534s status=ok active=0
SEND original-fixed 97/100 table=page_000821_table_box_id_14 active=1
RECV original-fixed 97/100 rank=585 id=page_000821_table_box_id_14 latency=0.1871s status=ok active=0
SEND original-fixed 98/100 table=page_000833_table_4 active=1
RECV original-fixed 98/100 rank=352 id=page_000833_table_4 latency=0.6647s status=ok active=0
SEND original-fixed 99/100 table=page_001375_table_31 active=1
RECV original-fixed 99/100 rank=631 id=page_001375_table_31 latency=0.1453s status=ok active=0
SEND original-fixed 100/100 table=page_000645_table_7 active=1
RECV original-fixed 100/100 rank=533 id=page_000645_table_7 latency=0.2170s status=ok active=0
DONE original-fixed requests=100 failures=0 max_in_flight=1 wall=57.6217s qps=1.7355 p50=0.5065s p95=1.2744s max=2.4365s
