original-recheck API ready worker_pid=2391389; preloading 100 distinct crops for 100 requests
original-recheck crops preloaded 50/100
original-recheck crops preloaded 100/100
original-recheck payloads ready bytes=34840674
SEND original-recheck 01/100 table=page_000287_table_box_id_8 active=1
RECV original-recheck 01/100 rank=24 id=page_000287_table_box_id_8 latency=0.9498s status=ok active=0
SEND original-recheck 02/100 table=page_001367_table_51 active=1
RECV original-recheck 02/100 rank=65 id=page_001367_table_51 latency=0.5081s status=ok active=0
SEND original-recheck 03/100 table=page_000236_table_box_id_1 active=1
RECV original-recheck 03/100 rank=324 id=page_000236_table_box_id_1 latency=0.5788s status=ok active=0
SEND original-recheck 04/100 table=page_000634_table_11 active=1
RECV original-recheck 04/100 rank=225 id=page_000634_table_11 latency=0.5176s status=ok active=0
SEND original-recheck 05/100 table=page_000272_table_box_id_1 active=1
RECV original-recheck 05/100 rank=09 id=page_000272_table_box_id_1 latency=1.4452s status=ok active=0
SEND original-recheck 06/100 table=page_001172_table_16 active=1
RECV original-recheck 06/100 rank=337 id=page_001172_table_16 latency=0.4151s status=ok active=0
SEND original-recheck 07/100 table=page_001137_table_2 active=1
RECV original-recheck 07/100 rank=151 id=page_001137_table_2 latency=0.5247s status=ok active=0
SEND original-recheck 08/100 table=page_001150_table_box_id_9 active=1
RECV original-recheck 08/100 rank=255 id=page_001150_table_box_id_9 latency=0.4691s status=ok active=0
SEND original-recheck 09/100 table=page_000920_table_8 active=1
RECV original-recheck 09/100 rank=368 id=page_000920_table_8 latency=0.6159s status=ok active=0
SEND original-recheck 10/100 table=page_000524_table_0 active=1
RECV original-recheck 10/100 rank=140 id=page_000524_table_0 latency=0.6875s status=ok active=0
SEND original-recheck 11/100 table=page_000256_table_box_id_8 active=1
RECV original-recheck 11/100 rank=336 id=page_000256_table_box_id_8 latency=0.4107s status=ok active=0
SEND original-recheck 12/100 table=page_001166_table_9 active=1
RECV original-recheck 12/100 rank=436 id=page_001166_table_9 latency=0.3090s status=ok active=0
SEND original-recheck 13/100 table=page_000211_table_box_id_3 active=1
RECV original-recheck 13/100 rank=201 id=page_000211_table_box_id_3 latency=0.6891s status=ok active=0
SEND original-recheck 14/100 table=page_000933_table_10 active=1
RECV original-recheck 14/100 rank=504 id=page_000933_table_10 latency=0.2467s status=ok active=0
SEND original-recheck 15/100 table=page_001129_table_8 active=1
RECV original-recheck 15/100 rank=107 id=page_001129_table_8 latency=0.7312s status=ok active=0
SEND original-recheck 16/100 table=page_001375_table_7 active=1
RECV original-recheck 16/100 rank=458 id=page_001375_table_7 latency=0.3820s status=ok active=0
SEND original-recheck 17/100 table=page_000106_table_box_id_2 active=1
RECV original-recheck 17/100 rank=208 id=page_000106_table_box_id_2 latency=0.7343s status=ok active=0
SEND original-recheck 18/100 table=page_001134_table_10 active=1
RECV original-recheck 18/100 rank=134 id=page_001134_table_10 latency=0.5444s status=ok active=0
SEND original-recheck 19/100 table=page_000642_table_8 active=1
RECV original-recheck 19/100 rank=128 id=page_000642_table_8 latency=0.7094s status=ok active=0
SEND original-recheck 20/100 table=page_000564_table_7 active=1
RECV original-recheck 20/100 rank=334 id=page_000564_table_7 latency=0.5913s status=ok active=0
SEND original-recheck 21/100 table=page_001368_table_box_id_242 active=1
RECV original-recheck 21/100 rank=497 id=page_001368_table_box_id_242 latency=0.2550s status=ok active=0
SEND original-recheck 22/100 table=page_000263_table_box_id_7 active=1
RECV original-recheck 22/100 rank=31 id=page_000263_table_box_id_7 latency=2.4651s status=ok active=0
SEND original-recheck 23/100 table=page_000746_table_18 active=1
RECV original-recheck 23/100 rank=161 id=page_000746_table_18 latency=1.1629s status=ok active=0
SEND original-recheck 24/100 table=page_000213_table_box_id_5 active=1
RECV original-recheck 24/100 rank=215 id=page_000213_table_box_id_5 latency=0.6533s status=ok active=0
SEND original-recheck 25/100 table=page_000206_table_box_id_1 active=1
RECV original-recheck 25/100 rank=309 id=page_000206_table_box_id_1 latency=0.4456s status=ok active=0
SEND original-recheck 26/100 table=page_000209_table_box_id_1 active=1
RECV original-recheck 26/100 rank=432 id=page_000209_table_box_id_1 latency=0.3207s status=ok active=0
SEND original-recheck 27/100 table=page_001216_table_2 active=1
RECV original-recheck 27/100 rank=186 id=page_001216_table_2 latency=0.6570s status=ok active=0
SEND original-recheck 28/100 table=page_000188_table_box_id_6 active=1
RECV original-recheck 28/100 rank=240 id=page_000188_table_box_id_6 latency=1.0486s status=ok active=0
SEND original-recheck 29/100 table=page_000921_table_9 active=1
RECV original-recheck 29/100 rank=460 id=page_000921_table_9 latency=1.2351s status=ok active=0
SEND original-recheck 30/100 table=page_000533_table_8 active=1
RECV original-recheck 30/100 rank=399 id=page_000533_table_8 latency=0.4242s status=ok active=0
SEND original-recheck 31/100 table=page_001123_table_14 active=1
RECV original-recheck 31/100 rank=413 id=page_001123_table_14 latency=0.3512s status=ok active=0
SEND original-recheck 32/100 table=page_001503_table_5 active=1
RECV original-recheck 32/100 rank=526 id=page_001503_table_5 latency=0.2181s status=ok active=0
SEND original-recheck 33/100 table=page_001197_table_5 active=1
RECV original-recheck 33/100 rank=118 id=page_001197_table_5 latency=0.5653s status=ok active=0
SEND original-recheck 34/100 table=page_000542_table_0 active=1
RECV original-recheck 34/100 rank=219 id=page_000542_table_0 latency=0.5210s status=ok active=0
SEND original-recheck 35/100 table=page_001130_table_1 active=1
RECV original-recheck 35/100 rank=572 id=page_001130_table_1 latency=0.1913s status=ok active=0
SEND original-recheck 36/100 table=page_001595_table_box_id_9 active=1
RECV original-recheck 36/100 rank=561 id=page_001595_table_box_id_9 latency=0.1942s status=ok active=0
SEND original-recheck 37/100 table=page_001233_table_6 active=1
RECV original-recheck 37/100 rank=241 id=page_001233_table_6 latency=0.5414s status=ok active=0
SEND original-recheck 38/100 table=page_000585_table_1 active=1
RECV original-recheck 38/100 rank=159 id=page_000585_table_1 latency=0.8251s status=ok active=0
SEND original-recheck 39/100 table=page_000821_table_box_id_26 active=1
RECV original-recheck 39/100 rank=617 id=page_000821_table_box_id_26 latency=0.1670s status=ok active=0
SEND original-recheck 40/100 table=page_000566_table_3 active=1
RECV original-recheck 40/100 rank=167 id=page_000566_table_3 latency=0.8281s status=ok active=0
SEND original-recheck 41/100 table=page_000534_table_4 active=1
RECV original-recheck 41/100 rank=221 id=page_000534_table_4 latency=0.5882s status=ok active=0
SEND original-recheck 42/100 table=page_001141_table_13 active=1
RECV original-recheck 42/100 rank=280 id=page_001141_table_13 latency=0.4843s status=ok active=0
SEND original-recheck 43/100 table=page_000665_table_3 active=1
RECV original-recheck 43/100 rank=662 id=page_000665_table_3 latency=0.1217s status=ok active=0
SEND original-recheck 44/100 table=page_001417_table_2 active=1
RECV original-recheck 44/100 rank=587 id=page_001417_table_2 latency=0.1833s status=ok active=0
SEND original-recheck 45/100 table=page_001117_table_box_id_7 active=1
RECV original-recheck 45/100 rank=483 id=page_001117_table_box_id_7 latency=0.2602s status=ok active=0
SEND original-recheck 46/100 table=page_001270_table_box_id_1 active=1
RECV original-recheck 46/100 rank=95 id=page_001270_table_box_id_1 latency=1.2027s status=ok active=0
SEND original-recheck 47/100 table=page_000261_table_box_id_3 active=1
RECV original-recheck 47/100 rank=54 id=page_000261_table_box_id_3 latency=1.2852s status=ok active=0
SEND original-recheck 48/100 table=page_000505_table_1 active=1
RECV original-recheck 48/100 rank=121 id=page_000505_table_1 latency=0.8551s status=ok active=0
SEND original-recheck 49/100 table=page_000682_table_15 active=1
RECV original-recheck 49/100 rank=507 id=page_000682_table_15 latency=0.2324s status=ok active=0
SEND original-recheck 50/100 table=page_000275_table_box_id_1 active=1
RECV original-recheck 50/100 rank=12 id=page_000275_table_box_id_1 latency=1.3151s status=ok active=0
SEND original-recheck 51/100 table=page_000789_table_34 active=1
RECV original-recheck 51/100 rank=639 id=page_000789_table_34 latency=0.1440s status=ok active=0
SEND original-recheck 52/100 table=page_001177_table_2 active=1
RECV original-recheck 52/100 rank=229 id=page_001177_table_2 latency=0.4582s status=ok active=0
SEND original-recheck 53/100 table=page_001398_table_box-13qv1ztw active=1
RECV original-recheck 53/100 rank=511 id=page_001398_table_box-13qv1ztw latency=0.3237s status=ok active=0
SEND original-recheck 54/100 table=page_001183_table_11 active=1
RECV original-recheck 54/100 rank=395 id=page_001183_table_11 latency=0.3594s status=ok active=0
SEND original-recheck 55/100 table=page_000507_table_0 active=1
RECV original-recheck 55/100 rank=396 id=page_000507_table_0 latency=0.4230s status=ok active=0
SEND original-recheck 56/100 table=page_000710_table_9 active=1
RECV original-recheck 56/100 rank=514 id=page_000710_table_9 latency=0.2286s status=ok active=0
SEND original-recheck 57/100 table=page_000657_table_6 active=1
RECV original-recheck 57/100 rank=659 id=page_000657_table_6 latency=0.1175s status=ok active=0
SEND original-recheck 58/100 table=page_001368_table_box_id_227 active=1
RECV original-recheck 58/100 rank=264 id=page_001368_table_box_id_227 latency=0.5038s status=ok active=0
SEND original-recheck 59/100 table=page_001176_table_4 active=1
RECV original-recheck 59/100 rank=122 id=page_001176_table_4 latency=0.7323s status=ok active=0
SEND original-recheck 60/100 table=page_001181_table_6 active=1
RECV original-recheck 60/100 rank=72 id=page_001181_table_6 latency=0.9607s status=ok active=0
SEND original-recheck 61/100 table=page_000937_table_0 active=1
RECV original-recheck 61/100 rank=350 id=page_000937_table_0 latency=0.5736s status=ok active=0
SEND original-recheck 62/100 table=page_001368_table_box_id_237 active=1
RECV original-recheck 62/100 rank=468 id=page_001368_table_box_id_237 latency=0.2774s status=ok active=0
SEND original-recheck 63/100 table=page_000217_table_box_id_0 active=1
RECV original-recheck 63/100 rank=391 id=page_000217_table_box_id_0 latency=1.2841s status=ok active=0
SEND original-recheck 64/100 table=page_001159_table_5 active=1
RECV original-recheck 64/100 rank=224 id=page_001159_table_5 latency=0.6741s status=ok active=0
SEND original-recheck 65/100 table=page_000626_table_box_id_1 active=1
RECV original-recheck 65/100 rank=44 id=page_000626_table_box_id_1 latency=1.2487s status=ok active=0
SEND original-recheck 66/100 table=page_000984_table_2 active=1
RECV original-recheck 66/100 rank=625 id=page_000984_table_2 latency=0.1520s status=ok active=0
SEND original-recheck 67/100 table=page_001082_table_34 active=1
RECV original-recheck 67/100 rank=171 id=page_001082_table_34 latency=0.6914s status=ok active=0
SEND original-recheck 68/100 table=page_000467_table_17 active=1
RECV original-recheck 68/100 rank=120 id=page_000467_table_17 latency=0.7491s status=ok active=0
SEND original-recheck 69/100 table=page_000866_table_14 active=1
RECV original-recheck 69/100 rank=419 id=page_000866_table_14 latency=0.3416s status=ok active=0
SEND original-recheck 70/100 table=page_001227_table_10 active=1
RECV original-recheck 70/100 rank=75 id=page_001227_table_10 latency=0.8630s status=ok active=0
SEND original-recheck 71/100 table=page_000916_table_7 active=1
RECV original-recheck 71/100 rank=265 id=page_000916_table_7 latency=0.6784s status=ok active=0
SEND original-recheck 72/100 table=page_000251_table_box_id_7 active=1
RECV original-recheck 72/100 rank=184 id=page_000251_table_box_id_7 latency=0.7262s status=ok active=0
SEND original-recheck 73/100 table=page_001131_table_15 active=1
RECV original-recheck 73/100 rank=469 id=page_001131_table_15 latency=0.2800s status=ok active=0
SEND original-recheck 74/100 table=page_001183_table_12 active=1
RECV original-recheck 74/100 rank=285 id=page_001183_table_12 latency=0.4704s status=ok active=0
SEND original-recheck 75/100 table=page_000266_table_box_id_7 active=1
RECV original-recheck 75/100 rank=509 id=page_000266_table_box_id_7 latency=0.2444s status=ok active=0
SEND original-recheck 76/100 table=page_000447_table_12 active=1
RECV original-recheck 76/100 rank=371 id=page_000447_table_12 latency=0.4337s status=ok active=0
SEND original-recheck 77/100 table=page_001193_table_4 active=1
RECV original-recheck 77/100 rank=342 id=page_001193_table_4 latency=0.4622s status=ok active=0
SEND original-recheck 78/100 table=page_001368_table_box_id_239 active=1
RECV original-recheck 78/100 rank=512 id=page_001368_table_box_id_239 latency=0.2455s status=ok active=0
SEND original-recheck 79/100 table=page_000903_table_15 active=1
RECV original-recheck 79/100 rank=522 id=page_000903_table_15 latency=0.5785s status=ok active=0
SEND original-recheck 80/100 table=page_001167_table_2 active=1
RECV original-recheck 80/100 rank=422 id=page_001167_table_2 latency=0.3368s status=ok active=0
SEND original-recheck 81/100 table=page_000212_table_box_id_1 active=1
RECV original-recheck 81/100 rank=113 id=page_000212_table_box_id_1 latency=1.0554s status=ok active=0
SEND original-recheck 82/100 table=page_001147_table_10 active=1
RECV original-recheck 82/100 rank=90 id=page_001147_table_10 latency=0.6667s status=ok active=0
SEND original-recheck 83/100 table=page_000223_table_box_id_2 active=1
RECV original-recheck 83/100 rank=114 id=page_000223_table_box_id_2 latency=0.7975s status=ok active=0
SEND original-recheck 84/100 table=page_000716_table_0 active=1
RECV original-recheck 84/100 rank=588 id=page_000716_table_0 latency=0.1845s status=ok active=0
SEND original-recheck 85/100 table=page_000937_table_1 active=1
RECV original-recheck 85/100 rank=415 id=page_000937_table_1 latency=0.5181s status=ok active=0
SEND original-recheck 86/100 table=page_000465_table_10 active=1
RECV original-recheck 86/100 rank=339 id=page_000465_table_10 latency=0.4111s status=ok active=0
SEND original-recheck 87/100 table=page_000465_table_8 active=1
RECV original-recheck 87/100 rank=331 id=page_000465_table_8 latency=0.4229s status=ok active=0
SEND original-recheck 88/100 table=page_001179_table_6 active=1
RECV original-recheck 88/100 rank=61 id=page_001179_table_6 latency=0.8556s status=ok active=0
SEND original-recheck 89/100 table=page_000554_table_12 active=1
RECV original-recheck 89/100 rank=538 id=page_000554_table_12 latency=0.2235s status=ok active=0
SEND original-recheck 90/100 table=page_000199_table_box_id_0 active=1
RECV original-recheck 90/100 rank=80 id=page_000199_table_box_id_0 latency=1.1755s status=ok active=0
SEND original-recheck 91/100 table=page_000516_table_0 active=1
RECV original-recheck 91/100 rank=125 id=page_000516_table_0 latency=0.7148s status=ok active=0
SEND original-recheck 92/100 table=page_001214_table_8 active=1
RECV original-recheck 92/100 rank=359 id=page_001214_table_8 latency=0.4052s status=ok active=0
SEND original-recheck 93/100 table=page_001368_table_box_id_161 active=1
RECV original-recheck 93/100 rank=332 id=page_001368_table_box_id_161 latency=0.3576s status=ok active=0
SEND original-recheck 94/100 table=page_000577_table_3 active=1
RECV original-recheck 94/100 rank=382 id=page_000577_table_3 latency=0.5159s status=ok active=0
SEND original-recheck 95/100 table=page_000984_table_3 active=1
RECV original-recheck 95/100 rank=238 id=page_000984_table_3 latency=0.6577s status=ok active=0
SEND original-recheck 96/100 table=page_001187_table_0 active=1
RECV original-recheck 96/100 rank=28 id=page_001187_table_0 latency=1.0591s status=ok active=0
SEND original-recheck 97/100 table=page_000821_table_box_id_14 active=1
RECV original-recheck 97/100 rank=585 id=page_000821_table_box_id_14 latency=0.1877s status=ok active=0
SEND original-recheck 98/100 table=page_000833_table_4 active=1
RECV original-recheck 98/100 rank=352 id=page_000833_table_4 latency=0.6768s status=ok active=0
SEND original-recheck 99/100 table=page_001375_table_31 active=1
RECV original-recheck 99/100 rank=631 id=page_001375_table_31 latency=0.1472s status=ok active=0
SEND original-recheck 100/100 table=page_000645_table_7 active=1
RECV original-recheck 100/100 rank=533 id=page_000645_table_7 latency=0.2187s status=ok active=0
DONE original-recheck requests=100 failures=0 max_in_flight=1 wall=58.5570s qps=1.7077 p50=0.5178s p95=1.2505s max=2.4651s
