Loading ONNX models...
🔧 User specified: Using CPU
Using execution providers: ['CPUExecutionProvider']
Loading tokenizer from mapping file: /root/.cache/openocr/unirec_0_1b_onnx/unirec_tokenizer_mapping.json
✅ Loaded vocabulary with 56371 tokens

✅ Models loaded successfully!
   Number of decoder layers: 6
   Number of attention heads: 6
   Head dimension: 128
   Model dimension (d_model): 768
   Vocabulary size: 56371
Loading weights:   0%|          | 0/961 [00:00<?, ?it/s]Loading weights:  74%|███████▍  | 710/961 [00:00<00:00, 7096.39it/s]Loading weights: 100%|██████████| 961/961 [00:00<00:00, 7486.34it/s]
OPENDOC_BATCHED_SETUP_END setup_s=26.397 pages=32 decode_batch_size=32 decode_scheduling=continuous
/usr/local/python3.12.13/lib/python3.12/site-packages/transformers/models/pp_doclayout_v2/modeling_pp_doclayout_v2.py:2088: UserWarning: Cannot create tensor with interal format while allow_internel_format=False, tensor will be created with base format. (Triggered internally at ../torch_npu/csrc/aten/common/TensorFactories.cpp:340.)
  wh = torch.ones_like(grid_xy) * grid_size * (2.0**level)
OPENDOC_CONTINUOUS_PAGE_READY index=1/32 image=PPT_1001115_eng_page_003.png crops=6
OPENDOC_CONTINUOUS_PAGE_READY index=2/32 image=PPT_1001115_eng_page_005.png crops=8
OPENDOC_CONTINUOUS_PAGE_READY index=3/32 image=PPT_1001115_eng_page_011.png crops=12
OPENDOC_CONTINUOUS_PAGE_READY index=4/32 image=PPT_1001115_eng_page_015.png crops=5
OPENDOC_CONTINUOUS_PAGE_READY index=5/32 image=PPT_11.2013EvaluatingTraineeteacherproficiency_page_010.png crops=6
UNIREC_CONTINUOUS_CROP_END request_id=page_000003_crop_0001 slot=27 admission=27 completion=0 tokens=4
UNIREC_CONTINUOUS_CROP_END request_id=page_000003_crop_0003 slot=29 admission=29 completion=1 tokens=4
UNIREC_CONTINUOUS_CROP_END request_id=page_000003_crop_0004 slot=30 admission=30 completion=2 tokens=5
UNIREC_CONTINUOUS_CROP_END request_id=page_000000_crop_0000 slot=0 admission=0 completion=3 tokens=6
UNIREC_CONTINUOUS_CROP_END request_id=page_000001_crop_0001 slot=7 admission=7 completion=4 tokens=6
UNIREC_CONTINUOUS_CROP_END request_id=page_000001_crop_0006 slot=12 admission=12 completion=5 tokens=6
OPENDOC_CONTINUOUS_PAGE_READY index=6/32 image=PPT_11.2013EvaluatingTraineeteacherproficiency_page_029.png crops=4
UNIREC_CONTINUOUS_CROP_END request_id=page_000002_crop_0000 slot=14 admission=14 completion=6 tokens=7
UNIREC_CONTINUOUS_CROP_END request_id=page_000004_crop_0000 slot=31 admission=31 completion=7 tokens=8
UNIREC_CONTINUOUS_CROP_END request_id=page_000005_crop_0000 slot=12 admission=37 completion=8 tokens=4
UNIREC_CONTINUOUS_CROP_END request_id=page_000002_crop_0002 slot=16 admission=16 completion=9 tokens=10
UNIREC_CONTINUOUS_CROP_END request_id=page_000002_crop_0003 slot=17 admission=17 completion=10 tokens=10
UNIREC_CONTINUOUS_CROP_END request_id=page_000002_crop_0009 slot=23 admission=23 completion=11 tokens=10
OPENDOC_CONTINUOUS_PAGE_READY index=7/32 image=PPT_13 fallacies LALT2012_page_001.png crops=5
UNIREC_CONTINUOUS_CROP_END request_id=page_000001_crop_0000 slot=6 admission=6 completion=12 tokens=12
UNIREC_CONTINUOUS_CROP_END request_id=page_000002_crop_0006 slot=20 admission=20 completion=13 tokens=13
UNIREC_CONTINUOUS_CROP_END request_id=page_000002_crop_0007 slot=21 admission=21 completion=14 tokens=13
OPENDOC_CONTINUOUS_PAGE_READY index=8/32 image=PPT_13 fallacies LALT2012_page_009.png crops=5
UNIREC_CONTINUOUS_CROP_END request_id=page_000000_crop_0001 slot=1 admission=1 completion=15 tokens=14
UNIREC_CONTINUOUS_CROP_END request_id=page_000002_crop_0004 slot=18 admission=18 completion=16 tokens=16
UNIREC_CONTINUOUS_CROP_END request_id=page_000006_crop_0003 slot=6 admission=44 completion=17 tokens=6
UNIREC_CONTINUOUS_CROP_END request_id=page_000005_crop_0001 slot=14 admission=38 completion=18 tokens=11
UNIREC_CONTINUOUS_CROP_END request_id=page_000002_crop_0005 slot=19 admission=19 completion=19 tokens=17
OPENDOC_CONTINUOUS_PAGE_READY index=9/32 image=PPT_13 fallacies LALT2012_page_010.png crops=9
UNIREC_CONTINUOUS_CROP_END request_id=page_000007_crop_0001 slot=1 admission=47 completion=20 tokens=5
UNIREC_CONTINUOUS_CROP_END request_id=page_000003_crop_0000 slot=26 admission=26 completion=21 tokens=18
UNIREC_CONTINUOUS_CROP_END request_id=page_000004_crop_0003 slot=30 admission=34 completion=22 tokens=14
UNIREC_CONTINUOUS_CROP_END request_id=page_000004_crop_0004 slot=0 admission=35 completion=23 tokens=14
UNIREC_CONTINUOUS_CROP_END request_id=page_000001_crop_0007 slot=13 admission=13 completion=24 tokens=19
UNIREC_CONTINUOUS_CROP_END request_id=page_000002_crop_0008 slot=22 admission=22 completion=25 tokens=20
UNIREC_CONTINUOUS_CROP_END request_id=page_000008_crop_0001 slot=1 admission=52 completion=26 tokens=6
UNIREC_CONTINUOUS_CROP_END request_id=page_000001_crop_0004 slot=10 admission=10 completion=27 tokens=23
UNIREC_CONTINUOUS_CROP_END request_id=page_000006_crop_0004 slot=20 admission=45 completion=28 tokens=12
OPENDOC_CONTINUOUS_PAGE_READY index=10/32 image=PPT_1637904769_page_001.png crops=2
UNIREC_CONTINUOUS_CROP_END request_id=page_000000_crop_0002 slot=2 admission=2 completion=29 tokens=25
UNIREC_CONTINUOUS_CROP_END request_id=page_000000_crop_0005 slot=5 admission=5 completion=30 tokens=27
UNIREC_CONTINUOUS_CROP_END request_id=page_000001_crop_0003 slot=9 admission=9 completion=31 tokens=27
UNIREC_CONTINUOUS_CROP_END request_id=page_000006_crop_0000 slot=16 admission=41 completion=32 tokens=18
OPENDOC_CONTINUOUS_PAGE_READY index=11/32 image=PPT_1637904769_page_002.png crops=5
UNIREC_CONTINUOUS_CROP_END request_id=page_000000_crop_0003 slot=3 admission=3 completion=33 tokens=28
UNIREC_CONTINUOUS_CROP_END request_id=page_000006_crop_0001 slot=17 admission=42 completion=34 tokens=20
UNIREC_CONTINUOUS_CROP_END request_id=page_000002_crop_0001 slot=15 admission=15 completion=35 tokens=30
OPENDOC_CONTINUOUS_PAGE_READY index=12/32 image=PPT_1637904769_page_008.png crops=7
UNIREC_CONTINUOUS_CROP_END request_id=page_000007_crop_0003 slot=6 admission=49 completion=36 tokens=15
UNIREC_CONTINUOUS_CROP_END request_id=page_000001_crop_0005 slot=11 admission=11 completion=37 tokens=33
UNIREC_CONTINUOUS_CROP_END request_id=page_000007_crop_0000 slot=21 admission=46 completion=38 tokens=22
UNIREC_CONTINUOUS_CROP_END request_id=page_000010_crop_0001 slot=9 admission=63 completion=39 tokens=9
UNIREC_CONTINUOUS_CROP_END request_id=page_000003_crop_0002 slot=28 admission=28 completion=40 tokens=35
UNIREC_CONTINUOUS_CROP_END request_id=page_000007_crop_0002 slot=18 admission=48 completion=41 tokens=21
UNIREC_CONTINUOUS_CROP_END request_id=page_000002_crop_0011 slot=25 admission=25 completion=42 tokens=37
OPENDOC_CONTINUOUS_PAGE_READY index=13/32 image=PPT_1637904769_page_017.png crops=5
UNIREC_CONTINUOUS_CROP_END request_id=page_000008_crop_0000 slot=19 admission=51 completion=43 tokens=22
UNIREC_CONTINUOUS_CROP_END request_id=page_000011_crop_0001 slot=6 admission=68 completion=44 tokens=9
UNIREC_CONTINUOUS_CROP_END request_id=page_000006_crop_0002 slot=23 admission=43 completion=45 tokens=30
UNIREC_CONTINUOUS_CROP_END request_id=page_000012_crop_0000 slot=25 admission=74 completion=46 tokens=5
UNIREC_CONTINUOUS_CROP_END request_id=page_000004_crop_0001 slot=27 admission=32 completion=47 tokens=38
OPENDOC_CONTINUOUS_PAGE_READY index=14/32 image=PPT_8076_MEYER_Chapter_2_-_Language_Change_page_012.png crops=3
UNIREC_CONTINUOUS_CROP_END request_id=page_000010_crop_0003 slot=3 admission=65 completion=48 tokens=15
UNIREC_CONTINUOUS_CROP_END request_id=page_000011_crop_0005 slot=28 admission=72 completion=49 tokens=8
UNIREC_CONTINUOUS_CROP_END request_id=page_000011_crop_0004 slot=9 admission=71 completion=50 tokens=9
UNIREC_CONTINUOUS_CROP_END request_id=page_000005_crop_0003 slot=12 admission=40 completion=51 tokens=35
UNIREC_CONTINUOUS_CROP_END request_id=page_000010_crop_0002 slot=16 admission=64 completion=52 tokens=17
UNIREC_CONTINUOUS_CROP_END request_id=page_000011_crop_0006 slot=18 admission=73 completion=53 tokens=8
UNIREC_CONTINUOUS_CROP_END request_id=page_000011_crop_0003 slot=21 admission=70 completion=54 tokens=10
OPENDOC_CONTINUOUS_PAGE_READY index=15/32 image=PPT_8076_MEYER_Chapter_2_-_Language_Change_page_014.png crops=6
UNIREC_CONTINUOUS_CROP_END request_id=page_000011_crop_0002 slot=11 admission=69 completion=55 tokens=13
UNIREC_CONTINUOUS_CROP_END request_id=page_000010_crop_0004 slot=17 admission=66 completion=56 tokens=17
UNIREC_CONTINUOUS_CROP_END request_id=page_000013_crop_0000 slot=27 admission=79 completion=57 tokens=5
OPENDOC_CONTINUOUS_PAGE_READY index=16/32 image=PPT_8076_MEYER_Chapter_2_-_Language_Change_page_017.png crops=3
UNIREC_CONTINUOUS_CROP_END request_id=page_000000_crop_0004 slot=4 admission=4 completion=58 tokens=46
OPENDOC_BATCHED_PAGE_END index=1/32 image=PPT_1001115_eng_page_003.png crops=6 wall_s=26.671
UNIREC_CONTINUOUS_CROP_END request_id=page_000001_crop_0002 slot=8 admission=8 completion=59 tokens=47
OPENDOC_BATCHED_PAGE_END index=2/32 image=PPT_1001115_eng_page_005.png crops=8 wall_s=23.627
UNIREC_CONTINUOUS_CROP_END request_id=page_000014_crop_0000 slot=9 admission=82 completion=60 tokens=5
OPENDOC_CONTINUOUS_PAGE_READY index=17/32 image=PPT_8076_MEYER_Chapter_2_-_Language_Change_page_021.png crops=4
UNIREC_CONTINUOUS_CROP_END request_id=page_000010_crop_0000 slot=5 admission=62 completion=61 tokens=22
UNIREC_CONTINUOUS_CROP_END request_id=page_000015_crop_0000 slot=17 admission=88 completion=62 tokens=5
UNIREC_CONTINUOUS_CROP_END request_id=page_000011_crop_0000 slot=15 admission=67 completion=63 tokens=21
UNIREC_CONTINUOUS_CROP_END request_id=page_000012_crop_0001 slot=19 admission=75 completion=64 tokens=13
OPENDOC_CONTINUOUS_PAGE_READY index=18/32 image=PPT_B14_Claeys_Consistent Presentation of Images_v2_page_006.png crops=3
UNIREC_CONTINUOUS_CROP_END request_id=page_000016_crop_0000 slot=8 admission=91 completion=65 tokens=5
UNIREC_CONTINUOUS_CROP_END request_id=page_000009_crop_0000 slot=20 admission=60 completion=66 tokens=30
UNIREC_CONTINUOUS_CROP_END request_id=page_000015_crop_0001 slot=27 admission=89 completion=67 tokens=9
UNIREC_CONTINUOUS_CROP_END request_id=page_000004_crop_0002 slot=29 admission=33 completion=68 tokens=50
OPENDOC_CONTINUOUS_PAGE_READY index=19/32 image=PPT_B14_Claeys_Consistent Presentation of Images_v2_page_010.png crops=4
UNIREC_CONTINUOUS_CROP_END request_id=page_000002_crop_0010 slot=24 admission=24 completion=69 tokens=54
OPENDOC_BATCHED_PAGE_END index=3/32 image=PPT_1001115_eng_page_011.png crops=12 wall_s=24.924
OPENDOC_BATCHED_PAGE_END index=4/32 image=PPT_1001115_eng_page_015.png crops=5 wall_s=23.901
UNIREC_CONTINUOUS_CROP_END request_id=page_000004_crop_0005 slot=7 admission=36 completion=70 tokens=50
OPENDOC_BATCHED_PAGE_END index=5/32 image=PPT_11.2013EvaluatingTraineeteacherproficiency_page_010.png crops=6 wall_s=23.442
UNIREC_CONTINUOUS_CROP_END request_id=page_000016_crop_0001 slot=9 admission=92 completion=71 tokens=9
UNIREC_CONTINUOUS_CROP_END request_id=page_000014_crop_0001 slot=12 admission=83 completion=72 tokens=13
OPENDOC_CONTINUOUS_PAGE_READY index=20/32 image=PPT_B14_Claeys_Consistent Presentation of Images_v2_page_013.png crops=7
UNIREC_CONTINUOUS_CROP_END request_id=page_000014_crop_0005 slot=11 admission=87 completion=73 tokens=12
UNIREC_CONTINUOUS_CROP_END request_id=page_000017_crop_0000 slot=15 admission=95 completion=74 tokens=7
UNIREC_CONTINUOUS_CROP_END request_id=page_000009_crop_0001 slot=2 admission=61 completion=75 tokens=35
UNIREC_CONTINUOUS_CROP_END request_id=page_000018_crop_0000 slot=20 admission=98 completion=76 tokens=9
UNIREC_CONTINUOUS_CROP_END request_id=page_000018_crop_0001 slot=27 admission=99 completion=77 tokens=9
OPENDOC_CONTINUOUS_PAGE_READY index=21/32 image=PPT_B14_Claeys_Consistent Presentation of Images_v2_page_024.png crops=5
UNIREC_CONTINUOUS_CROP_END request_id=page_000019_crop_0000 slot=7 admission=102 completion=78 tokens=9
UNIREC_CONTINUOUS_CROP_END request_id=page_000019_crop_0002 slot=12 admission=104 completion=79 tokens=10
UNIREC_CONTINUOUS_CROP_END request_id=page_000019_crop_0005 slot=2 admission=107 completion=80 tokens=8
UNIREC_CONTINUOUS_CROP_END request_id=page_000019_crop_0004 slot=15 admission=106 completion=81 tokens=12
UNIREC_CONTINUOUS_CROP_END request_id=page_000005_crop_0002 slot=31 admission=39 completion=82 tokens=61
OPENDOC_BATCHED_PAGE_END index=6/32 image=PPT_11.2013EvaluatingTraineeteacherproficiency_page_029.png crops=4 wall_s=16.407
OPENDOC_BATCHED_PAGE_END index=7/32 image=PPT_13 fallacies LALT2012_page_001.png crops=5 wall_s=15.593
OPENDOC_CONTINUOUS_PAGE_READY index=22/32 image=PPT_BaharMartonosi_page_002.png crops=5
UNIREC_CONTINUOUS_CROP_END request_id=page_000017_crop_0001 slot=19 admission=96 completion=83 tokens=20
UNIREC_CONTINUOUS_CROP_END request_id=page_000020_crop_0000 slot=27 admission=109 completion=84 tokens=9
UNIREC_CONTINUOUS_CROP_END request_id=page_000013_crop_0001 slot=3 admission=80 completion=85 tokens=29
UNIREC_CONTINUOUS_CROP_END request_id=page_000017_crop_0002 slot=8 admission=97 completion=86 tokens=23
UNIREC_CONTINUOUS_CROP_END request_id=page_000019_crop_0001 slot=9 admission=103 completion=87 tokens=20
UNIREC_CONTINUOUS_CROP_END request_id=page_000019_crop_0003 slot=11 admission=105 completion=88 tokens=19
UNIREC_CONTINUOUS_CROP_END request_id=page_000019_crop_0006 slot=20 admission=108 completion=89 tokens=14
OPENDOC_CONTINUOUS_PAGE_READY index=23/32 image=PPT_BaharMartonosi_page_005.png crops=7
UNIREC_CONTINUOUS_CROP_END request_id=page_000014_crop_0003 slot=18 admission=85 completion=90 tokens=34
UNIREC_CONTINUOUS_CROP_END request_id=page_000018_crop_0003 slot=24 admission=101 completion=91 tokens=23
UNIREC_CONTINUOUS_CROP_END request_id=page_000008_crop_0005 slot=13 admission=56 completion=92 tokens=60
UNIREC_CONTINUOUS_CROP_END request_id=page_000021_crop_0001 slot=19 admission=115 completion=93 tokens=10
UNIREC_CONTINUOUS_CROP_END request_id=page_000008_crop_0006 slot=22 admission=57 completion=94 tokens=61
OPENDOC_CONTINUOUS_PAGE_READY index=24/32 image=PPT_BaharMartonosi_page_006.png crops=13
UNIREC_CONTINUOUS_CROP_END request_id=page_000020_crop_0002 slot=12 admission=111 completion=95 tokens=18
UNIREC_CONTINUOUS_CROP_END request_id=page_000022_crop_0001 slot=11 admission=120 completion=96 tokens=11
UNIREC_CONTINUOUS_CROP_END request_id=page_000022_crop_0004 slot=24 admission=123 completion=97 tokens=9
UNIREC_CONTINUOUS_CROP_END request_id=page_000021_crop_0000 slot=31 admission=114 completion=98 tokens=17
UNIREC_CONTINUOUS_CROP_END request_id=page_000016_crop_0002 slot=5 admission=93 completion=99 tokens=38
UNIREC_CONTINUOUS_CROP_END request_id=page_000022_crop_0003 slot=18 admission=122 completion=100 tokens=11
UNIREC_CONTINUOUS_CROP_END request_id=page_000022_crop_0006 slot=19 admission=125 completion=101 tokens=10
UNIREC_CONTINUOUS_CROP_END request_id=page_000023_crop_0002 slot=11 admission=128 completion=102 tokens=6
UNIREC_CONTINUOUS_CROP_END request_id=page_000023_crop_0006 slot=18 admission=132 completion=103 tokens=5
UNIREC_CONTINUOUS_CROP_END request_id=page_000023_crop_0004 slot=31 admission=130 completion=104 tokens=8
UNIREC_CONTINUOUS_CROP_END request_id=page_000022_crop_0000 slot=9 admission=119 completion=105 tokens=19
UNIREC_CONTINUOUS_CROP_END request_id=page_000022_crop_0002 slot=20 admission=121 completion=106 tokens=19
UNIREC_CONTINUOUS_CROP_END request_id=page_000020_crop_0003 slot=2 admission=112 completion=107 tokens=28
OPENDOC_CONTINUOUS_PAGE_READY index=25/32 image=PPT_BaharMartonosi_page_007.png crops=6
UNIREC_CONTINUOUS_CROP_END request_id=page_000022_crop_0005 slot=13 admission=124 completion=108 tokens=17
UNIREC_CONTINUOUS_CROP_END request_id=page_000023_crop_0005 slot=5 admission=131 completion=109 tokens=11
UNIREC_CONTINUOUS_CROP_END request_id=page_000008_crop_0002 slot=26 admission=53 completion=110 tokens=78
UNIREC_CONTINUOUS_CROP_END request_id=page_000021_crop_0003 slot=3 admission=117 completion=111 tokens=27
UNIREC_CONTINUOUS_CROP_END request_id=page_000014_crop_0002 slot=16 admission=84 completion=112 tokens=54
UNIREC_CONTINUOUS_CROP_END request_id=page_000023_crop_0001 slot=12 admission=127 completion=113 tokens=17
OPENDOC_CONTINUOUS_PAGE_READY index=26/32 image=PPT_BaharMartonosi_page_008.png crops=8
UNIREC_CONTINUOUS_CROP_END request_id=page_000023_crop_0000 slot=22 admission=126 completion=114 tokens=19
UNIREC_CONTINUOUS_CROP_END request_id=page_000021_crop_0004 slot=8 admission=118 completion=115 tokens=27
UNIREC_CONTINUOUS_CROP_END request_id=page_000023_crop_0012 slot=20 admission=138 completion=116 tokens=8
UNIREC_CONTINUOUS_CROP_END request_id=page_000023_crop_0010 slot=31 admission=136 completion=117 tokens=9
UNIREC_CONTINUOUS_CROP_END request_id=page_000023_crop_0008 slot=11 admission=134 completion=118 tokens=13
UNIREC_CONTINUOUS_CROP_END request_id=page_000023_crop_0011 slot=9 admission=137 completion=119 tokens=11
UNIREC_CONTINUOUS_CROP_END request_id=page_000016_crop_0003 slot=17 admission=94 completion=120 tokens=56
UNIREC_CONTINUOUS_CROP_END request_id=page_000023_crop_0007 slot=19 admission=133 completion=121 tokens=18
OPENDOC_CONTINUOUS_PAGE_READY index=27/32 image=PPT_BaharMartonosi_page_010.png crops=4
UNIREC_CONTINUOUS_CROP_END request_id=page_000024_crop_0004 slot=3 admission=143 completion=122 tokens=10
UNIREC_CONTINUOUS_CROP_END request_id=page_000024_crop_0001 slot=13 admission=140 completion=123 tokens=12
UNIREC_CONTINUOUS_CROP_END request_id=page_000024_crop_0003 slot=26 admission=142 completion=124 tokens=11
UNIREC_CONTINUOUS_CROP_END request_id=page_000020_crop_0001 slot=7 admission=110 completion=125 tokens=44
OPENDOC_CONTINUOUS_PAGE_READY index=28/32 image=PPT_CalculusReview_page_002.png crops=7
UNIREC_CONTINUOUS_CROP_END request_id=page_000025_crop_0000 slot=12 admission=145 completion=126 tokens=11
UNIREC_CONTINUOUS_CROP_END request_id=page_000020_crop_0004 slot=15 admission=113 completion=127 tokens=41
UNIREC_CONTINUOUS_CROP_END request_id=page_000025_crop_0003 slot=20 admission=148 completion=128 tokens=9
UNIREC_CONTINUOUS_CROP_END request_id=page_000027_crop_0000 slot=7 admission=157 completion=129 tokens=3
UNIREC_CONTINUOUS_CROP_END request_id=page_000023_crop_0003 slot=24 admission=129 completion=130 tokens=25
UNIREC_CONTINUOUS_CROP_END request_id=page_000021_crop_0002 slot=27 admission=116 completion=131 tokens=41
UNIREC_CONTINUOUS_CROP_END request_id=page_000025_crop_0004 slot=31 admission=149 completion=132 tokens=11
OPENDOC_CONTINUOUS_PAGE_READY index=29/32 image=PPT_CalculusReview_page_004.png crops=9
UNIREC_CONTINUOUS_CROP_END request_id=page_000024_crop_0000 slot=2 admission=139 completion=133 tokens=19
UNIREC_CONTINUOUS_CROP_END request_id=page_000008_crop_0008 slot=10 admission=59 completion=134 tokens=89
UNIREC_CONTINUOUS_CROP_END request_id=page_000023_crop_0009 slot=18 admission=135 completion=135 tokens=23
UNIREC_CONTINUOUS_CROP_END request_id=page_000025_crop_0001 slot=22 admission=146 completion=136 tokens=17
UNIREC_CONTINUOUS_CROP_END request_id=page_000025_crop_0002 slot=8 admission=147 completion=137 tokens=18
UNIREC_CONTINUOUS_CROP_END request_id=page_000025_crop_0006 slot=9 admission=151 completion=138 tokens=15
UNIREC_CONTINUOUS_CROP_END request_id=page_000012_crop_0004 slot=25 admission=78 completion=139 tokens=76
UNIREC_CONTINUOUS_CROP_END request_id=page_000028_crop_0000 slot=31 admission=164 completion=140 tokens=8
UNIREC_CONTINUOUS_CROP_END request_id=page_000027_crop_0001 slot=12 admission=158 completion=141 tokens=11
OPENDOC_CONTINUOUS_PAGE_READY index=30/32 image=PPT_CalculusReview_page_009.png crops=4
UNIREC_CONTINUOUS_CROP_END request_id=page_000027_crop_0002 slot=15 admission=159 completion=142 tokens=12
UNIREC_CONTINUOUS_CROP_END request_id=page_000026_crop_0002 slot=13 admission=155 completion=143 tokens=16
UNIREC_CONTINUOUS_CROP_END request_id=page_000028_crop_0002 slot=10 admission=166 completion=144 tokens=12
UNIREC_CONTINUOUS_CROP_END request_id=page_000025_crop_0005 slot=11 admission=150 completion=145 tokens=22
OPENDOC_CONTINUOUS_PAGE_READY index=31/32 image=PPT_CalculusReview_page_014.png crops=5
UNIREC_CONTINUOUS_CROP_END request_id=page_000029_crop_0000 slot=12 admission=173 completion=146 tokens=7
UNIREC_CONTINUOUS_CROP_END request_id=page_000028_crop_0008 slot=31 admission=172 completion=147 tokens=9
UNIREC_CONTINUOUS_CROP_END request_id=page_000028_crop_0001 slot=2 admission=165 completion=148 tokens=15
UNIREC_CONTINUOUS_CROP_END request_id=page_000030_crop_0000 slot=11 admission=177 completion=149 tokens=4
UNIREC_CONTINUOUS_CROP_END request_id=page_000025_crop_0007 slot=17 admission=152 completion=150 tokens=22
OPENDOC_CONTINUOUS_PAGE_READY index=32/32 image=PPT_CalculusReview_page_033.png crops=4
UNIREC_CONTINUOUS_CROP_END request_id=page_000026_crop_0000 slot=19 admission=153 completion=151 tokens=23
UNIREC_CONTINUOUS_CROP_END request_id=page_000027_crop_0005 slot=24 admission=162 completion=152 tokens=21
UNIREC_CONTINUOUS_CROP_END request_id=page_000028_crop_0004 slot=22 admission=168 completion=153 tokens=16
UNIREC_CONTINUOUS_CROP_END request_id=page_000031_crop_0000 slot=17 admission=182 completion=154 tokens=7
UNIREC_CONTINUOUS_CROP_END request_id=page_000026_crop_0001 slot=3 admission=154 completion=155 tokens=28
UNIREC_CONTINUOUS_CROP_END request_id=page_000030_crop_0004 slot=11 admission=181 completion=156 tokens=8
UNIREC_CONTINUOUS_CROP_END request_id=page_000029_crop_0002 slot=13 admission=175 completion=157 tokens=13
UNIREC_CONTINUOUS_CROP_END request_id=page_000030_crop_0001 slot=12 admission=178 completion=158 tokens=11
UNIREC_CONTINUOUS_CROP_END request_id=page_000008_crop_0007 slot=1 admission=58 completion=159 tokens=112
UNIREC_CONTINUOUS_CROP_END request_id=page_000024_crop_0002 slot=5 admission=141 completion=160 tokens=41
UNIREC_CONTINUOUS_CROP_END request_id=page_000027_crop_0004 slot=7 admission=161 completion=161 tokens=29
UNIREC_CONTINUOUS_CROP_END request_id=page_000028_crop_0003 slot=18 admission=167 completion=162 tokens=28
UNIREC_CONTINUOUS_CROP_END request_id=page_000026_crop_0003 slot=26 admission=156 completion=163 tokens=35
UNIREC_CONTINUOUS_CROP_END request_id=page_000027_crop_0003 slot=20 admission=160 completion=164 tokens=34
UNIREC_CONTINUOUS_CROP_END request_id=page_000008_crop_0004 slot=0 admission=55 completion=165 tokens=123
UNIREC_CONTINUOUS_CROP_END request_id=page_000030_crop_0003 slot=2 admission=180 completion=166 tokens=18
UNIREC_CONTINUOUS_CROP_END request_id=page_000015_crop_0002 slot=4 admission=90 completion=167 tokens=97
UNIREC_CONTINUOUS_CROP_END request_id=page_000024_crop_0005 slot=16 admission=144 completion=168 tokens=48
UNIREC_CONTINUOUS_CROP_END request_id=page_000028_crop_0006 slot=9 admission=170 completion=169 tokens=32
UNIREC_CONTINUOUS_CROP_END request_id=page_000012_crop_0003 slot=23 admission=77 completion=170 tokens=109
UNIREC_CONTINUOUS_CROP_END request_id=page_000027_crop_0006 slot=27 admission=163 completion=171 tokens=39
UNIREC_CONTINUOUS_CROP_END request_id=page_000031_crop_0002 slot=24 admission=184 completion=172 tokens=22
UNIREC_CONTINUOUS_CROP_END request_id=page_000008_crop_0003 slot=30 admission=54 completion=173 tokens=135
UNIREC_CONTINUOUS_CROP_END request_id=page_000029_crop_0003 slot=10 admission=176 completion=174 tokens=32
UNIREC_CONTINUOUS_CROP_END request_id=page_000031_crop_0003 slot=22 admission=185 completion=175 tokens=25
UNIREC_CONTINUOUS_CROP_END request_id=page_000030_crop_0002 slot=31 admission=179 completion=176 tokens=31
UNIREC_CONTINUOUS_CROP_END request_id=page_000031_crop_0001 slot=19 admission=183 completion=177 tokens=31
UNIREC_CONTINUOUS_CROP_END request_id=page_000028_crop_0007 slot=25 admission=171 completion=178 tokens=41
UNIREC_CONTINUOUS_CROP_END request_id=page_000013_crop_0002 slot=28 admission=81 completion=179 tokens=116
UNIREC_CONTINUOUS_CROP_END request_id=page_000028_crop_0005 slot=8 admission=169 completion=180 tokens=45
UNIREC_CONTINUOUS_CROP_END request_id=page_000012_crop_0002 slot=6 admission=76 completion=181 tokens=123
UNIREC_CONTINUOUS_CROP_END request_id=page_000014_crop_0004 slot=21 admission=86 completion=182 tokens=135
UNIREC_CONTINUOUS_CROP_END request_id=page_000007_crop_0004 slot=14 admission=50 completion=183 tokens=163
OPENDOC_BATCHED_PAGE_END index=8/32 image=PPT_13 fallacies LALT2012_page_009.png crops=5 wall_s=28.823
OPENDOC_BATCHED_PAGE_END index=9/32 image=PPT_13 fallacies LALT2012_page_010.png crops=9 wall_s=27.525
OPENDOC_BATCHED_PAGE_END index=10/32 image=PPT_1637904769_page_001.png crops=2 wall_s=26.003
OPENDOC_BATCHED_PAGE_END index=11/32 image=PPT_1637904769_page_002.png crops=5 wall_s=25.278
OPENDOC_BATCHED_PAGE_END index=12/32 image=PPT_1637904769_page_008.png crops=7 wall_s=24.181
OPENDOC_BATCHED_PAGE_END index=13/32 image=PPT_1637904769_page_017.png crops=5 wall_s=23.240
OPENDOC_BATCHED_PAGE_END index=14/32 image=PPT_8076_MEYER_Chapter_2_-_Language_Change_page_012.png crops=3 wall_s=22.800
OPENDOC_BATCHED_PAGE_END index=15/32 image=PPT_8076_MEYER_Chapter_2_-_Language_Change_page_014.png crops=6 wall_s=22.459
OPENDOC_BATCHED_PAGE_END index=16/32 image=PPT_8076_MEYER_Chapter_2_-_Language_Change_page_017.png crops=3 wall_s=21.875
OPENDOC_BATCHED_PAGE_END index=17/32 image=PPT_8076_MEYER_Chapter_2_-_Language_Change_page_021.png crops=4 wall_s=21.329
OPENDOC_BATCHED_PAGE_END index=18/32 image=PPT_B14_Claeys_Consistent Presentation of Images_v2_page_006.png crops=3 wall_s=20.772
UNIREC_CONTINUOUS_CROP_END request_id=page_000029_crop_0001 slot=15 admission=174 completion=184 tokens=95
UNIREC_CONTINUOUS_CROP_END request_id=page_000018_crop_0002 slot=29 admission=100 completion=185 tokens=255
<table>
<tr>
<td></td>
<td>Luminance</td>
<td></td>
<td></td>
<td></td>
</tr>
<tr>
<td></td>
<td>100</td>
<td></td>
<td></td>
<td></td>
</tr>
<tr>
<td></td>
<td>10</td>
<td></td>
<td></td>
<td></td>
</tr>
<tr>
<td></td>
<td>10</td>
<td></td>
<td></td>
<td></td>
</tr>
<tr>
<td></td>
<td>10</td>
<td></td>
<td></td>
<td></td>
</tr>
<tr>
<td></td>
<td>10</td>
<td></td>
<td></td>
<td></td>
</tr>
<tr>
<td></td>
<td>10</td>
<td></td>
<td></td>
<td></td>
</tr>
<tr>
<td></td>
<td>10</td>
<td></td>
<td></td>
<td></td>
</tr>
<tr>
<td></td>
<td>10</td>
<td></td>
<td></td>
<td></td>
</tr>
<tr>
<td></td>
<td>10</td>
<td></td>
<td></td>
<td></td>
</tr>
<tr>
<td></td>
<td>10</td>
<td></td>
<td></td>
<td></td>
</tr>
<tr>
<td></td>
<td>10</td>
<td></td>
<td></td>
<td></td>
</tr>
<tr>
<td></td>
<td>10</td>
<td></td>
<td></td>
<td></td>
</tr>
<tr>
<td></td>
<td>10</td>
<td></td>
<td></td>
<td></td>
</tr>
<tr>
<td></td>
<td>10</td>
<td></td>
<td></td>
<td></td>
</tr>
<tr>
<td></td>
<td>10</td>
<td></td>
<td></td>
<td></td>
</tr>
<tr>
<td></td>
<td>10</td>
<td></td>
<td></td>
<td></td>
</tr>
<tr>
<td></td>
<td>10</td>
<td></td>
<td></td>
<td></td>
</tr>
<tr>
<td></td>
<td>10</td>
<td></td>
<td></td>
<td></td>
</tr>
<tr>
<td></td>
<td>10</td>
<td></td>
<td></td>
<td></td>
</tr>
<tr>
<td></td>
<td>10</td>
<td></td>
<td></td>
<td></td>
</tr>
<tr>
<td></td>
<td>10</td>
<td></td>
<td></td>
<td></td>
</tr>
<tr>
<td></td>
<td>10</td>
<td></td>
<td></td>
<td></td>
</tr>
<tr>
<td></td>
<td>10</td>
<td></td>
<td></td>
<td></td>
</tr>
<tr>
<td></td>
<td>10</td>
<td></td>
<td></td>
<td></td>
</tr>
<tr>
<td></td>
<td>10</td>
<td></td>
<td></td>
<td></td>
</tr>
<tr>
<td></td>
<td>10</td>
<td></td>
<td></td>
<td></td>
</tr>
<tr>
<td></td>
<td>10</td>
<td></td>
<td></td>
<td></td>
</tr>
<tr>
<td></td>
<td>10</td>
<td></td>
<td></td>
<td></td>
</tr>
<tr>
<td></td>
<td>10</td>
<td></td>
<td></td>
<td></td>
</tr>
<tr>
<td></td>
<td>10</td>
<td></td>
<td></td>
<td></td>
</tr>
<tr>
<td></td>
<td>10</td>
<td></td>
<td></td>
<td></td>
</tr>
<tr>
<td></td>
<td>10</td>
<td></td>
<td></td>
<td></td>
</tr>
<tr>
<td></td>
<td>10</td>
<td></td>
<td></td>
<td></td>
</tr>
<tr>
<td></td>
<td>10</td>
<td></td>
<td></td>
<td></td>
</tr>
<tr>
<td></td>
<td>10</td>
<td></td>
<td></td>
<td></td>
</tr>
<tr>
<td>

Luminance
100
10
10
10
10
10
10
10
10
10
10
10
10
10
10
10
10
10
10
10
10
10
10
10
10
10
10
10
10
10
10
10
10
10
10

OPENDOC_BATCHED_PAGE_END index=19/32 image=PPT_B14_Claeys_Consistent Presentation of Images_v2_page_010.png crops=4 wall_s=20.678
OPENDOC_BATCHED_PAGE_END index=20/32 image=PPT_B14_Claeys_Consistent Presentation of Images_v2_page_013.png crops=7 wall_s=19.651
OPENDOC_BATCHED_PAGE_END index=21/32 image=PPT_B14_Claeys_Consistent Presentation of Images_v2_page_024.png crops=5 wall_s=18.064
OPENDOC_BATCHED_PAGE_END index=22/32 image=PPT_BaharMartonosi_page_002.png crops=5 wall_s=16.383
OPENDOC_BATCHED_PAGE_END index=23/32 image=PPT_BaharMartonosi_page_005.png crops=7 wall_s=15.222
OPENDOC_BATCHED_PAGE_END index=24/32 image=PPT_BaharMartonosi_page_006.png crops=13 wall_s=13.933
OPENDOC_BATCHED_PAGE_END index=25/32 image=PPT_BaharMartonosi_page_007.png crops=6 wall_s=11.872
OPENDOC_BATCHED_PAGE_END index=26/32 image=PPT_BaharMartonosi_page_008.png crops=8 wall_s=10.898
OPENDOC_BATCHED_PAGE_END index=27/32 image=PPT_BaharMartonosi_page_010.png crops=4 wall_s=9.937
OPENDOC_BATCHED_PAGE_END index=28/32 image=PPT_CalculusReview_page_002.png crops=7 wall_s=9.177
OPENDOC_BATCHED_PAGE_END index=29/32 image=PPT_CalculusReview_page_004.png crops=9 wall_s=8.017
OPENDOC_BATCHED_PAGE_END index=30/32 image=PPT_CalculusReview_page_009.png crops=4 wall_s=6.246
OPENDOC_BATCHED_PAGE_END index=31/32 image=PPT_CalculusReview_page_014.png crops=5 wall_s=5.133
OPENDOC_BATCHED_PAGE_END index=32/32 image=PPT_CalculusReview_page_033.png crops=4 wall_s=4.013
UNIREC_CONTINUOUS_END {"batch_size": 32, "submitted": 186, "completed": 186, "decode_iterations": 306, "raw_decode_token_slots": 9792, "effective_decode_tokens": 4886, "idle_decode_token_slots": 4906, "decode_s": 9.050483607919887, "first_decode_step_s": 7.781287468969822, "steady_decode_s": 1.2691961389500648, "raw_decode_tokens_per_s": 1081.931134755189, "effective_decode_tokens_per_s": 539.8606540455324, "steady_raw_decode_tokens_per_s": 7689.906784678611, "steady_effective_decode_tokens_per_s": 3824.4679849211043, "slot_refills": 154, "compile_wrap_s": 1.4392302699852735, "compile": {"compile_api": "torch_npu.dynamo.torchair.inference.cache_compile", "compile_api_import_path": "torch_npu.dynamo.torchair.inference.cache_compile", "backend": "torchair", "fullgraph": true, "dynamic": false, "torchair_ge_cache": true, "torchair_cache_dir": "/workspace/repos/paddle_ocr_vl_npu/.runtime_cache/12_unirec_0_1b_inference/opendoc_continuous_b32/decode_selfkv256_cross1320_eager_b32", "static_self_kv_len": 256, "static_cross_kv_len": 1320, "self_attention_backend": "eager", "batch_size": 32}}
OPENDOC_BATCHED_RUN_END {"status": "ok", "openocr_root": "/workspace/repos/OpenOCR", "model_path": "/workspace/models/unirec-0.1b", "device": "npu:0", "dtype": "float16", "decode_mode": "compiled", "decode_scheduling": "continuous", "decode_batch_size": 32, "max_length": 256, "layout_backend": "transformers_npu", "layout_dtype": "float32", "setup_s": 26.397150758188218, "pipeline_wall_s": 49.83071825793013, "pages_per_s": 0.6421741672348357, "page_count": 32, "crop_count": 186, "cohort_count": 0, "layout_s": 10.257928892970085, "prepare_s": 5.092923036077991, "prefill_s": 13.11954817455262, "decode_s": 9.050483607919887, "raw_decode_token_slots": 9792, "effective_decode_tokens": 4886, "padding_decode_token_slots": 4906, "idle_decode_token_slots": 4906, "raw_decode_tokens_per_s": 1081.931134755189, "effective_decode_tokens_per_s": 539.8606540455324, "cohorts": [], "continuous_decode": {"batch_size": 32, "submitted": 186, "completed": 186, "decode_iterations": 306, "raw_decode_token_slots": 9792, "effective_decode_tokens": 4886, "idle_decode_token_slots": 4906, "decode_s": 9.050483607919887, "first_decode_step_s": 7.781287468969822, "steady_decode_s": 1.2691961389500648, "raw_decode_tokens_per_s": 1081.931134755189, "effective_decode_tokens_per_s": 539.8606540455324, "steady_raw_decode_tokens_per_s": 7689.906784678611, "steady_effective_decode_tokens_per_s": 3824.4679849211043, "slot_refills": 154, "compile_wrap_s": 1.4392302699852735, "compile": {"compile_api": "torch_npu.dynamo.torchair.inference.cache_compile", "compile_api_import_path": "torch_npu.dynamo.torchair.inference.cache_compile", "backend": "torchair", "fullgraph": true, "dynamic": false, "torchair_ge_cache": true, "torchair_cache_dir": "/workspace/repos/paddle_ocr_vl_npu/.runtime_cache/12_unirec_0_1b_inference/opendoc_continuous_b32/decode_selfkv256_cross1320_eager_b32", "static_self_kv_len": 256, "static_cross_kv_len": 1320, "self_attention_backend": "eager", "batch_size": 32}}, "pages": [{"page_index": 0, "image": "/workspace/datasets/OmniDocBench/images/PPT_1001115_eng_page_003.png", "crop_count": 6, "layout_s": 1.930396688869223, "wall_s": 26.67065786686726}, {"page_index": 1, "image": "/workspace/datasets/OmniDocBench/images/PPT_1001115_eng_page_005.png", "crop_count": 8, "layout_s": 0.23837004113011062, "wall_s": 23.6265897101257}, {"page_index": 2, "image": "/workspace/datasets/OmniDocBench/images/PPT_1001115_eng_page_011.png", "crop_count": 12, "layout_s": 0.18334378604777157, "wall_s": 24.92390264896676}, {"page_index": 3, "image": "/workspace/datasets/OmniDocBench/images/PPT_1001115_eng_page_015.png", "crop_count": 5, "layout_s": 0.16599118104204535, "wall_s": 23.90051486622542}, {"page_index": 4, "image": "/workspace/datasets/OmniDocBench/images/PPT_11.2013EvaluatingTraineeteacherproficiency_page_010.png", "crop_count": 6, "layout_s": 0.22462468803860247, "wall_s": 23.442443151026964}, {"page_index": 5, "image": "/workspace/datasets/OmniDocBench/images/PPT_11.2013EvaluatingTraineeteacherproficiency_page_029.png", "crop_count": 4, "layout_s": 0.21626736503094435, "wall_s": 16.407046868931502}, {"page_index": 6, "image": "/workspace/datasets/OmniDocBench/images/PPT_13 fallacies LALT2012_page_001.png", "crop_count": 5, "layout_s": 0.313202952966094, "wall_s": 15.59279950009659}, {"page_index": 7, "image": "/workspace/datasets/OmniDocBench/images/PPT_13 fallacies LALT2012_page_009.png", "crop_count": 5, "layout_s": 0.38088484294712543, "wall_s": 28.823197650024667}, {"page_index": 8, "image": "/workspace/datasets/OmniDocBench/images/PPT_13 fallacies LALT2012_page_010.png", "crop_count": 9, "layout_s": 0.2888596300035715, "wall_s": 27.52531353197992}, {"page_index": 9, "image": "/workspace/datasets/OmniDocBench/images/PPT_1637904769_page_001.png", "crop_count": 2, "layout_s": 0.2583953011780977, "wall_s": 26.0031454609707}, {"page_index": 10, "image": "/workspace/datasets/OmniDocBench/images/PPT_1637904769_page_002.png", "crop_count": 5, "layout_s": 0.2892021050211042, "wall_s": 25.27806057804264}, {"page_index": 11, "image": "/workspace/datasets/OmniDocBench/images/PPT_1637904769_page_008.png", "crop_count": 7, "layout_s": 0.2550688360352069, "wall_s": 24.1808698810637}, {"page_index": 12, "image": "/workspace/datasets/OmniDocBench/images/PPT_1637904769_page_017.png", "crop_count": 5, "layout_s": 0.14274495583958924, "wall_s": 23.240272084949538}, {"page_index": 13, "image": "/workspace/datasets/OmniDocBench/images/PPT_8076_MEYER_Chapter_2_-_Language_Change_page_012.png", "crop_count": 3, "layout_s": 0.15169722796417773, "wall_s": 22.80042539886199}, {"page_index": 14, "image": "/workspace/datasets/OmniDocBench/images/PPT_8076_MEYER_Chapter_2_-_Language_Change_page_014.png", "crop_count": 6, "layout_s": 0.2173753639217466, "wall_s": 22.458900023950264}, {"page_index": 15, "image": "/workspace/datasets/OmniDocBench/images/PPT_8076_MEYER_Chapter_2_-_Language_Change_page_017.png", "crop_count": 3, "layout_s": 0.21467527793720365, "wall_s": 21.875271875876933}, {"page_index": 16, "image": "/workspace/datasets/OmniDocBench/images/PPT_8076_MEYER_Chapter_2_-_Language_Change_page_021.png", "crop_count": 4, "layout_s": 0.231420072959736, "wall_s": 21.32944536814466}, {"page_index": 17, "image": "/workspace/datasets/OmniDocBench/images/PPT_B14_Claeys_Consistent Presentation of Images_v2_page_006.png", "crop_count": 3, "layout_s": 0.292336598969996, "wall_s": 20.77186888200231}, {"page_index": 18, "image": "/workspace/datasets/OmniDocBench/images/PPT_B14_Claeys_Consistent Presentation of Images_v2_page_010.png", "crop_count": 4, "layout_s": 0.18099069595336914, "wall_s": 20.6781388099771}, {"page_index": 19, "image": "/workspace/datasets/OmniDocBench/images/PPT_B14_Claeys_Consistent Presentation of Images_v2_page_013.png", "crop_count": 7, "layout_s": 0.34717937116511166, "wall_s": 19.651196835795417}, {"page_index": 20, "image": "/workspace/datasets/OmniDocBench/images/PPT_B14_Claeys_Consistent Presentation of Images_v2_page_024.png", "crop_count": 5, "layout_s": 0.554599876049906, "wall_s": 18.063790017040446}, {"page_index": 21, "image": "/workspace/datasets/OmniDocBench/images/PPT_BaharMartonosi_page_002.png", "crop_count": 5, "layout_s": 0.2865599400829524, "wall_s": 16.383232574909925}, {"page_index": 22, "image": "/workspace/datasets/OmniDocBench/images/PPT_BaharMartonosi_page_005.png", "crop_count": 7, "layout_s": 0.31982527603395283, "wall_s": 15.221512209856883}, {"page_index": 23, "image": "/workspace/datasets/OmniDocBench/images/PPT_BaharMartonosi_page_006.png", "crop_count": 13, "layout_s": 0.33023493201471865, "wall_s": 13.932791757863015}, {"page_index": 24, "image": "/workspace/datasets/OmniDocBench/images/PPT_BaharMartonosi_page_007.png", "crop_count": 6, "layout_s": 0.26137790200300515, "wall_s": 11.872036434011534}, {"page_index": 25, "image": "/workspace/datasets/OmniDocBench/images/PPT_BaharMartonosi_page_008.png", "crop_count": 8, "layout_s": 0.25150088500231504, "wall_s": 10.89843489578925}, {"page_index": 26, "image": "/workspace/datasets/OmniDocBench/images/PPT_BaharMartonosi_page_010.png", "crop_count": 4, "layout_s": 0.17748181684873998, "wall_s": 9.937481404049322}, {"page_index": 27, "image": "/workspace/datasets/OmniDocBench/images/PPT_CalculusReview_page_002.png", "crop_count": 7, "layout_s": 0.18319790391251445, "wall_s": 9.176594312069938}, {"page_index": 28, "image": "/workspace/datasets/OmniDocBench/images/PPT_CalculusReview_page_004.png", "crop_count": 9, "layout_s": 0.4594296889845282, "wall_s": 8.017229528864846}, {"page_index": 29, "image": "/workspace/datasets/OmniDocBench/images/PPT_CalculusReview_page_009.png", "crop_count": 4, "layout_s": 0.3476816900074482, "wall_s": 6.2458172019105405}, {"page_index": 30, "image": "/workspace/datasets/OmniDocBench/images/PPT_CalculusReview_page_014.png", "crop_count": 5, "layout_s": 0.2950641750358045, "wall_s": 5.132739434018731}, {"page_index": 31, "image": "/workspace/datasets/OmniDocBench/images/PPT_CalculusReview_page_033.png", "crop_count": 4, "layout_s": 0.2679478239733726, "wall_s": 4.012575375847518}], "trace_path": "/workspace/repos/paddle_ocr_vl_npu/tmp/12_unirec_0_1b_inference/opendoc_continuous_b32_32p_warm_919a26c/output/recognition_trace.jsonl"}
