UNIREC_VISION_ATLAS_CORPUS stage=2 crops=64 packed=64 overflow=0 packs=5 real_tokens=15344 physical_tokens=61440
UNIREC_VISION_ATLAS_ASSEMBLY {"copies": 64, "median_ms": 3.429579973220825, "samples_ms": [3.3417201042175293, 3.432960033416748, 3.4379000663757324, 3.429579973220825, 3.3487000465393066]}
UNIREC_VISION_ATLAS_REFERENCE_BEGIN
UNIREC_VISION_ATLAS_REFERENCE_END
UNIREC_VISION_ATLAS_BASELINE {"calls": 64, "effective_tokens_per_s": 22145.076995417818, "median_ms": 692.8853759765625, "samples_ms": [694.3646850585938, 692.8853759765625, 692.85400390625, 690.01318359375, 692.905517578125]}
UNIREC_VISION_ATLAS_FIRST_GRAPH_BEGIN {"cache_dir": "/workspace/repos/paddle_ocr_vl_npu/.runtime_cache/12_unirec_0_1b_inference/vision_atlas_lab/stage2_atlas64x192_m16_permutation_float16_srcbe3ed724b79d", "compile_api": "torch_npu.dynamo.torchair.inference.cache_compile", "dynamic": false, "fullgraph": true}
.start compile Ascend C operator AddLayerNorm. kernel name is te_addlayernorm_943a3cad8fa1ebfb52e3c8c1c27b4d9eaec330103a69fce0c0c546bf33595cf1
[2026-08-05 17:54:05] [WARNING] [ascend910b] cube_te In file included from /usr/local/Ascend/cann-9.0.0/opp/built-in/op_impl/ai_core/tbe/impl/ops_nn/dynamic/../ascendc/add_layer_norm/add_layer_norm.cpp:16:
In file included from /usr/local/Ascend/cann-9.0.0/opp/built-in/op_impl/ai_core/tbe/impl/ops_nn/dynamic/../ascendc/add_layer_norm/add_layer_norm_special_kernel.h:19:
In file included from /usr/local/Ascend/cann-9.0.0/opp/built-in/op_impl/ai_core/tbe/impl/ops_nn/dynamic/../ascendc/add_layer_norm/add_layer_norm_base.h:21:
/usr/local/Ascend/cann-9.0.0/aarch64-linux/asc/../tikcpp/tikcfw/impl/dav_c220/kernel_operator_reg_others_impl.h:16:9: warning: impl/basic_api/dav_c220/kernel_operator_reg_others_impl.h is an internal header file and must not be used directly. Functions or variables defined in this file may be removed in the future. Please use "#include "basic_api/kernel_operator_intf.h"" and use public functions or variables defined in interface headers files. [-W#pragma-messages]
#pragma message("impl/basic_api/dav_c220/kernel_operator_reg_others_impl.h is an internal header file and must not be used directly. Functions or variables defined in this file may be removed in the future. Please use \"#include \"basic_api/kernel_operator_intf.h\"\" and use public functions or variables defined in interface headers files.")
        ^
1 warning generated.

[2026-08-05 17:54:06] [WARNING] [ascend910b] vec_te In file included from /usr/local/Ascend/cann-9.0.0/opp/built-in/op_impl/ai_core/tbe/impl/ops_nn/dynamic/../ascendc/add_layer_norm/add_layer_norm.cpp:16:
In file included from /usr/local/Ascend/cann-9.0.0/opp/built-in/op_impl/ai_core/tbe/impl/ops_nn/dynamic/../ascendc/add_layer_norm/add_layer_norm_special_kernel.h:19:
In file included from /usr/local/Ascend/cann-9.0.0/opp/built-in/op_impl/ai_core/tbe/impl/ops_nn/dynamic/../ascendc/add_layer_norm/add_layer_norm_base.h:21:
/usr/local/Ascend/cann-9.0.0/aarch64-linux/asc/../tikcpp/tikcfw/impl/dav_c220/kernel_operator_reg_others_impl.h:16:9: warning: impl/basic_api/dav_c220/kernel_operator_reg_others_impl.h is an internal header file and must not be used directly. Functions or variables defined in this file may be removed in the future. Please use "#include "basic_api/kernel_operator_intf.h"" and use public functions or variables defined in interface headers files. [-W#pragma-messages]
#pragma message("impl/basic_api/dav_c220/kernel_operator_reg_others_impl.h is an internal header file and must not be used directly. Functions or variables defined in this file may be removed in the future. Please use \"#include \"basic_api/kernel_operator_intf.h\"\" and use public functions or variables defined in interface headers files.")
        ^
1 warning generated.

.[2026-08-05 17:54:12] [WARNING] [ascend910b] 0_te In file included from /usr/local/Ascend/cann-9.0.0/opp/built-in/op_impl/ai_core/tbe/impl/ops_nn/dynamic/../ascendc/add_layer_norm/add_layer_norm.cpp:16:
In file included from /usr/local/Ascend/cann-9.0.0/opp/built-in/op_impl/ai_core/tbe/impl/ops_nn/dynamic/../ascendc/add_layer_norm/add_layer_norm_special_kernel.h:19:
In file included from /usr/local/Ascend/cann-9.0.0/opp/built-in/op_impl/ai_core/tbe/impl/ops_nn/dynamic/../ascendc/add_layer_norm/add_layer_norm_base.h:21:
/usr/local/Ascend/cann-9.0.0/aarch64-linux/asc/../tikcpp/tikcfw/impl/dav_c220/kernel_operator_reg_others_impl.h:16:9: warning: impl/basic_api/dav_c220/kernel_operator_reg_others_impl.h is an internal header file and must not be used directly. Functions or variables defined in this file may be removed in the future. Please use "#include "basic_api/kernel_operator_intf.h"" and use public functions or variables defined in interface headers files. [-W#pragma-messages]
#pragma message("impl/basic_api/dav_c220/kernel_operator_reg_others_impl.h is an internal header file and must not be used directly. Functions or variables defined in this file may be removed in the future. Please use \"#include \"basic_api/kernel_operator_intf.h\"\" and use public functions or variables defined in interface headers files.")
        ^
1 warning generated.

[2026-08-05 17:54:17] [WARNING] [ascend910b] 0_te In file included from /usr/local/Ascend/cann-9.0.0/opp/built-in/op_impl/ai_core/tbe/impl/ops_nn/dynamic/../ascendc/add_layer_norm/add_layer_norm.cpp:16:
In file included from /usr/local/Ascend/cann-9.0.0/opp/built-in/op_impl/ai_core/tbe/impl/ops_nn/dynamic/../ascendc/add_layer_norm/add_layer_norm_special_kernel.h:19:
In file included from /usr/local/Ascend/cann-9.0.0/opp/built-in/op_impl/ai_core/tbe/impl/ops_nn/dynamic/../ascendc/add_layer_norm/add_layer_norm_base.h:21:
/usr/local/Ascend/cann-9.0.0/aarch64-linux/asc/../tikcpp/tikcfw/impl/dav_c220/kernel_operator_reg_others_impl.h:16:9: warning: impl/basic_api/dav_c220/kernel_operator_reg_others_impl.h is an internal header file and must not be used directly. Functions or variables defined in this file may be removed in the future. Please use "#include "basic_api/kernel_operator_intf.h"" and use public functions or variables defined in interface headers files. [-W#pragma-messages]
#pragma message("impl/basic_api/dav_c220/kernel_operator_reg_others_impl.h is an internal header file and must not be used directly. Functions or variables defined in this file may be removed in the future. Please use \"#include \"basic_api/kernel_operator_intf.h\"\" and use public functions or variables defined in interface headers files.")
        ^
1 warning generated.

[2026-08-05 17:54:21] [WARNING] [ascend910b] 943a3cad8fa1ebfb52e3c8c1c27b4d9eaec330103a69fce0c0c546bf33595cf1_te In file included from /workspace/repos/paddle_ocr_vl_npu/kernel_meta/kernel_meta_10028715014089372141/kernel_meta/te_addlayernorm_943a3cad8fa1ebfb52e3c8c1c27b4d9eaec330103a69fce0c0c546bf33595cf1_2890903_kernel.cpp:6:
In file included from /usr/local/Ascend/cann-9.0.0/opp/built-in/op_impl/ai_core/tbe/impl/ops_nn/dynamic/../ascendc/add_layer_norm/add_layer_norm.cpp:16:
In file included from /usr/local/Ascend/cann-9.0.0/opp/built-in/op_impl/ai_core/tbe/impl/ops_nn/dynamic/../ascendc/add_layer_norm/add_layer_norm_special_kernel.h:19:
In file included from /usr/local/Ascend/cann-9.0.0/opp/built-in/op_impl/ai_core/tbe/impl/ops_nn/dynamic/../ascendc/add_layer_norm/add_layer_norm_base.h:21:
/usr/local/Ascend/cann-9.0.0/aarch64-linux/asc/../tikcpp/tikcfw/impl/dav_c220/kernel_operator_reg_others_impl.h:16:9: warning: impl/basic_api/dav_c220/kernel_operator_reg_others_impl.h is an internal header file and must not be used directly. Functions or variables defined in this file may be removed in the future. Please use "#include "basic_api/kernel_operator_intf.h"" and use public functions or variables defined in interface headers files. [-W#pragma-messages]
#pragma message("impl/basic_api/dav_c220/kernel_operator_reg_others_impl.h is an internal header file and must not be used directly. Functions or variables defined in this file may be removed in the future. Please use \"#include \"basic_api/kernel_operator_intf.h\"\" and use public functions or variables defined in interface headers files.")
        ^
1 warning generated.

.UNIREC_VISION_ATLAS_FIRST_GRAPH_END {"cache_dir": "/workspace/repos/paddle_ocr_vl_npu/.runtime_cache/12_unirec_0_1b_inference/vision_atlas_lab/stage2_atlas64x192_m16_permutation_float16_srcbe3ed724b79d", "compile_api": "torch_npu.dynamo.torchair.inference.cache_compile", "dynamic": false, "first_call_wall_s": 44.20117644011043, "fullgraph": true}
UNIREC_VISION_ATLAS_LANE {"calls": 5, "combined_speedup_vs_per_crop": 10.04150848411149, "combined_with_separate_crop_assembly_ms": 69.00212025642395, "compile": {"cache_dir": "/workspace/repos/paddle_ocr_vl_npu/.runtime_cache/12_unirec_0_1b_inference/vision_atlas_lab/stage2_atlas64x192_m16_permutation_float16_srcbe3ed724b79d", "compile_api": "torch_npu.dynamo.torchair.inference.cache_compile", "dynamic": false, "first_call_wall_s": 44.20117644011043, "fullgraph": true}, "correctness": {"crops": 64, "mean_of_mean_abs": 0.003129825745418202, "worst_cosine": 0.9999777674674988, "worst_crops": [{"cosine": 0.9999777674674988, "max_abs": 0.625, "mean_abs": 0.0036621044855564833, "relative_l2": 0.006675286632236731, "source_index": 48}, {"cosine": 0.9999873042106628, "max_abs": 0.40625, "mean_abs": 0.004206882789731026, "relative_l2": 0.005277551551146537, "source_index": 63}, {"cosine": 0.9999877214431763, "max_abs": 0.59375, "mean_abs": 0.0048146964982151985, "relative_l2": 0.0052549408352980135, "source_index": 1}, {"cosine": 0.9999926686286926, "max_abs": 0.53125, "mean_abs": 0.003768159309402108, "relative_l2": 0.003865577013271422, "source_index": 54}, {"cosine": 0.9999944567680359, "max_abs": 0.375, "mean_abs": 0.0033104687463492155, "relative_l2": 0.0036037388997611605, "source_index": 25}], "worst_max_abs": 0.625, "worst_relative_l2": 0.006675286632236731}, "effective_tokens_per_s": 234000.39000670644, "execution": "torchair", "fill_fraction": 0.24973958333333332, "median_ms": 65.57254028320312, "physical_tokens": 61440, "physical_tokens_per_s": 936977.578337594, "real_tokens": 15344, "routing": "permutation", "samples_ms": [63.05522155761719, 65.37805938720703, 65.57254028320312, 67.05988311767578, 65.9648208618164], "separate_crop_assembly": {"copies": 64, "median_ms": 3.429579973220825, "samples_ms": [3.3417201042175293, 3.432960033416748, 3.4379000663757324, 3.429579973220825, 3.3487000465393066]}, "speedup_vs_per_crop": 10.566700222136278}
UNIREC_VISION_ATLAS_DONE output=tmp/12_unirec_0_1b_inference/vision_atlas_lab/stage2_routed_torchair_n64_a64x192_80a5490/result.json
