OCR API ready worker_pid=118006; preparing table crops in RAM
Frozen ALL cohort: 665 tables (121 LaTeX, 544 non-LaTeX)
Scheduled 100 Poisson arrivals at 6 QPS; request limit=100; last scheduled arrival at 16.852s; HTTP endpoint=http://127.0.0.1:8767/v1/ocr
Writing each completion to tmp/19_table_ocr_serving/logging_20260913/basic/b8/measured/results/results.jsonl
[   0.025s] SEND #00001 table=page_000287_table_box_id_8 lag=   1.2ms active=1
[   0.338s] SEND #00002 table=page_001367_table_51 lag=   0.4ms active=2
[   0.579s] SEND #00003 table=page_000236_table_box_id_1 lag=   0.9ms active=3
[   0.628s] SEND #00004 table=page_000634_table_11 lag=   0.7ms active=4
[   0.742s] SEND #00005 table=page_000272_table_box_id_1 lag=   0.7ms active=5
[   0.842s] SEND #00006 table=page_001172_table_16 lag=   1.2ms active=6
[   1.018s] SEND #00007 table=page_001137_table_2 lag=   1.4ms active=7
[   1.264s] RECV #00003 table=page_000236_table_box_id_1 request= 0.685s scheduled= 0.686s status=ok active=6
[   1.276s] SEND #00008 table=page_001150_table_box_id_9 lag=   0.9ms active=7
[   1.292s] SEND #00009 table=page_000920_table_8 lag=   0.4ms active=8
[   1.297s] SEND #00010 table=page_000524_table_0 lag=   0.3ms active=9
[   1.486s] RECV #00002 table=page_001367_table_51 request= 1.148s scheduled= 1.149s status=ok active=8
[   1.576s] RECV #00006 table=page_001172_table_16 request= 0.735s scheduled= 0.736s status=ok active=7
[   1.599s] SEND #00011 table=page_000256_table_box_id_8 lag=   1.0ms active=8
[   1.692s] SEND #00012 table=page_001166_table_9 lag=   0.3ms active=9
[   1.799s] RECV #00004 table=page_000634_table_11 request= 1.172s scheduled= 1.172s status=ok active=8
[   1.848s] RECV #00009 table=page_000920_table_8 request= 0.556s scheduled= 0.557s status=ok active=7
[   1.932s] SEND #00013 table=page_000211_table_box_id_3 lag=   0.3ms active=8
[   1.932s] SEND #00014 table=page_000933_table_10 lag=   0.4ms active=9
[   2.031s] SEND #00015 table=page_001129_table_8 lag=   0.6ms active=10
[   2.113s] RECV #00011 table=page_000256_table_box_id_8 request= 0.515s scheduled= 0.516s status=ok active=9
[   2.193s] RECV #00012 table=page_001166_table_9 request= 0.501s scheduled= 0.501s status=ok active=8
[   2.244s] SEND #00016 table=page_001375_table_7 lag=   0.3ms active=9
[   2.287s] RECV #00014 table=page_000933_table_10 request= 0.354s scheduled= 0.355s status=ok active=8
[   2.287s] SEND #00017 table=page_000106_table_box_id_2 lag=   0.5ms active=9
[   2.289s] RECV #00008 table=page_001150_table_box_id_9 request= 1.013s scheduled= 1.014s status=ok active=8
[   2.578s] RECV #00016 table=page_001375_table_7 request= 0.334s scheduled= 0.335s status=ok active=7
[   2.603s] RECV #00007 table=page_001137_table_2 request= 1.585s scheduled= 1.587s status=ok active=6
[   2.771s] SEND #00018 table=page_001134_table_10 lag=   0.8ms active=7
[   2.848s] RECV #00010 table=page_000524_table_0 request= 1.551s scheduled= 1.551s status=ok active=6
[   2.965s] RECV #00013 table=page_000211_table_box_id_3 request= 1.033s scheduled= 1.033s status=ok active=5
[   3.089s] RECV #00017 table=page_000106_table_box_id_2 request= 0.802s scheduled= 0.802s status=ok active=4
[   3.157s] SEND #00019 table=page_000642_table_8 lag=   0.4ms active=5
[   3.163s] SEND #00020 table=page_000564_table_7 lag=   1.0ms active=6
[   3.167s] SEND #00021 table=page_001368_table_box_id_242 lag=   0.5ms active=7
[   3.297s] SEND #00022 table=page_000263_table_box_id_7 lag=   0.2ms active=8
[   3.652s] RECV #00021 table=page_001368_table_box_id_242 request= 0.485s scheduled= 0.486s status=ok active=7
[   3.724s] RECV #00020 table=page_000564_table_7 request= 0.561s scheduled= 0.562s status=ok active=6
[   3.764s] SEND #00023 table=page_000746_table_18 lag=   0.7ms active=7
[   3.820s] RECV #00015 table=page_001129_table_8 request= 1.789s scheduled= 1.790s status=ok active=6
[   3.844s] SEND #00024 table=page_000213_table_box_id_5 lag=   0.7ms active=7
[   3.884s] SEND #00025 table=page_000206_table_box_id_1 lag=   0.3ms active=8
[   3.976s] SEND #00026 table=page_000209_table_box_id_1 lag=   0.9ms active=9
[   3.981s] SEND #00027 table=page_001216_table_2 lag=   0.9ms active=10
[   4.022s] SEND #00028 table=page_000188_table_box_id_6 lag=   0.8ms active=11
[   4.119s] SEND #00029 table=page_000921_table_9 lag=   0.9ms active=12
[   4.233s] SEND #00030 table=page_000533_table_8 lag=   0.9ms active=13
[   4.276s] SEND #00031 table=page_001123_table_14 lag=   0.4ms active=14
[   4.320s] SEND #00032 table=page_001503_table_5 lag=   0.4ms active=15
[   4.361s] SEND #00033 table=page_001197_table_5 lag=   0.2ms active=16
[   4.387s] RECV #00018 table=page_001134_table_10 request= 1.615s scheduled= 1.616s status=ok active=15
[   4.464s] SEND #00034 table=page_000542_table_0 lag=   1.0ms active=16
[   4.491s] RECV #00001 table=page_000287_table_box_id_8 request= 4.466s scheduled= 4.467s status=ok active=15
[   4.521s] SEND #00035 table=page_001130_table_1 lag=   0.2ms active=16
[   4.524s] SEND #00036 table=page_001595_table_box_id_9 lag=   0.2ms active=17
[   4.645s] RECV #00025 table=page_000206_table_box_id_1 request= 0.761s scheduled= 0.761s status=ok active=16
[   4.789s] RECV #00026 table=page_000209_table_box_id_1 request= 0.813s scheduled= 0.814s status=ok active=15
[   4.790s] RECV #00024 table=page_000213_table_box_id_5 request= 0.946s scheduled= 0.947s status=ok active=14
[   4.827s] SEND #00037 table=page_001233_table_6 lag=   0.3ms active=15
[   4.963s] SEND #00038 table=page_000585_table_1 lag=   0.6ms active=16
[   4.990s] RECV #00019 table=page_000642_table_8 request= 1.832s scheduled= 1.833s status=ok active=15
[   5.043s] RECV #00028 table=page_000188_table_box_id_6 request= 1.020s scheduled= 1.021s status=ok active=14
[   5.134s] SEND #00039 table=page_000821_table_box_id_26 lag=   0.3ms active=15
[   5.139s] RECV #00029 table=page_000921_table_9 request= 1.021s scheduled= 1.022s status=ok active=14
[   5.169s] SEND #00040 table=page_000566_table_3 lag=   0.6ms active=15
[   5.206s] RECV #00032 table=page_001503_table_5 request= 0.886s scheduled= 0.886s status=ok active=14
[   5.304s] RECV #00023 table=page_000746_table_18 request= 1.540s scheduled= 1.541s status=ok active=13
[   5.403s] RECV #00030 table=page_000533_table_8 request= 1.171s scheduled= 1.172s status=ok active=12
[   5.457s] RECV #00035 table=page_001130_table_1 request= 0.936s scheduled= 0.937s status=ok active=11
[   5.552s] RECV #00036 table=page_001595_table_box_id_9 request= 1.027s scheduled= 1.027s status=ok active=10
[   5.665s] RECV #00031 table=page_001123_table_14 request= 1.388s scheduled= 1.389s status=ok active=9
[   5.759s] RECV #00039 table=page_000821_table_box_id_26 request= 0.625s scheduled= 0.625s status=ok active=8
[   5.911s] RECV #00027 table=page_001216_table_2 request= 1.930s scheduled= 1.931s status=ok active=7
[   5.986s] SEND #00041 table=page_000534_table_4 lag=   1.0ms active=8
[   6.186s] RECV #00034 table=page_000542_table_0 request= 1.722s scheduled= 1.723s status=ok active=7
[   6.291s] RECV #00037 table=page_001233_table_6 request= 1.464s scheduled= 1.464s status=ok active=6
[   6.313s] SEND #00042 table=page_001141_table_13 lag=   0.5ms active=7
[   6.335s] SEND #00043 table=page_000665_table_3 lag=   0.8ms active=8
[   6.403s] SEND #00044 table=page_001417_table_2 lag=   2.1ms active=9
[   6.411s] RECV #00043 table=page_000665_table_3 request= 0.076s scheduled= 0.077s status=ok active=8
[   6.542s] RECV #00044 table=page_001417_table_2 request= 0.139s scheduled= 0.141s status=ok active=7
[   6.598s] RECV #00038 table=page_000585_table_1 request= 1.635s scheduled= 1.635s status=ok active=6
[   6.614s] SEND #00045 table=page_001117_table_box_id_7 lag=   0.2ms active=7
[   6.725s] RECV #00041 table=page_000534_table_4 request= 0.739s scheduled= 0.740s status=ok active=6
[   6.727s] RECV #00040 table=page_000566_table_3 request= 1.559s scheduled= 1.559s status=ok active=5
[   6.822s] SEND #00046 table=page_001270_table_box_id_1 lag=   0.6ms active=6
[   6.855s] RECV #00045 table=page_001117_table_box_id_7 request= 0.241s scheduled= 0.241s status=ok active=5
[   6.861s] RECV #00033 table=page_001197_table_5 request= 2.500s scheduled= 2.501s status=ok active=4
[   6.998s] RECV #00042 table=page_001141_table_13 request= 0.686s scheduled= 0.686s status=ok active=3
[   7.165s] RECV #00022 table=page_000263_table_box_id_7 request= 3.869s scheduled= 3.869s status=ok active=2
[   7.281s] SEND #00047 table=page_000261_table_box_id_3 lag=   0.6ms active=3
[   7.373s] SEND #00048 table=page_000505_table_1 lag=   1.1ms active=4
[   7.668s] SEND #00049 table=page_000682_table_15 lag=   1.0ms active=5
[   7.850s] RECV #00049 table=page_000682_table_15 request= 0.182s scheduled= 0.183s status=ok active=4
[   7.853s] SEND #00050 table=page_000275_table_box_id_1 lag=   0.7ms active=5
[   7.914s] SEND #00051 table=page_000789_table_34 lag=   1.2ms active=6
[   8.051s] RECV #00051 table=page_000789_table_34 request= 0.138s scheduled= 0.139s status=ok active=5
[   8.062s] SEND #00052 table=page_001177_table_2 lag=   1.7ms active=6
[   8.372s] RECV #00005 table=page_000272_table_box_id_1 request= 7.630s scheduled= 7.631s status=ok active=5
[   8.418s] SEND #00053 table=page_001398_table_box-13qv1ztw lag=   0.7ms active=6
[   8.589s] RECV #00046 table=page_001270_table_box_id_1 request= 1.767s scheduled= 1.768s status=ok active=5
[   8.637s] RECV #00053 table=page_001398_table_box-13qv1ztw request= 0.220s scheduled= 0.220s status=ok active=4
[   8.730s] SEND #00054 table=page_001183_table_11 lag=   0.8ms active=5
[   8.734s] RECV #00052 table=page_001177_table_2 request= 0.672s scheduled= 0.674s status=ok active=4
[   8.767s] RECV #00048 table=page_000505_table_1 request= 1.394s scheduled= 1.395s status=ok active=3
[   8.847s] SEND #00055 table=page_000507_table_0 lag=   0.5ms active=4
[   8.995s] SEND #00056 table=page_000710_table_9 lag=   1.1ms active=5
[   9.001s] SEND #00057 table=page_000657_table_6 lag=   0.9ms active=6
[   9.047s] SEND #00058 table=page_001368_table_box_id_227 lag=   0.2ms active=7
[   9.148s] RECV #00057 table=page_000657_table_6 request= 0.147s scheduled= 0.148s status=ok active=6
[   9.227s] RECV #00056 table=page_000710_table_9 request= 0.231s scheduled= 0.232s status=ok active=5
[   9.248s] RECV #00054 table=page_001183_table_11 request= 0.518s scheduled= 0.519s status=ok active=4
[   9.301s] RECV #00055 table=page_000507_table_0 request= 0.454s scheduled= 0.455s status=ok active=3
[   9.313s] SEND #00059 table=page_001176_table_4 lag=   0.8ms active=4
[   9.402s] SEND #00060 table=page_001181_table_6 lag=   0.6ms active=5
[   9.434s] SEND #00061 table=page_000937_table_0 lag=   0.9ms active=6
[   9.566s] SEND #00062 table=page_001368_table_box_id_237 lag=   0.2ms active=7
[   9.769s] SEND #00063 table=page_000217_table_box_id_0 lag=   0.8ms active=8
[   9.956s] SEND #00064 table=page_001159_table_5 lag=   0.6ms active=9
[  10.001s] RECV #00062 table=page_001368_table_box_id_237 request= 0.435s scheduled= 0.435s status=ok active=8
[  10.035s] SEND #00065 table=page_000626_table_box_id_1 lag=   0.9ms active=9
[  10.078s] RECV #00058 table=page_001368_table_box_id_227 request= 1.032s scheduled= 1.032s status=ok active=8
[  10.094s] RECV #00061 table=page_000937_table_0 request= 0.660s scheduled= 0.661s status=ok active=7
[  10.132s] SEND #00066 table=page_000984_table_2 lag=   1.6ms active=8
[  10.235s] RECV #00047 table=page_000261_table_box_id_3 request= 2.954s scheduled= 2.954s status=ok active=7
[  10.249s] SEND #00067 table=page_001082_table_34 lag=   1.0ms active=8
[  10.259s] RECV #00066 table=page_000984_table_2 request= 0.127s scheduled= 0.129s status=ok active=7
[  10.274s] RECV #00063 table=page_000217_table_box_id_0 request= 0.504s scheduled= 0.505s status=ok active=6
[  10.500s] SEND #00068 table=page_000467_table_17 lag=   0.7ms active=7
[  10.623s] SEND #00069 table=page_000866_table_14 lag=   1.0ms active=8
[  10.706s] SEND #00070 table=page_001227_table_10 lag=   0.6ms active=9
[  10.819s] SEND #00071 table=page_000916_table_7 lag=   1.1ms active=10
[  10.823s] SEND #00072 table=page_000251_table_box_id_7 lag=   0.2ms active=11
[  10.825s] RECV #00064 table=page_001159_table_5 request= 0.869s scheduled= 0.870s status=ok active=10
[  10.831s] SEND #00073 table=page_001131_table_15 lag=   0.4ms active=11
[  11.033s] SEND #00074 table=page_001183_table_12 lag=   0.8ms active=12
[  11.036s] RECV #00069 table=page_000866_table_14 request= 0.412s scheduled= 0.413s status=ok active=11
[  11.174s] RECV #00059 table=page_001176_table_4 request= 1.861s scheduled= 1.862s status=ok active=10
[  11.430s] RECV #00067 table=page_001082_table_34 request= 1.181s scheduled= 1.182s status=ok active=9
[  11.579s] RECV #00071 table=page_000916_table_7 request= 0.760s scheduled= 0.761s status=ok active=8
[  11.714s] SEND #00075 table=page_000266_table_box_id_7 lag=   0.6ms active=9
[  11.726s] RECV #00073 table=page_001131_table_15 request= 0.896s scheduled= 0.896s status=ok active=8
[  11.865s] SEND #00076 table=page_000447_table_12 lag=   1.2ms active=9
[  11.874s] RECV #00060 table=page_001181_table_6 request= 2.472s scheduled= 2.473s status=ok active=8
[  11.948s] SEND #00077 table=page_001193_table_4 lag=   1.1ms active=9
[  11.952s] RECV #00075 table=page_000266_table_box_id_7 request= 0.238s scheduled= 0.239s status=ok active=8
[  11.980s] SEND #00078 table=page_001368_table_box_id_239 lag=   1.7ms active=9
[  12.095s] SEND #00079 table=page_000903_table_15 lag=   1.1ms active=10
[  12.102s] RECV #00072 table=page_000251_table_box_id_7 request= 1.279s scheduled= 1.279s status=ok active=9
[  12.205s] RECV #00074 table=page_001183_table_12 request= 1.172s scheduled= 1.172s status=ok active=8
[  12.250s] RECV #00068 table=page_000467_table_17 request= 1.750s scheduled= 1.751s status=ok active=7
[  12.350s] RECV #00078 table=page_001368_table_box_id_239 request= 0.370s scheduled= 0.372s status=ok active=6
[  12.357s] RECV #00079 table=page_000903_table_15 request= 0.261s scheduled= 0.262s status=ok active=5
[  12.389s] RECV #00076 table=page_000447_table_12 request= 0.524s scheduled= 0.525s status=ok active=4
[  12.434s] RECV #00077 table=page_001193_table_4 request= 0.486s scheduled= 0.487s status=ok active=3
[  12.766s] SEND #00080 table=page_001167_table_2 lag=   1.1ms active=4
[  12.771s] RECV #00070 table=page_001227_table_10 request= 2.065s scheduled= 2.065s status=ok active=3
[  13.012s] SEND #00081 table=page_000212_table_box_id_1 lag=   1.7ms active=4
[  13.036s] RECV #00065 table=page_000626_table_box_id_1 request= 3.002s scheduled= 3.003s status=ok active=3
[  13.141s] SEND #00082 table=page_001147_table_10 lag=   1.9ms active=4
[  13.186s] RECV #00080 table=page_001167_table_2 request= 0.420s scheduled= 0.421s status=ok active=3
[  13.468s] SEND #00083 table=page_000223_table_box_id_2 lag=   1.0ms active=4
[  13.512s] SEND #00084 table=page_000716_table_0 lag=   0.8ms active=5
[  13.633s] SEND #00085 table=page_000937_table_1 lag=   1.4ms active=6
[  13.783s] RECV #00084 table=page_000716_table_0 request= 0.271s scheduled= 0.272s status=ok active=5
[  13.943s] RECV #00085 table=page_000937_table_1 request= 0.310s scheduled= 0.311s status=ok active=4
[  14.140s] SEND #00086 table=page_000465_table_10 lag=   1.0ms active=5
[  14.285s] SEND #00087 table=page_000465_table_8 lag=   2.2ms active=6
[  14.386s] SEND #00088 table=page_001179_table_6 lag=   0.5ms active=7
[  14.414s] RECV #00050 table=page_000275_table_box_id_1 request= 6.561s scheduled= 6.561s status=ok active=6
[  14.439s] SEND #00089 table=page_000554_table_12 lag=   1.0ms active=7
[  14.570s] SEND #00090 table=page_000199_table_box_id_0 lag=   0.4ms active=8
[  14.634s] RECV #00081 table=page_000212_table_box_id_1 request= 1.622s scheduled= 1.624s status=ok active=7
[  14.767s] RECV #00089 table=page_000554_table_12 request= 0.328s scheduled= 0.329s status=ok active=6
[  14.799s] RECV #00086 table=page_000465_table_10 request= 0.659s scheduled= 0.660s status=ok active=5
[  14.913s] RECV #00087 table=page_000465_table_8 request= 0.628s scheduled= 0.630s status=ok active=4
[  15.044s] RECV #00083 table=page_000223_table_box_id_2 request= 1.576s scheduled= 1.577s status=ok active=3
[  15.079s] RECV #00082 table=page_001147_table_10 request= 1.938s scheduled= 1.939s status=ok active=2
[  15.095s] SEND #00091 table=page_000516_table_0 lag=   0.3ms active=3
[  15.096s] SEND #00092 table=page_001214_table_8 lag=   0.1ms active=4
[  15.352s] SEND #00093 table=page_001368_table_box_id_161 lag=   0.9ms active=5
[  15.639s] SEND #00094 table=page_000577_table_3 lag=   1.6ms active=6
[  15.656s] RECV #00092 table=page_001214_table_8 request= 0.561s scheduled= 0.561s status=ok active=5
[  15.879s] RECV #00093 table=page_001368_table_box_id_161 request= 0.527s scheduled= 0.528s status=ok active=4
[  15.975s] RECV #00094 table=page_000577_table_3 request= 0.336s scheduled= 0.338s status=ok active=3
[  16.000s] SEND #00095 table=page_000984_table_3 lag=   1.0ms active=4
[  16.225s] SEND #00096 table=page_001187_table_0 lag=   1.2ms active=5
[  16.462s] RECV #00090 table=page_000199_table_box_id_0 request= 1.891s scheduled= 1.892s status=ok active=4
[  16.501s] SEND #00097 table=page_000821_table_box_id_14 lag=   1.1ms active=5
[  16.545s] RECV #00091 table=page_000516_table_0 request= 1.450s scheduled= 1.450s status=ok active=4
[  16.623s] SEND #00098 table=page_000833_table_4 lag=   1.1ms active=5
[  16.637s] RECV #00097 table=page_000821_table_box_id_14 request= 0.135s scheduled= 0.137s status=ok active=4
[  16.706s] RECV #00095 table=page_000984_table_3 request= 0.705s scheduled= 0.706s status=ok active=3
[  16.760s] SEND #00099 table=page_001375_table_31 lag=   0.6ms active=4
[  16.853s] SEND #00100 table=page_000645_table_7 lag=   1.0ms active=5
[  16.865s] RECV #00088 table=page_001179_table_6 request= 2.479s scheduled= 2.480s status=ok active=4
[  16.911s] RECV #00099 table=page_001375_table_31 request= 0.151s scheduled= 0.152s status=ok active=3
[  17.023s] RECV #00098 table=page_000833_table_4 request= 0.400s scheduled= 0.401s status=ok active=2
[  17.036s] RECV #00100 table=page_000645_table_7 request= 0.183s scheduled= 0.184s status=ok active=1
[  19.002s] RECV #00096 table=page_001187_table_0 request= 2.776s scheduled= 2.778s status=ok active=0
DONE completed=100 failed=0 max_active=17 p50=0.808s p95=2.957s max=7.631s
Summary: tmp/19_table_ocr_serving/logging_20260913/basic/b8/measured/results/summary.json
