DATA_READY {"train_queries": 256, "eval_queries": 32, "checks": {"query_disjoint": true, "document_disjoint": true, "eligible_source_queries": 500}}
Loading weights:   0%|          | 0/310 [00:00<?, ?it/s]Loading weights:  56%|█████▋    | 175/310 [00:00<00:00, 1743.80it/s]Loading weights: 100%|██████████| 310/310 [00:00<00:00, 1918.88it/s]
HF_BASELINE {"queries": 32, "pairs": 128, "correct_orderings": 96, "total_orderings": 96, "ties": 0, "ordering_accuracy": 1.0, "top1_accuracy": 1.0, "mrr": 1.0, "ndcg": 1.0, "tie_policy": "negative_before_positive"}
BASELINE query_first {"queries": 32, "pairs": 128, "correct_orderings": 96, "total_orderings": 96, "ties": 0, "ordering_accuracy": 1.0, "top1_accuracy": 1.0, "mrr": 1.0, "ndcg": 1.0, "tie_policy": "negative_before_positive"}
BASELINE document_first {"queries": 32, "pairs": 128, "correct_orderings": 71, "total_orderings": 96, "ties": 2, "ordering_accuracy": 0.7395833333333334, "top1_accuracy": 0.53125, "mrr": 0.7187499999999999, "ndcg": 0.7899331684733435, "tie_policy": "negative_before_positive"}
/usr/local/python3.12.13/lib/python3.12/site-packages/torch/autograd/__init__.py:230: UserWarning: Cannot create tensor with interal format while allow_internel_format=False, tensor will be created with base format. (Triggered internally at ../torch_npu/csrc/aten/common/TensorFactories.cpp:340.)
  torch.ones_like(out, memory_format=torch.preserve_format)
/usr/local/python3.12.13/lib/python3.12/site-packages/torch_npu/optim/npu_fused_optim_base.py:51: UserWarning: TypedStorage is deprecated. It will be removed in the future and UntypedStorage will be the only storage class. This should only matter to you if you are using storages directly.  To access UntypedStorage directly, use tensor.untyped_storage() instead of tensor.storage()
  param_size = p.storage().size()
UPDATE {"step": 1, "loss": 2.088000774383545, "gradient_norm": 220.5941162109375, "parameter_changed": true, "forward_backward_seconds": 1.861178899999686, "optimizer_seconds": 1.7689543599999524, "total_update_seconds": 4.140363559999969, "pairs": 32, "real_tokens": 4696, "peak_allocated_gib": 16.027838230133057, "peak_reserved_gib": 31.453125}
EVAL 1 {"queries": 32, "pairs": 128, "correct_orderings": 79, "total_orderings": 96, "ties": 1, "ordering_accuracy": 0.8229166666666666, "top1_accuracy": 0.625, "mrr": 0.7916666666666667, "ndcg": 0.8449912780715596, "tie_policy": "negative_before_positive"}
UPDATE {"step": 2, "loss": 0.5191718339920044, "gradient_norm": 52.710174560546875, "parameter_changed": true, "forward_backward_seconds": 1.6162536000001637, "optimizer_seconds": 0.04658484999981738, "total_update_seconds": 1.669941430000108, "pairs": 32, "real_tokens": 5210, "peak_allocated_gib": 20.466423988342285, "peak_reserved_gib": 31.453125}
UPDATE {"step": 3, "loss": 1.676929235458374, "gradient_norm": 172.09706115722656, "parameter_changed": true, "forward_backward_seconds": 1.6126329899998382, "optimizer_seconds": 0.04654934000063804, "total_update_seconds": 1.6662660900001356, "pairs": 32, "real_tokens": 5406, "peak_allocated_gib": 20.466423988342285, "peak_reserved_gib": 31.453125}
UPDATE {"step": 4, "loss": 0.6699687838554382, "gradient_norm": 89.36979675292969, "parameter_changed": true, "forward_backward_seconds": 1.6130846800006111, "optimizer_seconds": 0.04644327999994857, "total_update_seconds": 1.6666059099998165, "pairs": 32, "real_tokens": 4693, "peak_allocated_gib": 20.466423988342285, "peak_reserved_gib": 31.453125}
UPDATE {"step": 5, "loss": 0.46858808398246765, "gradient_norm": 39.83275604248047, "parameter_changed": true, "forward_backward_seconds": 1.6158394100002624, "optimizer_seconds": 0.046597429999565065, "total_update_seconds": 1.6695177000001422, "pairs": 32, "real_tokens": 5030, "peak_allocated_gib": 20.466423988342285, "peak_reserved_gib": 31.453125}
EVAL 5 {"queries": 32, "pairs": 128, "correct_orderings": 95, "total_orderings": 96, "ties": 0, "ordering_accuracy": 0.9895833333333334, "top1_accuracy": 0.96875, "mrr": 0.984375, "ndcg": 0.988466554799108, "tie_policy": "negative_before_positive"}
UPDATE {"step": 6, "loss": 0.2919815182685852, "gradient_norm": 21.45476722717285, "parameter_changed": true, "forward_backward_seconds": 1.6152865399999428, "optimizer_seconds": 0.04656364000038593, "total_update_seconds": 1.6689706199995271, "pairs": 32, "real_tokens": 4936, "peak_allocated_gib": 20.466423988342285, "peak_reserved_gib": 31.453125}
UPDATE {"step": 7, "loss": 0.21283921599388123, "gradient_norm": 17.645626068115234, "parameter_changed": true, "forward_backward_seconds": 1.6157831999998962, "optimizer_seconds": 0.046491709999827435, "total_update_seconds": 1.6693421099998886, "pairs": 32, "real_tokens": 4380, "peak_allocated_gib": 20.466423988342285, "peak_reserved_gib": 31.453125}
UPDATE {"step": 8, "loss": 0.17180754244327545, "gradient_norm": 12.264565467834473, "parameter_changed": true, "forward_backward_seconds": 1.6177209900006346, "optimizer_seconds": 0.04649414000050456, "total_update_seconds": 1.6712016800001948, "pairs": 32, "real_tokens": 5064, "peak_allocated_gib": 20.466423988342285, "peak_reserved_gib": 31.453125}
UPDATE {"step": 9, "loss": 0.22422218322753906, "gradient_norm": 29.431093215942383, "parameter_changed": true, "forward_backward_seconds": 1.6175581600000442, "optimizer_seconds": 0.04654035000021395, "total_update_seconds": 1.6711121000007552, "pairs": 32, "real_tokens": 5174, "peak_allocated_gib": 20.466423988342285, "peak_reserved_gib": 31.453125}
UPDATE {"step": 10, "loss": 0.2264757752418518, "gradient_norm": 23.58941650390625, "parameter_changed": true, "forward_backward_seconds": 1.6198728099998334, "optimizer_seconds": 0.046647870000015246, "total_update_seconds": 1.6735667900002227, "pairs": 32, "real_tokens": 5063, "peak_allocated_gib": 20.466423988342285, "peak_reserved_gib": 31.453125}
EVAL 10 {"queries": 32, "pairs": 128, "correct_orderings": 96, "total_orderings": 96, "ties": 0, "ordering_accuracy": 1.0, "top1_accuracy": 1.0, "mrr": 1.0, "ndcg": 1.0, "tie_policy": "negative_before_positive"}
COMPLETED {"seconds": 59.17722217000028, "updates": 10}
