OCR API ready worker_pid=107231; preparing table crops in RAM
Frozen ALL cohort: 665 tables (121 LaTeX, 544 non-LaTeX)
Scheduled 100 Poisson arrivals at 6 QPS; request limit=100; last scheduled arrival at 16.852s; HTTP endpoint=http://127.0.0.1:8767/v1/ocr
Writing each completion to tmp/19_table_ocr_serving/refactor_poisson100_20260913/b8/measured/results/results.jsonl
[   0.025s] SEND #00001 table=page_000287_table_box_id_8 lag=   1.2ms active=1
[   0.339s] SEND #00002 table=page_001367_table_51 lag=   1.2ms active=2
[   0.580s] SEND #00003 table=page_000236_table_box_id_1 lag=   1.7ms active=3
[   0.627s] SEND #00004 table=page_000634_table_11 lag=   0.3ms active=4
[   0.742s] SEND #00005 table=page_000272_table_box_id_1 lag=   1.0ms active=5
[   0.841s] SEND #00006 table=page_001172_table_16 lag=   0.5ms active=6
[   1.018s] SEND #00007 table=page_001137_table_2 lag=   2.0ms active=7
[   1.276s] SEND #00008 table=page_001150_table_box_id_9 lag=   0.7ms active=8
[   1.280s] RECV #00003 table=page_000236_table_box_id_1 request= 0.701s scheduled= 0.702s status=ok active=7
[   1.292s] SEND #00009 table=page_000920_table_8 lag=   0.2ms active=8
[   1.297s] SEND #00010 table=page_000524_table_0 lag=   0.8ms active=9
[   1.502s] RECV #00002 table=page_001367_table_51 request= 1.163s scheduled= 1.164s status=ok active=8
[   1.598s] SEND #00011 table=page_000256_table_box_id_8 lag=   0.5ms active=9
[   1.606s] RECV #00006 table=page_001172_table_16 request= 0.765s scheduled= 0.765s status=ok active=8
[   1.694s] SEND #00012 table=page_001166_table_9 lag=   2.0ms active=9
[   1.812s] RECV #00009 table=page_000920_table_8 request= 0.520s scheduled= 0.520s status=ok active=8
[   1.865s] RECV #00004 table=page_000634_table_11 request= 1.238s scheduled= 1.238s status=ok active=7
[   1.933s] SEND #00013 table=page_000211_table_box_id_3 lag=   1.9ms active=8
[   1.934s] SEND #00014 table=page_000933_table_10 lag=   1.9ms active=9
[   2.031s] SEND #00015 table=page_001129_table_8 lag=   1.0ms active=10
[   2.123s] RECV #00011 table=page_000256_table_box_id_8 request= 0.525s scheduled= 0.525s status=ok active=9
[   2.215s] RECV #00012 table=page_001166_table_9 request= 0.521s scheduled= 0.523s status=ok active=8
[   2.244s] SEND #00016 table=page_001375_table_7 lag=   0.6ms active=9
[   2.288s] SEND #00017 table=page_000106_table_box_id_2 lag=   1.0ms active=10
[   2.304s] RECV #00008 table=page_001150_table_box_id_9 request= 1.028s scheduled= 1.028s status=ok active=9
[   2.411s] RECV #00014 table=page_000933_table_10 request= 0.477s scheduled= 0.479s status=ok active=8
[   2.608s] RECV #00016 table=page_001375_table_7 request= 0.364s scheduled= 0.364s status=ok active=7
[   2.627s] RECV #00007 table=page_001137_table_2 request= 1.609s scheduled= 1.611s status=ok active=6
[   2.773s] SEND #00018 table=page_001134_table_10 lag=   1.8ms active=7
[   2.943s] RECV #00010 table=page_000524_table_0 request= 1.645s scheduled= 1.646s status=ok active=6
[   2.987s] RECV #00013 table=page_000211_table_box_id_3 request= 1.053s scheduled= 1.055s status=ok active=5
[   3.157s] SEND #00019 table=page_000642_table_8 lag=   0.3ms active=6
[   3.163s] SEND #00020 table=page_000564_table_7 lag=   0.9ms active=7
[   3.167s] SEND #00021 table=page_001368_table_box_id_242 lag=   0.3ms active=8
[   3.178s] RECV #00017 table=page_000106_table_box_id_2 request= 0.891s scheduled= 0.892s status=ok active=7
[   3.298s] SEND #00022 table=page_000263_table_box_id_7 lag=   1.3ms active=8
[   3.656s] RECV #00021 table=page_001368_table_box_id_242 request= 0.489s scheduled= 0.489s status=ok active=7
[   3.728s] RECV #00020 table=page_000564_table_7 request= 0.565s scheduled= 0.566s status=ok active=6
[   3.764s] SEND #00023 table=page_000746_table_18 lag=   0.8ms active=7
[   3.844s] SEND #00024 table=page_000213_table_box_id_5 lag=   0.9ms active=8
[   3.885s] SEND #00025 table=page_000206_table_box_id_1 lag=   1.1ms active=9
[   3.975s] SEND #00026 table=page_000209_table_box_id_1 lag=   0.5ms active=10
[   3.980s] SEND #00027 table=page_001216_table_2 lag=   0.3ms active=11
[   4.017s] RECV #00015 table=page_001129_table_8 request= 1.986s scheduled= 1.987s status=ok active=10
[   4.022s] SEND #00028 table=page_000188_table_box_id_6 lag=   0.3ms active=11
[   4.119s] SEND #00029 table=page_000921_table_9 lag=   0.9ms active=12
[   4.233s] SEND #00030 table=page_000533_table_8 lag=   0.7ms active=13
[   4.276s] SEND #00031 table=page_001123_table_14 lag=   0.2ms active=14
[   4.321s] SEND #00032 table=page_001503_table_5 lag=   1.1ms active=15
[   4.362s] SEND #00033 table=page_001197_table_5 lag=   0.9ms active=16
[   4.376s] RECV #00018 table=page_001134_table_10 request= 1.604s scheduled= 1.606s status=ok active=15
[   4.465s] SEND #00034 table=page_000542_table_0 lag=   1.5ms active=16
[   4.521s] SEND #00035 table=page_001130_table_1 lag=   0.2ms active=17
[   4.525s] SEND #00036 table=page_001595_table_box_id_9 lag=   0.6ms active=18
[   4.553s] RECV #00001 table=page_000287_table_box_id_8 request= 4.528s scheduled= 4.529s status=ok active=17
[   4.665s] RECV #00025 table=page_000206_table_box_id_1 request= 0.781s scheduled= 0.782s status=ok active=16
[   4.785s] RECV #00026 table=page_000209_table_box_id_1 request= 0.810s scheduled= 0.810s status=ok active=15
[   4.828s] SEND #00037 table=page_001233_table_6 lag=   0.5ms active=16
[   4.863s] RECV #00024 table=page_000213_table_box_id_5 request= 1.019s scheduled= 1.020s status=ok active=15
[   4.964s] SEND #00038 table=page_000585_table_1 lag=   1.2ms active=16
[   5.014s] RECV #00019 table=page_000642_table_8 request= 1.857s scheduled= 1.857s status=ok active=15
[   5.069s] RECV #00028 table=page_000188_table_box_id_6 request= 1.047s scheduled= 1.047s status=ok active=14
[   5.134s] SEND #00039 table=page_000821_table_box_id_26 lag=   0.2ms active=15
[   5.141s] RECV #00029 table=page_000921_table_9 request= 1.023s scheduled= 1.024s status=ok active=14
[   5.169s] SEND #00040 table=page_000566_table_3 lag=   0.5ms active=15
[   5.242s] RECV #00032 table=page_001503_table_5 request= 0.921s scheduled= 0.922s status=ok active=14
[   5.330s] RECV #00023 table=page_000746_table_18 request= 1.567s scheduled= 1.567s status=ok active=13
[   5.432s] RECV #00030 table=page_000533_table_8 request= 1.200s scheduled= 1.200s status=ok active=12
[   5.488s] RECV #00035 table=page_001130_table_1 request= 0.967s scheduled= 0.967s status=ok active=11
[   5.583s] RECV #00036 table=page_001595_table_box_id_9 request= 1.058s scheduled= 1.059s status=ok active=10
[   5.702s] RECV #00031 table=page_001123_table_14 request= 1.425s scheduled= 1.426s status=ok active=9
[   5.797s] RECV #00039 table=page_000821_table_box_id_26 request= 0.663s scheduled= 0.663s status=ok active=8
[   5.986s] SEND #00041 table=page_000534_table_4 lag=   1.0ms active=9
[   5.998s] RECV #00027 table=page_001216_table_2 request= 2.018s scheduled= 2.018s status=ok active=8
[   6.229s] RECV #00034 table=page_000542_table_0 request= 1.764s scheduled= 1.766s status=ok active=7
[   6.313s] SEND #00042 table=page_001141_table_13 lag=   0.4ms active=8
[   6.328s] RECV #00037 table=page_001233_table_6 request= 1.500s scheduled= 1.501s status=ok active=7
[   6.334s] SEND #00043 table=page_000665_table_3 lag=   0.8ms active=8
[   6.403s] SEND #00044 table=page_001417_table_2 lag=   2.0ms active=9
[   6.415s] RECV #00043 table=page_000665_table_3 request= 0.080s scheduled= 0.081s status=ok active=8
[   6.546s] RECV #00044 table=page_001417_table_2 request= 0.143s scheduled= 0.145s status=ok active=7
[   6.614s] SEND #00045 table=page_001117_table_box_id_7 lag=   0.2ms active=8
[   6.672s] RECV #00038 table=page_000585_table_1 request= 1.708s scheduled= 1.709s status=ok active=7
[   6.732s] RECV #00041 table=page_000534_table_4 request= 0.747s scheduled= 0.748s status=ok active=6
[   6.775s] RECV #00040 table=page_000566_table_3 request= 1.606s scheduled= 1.606s status=ok active=5
[   6.822s] SEND #00046 table=page_001270_table_box_id_1 lag=   1.0ms active=6
[   6.858s] RECV #00045 table=page_001117_table_box_id_7 request= 0.244s scheduled= 0.244s status=ok active=5
[   6.962s] RECV #00033 table=page_001197_table_5 request= 2.600s scheduled= 2.601s status=ok active=4
[   7.006s] RECV #00042 table=page_001141_table_13 request= 0.694s scheduled= 0.694s status=ok active=3
[   7.213s] RECV #00022 table=page_000263_table_box_id_7 request= 3.915s scheduled= 3.916s status=ok active=2
[   7.282s] SEND #00047 table=page_000261_table_box_id_3 lag=   1.1ms active=3
[   7.373s] SEND #00048 table=page_000505_table_1 lag=   0.8ms active=4
[   7.668s] SEND #00049 table=page_000682_table_15 lag=   0.5ms active=5
[   7.853s] SEND #00050 table=page_000275_table_box_id_1 lag=   0.4ms active=6
[   7.853s] RECV #00049 table=page_000682_table_15 request= 0.186s scheduled= 0.186s status=ok active=5
[   7.914s] SEND #00051 table=page_000789_table_34 lag=   1.5ms active=6
[   8.053s] RECV #00051 table=page_000789_table_34 request= 0.139s scheduled= 0.141s status=ok active=5
[   8.061s] SEND #00052 table=page_001177_table_2 lag=   0.9ms active=6
[   8.418s] SEND #00053 table=page_001398_table_box-13qv1ztw lag=   1.1ms active=7
[   8.512s] RECV #00005 table=page_000272_table_box_id_1 request= 7.770s scheduled= 7.771s status=ok active=6
[   8.609s] RECV #00046 table=page_001270_table_box_id_1 request= 1.787s scheduled= 1.788s status=ok active=5
[   8.643s] RECV #00053 table=page_001398_table_box-13qv1ztw request= 0.225s scheduled= 0.226s status=ok active=4
[   8.729s] SEND #00054 table=page_001183_table_11 lag=   0.6ms active=5
[   8.741s] RECV #00052 table=page_001177_table_2 request= 0.680s scheduled= 0.681s status=ok active=4
[   8.833s] RECV #00048 table=page_000505_table_1 request= 1.460s scheduled= 1.461s status=ok active=3
[   8.847s] SEND #00055 table=page_000507_table_0 lag=   1.1ms active=4
[   8.995s] SEND #00056 table=page_000710_table_9 lag=   0.6ms active=5
[   9.001s] SEND #00057 table=page_000657_table_6 lag=   0.4ms active=6
[   9.047s] SEND #00058 table=page_001368_table_box_id_227 lag=   0.6ms active=7
[   9.144s] RECV #00057 table=page_000657_table_6 request= 0.143s scheduled= 0.144s status=ok active=6
[   9.223s] RECV #00056 table=page_000710_table_9 request= 0.228s scheduled= 0.229s status=ok active=5
[   9.247s] RECV #00054 table=page_001183_table_11 request= 0.518s scheduled= 0.519s status=ok active=4
[   9.302s] RECV #00055 table=page_000507_table_0 request= 0.455s scheduled= 0.456s status=ok active=3
[   9.313s] SEND #00059 table=page_001176_table_4 lag=   0.2ms active=4
[   9.403s] SEND #00060 table=page_001181_table_6 lag=   0.9ms active=5
[   9.434s] SEND #00061 table=page_000937_table_0 lag=   0.2ms active=6
[   9.567s] SEND #00062 table=page_001368_table_box_id_237 lag=   0.6ms active=7
[   9.770s] SEND #00063 table=page_000217_table_box_id_0 lag=   1.1ms active=8
[   9.956s] SEND #00064 table=page_001159_table_5 lag=   0.8ms active=9
[  10.008s] RECV #00062 table=page_001368_table_box_id_237 request= 0.441s scheduled= 0.442s status=ok active=8
[  10.035s] SEND #00065 table=page_000626_table_box_id_1 lag=   1.5ms active=9
[  10.084s] RECV #00058 table=page_001368_table_box_id_227 request= 1.037s scheduled= 1.038s status=ok active=8
[  10.102s] RECV #00061 table=page_000937_table_0 request= 0.669s scheduled= 0.669s status=ok active=7
[  10.131s] SEND #00066 table=page_000984_table_2 lag=   0.6ms active=8
[  10.250s] SEND #00067 table=page_001082_table_34 lag=   1.9ms active=9
[  10.259s] RECV #00047 table=page_000261_table_box_id_3 request= 2.977s scheduled= 2.978s status=ok active=8
[  10.273s] RECV #00066 table=page_000984_table_2 request= 0.142s scheduled= 0.142s status=ok active=7
[  10.282s] RECV #00063 table=page_000217_table_box_id_0 request= 0.513s scheduled= 0.514s status=ok active=6
[  10.501s] SEND #00068 table=page_000467_table_17 lag=   1.2ms active=7
[  10.623s] SEND #00069 table=page_000866_table_14 lag=   0.3ms active=8
[  10.706s] SEND #00070 table=page_001227_table_10 lag=   0.7ms active=9
[  10.818s] SEND #00071 table=page_000916_table_7 lag=   0.4ms active=10
[  10.823s] SEND #00072 table=page_000251_table_box_id_7 lag=   0.5ms active=11
[  10.831s] SEND #00073 table=page_001131_table_15 lag=   0.8ms active=12
[  10.843s] RECV #00064 table=page_001159_table_5 request= 0.887s scheduled= 0.888s status=ok active=11
[  11.033s] SEND #00074 table=page_001183_table_12 lag=   0.5ms active=12
[  11.034s] RECV #00069 table=page_000866_table_14 request= 0.411s scheduled= 0.411s status=ok active=11
[  11.194s] RECV #00059 table=page_001176_table_4 request= 1.881s scheduled= 1.881s status=ok active=10
[  11.447s] RECV #00067 table=page_001082_table_34 request= 1.197s scheduled= 1.199s status=ok active=9
[  11.583s] RECV #00071 table=page_000916_table_7 request= 0.765s scheduled= 0.765s status=ok active=8
[  11.714s] SEND #00075 table=page_000266_table_box_id_7 lag=   0.7ms active=9
[  11.746s] RECV #00073 table=page_001131_table_15 request= 0.915s scheduled= 0.916s status=ok active=8
[  11.864s] SEND #00076 table=page_000447_table_12 lag=   0.3ms active=9
[  11.901s] RECV #00060 table=page_001181_table_6 request= 2.498s scheduled= 2.499s status=ok active=8
[  11.947s] SEND #00077 table=page_001193_table_4 lag=   0.3ms active=9
[  11.970s] RECV #00075 table=page_000266_table_box_id_7 request= 0.256s scheduled= 0.257s status=ok active=8
[  11.979s] SEND #00078 table=page_001368_table_box_id_239 lag=   0.7ms active=9
[  12.095s] SEND #00079 table=page_000903_table_15 lag=   1.1ms active=10
[  12.134s] RECV #00072 table=page_000251_table_box_id_7 request= 1.311s scheduled= 1.311s status=ok active=9
[  12.219s] RECV #00074 table=page_001183_table_12 request= 1.185s scheduled= 1.186s status=ok active=8
[  12.271s] RECV #00068 table=page_000467_table_17 request= 1.771s scheduled= 1.772s status=ok active=7
[  12.371s] RECV #00079 table=page_000903_table_15 request= 0.276s scheduled= 0.277s status=ok active=6
[  12.384s] RECV #00078 table=page_001368_table_box_id_239 request= 0.406s scheduled= 0.406s status=ok active=5
[  12.407s] RECV #00076 table=page_000447_table_12 request= 0.544s scheduled= 0.544s status=ok active=4
[  12.437s] RECV #00077 table=page_001193_table_4 request= 0.489s scheduled= 0.490s status=ok active=3
[  12.765s] SEND #00080 table=page_001167_table_2 lag=   0.8ms active=4
[  12.840s] RECV #00070 table=page_001227_table_10 request= 2.134s scheduled= 2.134s status=ok active=3
[  13.011s] SEND #00081 table=page_000212_table_box_id_1 lag=   0.9ms active=4
[  13.082s] RECV #00065 table=page_000626_table_box_id_1 request= 3.046s scheduled= 3.048s status=ok active=3
[  13.140s] SEND #00082 table=page_001147_table_10 lag=   0.5ms active=4
[  13.190s] RECV #00080 table=page_001167_table_2 request= 0.425s scheduled= 0.426s status=ok active=3
[  13.468s] SEND #00083 table=page_000223_table_box_id_2 lag=   0.8ms active=4
[  13.512s] SEND #00084 table=page_000716_table_0 lag=   0.5ms active=5
[  13.633s] SEND #00085 table=page_000937_table_1 lag=   1.1ms active=6
[  13.787s] RECV #00084 table=page_000716_table_0 request= 0.275s scheduled= 0.275s status=ok active=5
[  13.950s] RECV #00085 table=page_000937_table_1 request= 0.317s scheduled= 0.319s status=ok active=4
[  14.139s] SEND #00086 table=page_000465_table_10 lag=   0.3ms active=5
[  14.284s] SEND #00087 table=page_000465_table_8 lag=   1.5ms active=6
[  14.386s] SEND #00088 table=page_001179_table_6 lag=   0.9ms active=7
[  14.438s] SEND #00089 table=page_000554_table_12 lag=   0.4ms active=8
[  14.571s] SEND #00090 table=page_000199_table_box_id_0 lag=   0.8ms active=9
[  14.584s] RECV #00050 table=page_000275_table_box_id_1 request= 6.732s scheduled= 6.732s status=ok active=8
[  14.735s] RECV #00081 table=page_000212_table_box_id_1 request= 1.724s scheduled= 1.725s status=ok active=7
[  14.785s] RECV #00089 table=page_000554_table_12 request= 0.347s scheduled= 0.347s status=ok active=6
[  14.828s] RECV #00086 table=page_000465_table_10 request= 0.689s scheduled= 0.689s status=ok active=5
[  14.928s] RECV #00087 table=page_000465_table_8 request= 0.644s scheduled= 0.645s status=ok active=4
[  15.067s] RECV #00083 table=page_000223_table_box_id_2 request= 1.599s scheduled= 1.600s status=ok active=3
[  15.096s] SEND #00091 table=page_000516_table_0 lag=   0.9ms active=4
[  15.096s] SEND #00092 table=page_001214_table_8 lag=   0.5ms active=5
[  15.110s] RECV #00082 table=page_001147_table_10 request= 1.970s scheduled= 1.971s status=ok active=4
[  15.352s] SEND #00093 table=page_001368_table_box_id_161 lag=   0.8ms active=5
[  15.639s] SEND #00094 table=page_000577_table_3 lag=   1.5ms active=6
[  15.643s] RECV #00092 table=page_001214_table_8 request= 0.547s scheduled= 0.547s status=ok active=5
[  15.888s] RECV #00093 table=page_001368_table_box_id_161 request= 0.536s scheduled= 0.537s status=ok active=4
[  15.979s] RECV #00094 table=page_000577_table_3 request= 0.340s scheduled= 0.341s status=ok active=3
[  16.000s] SEND #00095 table=page_000984_table_3 lag=   0.7ms active=4
[  16.225s] SEND #00096 table=page_001187_table_0 lag=   0.8ms active=5
[  16.485s] RECV #00090 table=page_000199_table_box_id_0 request= 1.915s scheduled= 1.915s status=ok active=4
[  16.501s] SEND #00097 table=page_000821_table_box_id_14 lag=   0.7ms active=5
[  16.518s] RECV #00091 table=page_000516_table_0 request= 1.422s scheduled= 1.423s status=ok active=4
[  16.624s] SEND #00098 table=page_000833_table_4 lag=   1.5ms active=5
[  16.640s] RECV #00097 table=page_000821_table_box_id_14 request= 0.139s scheduled= 0.140s status=ok active=4
[  16.719s] RECV #00095 table=page_000984_table_3 request= 0.719s scheduled= 0.720s status=ok active=3
[  16.760s] SEND #00099 table=page_001375_table_31 lag=   0.5ms active=4
[  16.853s] SEND #00100 table=page_000645_table_7 lag=   0.9ms active=5
[  16.914s] RECV #00099 table=page_001375_table_31 request= 0.154s scheduled= 0.154s status=ok active=4
[  16.934s] RECV #00088 table=page_001179_table_6 request= 2.548s scheduled= 2.549s status=ok active=3
[  17.027s] RECV #00098 table=page_000833_table_4 request= 0.404s scheduled= 0.405s status=ok active=2
[  17.039s] RECV #00100 table=page_000645_table_7 request= 0.186s scheduled= 0.187s status=ok active=1
[  19.016s] RECV #00096 table=page_001187_table_0 request= 2.791s scheduled= 2.792s status=ok active=0
DONE completed=100 failed=0 max_active=18 p50=0.849s p95=2.982s max=7.771s
Summary: tmp/19_table_ocr_serving/refactor_poisson100_20260913/b8/measured/results/summary.json
