b8-kornia API ready worker_pid=95303; preloading 100 distinct crops for 100 requests
b8-kornia crops preloaded 50/100
b8-kornia crops preloaded 100/100
b8-kornia payloads ready bytes=34840674
SEND b8-kornia 01/100 table=page_000287_table_box_id_8 active=1
SEND b8-kornia 02/100 table=page_001367_table_51 active=2
SEND b8-kornia 03/100 table=page_000236_table_box_id_1 active=3
SEND b8-kornia 04/100 table=page_000634_table_11 active=4
SEND b8-kornia 05/100 table=page_000272_table_box_id_1 active=5
SEND b8-kornia 06/100 table=page_001172_table_16 active=6
SEND b8-kornia 07/100 table=page_001137_table_2 active=7
SEND b8-kornia 08/100 table=page_001150_table_box_id_9 active=8
RECV b8-kornia 03/100 rank=324 id=page_000236_table_box_id_1 latency=0.9064s status=ok active=7
SEND b8-kornia 09/100 table=page_000920_table_8 active=8
RECV b8-kornia 06/100 rank=337 id=page_001172_table_16 latency=0.9240s status=ok active=7
SEND b8-kornia 10/100 table=page_000524_table_0 active=8
RECV b8-kornia 08/100 rank=255 id=page_001150_table_box_id_9 latency=1.2434s status=ok active=7
SEND b8-kornia 11/100 table=page_000256_table_box_id_8 active=8
RECV b8-kornia 04/100 rank=225 id=page_000634_table_11 latency=1.3788s status=ok active=7
SEND b8-kornia 12/100 table=page_001166_table_9 active=8
RECV b8-kornia 02/100 rank=65 id=page_001367_table_51 latency=1.5017s status=ok active=7
SEND b8-kornia 13/100 table=page_000211_table_box_id_3 active=8
RECV b8-kornia 09/100 rank=368 id=page_000920_table_8 latency=0.6001s status=ok active=7
SEND b8-kornia 14/100 table=page_000933_table_10 active=8
RECV b8-kornia 12/100 rank=436 id=page_001166_table_9 latency=0.4692s status=ok active=7
SEND b8-kornia 15/100 table=page_001129_table_8 active=8
RECV b8-kornia 14/100 rank=504 id=page_000933_table_10 latency=0.3817s status=ok active=7
SEND b8-kornia 16/100 table=page_001375_table_7 active=8
RECV b8-kornia 11/100 rank=336 id=page_000256_table_box_id_8 latency=0.6600s status=ok active=7
SEND b8-kornia 17/100 table=page_000106_table_box_id_2 active=8
RECV b8-kornia 07/100 rank=151 id=page_001137_table_2 latency=2.1198s status=ok active=7
SEND b8-kornia 18/100 table=page_001134_table_10 active=8
RECV b8-kornia 16/100 rank=458 id=page_001375_table_7 latency=0.4835s status=ok active=7
SEND b8-kornia 19/100 table=page_000642_table_8 active=8
RECV b8-kornia 13/100 rank=201 id=page_000211_table_box_id_3 latency=1.1513s status=ok active=7
SEND b8-kornia 20/100 table=page_000564_table_7 active=8
RECV b8-kornia 10/100 rank=140 id=page_000524_table_0 latency=1.7436s status=ok active=7
SEND b8-kornia 21/100 table=page_001368_table_box_id_242 active=8
RECV b8-kornia 17/100 rank=208 id=page_000106_table_box_id_2 latency=1.1138s status=ok active=7
SEND b8-kornia 22/100 table=page_000263_table_box_id_7 active=8
RECV b8-kornia 21/100 rank=497 id=page_001368_table_box_id_242 latency=0.3781s status=ok active=7
SEND b8-kornia 23/100 table=page_000746_table_18 active=8
RECV b8-kornia 20/100 rank=334 id=page_000564_table_7 latency=0.5572s status=ok active=7
SEND b8-kornia 24/100 table=page_000213_table_box_id_5 active=8
RECV b8-kornia 18/100 rank=134 id=page_001134_table_10 latency=1.5923s status=ok active=7
SEND b8-kornia 25/100 table=page_000206_table_box_id_1 active=8
RECV b8-kornia 15/100 rank=107 id=page_001129_table_8 latency=1.9723s status=ok active=7
SEND b8-kornia 26/100 table=page_000209_table_box_id_1 active=8
RECV b8-kornia 19/100 rank=128 id=page_000642_table_8 latency=1.6261s status=ok active=7
SEND b8-kornia 27/100 table=page_001216_table_2 active=8
RECV b8-kornia 24/100 rank=215 id=page_000213_table_box_id_5 latency=0.9138s status=ok active=7
SEND b8-kornia 28/100 table=page_000188_table_box_id_6 active=8
RECV b8-kornia 26/100 rank=432 id=page_000209_table_box_id_1 latency=0.3926s status=ok active=7
SEND b8-kornia 29/100 table=page_000921_table_9 active=8
RECV b8-kornia 23/100 rank=161 id=page_000746_table_18 latency=1.2298s status=ok active=7
SEND b8-kornia 30/100 table=page_000533_table_8 active=8
RECV b8-kornia 25/100 rank=309 id=page_000206_table_box_id_1 latency=0.6743s status=ok active=7
SEND b8-kornia 31/100 table=page_001123_table_14 active=8
RECV b8-kornia 29/100 rank=460 id=page_000921_table_9 latency=0.5918s status=ok active=7
SEND b8-kornia 32/100 table=page_001503_table_5 active=8
RECV b8-kornia 28/100 rank=240 id=page_000188_table_box_id_6 latency=0.7151s status=ok active=7
SEND b8-kornia 33/100 table=page_001197_table_5 active=8
RECV b8-kornia 32/100 rank=526 id=page_001503_table_5 latency=0.2173s status=ok active=7
SEND b8-kornia 34/100 table=page_000542_table_0 active=8
RECV b8-kornia 30/100 rank=399 id=page_000533_table_8 latency=0.7650s status=ok active=7
SEND b8-kornia 35/100 table=page_001130_table_1 active=8
RECV b8-kornia 31/100 rank=413 id=page_001123_table_14 latency=0.6810s status=ok active=7
SEND b8-kornia 36/100 table=page_001595_table_box_id_9 active=8
RECV b8-kornia 01/100 rank=24 id=page_000287_table_box_id_8 latency=5.2721s status=ok active=7
SEND b8-kornia 37/100 table=page_001233_table_6 active=8
RECV b8-kornia 36/100 rank=561 id=page_001595_table_box_id_9 latency=0.2451s status=ok active=7
SEND b8-kornia 38/100 table=page_000585_table_1 active=8
RECV b8-kornia 35/100 rank=572 id=page_001130_table_1 latency=0.3245s status=ok active=7
SEND b8-kornia 39/100 table=page_000821_table_box_id_26 active=8
RECV b8-kornia 27/100 rank=186 id=page_001216_table_2 latency=1.4218s status=ok active=7
SEND b8-kornia 40/100 table=page_000566_table_3 active=8
RECV b8-kornia 39/100 rank=617 id=page_000821_table_box_id_26 latency=0.3698s status=ok active=7
SEND b8-kornia 41/100 table=page_000534_table_4 active=8
RECV b8-kornia 34/100 rank=219 id=page_000542_table_0 latency=1.1274s status=ok active=7
SEND b8-kornia 42/100 table=page_001141_table_13 active=8
RECV b8-kornia 37/100 rank=241 id=page_001233_table_6 latency=0.9797s status=ok active=7
SEND b8-kornia 43/100 table=page_000665_table_3 active=8
RECV b8-kornia 43/100 rank=662 id=page_000665_table_3 latency=0.0509s status=ok active=7
SEND b8-kornia 44/100 table=page_001417_table_2 active=8
RECV b8-kornia 44/100 rank=587 id=page_001417_table_2 latency=0.1452s status=ok active=7
SEND b8-kornia 45/100 table=page_001117_table_box_id_7 active=8
RECV b8-kornia 41/100 rank=221 id=page_000534_table_4 latency=0.7993s status=ok active=7
SEND b8-kornia 46/100 table=page_001270_table_box_id_1 active=8
RECV b8-kornia 40/100 rank=167 id=page_000566_table_3 latency=1.1791s status=ok active=7
SEND b8-kornia 47/100 table=page_000261_table_box_id_3 active=8
RECV b8-kornia 38/100 rank=159 id=page_000585_table_1 latency=1.3921s status=ok active=7
SEND b8-kornia 48/100 table=page_000505_table_1 active=8
RECV b8-kornia 45/100 rank=483 id=page_001117_table_box_id_7 latency=0.5130s status=ok active=7
SEND b8-kornia 49/100 table=page_000682_table_15 active=8
RECV b8-kornia 33/100 rank=118 id=page_001197_table_5 latency=2.2357s status=ok active=7
SEND b8-kornia 50/100 table=page_000275_table_box_id_1 active=8
RECV b8-kornia 42/100 rank=280 id=page_001141_table_13 latency=0.9726s status=ok active=7
SEND b8-kornia 51/100 table=page_000789_table_34 active=8
RECV b8-kornia 49/100 rank=507 id=page_000682_table_15 latency=0.3172s status=ok active=7
SEND b8-kornia 52/100 table=page_001177_table_2 active=8
RECV b8-kornia 51/100 rank=639 id=page_000789_table_34 latency=0.1891s status=ok active=7
SEND b8-kornia 53/100 table=page_001398_table_box-13qv1ztw active=8
RECV b8-kornia 22/100 rank=31 id=page_000263_table_box_id_7 latency=4.4774s status=ok active=7
SEND b8-kornia 54/100 table=page_001183_table_11 active=8
RECV b8-kornia 53/100 rank=511 id=page_001398_table_box-13qv1ztw latency=0.3523s status=ok active=7
SEND b8-kornia 55/100 table=page_000507_table_0 active=8
RECV b8-kornia 54/100 rank=395 id=page_001183_table_11 latency=0.4429s status=ok active=7
SEND b8-kornia 56/100 table=page_000710_table_9 active=8
RECV b8-kornia 55/100 rank=396 id=page_000507_table_0 latency=0.4358s status=ok active=7
SEND b8-kornia 57/100 table=page_000657_table_6 active=8
RECV b8-kornia 57/100 rank=659 id=page_000657_table_6 latency=0.0498s status=ok active=7
SEND b8-kornia 58/100 table=page_001368_table_box_id_227 active=8
RECV b8-kornia 56/100 rank=514 id=page_000710_table_9 latency=0.2310s status=ok active=7
SEND b8-kornia 59/100 table=page_001176_table_4 active=8
RECV b8-kornia 52/100 rank=229 id=page_001177_table_2 latency=0.9560s status=ok active=7
SEND b8-kornia 60/100 table=page_001181_table_6 active=8
RECV b8-kornia 48/100 rank=121 id=page_000505_table_1 latency=1.8976s status=ok active=7
SEND b8-kornia 61/100 table=page_000937_table_0 active=8
RECV b8-kornia 05/100 rank=09 id=page_000272_table_box_id_1 latency=8.7980s status=ok active=7
SEND b8-kornia 62/100 table=page_001368_table_box_id_237 active=8
RECV b8-kornia 46/100 rank=95 id=page_001270_table_box_id_1 latency=2.4139s status=ok active=7
SEND b8-kornia 63/100 table=page_000217_table_box_id_0 active=8
RECV b8-kornia 58/100 rank=264 id=page_001368_table_box_id_227 latency=1.0038s status=ok active=7
SEND b8-kornia 64/100 table=page_001159_table_5 active=8
RECV b8-kornia 61/100 rank=350 id=page_000937_table_0 latency=0.5545s status=ok active=7
SEND b8-kornia 65/100 table=page_000626_table_box_id_1 active=8
RECV b8-kornia 62/100 rank=468 id=page_001368_table_box_id_237 latency=0.3759s status=ok active=7
SEND b8-kornia 66/100 table=page_000984_table_2 active=8
RECV b8-kornia 66/100 rank=625 id=page_000984_table_2 latency=0.3024s status=ok active=7
SEND b8-kornia 67/100 table=page_001082_table_34 active=8
RECV b8-kornia 63/100 rank=391 id=page_000217_table_box_id_0 latency=0.5920s status=ok active=7
SEND b8-kornia 68/100 table=page_000467_table_17 active=8
RECV b8-kornia 47/100 rank=54 id=page_000261_table_box_id_3 latency=3.3423s status=ok active=7
SEND b8-kornia 69/100 table=page_000866_table_14 active=8
RECV b8-kornia 59/100 rank=122 id=page_001176_table_4 latency=1.9137s status=ok active=7
SEND b8-kornia 70/100 table=page_001227_table_10 active=8
RECV b8-kornia 64/100 rank=224 id=page_001159_table_5 latency=0.9680s status=ok active=7
SEND b8-kornia 71/100 table=page_000916_table_7 active=8
RECV b8-kornia 69/100 rank=419 id=page_000866_table_14 latency=0.5210s status=ok active=7
SEND b8-kornia 72/100 table=page_000251_table_box_id_7 active=8
RECV b8-kornia 67/100 rank=171 id=page_001082_table_34 latency=1.2716s status=ok active=7
SEND b8-kornia 73/100 table=page_001131_table_15 active=8
RECV b8-kornia 71/100 rank=265 id=page_000916_table_7 latency=0.6561s status=ok active=7
SEND b8-kornia 74/100 table=page_001183_table_12 active=8
RECV b8-kornia 60/100 rank=72 id=page_001181_table_6 latency=2.6046s status=ok active=7
SEND b8-kornia 75/100 table=page_000266_table_box_id_7 active=8
RECV b8-kornia 75/100 rank=509 id=page_000266_table_box_id_7 latency=0.2709s status=ok active=7
SEND b8-kornia 76/100 table=page_000447_table_12 active=8
RECV b8-kornia 73/100 rank=469 id=page_001131_table_15 latency=0.3822s status=ok active=7
SEND b8-kornia 77/100 table=page_001193_table_4 active=8
RECV b8-kornia 68/100 rank=120 id=page_000467_table_17 latency=1.8706s status=ok active=7
SEND b8-kornia 78/100 table=page_001368_table_box_id_239 active=8
RECV b8-kornia 74/100 rank=285 id=page_001183_table_12 latency=0.7424s status=ok active=7
SEND b8-kornia 79/100 table=page_000903_table_15 active=8
RECV b8-kornia 72/100 rank=184 id=page_000251_table_box_id_7 latency=1.0863s status=ok active=7
SEND b8-kornia 80/100 table=page_001167_table_2 active=8
RECV b8-kornia 77/100 rank=342 id=page_001193_table_4 latency=0.5759s status=ok active=7
SEND b8-kornia 81/100 table=page_000212_table_box_id_1 active=8
RECV b8-kornia 76/100 rank=371 id=page_000447_table_12 latency=0.6105s status=ok active=7
SEND b8-kornia 82/100 table=page_001147_table_10 active=8
RECV b8-kornia 78/100 rank=512 id=page_001368_table_box_id_239 latency=0.3226s status=ok active=7
SEND b8-kornia 83/100 table=page_000223_table_box_id_2 active=8
RECV b8-kornia 79/100 rank=522 id=page_000903_table_15 latency=0.2632s status=ok active=7
SEND b8-kornia 84/100 table=page_000716_table_0 active=8
RECV b8-kornia 84/100 rank=588 id=page_000716_table_0 latency=0.3779s status=ok active=7
SEND b8-kornia 85/100 table=page_000937_table_1 active=8
RECV b8-kornia 80/100 rank=422 id=page_001167_table_2 latency=0.6587s status=ok active=7
SEND b8-kornia 86/100 table=page_000465_table_10 active=8
RECV b8-kornia 85/100 rank=415 id=page_000937_table_1 latency=0.3928s status=ok active=7
SEND b8-kornia 87/100 table=page_000465_table_8 active=8
RECV b8-kornia 70/100 rank=75 id=page_001227_table_10 latency=2.5896s status=ok active=7
SEND b8-kornia 88/100 table=page_001179_table_6 active=8
RECV b8-kornia 86/100 rank=339 id=page_000465_table_10 latency=0.6656s status=ok active=7
SEND b8-kornia 89/100 table=page_000554_table_12 active=8
RECV b8-kornia 65/100 rank=44 id=page_000626_table_box_id_1 latency=3.8094s status=ok active=7
SEND b8-kornia 90/100 table=page_000199_table_box_id_0 active=8
RECV b8-kornia 89/100 rank=538 id=page_000554_table_12 latency=0.2045s status=ok active=7
SEND b8-kornia 91/100 table=page_000516_table_0 active=8
RECV b8-kornia 87/100 rank=331 id=page_000465_table_8 latency=0.7725s status=ok active=7
SEND b8-kornia 92/100 table=page_001214_table_8 active=8
RECV b8-kornia 81/100 rank=113 id=page_000212_table_box_id_1 latency=1.9312s status=ok active=7
SEND b8-kornia 93/100 table=page_001368_table_box_id_161 active=8
RECV b8-kornia 83/100 rank=114 id=page_000223_table_box_id_2 latency=1.9905s status=ok active=7
SEND b8-kornia 94/100 table=page_000577_table_3 active=8
RECV b8-kornia 92/100 rank=359 id=page_001214_table_8 latency=0.5730s status=ok active=7
SEND b8-kornia 95/100 table=page_000984_table_3 active=8
RECV b8-kornia 94/100 rank=382 id=page_000577_table_3 latency=0.4573s status=ok active=7
SEND b8-kornia 96/100 table=page_001187_table_0 active=8
RECV b8-kornia 82/100 rank=90 id=page_001147_table_10 latency=2.4695s status=ok active=7
SEND b8-kornia 97/100 table=page_000821_table_box_id_14 active=8
RECV b8-kornia 93/100 rank=332 id=page_001368_table_box_id_161 latency=0.7639s status=ok active=7
SEND b8-kornia 98/100 table=page_000833_table_4 active=8
RECV b8-kornia 97/100 rank=585 id=page_000821_table_box_id_14 latency=0.3137s status=ok active=7
SEND b8-kornia 99/100 table=page_001375_table_31 active=8
RECV b8-kornia 99/100 rank=631 id=page_001375_table_31 latency=0.1866s status=ok active=7
SEND b8-kornia 100/100 table=page_000645_table_7 active=8
RECV b8-kornia 95/100 rank=238 id=page_000984_table_3 latency=0.8949s status=ok active=7
RECV b8-kornia 91/100 rank=125 id=page_000516_table_0 latency=1.7572s status=ok active=6
RECV b8-kornia 98/100 rank=352 id=page_000833_table_4 latency=0.4383s status=ok active=5
RECV b8-kornia 50/100 rank=12 id=page_000275_table_box_id_1 latency=7.7844s status=ok active=4
RECV b8-kornia 100/100 rank=533 id=page_000645_table_7 latency=0.2027s status=ok active=3
RECV b8-kornia 90/100 rank=80 id=page_000199_table_box_id_0 latency=2.1764s status=ok active=2
RECV b8-kornia 88/100 rank=61 id=page_001179_table_6 latency=2.6605s status=ok active=1
RECV b8-kornia 96/100 rank=28 id=page_001187_table_0 latency=2.8624s status=ok active=0
DONE b8-kornia requests=100 failures=0 max_in_flight=8 wall=17.0518s qps=5.8645 p50=0.7531s p95=3.3657s max=8.7980s
