[npu] set torch.npu compile mode: jit_compile=False
[npu] patched torch.nn.functional.conv3d -> torch_npu.npu_conv3d
MINERU_DECODE_LAB {"event": "model_load_begin", "model": "/workspace/models/MinerU2.5-Pro-2605-1.2B"}
MINERU_DECODE_LAB {"event": "model_load_end", "seconds": 18.725587405031547}
MINERU_DECODE_LAB {"attention": "increfa", "event": "lane_begin"}
MINERU_DECODE_LAB {"attention": "increfa", "event": "first_call_begin"}
.MINERU_DECODE_LAB {"attention": "increfa", "event": "first_call_end", "seconds": 17.8426588580478}
MINERU_DECODE_LAB {"attention": "increfa", "event": "lane_end", "raw_tok_s": 2520.897030357238}
{
  "schema_version": 1,
  "kind": "mineru_text_decode_lab",
  "scope": "warmed full 24-layer one-token static decode; prefill excluded",
  "model": "/workspace/models/MinerU2.5-Pro-2605-1.2B",
  "device": "npu:0",
  "dtype": "torch.float16",
  "shape": {
    "batch_size": 8,
    "cache_length": 4096,
    "initial_cache_position": 2048
  },
  "model_load_s": 18.725587405031547,
  "packed_projections": {
    "enabled": true,
    "layer_count": 24,
    "created_qkv": 24,
    "created_gate_up": 24
  },
  "weight_format": {
    "requested_mode": "decode_nz",
    "effective_mode": "decode_nz",
    "target_format": "FRACTAL_NZ",
    "target_format_id": 29,
    "decoder_linear_count": 96,
    "converted_decoder_linear_count": 96,
    "already_nz_decoder_linear_count": 0,
    "lm_head_copy": {
      "source": "model.embed_tokens.weight",
      "reason": "tied LM head needs NZ matmul weight, but embedding lookup must keep the original ND table",
      "source_format_before": 2,
      "copy_format_after": 29,
      "copy_is_target_format": true,
      "shape": [
        151936,
        896
      ],
      "dtype": "torch.float16",
      "device": "npu:0"
    },
    "skipped_reason": null,
    "packed_decode_projections": true,
    "converted_decoder_linear_names": [
      "model.layers.0.self_attn.decode_qkv_proj",
      "model.layers.0.self_attn.o_proj",
      "model.layers.0.mlp.decode_gate_up_proj",
      "model.layers.0.mlp.down_proj",
      "model.layers.1.self_attn.decode_qkv_proj",
      "model.layers.1.self_attn.o_proj",
      "model.layers.1.mlp.decode_gate_up_proj",
      "model.layers.1.mlp.down_proj",
      "model.layers.2.self_attn.decode_qkv_proj",
      "model.layers.2.self_attn.o_proj",
      "model.layers.2.mlp.decode_gate_up_proj",
      "model.layers.2.mlp.down_proj",
      "model.layers.3.self_attn.decode_qkv_proj",
      "model.layers.3.self_attn.o_proj",
      "model.layers.3.mlp.decode_gate_up_proj",
      "model.layers.3.mlp.down_proj",
      "model.layers.4.self_attn.decode_qkv_proj",
      "model.layers.4.self_attn.o_proj",
      "model.layers.4.mlp.decode_gate_up_proj",
      "model.layers.4.mlp.down_proj",
      "model.layers.5.self_attn.decode_qkv_proj",
      "model.layers.5.self_attn.o_proj",
      "model.layers.5.mlp.decode_gate_up_proj",
      "model.layers.5.mlp.down_proj",
      "model.layers.6.self_attn.decode_qkv_proj",
      "model.layers.6.self_attn.o_proj",
      "model.layers.6.mlp.decode_gate_up_proj",
      "model.layers.6.mlp.down_proj",
      "model.layers.7.self_attn.decode_qkv_proj",
      "model.layers.7.self_attn.o_proj",
      "model.layers.7.mlp.decode_gate_up_proj",
      "model.layers.7.mlp.down_proj",
      "model.layers.8.self_attn.decode_qkv_proj",
      "model.layers.8.self_attn.o_proj",
      "model.layers.8.mlp.decode_gate_up_proj",
      "model.layers.8.mlp.down_proj",
      "model.layers.9.self_attn.decode_qkv_proj",
      "model.layers.9.self_attn.o_proj",
      "model.layers.9.mlp.decode_gate_up_proj",
      "model.layers.9.mlp.down_proj",
      "model.layers.10.self_attn.decode_qkv_proj",
      "model.layers.10.self_attn.o_proj",
      "model.layers.10.mlp.decode_gate_up_proj",
      "model.layers.10.mlp.down_proj",
      "model.layers.11.self_attn.decode_qkv_proj",
      "model.layers.11.self_attn.o_proj",
      "model.layers.11.mlp.decode_gate_up_proj",
      "model.layers.11.mlp.down_proj",
      "model.layers.12.self_attn.decode_qkv_proj",
      "model.layers.12.self_attn.o_proj",
      "model.layers.12.mlp.decode_gate_up_proj",
      "model.layers.12.mlp.down_proj",
      "model.layers.13.self_attn.decode_qkv_proj",
      "model.layers.13.self_attn.o_proj",
      "model.layers.13.mlp.decode_gate_up_proj",
      "model.layers.13.mlp.down_proj",
      "model.layers.14.self_attn.decode_qkv_proj",
      "model.layers.14.self_attn.o_proj",
      "model.layers.14.mlp.decode_gate_up_proj",
      "model.layers.14.mlp.down_proj",
      "model.layers.15.self_attn.decode_qkv_proj",
      "model.layers.15.self_attn.o_proj",
      "model.layers.15.mlp.decode_gate_up_proj",
      "model.layers.15.mlp.down_proj",
      "model.layers.16.self_attn.decode_qkv_proj",
      "model.layers.16.self_attn.o_proj",
      "model.layers.16.mlp.decode_gate_up_proj",
      "model.layers.16.mlp.down_proj",
      "model.layers.17.self_attn.decode_qkv_proj",
      "model.layers.17.self_attn.o_proj",
      "model.layers.17.mlp.decode_gate_up_proj",
      "model.layers.17.mlp.down_proj",
      "model.layers.18.self_attn.decode_qkv_proj",
      "model.layers.18.self_attn.o_proj",
      "model.layers.18.mlp.decode_gate_up_proj",
      "model.layers.18.mlp.down_proj",
      "model.layers.19.self_attn.decode_qkv_proj",
      "model.layers.19.self_attn.o_proj",
      "model.layers.19.mlp.decode_gate_up_proj",
      "model.layers.19.mlp.down_proj",
      "model.layers.20.self_attn.decode_qkv_proj",
      "model.layers.20.self_attn.o_proj",
      "model.layers.20.mlp.decode_gate_up_proj",
      "model.layers.20.mlp.down_proj",
      "model.layers.21.self_attn.decode_qkv_proj",
      "model.layers.21.self_attn.o_proj",
      "model.layers.21.mlp.decode_gate_up_proj",
      "model.layers.21.mlp.down_proj",
      "model.layers.22.self_attn.decode_qkv_proj",
      "model.layers.22.self_attn.o_proj",
      "model.layers.22.mlp.decode_gate_up_proj",
      "model.layers.22.mlp.down_proj",
      "model.layers.23.self_attn.decode_qkv_proj",
      "model.layers.23.self_attn.o_proj",
      "model.layers.23.mlp.decode_gate_up_proj",
      "model.layers.23.mlp.down_proj"
    ],
    "already_nz_decoder_linear_names": [],
    "before_formats": {
      "model.layers.0.self_attn.decode_qkv_proj": 2,
      "model.layers.0.self_attn.o_proj": 2,
      "model.layers.0.mlp.decode_gate_up_proj": 2,
      "model.layers.0.mlp.down_proj": 2,
      "model.layers.1.self_attn.decode_qkv_proj": 2,
      "model.layers.1.self_attn.o_proj": 2,
      "model.layers.1.mlp.decode_gate_up_proj": 2,
      "model.layers.1.mlp.down_proj": 2,
      "model.layers.2.self_attn.decode_qkv_proj": 2,
      "model.layers.2.self_attn.o_proj": 2,
      "model.layers.2.mlp.decode_gate_up_proj": 2,
      "model.layers.2.mlp.down_proj": 2,
      "model.layers.3.self_attn.decode_qkv_proj": 2,
      "model.layers.3.self_attn.o_proj": 2,
      "model.layers.3.mlp.decode_gate_up_proj": 2,
      "model.layers.3.mlp.down_proj": 2,
      "model.layers.4.self_attn.decode_qkv_proj": 2,
      "model.layers.4.self_attn.o_proj": 2,
      "model.layers.4.mlp.decode_gate_up_proj": 2,
      "model.layers.4.mlp.down_proj": 2,
      "model.layers.5.self_attn.decode_qkv_proj": 2,
      "model.layers.5.self_attn.o_proj": 2,
      "model.layers.5.mlp.decode_gate_up_proj": 2,
      "model.layers.5.mlp.down_proj": 2,
      "model.layers.6.self_attn.decode_qkv_proj": 2,
      "model.layers.6.self_attn.o_proj": 2,
      "model.layers.6.mlp.decode_gate_up_proj": 2,
      "model.layers.6.mlp.down_proj": 2,
      "model.layers.7.self_attn.decode_qkv_proj": 2,
      "model.layers.7.self_attn.o_proj": 2,
      "model.layers.7.mlp.decode_gate_up_proj": 2,
      "model.layers.7.mlp.down_proj": 2,
      "model.layers.8.self_attn.decode_qkv_proj": 2,
      "model.layers.8.self_attn.o_proj": 2,
      "model.layers.8.mlp.decode_gate_up_proj": 2,
      "model.layers.8.mlp.down_proj": 2,
      "model.layers.9.self_attn.decode_qkv_proj": 2,
      "model.layers.9.self_attn.o_proj": 2,
      "model.layers.9.mlp.decode_gate_up_proj": 2,
      "model.layers.9.mlp.down_proj": 2,
      "model.layers.10.self_attn.decode_qkv_proj": 2,
      "model.layers.10.self_attn.o_proj": 2,
      "model.layers.10.mlp.decode_gate_up_proj": 2,
      "model.layers.10.mlp.down_proj": 2,
      "model.layers.11.self_attn.decode_qkv_proj": 2,
      "model.layers.11.self_attn.o_proj": 2,
      "model.layers.11.mlp.decode_gate_up_proj": 2,
      "model.layers.11.mlp.down_proj": 2,
      "model.layers.12.self_attn.decode_qkv_proj": 2,
      "model.layers.12.self_attn.o_proj": 2,
      "model.layers.12.mlp.decode_gate_up_proj": 2,
      "model.layers.12.mlp.down_proj": 2,
      "model.layers.13.self_attn.decode_qkv_proj": 2,
      "model.layers.13.self_attn.o_proj": 2,
      "model.layers.13.mlp.decode_gate_up_proj": 2,
      "model.layers.13.mlp.down_proj": 2,
      "model.layers.14.self_attn.decode_qkv_proj": 2,
      "model.layers.14.self_attn.o_proj": 2,
      "model.layers.14.mlp.decode_gate_up_proj": 2,
      "model.layers.14.mlp.down_proj": 2,
      "model.layers.15.self_attn.decode_qkv_proj": 2,
      "model.layers.15.self_attn.o_proj": 2,
      "model.layers.15.mlp.decode_gate_up_proj": 2,
      "model.layers.15.mlp.down_proj": 2,
      "model.layers.16.self_attn.decode_qkv_proj": 2,
      "model.layers.16.self_attn.o_proj": 2,
      "model.layers.16.mlp.decode_gate_up_proj": 2,
      "model.layers.16.mlp.down_proj": 2,
      "model.layers.17.self_attn.decode_qkv_proj": 2,
      "model.layers.17.self_attn.o_proj": 2,
      "model.layers.17.mlp.decode_gate_up_proj": 2,
      "model.layers.17.mlp.down_proj": 2,
      "model.layers.18.self_attn.decode_qkv_proj": 2,
      "model.layers.18.self_attn.o_proj": 2,
      "model.layers.18.mlp.decode_gate_up_proj": 2,
      "model.layers.18.mlp.down_proj": 2,
      "model.layers.19.self_attn.decode_qkv_proj": 2,
      "model.layers.19.self_attn.o_proj": 2,
      "model.layers.19.mlp.decode_gate_up_proj": 2,
      "model.layers.19.mlp.down_proj": 2,
      "model.layers.20.self_attn.decode_qkv_proj": 2,
      "model.layers.20.self_attn.o_proj": 2,
      "model.layers.20.mlp.decode_gate_up_proj": 2,
      "model.layers.20.mlp.down_proj": 2,
      "model.layers.21.self_attn.decode_qkv_proj": 2,
      "model.layers.21.self_attn.o_proj": 2,
      "model.layers.21.mlp.decode_gate_up_proj": 2,
      "model.layers.21.mlp.down_proj": 2,
      "model.layers.22.self_attn.decode_qkv_proj": 2,
      "model.layers.22.self_attn.o_proj": 2,
      "model.layers.22.mlp.decode_gate_up_proj": 2,
      "model.layers.22.mlp.down_proj": 2,
      "model.layers.23.self_attn.decode_qkv_proj": 2,
      "model.layers.23.self_attn.o_proj": 2,
      "model.layers.23.mlp.decode_gate_up_proj": 2,
      "model.layers.23.mlp.down_proj": 2
    },
    "after_formats": {
      "model.layers.0.self_attn.decode_qkv_proj": 29,
      "model.layers.0.self_attn.o_proj": 29,
      "model.layers.0.mlp.decode_gate_up_proj": 29,
      "model.layers.0.mlp.down_proj": 29,
      "model.layers.1.self_attn.decode_qkv_proj": 29,
      "model.layers.1.self_attn.o_proj": 29,
      "model.layers.1.mlp.decode_gate_up_proj": 29,
      "model.layers.1.mlp.down_proj": 29,
      "model.layers.2.self_attn.decode_qkv_proj": 29,
      "model.layers.2.self_attn.o_proj": 29,
      "model.layers.2.mlp.decode_gate_up_proj": 29,
      "model.layers.2.mlp.down_proj": 29,
      "model.layers.3.self_attn.decode_qkv_proj": 29,
      "model.layers.3.self_attn.o_proj": 29,
      "model.layers.3.mlp.decode_gate_up_proj": 29,
      "model.layers.3.mlp.down_proj": 29,
      "model.layers.4.self_attn.decode_qkv_proj": 29,
      "model.layers.4.self_attn.o_proj": 29,
      "model.layers.4.mlp.decode_gate_up_proj": 29,
      "model.layers.4.mlp.down_proj": 29,
      "model.layers.5.self_attn.decode_qkv_proj": 29,
      "model.layers.5.self_attn.o_proj": 29,
      "model.layers.5.mlp.decode_gate_up_proj": 29,
      "model.layers.5.mlp.down_proj": 29,
      "model.layers.6.self_attn.decode_qkv_proj": 29,
      "model.layers.6.self_attn.o_proj": 29,
      "model.layers.6.mlp.decode_gate_up_proj": 29,
      "model.layers.6.mlp.down_proj": 29,
      "model.layers.7.self_attn.decode_qkv_proj": 29,
      "model.layers.7.self_attn.o_proj": 29,
      "model.layers.7.mlp.decode_gate_up_proj": 29,
      "model.layers.7.mlp.down_proj": 29,
      "model.layers.8.self_attn.decode_qkv_proj": 29,
      "model.layers.8.self_attn.o_proj": 29,
      "model.layers.8.mlp.decode_gate_up_proj": 29,
      "model.layers.8.mlp.down_proj": 29,
      "model.layers.9.self_attn.decode_qkv_proj": 29,
      "model.layers.9.self_attn.o_proj": 29,
      "model.layers.9.mlp.decode_gate_up_proj": 29,
      "model.layers.9.mlp.down_proj": 29,
      "model.layers.10.self_attn.decode_qkv_proj": 29,
      "model.layers.10.self_attn.o_proj": 29,
      "model.layers.10.mlp.decode_gate_up_proj": 29,
      "model.layers.10.mlp.down_proj": 29,
      "model.layers.11.self_attn.decode_qkv_proj": 29,
      "model.layers.11.self_attn.o_proj": 29,
      "model.layers.11.mlp.decode_gate_up_proj": 29,
      "model.layers.11.mlp.down_proj": 29,
      "model.layers.12.self_attn.decode_qkv_proj": 29,
      "model.layers.12.self_attn.o_proj": 29,
      "model.layers.12.mlp.decode_gate_up_proj": 29,
      "model.layers.12.mlp.down_proj": 29,
      "model.layers.13.self_attn.decode_qkv_proj": 29,
      "model.layers.13.self_attn.o_proj": 29,
      "model.layers.13.mlp.decode_gate_up_proj": 29,
      "model.layers.13.mlp.down_proj": 29,
      "model.layers.14.self_attn.decode_qkv_proj": 29,
      "model.layers.14.self_attn.o_proj": 29,
      "model.layers.14.mlp.decode_gate_up_proj": 29,
      "model.layers.14.mlp.down_proj": 29,
      "model.layers.15.self_attn.decode_qkv_proj": 29,
      "model.layers.15.self_attn.o_proj": 29,
      "model.layers.15.mlp.decode_gate_up_proj": 29,
      "model.layers.15.mlp.down_proj": 29,
      "model.layers.16.self_attn.decode_qkv_proj": 29,
      "model.layers.16.self_attn.o_proj": 29,
      "model.layers.16.mlp.decode_gate_up_proj": 29,
      "model.layers.16.mlp.down_proj": 29,
      "model.layers.17.self_attn.decode_qkv_proj": 29,
      "model.layers.17.self_attn.o_proj": 29,
      "model.layers.17.mlp.decode_gate_up_proj": 29,
      "model.layers.17.mlp.down_proj": 29,
      "model.layers.18.self_attn.decode_qkv_proj": 29,
      "model.layers.18.self_attn.o_proj": 29,
      "model.layers.18.mlp.decode_gate_up_proj": 29,
      "model.layers.18.mlp.down_proj": 29,
      "model.layers.19.self_attn.decode_qkv_proj": 29,
      "model.layers.19.self_attn.o_proj": 29,
      "model.layers.19.mlp.decode_gate_up_proj": 29,
      "model.layers.19.mlp.down_proj": 29,
      "model.layers.20.self_attn.decode_qkv_proj": 29,
      "model.layers.20.self_attn.o_proj": 29,
      "model.layers.20.mlp.decode_gate_up_proj": 29,
      "model.layers.20.mlp.down_proj": 29,
      "model.layers.21.self_attn.decode_qkv_proj": 29,
      "model.layers.21.self_attn.o_proj": 29,
      "model.layers.21.mlp.decode_gate_up_proj": 29,
      "model.layers.21.mlp.down_proj": 29,
      "model.layers.22.self_attn.decode_qkv_proj": 29,
      "model.layers.22.self_attn.o_proj": 29,
      "model.layers.22.mlp.decode_gate_up_proj": 29,
      "model.layers.22.mlp.down_proj": 29,
      "model.layers.23.self_attn.decode_qkv_proj": 29,
      "model.layers.23.self_attn.o_proj": 29,
      "model.layers.23.mlp.decode_gate_up_proj": 29,
      "model.layers.23.mlp.down_proj": 29
    },
    "all_decoder_linears_nz": true
  },
  "rotary": {
    "requested_mode": "npu_rotary_mul",
    "effective_mode": "npu_rotary_mul",
    "rotary_mode": "half",
    "scope": "decode_static_only",
    "prefill_rotary_impl": "manual",
    "updated_attention_layers": 24,
    "skipped_reason": null
  },
  "lanes": {
    "increfa": {
      "attention": {
        "requested_mode": "increfa",
        "effective_mode": "increfa",
        "scope": "decode_static_only",
        "updated_attention_layers": 24
      },
      "compile": {
        "backend": "torchair",
        "compile_api": "torchair.inference.cache_compile",
        "fullgraph": true,
        "dynamic": false,
        "torchair_cache_dir": "/workspace/repos/paddle_ocr_vl_npu/.runtime_cache/11_mineru_2_5_pro_inference/text_decode_optimizations/af93222_batches/mineru_increfa_attention_decode_nz_rotary_npu_rotary_mul_bs8_cache4096",
        "torchair_ge_cache": true,
        "batch_size": 8,
        "cache_length": 4096,
        "decode_attention": "increfa",
        "decode_weight_format": "decode_nz",
        "decode_rotary_impl": "npu_rotary_mul",
        "compile_wrapper_s": 0.8963203530292958,
        "first_call_s": 17.8426588580478
      },
      "measure": {
        "steps": 100,
        "raw_tokens": 800,
        "decode_s": 0.31734735309146345,
        "step_ms": 3.1734735309146345,
        "raw_tok_s": 2520.897030357238
      },
      "validation_token_ids": [
        [
          15663,
          15663,
          15663,
          15663,
          15663,
          15663,
          15663,
          15663
        ],
        [
          73156,
          73156,
          73156,
          73156,
          73156,
          73156,
          73156,
          73156
        ],
        [
          144665,
          144665,
          144665,
          144665,
          144665,
          144665,
          144665,
          144665
        ],
        [
          120310,
          120310,
          120310,
          120310,
          120310,
          120310,
          120310,
          120310
        ],
        [
          10435,
          10435,
          10435,
          10435,
          10435,
          10435,
          10435,
          10435
        ],
        [
          101075,
          101075,
          101075,
          101075,
          101075,
          101075,
          101075,
          101075
        ],
        [
          16151,
          16151,
          16151,
          16151,
          16151,
          16151,
          16151,
          16151
        ],
        [
          93578,
          93578,
          93578,
          93578,
          93578,
          93578,
          93578,
          93578
        ]
      ],
      "profile": null
    }
  },
  "comparisons": {}
}
