OCR API ready worker_pid=None; preparing table crops in RAM
Frozen ALL cohort: 665 tables (121 LaTeX, 544 non-LaTeX)
Scheduled 100 Poisson arrivals at 2 QPS; request limit=100; last scheduled arrival at 50.556s; HTTP endpoint=http://127.0.0.1:18081/v1/chat/completions
Writing each completion to tmp/09_persistent_page_engine/table_vllm_poisson100_seq64_budget16k_bd445e26_20260908/budget16384/qps2/measured/results.jsonl
[   0.074s] SEND #00001 table=page_001375_table_1 lag=   1.6ms active=1
[   1.014s] SEND #00002 table=page_000256_table_box_id_1 lag=   1.7ms active=2
[   1.735s] SEND #00003 table=page_000918_table_6 lag=   1.2ms active=3
[   1.743s] RECV #00002 table=page_000256_table_box_id_1 request= 0.729s scheduled= 0.731s status=ok active=2
[   1.882s] SEND #00004 table=page_001130_table_1 lag=   1.1ms active=3
[   2.224s] SEND #00005 table=page_000758_table_21 lag=   0.6ms active=4
[   2.490s] RECV #00003 table=page_000918_table_6 request= 0.755s scheduled= 0.757s status=ok active=3
[   2.522s] SEND #00006 table=page_001202_table_3 lag=   0.3ms active=4
[   2.528s] RECV #00004 table=page_001130_table_1 request= 0.645s scheduled= 0.647s status=ok active=3
[   2.602s] RECV #00005 table=page_000758_table_21 request= 0.378s scheduled= 0.379s status=ok active=2
[   3.050s] SEND #00007 table=page_000636_table_5 lag=   1.1ms active=3
[   3.701s] RECV #00007 table=page_000636_table_5 request= 0.652s scheduled= 0.653s status=ok active=2
[   3.827s] SEND #00008 table=page_000254_table_box_id_4 lag=   0.8ms active=3
[   3.876s] SEND #00009 table=page_000178_table_box_id_1 lag=   0.7ms active=4
[   3.891s] SEND #00010 table=page_000220_table_box_id_7 lag=   1.5ms active=5
[   4.795s] SEND #00011 table=page_000505_table_1 lag=   2.0ms active=6
[   5.078s] SEND #00012 table=page_000418_table_3 lag=   1.3ms active=7
[   5.796s] SEND #00013 table=page_000266_table_box_id_7 lag=   1.1ms active=8
[   5.796s] SEND #00014 table=page_001375_table_4 lag=   0.7ms active=9
[   6.092s] SEND #00015 table=page_001158_table_3 lag=   1.4ms active=10
[   6.731s] SEND #00016 table=page_000930_table_7 lag=   1.1ms active=11
[   6.860s] SEND #00017 table=page_001198_table_8 lag=   0.7ms active=12
[   7.193s] RECV #00013 table=page_000266_table_box_id_7 request= 1.397s scheduled= 1.398s status=ok active=11
[   7.570s] RECV #00016 table=page_000930_table_7 request= 0.839s scheduled= 0.840s status=ok active=10
[   8.307s] RECV #00001 table=page_001375_table_1 request= 8.233s scheduled= 8.235s status=ok active=9
[   8.313s] SEND #00018 table=page_000434_table_15 lag=   0.5ms active=10
[   8.548s] RECV #00015 table=page_001158_table_3 request= 2.456s scheduled= 2.458s status=ok active=9
[   8.751s] RECV #00010 table=page_000220_table_box_id_7 request= 4.859s scheduled= 4.861s status=ok active=8
[   8.919s] RECV #00008 table=page_000254_table_box_id_4 request= 5.092s scheduled= 5.093s status=ok active=7
[   9.067s] RECV #00006 table=page_001202_table_3 request= 6.546s scheduled= 6.546s status=ok active=6
[   9.236s] RECV #00012 table=page_000418_table_3 request= 4.159s scheduled= 4.160s status=ok active=5
[   9.472s] SEND #00019 table=page_000534_table_4 lag=   1.4ms active=6
[   9.487s] SEND #00020 table=page_001161_table_3 lag=   0.9ms active=7
[   9.500s] SEND #00021 table=page_000566_table_3 lag=   0.9ms active=8
[   9.890s] SEND #00022 table=page_001200_table_2 lag=   0.7ms active=9
[  10.316s] RECV #00017 table=page_001198_table_8 request= 3.455s scheduled= 3.456s status=ok active=8
[  11.252s] RECV #00018 table=page_000434_table_15 request= 2.939s scheduled= 2.940s status=ok active=7
[  11.290s] SEND #00023 table=page_000246_table_box_id_6 lag=   1.3ms active=8
[  11.530s] SEND #00024 table=page_001193_table_4 lag=   1.5ms active=9
[  11.651s] SEND #00025 table=page_001270_table_box_id_1 lag=   0.7ms active=10
[  11.926s] SEND #00026 table=page_000592_table_3 lag=   1.1ms active=11
[  11.942s] SEND #00027 table=page_000494_table_7 lag=   2.0ms active=12
[  11.957s] RECV #00009 table=page_000178_table_box_id_1 request= 8.081s scheduled= 8.082s status=ok active=11
[  12.065s] SEND #00028 table=page_000535_table_1 lag=   0.3ms active=12
[  12.135s] RECV #00011 table=page_000505_table_1 request= 7.340s scheduled= 7.342s status=ok active=11
[  12.354s] SEND #00029 table=page_001186_table_5 lag=   1.2ms active=12
[  12.600s] RECV #00023 table=page_000246_table_box_id_6 request= 1.310s scheduled= 1.311s status=ok active=11
[  12.696s] SEND #00030 table=page_001375_table_31 lag=   0.8ms active=12
[  12.829s] SEND #00031 table=page_000218_table_box_id_4 lag=   1.2ms active=13
[  12.960s] SEND #00032 table=page_001368_table_box_id_278 lag=   1.2ms active=14
[  13.084s] SEND #00033 table=page_001180_table_15 lag=   1.0ms active=15
[  13.377s] RECV #00029 table=page_001186_table_5 request= 1.023s scheduled= 1.024s status=ok active=14
[  13.391s] SEND #00034 table=page_000266_table_box_id_9 lag=   1.0ms active=15
[  13.396s] RECV #00030 table=page_001375_table_31 request= 0.700s scheduled= 0.701s status=ok active=14
[  13.563s] SEND #00035 table=page_000762_table_5 lag=   1.2ms active=15
[  13.574s] SEND #00036 table=page_000499_table_0 lag=   1.2ms active=16
[  14.004s] RECV #00032 table=page_001368_table_box_id_278 request= 1.043s scheduled= 1.044s status=ok active=15
[  14.234s] RECV #00019 table=page_000534_table_4 request= 4.762s scheduled= 4.763s status=ok active=14
[  14.251s] RECV #00035 table=page_000762_table_5 request= 0.689s scheduled= 0.690s status=ok active=13
[  14.482s] SEND #00037 table=page_000642_table_8 lag=   0.8ms active=14
[  14.872s] RECV #00024 table=page_001193_table_4 request= 3.342s scheduled= 3.343s status=ok active=13
[  14.888s] SEND #00038 table=page_000659_table_5 lag=   0.8ms active=14
[  15.020s] RECV #00034 table=page_000266_table_box_id_9 request= 1.628s scheduled= 1.629s status=ok active=13
[  15.110s] RECV #00038 table=page_000659_table_5 request= 0.221s scheduled= 0.222s status=ok active=12
[  15.174s] RECV #00033 table=page_001180_table_15 request= 2.090s scheduled= 2.091s status=ok active=11
[  15.282s] RECV #00027 table=page_000494_table_7 request= 3.340s scheduled= 3.342s status=ok active=10
[  15.402s] SEND #00039 table=page_001128_table_2 lag=   0.5ms active=11
[  15.505s] SEND #00040 table=page_001176_table_4 lag=   0.9ms active=12
[  15.806s] RECV #00021 table=page_000566_table_3 request= 6.306s scheduled= 6.307s status=ok active=11
[  16.081s] RECV #00028 table=page_000535_table_1 request= 4.016s scheduled= 4.016s status=ok active=10
[  16.353s] RECV #00020 table=page_001161_table_3 request= 6.865s scheduled= 6.866s status=ok active=9
[  16.637s] RECV #00036 table=page_000499_table_0 request= 3.063s scheduled= 3.065s status=ok active=8
[  17.602s] RECV #00031 table=page_000218_table_box_id_4 request= 4.773s scheduled= 4.774s status=ok active=7
[  17.955s] SEND #00041 table=page_001154_table_10 lag=   1.0ms active=8
[  18.938s] SEND #00042 table=page_000467_table_17 lag=   1.4ms active=9
[  19.001s] SEND #00043 table=page_000647_table_3 lag=   0.3ms active=10
[  19.205s] SEND #00044 table=page_001493_table_box_id_13 lag=   1.3ms active=11
[  19.430s] RECV #00043 table=page_000647_table_3 request= 0.429s scheduled= 0.429s status=ok active=10
[  19.468s] RECV #00014 table=page_001375_table_4 request=13.671s scheduled=13.672s status=ok active=9
[  19.844s] SEND #00045 table=page_000605_table_3 lag=   1.5ms active=10
[  20.118s] RECV #00045 table=page_000605_table_3 request= 0.274s scheduled= 0.275s status=ok active=9
[  20.434s] RECV #00022 table=page_001200_table_2 request=10.545s scheduled=10.545s status=ok active=8
[  20.464s] SEND #00046 table=page_001117_table_box_id_17 lag=   0.6ms active=9
[  20.907s] RECV #00026 table=page_000592_table_3 request= 8.981s scheduled= 8.982s status=ok active=8
[  20.925s] RECV #00025 table=page_001270_table_box_id_1 request= 9.273s scheduled= 9.274s status=ok active=7
[  21.092s] RECV #00046 table=page_001117_table_box_id_17 request= 0.628s scheduled= 0.628s status=ok active=6
[  21.143s] RECV #00039 table=page_001128_table_2 request= 5.741s scheduled= 5.742s status=ok active=5
[  21.229s] RECV #00037 table=page_000642_table_8 request= 6.747s scheduled= 6.748s status=ok active=4
[  21.230s] RECV #00041 table=page_001154_table_10 request= 3.275s scheduled= 3.276s status=ok active=3
[  21.467s] RECV #00044 table=page_001493_table_box_id_13 request= 2.262s scheduled= 2.263s status=ok active=2
[  21.843s] SEND #00047 table=page_000509_table_0 lag=   1.1ms active=3
[  21.866s] RECV #00040 table=page_001176_table_4 request= 6.361s scheduled= 6.362s status=ok active=2
[  22.116s] SEND #00048 table=page_000565_table_1 lag=   0.9ms active=3
[  23.003s] SEND #00049 table=page_000841_table_22 lag=   1.4ms active=4
[  23.367s] RECV #00049 table=page_000841_table_22 request= 0.364s scheduled= 0.366s status=ok active=3
[  23.558s] SEND #00050 table=page_000922_table_12 lag=   1.3ms active=4
[  23.738s] SEND #00051 table=page_001169_table_11 lag=   1.2ms active=5
[  24.181s] SEND #00052 table=page_000287_table_box_id_8 lag=   1.0ms active=6
[  24.836s] RECV #00048 table=page_000565_table_1 request= 2.719s scheduled= 2.720s status=ok active=5
[  24.893s] RECV #00051 table=page_001169_table_11 request= 1.155s scheduled= 1.156s status=ok active=4
[  25.252s] SEND #00053 table=page_000246_table_box_id_6 lag=   1.5ms active=5
[  25.944s] RECV #00053 table=page_000246_table_box_id_6 request= 0.692s scheduled= 0.694s status=ok active=4
[  25.953s] RECV #00050 table=page_000922_table_12 request= 2.395s scheduled= 2.396s status=ok active=3
[  26.188s] SEND #00054 table=page_000737_table_6 lag=   1.0ms active=4
[  26.388s] RECV #00042 table=page_000467_table_17 request= 7.450s scheduled= 7.451s status=ok active=3
[  26.540s] SEND #00055 table=page_000250_table_box-stnne6dt lag=   1.3ms active=4
[  26.984s] SEND #00056 table=page_000647_table_6 lag=   1.1ms active=5
[  27.001s] SEND #00057 table=page_000652_table_2 lag=   0.8ms active=6
[  27.141s] SEND #00058 table=page_001367_table_70 lag=   1.2ms active=7
[  27.609s] RECV #00056 table=page_000647_table_6 request= 0.625s scheduled= 0.626s status=ok active=6
[  27.678s] RECV #00054 table=page_000737_table_6 request= 1.490s scheduled= 1.491s status=ok active=5
[  27.939s] SEND #00059 table=page_001368_table_box_id_163 lag=   0.5ms active=6
[  28.206s] SEND #00060 table=page_000468_table_1 lag=   0.7ms active=7
[  28.236s] RECV #00059 table=page_001368_table_box_id_163 request= 0.297s scheduled= 0.298s status=ok active=6
[  28.301s] SEND #00061 table=page_000838_table_4 lag=   0.5ms active=7
[  28.699s] SEND #00062 table=page_000665_table_3 lag=   0.9ms active=8
[  28.856s] RECV #00061 table=page_000838_table_4 request= 0.555s scheduled= 0.555s status=ok active=7
[  28.916s] RECV #00062 table=page_000665_table_3 request= 0.217s scheduled= 0.218s status=ok active=6
[  28.978s] RECV #00047 table=page_000509_table_0 request= 7.135s scheduled= 7.137s status=ok active=5
[  29.234s] RECV #00060 table=page_000468_table_1 request= 1.028s scheduled= 1.029s status=ok active=4
[  29.307s] SEND #00063 table=page_001595_table_box_id_14 lag=   2.0ms active=5
[  29.786s] RECV #00058 table=page_001367_table_70 request= 2.645s scheduled= 2.646s status=ok active=4
[  29.854s] RECV #00057 table=page_000652_table_2 request= 2.852s scheduled= 2.853s status=ok active=3
[  29.868s] SEND #00064 table=page_000818_table_1 lag=   1.4ms active=4
[  30.102s] SEND #00065 table=page_000937_table_0 lag=   0.8ms active=5
[  30.393s] SEND #00066 table=page_000222_table_box_id_1 lag=   2.2ms active=6
[  30.746s] SEND #00067 table=page_000744_table_11 lag=   0.7ms active=7
[  30.883s] RECV #00064 table=page_000818_table_1 request= 1.015s scheduled= 1.017s status=ok active=6
[  31.408s] RECV #00067 table=page_000744_table_11 request= 0.662s scheduled= 0.663s status=ok active=5
[  31.500s] SEND #00068 table=page_000284_table_box_id_0 lag=   0.9ms active=6
[  31.868s] SEND #00069 table=page_000266_table_box_id_1 lag=   1.4ms active=7
[  32.118s] SEND #00070 table=page_001368_table_box_id_271 lag=   0.9ms active=8
[  32.297s] RECV #00065 table=page_000937_table_0 request= 2.195s scheduled= 2.195s status=ok active=7
[  32.453s] SEND #00071 table=page_000467_table_17 lag=   0.3ms active=8
[  32.469s] SEND #00072 table=page_000737_table_0 lag=   1.0ms active=9
[  32.491s] SEND #00073 table=page_000526_table_7 lag=   0.7ms active=10
[  33.100s] SEND #00074 table=page_001011_table_30 lag=   1.6ms active=11
[  33.127s] RECV #00066 table=page_000222_table_box_id_1 request= 2.735s scheduled= 2.737s status=ok active=10
[  33.456s] RECV #00063 table=page_001595_table_box_id_14 request= 4.149s scheduled= 4.151s status=ok active=9
[  33.594s] RECV #00070 table=page_001368_table_box_id_271 request= 1.477s scheduled= 1.478s status=ok active=8
[  33.877s] RECV #00069 table=page_000266_table_box_id_1 request= 2.008s scheduled= 2.010s status=ok active=7
[  34.075s] RECV #00073 table=page_000526_table_7 request= 1.584s scheduled= 1.585s status=ok active=6
[  35.143s] SEND #00075 table=page_000246_table_box_id_11 lag=   2.0ms active=7
[  35.354s] RECV #00072 table=page_000737_table_0 request= 2.884s scheduled= 2.886s status=ok active=6
[  35.593s] SEND #00076 table=page_000676_table_2 lag=   2.1ms active=7
[  35.779s] RECV #00055 table=page_000250_table_box-stnne6dt request= 9.239s scheduled= 9.241s status=ok active=6
[  35.841s] SEND #00077 table=page_001368_table_box_id_268 lag=   0.4ms active=7
[  35.935s] SEND #00078 table=page_000190_table_box_id_0 lag=   0.8ms active=8
[  36.248s] RECV #00077 table=page_001368_table_box_id_268 request= 0.407s scheduled= 0.408s status=ok active=7
[  36.284s] SEND #00079 table=page_001368_table_box_id_227 lag=   0.9ms active=8
[  36.802s] RECV #00075 table=page_000246_table_box_id_11 request= 1.659s scheduled= 1.661s status=ok active=7
[  37.079s] RECV #00078 table=page_000190_table_box_id_0 request= 1.144s scheduled= 1.145s status=ok active=6
[  38.295s] SEND #00080 table=page_001134_table_9 lag=   1.2ms active=7
[  38.974s] RECV #00074 table=page_001011_table_30 request= 5.874s scheduled= 5.876s status=ok active=6
[  39.031s] SEND #00081 table=page_000591_table_3 lag=   0.9ms active=7
[  39.419s] SEND #00082 table=page_000210_table_box_id_4 lag=   1.2ms active=8
[  39.763s] RECV #00079 table=page_001368_table_box_id_227 request= 3.479s scheduled= 3.480s status=ok active=7
[  40.169s] RECV #00071 table=page_000467_table_17 request= 7.716s scheduled= 7.716s status=ok active=6
[  40.403s] SEND #00083 table=page_000649_table_8 lag=   1.4ms active=7
[  40.534s] SEND #00084 table=page_000289_table_box_id_4 lag=   0.3ms active=8
[  40.725s] RECV #00082 table=page_000210_table_box_id_4 request= 1.307s scheduled= 1.308s status=ok active=7
[  40.895s] SEND #00085 table=page_001190_table_8 lag=   0.9ms active=8
[  41.386s] RECV #00081 table=page_000591_table_3 request= 2.355s scheduled= 2.356s status=ok active=7
[  41.933s] RECV #00083 table=page_000649_table_8 request= 1.530s scheduled= 1.532s status=ok active=6
[  42.418s] SEND #00086 table=page_000211_table_box_id_3 lag=   0.9ms active=7
[  42.433s] RECV #00076 table=page_000676_table_2 request= 6.840s scheduled= 6.842s status=ok active=6
[  42.850s] SEND #00087 table=page_001182_table_3 lag=   1.7ms active=7
[  43.157s] SEND #00088 table=page_000242_table_box-mhg591pb lag=   0.9ms active=8
[  43.314s] SEND #00089 table=page_001274_table_4 lag=   1.3ms active=9
[  43.393s] RECV #00052 table=page_000287_table_box_id_8 request=19.212s scheduled=19.213s status=ok active=8
[  43.711s] SEND #00090 table=page_001177_table_2 lag=   1.0ms active=9
[  44.921s] RECV #00080 table=page_001134_table_9 request= 6.627s scheduled= 6.628s status=ok active=8
[  45.286s] SEND #00091 table=page_001202_table_3 lag=   1.2ms active=9
[  45.288s] SEND #00092 table=page_001158_table_3 lag=   0.4ms active=10
[  45.736s] RECV #00085 table=page_001190_table_8 request= 4.840s scheduled= 4.841s status=ok active=9
[  46.054s] SEND #00093 table=page_000641_table_8 lag=   0.9ms active=10
[  46.230s] RECV #00088 table=page_000242_table_box-mhg591pb request= 3.073s scheduled= 3.074s status=ok active=9
[  46.438s] RECV #00086 table=page_000211_table_box_id_3 request= 4.019s scheduled= 4.020s status=ok active=8
[  46.446s] RECV #00087 table=page_001182_table_3 request= 3.596s scheduled= 3.598s status=ok active=7
[  46.913s] SEND #00094 table=page_000657_table_6 lag=   1.1ms active=8
[  47.099s] RECV #00093 table=page_000641_table_8 request= 1.045s scheduled= 1.046s status=ok active=7
[  47.117s] RECV #00094 table=page_000657_table_6 request= 0.204s scheduled= 0.205s status=ok active=6
[  47.365s] RECV #00090 table=page_001177_table_2 request= 3.655s scheduled= 3.656s status=ok active=5
[  47.689s] RECV #00092 table=page_001158_table_3 request= 2.401s scheduled= 2.402s status=ok active=4
[  47.974s] RECV #00068 table=page_000284_table_box_id_0 request=16.474s scheduled=16.475s status=ok active=3
[  47.999s] SEND #00095 table=page_000626_table_box_id_4 lag=   0.9ms active=4
[  48.674s] SEND #00096 table=page_000829_table_4 lag=   1.1ms active=5
[  49.503s] SEND #00097 table=page_000468_table_11 lag=   2.2ms active=6
[  49.716s] RECV #00096 table=page_000829_table_4 request= 1.043s scheduled= 1.044s status=ok active=5
[  49.867s] SEND #00098 table=page_000434_table_16 lag=   0.5ms active=6
[  50.280s] SEND #00099 table=page_001175_table_2 lag=   1.6ms active=7
[  50.557s] SEND #00100 table=page_001230_table_box_id_1 lag=   1.5ms active=8
[  50.589s] RECV #00097 table=page_000468_table_11 request= 1.086s scheduled= 1.088s status=ok active=7
[  51.218s] RECV #00098 table=page_000434_table_16 request= 1.352s scheduled= 1.352s status=ok active=6
[  51.479s] RECV #00091 table=page_001202_table_3 request= 6.194s scheduled= 6.195s status=ok active=5
[  52.670s] RECV #00100 table=page_001230_table_box_id_1 request= 2.113s scheduled= 2.114s status=ok active=4
[  54.230s] RECV #00099 table=page_001175_table_2 request= 3.950s scheduled= 3.952s status=ok active=3
[  61.015s] RECV #00095 table=page_000626_table_box_id_4 request=13.016s scheduled=13.017s status=ok active=2
[  64.650s] RECV #00089 table=page_001274_table_4 request=21.336s scheduled=21.338s status=ok active=1
[  65.156s] RECV #00084 table=page_000289_table_box_id_4 request=24.622s scheduled=24.622s status=ok active=0
DONE completed=100 failed=0 max_active=16 p50=2.683s p95=13.050s max=24.622s
Summary: tmp/09_persistent_page_engine/table_vllm_poisson100_seq64_budget16k_bd445e26_20260908/budget16384/qps2/measured/summary.json
