Loading weights:   0%|          | 0/858 [00:00<?, ?it/s]Loading weights:  86%|████████▌ | 734/858 [00:00<00:00, 7336.07it/s]Loading weights: 100%|██████████| 858/858 [00:00<00:00, 5981.57it/s]
..completed=1/32 elapsed_s=27.152
completed=2/32 elapsed_s=32.096
completed=3/32 elapsed_s=34.083
completed=4/32 elapsed_s=39.692
completed=5/32 elapsed_s=39.860
completed=6/32 elapsed_s=41.829
completed=7/32 elapsed_s=41.879
completed=8/32 elapsed_s=41.894
completed=9/32 elapsed_s=43.091
completed=10/32 elapsed_s=44.140
completed=11/32 elapsed_s=44.188
completed=12/32 elapsed_s=44.312
completed=13/32 elapsed_s=44.466
completed=14/32 elapsed_s=44.473
completed=15/32 elapsed_s=44.480
completed=16/32 elapsed_s=44.495
completed=17/32 elapsed_s=44.587
completed=18/32 elapsed_s=44.662
completed=19/32 elapsed_s=44.723
completed=20/32 elapsed_s=45.041
completed=21/32 elapsed_s=45.056
completed=22/32 elapsed_s=45.072
completed=23/32 elapsed_s=45.305
completed=24/32 elapsed_s=45.326
completed=25/32 elapsed_s=45.360
completed=26/32 elapsed_s=45.384
completed=27/32 elapsed_s=45.390
completed=28/32 elapsed_s=45.438
completed=29/32 elapsed_s=45.821
completed=30/32 elapsed_s=46.034
completed=31/32 elapsed_s=46.111
completed=32/32 elapsed_s=48.189
{
  "dataset_json": "/workspace/datasets/OmniDocBench/OmniDocBench.json",
  "images_dir": "/workspace/datasets/OmniDocBench/images",
  "offset": 0,
  "count": 32,
  "images": [
    "page-d1561665-5359-42fe-920c-d6e3bff81953.png",
    "page-bd6eb36e-0856-4d9d-b587-21b4a0209c8b.png",
    "page-affbb0cc-d616-481d-b493-80ed1ccb5a10.png",
    "page-14cd673f-d86d-45a7-a13e-2b4e1d91c08f.png",
    "page-ba4443e6-f432-435f-89e7-ddf0a571d2cd.png",
    "page-1c08a4a2-8163-44d3-93f0-9449457dbba3.png",
    "page-74c7629d-b064-4b8f-8667-bf943f5ba367.png",
    "page-c9654418-0624-48d4-8be7-6065f45dd1f9.png",
    "page-0a262e27-b24d-4429-9b21-90563d4fada7.png",
    "page-99c0fd2f-608e-479c-9af5-5b012de4f6af.png",
    "page-f9583127-1277-4424-be9d-35430e0aedd6.png",
    "page-573c437e-c309-4483-a038-ef2f440b104a.png",
    "page-062fc21c-6b9c-40be-8d0e-7a617509a9bc.png",
    "page-52875b3d-f4dc-44c2-a9bb-514b0763833d.png",
    "page-cdd33cf6-76ce-42bb-a99c-342c861afed0.png",
    "page-39d18b46-ad1b-4c7a-b7e2-132471c27c15.png",
    "page-e2fbf592-51f5-431a-8ae6-0c62e3349e89.png",
    "page-7dfc88d8-6d95-446c-b910-2410e8552f76.png",
    "page-4b8f8a9d-e061-4207-a42e-ebf9b7090099.png",
    "page-bb98165a-8033-4ea4-a527-58ac974f2c32.png",
    "page-8c21f73a-b849-4f71-9573-57d50fbcc180.png",
    "page-1853e666-6f83-432c-afc8-923ce8cf0fea.png",
    "page-4431f432-9e71-46d3-a5ea-4d705ad163a8.png",
    "page-9bcba6da-bdb0-4403-97cb-8874898ac8ab.png",
    "page-b21c7247-a843-4316-a44d-c3365077f077.png",
    "page-0c8b5994-685d-4b1b-816a-74f43aff8a53.png",
    "page-d43b98f8-6a96-44f8-a3cf-65de9397f582.png",
    "page-44a14308-9d3e-4044-9508-5c3e30141a19.png",
    "page-67013be9-58e5-4842-809d-7a3c1fc91fc7.png",
    "page-39551bb3-1b65-4562-b258-1bc97898cdf9.png",
    "page-374e9c4b-6fdb-4176-8ac7-519b86d97e40.png",
    "page-49776237-a9be-441d-a326-002eb7084385.png"
  ],
  "pipeline": "owned_paddleocr_vl_v1.6",
  "layout_device": "npu",
  "layout_graph_capture": false,
  "layout_workers": 8,
  "page_preprocessing_mode": "all_before_recognition",
  "configuration": {
    "layout_model": "/workspace/models/PP-DocLayoutV3_safetensors",
    "recognizer_model": "/workspace/models/PaddleOCR-VL-1.6",
    "device": "npu:0",
    "layout_device": "npu:0",
    "layout_graph_capture": false,
    "dtype": "fp16",
    "batch_size": 64,
    "cache_length": 4096,
    "max_new_tokens": 4096,
    "decode_backend": "torchair",
    "decode_optimization": "combined_apply_pse_sentinel",
    "preprocessor_min_pixels": 28224,
    "preprocessor_max_pixels": 802816,
    "text_preprocessor_max_pixels": null,
    "text_crop_scale": 0.5,
    "effective_global_min_pixels": 28224,
    "effective_global_max_pixels": 802816,
    "vision_backend": "torchair",
    "vision_attention": "prompt_flash_attention",
    "vision_mlp": {
      "source_intermediate_size": 4304,
      "target_intermediate_size": 4352,
      "layer_count": 27,
      "zero_extended": true
    },
    "vision_linear_weight_format": {
      "requested": "fractal_nz",
      "effective_mode": "fractal_nz",
      "target_format": "FRACTAL_NZ",
      "target_format_code": 29,
      "linear_weight_count": 162,
      "before_format_histogram": {
        "2": 162
      },
      "after_format_histogram": {
        "29": 162
      },
      "converted_count": 162,
      "all_after_are_nz": true
    },
    "vision_padding": "bucket",
    "vision_packing": "greedy",
    "vision_pack_target": 768,
    "vision_router_lookahead": 32,
    "vision_batched_cache_dir": "/workspace/repos/paddle_ocr_vl_npu/.runtime_cache/09_vision_router_batched",
    "vision_buckets": [
      256,
      384,
      512,
      640,
      768,
      1408,
      1920,
      2048,
      2944,
      4096
    ],
    "text_buckets": [
      1152
    ],
    "text_packing": "production_group",
    "text_pack_buckets": [
      128,
      256,
      384,
      512,
      768,
      1024
    ],
    "text_pack_max_members": 32,
    "text_packed_cache_dir": "/workspace/repos/paddle_ocr_vl_npu/.runtime_cache/09_persistent_page_engine_text_packed_torchair",
    "cpu_preprocessing": {
      "execution": "background_thread",
      "workers": 1,
      "max_pending": 64,
      "ordering": "fifo",
      "pin_recognition_inputs": "best_effort"
    },
    "page_preprocessing_mode": "all_before_recognition",
    "scheduler_progress": false,
    "recognition_input_fingerprints": false,
    "vision_route_plan_input": null
  },
  "setup_s": 51.81324508297257,
  "recognizer_setup_timing_s": {
    "recognizer_frontend_setup": 2.1478746549692005,
    "recognizer_model_load": 13.22592504392378,
    "vision_mlp_padding": 0.03471820987761021,
    "vision_weight_format": 7.294395692879334,
    "decode_optimization_setup": 0.040278105065226555,
    "decode_weight_format": 0.02070332202129066,
    "vision_runtime_setup": 14.283369306009263,
    "text_runtime_setup": 1.0417488848324865,
    "compile_wrapper": 0.015187678160145879,
    "compile_first_call": 0.6459935388993472,
    "vision_router_setup": 0.0,
    "packed_text_runtime_setup": 6.443091555032879,
    "private_cache_pool_setup": 0.011610397137701511,
    "decode_control_setup": 0.0044738659635186195,
    "recognizer_runtime_total": 45.231586893089116
  },
  "pipeline_e2e_s": 48.38190768403001,
  "pages_per_s": 0.6614042631180213,
  "s_per_page": 1.5119346151259379,
  "result_count": 32,
  "prediction_count": 32,
  "completion_s": [
    27.151897985022515,
    32.095819390844554,
    34.08268215903081,
    39.692140264902264,
    39.859677572967485,
    41.82917455583811,
    41.87915898486972,
    41.893923945957795,
    43.09114255383611,
    44.1395709218923,
    44.188322950853035,
    44.31222647684626,
    44.46578346681781,
    44.47281421604566,
    44.48005868890323,
    44.49475625902414,
    44.586965505965054,
    44.66248887986876,
    44.723134440835565,
    45.04136430891231,
    45.05602808785625,
    45.07182002696209,
    45.30475635593757,
    45.32612248882651,
    45.360388750908896,
    45.383811929030344,
    45.38979262090288,
    45.43758830288425,
    45.82102025998756,
    46.03390313801356,
    46.11079906485975,
    48.18879821198061
  ],
  "page_artifact_writer": {
    "execution": "background_ordered_single_worker",
    "max_pending": 8,
    "max_pending_observed": 1,
    "write_wall_sum_s": 0.127565581,
    "queue_wait_sum_s": 0.056119501,
    "producer_backpressure_s": 0.0,
    "final_drain_s": 2.959e-05
  },
  "recognition": {
    "schedules": 1,
    "requests": 510,
    "wall_s": 48.35056824190542,
    "generated_tokens_including_eos": 26557,
    "decode_tokens_after_prefill_including_eos": 26047,
    "input_tokens": 42217,
    "projected_image_tokens": 35587,
    "real_vision_tokens": 142348,
    "physical_vision_tokens": 161152,
    "real_text_tokens": 42217,
    "physical_text_tokens": 52864,
    "decode_graph_calls": 952,
    "raw_decode_token_slots": 60928,
    "active_decode_token_slots": 26557,
    "effective_decode_tokens": 26047,
    "idle_decode_token_slots": 34371,
    "lookahead_decode_token_slots": 510,
    "decode_wall_s": 9.756905004614964,
    "run_scoped_scheduler_wall_s": 31.460115336813033,
    "hot_swap_safety_sync_wall_s": 0.8640427547506988,
    "kv_prefix_bytes_copied": 778143744,
    "stop_reason_counts": {
      "eos": 510
    },
    "pixel_profile_request_counts": {
      "28224:802816": 510
    },
    "device_stage_s": {
      "adaptive_mlp_projector": 0.5922331400588161,
      "image_embed_scatter": 0.23962612011656187,
      "prefill_argmax": 0.14741472228616478,
      "prefill_lm_head": 0.10784096014499664,
      "recognition_inputs_h2d": 7.28446618920565,
      "static_cache_alloc": 0.15716235982833254,
      "text_kv_redistribute": 1.4137617655396457,
      "text_prefill": 1.5709066214561458,
      "text_prefill_input_prep": 1.1648703373074523,
      "text_token_embedding": 0.09929297961248085,
      "vision_embeddings": 6.572544613480564,
      "vision_prefill": 3.968858924865721,
      "vision_prefill_input_prep": 1.6827982826828953
    },
    "vision_packing": {
      "mode": "greedy",
      "target": 768,
      "lookahead": 32,
      "groups": 198,
      "crops": 510,
      "packed_groups": 150,
      "singleton_groups": 48,
      "eager_overflow_groups": 0,
      "crops_per_group": 2.5757575757575757,
      "group_size_histogram": {
        "1": 48,
        "2": 39,
        "3": 60,
        "4": 51
      },
      "graph_shape_histogram": {
        "b1_s1408": 15,
        "b1_s1920": 7,
        "b1_s2048": 1,
        "b1_s256": 12,
        "b1_s2944": 1,
        "b1_s384": 9,
        "b1_s4096": 2,
        "b1_s512": 16,
        "b1_s640": 39,
        "b1_s768": 96
      },
      "ready_window_histogram": {},
      "router_cpu_s": 0.0,
      "packed_real_vision_tokens": 95604,
      "packed_physical_vision_tokens": 104064,
      "packed_fill_fraction": 0.9187038745387454
    },
    "text_packing": {
      "mode": "production_group",
      "buckets": [
        128,
        256,
        384,
        512,
        768,
        1024
      ],
      "groups": 198,
      "crops": 510,
      "packs": 198,
      "packed_crops": 510,
      "fallback_crops": 0,
      "calls": 198,
      "call_reduction_fraction": 0.611764705882353,
      "pack_size_histogram": {
        "1": 48,
        "2": 39,
        "3": 60,
        "4": 51
      },
      "bucket_histogram": {
        "128": 24,
        "256": 154,
        "384": 9,
        "512": 8,
        "768": 1,
        "1024": 2
      },
      "packed_real_text_tokens": 42217,
      "packed_physical_text_tokens": 52864,
      "packed_fill_fraction": 0.7985963983050848,
      "redistributed_kv_bytes": 778143744,
      "private_cache_pool": {
        "storage": "zero_once_fixed_arena",
        "capacity": 96,
        "allocated_bytes": 7247757312,
        "acquisitions": 510,
        "reuses": 414,
        "releases": 510,
        "active_slots": 0,
        "free_slots": 96,
        "high_water_active_slots": 66
      }
    },
    "run_output_tok_per_s": 549.2593151569841,
    "decode_useful_token_fraction": 0.4275045955882353,
    "vision_useful_token_fraction": 0.8833151310563939,
    "text_useful_token_fraction": 0.7985963983050848,
    "trace_path": "/workspace/repos/paddle_ocr_vl_npu/tmp/09_persistent_page_engine/scheduler_ab_32p_44be9ba/layout_first/output/recognition_trace.jsonl"
  },
  "layout_frontend": {
    "implementation": "owned_no_paddlex",
    "device": "npu:0",
    "graph_capture": false,
    "npu_indexput_compat": true,
    "setup_s": 4.399856319185346,
    "worker_pipeline": {
      "strategy": "bounded_staged_cpu_pipeline",
      "input_workers": 4,
      "page_prepare_workers": 8,
      "max_inflight_pages": 8
    },
    "stage_s": {
      "file_read_s": 0.026294329669326544,
      "image_decode_s": 6.628046766854823,
      "layout_input_h2d_s": 33.45618265029043,
      "layout_mask_polygon_cpu_s": 0.9892906236927956,
      "layout_mask_wait_and_d2h_s": 0.04785351920872927,
      "layout_metadata_wait_and_d2h_s": 0.07327202544547617,
      "layout_model_submit_s": 15.421053512720391,
      "layout_postprocess_s": 2.208651019493118,
      "layout_preprocess_cpu_s": 2.096146531868726,
      "layout_preprocess_h2d_s": 35.552329182159156,
      "layout_structural_postprocess_cpu_s": 1.6868454690556973,
      "page_preparation_s": 2.5853623140137643,
      "page_total_s": 85.14469071826898
    },
    "statistics": {
      "filtered_layout_boxes": 525,
      "merged_blocks": 525,
      "raw_layout_boxes": 525,
      "requests": 510
    }
  },
  "page_completion_order": [
    "page-ba4443e6-f432-435f-89e7-ddf0a571d2cd.png",
    "page-14cd673f-d86d-45a7-a13e-2b4e1d91c08f.png",
    "page-1c08a4a2-8163-44d3-93f0-9449457dbba3.png",
    "page-99c0fd2f-608e-479c-9af5-5b012de4f6af.png",
    "page-bd6eb36e-0856-4d9d-b587-21b4a0209c8b.png",
    "page-f9583127-1277-4424-be9d-35430e0aedd6.png",
    "page-0a262e27-b24d-4429-9b21-90563d4fada7.png",
    "page-d1561665-5359-42fe-920c-d6e3bff81953.png",
    "page-c9654418-0624-48d4-8be7-6065f45dd1f9.png",
    "page-e2fbf592-51f5-431a-8ae6-0c62e3349e89.png",
    "page-062fc21c-6b9c-40be-8d0e-7a617509a9bc.png",
    "page-74c7629d-b064-4b8f-8667-bf943f5ba367.png",
    "page-1853e666-6f83-432c-afc8-923ce8cf0fea.png",
    "page-39d18b46-ad1b-4c7a-b7e2-132471c27c15.png",
    "page-4431f432-9e71-46d3-a5ea-4d705ad163a8.png",
    "page-bb98165a-8033-4ea4-a527-58ac974f2c32.png",
    "page-52875b3d-f4dc-44c2-a9bb-514b0763833d.png",
    "page-4b8f8a9d-e061-4207-a42e-ebf9b7090099.png",
    "page-8c21f73a-b849-4f71-9573-57d50fbcc180.png",
    "page-affbb0cc-d616-481d-b493-80ed1ccb5a10.png",
    "page-39551bb3-1b65-4562-b258-1bc97898cdf9.png",
    "page-44a14308-9d3e-4044-9508-5c3e30141a19.png",
    "page-cdd33cf6-76ce-42bb-a99c-342c861afed0.png",
    "page-0c8b5994-685d-4b1b-816a-74f43aff8a53.png",
    "page-d43b98f8-6a96-44f8-a3cf-65de9397f582.png",
    "page-b21c7247-a843-4316-a44d-c3365077f077.png",
    "page-573c437e-c309-4483-a038-ef2f440b104a.png",
    "page-9bcba6da-bdb0-4403-97cb-8874898ac8ab.png",
    "page-67013be9-58e5-4842-809d-7a3c1fc91fc7.png",
    "page-7dfc88d8-6d95-446c-b910-2410e8552f76.png",
    "page-374e9c4b-6fdb-4176-8ac7-519b86d97e40.png",
    "page-49776237-a9be-441d-a326-002eb7084385.png"
  ],
  "paddlex_runtime_dependency": false,
  "loaded_paddlex_modules": [],
  "layout_mask_guard": {
    "guard_version": 2,
    "behavior": "integer_bounding_rectangle_for_empty_scaled_mask_crop",
    "fallback_calls": 0,
    "fallback_regions": 0,
    "events": []
  },
  "layout_mask_guard_path": "/workspace/repos/paddle_ocr_vl_npu/tmp/09_persistent_page_engine/scheduler_ab_32p_44be9ba/layout_first/output/layout_mask_guard.json",
  "predictions_dir": "/workspace/repos/paddle_ocr_vl_npu/tmp/09_persistent_page_engine/scheduler_ab_32p_44be9ba/layout_first/output/predictions",
  "page_regions_jsonl": "/workspace/repos/paddle_ocr_vl_npu/tmp/09_persistent_page_engine/scheduler_ab_32p_44be9ba/layout_first/output/page_regions.jsonl",
  "vision_route_plan": "/workspace/repos/paddle_ocr_vl_npu/tmp/09_persistent_page_engine/scheduler_ab_32p_44be9ba/layout_first/output/vision_route_plan.json",
  "timeline": {
    "enabled": true,
    "event_count": 17414,
    "trace_json": "/workspace/repos/paddle_ocr_vl_npu/tmp/09_persistent_page_engine/scheduler_ab_32p_44be9ba/layout_first/output/timeline_trace.json",
    "html": "/workspace/repos/paddle_ocr_vl_npu/tmp/09_persistent_page_engine/scheduler_ab_32p_44be9ba/layout_first/output/timeline.html",
    "additional_device_synchronization": false
  }
}
summary=/workspace/repos/paddle_ocr_vl_npu/tmp/09_persistent_page_engine/scheduler_ab_32p_44be9ba/layout_first/output/run_summary.json
