[2026-08-05-18:15:46.722] [INFO] [AscendProfiler_ProfilingParser:97] Profiler logger initialized at: /workspace/repos/paddle_ocr_vl_npu/tmp/11_mineru_2_5_pro_inference/text_decode_lab/mineru_paddle_b1_k4096_compare/profile_increfa_pipe/liteserver-c001-4_2912362_20260805181545932_ascend_pt/logs/profiler_20260805181546_2914070_ProfilingParser.log
[2026-08-05-18:15:46.771] [INFO] [AscendProfiler_ProfilingParser:100] TorchOpParser start.
[2026-08-05-18:15:46.772] [INFO] [AscendProfiler_ProfilingParser:82] TaskQueueParser start.
[2026-08-05-18:15:46.830] [INFO] [AscendProfiler_ProfilingParser:162] CANNTimelineParser start.
[2026-08-05-18:15:46.832] [INFO] [AscendProfiler_ProfilingParser:106] TorchOpParser finish.
[2026-08-05-18:15:46.833] [INFO] [AscendProfiler_ProfilingParser:88] TaskQueueParser finish.
[2026-08-05-18:15:46.891] [INFO] [AscendProfiler_ProfilingParser:118] DbPreParser start.
[2026-08-05-18:15:46.892] [INFO] [AscendProfiler_ProfilingParser:62] TreeBuildParser start.
[2026-08-05-18:15:46.895] [INFO] [AscendProfiler_ProfilingParser:129] DbPreParser finish.
[2026-08-05-18:15:46.895] [INFO] [AscendProfiler_ProfilingParser:70] TreeBuildParser finish.
[2026-08-05-18:15:46.896] [INFO] [AscendProfiler_ProfilingParser:62] MemoryPrepareParser start.
[2026-08-05-18:15:46.897] [INFO] [AscendProfiler_ProfilingParser:75] MemoryPrepareParser finish.
[2026-08-05-18:15:49.434] [INFO] [AscendProfiler_ProfilingParser:172] CANNTimelineParser finish.
[2026-08-05-18:15:49.543] [INFO] [AscendProfiler_ProfilingParser:31] RelationParser start.
[2026-08-05-18:15:49.641] [INFO] [AscendProfiler_ProfilingParser:38] RelationParser finish.
[2026-08-05-18:15:50.607] [INFO] [AscendProfiler_ProfilingParser:40] DbParser start.
[2026-08-05-18:15:50.662] [INFO] [AscendProfiler_ProfilingParser:27] BasicDbParser start.
[2026-08-05-18:15:50.669] [INFO] [AscendProfiler_ProfilingParser:40] BasicDbParser finish.
[2026-08-05-18:15:50.669] [INFO] [AscendProfiler_ProfilingParser:27] FwkApiDbParser start.
[2026-08-05-18:15:50.669] [INFO] [AscendProfiler_ProfilingParser:32] FwkApiDbParser get fwk api data finish.
[2026-08-05-18:15:50.675] [INFO] [AscendProfiler_ProfilingParser:34] FwkApiDbParser get api data for db finish.
[2026-08-05-18:15:50.680] [INFO] [AscendProfiler_ProfilingParser:36] FwkApiDbParser save api data to db finish.
[2026-08-05-18:15:50.680] [INFO] [AscendProfiler_ProfilingParser:40] FwkApiDbParser finish.
[2026-08-05-18:15:50.680] [INFO] [AscendProfiler_ProfilingParser:82] MemoryDbParser start.
[2026-08-05-18:15:50.680] [INFO] [AscendProfiler_ProfilingParser:95] MemoryDbParser finish.
[2026-08-05-18:15:50.681] [INFO] [AscendProfiler_ProfilingParser:33] GCRecordDbParser start.
[2026-08-05-18:15:50.681] [INFO] [AscendProfiler_ProfilingParser:41] GCRecordDbParser finish.
[2026-08-05-18:15:50.681] [INFO] [AscendProfiler_ProfilingParser:36] StepInfoDbParser start.
[2026-08-05-18:15:50.689] [INFO] [AscendProfiler_ProfilingParser:43] StepInfoDbParser finish.
[2026-08-05-18:15:50.689] [INFO] [AscendProfiler_ProfilingParser:80] CommunicationDbParser start.
[2026-08-05-18:15:50.691] [INFO] [AscendProfiler_ProfilingParser:88] CommunicationDbParser finish.
[2026-08-05-18:15:50.691] [INFO] [AscendProfiler_ProfilingParser:74] TraceStepTimeDbParser start.
[2026-08-05-18:15:50.710] [INFO] [AscendProfiler_ProfilingParser:83] TraceStepTimeDbParser finish.
[2026-08-05-18:15:50.710] [INFO] [AscendProfiler_ProfilingParser:64] DbParser finish.
[2026-08-05-18:15:51.262] [INFO] [AscendProfiler_ProfilingParser:473] ============================================================
[2026-08-05-18:15:51.262] [INFO] [AscendProfiler_ProfilingParser:474] Task execution completed
[2026-08-05-18:15:51.262] [INFO] [AscendProfiler_ProfilingParser:475] ============================================================
[2026-08-05-18:15:51.262] [INFO] [AscendProfiler_ProfilingParser:478] torch_op                  | PTHREAD         | Succeed    | 0.063s | deps: None
[2026-08-05-18:15:51.262] [INFO] [AscendProfiler_ProfilingParser:478] task_queue                | PTHREAD         | Succeed    | 0.062s | deps: None
[2026-08-05-18:15:51.263] [INFO] [AscendProfiler_ProfilingParser:478] trace_prepare             | SUB_PROCESS     | Succeed    | 0.078s | deps: torch_op, task_queue
[2026-08-05-18:15:51.263] [INFO] [AscendProfiler_ProfilingParser:478] build_tree                | PTHREAD         | Succeed    | 0.005s | deps: torch_op, task_queue
[2026-08-05-18:15:51.263] [INFO] [AscendProfiler_ProfilingParser:478] export                    | SUB_PROCESS     | Succeed    | 3.107s | deps: None
[2026-08-05-18:15:51.263] [INFO] [AscendProfiler_ProfilingParser:478] timeline                  | PTHREAD|NON_BLOCKING | Succeed    | 2.607s | deps: None
[2026-08-05-18:15:51.263] [INFO] [AscendProfiler_ProfilingParser:478] relation                  | PTHREAD         | Succeed    | 0.099s | deps: task_queue, timeline
[2026-08-05-18:15:51.263] [INFO] [AscendProfiler_ProfilingParser:478] memory_prepare            | PTHREAD         | Succeed    | 0.001s | deps: build_tree, task_queue, torch_op
[2026-08-05-18:15:51.263] [INFO] [AscendProfiler_ProfilingParser:478] analyze                   | SUB_PROCESS     | Succeed    | 1.118s | deps: timeline
[2026-08-05-18:15:51.263] [INFO] [AscendProfiler_ProfilingParser:478] operator                  | SUB_PROCESS     | Succeed    | 0.127s | deps: build_tree, timeline, relation, torch_op
[2026-08-05-18:15:51.263] [INFO] [AscendProfiler_ProfilingParser:478] trace                     | SUB_PROCESS     | Succeed    | 0.365s | deps: build_tree, trace_prepare, timeline, task_queue, torch_op
[2026-08-05-18:15:51.263] [INFO] [AscendProfiler_ProfilingParser:478] kernel                    | SUB_PROCESS     | Succeed    | 0.264s | deps: build_tree, export, relation
[2026-08-05-18:15:51.263] [INFO] [AscendProfiler_ProfilingParser:478] step_time                 | SUB_PROCESS     | Succeed    | 0.167s | deps: build_tree, timeline, relation, torch_op
[2026-08-05-18:15:51.263] [INFO] [AscendProfiler_ProfilingParser:478] memory                    | SUB_PROCESS     | Succeed    | 0.269s | deps: export, memory_prepare
[2026-08-05-18:15:51.263] [INFO] [AscendProfiler_ProfilingParser:478] integrate                 | SUB_PROCESS     | Succeed    | 0.215s | deps: export
[2026-08-05-18:15:51.263] [INFO] [AscendProfiler_ProfilingParser:478] communication             | SUB_PROCESS     | Succeed    | 0.074s | deps: build_tree, analyze, relation
[2026-08-05-18:15:51.263] [INFO] [AscendProfiler_ProfilingParser:478] db_prepare                | PTHREAD         | Succeed    | 0.006s | deps: torch_op, task_queue
[2026-08-05-18:15:51.263] [INFO] [AscendProfiler_ProfilingParser:478] torch_db                  | PTHREAD         | Succeed    | 0.104s | deps: export, memory_prepare, build_tree, analyze, db_prepare
