OCR API ready worker_pid=None; preparing table crops in RAM
Frozen ALL cohort: 665 tables (121 LaTeX, 544 non-LaTeX)
Scheduled 100 Poisson arrivals at 3 QPS; request limit=100; last scheduled arrival at 33.704s; HTTP endpoint=http://127.0.0.1:18081/v1/chat/completions
Writing each completion to tmp/09_persistent_page_engine/table_vllm_poisson_sweep100_budgets_qps1to8_324dd85a_20260908/budget16384/qps3/measured/results.jsonl
[   0.049s] SEND #00001 table=page_001375_table_1 lag=   1.1ms active=1
[   0.676s] SEND #00002 table=page_000256_table_box_id_1 lag=   1.0ms active=2
[   1.158s] SEND #00003 table=page_000918_table_6 lag=   1.7ms active=3
[   1.255s] SEND #00004 table=page_001130_table_1 lag=   0.9ms active=4
[   1.483s] SEND #00005 table=page_000758_table_21 lag=   1.3ms active=5
[   1.682s] SEND #00006 table=page_001202_table_3 lag=   0.7ms active=6
[   1.717s] RECV #00002 table=page_000256_table_box_id_1 request= 1.041s scheduled= 1.042s status=ok active=5
[   1.985s] RECV #00005 table=page_000758_table_21 request= 0.502s scheduled= 0.503s status=ok active=4
[   2.033s] SEND #00007 table=page_000636_table_5 lag=   0.3ms active=5
[   2.034s] RECV #00004 table=page_001130_table_1 request= 0.779s scheduled= 0.780s status=ok active=4
[   2.060s] RECV #00003 table=page_000918_table_6 request= 0.903s scheduled= 0.905s status=ok active=3
[   2.551s] SEND #00008 table=page_000254_table_box_id_4 lag=   0.8ms active=4
[   2.584s] SEND #00009 table=page_000178_table_box_id_1 lag=   0.5ms active=5
[   2.593s] SEND #00010 table=page_000220_table_box_id_7 lag=   0.3ms active=6
[   2.717s] RECV #00007 table=page_000636_table_5 request= 0.684s scheduled= 0.684s status=ok active=5
[   3.198s] SEND #00011 table=page_000505_table_1 lag=   2.3ms active=6
[   3.385s] SEND #00012 table=page_000418_table_3 lag=   0.8ms active=7
[   3.865s] SEND #00013 table=page_000266_table_box_id_7 lag=   1.8ms active=8
[   3.865s] SEND #00014 table=page_001375_table_4 lag=   1.7ms active=9
[   4.061s] SEND #00015 table=page_001158_table_3 lag=   0.4ms active=10
[   4.487s] SEND #00016 table=page_000930_table_7 lag=   0.8ms active=11
[   4.574s] SEND #00017 table=page_001198_table_8 lag=   0.6ms active=12
[   5.433s] RECV #00013 table=page_000266_table_box_id_7 request= 1.568s scheduled= 1.570s status=ok active=11
[   5.480s] RECV #00016 table=page_000930_table_7 request= 0.993s scheduled= 0.993s status=ok active=10
[   5.543s] SEND #00018 table=page_000434_table_15 lag=   1.2ms active=11
[   6.316s] SEND #00019 table=page_000534_table_4 lag=   2.0ms active=12
[   6.325s] SEND #00020 table=page_001161_table_3 lag=   0.8ms active=13
[   6.333s] SEND #00021 table=page_000566_table_3 lag=   0.2ms active=14
[   6.593s] SEND #00022 table=page_001200_table_2 lag=   0.8ms active=15
[   7.201s] RECV #00015 table=page_001158_table_3 request= 3.140s scheduled= 3.140s status=ok active=14
[   7.526s] SEND #00023 table=page_000246_table_box_id_6 lag=   0.5ms active=15
[   7.687s] SEND #00024 table=page_001193_table_4 lag=   0.9ms active=16
[   7.768s] SEND #00025 table=page_001270_table_box_id_1 lag=   1.0ms active=17
[   7.951s] SEND #00026 table=page_000592_table_3 lag=   0.9ms active=18
[   7.960s] SEND #00027 table=page_000494_table_7 lag=   0.7ms active=19
[   8.045s] SEND #00028 table=page_000535_table_1 lag=   1.3ms active=20
[   8.236s] SEND #00029 table=page_001186_table_5 lag=   0.8ms active=21
[   8.464s] SEND #00030 table=page_001375_table_31 lag=   0.9ms active=22
[   8.531s] RECV #00023 table=page_000246_table_box_id_6 request= 1.005s scheduled= 1.006s status=ok active=21
[   8.553s] SEND #00031 table=page_000218_table_box_id_4 lag=   1.0ms active=22
[   8.640s] SEND #00032 table=page_001368_table_box_id_278 lag=   0.9ms active=23
[   8.723s] SEND #00033 table=page_001180_table_15 lag=   0.9ms active=24
[   8.756s] RECV #00010 table=page_000220_table_box_id_7 request= 6.163s scheduled= 6.163s status=ok active=23
[   8.866s] RECV #00012 table=page_000418_table_3 request= 5.481s scheduled= 5.482s status=ok active=22
[   8.928s] SEND #00034 table=page_000266_table_box_id_9 lag=   0.7ms active=23
[   9.036s] RECV #00017 table=page_001198_table_8 request= 4.462s scheduled= 4.463s status=ok active=22
[   9.042s] SEND #00035 table=page_000762_table_5 lag=   0.6ms active=23
[   9.048s] SEND #00036 table=page_000499_table_0 lag=   0.2ms active=24
[   9.213s] RECV #00008 table=page_000254_table_box_id_4 request= 6.662s scheduled= 6.662s status=ok active=23
[   9.488s] RECV #00018 table=page_000434_table_15 request= 3.946s scheduled= 3.947s status=ok active=22
[   9.655s] SEND #00037 table=page_000642_table_8 lag=   1.2ms active=23
[   9.901s] RECV #00030 table=page_001375_table_31 request= 1.437s scheduled= 1.438s status=ok active=22
[   9.925s] SEND #00038 table=page_000659_table_5 lag=   0.4ms active=23
[  10.018s] RECV #00029 table=page_001186_table_5 request= 1.782s scheduled= 1.782s status=ok active=22
[  10.268s] SEND #00039 table=page_001128_table_2 lag=   0.6ms active=23
[  10.279s] RECV #00006 table=page_001202_table_3 request= 8.597s scheduled= 8.598s status=ok active=22
[  10.337s] SEND #00040 table=page_001176_table_4 lag=   1.1ms active=23
[  10.649s] RECV #00001 table=page_001375_table_1 request=10.600s scheduled=10.601s status=ok active=22
[  10.756s] RECV #00032 table=page_001368_table_box_id_278 request= 2.116s scheduled= 2.117s status=ok active=21
[  11.068s] RECV #00024 table=page_001193_table_4 request= 3.382s scheduled= 3.383s status=ok active=20
[  11.411s] RECV #00019 table=page_000534_table_4 request= 5.095s scheduled= 5.097s status=ok active=19
[  11.547s] RECV #00035 table=page_000762_table_5 request= 2.505s scheduled= 2.506s status=ok active=18
[  11.758s] RECV #00038 table=page_000659_table_5 request= 1.833s scheduled= 1.833s status=ok active=17
[  11.970s] SEND #00041 table=page_001154_table_10 lag=   0.6ms active=18
[  12.231s] RECV #00027 table=page_000494_table_7 request= 4.271s scheduled= 4.271s status=ok active=17
[  12.498s] RECV #00034 table=page_000266_table_box_id_9 request= 3.571s scheduled= 3.571s status=ok active=16
[  12.625s] RECV #00033 table=page_001180_table_15 request= 3.902s scheduled= 3.903s status=ok active=15
[  12.625s] SEND #00042 table=page_000467_table_17 lag=   0.6ms active=16
[  12.665s] RECV #00011 table=page_000505_table_1 request= 9.467s scheduled= 9.470s status=ok active=15
[  12.668s] SEND #00043 table=page_000647_table_3 lag=   0.4ms active=16
[  12.804s] SEND #00044 table=page_001493_table_box_id_13 lag=   1.5ms active=17
[  13.034s] RECV #00043 table=page_000647_table_3 request= 0.366s scheduled= 0.367s status=ok active=16
[  13.229s] SEND #00045 table=page_000605_table_3 lag=   0.6ms active=17
[  13.267s] RECV #00009 table=page_000178_table_box_id_1 request=10.683s scheduled=10.683s status=ok active=16
[  13.428s] RECV #00028 table=page_000535_table_1 request= 5.384s scheduled= 5.385s status=ok active=15
[  13.494s] RECV #00021 table=page_000566_table_3 request= 7.161s scheduled= 7.161s status=ok active=14
[  13.503s] RECV #00045 table=page_000605_table_3 request= 0.274s scheduled= 0.275s status=ok active=13
[  13.644s] SEND #00046 table=page_001117_table_box_id_17 lag=   1.4ms active=14
[  14.174s] RECV #00020 table=page_001161_table_3 request= 7.849s scheduled= 7.850s status=ok active=13
[  14.297s] RECV #00046 table=page_001117_table_box_id_17 request= 0.653s scheduled= 0.655s status=ok active=12
[  14.562s] SEND #00047 table=page_000509_table_0 lag=   0.9ms active=13
[  14.666s] RECV #00036 table=page_000499_table_0 request= 5.617s scheduled= 5.617s status=ok active=12
[  14.744s] SEND #00048 table=page_000565_table_1 lag=   0.7ms active=13
[  15.335s] SEND #00049 table=page_000841_table_22 lag=   0.9ms active=14
[  15.567s] RECV #00031 table=page_000218_table_box_id_4 request= 7.014s scheduled= 7.015s status=ok active=13
[  15.632s] RECV #00044 table=page_001493_table_box_id_13 request= 2.828s scheduled= 2.830s status=ok active=12
[  15.705s] SEND #00050 table=page_000922_table_12 lag=   0.9ms active=13
[  15.752s] RECV #00049 table=page_000841_table_22 request= 0.416s scheduled= 0.417s status=ok active=12
[  15.826s] SEND #00051 table=page_001169_table_11 lag=   1.3ms active=13
[  16.122s] SEND #00052 table=page_000287_table_box_id_8 lag=   1.5ms active=14
[  16.237s] RECV #00041 table=page_001154_table_10 request= 4.268s scheduled= 4.268s status=ok active=13
[  16.835s] SEND #00053 table=page_000246_table_box_id_6 lag=   1.0ms active=14
[  17.194s] RECV #00051 table=page_001169_table_11 request= 1.368s scheduled= 1.369s status=ok active=13
[  17.458s] SEND #00054 table=page_000737_table_6 lag=   0.7ms active=14
[  17.653s] RECV #00053 table=page_000246_table_box_id_6 request= 0.818s scheduled= 0.819s status=ok active=13
[  17.694s] SEND #00055 table=page_000250_table_box-stnne6dt lag=   1.2ms active=14
[  17.990s] SEND #00056 table=page_000647_table_6 lag=   1.2ms active=15
[  17.991s] RECV #00048 table=page_000565_table_1 request= 3.247s scheduled= 3.248s status=ok active=14
[  18.002s] SEND #00057 table=page_000652_table_2 lag=   1.6ms active=15
[  18.094s] SEND #00058 table=page_001367_table_70 lag=   0.9ms active=16
[  18.605s] RECV #00056 table=page_000647_table_6 request= 0.615s scheduled= 0.616s status=ok active=15
[  18.626s] SEND #00059 table=page_001368_table_box_id_163 lag=   1.1ms active=16
[  18.754s] RECV #00039 table=page_001128_table_2 request= 8.486s scheduled= 8.487s status=ok active=15
[  18.764s] RECV #00050 table=page_000922_table_12 request= 3.058s scheduled= 3.059s status=ok active=14
[  18.804s] SEND #00060 table=page_000468_table_1 lag=   0.5ms active=15
[  18.868s] SEND #00061 table=page_000838_table_4 lag=   1.1ms active=16
[  19.090s] RECV #00059 table=page_001368_table_box_id_163 request= 0.464s scheduled= 0.465s status=ok active=15
[  19.133s] SEND #00062 table=page_000665_table_3 lag=   0.4ms active=16
[  19.311s] RECV #00022 table=page_001200_table_2 request=12.718s scheduled=12.718s status=ok active=15
[  19.330s] RECV #00054 table=page_000737_table_6 request= 1.871s scheduled= 1.872s status=ok active=14
[  19.358s] RECV #00062 table=page_000665_table_3 request= 0.225s scheduled= 0.225s status=ok active=13
[  19.387s] RECV #00026 table=page_000592_table_3 request=11.436s scheduled=11.437s status=ok active=12
[  19.463s] RECV #00025 table=page_001270_table_box_id_1 request=11.695s scheduled=11.696s status=ok active=11
[  19.464s] RECV #00061 table=page_000838_table_4 request= 0.596s scheduled= 0.597s status=ok active=10
[  19.537s] SEND #00063 table=page_001595_table_box_id_14 lag=   0.4ms active=11
[  19.856s] RECV #00037 table=page_000642_table_8 request=10.200s scheduled=10.202s status=ok active=10
[  19.912s] SEND #00064 table=page_000818_table_1 lag=   0.4ms active=11
[  19.965s] RECV #00060 table=page_000468_table_1 request= 1.161s scheduled= 1.161s status=ok active=10
[  20.069s] SEND #00065 table=page_000937_table_0 lag=   1.7ms active=11
[  20.261s] SEND #00066 table=page_000222_table_box_id_1 lag=   0.6ms active=12
[  20.358s] RECV #00014 table=page_001375_table_4 request=16.492s scheduled=16.494s status=ok active=11
[  20.498s] SEND #00067 table=page_000744_table_11 lag=   0.8ms active=12
[  20.638s] RECV #00040 table=page_001176_table_4 request=10.300s scheduled=10.301s status=ok active=11
[  20.919s] RECV #00064 table=page_000818_table_1 request= 1.007s scheduled= 1.008s status=ok active=10
[  21.000s] SEND #00068 table=page_000284_table_box_id_0 lag=   0.8ms active=11
[  21.245s] SEND #00069 table=page_000266_table_box_id_1 lag=   0.5ms active=12
[  21.263s] RECV #00067 table=page_000744_table_11 request= 0.765s scheduled= 0.766s status=ok active=11
[  21.309s] RECV #00058 table=page_001367_table_70 request= 3.215s scheduled= 3.216s status=ok active=10
[  21.412s] SEND #00070 table=page_001368_table_box_id_271 lag=   0.8ms active=11
[  21.567s] RECV #00057 table=page_000652_table_2 request= 3.565s scheduled= 3.567s status=ok active=10
[  21.636s] SEND #00071 table=page_000467_table_17 lag=   0.2ms active=11
[  21.647s] SEND #00072 table=page_000737_table_0 lag=   1.2ms active=12
[  21.662s] SEND #00073 table=page_000526_table_7 lag=   1.4ms active=13
[  22.066s] SEND #00074 table=page_001011_table_30 lag=   0.8ms active=14
[  22.401s] RECV #00042 table=page_000467_table_17 request= 9.776s scheduled= 9.776s status=ok active=13
[  22.658s] RECV #00065 table=page_000937_table_0 request= 2.589s scheduled= 2.590s status=ok active=12
[  22.858s] RECV #00070 table=page_001368_table_box_id_271 request= 1.446s scheduled= 1.447s status=ok active=11
[  23.094s] RECV #00066 table=page_000222_table_box_id_1 request= 2.833s scheduled= 2.834s status=ok active=10
[  23.210s] RECV #00069 table=page_000266_table_box_id_1 request= 1.965s scheduled= 1.965s status=ok active=9
[  23.220s] RECV #00047 table=page_000509_table_0 request= 8.658s scheduled= 8.659s status=ok active=8
[  23.237s] RECV #00073 table=page_000526_table_7 request= 1.575s scheduled= 1.577s status=ok active=7
[  23.428s] SEND #00075 table=page_000246_table_box_id_11 lag=   0.4ms active=8
[  23.728s] SEND #00076 table=page_000676_table_2 lag=   0.8ms active=9
[  23.773s] RECV #00063 table=page_001595_table_box_id_14 request= 4.235s scheduled= 4.236s status=ok active=8
[  23.895s] SEND #00077 table=page_001368_table_box_id_268 lag=   0.9ms active=9
[  23.957s] SEND #00078 table=page_000190_table_box_id_0 lag=   0.8ms active=10
[  24.189s] SEND #00079 table=page_001368_table_box_id_227 lag=   0.8ms active=11
[  24.435s] RECV #00077 table=page_001368_table_box_id_268 request= 0.541s scheduled= 0.542s status=ok active=10
[  24.872s] RECV #00072 table=page_000737_table_0 request= 3.225s scheduled= 3.227s status=ok active=9
[  25.029s] RECV #00075 table=page_000246_table_box_id_11 request= 1.602s scheduled= 1.602s status=ok active=8
[  25.125s] RECV #00078 table=page_000190_table_box_id_0 request= 1.168s scheduled= 1.169s status=ok active=7
[  25.530s] SEND #00080 table=page_001134_table_9 lag=   0.6ms active=8
[  26.021s] SEND #00081 table=page_000591_table_3 lag=   1.7ms active=9
[  26.279s] SEND #00082 table=page_000210_table_box_id_4 lag=   0.4ms active=10
[  26.936s] SEND #00083 table=page_000649_table_8 lag=   1.2ms active=11
[  27.023s] SEND #00084 table=page_000289_table_box_id_4 lag=   0.3ms active=12
[  27.264s] SEND #00085 table=page_001190_table_8 lag=   1.5ms active=13
[  27.774s] RECV #00082 table=page_000210_table_box_id_4 request= 1.495s scheduled= 1.496s status=ok active=12
[  27.867s] RECV #00055 table=page_000250_table_box-stnne6dt request=10.173s scheduled=10.175s status=ok active=11
[  27.967s] RECV #00079 table=page_001368_table_box_id_227 request= 3.778s scheduled= 3.779s status=ok active=10
[  28.279s] SEND #00086 table=page_000211_table_box_id_3 lag=   0.9ms active=11
[  28.379s] RECV #00074 table=page_001011_table_30 request= 6.313s scheduled= 6.313s status=ok active=10
[  28.407s] RECV #00081 table=page_000591_table_3 request= 2.386s scheduled= 2.388s status=ok active=9
[  28.566s] SEND #00087 table=page_001182_table_3 lag=   0.6ms active=10
[  28.645s] RECV #00083 table=page_000649_table_8 request= 1.709s scheduled= 1.711s status=ok active=9
[  28.772s] SEND #00088 table=page_000242_table_box-mhg591pb lag=   1.1ms active=10
[  28.877s] SEND #00089 table=page_001274_table_4 lag=   1.8ms active=11
[  29.141s] SEND #00090 table=page_001177_table_2 lag=   1.0ms active=12
[  30.067s] RECV #00071 table=page_000467_table_17 request= 8.431s scheduled= 8.431s status=ok active=11
[  30.191s] SEND #00091 table=page_001202_table_3 lag=   1.0ms active=12
[  30.193s] SEND #00092 table=page_001158_table_3 lag=   1.0ms active=13
[  30.702s] SEND #00093 table=page_000641_table_8 lag=   0.5ms active=14
[  31.277s] SEND #00094 table=page_000657_table_6 lag=   2.7ms active=15
[  31.438s] RECV #00076 table=page_000676_table_2 request= 7.710s scheduled= 7.711s status=ok active=14
[  31.501s] RECV #00094 table=page_000657_table_6 request= 0.224s scheduled= 0.227s status=ok active=13
[  31.779s] RECV #00093 table=page_000641_table_8 request= 1.077s scheduled= 1.078s status=ok active=12
[  31.999s] SEND #00095 table=page_000626_table_box_id_4 lag=   0.2ms active=13
[  32.026s] RECV #00088 table=page_000242_table_box-mhg591pb request= 3.255s scheduled= 3.256s status=ok active=12
[  32.446s] RECV #00087 table=page_001182_table_3 request= 3.880s scheduled= 3.880s status=ok active=11
[  32.449s] SEND #00096 table=page_000829_table_4 lag=   0.2ms active=12
[  32.671s] RECV #00086 table=page_000211_table_box_id_3 request= 4.392s scheduled= 4.393s status=ok active=11
[  32.672s] RECV #00085 table=page_001190_table_8 request= 5.408s scheduled= 5.409s status=ok active=10
[  32.832s] RECV #00092 table=page_001158_table_3 request= 2.639s scheduled= 2.640s status=ok active=9
[  32.841s] RECV #00080 table=page_001134_table_9 request= 7.312s scheduled= 7.312s status=ok active=8
[  33.001s] SEND #00097 table=page_000468_table_11 lag=   0.9ms active=9
[  33.179s] RECV #00090 table=page_001177_table_2 request= 4.039s scheduled= 4.040s status=ok active=8
[  33.245s] SEND #00098 table=page_000434_table_16 lag=   0.9ms active=9
[  33.520s] SEND #00099 table=page_001175_table_2 lag=   1.5ms active=10
[  33.609s] RECV #00096 table=page_000829_table_4 request= 1.160s scheduled= 1.160s status=ok active=9
[  33.705s] SEND #00100 table=page_001230_table_box_id_1 lag=   0.8ms active=10
[  34.185s] RECV #00097 table=page_000468_table_11 request= 1.184s scheduled= 1.185s status=ok active=9
[  34.596s] RECV #00098 table=page_000434_table_16 request= 1.351s scheduled= 1.352s status=ok active=8
[  35.896s] RECV #00100 table=page_001230_table_box_id_1 request= 2.192s scheduled= 2.192s status=ok active=7
[  36.556s] RECV #00091 table=page_001202_table_3 request= 6.366s scheduled= 6.367s status=ok active=6
[  36.728s] RECV #00052 table=page_000287_table_box_id_8 request=20.606s scheduled=20.608s status=ok active=5
[  37.631s] RECV #00099 table=page_001175_table_2 request= 4.111s scheduled= 4.113s status=ok active=4
[  38.151s] RECV #00068 table=page_000284_table_box_id_0 request=17.151s scheduled=17.151s status=ok active=3
[  45.575s] RECV #00095 table=page_000626_table_box_id_4 request=13.576s scheduled=13.576s status=ok active=2
[  50.686s] RECV #00089 table=page_001274_table_4 request=21.809s scheduled=21.811s status=ok active=1
[  52.098s] RECV #00084 table=page_000289_table_box_id_4 request=25.075s scheduled=25.075s status=ok active=0
DONE completed=100 failed=0 max_active=24 p50=3.237s p95=13.722s max=25.075s
Summary: tmp/09_persistent_page_engine/table_vllm_poisson_sweep100_budgets_qps1to8_324dd85a_20260908/budget16384/qps3/measured/summary.json
