START_WORKER source /usr/local/bin/npu-setup; export TORCH_DEVICE_BACKEND_AUTOLOAD=0 OMP_NUM_THREADS=1 ASCEND_RT_VISIBLE_DEVICES=7; source /workspace/rwkv_reference/wkv7_build_178d16e6/install/vendors/rwkv_reference/bin/set_env.bash; source /workspace/rwkv_reference/wkv7_endpoint_d7348673/install/vendors/rwkv_endpoint/bin/set_env.bash; export PATH=/usr/local/python3.12.13/bin:$PATH; cd /workspace/repos/rwkv-cpu-reference; exec /workspace/venvs/rwkv_cpu_py312/bin/python -u /workspace/repos/rwkv-cpu-reference/26_rwkv_inference/bench_reranker_sizes.py --models /workspace/rwkv_reference/models --cases-root /workspace/repos/rwkv-cpu-reference/tmp/26_rwkv_inference --upstream /workspace/rwkv_reference/upstream/reranker --reference-build /workspace/rwkv_reference/wkv7_build_178d16e6 --build-root /workspace/rwkv_reference/wkv7_endpoint_d7348673 --download-status /workspace/rwkv_reference/large_models_download/status.json --worker --allow-shared-device --size large --dtype fp16 --batch-size 1 --exact-input-shape --repeats 10 --bucket 512 --output /workspace/repos/rwkv-cpu-reference/tmp/26_rwkv_inference/reranker_largest_shared_434778e9/probe_t512
npu-status: no free NPU found
ninja: no work to do.
ninja: no work to do.
namespace(head_size=64, n_embd=2048, n_layer=24)
CPU_GATE {"input_ids": [33193, 8872, 59, 36733, 332, 39415, 45, 57129, 33563, 36240, 33944, 21700, 37533, 43927, 63218, 65535], "states": [{"max_abs": 0.0046596527099609375, "normalized_rmse": 0.0005880591925233603, "finite": true}, {"max_abs": 0.09566497802734375, "normalized_rmse": 0.0004969288711436093, "finite": true}], "hidden": {"max_abs": 0.11690902709960938, "normalized_rmse": 0.0011051335604861379, "finite": true}, "logits": {"max_abs": 0.0027704238891601562, "normalized_rmse": 0.0006727067520841956, "finite": true}, "cpu_logits": [-4.11832332611084], "npu_logits": [-4.12109375], "seconds": 18.369067970008473}
EAGER_TIMING {"repeats": 10, "warmups": 3, "host_samples_seconds": [0.1799696099915309, 0.17934396999771707, 0.17961551999906078, 0.1798895700048888, 0.17921034999017138, 0.1796308199991472, 0.17948041000636294, 0.17947225000534672, 0.17917356999532785, 0.18024851998779923], "device_samples_seconds": [0.17917483520507813, 0.1791573944091797, 0.17942951965332032, 0.17973493957519532, 0.17904074096679687, 0.17948216247558593, 0.17929716491699219, 0.1793067626953125, 0.1790129852294922, 0.1800874328613281], "host_median_seconds": 0.17954796500271186, "host_max_seconds": 0.18024851998779923, "device_median_seconds": 0.17930196380615235, "pairs_per_second": 5.569542378187891}
COMPILE_START large fp16 512
........WORKER_RESULT {"size": "large", "dtype": "fp16", "batch_size": 1, "gate_only": false, "bucket": 512, "source_commit": "434778e9c5519f10ed052378b17688809f6d203d", "physical_npu": "7", "shared_device": true, "all_checks_passed": false, "scope": "Prepared device inputs; uncached backbone plus state-readout head. Synchronized steady calls exclude CPU checks, compile, input transfers and tokenization.", "npu_status_before": "NPU 7: busy HBM=57130/65536MB AICore=2% Health=OK", "allocator_budget_bytes": 6442450944, "device": "Ascend910B2", "torch": "2.10.0+cpu", "torch_npu": "2.10.0.post2", "hbm_before": {"free_bytes": 8759066624, "total_bytes": 65452113920}, "state_dtype": "fp32", "checkpoint_sha256": "be7245cc832b43ed0df4873d49c1a831cb9972d27de3f8cc4950588fc8b9392d", "reranker_sha256": "4ab584f4da09bb6528a027a740b3752711e138188b5885ebd02581edc58cce8a", "architecture": {"backbone_layers": 24, "reranker_layers": 24, "width": 2048, "heads": 32, "head_size": 64, "selected_layers": [0, 1, 2, 3, 4, 5, 6, 7, 8, 9, 10, 11, 12, 13, 14, 15, 16, 17, 18, 19, 20, 21, 22, 23]}, "cases_sha256": "0a5e139202b3386e0dae793cda12c2a0803cf05dbd5b060a3cca084bd17d8dbe", "cpu_gate": {"input_ids": [33193, 8872, 59, 36733, 332, 39415, 45, 57129, 33563, 36240, 33944, 21700, 37533, 43927, 63218, 65535], "states": [{"max_abs": 0.0046596527099609375, "normalized_rmse": 0.0005880591925233603, "finite": true}, {"max_abs": 0.09566497802734375, "normalized_rmse": 0.0004969288711436093, "finite": true}], "hidden": {"max_abs": 0.11690902709960938, "normalized_rmse": 0.0011051335604861379, "finite": true}, "logits": {"max_abs": 0.0027704238891601562, "normalized_rmse": 0.0006727067520841956, "finite": true}, "cpu_logits": [-4.11832332611084], "npu_logits": [-4.12109375], "seconds": 18.369067970008473}, "static_tokens": 257, "exact_input_shape": true, "valid_tokens": [257], "batch_and_right_padding_vs_single": {"max_abs": 0.0, "normalized_rmse": 0.0, "finite": true}, "raw_checks_passed": true, "compile_and_first_call_seconds": 195.69414380998933, "error": "AssertionError: {'max_abs': 0.04619598388671875, 'normalized_rmse': 0.0005372988525778055, 'finite': True}", "total_seconds": 242.23140618999605, "peak_hbm_bytes": {"allocated": 5788017664, "reserved": 6268387328}}
Traceback (most recent call last):
  File "/workspace/repos/rwkv-cpu-reference/26_rwkv_inference/bench_reranker_sizes.py", line 241, in <module>
    if __name__=='__main__':main()
                            ^^^^^^
  File "/workspace/repos/rwkv-cpu-reference/26_rwkv_inference/bench_reranker_sizes.py", line 238, in main
    worker(args) if args.worker else coordinate(args)
    ^^^^^^^^^^^^
  File "/workspace/repos/rwkv-cpu-reference/26_rwkv_inference/bench_reranker_sizes.py", line 135, in worker
    report['compiled_states_vs_eager']=[require(a,b,.02,.005) for a,b in zip(actual,eager)]
                                        ^^^^^^^^^^^^^^^^^^^^^
  File "/workspace/repos/rwkv-cpu-reference/26_rwkv_inference/run_reranker_smoke.py", line 101, in require
    raise AssertionError(m)
AssertionError: {'max_abs': 0.04619598388671875, 'normalized_rmse': 0.0005372988525778055, 'finite': True}
[ERROR] 2026-10-07-08:12:11 (PID:99098, Device:0, RankID:-1) ERR99999 UNKNOWN applicaiton exception
