Waiting for inference worker pid=100047
SETUP {"stage":"frontend","status":"start"}
SETUP {"stage":"frontend","status":"done","elapsed_s":5.766264}
SETUP {"stage":"model_load","status":"start"}
SETUP {"stage":"model_load","status":"done","elapsed_s":10.939483}
SETUP {"stage":"decode_lm_head","status":"start"}
SETUP {"stage":"decode_lm_head","status":"done","elapsed_s":0.072697}
SETUP {"stage":"vision_mlp_padding","status":"start"}
SETUP {"stage":"vision_mlp_padding","status":"done","elapsed_s":0.027766}
SETUP {"stage":"vision_attention_weight_padding","status":"start"}
SETUP {"stage":"vision_attention_weight_padding","status":"done","elapsed_s":0.067246}
SETUP {"stage":"vision_weight_format","status":"start"}
SETUP {"stage":"vision_weight_format","status":"done","elapsed_s":5.571063}
SETUP {"stage":"decode_optimization_setup","status":"start"}
SETUP {"stage":"decode_optimization_setup","status":"done","elapsed_s":0.489418}
SETUP {"stage":"decode_weight_format","status":"start"}
SETUP {"stage":"decode_weight_format","status":"done","elapsed_s":0.018509}
SETUP {"stage":"vision_runtime","status":"start"}
..........SETUP {"stage":"vision_runtime","status":"done","elapsed_s":192.243455}
SETUP {"stage":"text_prefill_runtime","status":"start"}
.....SETUP {"stage":"text_prefill_runtime","status":"done","elapsed_s":143.511658}
SETUP {"stage":"text_decode_runtime","status":"start"}
.SETUP {"stage":"text_decode_runtime","status":"done","elapsed_s":10.853867}
SETUP {"stage":"private_cache_pool","status":"start"}
SETUP {"stage":"private_cache_pool","status":"done","elapsed_s":0.006305}
SETUP {"stage":"decode_control","status":"start"}
SETUP {"stage":"decode_control","status":"done","elapsed_s":0.004985}
SETUP {"stage":"recognizer_runtime","status":"done","elapsed_s":369.62573}
READY http://127.0.0.1:8767 worker_pid=100047
HTTP 127.0.0.1 "GET /ready HTTP/1.1" 200 -
HTTP 127.0.0.1 "GET /ready HTTP/1.1" 200 -
HTTP 127.0.0.1 "POST /v1/ocr?crop_type=table&request_id=client-001-page_001272_table_1&source_request_id=page_001272_table_1 HTTP/1.1" 200 -
SERVICE_SUMMARY /workspace/repos/table_step1_be691de1_20260910/tmp/19_table_ocr_serving/current_checkpoint_20260913/compile/b8/service_logs/service_summary.json
