OCR API ready worker_pid=None; preparing table crops in RAM
Frozen ALL cohort: 665 tables (121 LaTeX, 544 non-LaTeX)
Scheduled 100 Poisson arrivals at 6 QPS; request limit=100; last scheduled arrival at 16.852s; HTTP endpoint=http://127.0.0.1:18081/v1/chat/completions
Writing each completion to tmp/09_persistent_page_engine/table_vllm_poisson_sweep100_budgets_qps1to8_324dd85a_20260908/budget16384/qps6/measured/results.jsonl
[   0.025s] SEND #00001 table=page_001375_table_1 lag=   0.6ms active=1
[   0.338s] SEND #00002 table=page_000256_table_box_id_1 lag=   0.6ms active=2
[   0.580s] SEND #00003 table=page_000918_table_6 lag=   1.7ms active=3
[   0.628s] SEND #00004 table=page_001130_table_1 lag=   0.8ms active=4
[   0.742s] SEND #00005 table=page_000758_table_21 lag=   0.9ms active=5
[   0.841s] SEND #00006 table=page_001202_table_3 lag=   0.5ms active=6
[   1.018s] SEND #00007 table=page_000636_table_5 lag=   2.0ms active=7
[   1.277s] SEND #00008 table=page_000254_table_box_id_4 lag=   1.3ms active=8
[   1.293s] SEND #00009 table=page_000178_table_box_id_1 lag=   1.2ms active=9
[   1.297s] SEND #00010 table=page_000220_table_box_id_7 lag=   0.5ms active=10
[   1.363s] RECV #00005 table=page_000758_table_21 request= 0.621s scheduled= 0.622s status=ok active=9
[   1.599s] SEND #00011 table=page_000505_table_1 lag=   1.0ms active=10
[   1.693s] SEND #00012 table=page_000418_table_3 lag=   1.0ms active=11
[   1.853s] RECV #00004 table=page_001130_table_1 request= 1.225s scheduled= 1.226s status=ok active=10
[   1.870s] RECV #00002 table=page_000256_table_box_id_1 request= 1.532s scheduled= 1.532s status=ok active=9
[   1.933s] SEND #00013 table=page_000266_table_box_id_7 lag=   1.1ms active=10
[   1.933s] SEND #00014 table=page_001375_table_4 lag=   1.5ms active=11
[   1.989s] RECV #00003 table=page_000918_table_6 request= 1.410s scheduled= 1.411s status=ok active=10
[   2.031s] SEND #00015 table=page_001158_table_3 lag=   0.7ms active=11
[   2.244s] SEND #00016 table=page_000930_table_7 lag=   1.2ms active=12
[   2.287s] SEND #00017 table=page_001198_table_8 lag=   0.6ms active=13
[   2.682s] RECV #00007 table=page_000636_table_5 request= 1.664s scheduled= 1.666s status=ok active=12
[   2.771s] SEND #00018 table=page_000434_table_15 lag=   0.7ms active=13
[   3.158s] SEND #00019 table=page_000534_table_4 lag=   1.2ms active=14
[   3.162s] SEND #00020 table=page_001161_table_3 lag=   0.2ms active=15
[   3.167s] SEND #00021 table=page_000566_table_3 lag=   0.8ms active=16
[   3.245s] RECV #00016 table=page_000930_table_7 request= 1.000s scheduled= 1.001s status=ok active=15
[   3.298s] SEND #00022 table=page_001200_table_2 lag=   2.0ms active=16
[   3.764s] SEND #00023 table=page_000246_table_box_id_6 lag=   1.5ms active=17
[   3.844s] SEND #00024 table=page_001193_table_4 lag=   0.7ms active=18
[   3.885s] SEND #00025 table=page_001270_table_box_id_1 lag=   1.3ms active=19
[   3.976s] SEND #00026 table=page_000592_table_3 lag=   1.1ms active=20
[   3.978s] RECV #00013 table=page_000266_table_box_id_7 request= 2.045s scheduled= 2.047s status=ok active=19
[   3.981s] SEND #00027 table=page_000494_table_7 lag=   0.7ms active=20
[   4.023s] SEND #00028 table=page_000535_table_1 lag=   1.0ms active=21
[   4.118s] SEND #00029 table=page_001186_table_5 lag=   0.5ms active=22
[   4.232s] SEND #00030 table=page_001375_table_31 lag=   0.6ms active=23
[   4.277s] SEND #00031 table=page_000218_table_box_id_4 lag=   0.6ms active=24
[   4.321s] SEND #00032 table=page_001368_table_box_id_278 lag=   1.3ms active=25
[   4.361s] SEND #00033 table=page_001180_table_15 lag=   0.4ms active=26
[   4.465s] SEND #00034 table=page_000266_table_box_id_9 lag=   1.3ms active=27
[   4.521s] SEND #00035 table=page_000762_table_5 lag=   0.5ms active=28
[   4.525s] SEND #00036 table=page_000499_table_0 lag=   1.0ms active=29
[   4.782s] RECV #00023 table=page_000246_table_box_id_6 request= 1.017s scheduled= 1.019s status=ok active=28
[   4.827s] SEND #00037 table=page_000642_table_8 lag=   0.4ms active=29
[   4.964s] SEND #00038 table=page_000659_table_5 lag=   1.2ms active=30
[   5.135s] SEND #00039 table=page_001128_table_2 lag=   0.7ms active=31
[   5.169s] SEND #00040 table=page_001176_table_4 lag=   0.8ms active=32
[   5.545s] RECV #00015 table=page_001158_table_3 request= 3.515s scheduled= 3.515s status=ok active=31
[   5.986s] SEND #00041 table=page_001154_table_10 lag=   1.2ms active=32
[   6.313s] SEND #00042 table=page_000467_table_17 lag=   1.2ms active=33
[   6.334s] SEND #00043 table=page_000647_table_3 lag=   0.5ms active=34
[   6.402s] SEND #00044 table=page_001493_table_box_id_13 lag=   0.7ms active=35
[   6.476s] RECV #00018 table=page_000434_table_15 request= 3.705s scheduled= 3.705s status=ok active=34
[   6.615s] SEND #00045 table=page_000605_table_3 lag=   0.7ms active=35
[   6.744s] RECV #00017 table=page_001198_table_8 request= 4.457s scheduled= 4.458s status=ok active=34
[   6.822s] SEND #00046 table=page_001117_table_box_id_17 lag=   0.9ms active=35
[   7.282s] SEND #00047 table=page_000509_table_0 lag=   1.2ms active=36
[   7.372s] SEND #00048 table=page_000565_table_1 lag=   0.4ms active=37
[   7.418s] RECV #00024 table=page_001193_table_4 request= 3.574s scheduled= 3.575s status=ok active=36
[   7.559s] RECV #00012 table=page_000418_table_3 request= 5.865s scheduled= 5.866s status=ok active=35
[   7.668s] SEND #00049 table=page_000841_table_22 lag=   1.2ms active=36
[   7.785s] RECV #00019 table=page_000534_table_4 request= 4.627s scheduled= 4.628s status=ok active=35
[   7.854s] SEND #00050 table=page_000922_table_12 lag=   1.5ms active=36
[   7.913s] SEND #00051 table=page_001169_table_11 lag=   0.8ms active=37
[   7.998s] RECV #00010 table=page_000220_table_box_id_7 request= 6.701s scheduled= 6.702s status=ok active=36
[   8.060s] SEND #00052 table=page_000287_table_box_id_8 lag=   0.2ms active=37
[   8.269s] RECV #00008 table=page_000254_table_box_id_4 request= 6.992s scheduled= 6.994s status=ok active=36
[   8.378s] RECV #00030 table=page_001375_table_31 request= 4.145s scheduled= 4.146s status=ok active=35
[   8.417s] SEND #00053 table=page_000246_table_box_id_6 lag=   0.2ms active=36
[   8.537s] RECV #00029 table=page_001186_table_5 request= 4.419s scheduled= 4.419s status=ok active=35
[   8.729s] SEND #00054 table=page_000737_table_6 lag=   0.6ms active=36
[   8.847s] SEND #00055 table=page_000250_table_box-stnne6dt lag=   0.6ms active=37
[   8.967s] RECV #00032 table=page_001368_table_box_id_278 request= 4.646s scheduled= 4.647s status=ok active=36
[   8.996s] SEND #00056 table=page_000647_table_6 lag=   1.2ms active=37
[   9.001s] SEND #00057 table=page_000652_table_2 lag=   0.3ms active=38
[   9.047s] SEND #00058 table=page_001367_table_70 lag=   0.9ms active=39
[   9.314s] SEND #00059 table=page_001368_table_box_id_163 lag=   1.0ms active=40
[   9.403s] SEND #00060 table=page_000468_table_1 lag=   0.9ms active=41
[   9.435s] SEND #00061 table=page_000838_table_4 lag=   1.1ms active=42
[   9.521s] RECV #00035 table=page_000762_table_5 request= 5.000s scheduled= 5.000s status=ok active=41
[   9.567s] SEND #00062 table=page_000665_table_3 lag=   0.9ms active=42
[   9.628s] RECV #00021 table=page_000566_table_3 request= 6.460s scheduled= 6.461s status=ok active=41
[   9.628s] RECV #00027 table=page_000494_table_7 request= 5.648s scheduled= 5.648s status=ok active=40
[   9.769s] SEND #00063 table=page_001595_table_box_id_14 lag=   0.4ms active=41
[   9.882s] RECV #00038 table=page_000659_table_5 request= 4.918s scheduled= 4.919s status=ok active=40
[   9.956s] SEND #00064 table=page_000818_table_1 lag=   0.6ms active=41
[  10.034s] SEND #00065 table=page_000937_table_0 lag=   0.5ms active=42
[  10.096s] RECV #00006 table=page_001202_table_3 request= 9.255s scheduled= 9.255s status=ok active=41
[  10.131s] SEND #00066 table=page_000222_table_box_id_1 lag=   0.5ms active=42
[  10.251s] SEND #00067 table=page_000744_table_11 lag=   2.3ms active=43
[  10.291s] RECV #00034 table=page_000266_table_box_id_9 request= 5.826s scheduled= 5.827s status=ok active=42
[  10.500s] SEND #00068 table=page_000284_table_box_id_0 lag=   0.8ms active=43
[  10.614s] RECV #00033 table=page_001180_table_15 request= 6.253s scheduled= 6.253s status=ok active=42
[  10.624s] SEND #00069 table=page_000266_table_box_id_1 lag=   2.1ms active=43
[  10.707s] SEND #00070 table=page_001368_table_box_id_271 lag=   0.9ms active=44
[  10.739s] RECV #00020 table=page_001161_table_3 request= 7.577s scheduled= 7.577s status=ok active=43
[  10.819s] SEND #00071 table=page_000467_table_17 lag=   1.0ms active=44
[  10.824s] SEND #00072 table=page_000737_table_0 lag=   0.9ms active=45
[  10.831s] SEND #00073 table=page_000526_table_7 lag=   0.5ms active=46
[  10.980s] RECV #00043 table=page_000647_table_3 request= 4.646s scheduled= 4.646s status=ok active=45
[  11.034s] SEND #00074 table=page_001011_table_30 lag=   1.1ms active=46
[  11.319s] RECV #00011 table=page_000505_table_1 request= 9.720s scheduled= 9.721s status=ok active=45
[  11.558s] RECV #00045 table=page_000605_table_3 request= 4.943s scheduled= 4.943s status=ok active=44
[  11.714s] SEND #00075 table=page_000246_table_box_id_11 lag=   0.5ms active=45
[  11.758s] RECV #00028 table=page_000535_table_1 request= 7.736s scheduled= 7.737s status=ok active=44
[  11.864s] SEND #00076 table=page_000676_table_2 lag=   0.6ms active=45
[  11.948s] SEND #00077 table=page_001368_table_box_id_268 lag=   1.3ms active=46
[  11.978s] SEND #00078 table=page_000190_table_box_id_0 lag=   0.2ms active=47
[  12.011s] RECV #00001 table=page_001375_table_1 request=11.986s scheduled=11.987s status=ok active=46
[  12.096s] SEND #00079 table=page_001368_table_box_id_227 lag=   1.3ms active=47
[  12.264s] RECV #00009 table=page_000178_table_box_id_1 request=10.971s scheduled=10.972s status=ok active=46
[  12.465s] RECV #00046 table=page_001117_table_box_id_17 request= 5.643s scheduled= 5.644s status=ok active=45
[  12.755s] RECV #00049 table=page_000841_table_22 request= 5.087s scheduled= 5.088s status=ok active=44
[  12.766s] SEND #00080 table=page_001134_table_9 lag=   1.1ms active=45
[  13.011s] SEND #00081 table=page_000591_table_3 lag=   1.2ms active=46
[  13.140s] SEND #00082 table=page_000210_table_box_id_4 lag=   1.3ms active=47
[  13.468s] SEND #00083 table=page_000649_table_8 lag=   0.5ms active=48
[  13.492s] RECV #00036 table=page_000499_table_0 request= 8.967s scheduled= 8.968s status=ok active=47
[  13.512s] SEND #00084 table=page_000289_table_box_id_4 lag=   1.2ms active=48
[  13.634s] SEND #00085 table=page_001190_table_8 lag=   2.4ms active=49
[  13.794s] RECV #00031 table=page_000218_table_box_id_4 request= 9.517s scheduled= 9.518s status=ok active=48
[  13.940s] RECV #00044 table=page_001493_table_box_id_13 request= 7.539s scheduled= 7.539s status=ok active=47
[  14.085s] RECV #00051 table=page_001169_table_11 request= 6.172s scheduled= 6.173s status=ok active=46
[  14.140s] SEND #00086 table=page_000211_table_box_id_3 lag=   0.4ms active=47
[  14.285s] SEND #00087 table=page_001182_table_3 lag=   1.7ms active=48
[  14.386s] SEND #00088 table=page_000242_table_box-mhg591pb lag=   0.6ms active=49
[  14.398s] RECV #00041 table=page_001154_table_10 request= 8.412s scheduled= 8.413s status=ok active=48
[  14.438s] SEND #00089 table=page_001274_table_4 lag=   0.9ms active=49
[  14.570s] SEND #00090 table=page_001177_table_2 lag=   0.5ms active=50
[  14.761s] RECV #00053 table=page_000246_table_box_id_6 request= 6.344s scheduled= 6.344s status=ok active=49
[  14.874s] RECV #00056 table=page_000647_table_6 request= 5.878s scheduled= 5.879s status=ok active=48
[  15.096s] SEND #00091 table=page_001202_table_3 lag=   0.7ms active=49
[  15.096s] SEND #00092 table=page_001158_table_3 lag=   0.5ms active=50
[  15.323s] RECV #00050 table=page_000922_table_12 request= 7.469s scheduled= 7.471s status=ok active=49
[  15.351s] SEND #00093 table=page_000641_table_8 lag=   0.6ms active=50
[  15.416s] RECV #00048 table=page_000565_table_1 request= 8.043s scheduled= 8.044s status=ok active=49
[  15.575s] RECV #00054 table=page_000737_table_6 request= 6.845s scheduled= 6.846s status=ok active=48
[  15.638s] SEND #00094 table=page_000657_table_6 lag=   1.0ms active=49
[  15.761s] RECV #00059 table=page_001368_table_box_id_163 request= 6.448s scheduled= 6.449s status=ok active=48
[  15.960s] RECV #00062 table=page_000665_table_3 request= 6.393s scheduled= 6.394s status=ok active=47
[  16.000s] SEND #00095 table=page_000626_table_box_id_4 lag=   0.8ms active=48
[  16.190s] RECV #00061 table=page_000838_table_4 request= 6.756s scheduled= 6.757s status=ok active=47
[  16.225s] SEND #00096 table=page_000829_table_4 lag=   0.5ms active=48
[  16.454s] RECV #00022 table=page_001200_table_2 request=13.156s scheduled=13.158s status=ok active=47
[  16.501s] SEND #00097 table=page_000468_table_11 lag=   0.7ms active=48
[  16.623s] SEND #00098 table=page_000434_table_16 lag=   0.9ms active=49
[  16.718s] RECV #00060 table=page_000468_table_1 request= 7.315s scheduled= 7.316s status=ok active=48
[  16.760s] SEND #00099 table=page_001175_table_2 lag=   1.0ms active=49
[  16.853s] SEND #00100 table=page_001230_table_box_id_1 lag=   1.1ms active=50
[  16.903s] RECV #00025 table=page_001270_table_box_id_1 request=13.018s scheduled=13.019s status=ok active=49
[  17.142s] RECV #00064 table=page_000818_table_1 request= 7.186s scheduled= 7.186s status=ok active=48
[  17.653s] RECV #00067 table=page_000744_table_11 request= 7.402s scheduled= 7.404s status=ok active=47
[  17.788s] RECV #00039 table=page_001128_table_2 request=12.653s scheduled=12.654s status=ok active=46
[  17.895s] RECV #00026 table=page_000592_table_3 request=13.919s scheduled=13.920s status=ok active=45
[  18.249s] RECV #00058 table=page_001367_table_70 request= 9.201s scheduled= 9.202s status=ok active=44
[  18.397s] RECV #00057 table=page_000652_table_2 request= 9.397s scheduled= 9.397s status=ok active=43
[  18.830s] RECV #00065 table=page_000937_table_0 request= 8.795s scheduled= 8.796s status=ok active=42
[  19.055s] RECV #00037 table=page_000642_table_8 request=14.228s scheduled=14.228s status=ok active=41
[  19.274s] RECV #00040 table=page_001176_table_4 request=14.105s scheduled=14.106s status=ok active=40
[  19.435s] RECV #00070 table=page_001368_table_box_id_271 request= 8.728s scheduled= 8.729s status=ok active=39
[  19.541s] RECV #00014 table=page_001375_table_4 request=17.608s scheduled=17.609s status=ok active=38
[  19.726s] RECV #00077 table=page_001368_table_box_id_268 request= 7.778s scheduled= 7.779s status=ok active=37
[  19.956s] RECV #00066 table=page_000222_table_box_id_1 request= 9.825s scheduled= 9.826s status=ok active=36
[  20.129s] RECV #00069 table=page_000266_table_box_id_1 request= 9.504s scheduled= 9.506s status=ok active=35
[  20.365s] RECV #00073 table=page_000526_table_7 request= 9.534s scheduled= 9.535s status=ok active=34
[  20.777s] RECV #00063 table=page_001595_table_box_id_14 request=11.008s scheduled=11.009s status=ok active=33
[  20.930s] RECV #00078 table=page_000190_table_box_id_0 request= 8.952s scheduled= 8.952s status=ok active=32
[  21.131s] RECV #00075 table=page_000246_table_box_id_11 request= 9.417s scheduled= 9.417s status=ok active=31
[  21.322s] RECV #00047 table=page_000509_table_0 request=14.040s scheduled=14.042s status=ok active=30
[  21.507s] RECV #00042 table=page_000467_table_17 request=15.193s scheduled=15.194s status=ok active=29
[  22.012s] RECV #00082 table=page_000210_table_box_id_4 request= 8.872s scheduled= 8.873s status=ok active=28
[  22.322s] RECV #00072 table=page_000737_table_0 request=11.498s scheduled=11.499s status=ok active=27
[  22.708s] RECV #00083 table=page_000649_table_8 request= 9.241s scheduled= 9.241s status=ok active=26
[  22.924s] RECV #00081 table=page_000591_table_3 request= 9.913s scheduled= 9.914s status=ok active=25
[  24.219s] RECV #00079 table=page_001368_table_box_id_227 request=12.123s scheduled=12.124s status=ok active=24
[  25.134s] RECV #00088 table=page_000242_table_box-mhg591pb request=10.748s scheduled=10.748s status=ok active=23
[  25.250s] RECV #00055 table=page_000250_table_box-stnne6dt request=16.403s scheduled=16.404s status=ok active=22
[  25.367s] RECV #00087 table=page_001182_table_3 request=11.083s scheduled=11.085s status=ok active=21
[  25.544s] RECV #00094 table=page_000657_table_6 request= 9.905s scheduled= 9.906s status=ok active=20
[  25.681s] RECV #00086 table=page_000211_table_box_id_3 request=11.542s scheduled=11.542s status=ok active=19
[  26.477s] RECV #00074 table=page_001011_table_30 request=15.443s scheduled=15.445s status=ok active=18
[  26.608s] RECV #00093 table=page_000641_table_8 request=11.257s scheduled=11.257s status=ok active=17
[  26.828s] RECV #00096 table=page_000829_table_4 request=10.603s scheduled=10.603s status=ok active=16
[  26.925s] RECV #00097 table=page_000468_table_11 request=10.424s scheduled=10.425s status=ok active=15
[  27.062s] RECV #00085 table=page_001190_table_8 request=13.428s scheduled=13.430s status=ok active=14
[  27.158s] RECV #00090 table=page_001177_table_2 request=12.587s scheduled=12.588s status=ok active=13
[  27.198s] RECV #00092 table=page_001158_table_3 request=12.102s scheduled=12.102s status=ok active=12
[  27.603s] RECV #00071 table=page_000467_table_17 request=16.785s scheduled=16.786s status=ok active=11
[  27.706s] RECV #00076 table=page_000676_table_2 request=15.842s scheduled=15.843s status=ok active=10
[  27.848s] RECV #00080 table=page_001134_table_9 request=15.082s scheduled=15.084s status=ok active=9
[  27.857s] RECV #00098 table=page_000434_table_16 request=11.234s scheduled=11.235s status=ok active=8
[  29.119s] RECV #00100 table=page_001230_table_box_id_1 request=12.266s scheduled=12.267s status=ok active=7
[  29.641s] RECV #00091 table=page_001202_table_3 request=14.545s scheduled=14.546s status=ok active=6
[  30.859s] RECV #00099 table=page_001175_table_2 request=14.098s scheduled=14.099s status=ok active=5
[  34.415s] RECV #00052 table=page_000287_table_box_id_8 request=26.355s scheduled=26.355s status=ok active=4
[  34.674s] RECV #00068 table=page_000284_table_box_id_0 request=24.174s scheduled=24.174s status=ok active=3
[  38.810s] RECV #00095 table=page_000626_table_box_id_4 request=22.809s scheduled=22.810s status=ok active=2
[  43.925s] RECV #00089 table=page_001274_table_4 request=29.487s scheduled=29.488s status=ok active=1
[  45.812s] RECV #00084 table=page_000289_table_box_id_4 request=32.300s scheduled=32.301s status=ok active=0
DONE completed=100 failed=0 max_active=50 p50=8.960s p95=17.869s max=32.301s
Summary: tmp/09_persistent_page_engine/table_vllm_poisson_sweep100_budgets_qps1to8_324dd85a_20260908/budget16384/qps6/measured/summary.json
