Selected physical NPU 7 as logical npu:0 (health/idle check; not a reservation)
Python: /usr/local/python3.12.13/bin/python3
UPDATE {"step": 242, "seconds": 2.581253829999696, "loss": 0.36136969923973083, "gradient_norm": 18.548534393310547, "pairs": 32, "microbatches": 10, "real_tokens": 20724, "padded_tokens": 23168, "peak_allocated_gib": 29.150964736938477, "peak_reserved_gib": 33.287109375, "parameter_changed": true, "pairs_by_source": {"squad": 2, "miracl_th": 2, "miracl_ru": 2, "nq": 6, "trivia": 4, "mldr_it": 2, "mr-tydi_korean": 2, "nli_for_simcse": 8, "miracl_te": 2, "BQ": 2}}
UPDATE {"step": 243, "seconds": 5.033585819999644, "loss": 0.26315534114837646, "gradient_norm": 14.365585327148438, "pairs": 32, "microbatches": 14, "real_tokens": 54125, "padded_tokens": 55808, "peak_allocated_gib": 29.150964736938477, "peak_reserved_gib": 33.287109375, "parameter_changed": true, "pairs_by_source": {"squad": 2, "mldr_zh": 2, "mldr_en": 4, "trivia": 6, "mldr_ja": 2, "nli_for_simcse": 14, "miracl_zh": 2}}
UPDATE {"step": 244, "seconds": 1.59658945999945, "loss": 0.42959827184677124, "gradient_norm": 14.536430358886719, "pairs": 32, "microbatches": 8, "real_tokens": 4911, "padded_tokens": 6144, "peak_allocated_gib": 29.150964736938477, "peak_reserved_gib": 33.287109375, "parameter_changed": true, "pairs_by_source": {"squad": 2, "nq": 2, "trivia": 2, "mr-tydi_japanese": 2, "QBQTC_v2": 2, "mr-tydi_finnish": 2, "nli_for_simcse": 14, "miracl_es": 2, "BQ": 2, "PAWSX": 2}}
UPDATE {"step": 245, "seconds": 1.942719090000537, "loss": 0.3785099685192108, "gradient_norm": 19.435386657714844, "pairs": 32, "microbatches": 9, "real_tokens": 9667, "padded_tokens": 14720, "peak_allocated_gib": 29.150964736938477, "peak_reserved_gib": 33.287109375, "parameter_changed": true, "pairs_by_source": {"squad": 6, "miracl_id": 4, "mldr_en": 2, "mr-tydi_russian": 2, "trivia": 6, "nli_for_simcse": 8, "BQ": 2, "miracl_ar": 2}}
UPDATE {"step": 246, "seconds": 1.578380590000961, "loss": 0.2675946354866028, "gradient_norm": 10.08464241027832, "pairs": 32, "microbatches": 8, "real_tokens": 4958, "padded_tokens": 7168, "peak_allocated_gib": 29.150964736938477, "peak_reserved_gib": 33.287109375, "parameter_changed": true, "pairs_by_source": {"squad": 2, "mr-tydi_thai": 2, "nq": 2, "trivia": 2, "nli_for_simcse": 20, "miracl_es": 2, "BQ": 2}}
UPDATE {"step": 247, "seconds": 2.486309160000019, "loss": 0.3086910545825958, "gradient_norm": 12.079642295837402, "pairs": 32, "microbatches": 10, "real_tokens": 18069, "padded_tokens": 20224, "peak_allocated_gib": 29.150964736938477, "peak_reserved_gib": 33.287109375, "parameter_changed": true, "pairs_by_source": {"squad": 10, "nq": 2, "trivia": 2, "miracl_fa": 2, "nli_for_simcse": 12, "BQ": 2, "mldr_ru": 2}}
UPDATE {"step": 248, "seconds": 1.5752443900000799, "loss": 0.34491652250289917, "gradient_norm": 22.803468704223633, "pairs": 32, "microbatches": 8, "real_tokens": 5029, "padded_tokens": 7168, "peak_allocated_gib": 29.150964736938477, "peak_reserved_gib": 33.287109375, "parameter_changed": true, "pairs_by_source": {"squad": 2, "nq": 8, "miracl_sw": 2, "nli_for_simcse": 16, "miracl_es": 2, "BQ": 2}}
UPDATE {"step": 249, "seconds": 1.5960016200006066, "loss": 0.23907674849033356, "gradient_norm": 18.784038543701172, "pairs": 32, "microbatches": 8, "real_tokens": 5088, "padded_tokens": 7168, "peak_allocated_gib": 29.150964736938477, "peak_reserved_gib": 33.287109375, "parameter_changed": true, "pairs_by_source": {"squad": 2, "ATEC": 2, "miracl_id": 2, "pubmed_qa_labeled": 2, "trivia": 6, "mr-tydi_arabic": 2, "nli_for_simcse": 12, "mr-tydi_english": 2, "PAWSX": 2}}
UPDATE {"step": 250, "seconds": 1.5920337600000494, "loss": 0.16347062587738037, "gradient_norm": 10.281547546386719, "pairs": 32, "microbatches": 8, "real_tokens": 4397, "padded_tokens": 6144, "peak_allocated_gib": 29.150964736938477, "peak_reserved_gib": 33.287109375, "parameter_changed": true, "pairs_by_source": {"squad": 8, "trivia": 2, "nli_for_simcse": 22}}
EVAL_PROGRESS {"section": "validation", "pairs": 640, "of": 3072, "seconds": 2.942345869998462}
EVAL_PROGRESS {"section": "validation", "pairs": 1280, "of": 3072, "seconds": 5.877177859998483}
EVAL_PROGRESS {"section": "validation", "pairs": 1920, "of": 3072, "seconds": 8.95718431000023}
EVAL_PROGRESS {"section": "validation", "pairs": 2560, "of": 3072, "seconds": 12.141374159999032}
EVAL_PROGRESS {"section": "validation", "pairs": 2924, "of": 3072, "seconds": 20.982419369998752}
EVAL_PROGRESS {"section": "validation", "pairs": 3012, "of": 3072, "seconds": 34.23308782999993}
EVAL_PROGRESS {"section": "touche", "pairs": 640, "of": 4900, "seconds": 3.115594589999091}
EVAL_PROGRESS {"section": "touche", "pairs": 1280, "of": 4900, "seconds": 6.269189740000002}
EVAL_PROGRESS {"section": "touche", "pairs": 1920, "of": 4900, "seconds": 9.413635769999019}
EVAL_PROGRESS {"section": "touche", "pairs": 2560, "of": 4900, "seconds": 12.690605929999947}
EVAL_PROGRESS {"section": "touche", "pairs": 3200, "of": 4900, "seconds": 17.139434989998335}
EVAL_PROGRESS {"section": "touche", "pairs": 3840, "of": 4900, "seconds": 23.706044499998825}
EVAL_PROGRESS {"section": "touche", "pairs": 4383, "of": 4900, "seconds": 33.31131659999846}
EVAL_PROGRESS {"section": "touche", "pairs": 4755, "of": 4900, "seconds": 43.057979609999165}
EVALUATION {"step": 250, "validation_ordering": 0.9549851190476191, "touche_ndcg10_percent": 59.08097637011649, "seconds": {"validation": 46.71188759999859, "touche": 48.13213115999861, "round": 94.86699772000065}}
FINISHED {"status": "completed", "seconds": 1160.2510265199999, "updates": 250}
