Selected physical NPU 7 as logical npu:0 (health/idle check; not a reservation)
Python: /usr/local/python3.12.13/bin/python3
ninja: no work to do.
namespace(head_size=64, n_embd=768, n_layer=12)
CPU_START {"bucket": 512, "tokens": 341, "padding": 171}
CASE {"query_id": "c1173b8d8efb8c2d989ce0e51fe21f6b0b8d1478", "document_id": "075bc988728788aa033b04dee1753ded711180ee", "bucket": 512, "raw_tokens": 341, "padding_tokens": 171, "cpu_raw_logit": -8.075565338134766, "cpu_padded_logit": -7.708708763122559, "npu_raw_logit": -8.078125, "npu_padded_logit": -7.69921875, "cpu_padding_delta": 0.36685657501220703, "npu_padding_delta": 0.37890625, "raw_cpu_npu": {"max_abs": 0.002559661865234375, "normalized_rmse": 0.0003169637930113822, "finite": true}, "padded_cpu_npu": {"max_abs": 0.009490013122558594, "normalized_rmse": 0.0012310768943279982, "finite": true}, "cpu_raw_vs_padded_state": [{"max_abs": 1.7076542377471924, "normalized_rmse": 0.1815343052148819, "finite": true}, {"max_abs": 5.77811336517334, "normalized_rmse": 0.13072478771209717, "finite": true}], "npu_raw_vs_padded_state": [{"max_abs": 1.707854986190796, "normalized_rmse": 0.18158140778541565, "finite": true}, {"max_abs": 5.783924102783203, "normalized_rmse": 0.1307656168937683, "finite": true}], "zero_prefix": {"shift_l2": 139.35198974609375, "matrix_l2": 173.4190673828125}, "prefix_continuation_logit": -7.6953125, "prefix_continuation_vs_full": {"max_abs": 0.00390625, "normalized_rmse": 0.0005073566571809351, "finite": true}, "companion_padding_tokens": 0, "companion_logit": -8.078125, "right_padding_logit": -1.3798828125}
CPU_START {"bucket": 512, "tokens": 306, "padding": 206}
CASE {"query_id": "c1173b8d8efb8c2d989ce0e51fe21f6b0b8d1478", "document_id": "a6f1dfcc44277d4cfd8507284d994c9283dc3a2f", "bucket": 512, "raw_tokens": 306, "padding_tokens": 206, "cpu_raw_logit": -8.061561584472656, "cpu_padded_logit": -8.590607643127441, "npu_raw_logit": -8.0703125, "npu_padded_logit": -8.6015625, "cpu_padding_delta": -0.5290460586547852, "npu_padding_delta": -0.53125, "raw_cpu_npu": {"max_abs": 0.00875091552734375, "normalized_rmse": 0.0010855111759155989, "finite": true}, "padded_cpu_npu": {"max_abs": 0.010954856872558594, "normalized_rmse": 0.0012752133188769221, "finite": true}, "cpu_raw_vs_padded_state": [{"max_abs": 1.9732608795166016, "normalized_rmse": 0.19965098798274994, "finite": true}, {"max_abs": 5.7868852615356445, "normalized_rmse": 0.13500860333442688, "finite": true}], "npu_raw_vs_padded_state": [{"max_abs": 1.9749338626861572, "normalized_rmse": 0.19973598420619965, "finite": true}, {"max_abs": 5.794637680053711, "normalized_rmse": 0.13506759703159332, "finite": true}], "zero_prefix": {"shift_l2": 139.305908203125, "matrix_l2": 173.48060607910156}, "prefix_continuation_logit": -8.609375, "prefix_continuation_vs_full": {"max_abs": 0.0078125, "normalized_rmse": 0.000908265239559114, "finite": true}, "companion_padding_tokens": 35, "companion_logit": -8.65625, "right_padding_logit": -1.384765625}
CPU_START {"bucket": 2048, "tokens": 1039, "padding": 1009}
CASE {"query_id": "c20b4068be640ebaffbc56382c3e4e0bcf62664e", "document_id": "2532d0567c8334e4cadf282a73ffe399c1c32476", "bucket": 2048, "raw_tokens": 1039, "padding_tokens": 1009, "cpu_raw_logit": -5.303143501281738, "cpu_padded_logit": -4.358082294464111, "npu_raw_logit": -5.3046875, "npu_padded_logit": -4.359375, "cpu_padding_delta": 0.945061206817627, "npu_padding_delta": 0.9453125, "raw_cpu_npu": {"max_abs": 0.0015439987182617188, "normalized_rmse": 0.0002911478222813457, "finite": true}, "padded_cpu_npu": {"max_abs": 0.0012927055358886719, "normalized_rmse": 0.00029662257293239236, "finite": true}, "cpu_raw_vs_padded_state": [{"max_abs": 1.7279670238494873, "normalized_rmse": 0.15766404569149017, "finite": true}, {"max_abs": 6.555066108703613, "normalized_rmse": 0.13429631292819977, "finite": true}], "npu_raw_vs_padded_state": [{"max_abs": 1.7250983715057373, "normalized_rmse": 0.1576147973537445, "finite": true}, {"max_abs": 6.555420875549316, "normalized_rmse": 0.13427244126796722, "finite": true}], "zero_prefix": {"shift_l2": 139.53201293945312, "matrix_l2": 173.10191345214844}, "prefix_continuation_logit": -4.35546875, "prefix_continuation_vs_full": {"max_abs": 0.00390625, "normalized_rmse": 0.0008960573468357325, "finite": true}, "companion_padding_tokens": 996, "companion_logit": -4.359375, "right_padding_logit": -1.4326171875}
CPU_START {"bucket": 2048, "tokens": 2035, "padding": 13}
Traceback (most recent call last):
  File "/workspace/repos/rwkv-cpu-reference/26_rwkv_inference/probe_reranker_padding.py", line 133, in <module>
    if __name__ == '__main__': main()
                               ^^^^^^
  File "/workspace/repos/rwkv-cpu-reference/26_rwkv_inference/probe_reranker_padding.py", line 112, in main
    row['prefix_continuation_vs_full'] = require(ranker(continued[1]),nb,.002,.001)
                                         ^^^^^^^^^^^^^^^^^^^^^^^^^^^^^^^^^^^^^^^^^^
  File "/workspace/repos/rwkv-cpu-reference/26_rwkv_inference/run_reranker_smoke.py", line 101, in require
    raise AssertionError(m)
AssertionError: {'max_abs': 0.01171875, 'normalized_rmse': 0.0024529844522476196, 'finite': True}
[ERROR] 2026-10-06-13:19:29 (PID:22228, Device:0, RankID:-1) ERR99999 UNKNOWN applicaiton exception
