npu-status: no free NPU found
Selector found no free device; using user-authorized shared NPU 7
ninja: no work to do.
/workspace/repos/rwkv-cpu-reference/26_rwkv_inference/run_npu_embedding.py:54: UserWarning: Cannot create tensor with interal format while allow_internel_format=False, tensor will be created with base format. (Triggered internally at ../torch_npu/csrc/aten/common/TensorFactories.cpp:340.)
  delta = torch.cat((torch.zeros_like(z[:, :1]), z[:, :-1]), dim=1) - z
Traceback (most recent call last):
  File "/usr/local/python3.12.13/lib/python3.12/site-packages/torch_npu/dynamo/torchair/_utils/error_code.py", line 43, in wapper
    return func(*args, **kwargs)
           ^^^^^^^^^^^^^^^^^^^^^
  File "/usr/local/python3.12.13/lib/python3.12/site-packages/torch_npu/dynamo/torchair/core/_backend.py", line 130, in compile
    return super(TorchNpuGraph, self).compile()
           ^^^^^^^^^^^^^^^^^^^^^^^^^^^^^^^^^^^^
RuntimeError: EZ9999: Inner Error!
EZ9999[PID: 36795] 2026-10-06-09:58:06.135.473 (EZ9999):  [InferShape] The k-axis of a(96) and b(768) tensors must be the same[FUNC:InferShape][FILE:matrix_calculation_matmul.cc][LINE:473]
        TraceBack (most recent call last):
       Failed to infer output shape[FUNC:MatMulInferShape][FILE:matrix_calculation_matmul.cc][LINE:1648]
       Call InferShapeAndType for node:MatMul(MatMul) failed[FUNC:Infer][FILE:infershape_pass.cc][LINE:121]
       process pass InferShapePass on node:MatMul failed, ret:4294967295[FUNC:RunPassesOnNode][FILE:base_pass.cc][LINE:572]
       [Call][PreRun] Failed, graph_id:0, session_id:0.[FUNC:CompileGraph][FILE:graph_manager.cc][LINE:4976]
       [Compile][Graph]Compile graph failed, error code:1343225857, session_id:0, graph_id:0[FUNC:CompileGraph][FILE:ge_api.cc][LINE:1042]


During handling of the above exception, another exception occurred:

Traceback (most recent call last):
  File "/workspace/repos/rwkv-cpu-reference/26_rwkv_inference/run_npu_embedding.py", line 268, in <module>
    main()
  File "/workspace/repos/rwkv-cpu-reference/26_rwkv_inference/run_npu_embedding.py", line 236, in main
    result = forward(ni, nm)
             ^^^^^^^^^^^^^^^
  File "/usr/local/python3.12.13/lib/python3.12/site-packages/torch_npu/dynamo/torchair/inference/_cache_compiler.py", line 599, in __call__
    return self._compiled_model(*args, **kwargs)
           ^^^^^^^^^^^^^^^^^^^^^^^^^^^^^^^^^^^^^
  File "/usr/local/python3.12.13/lib/python3.12/site-packages/torch_npu/dynamo/torchair/inference/_cache_compiler.py", line 524, in __call__
    return self.compiled_func(*args, **kwargs)
           ^^^^^^^^^^^^^^^^^^^^^^^^^^^^^^^^^^^
  File "/usr/local/python3.12.13/lib/python3.12/site-packages/torch/_dynamo/eval_frame.py", line 953, in compile_wrapper
    return fn(*args, **kwargs)
           ^^^^^^^^^^^^^^^^^^^
  File "/workspace/repos/rwkv-cpu-reference/26_rwkv_inference/run_npu_embedding.py", line 120, in forward
    def forward(self, ids, mask):
  File "/usr/local/python3.12.13/lib/python3.12/site-packages/torch/_dynamo/eval_frame.py", line 1181, in _fn
    return fn(*args, **kwargs)
           ^^^^^^^^^^^^^^^^^^^
  File "/usr/local/python3.12.13/lib/python3.12/site-packages/torch/_functorch/aot_autograd.py", line 1148, in forward
    return compiled_fn(full_args)
           ^^^^^^^^^^^^^^^^^^^^^^
  File "/usr/local/python3.12.13/lib/python3.12/site-packages/torch/_functorch/_aot_autograd/runtime_wrappers.py", line 357, in runtime_wrapper
    all_outs = call_func_at_runtime_with_args(
               ^^^^^^^^^^^^^^^^^^^^^^^^^^^^^^^
  File "/usr/local/python3.12.13/lib/python3.12/site-packages/torch/_functorch/_aot_autograd/utils.py", line 134, in call_func_at_runtime_with_args
    out = normalize_as_list(f(args))
                            ^^^^^^^
  File "/usr/local/python3.12.13/lib/python3.12/site-packages/torch/_functorch/_aot_autograd/runtime_wrappers.py", line 531, in wrapper
    return compiled_fn(runtime_args)
           ^^^^^^^^^^^^^^^^^^^^^^^^^
  File "/usr/local/python3.12.13/lib/python3.12/site-packages/torch/_functorch/_aot_autograd/runtime_wrappers.py", line 729, in inner_fn
    outs = compiled_fn(args)
           ^^^^^^^^^^^^^^^^^
  File "/usr/local/python3.12.13/lib/python3.12/site-packages/torch/_functorch/_aot_autograd/utils.py", line 108, in g
    return f(*args)
           ^^^^^^^^
  File "<string>", line 464, in kernel
  File "/usr/local/python3.12.13/lib/python3.12/site-packages/torch_npu/dynamo/torchair/ge/_ge_graph.py", line 800, in compile
    self._executor.compile()
  File "/usr/local/python3.12.13/lib/python3.12/site-packages/torch_npu/dynamo/torchair/_utils/error_code.py", line 46, in wapper
    raise type(e)("\n".join(msg))
RuntimeError: EZ9999: Inner Error!
EZ9999[PID: 36795] 2026-10-06-09:58:06.135.473 (EZ9999):  [InferShape] The k-axis of a(96) and b(768) tensors must be the same[FUNC:InferShape][FILE:matrix_calculation_matmul.cc][LINE:473]
        TraceBack (most recent call last):
       Failed to infer output shape[FUNC:MatMulInferShape][FILE:matrix_calculation_matmul.cc][LINE:1648]
       Call InferShapeAndType for node:MatMul(MatMul) failed[FUNC:Infer][FILE:infershape_pass.cc][LINE:121]
       process pass InferShapePass on node:MatMul failed, ret:4294967295[FUNC:RunPassesOnNode][FILE:base_pass.cc][LINE:572]
       [Call][PreRun] Failed, graph_id:0, session_id:0.[FUNC:CompileGraph][FILE:graph_manager.cc][LINE:4976]
       [Compile][Graph]Compile graph failed, error code:1343225857, session_id:0, graph_id:0[FUNC:CompileGraph][FILE:ge_api.cc][LINE:1042]

Traceback (most recent call last):
  File "/usr/local/python3.12.13/lib/python3.12/site-packages/torch_npu/dynamo/torchair/_utils/error_code.py", line 43, in wapper
    return func(*args, **kwargs)
           ^^^^^^^^^^^^^^^^^^^^^
  File "/usr/local/python3.12.13/lib/python3.12/site-packages/torch_npu/dynamo/torchair/core/_backend.py", line 130, in compile
    return super(TorchNpuGraph, self).compile()
           ^^^^^^^^^^^^^^^^^^^^^^^^^^^^^^^^^^^^
RuntimeError: EZ9999: Inner Error!
EZ9999[PID: 36795] 2026-10-06-09:58:06.135.473 (EZ9999):  [InferShape] The k-axis of a(96) and b(768) tensors must be the same[FUNC:InferShape][FILE:matrix_calculation_matmul.cc][LINE:473]
        TraceBack (most recent call last):
       Failed to infer output shape[FUNC:MatMulInferShape][FILE:matrix_calculation_matmul.cc][LINE:1648]
       Call InferShapeAndType for node:MatMul(MatMul) failed[FUNC:Infer][FILE:infershape_pass.cc][LINE:121]
       process pass InferShapePass on node:MatMul failed, ret:4294967295[FUNC:RunPassesOnNode][FILE:base_pass.cc][LINE:572]
       [Call][PreRun] Failed, graph_id:0, session_id:0.[FUNC:CompileGraph][FILE:graph_manager.cc][LINE:4976]
       [Compile][Graph]Compile graph failed, error code:1343225857, session_id:0, graph_id:0[FUNC:CompileGraph][FILE:ge_api.cc][LINE:1042]



[ERROR] 2026-10-06-09:58:06 (PID:36795, Device:0, RankID:-1) ERR03005 GRAPH internal error
