OCR API ready worker_pid=None; preparing table crops in RAM
Frozen ALL cohort: 665 tables (121 LaTeX, 544 non-LaTeX)
Scheduled 100 Poisson arrivals at 1 QPS; request limit=100; last scheduled arrival at 101.112s; HTTP endpoint=http://127.0.0.1:18081/v1/chat/completions
Writing each completion to tmp/09_persistent_page_engine/table_vllm_poisson100_seq64_budget16k_bd445e26_20260908/budget16384/qps1/measured/results.jsonl
[   0.146s] SEND #00001 table=page_001375_table_1 lag=   1.4ms active=1
[   2.027s] SEND #00002 table=page_000256_table_box_id_1 lag=   2.2ms active=2
[   2.745s] RECV #00002 table=page_000256_table_box_id_1 request= 0.718s scheduled= 0.720s status=ok active=1
[   3.469s] SEND #00003 table=page_000918_table_6 lag=   1.8ms active=2
[   3.763s] SEND #00004 table=page_001130_table_1 lag=   0.7ms active=3
[   4.154s] RECV #00003 table=page_000918_table_6 request= 0.685s scheduled= 0.687s status=ok active=2
[   4.340s] RECV #00004 table=page_001130_table_1 request= 0.577s scheduled= 0.578s status=ok active=1
[   4.446s] SEND #00005 table=page_000758_table_21 lag=   0.5ms active=2
[   4.820s] RECV #00005 table=page_000758_table_21 request= 0.374s scheduled= 0.374s status=ok active=1
[   5.044s] SEND #00006 table=page_001202_table_3 lag=   0.8ms active=2
[   6.099s] SEND #00007 table=page_000636_table_5 lag=   1.4ms active=3
[   6.744s] RECV #00007 table=page_000636_table_5 request= 0.645s scheduled= 0.646s status=ok active=2
[   7.049s] RECV #00001 table=page_001375_table_1 request= 6.904s scheduled= 6.905s status=ok active=1
[   7.653s] SEND #00008 table=page_000254_table_box_id_4 lag=   1.1ms active=2
[   7.751s] SEND #00009 table=page_000178_table_box_id_1 lag=   1.0ms active=3
[   7.780s] SEND #00010 table=page_000220_table_box_id_7 lag=   0.9ms active=4
[   9.587s] SEND #00011 table=page_000505_table_1 lag=   1.0ms active=5
[  10.154s] SEND #00012 table=page_000418_table_3 lag=   1.0ms active=6
[  10.936s] RECV #00006 table=page_001202_table_3 request= 5.893s scheduled= 5.894s status=ok active=5
[  11.591s] SEND #00013 table=page_000266_table_box_id_7 lag=   1.3ms active=6
[  11.591s] SEND #00014 table=page_001375_table_4 lag=   0.1ms active=7
[  12.182s] SEND #00015 table=page_001158_table_3 lag=   1.1ms active=8
[  12.189s] RECV #00010 table=page_000220_table_box_id_7 request= 4.409s scheduled= 4.410s status=ok active=7
[  12.463s] RECV #00008 table=page_000254_table_box_id_4 request= 4.810s scheduled= 4.811s status=ok active=6
[  12.818s] RECV #00013 table=page_000266_table_box_id_7 request= 1.228s scheduled= 1.229s status=ok active=5
[  13.460s] SEND #00016 table=page_000930_table_7 lag=   1.0ms active=6
[  13.720s] SEND #00017 table=page_001198_table_8 lag=   0.8ms active=7
[  14.206s] RECV #00012 table=page_000418_table_3 request= 4.052s scheduled= 4.053s status=ok active=6
[  14.292s] RECV #00016 table=page_000930_table_7 request= 0.831s scheduled= 0.833s status=ok active=5
[  14.516s] RECV #00015 table=page_001158_table_3 request= 2.334s scheduled= 2.335s status=ok active=4
[  14.949s] RECV #00009 table=page_000178_table_box_id_1 request= 7.198s scheduled= 7.199s status=ok active=3
[  15.924s] RECV #00011 table=page_000505_table_1 request= 6.337s scheduled= 6.338s status=ok active=2
[  16.495s] RECV #00017 table=page_001198_table_8 request= 2.775s scheduled= 2.776s status=ok active=1
[  16.625s] SEND #00018 table=page_000434_table_15 lag=   0.4ms active=2
[  18.943s] SEND #00019 table=page_000534_table_4 lag=   1.2ms active=3
[  18.973s] SEND #00020 table=page_001161_table_3 lag=   0.4ms active=4
[  18.999s] SEND #00021 table=page_000566_table_3 lag=   0.7ms active=5
[  19.017s] RECV #00018 table=page_000434_table_15 request= 2.392s scheduled= 2.393s status=ok active=4
[  19.780s] SEND #00022 table=page_001200_table_2 lag=   2.0ms active=5
[  22.238s] RECV #00019 table=page_000534_table_4 request= 3.295s scheduled= 3.296s status=ok active=4
[  22.578s] SEND #00023 table=page_000246_table_box_id_6 lag=   0.6ms active=5
[  22.841s] RECV #00014 table=page_001375_table_4 request=11.250s scheduled=11.250s status=ok active=4
[  23.058s] SEND #00024 table=page_001193_table_4 lag=   0.4ms active=5
[  23.302s] SEND #00025 table=page_001270_table_box_id_1 lag=   0.8ms active=6
[  23.379s] RECV #00023 table=page_000246_table_box_id_6 request= 0.801s scheduled= 0.802s status=ok active=5
[  23.673s] RECV #00021 table=page_000566_table_3 request= 4.675s scheduled= 4.675s status=ok active=4
[  23.850s] SEND #00026 table=page_000592_table_3 lag=   0.8ms active=5
[  23.880s] SEND #00027 table=page_000494_table_7 lag=   0.9ms active=6
[  24.130s] SEND #00028 table=page_000535_table_1 lag=   0.6ms active=7
[  24.529s] RECV #00020 table=page_001161_table_3 request= 5.556s scheduled= 5.557s status=ok active=6
[  24.707s] SEND #00029 table=page_001186_table_5 lag=   1.2ms active=7
[  25.342s] RECV #00029 table=page_001186_table_5 request= 0.635s scheduled= 0.636s status=ok active=6
[  25.392s] SEND #00030 table=page_001375_table_31 lag=   1.1ms active=7
[  25.657s] SEND #00031 table=page_000218_table_box_id_4 lag=   0.9ms active=8
[  25.683s] RECV #00024 table=page_001193_table_4 request= 2.626s scheduled= 2.626s status=ok active=7
[  25.787s] RECV #00030 table=page_001375_table_31 request= 0.396s scheduled= 0.397s status=ok active=6
[  25.919s] SEND #00032 table=page_001368_table_box_id_278 lag=   0.6ms active=7
[  26.166s] SEND #00033 table=page_001180_table_15 lag=   1.1ms active=8
[  26.521s] RECV #00032 table=page_001368_table_box_id_278 request= 0.602s scheduled= 0.603s status=ok active=7
[  26.672s] RECV #00027 table=page_000494_table_7 request= 2.792s scheduled= 2.793s status=ok active=6
[  26.782s] SEND #00034 table=page_000266_table_box_id_9 lag=   1.2ms active=7
[  27.124s] SEND #00035 table=page_000762_table_5 lag=   1.4ms active=8
[  27.145s] SEND #00036 table=page_000499_table_0 lag=   0.7ms active=9
[  27.608s] RECV #00028 table=page_000535_table_1 request= 3.478s scheduled= 3.478s status=ok active=8
[  27.801s] RECV #00035 table=page_000762_table_5 request= 0.676s scheduled= 0.678s status=ok active=7
[  27.948s] RECV #00033 table=page_001180_table_15 request= 1.782s scheduled= 1.783s status=ok active=6
[  28.188s] RECV #00034 table=page_000266_table_box_id_9 request= 1.406s scheduled= 1.407s status=ok active=5
[  28.964s] SEND #00037 table=page_000642_table_8 lag=   1.7ms active=6
[  29.358s] RECV #00022 table=page_001200_table_2 request= 9.578s scheduled= 9.580s status=ok active=5
[  29.776s] SEND #00038 table=page_000659_table_5 lag=   0.9ms active=6
[  29.902s] RECV #00036 table=page_000499_table_0 request= 2.757s scheduled= 2.757s status=ok active=5
[  29.969s] RECV #00038 table=page_000659_table_5 request= 0.193s scheduled= 0.194s status=ok active=4
[  30.087s] RECV #00031 table=page_000218_table_box_id_4 request= 4.430s scheduled= 4.431s status=ok active=3
[  30.804s] SEND #00039 table=page_001128_table_2 lag=   1.1ms active=4
[  31.010s] SEND #00040 table=page_001176_table_4 lag=   1.0ms active=5
[  31.789s] RECV #00025 table=page_001270_table_box_id_1 request= 8.487s scheduled= 8.488s status=ok active=4
[  32.031s] RECV #00026 table=page_000592_table_3 request= 8.180s scheduled= 8.181s status=ok active=3
[  34.807s] RECV #00037 table=page_000642_table_8 request= 5.843s scheduled= 5.845s status=ok active=2
[  35.661s] RECV #00039 table=page_001128_table_2 request= 4.856s scheduled= 4.858s status=ok active=1
[  35.909s] SEND #00041 table=page_001154_table_10 lag=   1.3ms active=2
[  36.575s] RECV #00040 table=page_001176_table_4 request= 5.565s scheduled= 5.566s status=ok active=1
[  37.875s] SEND #00042 table=page_000467_table_17 lag=   1.3ms active=2
[  38.003s] SEND #00043 table=page_000647_table_3 lag=   0.7ms active=3
[  38.306s] RECV #00043 table=page_000647_table_3 request= 0.303s scheduled= 0.304s status=ok active=2
[  38.407s] SEND #00044 table=page_001493_table_box_id_13 lag=   0.7ms active=3
[  38.799s] RECV #00041 table=page_001154_table_10 request= 2.890s scheduled= 2.892s status=ok active=2
[  39.687s] SEND #00045 table=page_000605_table_3 lag=   1.6ms active=3
[  39.944s] RECV #00045 table=page_000605_table_3 request= 0.257s scheduled= 0.259s status=ok active=2
[  40.453s] RECV #00044 table=page_001493_table_box_id_13 request= 2.046s scheduled= 2.046s status=ok active=1
[  40.929s] SEND #00046 table=page_001117_table_box_id_17 lag=   2.0ms active=2
[  41.516s] RECV #00046 table=page_001117_table_box_id_17 request= 0.587s scheduled= 0.589s status=ok active=1
[  43.687s] SEND #00047 table=page_000509_table_0 lag=   3.8ms active=2
[  44.233s] SEND #00048 table=page_000565_table_1 lag=   1.5ms active=3
[  44.584s] RECV #00042 table=page_000467_table_17 request= 6.709s scheduled= 6.711s status=ok active=2
[  46.005s] SEND #00049 table=page_000841_table_22 lag=   1.8ms active=3
[  46.378s] RECV #00049 table=page_000841_table_22 request= 0.373s scheduled= 0.375s status=ok active=2
[  46.670s] RECV #00048 table=page_000565_table_1 request= 2.438s scheduled= 2.439s status=ok active=1
[  47.114s] SEND #00050 table=page_000922_table_12 lag=   1.5ms active=2
[  47.475s] SEND #00051 table=page_001169_table_11 lag=   0.6ms active=3
[  48.362s] SEND #00052 table=page_000287_table_box_id_8 lag=   1.9ms active=4
[  48.495s] RECV #00051 table=page_001169_table_11 request= 1.020s scheduled= 1.021s status=ok active=3
[  49.416s] RECV #00050 table=page_000922_table_12 request= 2.301s scheduled= 2.303s status=ok active=2
[  49.869s] RECV #00047 table=page_000509_table_0 request= 6.182s scheduled= 6.186s status=ok active=1
[  50.503s] SEND #00053 table=page_000246_table_box_id_6 lag=   1.4ms active=2
[  51.171s] RECV #00053 table=page_000246_table_box_id_6 request= 0.668s scheduled= 0.669s status=ok active=1
[  52.375s] SEND #00054 table=page_000737_table_6 lag=   1.3ms active=2
[  53.079s] SEND #00055 table=page_000250_table_box-stnne6dt lag=   1.9ms active=3
[  53.580s] RECV #00054 table=page_000737_table_6 request= 1.205s scheduled= 1.207s status=ok active=2
[  53.968s] SEND #00056 table=page_000647_table_6 lag=   1.6ms active=3
[  54.002s] SEND #00057 table=page_000652_table_2 lag=   0.6ms active=4
[  54.280s] SEND #00058 table=page_001367_table_70 lag=   0.9ms active=5
[  54.609s] RECV #00056 table=page_000647_table_6 request= 0.642s scheduled= 0.643s status=ok active=4
[  55.879s] SEND #00059 table=page_001368_table_box_id_163 lag=   2.6ms active=5
[  56.168s] RECV #00059 table=page_001368_table_box_id_163 request= 0.290s scheduled= 0.292s status=ok active=4
[  56.412s] SEND #00060 table=page_000468_table_1 lag=   1.2ms active=5
[  56.417s] RECV #00058 table=page_001367_table_70 request= 2.136s scheduled= 2.137s status=ok active=4
[  56.434s] RECV #00057 table=page_000652_table_2 request= 2.432s scheduled= 2.433s status=ok active=3
[  56.602s] SEND #00061 table=page_000838_table_4 lag=   0.8ms active=4
[  57.014s] RECV #00061 table=page_000838_table_4 request= 0.412s scheduled= 0.413s status=ok active=3
[  57.308s] RECV #00060 table=page_000468_table_1 request= 0.896s scheduled= 0.897s status=ok active=2
[  57.398s] SEND #00062 table=page_000665_table_3 lag=   1.2ms active=3
[  57.597s] RECV #00062 table=page_000665_table_3 request= 0.199s scheduled= 0.200s status=ok active=2
[  58.614s] SEND #00063 table=page_001595_table_box_id_14 lag=   3.3ms active=3
[  59.735s] SEND #00064 table=page_000818_table_1 lag=   1.3ms active=4
[  60.204s] SEND #00065 table=page_000937_table_0 lag=   1.4ms active=5
[  60.510s] RECV #00064 table=page_000818_table_1 request= 0.775s scheduled= 0.776s status=ok active=4
[  60.781s] SEND #00066 table=page_000222_table_box_id_1 lag=   0.7ms active=5
[  61.036s] RECV #00055 table=page_000250_table_box-stnne6dt request= 7.957s scheduled= 7.959s status=ok active=4
[  61.492s] SEND #00067 table=page_000744_table_11 lag=   1.4ms active=5
[  61.904s] RECV #00063 table=page_001595_table_box_id_14 request= 3.290s scheduled= 3.293s status=ok active=4
[  62.049s] RECV #00065 table=page_000937_table_0 request= 1.845s scheduled= 1.846s status=ok active=3
[  62.157s] RECV #00067 table=page_000744_table_11 request= 0.665s scheduled= 0.666s status=ok active=2
[  62.855s] RECV #00066 table=page_000222_table_box_id_1 request= 2.074s scheduled= 2.074s status=ok active=1
[  63.000s] SEND #00068 table=page_000284_table_box_id_0 lag=   1.8ms active=2
[  63.736s] SEND #00069 table=page_000266_table_box_id_1 lag=   1.7ms active=3
[  64.235s] SEND #00070 table=page_001368_table_box_id_271 lag=   1.3ms active=4
[  64.908s] SEND #00071 table=page_000467_table_17 lag=   1.3ms active=5
[  64.937s] SEND #00072 table=page_000737_table_0 lag=   0.4ms active=6
[  64.982s] SEND #00073 table=page_000526_table_7 lag=   1.1ms active=7
[  65.401s] RECV #00052 table=page_000287_table_box_id_8 request=17.039s scheduled=17.041s status=ok active=6
[  65.560s] RECV #00070 table=page_001368_table_box_id_271 request= 1.325s scheduled= 1.326s status=ok active=5
[  65.579s] RECV #00069 table=page_000266_table_box_id_1 request= 1.843s scheduled= 1.845s status=ok active=4
[  66.197s] SEND #00074 table=page_001011_table_30 lag=   1.1ms active=5
[  66.519s] RECV #00073 table=page_000526_table_7 request= 1.537s scheduled= 1.538s status=ok active=4
[  67.686s] RECV #00072 table=page_000737_table_0 request= 2.749s scheduled= 2.750s status=ok active=3
[  70.286s] SEND #00075 table=page_000246_table_box_id_11 lag=   3.9ms active=4
[  71.183s] SEND #00076 table=page_000676_table_2 lag=   1.7ms active=5
[  71.530s] RECV #00074 table=page_001011_table_30 request= 5.333s scheduled= 5.334s status=ok active=4
[  71.609s] RECV #00075 table=page_000246_table_box_id_11 request= 1.324s scheduled= 1.327s status=ok active=3
[  71.683s] SEND #00077 table=page_001368_table_box_id_268 lag=   1.4ms active=4
[  71.869s] SEND #00078 table=page_000190_table_box_id_0 lag=   0.7ms active=5
[  71.876s] RECV #00077 table=page_001368_table_box_id_268 request= 0.193s scheduled= 0.194s status=ok active=4
[  71.939s] RECV #00071 table=page_000467_table_17 request= 7.032s scheduled= 7.033s status=ok active=3
[  72.567s] SEND #00079 table=page_001368_table_box_id_227 lag=   0.9ms active=4
[  73.012s] RECV #00078 table=page_000190_table_box_id_0 request= 1.143s scheduled= 1.144s status=ok active=3
[  75.679s] RECV #00079 table=page_001368_table_box_id_227 request= 3.112s scheduled= 3.113s status=ok active=2
[  76.589s] SEND #00080 table=page_001134_table_9 lag=   1.2ms active=3
[  77.397s] RECV #00076 table=page_000676_table_2 request= 6.214s scheduled= 6.216s status=ok active=2
[  77.829s] RECV #00068 table=page_000284_table_box_id_0 request=14.830s scheduled=14.831s status=ok active=1
[  78.060s] SEND #00081 table=page_000591_table_3 lag=   0.7ms active=2
[  78.837s] SEND #00082 table=page_000210_table_box_id_4 lag=   2.0ms active=3
[  80.008s] RECV #00082 table=page_000210_table_box_id_4 request= 1.171s scheduled= 1.173s status=ok active=2
[  80.076s] RECV #00081 table=page_000591_table_3 request= 2.016s scheduled= 2.017s status=ok active=1
[  80.804s] SEND #00083 table=page_000649_table_8 lag=   1.1ms active=2
[  81.069s] SEND #00084 table=page_000289_table_box_id_4 lag=   1.3ms active=3
[  81.790s] SEND #00085 table=page_001190_table_8 lag=   1.3ms active=4
[  82.401s] RECV #00083 table=page_000649_table_8 request= 1.596s scheduled= 1.597s status=ok active=3
[  82.667s] RECV #00080 table=page_001134_table_9 request= 6.078s scheduled= 6.079s status=ok active=2
[  84.838s] SEND #00086 table=page_000211_table_box_id_3 lag=   2.8ms active=3
[  85.698s] SEND #00087 table=page_001182_table_3 lag=   1.2ms active=4
[  86.143s] RECV #00085 table=page_001190_table_8 request= 4.353s scheduled= 4.355s status=ok active=3
[  86.313s] SEND #00088 table=page_000242_table_box-mhg591pb lag=   1.3ms active=4
[  86.626s] SEND #00089 table=page_001274_table_4 lag=   0.9ms active=5
[  87.421s] SEND #00090 table=page_001177_table_2 lag=   1.4ms active=6
[  88.621s] RECV #00086 table=page_000211_table_box_id_3 request= 3.783s scheduled= 3.786s status=ok active=5
[  89.062s] RECV #00087 table=page_001182_table_3 request= 3.363s scheduled= 3.365s status=ok active=4
[  89.140s] RECV #00088 table=page_000242_table_box-mhg591pb request= 2.827s scheduled= 2.828s status=ok active=3
[  90.571s] SEND #00091 table=page_001202_table_3 lag=   1.9ms active=4
[  90.575s] SEND #00092 table=page_001158_table_3 lag=   0.3ms active=5
[  90.876s] RECV #00090 table=page_001177_table_2 request= 3.456s scheduled= 3.457s status=ok active=4
[  92.107s] SEND #00093 table=page_000641_table_8 lag=   1.3ms active=5
[  92.844s] RECV #00092 table=page_001158_table_3 request= 2.270s scheduled= 2.270s status=ok active=4
[  93.057s] RECV #00093 table=page_000641_table_8 request= 0.950s scheduled= 0.951s status=ok active=3
[  93.825s] SEND #00094 table=page_000657_table_6 lag=   1.9ms active=4
[  94.027s] RECV #00094 table=page_000657_table_6 request= 0.203s scheduled= 0.205s status=ok active=3
[  95.999s] SEND #00095 table=page_000626_table_box_id_4 lag=   2.7ms active=4
[  96.086s] RECV #00091 table=page_001202_table_3 request= 5.515s scheduled= 5.517s status=ok active=3
[  97.347s] SEND #00096 table=page_000829_table_4 lag=   1.7ms active=4
[  98.329s] RECV #00096 table=page_000829_table_4 request= 0.982s scheduled= 0.984s status=ok active=3
[  99.003s] SEND #00097 table=page_000468_table_11 lag=   1.4ms active=4
[  99.733s] SEND #00098 table=page_000434_table_16 lag=   0.4ms active=5
[ 100.007s] RECV #00097 table=page_000468_table_11 request= 1.005s scheduled= 1.006s status=ok active=4
[ 100.558s] SEND #00099 table=page_001175_table_2 lag=   1.7ms active=5
[ 100.973s] RECV #00098 table=page_000434_table_16 request= 1.241s scheduled= 1.241s status=ok active=4
[ 101.113s] SEND #00100 table=page_001230_table_box_id_1 lag=   1.5ms active=5
[ 103.242s] RECV #00100 table=page_001230_table_box_id_1 request= 2.128s scheduled= 2.130s status=ok active=4
[ 104.559s] RECV #00099 table=page_001175_table_2 request= 4.001s scheduled= 4.003s status=ok active=3
[ 106.105s] RECV #00084 table=page_000289_table_box_id_4 request=25.036s scheduled=25.037s status=ok active=2
[ 108.261s] RECV #00089 table=page_001274_table_4 request=21.635s scheduled=21.636s status=ok active=1
[ 109.309s] RECV #00095 table=page_000626_table_box_id_4 request=13.311s scheduled=13.314s status=ok active=0
DONE completed=100 failed=0 max_active=9 p50=2.319s p95=11.353s max=25.037s
Summary: tmp/09_persistent_page_engine/table_vllm_poisson100_seq64_budget16k_bd445e26_20260908/budget16384/qps1/measured/summary.json
