LINEAR_PROBE {"max_abs_vs_integer_reference": 0.001953125, "passed": true}
.MODE {"mode": "dense", "quantized_linears": 0, "dense_nz_linears": 144, "setup_seconds": 0.3451925400295295}
MODE {"mode": "ffn_w8a8", "quantized_linears": 48, "activation_quantizations_per_layer": 2, "weight_quantization": "symmetric_per_output_channel", "activation_quantization": "static_per_tensor", "bias": "original_fp16_after_dequantization", "weight_format": "FRACTAL_NZ", "dense_nz_linears": 96, "setup_seconds": 2.358336169971153}
MODE {"mode": "full_w8a8", "quantized_linears": 144, "activation_quantizations_per_layer": 4, "weight_quantization": "symmetric_per_output_channel", "activation_quantization": "static_per_tensor", "bias": "original_fp16_after_dequantization", "weight_format": "FRACTAL_NZ", "dense_nz_linears": 0, "setup_seconds": 2.417722860001959}
HELD_OUT {"dense": {"finite": true, "max_abs": 0.0, "mean_cosine": 0.9999998807907104, "min_cosine": 0.9999995231628418, "similarity_matrix_max_abs": 0.0}, "ffn_w8a8": {"finite": true, "max_abs": 0.0501708984375, "mean_cosine": 0.9597268104553223, "min_cosine": 0.9440246820449829, "similarity_matrix_max_abs": 0.08975517749786377}, "full_w8a8": {"finite": true, "max_abs": 0.039306640625, "mean_cosine": 0.9560000896453857, "min_cosine": 0.9400600790977478, "similarity_matrix_max_abs": 0.07205688953399658}}
.COMPILED {"case": "mixed_multilingual", "mode": "dense", "first_call_ms": 16047.306069987826, "compiled_vs_eager": {"finite": true, "max_abs": 0.000244140625, "mean_cosine": 0.9999980926513672, "min_cosine": 0.9999980330467224, "similarity_matrix_max_abs": 0.00018042325973510742}, "vs_dense": {"finite": true, "max_abs": 0.000244140625, "mean_cosine": 0.9999980926513672, "min_cosine": 0.9999980330467224, "similarity_matrix_max_abs": 0.00018042325973510742}, "samples_ms": []}
.COMPILED {"case": "mixed_multilingual", "mode": "ffn_w8a8", "first_call_ms": 17558.479269966483, "compiled_vs_eager": {"finite": true, "max_abs": 0.02229022979736328, "mean_cosine": 0.980843722820282, "min_cosine": 0.9804030060768127, "similarity_matrix_max_abs": 0.0011236071586608887}, "vs_dense": {"finite": true, "max_abs": 0.031707763671875, "mean_cosine": 0.957931637763977, "min_cosine": 0.9496681690216064, "similarity_matrix_max_abs": 0.010915815830230713}, "samples_ms": []}
..COMPILED {"case": "mixed_multilingual", "mode": "full_w8a8", "first_call_ms": 29862.632239994127, "compiled_vs_eager": {"finite": true, "max_abs": 0.0233001708984375, "mean_cosine": 0.9755745530128479, "min_cosine": 0.9738671183586121, "similarity_matrix_max_abs": 0.02704143524169922}, "vs_dense": {"finite": true, "max_abs": 0.0377197265625, "mean_cosine": 0.9537153244018555, "min_cosine": 0.9438941478729248, "similarity_matrix_max_abs": 0.006683707237243652}, "samples_ms": []}
SEMANTIC_SANITY {"dense": {"scores": [[0.6580436825752258, 0.374408483505249], [0.27504920959472656, 0.8243252635002136]], "top_document": [0, 1], "expected_top_document": [0, 1], "both_sensible": true}, "ffn_w8a8": {"scores": [[0.6589914560317993, 0.3947397768497467], [0.3289440870285034, 0.8089154958724976]], "top_document": [0, 1], "expected_top_document": [0, 1], "both_sensible": true}, "full_w8a8": {"scores": [[0.6709076762199402, 0.37956446409225464], [0.301630437374115, 0.7898125648498535]], "top_document": [0, 1], "expected_top_document": [0, 1], "both_sensible": true}}
CASE {"name": "mixed_multilingual", "batch_size": 2, "sequence_length": 128, "valid_tokens": [9, 25], "modes": {"dense": {"first_call_ms": 16047.306069987826, "compiled_vs_eager": {"finite": true, "max_abs": 0.000244140625, "mean_cosine": 0.9999980926513672, "min_cosine": 0.9999980330467224, "similarity_matrix_max_abs": 0.00018042325973510742}, "vs_dense": {"finite": true, "max_abs": 0.000244140625, "mean_cosine": 0.9999980926513672, "min_cosine": 0.9999980330467224, "similarity_matrix_max_abs": 0.00018042325973510742}, "samples_ms": [3.991669975221157, 4.005120019428432, 3.972150036133826, 3.9860199904069304, 4.033090022858232, 3.959770023357123, 3.955040010623634, 3.998319967649877, 3.980170004069805, 3.9734700112603605, 3.9961599977687, 3.946240001823753, 3.9632099797017872, 4.007069976069033, 3.9804900297895074, 3.9816300268284976, 3.9979799767024815, 3.9534299867227674, 3.966399992350489, 4.00431000161916], "median_ms": 3.9810600283090025, "physical_tokens_per_second": 64304.48126368462, "speedup_vs_dense": 1.0}, "ffn_w8a8": {"first_call_ms": 17558.479269966483, "compiled_vs_eager": {"finite": true, "max_abs": 0.02229022979736328, "mean_cosine": 0.980843722820282, "min_cosine": 0.9804030060768127, "similarity_matrix_max_abs": 0.0011236071586608887}, "vs_dense": {"finite": true, "max_abs": 0.031707763671875, "mean_cosine": 0.957931637763977, "min_cosine": 0.9496681690216064, "similarity_matrix_max_abs": 0.010915815830230713}, "samples_ms": [4.491630010306835, 4.4316399726085365, 4.473439999856055, 4.42195002688095, 4.42260003183037, 4.444659978616983, 4.427660023793578, 4.437750030774623, 4.453260044101626, 4.432179965078831, 4.428490006830543, 4.446549981366843, 4.420809971634299, 4.433989990502596, 4.486230027396232, 4.423260048497468, 4.419810022227466, 4.44604002404958, 4.423449980095029, 4.422470054123551], "median_ms": 4.431909968843684, "physical_tokens_per_second": 57762.90624125476, "speedup_vs_dense": 0.8982718638907029}, "full_w8a8": {"first_call_ms": 29862.632239994127, "compiled_vs_eager": {"finite": true, "max_abs": 0.0233001708984375, "mean_cosine": 0.9755745530128479, "min_cosine": 0.9738671183586121, "similarity_matrix_max_abs": 0.02704143524169922}, "vs_dense": {"finite": true, "max_abs": 0.0377197265625, "mean_cosine": 0.9537153244018555, "min_cosine": 0.9438941478729248, "similarity_matrix_max_abs": 0.006683707237243652}, "samples_ms": [5.134470004122704, 5.086210032459348, 5.087509984150529, 5.130590056069195, 5.074470012914389, 5.0792599795386195, 5.1480900146998465, 5.117569991853088, 5.091769970022142, 5.105240037664771, 5.066949990577996, 5.083720025140792, 5.122860020492226, 5.079350026790053, 5.093040002975613, 5.1013799966312945, 5.063219985459, 5.082210002001375, 5.104170006234199, 5.098249996080995], "median_ms": 5.092404986498877, "physical_tokens_per_second": 50270.94284109653, "speedup_vs_dense": 0.7817642231644375}}}
.COMPILED {"case": "long_truncated", "mode": "dense", "first_call_ms": 18966.361229948234, "compiled_vs_eager": {"finite": true, "max_abs": 0.00030517578125, "mean_cosine": 0.999995768070221, "min_cosine": 0.999995768070221, "similarity_matrix_max_abs": 0.00011217594146728516}, "vs_dense": {"finite": true, "max_abs": 0.00030517578125, "mean_cosine": 0.999995768070221, "min_cosine": 0.999995768070221, "similarity_matrix_max_abs": 0.00011217594146728516}, "samples_ms": []}
.start compile Ascend C operator QuantBatchMatmulV3. kernel name is te_quantbatchmatmulv3_8a33ee14112a41833b6ded742cd4b7cdcb9265529f523e5f7925ef0b0fe69d0b
start compile Ascend C operator AddLayerNorm. kernel name is te_addlayernorm_0ae71d9f0086038f42732eecbb8a036c1973fcd82275a17578b0f8ca2b8eb1a7
[2026-10-10 14:53:07] [WARNING] [ascend910b] cube_te In file included from /usr/local/Ascend/cann-9.0.1/opp/built-in/op_impl/ai_core/tbe/impl/ops_nn/dynamic/../ascendc/add_layer_norm/add_layer_norm.cpp:16:
In file included from /usr/local/Ascend/cann-9.0.1/opp/built-in/op_impl/ai_core/tbe/impl/ops_nn/dynamic/../ascendc/add_layer_norm/add_layer_norm_special_kernel.h:19:
In file included from /usr/local/Ascend/cann-9.0.1/opp/built-in/op_impl/ai_core/tbe/impl/ops_nn/dynamic/../ascendc/add_layer_norm/add_layer_norm_base.h:21:
/usr/local/Ascend/cann-9.0.1/aarch64-linux/asc/../tikcpp/tikcfw/impl/dav_c220/kernel_operator_reg_others_impl.h:16:9: warning: impl/basic_api/dav_c220/kernel_operator_reg_others_impl.h is an internal header file and must not be used directly. Functions or variables defined in this file may be removed in the future. Please use "#include "basic_api/kernel_operator_intf.h"" and use public functions or variables defined in interface headers files. [-W#pragma-messages]
#pragma message("impl/basic_api/dav_c220/kernel_operator_reg_others_impl.h is an internal header file and must not be used directly. Functions or variables defined in this file may be removed in the future. Please use \"#include \"basic_api/kernel_operator_intf.h\"\" and use public functions or variables defined in interface headers files.")
        ^
1 warning generated.

[2026-10-10 14:53:07] [WARNING] [ascend910b] vec_te In file included from /usr/local/Ascend/cann-9.0.1/opp/built-in/op_impl/ai_core/tbe/impl/ops_nn/dynamic/../ascendc/add_layer_norm/add_layer_norm.cpp:16:
In file included from /usr/local/Ascend/cann-9.0.1/opp/built-in/op_impl/ai_core/tbe/impl/ops_nn/dynamic/../ascendc/add_layer_norm/add_layer_norm_special_kernel.h:19:
In file included from /usr/local/Ascend/cann-9.0.1/opp/built-in/op_impl/ai_core/tbe/impl/ops_nn/dynamic/../ascendc/add_layer_norm/add_layer_norm_base.h:21:
/usr/local/Ascend/cann-9.0.1/aarch64-linux/asc/../tikcpp/tikcfw/impl/dav_c220/kernel_operator_reg_others_impl.h:16:9: warning: impl/basic_api/dav_c220/kernel_operator_reg_others_impl.h is an internal header file and must not be used directly. Functions or variables defined in this file may be removed in the future. Please use "#include "basic_api/kernel_operator_intf.h"" and use public functions or variables defined in interface headers files. [-W#pragma-messages]
#pragma message("impl/basic_api/dav_c220/kernel_operator_reg_others_impl.h is an internal header file and must not be used directly. Functions or variables defined in this file may be removed in the future. Please use \"#include \"basic_api/kernel_operator_intf.h\"\" and use public functions or variables defined in interface headers files.")
        ^
1 warning generated.

[2026-10-10 14:53:13] [WARNING] [ascend910b] 0_te In file included from /usr/local/Ascend/cann-9.0.1/opp/built-in/op_impl/ai_core/tbe/impl/ops_nn/dynamic/../ascendc/add_layer_norm/add_layer_norm.cpp:16:
In file included from /usr/local/Ascend/cann-9.0.1/opp/built-in/op_impl/ai_core/tbe/impl/ops_nn/dynamic/../ascendc/add_layer_norm/add_layer_norm_special_kernel.h:19:
In file included from /usr/local/Ascend/cann-9.0.1/opp/built-in/op_impl/ai_core/tbe/impl/ops_nn/dynamic/../ascendc/add_layer_norm/add_layer_norm_base.h:21:
/usr/local/Ascend/cann-9.0.1/aarch64-linux/asc/../tikcpp/tikcfw/impl/dav_c220/kernel_operator_reg_others_impl.h:16:9: warning: impl/basic_api/dav_c220/kernel_operator_reg_others_impl.h is an internal header file and must not be used directly. Functions or variables defined in this file may be removed in the future. Please use "#include "basic_api/kernel_operator_intf.h"" and use public functions or variables defined in interface headers files. [-W#pragma-messages]
#pragma message("impl/basic_api/dav_c220/kernel_operator_reg_others_impl.h is an internal header file and must not be used directly. Functions or variables defined in this file may be removed in the future. Please use \"#include \"basic_api/kernel_operator_intf.h\"\" and use public functions or variables defined in interface headers files.")
        ^
1 warning generated.

.[2026-10-10 14:53:17] [WARNING] [ascend910b] 0_te In file included from /usr/local/Ascend/cann-9.0.1/opp/built-in/op_impl/ai_core/tbe/impl/ops_nn/dynamic/../ascendc/add_layer_norm/add_layer_norm.cpp:16:
In file included from /usr/local/Ascend/cann-9.0.1/opp/built-in/op_impl/ai_core/tbe/impl/ops_nn/dynamic/../ascendc/add_layer_norm/add_layer_norm_special_kernel.h:19:
In file included from /usr/local/Ascend/cann-9.0.1/opp/built-in/op_impl/ai_core/tbe/impl/ops_nn/dynamic/../ascendc/add_layer_norm/add_layer_norm_base.h:21:
/usr/local/Ascend/cann-9.0.1/aarch64-linux/asc/../tikcpp/tikcfw/impl/dav_c220/kernel_operator_reg_others_impl.h:16:9: warning: impl/basic_api/dav_c220/kernel_operator_reg_others_impl.h is an internal header file and must not be used directly. Functions or variables defined in this file may be removed in the future. Please use "#include "basic_api/kernel_operator_intf.h"" and use public functions or variables defined in interface headers files. [-W#pragma-messages]
#pragma message("impl/basic_api/dav_c220/kernel_operator_reg_others_impl.h is an internal header file and must not be used directly. Functions or variables defined in this file may be removed in the future. Please use \"#include \"basic_api/kernel_operator_intf.h\"\" and use public functions or variables defined in interface headers files.")
        ^
1 warning generated.

[2026-10-10 14:53:21] [WARNING] [ascend910b] 0ae71d9f0086038f42732eecbb8a036c1973fcd82275a17578b0f8ca2b8eb1a7_te In file included from /workspace/repos/bgem3-5bb942ae/kernel_meta/kernel_meta_5033566631788606421/kernel_meta/te_addlayernorm_0ae71d9f0086038f42732eecbb8a036c1973fcd82275a17578b0f8ca2b8eb1a7_418486_kernel.cpp:6:
In file included from /usr/local/Ascend/cann-9.0.1/opp/built-in/op_impl/ai_core/tbe/impl/ops_nn/dynamic/../ascendc/add_layer_norm/add_layer_norm.cpp:16:
In file included from /usr/local/Ascend/cann-9.0.1/opp/built-in/op_impl/ai_core/tbe/impl/ops_nn/dynamic/../ascendc/add_layer_norm/add_layer_norm_special_kernel.h:19:
In file included from /usr/local/Ascend/cann-9.0.1/opp/built-in/op_impl/ai_core/tbe/impl/ops_nn/dynamic/../ascendc/add_layer_norm/add_layer_norm_base.h:21:
/usr/local/Ascend/cann-9.0.1/aarch64-linux/asc/../tikcpp/tikcfw/impl/dav_c220/kernel_operator_reg_others_impl.h:16:9: warning: impl/basic_api/dav_c220/kernel_operator_reg_others_impl.h is an internal header file and must not be used directly. Functions or variables defined in this file may be removed in the future. Please use "#include "basic_api/kernel_operator_intf.h"" and use public functions or variables defined in interface headers files. [-W#pragma-messages]
#pragma message("impl/basic_api/dav_c220/kernel_operator_reg_others_impl.h is an internal header file and must not be used directly. Functions or variables defined in this file may be removed in the future. Please use \"#include \"basic_api/kernel_operator_intf.h\"\" and use public functions or variables defined in interface headers files.")
        ^
1 warning generated.

COMPILED {"case": "long_truncated", "mode": "ffn_w8a8", "first_call_ms": 30764.0461899573, "compiled_vs_eager": {"finite": true, "max_abs": 0.015106201171875, "mean_cosine": 0.985562264919281, "min_cosine": 0.985562264919281, "similarity_matrix_max_abs": 0.0008872747421264648}, "vs_dense": {"finite": true, "max_abs": 0.036224365234375, "mean_cosine": 0.9486541152000427, "min_cosine": 0.9486541152000427, "similarity_matrix_max_abs": 0.0004887580871582031}, "samples_ms": []}
..COMPILED {"case": "long_truncated", "mode": "full_w8a8", "first_call_ms": 29429.47351001203, "compiled_vs_eager": {"finite": true, "max_abs": 0.02541351318359375, "mean_cosine": 0.9775000810623169, "min_cosine": 0.9775000810623169, "similarity_matrix_max_abs": 0.000461578369140625}, "vs_dense": {"finite": true, "max_abs": 0.03566741943359375, "mean_cosine": 0.9467125535011292, "min_cosine": 0.9467125535011292, "similarity_matrix_max_abs": 0.000583648681640625}, "samples_ms": []}
CASE {"name": "long_truncated", "batch_size": 1, "sequence_length": 512, "valid_tokens": [512], "modes": {"dense": {"first_call_ms": 18966.361229948234, "compiled_vs_eager": {"finite": true, "max_abs": 0.00030517578125, "mean_cosine": 0.999995768070221, "min_cosine": 0.999995768070221, "similarity_matrix_max_abs": 0.00011217594146728516}, "vs_dense": {"finite": true, "max_abs": 0.00030517578125, "mean_cosine": 0.999995768070221, "min_cosine": 0.999995768070221, "similarity_matrix_max_abs": 0.00011217594146728516}, "samples_ms": [5.610639986116439, 5.659669986926019, 5.590090004261583, 5.587819963693619, 5.641889991238713, 5.6016300222836435, 5.598880001343787, 5.661750037688762, 5.600920005235821, 5.591080000158399, 5.635950015857816, 5.603279976639897, 5.587220017332584, 5.642469972372055, 5.58207998983562, 5.592280009295791, 5.633410008158535, 5.599430005531758, 5.590829998254776, 5.6330899824388325], "median_ms": 5.601275013759732, "physical_tokens_per_second": 91407.75961584706, "speedup_vs_dense": 1.0}, "ffn_w8a8": {"first_call_ms": 30764.0461899573, "compiled_vs_eager": {"finite": true, "max_abs": 0.015106201171875, "mean_cosine": 0.985562264919281, "min_cosine": 0.985562264919281, "similarity_matrix_max_abs": 0.0008872747421264648}, "vs_dense": {"finite": true, "max_abs": 0.036224365234375, "mean_cosine": 0.9486541152000427, "min_cosine": 0.9486541152000427, "similarity_matrix_max_abs": 0.0004887580871582031}, "samples_ms": [6.440959987230599, 6.329750001896173, 6.372200034093112, 6.34104001801461, 6.321830034721643, 6.381420011166483, 6.345329980831593, 6.3292799750342965, 6.363380001857877, 6.354030047077686, 6.331890006549656, 6.375940050929785, 6.326190021354705, 6.328940042294562, 6.376419973094016, 6.340990017633885, 6.329419964458793, 6.3666499918326735, 6.336860009469092, 6.3228799845092], "median_ms": 6.3410150178242475, "physical_tokens_per_second": 80744.17085605316, "speedup_vs_dense": 0.8833404428178854}, "full_w8a8": {"first_call_ms": 29429.47351001203, "compiled_vs_eager": {"finite": true, "max_abs": 0.02541351318359375, "mean_cosine": 0.9775000810623169, "min_cosine": 0.9775000810623169, "similarity_matrix_max_abs": 0.000461578369140625}, "vs_dense": {"finite": true, "max_abs": 0.03566741943359375, "mean_cosine": 0.9467125535011292, "min_cosine": 0.9467125535011292, "similarity_matrix_max_abs": 0.000583648681640625}, "samples_ms": [6.740589975379407, 6.736710027325898, 6.751969980541617, 6.773039989639074, 6.721670040860772, 6.757390045095235, 6.793949985876679, 6.735989998560399, 6.741449993569404, 6.764849997125566, 6.731400033459067, 6.76000997191295, 6.787439982872456, 6.730159977450967, 6.745169986970723, 6.768200022634119, 6.727110012434423, 6.758810020983219, 6.767450016923249, 6.738800031598657], "median_ms": 6.74856998375617, "physical_tokens_per_second": 75867.92479479144, "speedup_vs_dense": 0.8299943583962262}}}
.start compile Ascend C operator AddLayerNorm. kernel name is te_addlayernorm_23a14d3da1edf7f3064ea710e61deaba1717dac55a78e7e4b17419ff1559f651
[2026-10-10 14:54:07] [WARNING] [ascend910b] cube_te In file included from /usr/local/Ascend/cann-9.0.1/opp/built-in/op_impl/ai_core/tbe/impl/ops_nn/dynamic/../ascendc/add_layer_norm/add_layer_norm.cpp:16:
In file included from /usr/local/Ascend/cann-9.0.1/opp/built-in/op_impl/ai_core/tbe/impl/ops_nn/dynamic/../ascendc/add_layer_norm/add_layer_norm_special_kernel.h:19:
In file included from /usr/local/Ascend/cann-9.0.1/opp/built-in/op_impl/ai_core/tbe/impl/ops_nn/dynamic/../ascendc/add_layer_norm/add_layer_norm_base.h:21:
/usr/local/Ascend/cann-9.0.1/aarch64-linux/asc/../tikcpp/tikcfw/impl/dav_c220/kernel_operator_reg_others_impl.h:16:9: warning: impl/basic_api/dav_c220/kernel_operator_reg_others_impl.h is an internal header file and must not be used directly. Functions or variables defined in this file may be removed in the future. Please use "#include "basic_api/kernel_operator_intf.h"" and use public functions or variables defined in interface headers files. [-W#pragma-messages]
#pragma message("impl/basic_api/dav_c220/kernel_operator_reg_others_impl.h is an internal header file and must not be used directly. Functions or variables defined in this file may be removed in the future. Please use \"#include \"basic_api/kernel_operator_intf.h\"\" and use public functions or variables defined in interface headers files.")
        ^
1 warning generated.

[2026-10-10 14:54:08] [WARNING] [ascend910b] vec_te In file included from /usr/local/Ascend/cann-9.0.1/opp/built-in/op_impl/ai_core/tbe/impl/ops_nn/dynamic/../ascendc/add_layer_norm/add_layer_norm.cpp:16:
In file included from /usr/local/Ascend/cann-9.0.1/opp/built-in/op_impl/ai_core/tbe/impl/ops_nn/dynamic/../ascendc/add_layer_norm/add_layer_norm_special_kernel.h:19:
In file included from /usr/local/Ascend/cann-9.0.1/opp/built-in/op_impl/ai_core/tbe/impl/ops_nn/dynamic/../ascendc/add_layer_norm/add_layer_norm_base.h:21:
/usr/local/Ascend/cann-9.0.1/aarch64-linux/asc/../tikcpp/tikcfw/impl/dav_c220/kernel_operator_reg_others_impl.h:16:9: warning: impl/basic_api/dav_c220/kernel_operator_reg_others_impl.h is an internal header file and must not be used directly. Functions or variables defined in this file may be removed in the future. Please use "#include "basic_api/kernel_operator_intf.h"" and use public functions or variables defined in interface headers files. [-W#pragma-messages]
#pragma message("impl/basic_api/dav_c220/kernel_operator_reg_others_impl.h is an internal header file and must not be used directly. Functions or variables defined in this file may be removed in the future. Please use \"#include \"basic_api/kernel_operator_intf.h\"\" and use public functions or variables defined in interface headers files.")
        ^
1 warning generated.

start compile Ascend C operator AddLayerNorm. kernel name is te_addlayernorm_0725a32c32a4acb4e80e86f45b8e82ef53429744e07c8c114b93ea18cd94ecbf
[2026-10-10 14:54:11] [WARNING] [ascend910b] cube_te In file included from /usr/local/Ascend/cann-9.0.1/opp/built-in/op_impl/ai_core/tbe/impl/ops_nn/dynamic/../ascendc/add_layer_norm/add_layer_norm.cpp:16:
In file included from /usr/local/Ascend/cann-9.0.1/opp/built-in/op_impl/ai_core/tbe/impl/ops_nn/dynamic/../ascendc/add_layer_norm/add_layer_norm_special_kernel.h:19:
In file included from /usr/local/Ascend/cann-9.0.1/opp/built-in/op_impl/ai_core/tbe/impl/ops_nn/dynamic/../ascendc/add_layer_norm/add_layer_norm_base.h:21:
/usr/local/Ascend/cann-9.0.1/aarch64-linux/asc/../tikcpp/tikcfw/impl/dav_c220/kernel_operator_reg_others_impl.h:16:9: warning: impl/basic_api/dav_c220/kernel_operator_reg_others_impl.h is an internal header file and must not be used directly. Functions or variables defined in this file may be removed in the future. Please use "#include "basic_api/kernel_operator_intf.h"" and use public functions or variables defined in interface headers files. [-W#pragma-messages]
#pragma message("impl/basic_api/dav_c220/kernel_operator_reg_others_impl.h is an internal header file and must not be used directly. Functions or variables defined in this file may be removed in the future. Please use \"#include \"basic_api/kernel_operator_intf.h\"\" and use public functions or variables defined in interface headers files.")
        ^
1 warning generated.

[2026-10-10 14:54:11] [WARNING] [ascend910b] vec_te In file included from /usr/local/Ascend/cann-9.0.1/opp/built-in/op_impl/ai_core/tbe/impl/ops_nn/dynamic/../ascendc/add_layer_norm/add_layer_norm.cpp:16:
In file included from /usr/local/Ascend/cann-9.0.1/opp/built-in/op_impl/ai_core/tbe/impl/ops_nn/dynamic/../ascendc/add_layer_norm/add_layer_norm_special_kernel.h:19:
In file included from /usr/local/Ascend/cann-9.0.1/opp/built-in/op_impl/ai_core/tbe/impl/ops_nn/dynamic/../ascendc/add_layer_norm/add_layer_norm_base.h:21:
/usr/local/Ascend/cann-9.0.1/aarch64-linux/asc/../tikcpp/tikcfw/impl/dav_c220/kernel_operator_reg_others_impl.h:16:9: warning: impl/basic_api/dav_c220/kernel_operator_reg_others_impl.h is an internal header file and must not be used directly. Functions or variables defined in this file may be removed in the future. Please use "#include "basic_api/kernel_operator_intf.h"" and use public functions or variables defined in interface headers files. [-W#pragma-messages]
#pragma message("impl/basic_api/dav_c220/kernel_operator_reg_others_impl.h is an internal header file and must not be used directly. Functions or variables defined in this file may be removed in the future. Please use \"#include \"basic_api/kernel_operator_intf.h\"\" and use public functions or variables defined in interface headers files.")
        ^
1 warning generated.

[2026-10-10 14:54:15] [WARNING] [ascend910b] 0_te In file included from /usr/local/Ascend/cann-9.0.1/opp/built-in/op_impl/ai_core/tbe/impl/ops_nn/dynamic/../ascendc/add_layer_norm/add_layer_norm.cpp:16:
In file included from /usr/local/Ascend/cann-9.0.1/opp/built-in/op_impl/ai_core/tbe/impl/ops_nn/dynamic/../ascendc/add_layer_norm/add_layer_norm_special_kernel.h:19:
In file included from /usr/local/Ascend/cann-9.0.1/opp/built-in/op_impl/ai_core/tbe/impl/ops_nn/dynamic/../ascendc/add_layer_norm/add_layer_norm_base.h:21:
/usr/local/Ascend/cann-9.0.1/aarch64-linux/asc/../tikcpp/tikcfw/impl/dav_c220/kernel_operator_reg_others_impl.h:16:9: warning: impl/basic_api/dav_c220/kernel_operator_reg_others_impl.h is an internal header file and must not be used directly. Functions or variables defined in this file may be removed in the future. Please use "#include "basic_api/kernel_operator_intf.h"" and use public functions or variables defined in interface headers files. [-W#pragma-messages]
#pragma message("impl/basic_api/dav_c220/kernel_operator_reg_others_impl.h is an internal header file and must not be used directly. Functions or variables defined in this file may be removed in the future. Please use \"#include \"basic_api/kernel_operator_intf.h\"\" and use public functions or variables defined in interface headers files.")
        ^
1 warning generated.

.[2026-10-10 14:54:18] [WARNING] [ascend910b] 0_te In file included from /usr/local/Ascend/cann-9.0.1/opp/built-in/op_impl/ai_core/tbe/impl/ops_nn/dynamic/../ascendc/add_layer_norm/add_layer_norm.cpp:16:
In file included from /usr/local/Ascend/cann-9.0.1/opp/built-in/op_impl/ai_core/tbe/impl/ops_nn/dynamic/../ascendc/add_layer_norm/add_layer_norm_special_kernel.h:19:
In file included from /usr/local/Ascend/cann-9.0.1/opp/built-in/op_impl/ai_core/tbe/impl/ops_nn/dynamic/../ascendc/add_layer_norm/add_layer_norm_base.h:21:
/usr/local/Ascend/cann-9.0.1/aarch64-linux/asc/../tikcpp/tikcfw/impl/dav_c220/kernel_operator_reg_others_impl.h:16:9: warning: impl/basic_api/dav_c220/kernel_operator_reg_others_impl.h is an internal header file and must not be used directly. Functions or variables defined in this file may be removed in the future. Please use "#include "basic_api/kernel_operator_intf.h"" and use public functions or variables defined in interface headers files. [-W#pragma-messages]
#pragma message("impl/basic_api/dav_c220/kernel_operator_reg_others_impl.h is an internal header file and must not be used directly. Functions or variables defined in this file may be removed in the future. Please use \"#include \"basic_api/kernel_operator_intf.h\"\" and use public functions or variables defined in interface headers files.")
        ^
1 warning generated.

[2026-10-10 14:54:19] [WARNING] [ascend910b] 0_te In file included from /usr/local/Ascend/cann-9.0.1/opp/built-in/op_impl/ai_core/tbe/impl/ops_nn/dynamic/../ascendc/add_layer_norm/add_layer_norm.cpp:16:
In file included from /usr/local/Ascend/cann-9.0.1/opp/built-in/op_impl/ai_core/tbe/impl/ops_nn/dynamic/../ascendc/add_layer_norm/add_layer_norm_special_kernel.h:19:
In file included from /usr/local/Ascend/cann-9.0.1/opp/built-in/op_impl/ai_core/tbe/impl/ops_nn/dynamic/../ascendc/add_layer_norm/add_layer_norm_base.h:21:
/usr/local/Ascend/cann-9.0.1/aarch64-linux/asc/../tikcpp/tikcfw/impl/dav_c220/kernel_operator_reg_others_impl.h:16:9: warning: impl/basic_api/dav_c220/kernel_operator_reg_others_impl.h is an internal header file and must not be used directly. Functions or variables defined in this file may be removed in the future. Please use "#include "basic_api/kernel_operator_intf.h"" and use public functions or variables defined in interface headers files. [-W#pragma-messages]
#pragma message("impl/basic_api/dav_c220/kernel_operator_reg_others_impl.h is an internal header file and must not be used directly. Functions or variables defined in this file may be removed in the future. Please use \"#include \"basic_api/kernel_operator_intf.h\"\" and use public functions or variables defined in interface headers files.")
        ^
1 warning generated.

[2026-10-10 14:54:22] [WARNING] [ascend910b] 0_te In file included from /usr/local/Ascend/cann-9.0.1/opp/built-in/op_impl/ai_core/tbe/impl/ops_nn/dynamic/../ascendc/add_layer_norm/add_layer_norm.cpp:16:
In file included from /usr/local/Ascend/cann-9.0.1/opp/built-in/op_impl/ai_core/tbe/impl/ops_nn/dynamic/../ascendc/add_layer_norm/add_layer_norm_special_kernel.h:19:
In file included from /usr/local/Ascend/cann-9.0.1/opp/built-in/op_impl/ai_core/tbe/impl/ops_nn/dynamic/../ascendc/add_layer_norm/add_layer_norm_base.h:21:
/usr/local/Ascend/cann-9.0.1/aarch64-linux/asc/../tikcpp/tikcfw/impl/dav_c220/kernel_operator_reg_others_impl.h:16:9: warning: impl/basic_api/dav_c220/kernel_operator_reg_others_impl.h is an internal header file and must not be used directly. Functions or variables defined in this file may be removed in the future. Please use "#include "basic_api/kernel_operator_intf.h"" and use public functions or variables defined in interface headers files. [-W#pragma-messages]
#pragma message("impl/basic_api/dav_c220/kernel_operator_reg_others_impl.h is an internal header file and must not be used directly. Functions or variables defined in this file may be removed in the future. Please use \"#include \"basic_api/kernel_operator_intf.h\"\" and use public functions or variables defined in interface headers files.")
        ^
1 warning generated.

[2026-10-10 14:54:23] [WARNING] [ascend910b] 23a14d3da1edf7f3064ea710e61deaba1717dac55a78e7e4b17419ff1559f651_te In file included from /workspace/repos/bgem3-5bb942ae/kernel_meta/kernel_meta_5033566631788606421/kernel_meta/te_addlayernorm_23a14d3da1edf7f3064ea710e61deaba1717dac55a78e7e4b17419ff1559f651_418488_kernel.cpp:6:
In file included from /usr/local/Ascend/cann-9.0.1/opp/built-in/op_impl/ai_core/tbe/impl/ops_nn/dynamic/../ascendc/add_layer_norm/add_layer_norm.cpp:16:
In file included from /usr/local/Ascend/cann-9.0.1/opp/built-in/op_impl/ai_core/tbe/impl/ops_nn/dynamic/../ascendc/add_layer_norm/add_layer_norm_special_kernel.h:19:
In file included from /usr/local/Ascend/cann-9.0.1/opp/built-in/op_impl/ai_core/tbe/impl/ops_nn/dynamic/../ascendc/add_layer_norm/add_layer_norm_base.h:21:
/usr/local/Ascend/cann-9.0.1/aarch64-linux/asc/../tikcpp/tikcfw/impl/dav_c220/kernel_operator_reg_others_impl.h:16:9: warning: impl/basic_api/dav_c220/kernel_operator_reg_others_impl.h is an internal header file and must not be used directly. Functions or variables defined in this file may be removed in the future. Please use "#include "basic_api/kernel_operator_intf.h"" and use public functions or variables defined in interface headers files. [-W#pragma-messages]
#pragma message("impl/basic_api/dav_c220/kernel_operator_reg_others_impl.h is an internal header file and must not be used directly. Functions or variables defined in this file may be removed in the future. Please use \"#include \"basic_api/kernel_operator_intf.h\"\" and use public functions or variables defined in interface headers files.")
        ^
1 warning generated.

[2026-10-10 14:54:26] [WARNING] [ascend910b] 0725a32c32a4acb4e80e86f45b8e82ef53429744e07c8c114b93ea18cd94ecbf_te In file included from /workspace/repos/bgem3-5bb942ae/kernel_meta/kernel_meta_5033566631788606421/kernel_meta/te_addlayernorm_0725a32c32a4acb4e80e86f45b8e82ef53429744e07c8c114b93ea18cd94ecbf_418491_kernel.cpp:6:
In file included from /usr/local/Ascend/cann-9.0.1/opp/built-in/op_impl/ai_core/tbe/impl/ops_nn/dynamic/../ascendc/add_layer_norm/add_layer_norm.cpp:16:
In file included from /usr/local/Ascend/cann-9.0.1/opp/built-in/op_impl/ai_core/tbe/impl/ops_nn/dynamic/../ascendc/add_layer_norm/add_layer_norm_special_kernel.h:19:
In file included from /usr/local/Ascend/cann-9.0.1/opp/built-in/op_impl/ai_core/tbe/impl/ops_nn/dynamic/../ascendc/add_layer_norm/add_layer_norm_base.h:21:
/usr/local/Ascend/cann-9.0.1/aarch64-linux/asc/../tikcpp/tikcfw/impl/dav_c220/kernel_operator_reg_others_impl.h:16:9: warning: impl/basic_api/dav_c220/kernel_operator_reg_others_impl.h is an internal header file and must not be used directly. Functions or variables defined in this file may be removed in the future. Please use "#include "basic_api/kernel_operator_intf.h"" and use public functions or variables defined in interface headers files. [-W#pragma-messages]
#pragma message("impl/basic_api/dav_c220/kernel_operator_reg_others_impl.h is an internal header file and must not be used directly. Functions or variables defined in this file may be removed in the future. Please use \"#include \"basic_api/kernel_operator_intf.h\"\" and use public functions or variables defined in interface headers files.")
        ^
1 warning generated.

.COMPILED {"case": "batch4_full512", "mode": "dense", "first_call_ms": 41948.95303004887, "compiled_vs_eager": {"finite": true, "max_abs": 0.00048828125, "mean_cosine": 0.999995768070221, "min_cosine": 0.9999916553497314, "similarity_matrix_max_abs": 0.0004436373710632324}, "vs_dense": {"finite": true, "max_abs": 0.00048828125, "mean_cosine": 0.999995768070221, "min_cosine": 0.9999916553497314, "similarity_matrix_max_abs": 0.0004436373710632324}, "samples_ms": []}
.start compile Ascend C operator AddLayerNorm. kernel name is te_addlayernorm_4781f7ea47c1378e011b646bb40bf433398f30b21a62250277a7da874e4f5dae
[2026-10-10 14:54:51] [WARNING] [ascend910b] cube_te In file included from /usr/local/Ascend/cann-9.0.1/opp/built-in/op_impl/ai_core/tbe/impl/ops_nn/dynamic/../ascendc/add_layer_norm/add_layer_norm.cpp:16:
In file included from /usr/local/Ascend/cann-9.0.1/opp/built-in/op_impl/ai_core/tbe/impl/ops_nn/dynamic/../ascendc/add_layer_norm/add_layer_norm_special_kernel.h:19:
In file included from /usr/local/Ascend/cann-9.0.1/opp/built-in/op_impl/ai_core/tbe/impl/ops_nn/dynamic/../ascendc/add_layer_norm/add_layer_norm_base.h:21:
/usr/local/Ascend/cann-9.0.1/aarch64-linux/asc/../tikcpp/tikcfw/impl/dav_c220/kernel_operator_reg_others_impl.h:16:9: warning: impl/basic_api/dav_c220/kernel_operator_reg_others_impl.h is an internal header file and must not be used directly. Functions or variables defined in this file may be removed in the future. Please use "#include "basic_api/kernel_operator_intf.h"" and use public functions or variables defined in interface headers files. [-W#pragma-messages]
#pragma message("impl/basic_api/dav_c220/kernel_operator_reg_others_impl.h is an internal header file and must not be used directly. Functions or variables defined in this file may be removed in the future. Please use \"#include \"basic_api/kernel_operator_intf.h\"\" and use public functions or variables defined in interface headers files.")
        ^
1 warning generated.

[2026-10-10 14:54:51] [WARNING] [ascend910b] vec_te In file included from /usr/local/Ascend/cann-9.0.1/opp/built-in/op_impl/ai_core/tbe/impl/ops_nn/dynamic/../ascendc/add_layer_norm/add_layer_norm.cpp:16:
In file included from /usr/local/Ascend/cann-9.0.1/opp/built-in/op_impl/ai_core/tbe/impl/ops_nn/dynamic/../ascendc/add_layer_norm/add_layer_norm_special_kernel.h:19:
In file included from /usr/local/Ascend/cann-9.0.1/opp/built-in/op_impl/ai_core/tbe/impl/ops_nn/dynamic/../ascendc/add_layer_norm/add_layer_norm_base.h:21:
/usr/local/Ascend/cann-9.0.1/aarch64-linux/asc/../tikcpp/tikcfw/impl/dav_c220/kernel_operator_reg_others_impl.h:16:9: warning: impl/basic_api/dav_c220/kernel_operator_reg_others_impl.h is an internal header file and must not be used directly. Functions or variables defined in this file may be removed in the future. Please use "#include "basic_api/kernel_operator_intf.h"" and use public functions or variables defined in interface headers files. [-W#pragma-messages]
#pragma message("impl/basic_api/dav_c220/kernel_operator_reg_others_impl.h is an internal header file and must not be used directly. Functions or variables defined in this file may be removed in the future. Please use \"#include \"basic_api/kernel_operator_intf.h\"\" and use public functions or variables defined in interface headers files.")
        ^
1 warning generated.

[2026-10-10 14:54:58] [WARNING] [ascend910b] 0_te In file included from /usr/local/Ascend/cann-9.0.1/opp/built-in/op_impl/ai_core/tbe/impl/ops_nn/dynamic/../ascendc/add_layer_norm/add_layer_norm.cpp:16:
In file included from /usr/local/Ascend/cann-9.0.1/opp/built-in/op_impl/ai_core/tbe/impl/ops_nn/dynamic/../ascendc/add_layer_norm/add_layer_norm_special_kernel.h:19:
In file included from /usr/local/Ascend/cann-9.0.1/opp/built-in/op_impl/ai_core/tbe/impl/ops_nn/dynamic/../ascendc/add_layer_norm/add_layer_norm_base.h:21:
/usr/local/Ascend/cann-9.0.1/aarch64-linux/asc/../tikcpp/tikcfw/impl/dav_c220/kernel_operator_reg_others_impl.h:16:9: warning: impl/basic_api/dav_c220/kernel_operator_reg_others_impl.h is an internal header file and must not be used directly. Functions or variables defined in this file may be removed in the future. Please use "#include "basic_api/kernel_operator_intf.h"" and use public functions or variables defined in interface headers files. [-W#pragma-messages]
#pragma message("impl/basic_api/dav_c220/kernel_operator_reg_others_impl.h is an internal header file and must not be used directly. Functions or variables defined in this file may be removed in the future. Please use \"#include \"basic_api/kernel_operator_intf.h\"\" and use public functions or variables defined in interface headers files.")
        ^
1 warning generated.

.[2026-10-10 14:55:02] [WARNING] [ascend910b] 0_te In file included from /usr/local/Ascend/cann-9.0.1/opp/built-in/op_impl/ai_core/tbe/impl/ops_nn/dynamic/../ascendc/add_layer_norm/add_layer_norm.cpp:16:
In file included from /usr/local/Ascend/cann-9.0.1/opp/built-in/op_impl/ai_core/tbe/impl/ops_nn/dynamic/../ascendc/add_layer_norm/add_layer_norm_special_kernel.h:19:
In file included from /usr/local/Ascend/cann-9.0.1/opp/built-in/op_impl/ai_core/tbe/impl/ops_nn/dynamic/../ascendc/add_layer_norm/add_layer_norm_base.h:21:
/usr/local/Ascend/cann-9.0.1/aarch64-linux/asc/../tikcpp/tikcfw/impl/dav_c220/kernel_operator_reg_others_impl.h:16:9: warning: impl/basic_api/dav_c220/kernel_operator_reg_others_impl.h is an internal header file and must not be used directly. Functions or variables defined in this file may be removed in the future. Please use "#include "basic_api/kernel_operator_intf.h"" and use public functions or variables defined in interface headers files. [-W#pragma-messages]
#pragma message("impl/basic_api/dav_c220/kernel_operator_reg_others_impl.h is an internal header file and must not be used directly. Functions or variables defined in this file may be removed in the future. Please use \"#include \"basic_api/kernel_operator_intf.h\"\" and use public functions or variables defined in interface headers files.")
        ^
1 warning generated.

[2026-10-10 14:55:07] [WARNING] [ascend910b] 4781f7ea47c1378e011b646bb40bf433398f30b21a62250277a7da874e4f5dae_te In file included from /workspace/repos/bgem3-5bb942ae/kernel_meta/kernel_meta_5033566631788606421/kernel_meta/te_addlayernorm_4781f7ea47c1378e011b646bb40bf433398f30b21a62250277a7da874e4f5dae_418486_kernel.cpp:6:
In file included from /usr/local/Ascend/cann-9.0.1/opp/built-in/op_impl/ai_core/tbe/impl/ops_nn/dynamic/../ascendc/add_layer_norm/add_layer_norm.cpp:16:
In file included from /usr/local/Ascend/cann-9.0.1/opp/built-in/op_impl/ai_core/tbe/impl/ops_nn/dynamic/../ascendc/add_layer_norm/add_layer_norm_special_kernel.h:19:
In file included from /usr/local/Ascend/cann-9.0.1/opp/built-in/op_impl/ai_core/tbe/impl/ops_nn/dynamic/../ascendc/add_layer_norm/add_layer_norm_base.h:21:
/usr/local/Ascend/cann-9.0.1/aarch64-linux/asc/../tikcpp/tikcfw/impl/dav_c220/kernel_operator_reg_others_impl.h:16:9: warning: impl/basic_api/dav_c220/kernel_operator_reg_others_impl.h is an internal header file and must not be used directly. Functions or variables defined in this file may be removed in the future. Please use "#include "basic_api/kernel_operator_intf.h"" and use public functions or variables defined in interface headers files. [-W#pragma-messages]
#pragma message("impl/basic_api/dav_c220/kernel_operator_reg_others_impl.h is an internal header file and must not be used directly. Functions or variables defined in this file may be removed in the future. Please use \"#include \"basic_api/kernel_operator_intf.h\"\" and use public functions or variables defined in interface headers files.")
        ^
1 warning generated.

COMPILED {"case": "batch4_full512", "mode": "ffn_w8a8", "first_call_ms": 33674.86480996013, "compiled_vs_eager": {"finite": true, "max_abs": 0.020030498504638672, "mean_cosine": 0.9869768023490906, "min_cosine": 0.9828370213508606, "similarity_matrix_max_abs": 0.019892990589141846}, "vs_dense": {"finite": true, "max_abs": 0.04229736328125, "mean_cosine": 0.9507713317871094, "min_cosine": 0.9401533603668213, "similarity_matrix_max_abs": 0.028536617755889893}, "samples_ms": []}
..COMPILED {"case": "batch4_full512", "mode": "full_w8a8", "first_call_ms": 30571.063320036046, "compiled_vs_eager": {"finite": true, "max_abs": 0.03076171875, "mean_cosine": 0.9787981510162354, "min_cosine": 0.9750831723213196, "similarity_matrix_max_abs": 0.020720481872558594}, "vs_dense": {"finite": true, "max_abs": 0.0399169921875, "mean_cosine": 0.9435826539993286, "min_cosine": 0.9382013082504272, "similarity_matrix_max_abs": 0.02850419282913208}, "samples_ms": []}
CASE {"name": "batch4_full512", "batch_size": 4, "sequence_length": 512, "valid_tokens": [512, 512, 512, 512], "modes": {"dense": {"first_call_ms": 41948.95303004887, "compiled_vs_eager": {"finite": true, "max_abs": 0.00048828125, "mean_cosine": 0.999995768070221, "min_cosine": 0.9999916553497314, "similarity_matrix_max_abs": 0.0004436373710632324}, "vs_dense": {"finite": true, "max_abs": 0.00048828125, "mean_cosine": 0.999995768070221, "min_cosine": 0.9999916553497314, "similarity_matrix_max_abs": 0.0004436373710632324}, "samples_ms": [13.00498005002737, 12.908949982374907, 12.8482700092718, 12.84671004395932, 12.90278002852574, 12.873720028437674, 12.862970004789531, 12.88022001972422, 12.855609995312989, 12.857499998062849, 12.930210039485246, 12.843050004448742, 12.855579960159957, 12.892080005258322, 12.840920011512935, 12.82394997542724, 12.874370033387095, 12.842900003306568, 12.847740028519183, 12.874980049673468], "median_ms": 12.86023500142619, "physical_tokens_per_second": 159250.58910454423, "speedup_vs_dense": 1.0}, "ffn_w8a8": {"first_call_ms": 33674.86480996013, "compiled_vs_eager": {"finite": true, "max_abs": 0.020030498504638672, "mean_cosine": 0.9869768023490906, "min_cosine": 0.9828370213508606, "similarity_matrix_max_abs": 0.019892990589141846}, "vs_dense": {"finite": true, "max_abs": 0.04229736328125, "mean_cosine": 0.9507713317871094, "min_cosine": 0.9401533603668213, "similarity_matrix_max_abs": 0.028536617755889893}, "samples_ms": [12.983900029212236, 12.968579947482795, 12.989189999643713, 12.896380038000643, 12.974769982974976, 12.94268004130572, 12.895719963125885, 12.968660041224211, 12.934029975440353, 12.910099991131574, 12.977149977814406, 12.96977000311017, 12.893499981146306, 12.9629599978216, 12.934960017446429, 12.879520014394075, 12.981879990547895, 12.93701003305614, 12.891190010122955, 12.956749997101724], "median_ms": 12.949715019203722, "physical_tokens_per_second": 158150.19843779787, "speedup_vs_dense": 0.9930901940587235}, "full_w8a8": {"first_call_ms": 30571.063320036046, "compiled_vs_eager": {"finite": true, "max_abs": 0.03076171875, "mean_cosine": 0.9787981510162354, "min_cosine": 0.9750831723213196, "similarity_matrix_max_abs": 0.020720481872558594}, "vs_dense": {"finite": true, "max_abs": 0.0399169921875, "mean_cosine": 0.9435826539993286, "min_cosine": 0.9382013082504272, "similarity_matrix_max_abs": 0.02850419282913208}, "samples_ms": [13.211310026235878, 13.08862998848781, 13.03018000908196, 13.081190001685172, 13.02560995100066, 13.041739992331713, 13.10226001078263, 13.027090055402368, 13.059599965345114, 13.080359960440546, 13.030409987550229, 13.017670018598437, 13.05968000087887, 13.03949998691678, 13.041209953371435, 13.054459996055812, 13.013930001761764, 13.030590023845434, 13.079669966828078, 13.026710017584264], "median_ms": 13.041474972851574, "physical_tokens_per_second": 157037.45199552347, "speedup_vs_dense": 0.9861028011170001}}}
RESULT {"passed": true, "output": "/workspace/results/bge_m3_w8a8_71201c25/result.json"}
