2026-09-06T02:49:23+08:00
	NPU ID                         : 6
	Chip Count                     : 1

	No process in device.
	Chip ID                        : 0

2026-09-06T02:49:28+08:00
	NPU ID                         : 6
	Chip Count                     : 1

	No process in device.
	Chip ID                        : 0

2026-09-06T02:49:34+08:00
	NPU ID                         : 6
	Chip Count                     : 1

	Process id:1794005 Process name:python            Process memory(MB):105
	Chip ID                        : 0

2026-09-06T02:49:39+08:00
	NPU ID                         : 6
	Chip Count                     : 1

	Process id:1794005 Process name:python            Process memory(MB):105
	Chip ID                        : 0

2026-09-06T02:49:45+08:00
	NPU ID                         : 6
	Chip Count                     : 1

	Process id:1794005 Process name:python            Process memory(MB):3855
	Chip ID                        : 0

2026-09-06T02:49:50+08:00
	NPU ID                         : 6
	Chip Count                     : 1

	Process id:1794005 Process name:python            Process memory(MB):3855
	Chip ID                        : 0

2026-09-06T02:49:56+08:00
	NPU ID                         : 6
	Chip Count                     : 1

	Process id:1794005 Process name:python            Process memory(MB):3883
	Chip ID                        : 0

2026-09-06T02:50:01+08:00
	NPU ID                         : 6
	Chip Count                     : 1

	Process id:1794005 Process name:python            Process memory(MB):6895
	Chip ID                        : 0

2026-09-06T02:50:07+08:00
	NPU ID                         : 6
	Chip Count                     : 1

	Process id:1794005 Process name:python            Process memory(MB):6895
	Chip ID                        : 0

2026-09-06T02:50:08+08:00
    PID    PPID                  STARTED COMMAND
1794005 1794003 Sun Sep  6 02:49:23 2026 /workspace/venvs/vllm_paddle_ocr_pipeline_py312/bin/python -c from multiprocessing.spawn import spawn_main; spawn_main(tracker_fd=6, pipe_handle=10) --multiprocessing-fork
NSpid:	1794005	2479328
    PID    PPID                  STARTED COMMAND
1794003 1728105 Sun Sep  6 02:49:23 2026 /workspace/venvs/vllm_paddle_ocr_pipeline_py312/bin/python -u 09_persistent_page_engine/scripts/serve_crop_ocr_api.py --host 127.0.0.1 --port 8767 --request-timeout-s 3600 --queue-capacity 64 --model /workspace/models/PaddleOCR-VL-1.6 --decode-backend torchair --decode-optimization combined_apply_complete_layer_prefetch1_rope_lut --decode-vocab-token-ids 09_persistent_page_engine/presets/table_compact_vocab/b1_verifier_topfreq_16384.json --token-selection greedy --cache-length 4096 --max-new-tokens 4096 --min-pixels 28224 --max-pixels 802816 --request-scheduling-metrics --decode-batch-size 2 --vision-buckets 256,384,512,640,768,1408,1920,2048,2944,4096 --text-buckets 128,256,512,1024,1152 --vision-attention-weight-padding --service-summary-output tmp/09_persistent_page_engine/table_vision_3b222363_20260905/cache_reload/service.json
2026-09-06T02:50:12+08:00
	NPU ID                         : 6
	Chip Count                     : 1

	Process id:1794005 Process name:python            Process memory(MB):6895
	Chip ID                        : 0

2026-09-06T02:50:18+08:00
	NPU ID                         : 6
	Chip Count                     : 1

	Process id:1794005 Process name:python            Process memory(MB):6895
	Chip ID                        : 0

2026-09-06T02:50:23+08:00
	NPU ID                         : 6
	Chip Count                     : 1

	Process id:1794005 Process name:python            Process memory(MB):6917
	Chip ID                        : 0

2026-09-06T02:50:29+08:00
	NPU ID                         : 6
	Chip Count                     : 1

	Process id:1794005 Process name:python            Process memory(MB):6961
	Chip ID                        : 0

2026-09-06T02:50:34+08:00
	NPU ID                         : 6
	Chip Count                     : 1

	Process id:1794005 Process name:python            Process memory(MB):6961
	Chip ID                        : 0

2026-09-06T02:50:40+08:00
	NPU ID                         : 6
	Chip Count                     : 1

	Process id:1794005 Process name:python            Process memory(MB):6961
	Chip ID                        : 0

2026-09-06T02:50:45+08:00
	NPU ID                         : 6
	Chip Count                     : 1

	Process id:1794005 Process name:python            Process memory(MB):6961
	Chip ID                        : 0

2026-09-06T02:50:51+08:00
	NPU ID                         : 6
	Chip Count                     : 1

	Process id:1794005 Process name:python            Process memory(MB):6961
	Chip ID                        : 0

2026-09-06T02:50:56+08:00
	NPU ID                         : 6
	Chip Count                     : 1

	Process id:1794005 Process name:python            Process memory(MB):6961
	Chip ID                        : 0

2026-09-06T02:51:02+08:00
	NPU ID                         : 6
	Chip Count                     : 1

	Process id:1794005 Process name:python            Process memory(MB):6987
	Chip ID                        : 0

2026-09-06T02:51:07+08:00
	NPU ID                         : 6
	Chip Count                     : 1

	Process id:1794005 Process name:python            Process memory(MB):6987
	Chip ID                        : 0

2026-09-06T02:51:13+08:00
	NPU ID                         : 6
	Chip Count                     : 1

	Process id:1794005 Process name:python            Process memory(MB):6987
	Chip ID                        : 0

2026-09-06T02:51:18+08:00
	NPU ID                         : 6
	Chip Count                     : 1

	Process id:1794005 Process name:python            Process memory(MB):6987
	Chip ID                        : 0

2026-09-06T02:51:24+08:00
	NPU ID                         : 6
	Chip Count                     : 1

	Process id:1794005 Process name:python            Process memory(MB):6987
	Chip ID                        : 0

2026-09-06T02:51:29+08:00
	NPU ID                         : 6
	Chip Count                     : 1

	Process id:1794005 Process name:python            Process memory(MB):6987
	Chip ID                        : 0

2026-09-06T02:51:35+08:00
	NPU ID                         : 6
	Chip Count                     : 1

	Process id:1794005 Process name:python            Process memory(MB):6987
	Chip ID                        : 0

2026-09-06T02:51:41+08:00
	NPU ID                         : 6
	Chip Count                     : 1

	Process id:1794005 Process name:python            Process memory(MB):6987
	Chip ID                        : 0

2026-09-06T02:51:46+08:00
	NPU ID                         : 6
	Chip Count                     : 1

	Process id:1794005 Process name:python            Process memory(MB):6987
	Chip ID                        : 0

2026-09-06T02:51:52+08:00
	NPU ID                         : 6
	Chip Count                     : 1

	Process id:1794005 Process name:python            Process memory(MB):6987
	Chip ID                        : 0

2026-09-06T02:51:57+08:00
	NPU ID                         : 6
	Chip Count                     : 1

	Process id:1794005 Process name:python            Process memory(MB):6987
	Chip ID                        : 0

2026-09-06T02:52:03+08:00
	NPU ID                         : 6
	Chip Count                     : 1

	Process id:1794005 Process name:python            Process memory(MB):6987
	Chip ID                        : 0

2026-09-06T02:52:08+08:00
	NPU ID                         : 6
	Chip Count                     : 1

	Process id:1794005 Process name:python            Process memory(MB):6987
	Chip ID                        : 0

2026-09-06T02:52:14+08:00
	NPU ID                         : 6
	Chip Count                     : 1

	Process id:1794005 Process name:python            Process memory(MB):245
	Chip ID                        : 0

2026-09-06T02:52:19+08:00
	NPU ID                         : 6
	Chip Count                     : 1

	No process in device.
	Chip ID                        : 0

2026-09-06T02:52:25+08:00
	NPU ID                         : 6
	Chip Count                     : 1

	No process in device.
	Chip ID                        : 0

2026-09-06T02:52:30+08:00
	NPU ID                         : 6
	Chip Count                     : 1

	No process in device.
	Chip ID                        : 0

2026-09-06T02:52:36+08:00
	NPU ID                         : 6
	Chip Count                     : 1

	No process in device.
	Chip ID                        : 0

2026-09-06T02:52:41+08:00
	NPU ID                         : 6
	Chip Count                     : 1

	No process in device.
	Chip ID                        : 0

2026-09-06T02:52:47+08:00
	NPU ID                         : 6
	Chip Count                     : 1

	No process in device.
	Chip ID                        : 0

2026-09-06T02:52:52+08:00
	NPU ID                         : 6
	Chip Count                     : 1

	No process in device.
	Chip ID                        : 0

2026-09-06T02:52:54+08:00
	NPU ID                         : 6
	Chip Count                     : 1

	No process in device.
	Chip ID                        : 0

    PID    PPID COMMAND
