oracle-c4-cap-c2 API ready worker_pid=2448279; preloading 100 distinct crops for 100 requests
oracle-c4-cap-c2 crops preloaded 50/100
oracle-c4-cap-c2 crops preloaded 100/100
oracle-c4-cap-c2 payloads ready bytes=34840674
SEND oracle-c4-cap-c2 01/100 table=page_000287_table_box_id_8 active=1
SEND oracle-c4-cap-c2 02/100 table=page_001367_table_51 active=2
RECV oracle-c4-cap-c2 01/100 rank=24 id=page_000287_table_box_id_8 latency=1.3804s status=ok active=1
SEND oracle-c4-cap-c2 03/100 table=page_000236_table_box_id_1 active=2
RECV oracle-c4-cap-c2 02/100 rank=65 id=page_001367_table_51 latency=1.4087s status=ok active=1
SEND oracle-c4-cap-c2 04/100 table=page_000634_table_11 active=2
RECV oracle-c4-cap-c2 03/100 rank=324 id=page_000236_table_box_id_1 latency=0.5020s status=ok active=1
SEND oracle-c4-cap-c2 05/100 table=page_000272_table_box_id_1 active=2
RECV oracle-c4-cap-c2 04/100 rank=225 id=page_000634_table_11 latency=0.7326s status=ok active=1
SEND oracle-c4-cap-c2 06/100 table=page_001172_table_16 active=2
RECV oracle-c4-cap-c2 06/100 rank=337 id=page_001172_table_16 latency=0.8018s status=ok active=1
SEND oracle-c4-cap-c2 07/100 table=page_001137_table_2 active=2
RECV oracle-c4-cap-c2 05/100 rank=09 id=page_000272_table_box_id_1 latency=2.3434s status=ok active=1
SEND oracle-c4-cap-c2 08/100 table=page_001150_table_box_id_9 active=2
RECV oracle-c4-cap-c2 07/100 rank=151 id=page_001137_table_2 latency=1.6659s status=ok active=1
SEND oracle-c4-cap-c2 09/100 table=page_000920_table_8 active=2
RECV oracle-c4-cap-c2 08/100 rank=255 id=page_001150_table_box_id_9 latency=0.6115s status=ok active=1
SEND oracle-c4-cap-c2 10/100 table=page_000524_table_0 active=2
RECV oracle-c4-cap-c2 09/100 rank=368 id=page_000920_table_8 latency=0.4690s status=ok active=1
SEND oracle-c4-cap-c2 11/100 table=page_000256_table_box_id_8 active=2
RECV oracle-c4-cap-c2 11/100 rank=336 id=page_000256_table_box_id_8 latency=0.4077s status=ok active=1
SEND oracle-c4-cap-c2 12/100 table=page_001166_table_9 active=2
RECV oracle-c4-cap-c2 12/100 rank=436 id=page_001166_table_9 latency=0.3050s status=ok active=1
SEND oracle-c4-cap-c2 13/100 table=page_000211_table_box_id_3 active=2
RECV oracle-c4-cap-c2 10/100 rank=140 id=page_000524_table_0 latency=1.0680s status=ok active=1
SEND oracle-c4-cap-c2 14/100 table=page_000933_table_10 active=2
RECV oracle-c4-cap-c2 14/100 rank=504 id=page_000933_table_10 latency=0.3546s status=ok active=1
SEND oracle-c4-cap-c2 15/100 table=page_001129_table_8 active=2
RECV oracle-c4-cap-c2 13/100 rank=201 id=page_000211_table_box_id_3 latency=0.8393s status=ok active=1
SEND oracle-c4-cap-c2 16/100 table=page_001375_table_7 active=2
RECV oracle-c4-cap-c2 16/100 rank=458 id=page_001375_table_7 latency=0.2784s status=ok active=1
SEND oracle-c4-cap-c2 17/100 table=page_000106_table_box_id_2 active=2
RECV oracle-c4-cap-c2 15/100 rank=107 id=page_001129_table_8 latency=1.2341s status=ok active=1
SEND oracle-c4-cap-c2 18/100 table=page_001134_table_10 active=2
RECV oracle-c4-cap-c2 17/100 rank=208 id=page_000106_table_box_id_2 latency=0.6324s status=ok active=1
SEND oracle-c4-cap-c2 19/100 table=page_000642_table_8 active=2
RECV oracle-c4-cap-c2 18/100 rank=134 id=page_001134_table_10 latency=1.0086s status=ok active=1
SEND oracle-c4-cap-c2 20/100 table=page_000564_table_7 active=2
RECV oracle-c4-cap-c2 19/100 rank=128 id=page_000642_table_8 latency=1.0457s status=ok active=1
SEND oracle-c4-cap-c2 21/100 table=page_001368_table_box_id_242 active=2
RECV oracle-c4-cap-c2 21/100 rank=497 id=page_001368_table_box_id_242 latency=0.3544s status=ok active=1
SEND oracle-c4-cap-c2 22/100 table=page_000263_table_box_id_7 active=2
RECV oracle-c4-cap-c2 20/100 rank=334 id=page_000564_table_7 latency=0.4825s status=ok active=1
SEND oracle-c4-cap-c2 23/100 table=page_000746_table_18 active=2
RECV oracle-c4-cap-c2 23/100 rank=161 id=page_000746_table_18 latency=1.7654s status=ok active=1
SEND oracle-c4-cap-c2 24/100 table=page_000213_table_box_id_5 active=2
RECV oracle-c4-cap-c2 24/100 rank=215 id=page_000213_table_box_id_5 latency=1.3110s status=ok active=1
SEND oracle-c4-cap-c2 25/100 table=page_000206_table_box_id_1 active=2
RECV oracle-c4-cap-c2 25/100 rank=309 id=page_000206_table_box_id_1 latency=1.0570s status=ok active=1
SEND oracle-c4-cap-c2 26/100 table=page_000209_table_box_id_1 active=2
RECV oracle-c4-cap-c2 22/100 rank=31 id=page_000263_table_box_id_7 latency=4.7577s status=ok active=1
SEND oracle-c4-cap-c2 27/100 table=page_001216_table_2 active=2
RECV oracle-c4-cap-c2 26/100 rank=432 id=page_000209_table_box_id_1 latency=0.5838s status=ok active=1
SEND oracle-c4-cap-c2 28/100 table=page_000188_table_box_id_6 active=2
RECV oracle-c4-cap-c2 28/100 rank=240 id=page_000188_table_box_id_6 latency=0.7436s status=ok active=1
SEND oracle-c4-cap-c2 29/100 table=page_000921_table_9 active=2
RECV oracle-c4-cap-c2 27/100 rank=186 id=page_001216_table_2 latency=0.7869s status=ok active=1
SEND oracle-c4-cap-c2 30/100 table=page_000533_table_8 active=2
RECV oracle-c4-cap-c2 29/100 rank=460 id=page_000921_table_9 latency=0.3599s status=ok active=1
SEND oracle-c4-cap-c2 31/100 table=page_001123_table_14 active=2
RECV oracle-c4-cap-c2 30/100 rank=399 id=page_000533_table_8 latency=0.5593s status=ok active=1
SEND oracle-c4-cap-c2 32/100 table=page_001503_table_5 active=2
RECV oracle-c4-cap-c2 31/100 rank=413 id=page_001123_table_14 latency=0.4387s status=ok active=1
SEND oracle-c4-cap-c2 33/100 table=page_001197_table_5 active=2
RECV oracle-c4-cap-c2 32/100 rank=526 id=page_001503_table_5 latency=0.2092s status=ok active=1
SEND oracle-c4-cap-c2 34/100 table=page_000542_table_0 active=2
RECV oracle-c4-cap-c2 34/100 rank=219 id=page_000542_table_0 latency=0.6973s status=ok active=1
SEND oracle-c4-cap-c2 35/100 table=page_001130_table_1 active=2
RECV oracle-c4-cap-c2 35/100 rank=572 id=page_001130_table_1 latency=0.1802s status=ok active=1
SEND oracle-c4-cap-c2 36/100 table=page_001595_table_box_id_9 active=2
RECV oracle-c4-cap-c2 36/100 rank=561 id=page_001595_table_box_id_9 latency=0.1823s status=ok active=1
SEND oracle-c4-cap-c2 37/100 table=page_001233_table_6 active=2
RECV oracle-c4-cap-c2 33/100 rank=118 id=page_001197_table_5 latency=1.3702s status=ok active=1
SEND oracle-c4-cap-c2 38/100 table=page_000585_table_1 active=2
RECV oracle-c4-cap-c2 37/100 rank=241 id=page_001233_table_6 latency=0.6413s status=ok active=1
SEND oracle-c4-cap-c2 39/100 table=page_000821_table_box_id_26 active=2
RECV oracle-c4-cap-c2 39/100 rank=617 id=page_000821_table_box_id_26 latency=0.1539s status=ok active=1
SEND oracle-c4-cap-c2 40/100 table=page_000566_table_3 active=2
RECV oracle-c4-cap-c2 38/100 rank=159 id=page_000585_table_1 latency=0.9870s status=ok active=1
SEND oracle-c4-cap-c2 41/100 table=page_000534_table_4 active=2
RECV oracle-c4-cap-c2 40/100 rank=167 id=page_000566_table_3 latency=0.8703s status=ok active=1
SEND oracle-c4-cap-c2 42/100 table=page_001141_table_13 active=2
RECV oracle-c4-cap-c2 41/100 rank=221 id=page_000534_table_4 latency=0.6702s status=ok active=1
SEND oracle-c4-cap-c2 43/100 table=page_000665_table_3 active=2
RECV oracle-c4-cap-c2 43/100 rank=662 id=page_000665_table_3 latency=0.1095s status=ok active=1
SEND oracle-c4-cap-c2 44/100 table=page_001417_table_2 active=2
RECV oracle-c4-cap-c2 44/100 rank=587 id=page_001417_table_2 latency=0.1790s status=ok active=1
SEND oracle-c4-cap-c2 45/100 table=page_001117_table_box_id_7 active=2
RECV oracle-c4-cap-c2 42/100 rank=280 id=page_001141_table_13 latency=0.7451s status=ok active=1
SEND oracle-c4-cap-c2 46/100 table=page_001270_table_box_id_1 active=2
RECV oracle-c4-cap-c2 45/100 rank=483 id=page_001117_table_box_id_7 latency=0.2548s status=ok active=1
SEND oracle-c4-cap-c2 47/100 table=page_000261_table_box_id_3 active=2
RECV oracle-c4-cap-c2 47/100 rank=54 id=page_000261_table_box_id_3 latency=1.9887s status=ok active=1
SEND oracle-c4-cap-c2 48/100 table=page_000505_table_1 active=2
RECV oracle-c4-cap-c2 46/100 rank=95 id=page_001270_table_box_id_1 latency=2.1700s status=ok active=1
SEND oracle-c4-cap-c2 49/100 table=page_000682_table_15 active=2
RECV oracle-c4-cap-c2 49/100 rank=507 id=page_000682_table_15 latency=0.3399s status=ok active=1
SEND oracle-c4-cap-c2 50/100 table=page_000275_table_box_id_1 active=2
RECV oracle-c4-cap-c2 48/100 rank=121 id=page_000505_table_1 latency=1.6886s status=ok active=1
SEND oracle-c4-cap-c2 51/100 table=page_000789_table_34 active=2
RECV oracle-c4-cap-c2 51/100 rank=639 id=page_000789_table_34 latency=0.1753s status=ok active=1
SEND oracle-c4-cap-c2 52/100 table=page_001177_table_2 active=2
RECV oracle-c4-cap-c2 50/100 rank=12 id=page_000275_table_box_id_1 latency=2.1619s status=ok active=1
SEND oracle-c4-cap-c2 53/100 table=page_001398_table_box-13qv1ztw active=2
RECV oracle-c4-cap-c2 53/100 rank=511 id=page_001398_table_box-13qv1ztw latency=0.2521s status=ok active=1
SEND oracle-c4-cap-c2 54/100 table=page_001183_table_11 active=2
RECV oracle-c4-cap-c2 52/100 rank=229 id=page_001177_table_2 latency=1.1843s status=ok active=1
SEND oracle-c4-cap-c2 55/100 table=page_000507_table_0 active=2
RECV oracle-c4-cap-c2 54/100 rank=395 id=page_001183_table_11 latency=0.4496s status=ok active=1
SEND oracle-c4-cap-c2 56/100 table=page_000710_table_9 active=2
RECV oracle-c4-cap-c2 55/100 rank=396 id=page_000507_table_0 latency=0.4403s status=ok active=1
SEND oracle-c4-cap-c2 57/100 table=page_000657_table_6 active=2
RECV oracle-c4-cap-c2 56/100 rank=514 id=page_000710_table_9 latency=0.3038s status=ok active=1
SEND oracle-c4-cap-c2 58/100 table=page_001368_table_box_id_227 active=2
RECV oracle-c4-cap-c2 57/100 rank=659 id=page_000657_table_6 latency=0.1100s status=ok active=1
SEND oracle-c4-cap-c2 59/100 table=page_001176_table_4 active=2
RECV oracle-c4-cap-c2 58/100 rank=264 id=page_001368_table_box_id_227 latency=0.6057s status=ok active=1
SEND oracle-c4-cap-c2 60/100 table=page_001181_table_6 active=2
RECV oracle-c4-cap-c2 59/100 rank=122 id=page_001176_table_4 latency=1.1550s status=ok active=1
SEND oracle-c4-cap-c2 61/100 table=page_000937_table_0 active=2
RECV oracle-c4-cap-c2 61/100 rank=350 id=page_000937_table_0 latency=0.3926s status=ok active=1
SEND oracle-c4-cap-c2 62/100 table=page_001368_table_box_id_237 active=2
RECV oracle-c4-cap-c2 62/100 rank=468 id=page_001368_table_box_id_237 latency=0.2756s status=ok active=1
SEND oracle-c4-cap-c2 63/100 table=page_000217_table_box_id_0 active=2
RECV oracle-c4-cap-c2 63/100 rank=391 id=page_000217_table_box_id_0 latency=0.3492s status=ok active=1
SEND oracle-c4-cap-c2 64/100 table=page_001159_table_5 active=2
RECV oracle-c4-cap-c2 60/100 rank=72 id=page_001181_table_6 latency=1.5996s status=ok active=1
SEND oracle-c4-cap-c2 65/100 table=page_000626_table_box_id_1 active=2
RECV oracle-c4-cap-c2 64/100 rank=224 id=page_001159_table_5 latency=0.9924s status=ok active=1
SEND oracle-c4-cap-c2 66/100 table=page_000984_table_2 active=2
RECV oracle-c4-cap-c2 66/100 rank=625 id=page_000984_table_2 latency=0.1796s status=ok active=1
SEND oracle-c4-cap-c2 67/100 table=page_001082_table_34 active=2
RECV oracle-c4-cap-c2 65/100 rank=44 id=page_000626_table_box_id_1 latency=2.3009s status=ok active=1
SEND oracle-c4-cap-c2 68/100 table=page_000467_table_17 active=2
RECV oracle-c4-cap-c2 67/100 rank=171 id=page_001082_table_34 latency=1.4743s status=ok active=1
SEND oracle-c4-cap-c2 69/100 table=page_000866_table_14 active=2
RECV oracle-c4-cap-c2 69/100 rank=419 id=page_000866_table_14 latency=0.3369s status=ok active=1
SEND oracle-c4-cap-c2 70/100 table=page_001227_table_10 active=2
RECV oracle-c4-cap-c2 68/100 rank=120 id=page_000467_table_17 latency=1.1808s status=ok active=1
SEND oracle-c4-cap-c2 71/100 table=page_000916_table_7 active=2
RECV oracle-c4-cap-c2 71/100 rank=265 id=page_000916_table_7 latency=0.4937s status=ok active=1
SEND oracle-c4-cap-c2 72/100 table=page_000251_table_box_id_7 active=2
RECV oracle-c4-cap-c2 70/100 rank=75 id=page_001227_table_10 latency=1.4002s status=ok active=1
SEND oracle-c4-cap-c2 73/100 table=page_001131_table_15 active=2
RECV oracle-c4-cap-c2 73/100 rank=469 id=page_001131_table_15 latency=0.2712s status=ok active=1
SEND oracle-c4-cap-c2 74/100 table=page_001183_table_12 active=2
RECV oracle-c4-cap-c2 72/100 rank=184 id=page_000251_table_box_id_7 latency=0.8703s status=ok active=1
SEND oracle-c4-cap-c2 75/100 table=page_000266_table_box_id_7 active=2
RECV oracle-c4-cap-c2 75/100 rank=509 id=page_000266_table_box_id_7 latency=0.2338s status=ok active=1
SEND oracle-c4-cap-c2 76/100 table=page_000447_table_12 active=2
RECV oracle-c4-cap-c2 74/100 rank=285 id=page_001183_table_12 latency=0.6357s status=ok active=1
SEND oracle-c4-cap-c2 77/100 table=page_001193_table_4 active=2
RECV oracle-c4-cap-c2 76/100 rank=371 id=page_000447_table_12 latency=0.4835s status=ok active=1
SEND oracle-c4-cap-c2 78/100 table=page_001368_table_box_id_239 active=2
RECV oracle-c4-cap-c2 77/100 rank=342 id=page_001193_table_4 latency=0.4926s status=ok active=1
SEND oracle-c4-cap-c2 79/100 table=page_000903_table_15 active=2
RECV oracle-c4-cap-c2 78/100 rank=512 id=page_001368_table_box_id_239 latency=0.2404s status=ok active=1
SEND oracle-c4-cap-c2 80/100 table=page_001167_table_2 active=2
RECV oracle-c4-cap-c2 79/100 rank=522 id=page_000903_table_15 latency=0.3135s status=ok active=1
SEND oracle-c4-cap-c2 81/100 table=page_000212_table_box_id_1 active=2
RECV oracle-c4-cap-c2 80/100 rank=422 id=page_001167_table_2 latency=0.4149s status=ok active=1
SEND oracle-c4-cap-c2 82/100 table=page_001147_table_10 active=2
RECV oracle-c4-cap-c2 81/100 rank=113 id=page_000212_table_box_id_1 latency=1.1148s status=ok active=1
SEND oracle-c4-cap-c2 83/100 table=page_000223_table_box_id_2 active=2
RECV oracle-c4-cap-c2 82/100 rank=90 id=page_001147_table_10 latency=1.3774s status=ok active=1
SEND oracle-c4-cap-c2 84/100 table=page_000716_table_0 active=2
RECV oracle-c4-cap-c2 84/100 rank=588 id=page_000716_table_0 latency=0.1750s status=ok active=1
SEND oracle-c4-cap-c2 85/100 table=page_000937_table_1 active=2
RECV oracle-c4-cap-c2 85/100 rank=415 id=page_000937_table_1 latency=0.3234s status=ok active=1
SEND oracle-c4-cap-c2 86/100 table=page_000465_table_10 active=2
RECV oracle-c4-cap-c2 83/100 rank=114 id=page_000223_table_box_id_2 latency=1.2916s status=ok active=1
SEND oracle-c4-cap-c2 87/100 table=page_000465_table_8 active=2
RECV oracle-c4-cap-c2 86/100 rank=339 id=page_000465_table_10 latency=0.4146s status=ok active=1
SEND oracle-c4-cap-c2 88/100 table=page_001179_table_6 active=2
RECV oracle-c4-cap-c2 87/100 rank=331 id=page_000465_table_8 latency=0.6957s status=ok active=1
SEND oracle-c4-cap-c2 89/100 table=page_000554_table_12 active=2
RECV oracle-c4-cap-c2 89/100 rank=538 id=page_000554_table_12 latency=0.4602s status=ok active=1
SEND oracle-c4-cap-c2 90/100 table=page_000199_table_box_id_0 active=2
RECV oracle-c4-cap-c2 88/100 rank=61 id=page_001179_table_6 latency=1.2609s status=ok active=1
SEND oracle-c4-cap-c2 91/100 table=page_000516_table_0 active=2
RECV oracle-c4-cap-c2 91/100 rank=125 id=page_000516_table_0 latency=1.0465s status=ok active=1
SEND oracle-c4-cap-c2 92/100 table=page_001214_table_8 active=2
RECV oracle-c4-cap-c2 90/100 rank=80 id=page_000199_table_box_id_0 latency=1.4536s status=ok active=1
SEND oracle-c4-cap-c2 93/100 table=page_001368_table_box_id_161 active=2
RECV oracle-c4-cap-c2 92/100 rank=359 id=page_001214_table_8 latency=0.4944s status=ok active=1
SEND oracle-c4-cap-c2 94/100 table=page_000577_table_3 active=2
RECV oracle-c4-cap-c2 93/100 rank=332 id=page_001368_table_box_id_161 latency=0.5160s status=ok active=1
SEND oracle-c4-cap-c2 95/100 table=page_000984_table_3 active=2
RECV oracle-c4-cap-c2 94/100 rank=382 id=page_000577_table_3 latency=0.3570s status=ok active=1
SEND oracle-c4-cap-c2 96/100 table=page_001187_table_0 active=2
RECV oracle-c4-cap-c2 95/100 rank=238 id=page_000984_table_3 latency=0.8625s status=ok active=1
SEND oracle-c4-cap-c2 97/100 table=page_000821_table_box_id_14 active=2
RECV oracle-c4-cap-c2 97/100 rank=585 id=page_000821_table_box_id_14 latency=0.2534s status=ok active=1
SEND oracle-c4-cap-c2 98/100 table=page_000833_table_4 active=2
RECV oracle-c4-cap-c2 96/100 rank=28 id=page_001187_table_0 latency=1.7214s status=ok active=1
SEND oracle-c4-cap-c2 99/100 table=page_001375_table_31 active=2
RECV oracle-c4-cap-c2 98/100 rank=352 id=page_000833_table_4 latency=0.6844s status=ok active=1
SEND oracle-c4-cap-c2 100/100 table=page_000645_table_7 active=2
RECV oracle-c4-cap-c2 99/100 rank=631 id=page_001375_table_31 latency=0.2207s status=ok active=1
RECV oracle-c4-cap-c2 100/100 rank=533 id=page_000645_table_7 latency=0.2962s status=ok active=0
DONE oracle-c4-cap-c2 requests=100 failures=0 max_in_flight=2 wall=40.3207s qps=2.4801 p50=0.6086s p95=1.9974s max=4.7577s
