oracle-c4-cap-c4 API ready worker_pid=2448279; preloading 100 distinct crops for 100 requests
oracle-c4-cap-c4 crops preloaded 50/100
oracle-c4-cap-c4 crops preloaded 100/100
oracle-c4-cap-c4 payloads ready bytes=34840674
SEND oracle-c4-cap-c4 01/100 table=page_000287_table_box_id_8 active=1
SEND oracle-c4-cap-c4 02/100 table=page_001367_table_51 active=2
SEND oracle-c4-cap-c4 03/100 table=page_000236_table_box_id_1 active=3
SEND oracle-c4-cap-c4 04/100 table=page_000634_table_11 active=4
RECV oracle-c4-cap-c4 03/100 rank=324 id=page_000236_table_box_id_1 latency=1.2006s status=ok active=3
SEND oracle-c4-cap-c4 05/100 table=page_000272_table_box_id_1 active=4
RECV oracle-c4-cap-c4 01/100 rank=24 id=page_000287_table_box_id_8 latency=2.6937s status=ok active=3
SEND oracle-c4-cap-c4 06/100 table=page_001172_table_16 active=4
RECV oracle-c4-cap-c4 04/100 rank=225 id=page_000634_table_11 latency=2.7289s status=ok active=3
SEND oracle-c4-cap-c4 07/100 table=page_001137_table_2 active=4
RECV oracle-c4-cap-c4 02/100 rank=65 id=page_001367_table_51 latency=3.0593s status=ok active=3
SEND oracle-c4-cap-c4 08/100 table=page_001150_table_box_id_9 active=4
RECV oracle-c4-cap-c4 06/100 rank=337 id=page_001172_table_16 latency=1.0036s status=ok active=3
SEND oracle-c4-cap-c4 09/100 table=page_000920_table_8 active=4
RECV oracle-c4-cap-c4 08/100 rank=255 id=page_001150_table_box_id_9 latency=1.3964s status=ok active=3
SEND oracle-c4-cap-c4 10/100 table=page_000524_table_0 active=4
RECV oracle-c4-cap-c4 09/100 rank=368 id=page_000920_table_8 latency=0.8633s status=ok active=3
SEND oracle-c4-cap-c4 11/100 table=page_000256_table_box_id_8 active=4
RECV oracle-c4-cap-c4 05/100 rank=09 id=page_000272_table_box_id_1 latency=4.1694s status=ok active=3
SEND oracle-c4-cap-c4 12/100 table=page_001166_table_9 active=4
RECV oracle-c4-cap-c4 07/100 rank=151 id=page_001137_table_2 latency=2.8368s status=ok active=3
SEND oracle-c4-cap-c4 13/100 table=page_000211_table_box_id_3 active=4
RECV oracle-c4-cap-c4 11/100 rank=336 id=page_000256_table_box_id_8 latency=1.0780s status=ok active=3
SEND oracle-c4-cap-c4 14/100 table=page_000933_table_10 active=4
RECV oracle-c4-cap-c4 12/100 rank=436 id=page_001166_table_9 latency=0.5839s status=ok active=3
SEND oracle-c4-cap-c4 15/100 table=page_001129_table_8 active=4
RECV oracle-c4-cap-c4 14/100 rank=504 id=page_000933_table_10 latency=0.5127s status=ok active=3
SEND oracle-c4-cap-c4 16/100 table=page_001375_table_7 active=4
RECV oracle-c4-cap-c4 16/100 rank=458 id=page_001375_table_7 latency=0.3016s status=ok active=3
SEND oracle-c4-cap-c4 17/100 table=page_000106_table_box_id_2 active=4
RECV oracle-c4-cap-c4 10/100 rank=140 id=page_000524_table_0 latency=2.2488s status=ok active=3
SEND oracle-c4-cap-c4 18/100 table=page_001134_table_10 active=4
RECV oracle-c4-cap-c4 13/100 rank=201 id=page_000211_table_box_id_3 latency=1.2017s status=ok active=3
SEND oracle-c4-cap-c4 19/100 table=page_000642_table_8 active=4
RECV oracle-c4-cap-c4 17/100 rank=208 id=page_000106_table_box_id_2 latency=0.9031s status=ok active=3
SEND oracle-c4-cap-c4 20/100 table=page_000564_table_7 active=4
RECV oracle-c4-cap-c4 15/100 rank=107 id=page_001129_table_8 latency=1.7428s status=ok active=3
SEND oracle-c4-cap-c4 21/100 table=page_001368_table_box_id_242 active=4
RECV oracle-c4-cap-c4 20/100 rank=334 id=page_000564_table_7 latency=0.5317s status=ok active=3
SEND oracle-c4-cap-c4 22/100 table=page_000263_table_box_id_7 active=4
RECV oracle-c4-cap-c4 21/100 rank=497 id=page_001368_table_box_id_242 latency=0.3465s status=ok active=3
SEND oracle-c4-cap-c4 23/100 table=page_000746_table_18 active=4
RECV oracle-c4-cap-c4 18/100 rank=134 id=page_001134_table_10 latency=1.7581s status=ok active=3
SEND oracle-c4-cap-c4 24/100 table=page_000213_table_box_id_5 active=4
RECV oracle-c4-cap-c4 19/100 rank=128 id=page_000642_table_8 latency=1.7221s status=ok active=3
SEND oracle-c4-cap-c4 25/100 table=page_000206_table_box_id_1 active=4
RECV oracle-c4-cap-c4 25/100 rank=309 id=page_000206_table_box_id_1 latency=1.2890s status=ok active=3
SEND oracle-c4-cap-c4 26/100 table=page_000209_table_box_id_1 active=4
RECV oracle-c4-cap-c4 24/100 rank=215 id=page_000213_table_box_id_5 latency=1.6187s status=ok active=3
SEND oracle-c4-cap-c4 27/100 table=page_001216_table_2 active=4
RECV oracle-c4-cap-c4 23/100 rank=161 id=page_000746_table_18 latency=2.4659s status=ok active=3
SEND oracle-c4-cap-c4 28/100 table=page_000188_table_box_id_6 active=4
RECV oracle-c4-cap-c4 26/100 rank=432 id=page_000209_table_box_id_1 latency=0.8283s status=ok active=3
SEND oracle-c4-cap-c4 29/100 table=page_000921_table_9 active=4
RECV oracle-c4-cap-c4 29/100 rank=460 id=page_000921_table_9 latency=0.8524s status=ok active=3
SEND oracle-c4-cap-c4 30/100 table=page_000533_table_8 active=4
RECV oracle-c4-cap-c4 28/100 rank=240 id=page_000188_table_box_id_6 latency=1.1122s status=ok active=3
SEND oracle-c4-cap-c4 31/100 table=page_001123_table_14 active=4
RECV oracle-c4-cap-c4 30/100 rank=399 id=page_000533_table_8 latency=0.9816s status=ok active=3
SEND oracle-c4-cap-c4 32/100 table=page_001503_table_5 active=4
RECV oracle-c4-cap-c4 27/100 rank=186 id=page_001216_table_2 latency=2.3799s status=ok active=3
SEND oracle-c4-cap-c4 33/100 table=page_001197_table_5 active=4
RECV oracle-c4-cap-c4 31/100 rank=413 id=page_001123_table_14 latency=1.0995s status=ok active=3
SEND oracle-c4-cap-c4 34/100 table=page_000542_table_0 active=4
RECV oracle-c4-cap-c4 32/100 rank=526 id=page_001503_table_5 latency=0.5201s status=ok active=3
SEND oracle-c4-cap-c4 35/100 table=page_001130_table_1 active=4
RECV oracle-c4-cap-c4 35/100 rank=572 id=page_001130_table_1 latency=0.3407s status=ok active=3
SEND oracle-c4-cap-c4 36/100 table=page_001595_table_box_id_9 active=4
RECV oracle-c4-cap-c4 36/100 rank=561 id=page_001595_table_box_id_9 latency=0.3267s status=ok active=3
SEND oracle-c4-cap-c4 37/100 table=page_001233_table_6 active=4
RECV oracle-c4-cap-c4 34/100 rank=219 id=page_000542_table_0 latency=1.9515s status=ok active=3
SEND oracle-c4-cap-c4 38/100 table=page_000585_table_1 active=4
RECV oracle-c4-cap-c4 22/100 rank=31 id=page_000263_table_box_id_7 latency=7.1800s status=ok active=3
SEND oracle-c4-cap-c4 39/100 table=page_000821_table_box_id_26 active=4
RECV oracle-c4-cap-c4 39/100 rank=617 id=page_000821_table_box_id_26 latency=0.1680s status=ok active=3
SEND oracle-c4-cap-c4 40/100 table=page_000566_table_3 active=4
RECV oracle-c4-cap-c4 37/100 rank=241 id=page_001233_table_6 latency=1.6583s status=ok active=3
SEND oracle-c4-cap-c4 41/100 table=page_000534_table_4 active=4
RECV oracle-c4-cap-c4 33/100 rank=118 id=page_001197_table_5 latency=3.3827s status=ok active=3
SEND oracle-c4-cap-c4 42/100 table=page_001141_table_13 active=4
RECV oracle-c4-cap-c4 41/100 rank=221 id=page_000534_table_4 latency=0.8386s status=ok active=3
SEND oracle-c4-cap-c4 43/100 table=page_000665_table_3 active=4
RECV oracle-c4-cap-c4 38/100 rank=159 id=page_000585_table_1 latency=1.4591s status=ok active=3
SEND oracle-c4-cap-c4 44/100 table=page_001417_table_2 active=4
RECV oracle-c4-cap-c4 43/100 rank=662 id=page_000665_table_3 latency=0.1965s status=ok active=3
SEND oracle-c4-cap-c4 45/100 table=page_001117_table_box_id_7 active=4
RECV oracle-c4-cap-c4 44/100 rank=587 id=page_001417_table_2 latency=0.3692s status=ok active=3
SEND oracle-c4-cap-c4 46/100 table=page_001270_table_box_id_1 active=4
RECV oracle-c4-cap-c4 40/100 rank=167 id=page_000566_table_3 latency=1.4825s status=ok active=3
SEND oracle-c4-cap-c4 47/100 table=page_000261_table_box_id_3 active=4
RECV oracle-c4-cap-c4 45/100 rank=483 id=page_001117_table_box_id_7 latency=0.4294s status=ok active=3
SEND oracle-c4-cap-c4 48/100 table=page_000505_table_1 active=4
RECV oracle-c4-cap-c4 42/100 rank=280 id=page_001141_table_13 latency=0.9696s status=ok active=3
SEND oracle-c4-cap-c4 49/100 table=page_000682_table_15 active=4
RECV oracle-c4-cap-c4 49/100 rank=507 id=page_000682_table_15 latency=0.8374s status=ok active=3
SEND oracle-c4-cap-c4 50/100 table=page_000275_table_box_id_1 active=4
RECV oracle-c4-cap-c4 47/100 rank=54 id=page_000261_table_box_id_3 latency=2.7904s status=ok active=3
SEND oracle-c4-cap-c4 51/100 table=page_000789_table_34 active=4
RECV oracle-c4-cap-c4 51/100 rank=639 id=page_000789_table_34 latency=0.2007s status=ok active=3
SEND oracle-c4-cap-c4 52/100 table=page_001177_table_2 active=4
RECV oracle-c4-cap-c4 46/100 rank=95 id=page_001270_table_box_id_1 latency=3.4032s status=ok active=3
SEND oracle-c4-cap-c4 53/100 table=page_001398_table_box-13qv1ztw active=4
RECV oracle-c4-cap-c4 48/100 rank=121 id=page_000505_table_1 latency=3.5650s status=ok active=3
SEND oracle-c4-cap-c4 54/100 table=page_001183_table_11 active=4
RECV oracle-c4-cap-c4 53/100 rank=511 id=page_001398_table_box-13qv1ztw latency=0.8108s status=ok active=3
SEND oracle-c4-cap-c4 55/100 table=page_000507_table_0 active=4
RECV oracle-c4-cap-c4 50/100 rank=12 id=page_000275_table_box_id_1 latency=3.4105s status=ok active=3
SEND oracle-c4-cap-c4 56/100 table=page_000710_table_9 active=4
RECV oracle-c4-cap-c4 56/100 rank=514 id=page_000710_table_9 latency=0.2350s status=ok active=3
SEND oracle-c4-cap-c4 57/100 table=page_000657_table_6 active=4
RECV oracle-c4-cap-c4 54/100 rank=395 id=page_001183_table_11 latency=1.0936s status=ok active=3
SEND oracle-c4-cap-c4 58/100 table=page_001368_table_box_id_227 active=4
RECV oracle-c4-cap-c4 57/100 rank=659 id=page_000657_table_6 latency=0.1144s status=ok active=3
SEND oracle-c4-cap-c4 59/100 table=page_001176_table_4 active=4
RECV oracle-c4-cap-c4 55/100 rank=396 id=page_000507_table_0 latency=0.9490s status=ok active=3
SEND oracle-c4-cap-c4 60/100 table=page_001181_table_6 active=4
RECV oracle-c4-cap-c4 52/100 rank=229 id=page_001177_table_2 latency=2.0210s status=ok active=3
SEND oracle-c4-cap-c4 61/100 table=page_000937_table_0 active=4
RECV oracle-c4-cap-c4 61/100 rank=350 id=page_000937_table_0 latency=0.4931s status=ok active=3
SEND oracle-c4-cap-c4 62/100 table=page_001368_table_box_id_237 active=4
RECV oracle-c4-cap-c4 58/100 rank=264 id=page_001368_table_box_id_227 latency=1.0399s status=ok active=3
SEND oracle-c4-cap-c4 63/100 table=page_000217_table_box_id_0 active=4
RECV oracle-c4-cap-c4 62/100 rank=468 id=page_001368_table_box_id_237 latency=0.4402s status=ok active=3
SEND oracle-c4-cap-c4 64/100 table=page_001159_table_5 active=4
RECV oracle-c4-cap-c4 63/100 rank=391 id=page_000217_table_box_id_0 latency=0.5173s status=ok active=3
SEND oracle-c4-cap-c4 65/100 table=page_000626_table_box_id_1 active=4
RECV oracle-c4-cap-c4 59/100 rank=122 id=page_001176_table_4 latency=2.0559s status=ok active=3
SEND oracle-c4-cap-c4 66/100 table=page_000984_table_2 active=4
RECV oracle-c4-cap-c4 66/100 rank=625 id=page_000984_table_2 latency=0.2140s status=ok active=3
SEND oracle-c4-cap-c4 67/100 table=page_001082_table_34 active=4
RECV oracle-c4-cap-c4 64/100 rank=224 id=page_001159_table_5 latency=1.4106s status=ok active=3
SEND oracle-c4-cap-c4 68/100 table=page_000467_table_17 active=4
RECV oracle-c4-cap-c4 60/100 rank=72 id=page_001181_table_6 latency=3.5540s status=ok active=3
SEND oracle-c4-cap-c4 69/100 table=page_000866_table_14 active=4
RECV oracle-c4-cap-c4 65/100 rank=44 id=page_000626_table_box_id_1 latency=3.0184s status=ok active=3
SEND oracle-c4-cap-c4 70/100 table=page_001227_table_10 active=4
RECV oracle-c4-cap-c4 69/100 rank=419 id=page_000866_table_14 latency=0.8269s status=ok active=3
SEND oracle-c4-cap-c4 71/100 table=page_000916_table_7 active=4
RECV oracle-c4-cap-c4 67/100 rank=171 id=page_001082_table_34 latency=2.3820s status=ok active=3
SEND oracle-c4-cap-c4 72/100 table=page_000251_table_box_id_7 active=4
RECV oracle-c4-cap-c4 71/100 rank=265 id=page_000916_table_7 latency=0.6904s status=ok active=3
SEND oracle-c4-cap-c4 73/100 table=page_001131_table_15 active=4
RECV oracle-c4-cap-c4 68/100 rank=120 id=page_000467_table_17 latency=2.8511s status=ok active=3
SEND oracle-c4-cap-c4 74/100 table=page_001183_table_12 active=4
RECV oracle-c4-cap-c4 73/100 rank=469 id=page_001131_table_15 latency=0.4156s status=ok active=3
SEND oracle-c4-cap-c4 75/100 table=page_000266_table_box_id_7 active=4
RECV oracle-c4-cap-c4 72/100 rank=184 id=page_000251_table_box_id_7 latency=1.2427s status=ok active=3
SEND oracle-c4-cap-c4 76/100 table=page_000447_table_12 active=4
RECV oracle-c4-cap-c4 75/100 rank=509 id=page_000266_table_box_id_7 latency=0.3649s status=ok active=3
SEND oracle-c4-cap-c4 77/100 table=page_001193_table_4 active=4
RECV oracle-c4-cap-c4 74/100 rank=285 id=page_001183_table_12 latency=0.8547s status=ok active=3
SEND oracle-c4-cap-c4 78/100 table=page_001368_table_box_id_239 active=4
RECV oracle-c4-cap-c4 76/100 rank=371 id=page_000447_table_12 latency=0.6585s status=ok active=3
SEND oracle-c4-cap-c4 79/100 table=page_000903_table_15 active=4
RECV oracle-c4-cap-c4 78/100 rank=512 id=page_001368_table_box_id_239 latency=0.3854s status=ok active=3
SEND oracle-c4-cap-c4 80/100 table=page_001167_table_2 active=4
RECV oracle-c4-cap-c4 77/100 rank=342 id=page_001193_table_4 latency=0.6781s status=ok active=3
SEND oracle-c4-cap-c4 81/100 table=page_000212_table_box_id_1 active=4
RECV oracle-c4-cap-c4 79/100 rank=522 id=page_000903_table_15 latency=0.3672s status=ok active=3
SEND oracle-c4-cap-c4 82/100 table=page_001147_table_10 active=4
RECV oracle-c4-cap-c4 70/100 rank=75 id=page_001227_table_10 latency=2.6798s status=ok active=3
SEND oracle-c4-cap-c4 83/100 table=page_000223_table_box_id_2 active=4
RECV oracle-c4-cap-c4 80/100 rank=422 id=page_001167_table_2 latency=0.7146s status=ok active=3
SEND oracle-c4-cap-c4 84/100 table=page_000716_table_0 active=4
RECV oracle-c4-cap-c4 84/100 rank=588 id=page_000716_table_0 latency=0.1934s status=ok active=3
SEND oracle-c4-cap-c4 85/100 table=page_000937_table_1 active=4
RECV oracle-c4-cap-c4 85/100 rank=415 id=page_000937_table_1 latency=0.3584s status=ok active=3
SEND oracle-c4-cap-c4 86/100 table=page_000465_table_10 active=4
RECV oracle-c4-cap-c4 86/100 rank=339 id=page_000465_table_10 latency=0.4927s status=ok active=3
SEND oracle-c4-cap-c4 87/100 table=page_000465_table_8 active=4
RECV oracle-c4-cap-c4 81/100 rank=113 id=page_000212_table_box_id_1 latency=1.8934s status=ok active=3
SEND oracle-c4-cap-c4 88/100 table=page_001179_table_6 active=4
RECV oracle-c4-cap-c4 83/100 rank=114 id=page_000223_table_box_id_2 latency=2.0835s status=ok active=3
SEND oracle-c4-cap-c4 89/100 table=page_000554_table_12 active=4
RECV oracle-c4-cap-c4 82/100 rank=90 id=page_001147_table_10 latency=2.6762s status=ok active=3
SEND oracle-c4-cap-c4 90/100 table=page_000199_table_box_id_0 active=4
RECV oracle-c4-cap-c4 87/100 rank=331 id=page_000465_table_8 latency=1.1008s status=ok active=3
SEND oracle-c4-cap-c4 91/100 table=page_000516_table_0 active=4
RECV oracle-c4-cap-c4 89/100 rank=538 id=page_000554_table_12 latency=0.7041s status=ok active=3
SEND oracle-c4-cap-c4 92/100 table=page_001214_table_8 active=4
RECV oracle-c4-cap-c4 88/100 rank=61 id=page_001179_table_6 latency=1.7598s status=ok active=3
SEND oracle-c4-cap-c4 93/100 table=page_001368_table_box_id_161 active=4
RECV oracle-c4-cap-c4 92/100 rank=359 id=page_001214_table_8 latency=0.7603s status=ok active=3
SEND oracle-c4-cap-c4 94/100 table=page_000577_table_3 active=4
RECV oracle-c4-cap-c4 93/100 rank=332 id=page_001368_table_box_id_161 latency=0.6244s status=ok active=3
SEND oracle-c4-cap-c4 95/100 table=page_000984_table_3 active=4
RECV oracle-c4-cap-c4 94/100 rank=382 id=page_000577_table_3 latency=0.5244s status=ok active=3
SEND oracle-c4-cap-c4 96/100 table=page_001187_table_0 active=4
RECV oracle-c4-cap-c4 91/100 rank=125 id=page_000516_table_0 latency=2.4651s status=ok active=3
SEND oracle-c4-cap-c4 97/100 table=page_000821_table_box_id_14 active=4
RECV oracle-c4-cap-c4 95/100 rank=238 id=page_000984_table_3 latency=1.2234s status=ok active=3
SEND oracle-c4-cap-c4 98/100 table=page_000833_table_4 active=4
RECV oracle-c4-cap-c4 97/100 rank=585 id=page_000821_table_box_id_14 latency=0.3272s status=ok active=3
SEND oracle-c4-cap-c4 99/100 table=page_001375_table_31 active=4
RECV oracle-c4-cap-c4 99/100 rank=631 id=page_001375_table_31 latency=0.3610s status=ok active=3
SEND oracle-c4-cap-c4 100/100 table=page_000645_table_7 active=4
RECV oracle-c4-cap-c4 98/100 rank=352 id=page_000833_table_4 latency=1.0099s status=ok active=3
RECV oracle-c4-cap-c4 100/100 rank=533 id=page_000645_table_7 latency=0.6634s status=ok active=2
RECV oracle-c4-cap-c4 90/100 rank=80 id=page_000199_table_box_id_0 latency=3.8561s status=ok active=1
RECV oracle-c4-cap-c4 96/100 rank=28 id=page_001187_table_0 latency=2.1946s status=ok active=0
DONE oracle-c4-cap-c4 requests=100 failures=0 max_in_flight=4 wall=34.9447s qps=2.8617 p50=1.0068s p95=3.4177s max=7.1800s
