2026-09-06T00:38:12+08:00
	NPU ID                         : 6
	Chip Count                     : 1

	No process in device.
	Chip ID                        : 0

2026-09-06T00:38:17+08:00
	NPU ID                         : 6
	Chip Count                     : 1

	No process in device.
	Chip ID                        : 0

2026-09-06T00:38:23+08:00
	NPU ID                         : 6
	Chip Count                     : 1

	No process in device.
	Chip ID                        : 0

2026-09-06T00:38:28+08:00
	NPU ID                         : 6
	Chip Count                     : 1

	Process id:1728658 Process name:python            Process memory(MB):105
	Chip ID                        : 0

2026-09-06T00:38:34+08:00
	NPU ID                         : 6
	Chip Count                     : 1

	Process id:1728658 Process name:python            Process memory(MB):3853
	Chip ID                        : 0

2026-09-06T00:38:39+08:00
	NPU ID                         : 6
	Chip Count                     : 1

	Process id:1728658 Process name:python            Process memory(MB):3855
	Chip ID                        : 0

2026-09-06T00:38:45+08:00
	NPU ID                         : 6
	Chip Count                     : 1

	Process id:1728658 Process name:python            Process memory(MB):3875
	Chip ID                        : 0

2026-09-06T00:38:50+08:00
	NPU ID                         : 6
	Chip Count                     : 1

	Process id:1728658 Process name:python            Process memory(MB):4205
	Chip ID                        : 0

2026-09-06T00:38:56+08:00
	NPU ID                         : 6
	Chip Count                     : 1

	Process id:1728658 Process name:python            Process memory(MB):4241
	Chip ID                        : 0

2026-09-06T00:39:01+08:00
	NPU ID                         : 6
	Chip Count                     : 1

	Process id:1728658 Process name:python            Process memory(MB):4241
	Chip ID                        : 0

2026-09-06T00:39:07+08:00
	NPU ID                         : 6
	Chip Count                     : 1

	Process id:1728658 Process name:python            Process memory(MB):7373
	Chip ID                        : 0

2026-09-06T00:39:12+08:00
	NPU ID                         : 6
	Chip Count                     : 1

	Process id:1728658 Process name:python            Process memory(MB):8537
	Chip ID                        : 0

2026-09-06T00:39:18+08:00
	NPU ID                         : 6
	Chip Count                     : 1

	Process id:1728658 Process name:python            Process memory(MB):8537
	Chip ID                        : 0

2026-09-06T00:39:23+08:00
	NPU ID                         : 6
	Chip Count                     : 1

	Process id:1728658 Process name:python            Process memory(MB):8539
	Chip ID                        : 0

2026-09-06T00:39:29+08:00
	NPU ID                         : 6
	Chip Count                     : 1

	Process id:1728658 Process name:python            Process memory(MB):9043
	Chip ID                        : 0

2026-09-06T00:39:35+08:00
	NPU ID                         : 6
	Chip Count                     : 1

	Process id:1728658 Process name:python            Process memory(MB):9043
	Chip ID                        : 0

2026-09-06T00:39:40+08:00
	NPU ID                         : 6
	Chip Count                     : 1

	Process id:1728658 Process name:python            Process memory(MB):9407
	Chip ID                        : 0

2026-09-06T00:39:46+08:00
	NPU ID                         : 6
	Chip Count                     : 1

	Process id:1728658 Process name:python            Process memory(MB):9407
	Chip ID                        : 0

2026-09-06T00:39:51+08:00
	NPU ID                         : 6
	Chip Count                     : 1

	Process id:1728658 Process name:python            Process memory(MB):9407
	Chip ID                        : 0

2026-09-06T00:39:57+08:00
	NPU ID                         : 6
	Chip Count                     : 1

	Process id:1728658 Process name:python            Process memory(MB):9769
	Chip ID                        : 0

2026-09-06T00:40:02+08:00
	NPU ID                         : 6
	Chip Count                     : 1

	Process id:1728658 Process name:python            Process memory(MB):9769
	Chip ID                        : 0

2026-09-06T00:40:08+08:00
	NPU ID                         : 6
	Chip Count                     : 1

	Process id:1728658 Process name:python            Process memory(MB):9769
	Chip ID                        : 0

2026-09-06T00:40:13+08:00
	NPU ID                         : 6
	Chip Count                     : 1

	Process id:1728658 Process name:python            Process memory(MB):10131
	Chip ID                        : 0

2026-09-06T00:40:19+08:00
	NPU ID                         : 6
	Chip Count                     : 1

	Process id:1728658 Process name:python            Process memory(MB):10131
	Chip ID                        : 0

2026-09-06T00:40:24+08:00
	NPU ID                         : 6
	Chip Count                     : 1

	Process id:1728658 Process name:python            Process memory(MB):10131
	Chip ID                        : 0

2026-09-06T00:40:30+08:00
	NPU ID                         : 6
	Chip Count                     : 1

	Process id:1728658 Process name:python            Process memory(MB):10493
	Chip ID                        : 0

2026-09-06T00:40:35+08:00
	NPU ID                         : 6
	Chip Count                     : 1

	Process id:1728658 Process name:python            Process memory(MB):10493
	Chip ID                        : 0

2026-09-06T00:40:41+08:00
	NPU ID                         : 6
	Chip Count                     : 1

	Process id:1728658 Process name:python            Process memory(MB):10493
	Chip ID                        : 0

2026-09-06T00:40:46+08:00
	NPU ID                         : 6
	Chip Count                     : 1

	Process id:1728658 Process name:python            Process memory(MB):10495
	Chip ID                        : 0

2026-09-06T00:40:52+08:00
	NPU ID                         : 6
	Chip Count                     : 1

	Process id:1728658 Process name:python            Process memory(MB):10495
	Chip ID                        : 0

2026-09-06T00:40:57+08:00
	NPU ID                         : 6
	Chip Count                     : 1

	Process id:1728658 Process name:python            Process memory(MB):10495
	Chip ID                        : 0

2026-09-06T00:41:03+08:00
	NPU ID                         : 6
	Chip Count                     : 1

	Process id:1728658 Process name:python            Process memory(MB):10495
	Chip ID                        : 0

2026-09-06T00:41:08+08:00
	NPU ID                         : 6
	Chip Count                     : 1

	Process id:1728658 Process name:python            Process memory(MB):10671
	Chip ID                        : 0

2026-09-06T00:41:14+08:00
	NPU ID                         : 6
	Chip Count                     : 1

	Process id:1728658 Process name:python            Process memory(MB):10695
	Chip ID                        : 0

2026-09-06T00:41:19+08:00
	NPU ID                         : 6
	Chip Count                     : 1

	Process id:1728658 Process name:python            Process memory(MB):10695
	Chip ID                        : 0

2026-09-06T00:41:25+08:00
	NPU ID                         : 6
	Chip Count                     : 1

	Process id:1728658 Process name:python            Process memory(MB):10695
	Chip ID                        : 0

2026-09-06T00:41:30+08:00
	NPU ID                         : 6
	Chip Count                     : 1

	Process id:1728658 Process name:python            Process memory(MB):10695
	Chip ID                        : 0

2026-09-06T00:41:36+08:00
	NPU ID                         : 6
	Chip Count                     : 1

	Process id:1728658 Process name:python            Process memory(MB):10695
	Chip ID                        : 0

2026-09-06T00:41:41+08:00
	NPU ID                         : 6
	Chip Count                     : 1

	Process id:1728658 Process name:python            Process memory(MB):10695
	Chip ID                        : 0

2026-09-06T00:41:47+08:00
	NPU ID                         : 6
	Chip Count                     : 1

	Process id:1728658 Process name:python            Process memory(MB):10695
	Chip ID                        : 0

2026-09-06T00:41:52+08:00
	NPU ID                         : 6
	Chip Count                     : 1

	Process id:1728658 Process name:python            Process memory(MB):10721
	Chip ID                        : 0

2026-09-06T00:41:58+08:00
	NPU ID                         : 6
	Chip Count                     : 1

	Process id:1728658 Process name:python            Process memory(MB):10721
	Chip ID                        : 0

2026-09-06T00:42:03+08:00
	NPU ID                         : 6
	Chip Count                     : 1

	Process id:1728658 Process name:python            Process memory(MB):10721
	Chip ID                        : 0

2026-09-06T00:42:09+08:00
	NPU ID                         : 6
	Chip Count                     : 1

	Process id:1728658 Process name:python            Process memory(MB):10721
	Chip ID                        : 0

2026-09-06T00:42:14+08:00
	NPU ID                         : 6
	Chip Count                     : 1

	Process id:1728658 Process name:python            Process memory(MB):10721
	Chip ID                        : 0

2026-09-06T00:42:20+08:00
	NPU ID                         : 6
	Chip Count                     : 1

	Process id:1728658 Process name:python            Process memory(MB):10721
	Chip ID                        : 0

2026-09-06T00:42:25+08:00
	NPU ID                         : 6
	Chip Count                     : 1

	Process id:1728658 Process name:python            Process memory(MB):10721
	Chip ID                        : 0

2026-09-06T00:42:31+08:00
	NPU ID                         : 6
	Chip Count                     : 1

	Process id:1728658 Process name:python            Process memory(MB):10721
	Chip ID                        : 0

2026-09-06T00:42:36+08:00
	NPU ID                         : 6
	Chip Count                     : 1

	Process id:1728658 Process name:python            Process memory(MB):10721
	Chip ID                        : 0

2026-09-06T00:42:42+08:00
	NPU ID                         : 6
	Chip Count                     : 1

	Process id:1728658 Process name:python            Process memory(MB):10721
	Chip ID                        : 0

2026-09-06T00:42:47+08:00
	NPU ID                         : 6
	Chip Count                     : 1

	Process id:1728658 Process name:python            Process memory(MB):10721
	Chip ID                        : 0

2026-09-06T00:42:53+08:00
	NPU ID                         : 6
	Chip Count                     : 1

	Process id:1728658 Process name:python            Process memory(MB):10721
	Chip ID                        : 0

2026-09-06T00:42:59+08:00
	NPU ID                         : 6
	Chip Count                     : 1

	Process id:1728658 Process name:python            Process memory(MB):10747
	Chip ID                        : 0

2026-09-06T00:43:04+08:00
	NPU ID                         : 6
	Chip Count                     : 1

	Process id:1728658 Process name:python            Process memory(MB):10747
	Chip ID                        : 0

2026-09-06T00:43:10+08:00
	NPU ID                         : 6
	Chip Count                     : 1

	Process id:1728658 Process name:python            Process memory(MB):10747
	Chip ID                        : 0

2026-09-06T00:43:15+08:00
	NPU ID                         : 6
	Chip Count                     : 1

	Process id:1728658 Process name:python            Process memory(MB):10747
	Chip ID                        : 0

2026-09-06T00:43:21+08:00
	NPU ID                         : 6
	Chip Count                     : 1

	Process id:1728658 Process name:python            Process memory(MB):10747
	Chip ID                        : 0

2026-09-06T00:43:26+08:00
	NPU ID                         : 6
	Chip Count                     : 1

	Process id:1728658 Process name:python            Process memory(MB):10747
	Chip ID                        : 0

2026-09-06T00:43:32+08:00
	NPU ID                         : 6
	Chip Count                     : 1

	Process id:1728658 Process name:python            Process memory(MB):10747
	Chip ID                        : 0

2026-09-06T00:43:37+08:00
	NPU ID                         : 6
	Chip Count                     : 1

	Process id:1728658 Process name:python            Process memory(MB):10747
	Chip ID                        : 0

2026-09-06T00:43:43+08:00
	NPU ID                         : 6
	Chip Count                     : 1

	Process id:1728658 Process name:python            Process memory(MB):10747
	Chip ID                        : 0

2026-09-06T00:43:48+08:00
	NPU ID                         : 6
	Chip Count                     : 1

	Process id:1728658 Process name:python            Process memory(MB):10747
	Chip ID                        : 0

2026-09-06T00:43:54+08:00
	NPU ID                         : 6
	Chip Count                     : 1

	Process id:1728658 Process name:python            Process memory(MB):10747
	Chip ID                        : 0

2026-09-06T00:43:59+08:00
	NPU ID                         : 6
	Chip Count                     : 1

	Process id:1728658 Process name:python            Process memory(MB):10747
	Chip ID                        : 0

2026-09-06T00:44:05+08:00
	NPU ID                         : 6
	Chip Count                     : 1

	Process id:1728658 Process name:python            Process memory(MB):10747
	Chip ID                        : 0

2026-09-06T00:44:10+08:00
	NPU ID                         : 6
	Chip Count                     : 1

	Process id:1728658 Process name:python            Process memory(MB):10747
	Chip ID                        : 0

2026-09-06T00:44:16+08:00
	NPU ID                         : 6
	Chip Count                     : 1

	Process id:1728658 Process name:python            Process memory(MB):10747
	Chip ID                        : 0

2026-09-06T00:44:21+08:00
	NPU ID                         : 6
	Chip Count                     : 1

	Process id:1728658 Process name:python            Process memory(MB):10747
	Chip ID                        : 0

2026-09-06T00:44:27+08:00
	NPU ID                         : 6
	Chip Count                     : 1

	Process id:1728658 Process name:python            Process memory(MB):10747
	Chip ID                        : 0

2026-09-06T00:44:32+08:00
	NPU ID                         : 6
	Chip Count                     : 1

	Process id:1728658 Process name:python            Process memory(MB):10747
	Chip ID                        : 0

2026-09-06T00:44:38+08:00
	NPU ID                         : 6
	Chip Count                     : 1

	Process id:1728658 Process name:python            Process memory(MB):10747
	Chip ID                        : 0

2026-09-06T00:44:43+08:00
	NPU ID                         : 6
	Chip Count                     : 1

	Process id:1728658 Process name:python            Process memory(MB):10747
	Chip ID                        : 0

2026-09-06T00:44:49+08:00
	NPU ID                         : 6
	Chip Count                     : 1

	Process id:1728658 Process name:python            Process memory(MB):10747
	Chip ID                        : 0

2026-09-06T00:44:54+08:00
	NPU ID                         : 6
	Chip Count                     : 1

	Process id:1728658 Process name:python            Process memory(MB):10747
	Chip ID                        : 0

2026-09-06T00:45:00+08:00
	NPU ID                         : 6
	Chip Count                     : 1

	Process id:1728658 Process name:python            Process memory(MB):10747
	Chip ID                        : 0

2026-09-06T00:45:05+08:00
	NPU ID                         : 6
	Chip Count                     : 1

	Process id:1728658 Process name:python            Process memory(MB):10747
	Chip ID                        : 0

2026-09-06T00:45:11+08:00
	NPU ID                         : 6
	Chip Count                     : 1

	Process id:1728658 Process name:python            Process memory(MB):10747
	Chip ID                        : 0

2026-09-06T00:45:16+08:00
	NPU ID                         : 6
	Chip Count                     : 1

	Process id:1728658 Process name:python            Process memory(MB):10747
	Chip ID                        : 0

2026-09-06T00:45:22+08:00
	NPU ID                         : 6
	Chip Count                     : 1

	Process id:1728658 Process name:python            Process memory(MB):10747
	Chip ID                        : 0

2026-09-06T00:45:27+08:00
	NPU ID                         : 6
	Chip Count                     : 1

	Process id:1728658 Process name:python            Process memory(MB):10747
	Chip ID                        : 0

2026-09-06T00:45:33+08:00
	NPU ID                         : 6
	Chip Count                     : 1

	Process id:1728658 Process name:python            Process memory(MB):10747
	Chip ID                        : 0

2026-09-06T00:45:38+08:00
	NPU ID                         : 6
	Chip Count                     : 1

	Process id:1728658 Process name:python            Process memory(MB):10747
	Chip ID                        : 0

2026-09-06T00:45:44+08:00
	NPU ID                         : 6
	Chip Count                     : 1

	Process id:1728658 Process name:python            Process memory(MB):10747
	Chip ID                        : 0

2026-09-06T00:45:50+08:00
	NPU ID                         : 6
	Chip Count                     : 1

	No process in device.
	Chip ID                        : 0

2026-09-06T00:45:55+08:00
	NPU ID                         : 6
	Chip Count                     : 1

	No process in device.
	Chip ID                        : 0

2026-09-06T00:46:01+08:00
	NPU ID                         : 6
	Chip Count                     : 1

	No process in device.
	Chip ID                        : 0

