Waiting for NPU worker pid=87299
EXP09_SETUP {"stage":"frontend","status":"start"}
EXP09_SETUP {"stage":"frontend","status":"done","elapsed_s":0.906789}
EXP09_SETUP {"stage":"model_load","status":"start"}
EXP09_SETUP {"stage":"model_load","status":"done","elapsed_s":15.618013}
EXP09_SETUP {"stage":"decode_lm_head","status":"start"}
EXP09_SETUP {"stage":"decode_lm_head","status":"done","elapsed_s":0.072068}
EXP09_SETUP {"stage":"vision_mlp_padding","status":"start"}
EXP09_SETUP {"stage":"vision_mlp_padding","status":"done","elapsed_s":0.02641}
EXP09_SETUP {"stage":"vision_attention_weight_padding","status":"start"}
EXP09_SETUP {"stage":"vision_attention_weight_padding","status":"done","elapsed_s":0.063345}
EXP09_SETUP {"stage":"vision_weight_format","status":"start"}
EXP09_SETUP {"stage":"vision_weight_format","status":"done","elapsed_s":6.100765}
EXP09_SETUP {"stage":"decode_optimization_setup","status":"start"}
EXP09_SETUP {"stage":"decode_optimization_setup","status":"done","elapsed_s":0.538769}
EXP09_SETUP {"stage":"decode_weight_format","status":"start"}
EXP09_SETUP {"stage":"decode_weight_format","status":"done","elapsed_s":0.017616}
EXP09_SETUP {"stage":"vision_runtime","status":"start"}
EXP09_SETUP {"stage":"vision_runtime","status":"done","elapsed_s":6.269627}
EXP09_SETUP {"stage":"text_prefill_runtime","status":"start"}
EXP09_SETUP {"stage":"text_prefill_runtime","status":"done","elapsed_s":3.236513}
EXP09_SETUP {"stage":"text_decode_runtime","status":"start"}
..EXP09_SETUP {"stage":"text_decode_runtime","status":"done","elapsed_s":22.483393}
EXP09_SETUP {"stage":"private_cache_pool","status":"start"}
EXP09_SETUP {"stage":"private_cache_pool","status":"done","elapsed_s":0.006147}
EXP09_SETUP {"stage":"decode_control","status":"start"}
EXP09_SETUP {"stage":"decode_control","status":"done","elapsed_s":0.003574}
EXP09_SETUP {"stage":"recognizer_runtime","status":"done","elapsed_s":56.172646}
EXP09_SETUP_GC {"enabled": true, "setup_collected": 31459, "frozen_objects": 677794, "gc_remains_enabled": true, "setup_wall_s": 0.4778961399970285}
READY http://127.0.0.1:8767 worker_pid=87299
HTTP 127.0.0.1 "GET /ready HTTP/1.1" 200 -
HTTP 127.0.0.1 "GET /ready HTTP/1.1" 200 -
HTTP 127.0.0.1 "POST /v1/ocr?crop_type=table&request_id=client-001-page_001272_table_1&source_request_id=page_001272_table_1 HTTP/1.1" 200 -
SERVICE_SUMMARY /workspace/repos/table_step1_be691de1_20260910/tmp/19_table_ocr_serving/lm_head_60416_20260911/b8_expanded_compile_warm/b8/service.json
