npu-status: no free NPU found
Selector found no free device; using user-authorized shared NPU 7
ninja: no work to do.
/workspace/repos/rwkv-cpu-reference/26_rwkv_inference/run_npu_embedding.py:56: UserWarning: Cannot create tensor with interal format while allow_internel_format=False, tensor will be created with base format. (Triggered internally at ../torch_npu/csrc/aten/common/TensorFactories.cpp:340.)
  delta = torch.cat((torch.zeros_like(z[:, :1]), z[:, :-1]), dim=1) - z
BATCH_PREFLIGHT {"passed": true, "shape": [8, 144], "embedding": {"max_abs": 9.725987911224365e-05, "normalized_rmse": 0.0005063402932137251}}
PROGRESS {"group": "queries", "done": 8, "total": 50, "elapsed_seconds": 0.0488276700489223, "forward_seconds": 0.04724594997242093, "texts_per_second": 163.84152657672374, "estimated_remaining_seconds": 0.2563452677568421}
PROGRESS {"group": "queries", "done": 50, "total": 50, "elapsed_seconds": 0.35611568996682763, "forward_seconds": 0.3462203894741833, "texts_per_second": 140.40381092070817, "estimated_remaining_seconds": 0.0}
PROGRESS {"group": "corpus", "done": 8, "total": 2210, "elapsed_seconds": 0.12302136002108455, "forward_seconds": 0.12069324962794781, "texts_per_second": 65.0293574922996, "estimated_remaining_seconds": 33.86162934580352}
PROGRESS {"group": "corpus", "done": 56, "total": 2210, "elapsed_seconds": 1.30185013031587, "forward_seconds": 1.2796359993517399, "texts_per_second": 43.015704109053345, "estimated_remaining_seconds": 50.074735369649716}
PROGRESS {"group": "corpus", "done": 104, "total": 2210, "elapsed_seconds": 2.1626755301840603, "forward_seconds": 2.122706499416381, "texts_per_second": 48.08858219760261, "estimated_remaining_seconds": 43.79417948622722}
PROGRESS {"group": "corpus", "done": 152, "total": 2210, "elapsed_seconds": 3.0107527901418507, "forward_seconds": 2.9521956094540656, "texts_per_second": 50.48571257583674, "estimated_remaining_seconds": 40.76400817178901}
PROGRESS {"group": "corpus", "done": 200, "total": 2210, "elapsed_seconds": 4.081976500339806, "forward_seconds": 4.003776699304581, "texts_per_second": 48.995872461135164, "estimated_remaining_seconds": 41.02386382841505}
PROGRESS {"group": "corpus", "done": 256, "total": 2210, "elapsed_seconds": 5.112539689987898, "forward_seconds": 5.015334959607571, "texts_per_second": 50.072960900691996, "estimated_remaining_seconds": 39.02305685248575}
PROGRESS {"group": "corpus", "done": 304, "total": 2210, "elapsed_seconds": 6.101189089938998, "forward_seconds": 5.987636270467192, "texts_per_second": 49.82635278446017, "estimated_remaining_seconds": 38.25285001784122}
PROGRESS {"group": "corpus", "done": 352, "total": 2210, "elapsed_seconds": 6.909698270261288, "forward_seconds": 6.779555540997535, "texts_per_second": 50.9428901570096, "estimated_remaining_seconds": 36.472214165186}
PROGRESS {"group": "corpus", "done": 400, "total": 2210, "elapsed_seconds": 7.828040270134807, "forward_seconds": 7.681304401252419, "texts_per_second": 51.0983574683516, "estimated_remaining_seconds": 35.42188222236}
PROGRESS {"group": "corpus", "done": 456, "total": 2210, "elapsed_seconds": 8.984122320078313, "forward_seconds": 8.816447161138058, "texts_per_second": 50.75621009532572, "estimated_remaining_seconds": 34.55734769609071}
PROGRESS {"group": "corpus", "done": 504, "total": 2210, "elapsed_seconds": 9.86343227000907, "forward_seconds": 9.67696525156498, "texts_per_second": 51.09783148534121, "estimated_remaining_seconds": 33.386935421895785}
PROGRESS {"group": "corpus", "done": 552, "total": 2210, "elapsed_seconds": 10.76514175022021, "forward_seconds": 10.561715201474726, "texts_per_second": 51.276612311092734, "estimated_remaining_seconds": 32.334429387436785}
PROGRESS {"group": "corpus", "done": 600, "total": 2210, "elapsed_seconds": 11.794266740325838, "forward_seconds": 11.572755351662636, "texts_per_second": 50.87217486344758, "estimated_remaining_seconds": 31.647949086541}
PROGRESS {"group": "corpus", "done": 656, "total": 2210, "elapsed_seconds": 12.845623520202935, "forward_seconds": 12.60712335119024, "texts_per_second": 51.06797649551826, "estimated_remaining_seconds": 30.430028887797807}
PROGRESS {"group": "corpus", "done": 704, "total": 2210, "elapsed_seconds": 13.907914200332016, "forward_seconds": 13.650944631081074, "texts_per_second": 50.61866142251537, "estimated_remaining_seconds": 29.751873275142067}
PROGRESS {"group": "corpus", "done": 752, "total": 2210, "elapsed_seconds": 15.02239092020318, "forward_seconds": 14.745410399977118, "texts_per_second": 50.05860944469611, "estimated_remaining_seconds": 29.125858991564144}
PROGRESS {"group": "corpus", "done": 800, "total": 2210, "elapsed_seconds": 16.051007460337132, "forward_seconds": 15.757324170321226, "texts_per_second": 49.84110822805617, "estimated_remaining_seconds": 28.289900648844196}
PROGRESS {"group": "corpus", "done": 856, "total": 2210, "elapsed_seconds": 17.183633219916373, "forward_seconds": 16.870299510192126, "texts_per_second": 49.81484352260667, "estimated_remaining_seconds": 27.180653481035947}
PROGRESS {"group": "corpus", "done": 904, "total": 2210, "elapsed_seconds": 18.233923150226474, "forward_seconds": 17.902887939475477, "texts_per_second": 49.57792091981982, "estimated_remaining_seconds": 26.34237127676524}
PROGRESS {"group": "corpus", "done": 952, "total": 2210, "elapsed_seconds": 19.232068799901754, "forward_seconds": 18.883335809223354, "texts_per_second": 49.5006548647987, "estimated_remaining_seconds": 25.413805199870175}
PROGRESS {"group": "corpus", "done": 1000, "total": 2210, "elapsed_seconds": 20.196713810320944, "forward_seconds": 19.83074086951092, "texts_per_second": 49.51300540234318, "estimated_remaining_seconds": 24.43802371048834}
PROGRESS {"group": "corpus", "done": 1056, "total": 2210, "elapsed_seconds": 21.42485771002248, "forward_seconds": 21.038555649109185, "texts_per_second": 49.28854204273229, "estimated_remaining_seconds": 23.41314942932381}
PROGRESS {"group": "corpus", "done": 1104, "total": 2210, "elapsed_seconds": 22.488474119920284, "forward_seconds": 22.08355433959514, "texts_per_second": 49.09181450519478, "estimated_remaining_seconds": 22.529214109267965}
PROGRESS {"group": "corpus", "done": 1152, "total": 2210, "elapsed_seconds": 23.60055604018271, "forward_seconds": 23.17669025948271, "texts_per_second": 48.81240925165429, "estimated_remaining_seconds": 21.674816224403912}
PROGRESS {"group": "corpus", "done": 1200, "total": 2210, "elapsed_seconds": 24.58673758013174, "forward_seconds": 24.14401750965044, "texts_per_second": 48.80680066190263, "estimated_remaining_seconds": 20.693837463277546}
PROGRESS {"group": "corpus", "done": 1256, "total": 2210, "elapsed_seconds": 25.762229550164193, "forward_seconds": 25.299205659423023, "texts_per_second": 48.75354431394681, "estimated_remaining_seconds": 19.567808113739364}
PROGRESS {"group": "corpus", "done": 1304, "total": 2210, "elapsed_seconds": 26.711392000317574, "forward_seconds": 26.230281048920006, "texts_per_second": 48.81812224478966, "estimated_remaining_seconds": 18.55868186525132}
PROGRESS {"group": "corpus", "done": 1352, "total": 2210, "elapsed_seconds": 27.712935520336032, "forward_seconds": 27.21490381890908, "texts_per_second": 48.785881921743325, "estimated_remaining_seconds": 17.587055234059406}
PROGRESS {"group": "corpus", "done": 1400, "total": 2210, "elapsed_seconds": 28.601348410360515, "forward_seconds": 28.08735277922824, "texts_per_second": 48.94874115420607, "estimated_remaining_seconds": 16.54792300885144}
PROGRESS {"group": "corpus", "done": 1456, "total": 2210, "elapsed_seconds": 29.889182850252837, "forward_seconds": 29.354791668709368, "texts_per_second": 48.71327554502493, "estimated_remaining_seconds": 15.478326833166648}
PROGRESS {"group": "corpus", "done": 1504, "total": 2210, "elapsed_seconds": 30.952093290165067, "forward_seconds": 30.399626618716866, "texts_per_second": 48.59122082311284, "estimated_remaining_seconds": 14.529373579026952}
PROGRESS {"group": "corpus", "done": 1552, "total": 2210, "elapsed_seconds": 32.05882744025439, "forward_seconds": 31.487265368457884, "texts_per_second": 48.41100326867365, "estimated_remaining_seconds": 13.591951324540844}
PROGRESS {"group": "corpus", "done": 1600, "total": 2210, "elapsed_seconds": 33.008713310118765, "forward_seconds": 32.420636378694326, "texts_per_second": 48.47204993929657, "estimated_remaining_seconds": 12.584571949482779}
PROGRESS {"group": "corpus", "done": 1656, "total": 2210, "elapsed_seconds": 34.036045980174094, "forward_seconds": 33.42859681788832, "texts_per_second": 48.65430023700801, "estimated_remaining_seconds": 11.386454995782879}
PROGRESS {"group": "corpus", "done": 1704, "total": 2210, "elapsed_seconds": 35.14500071993098, "forward_seconds": 34.52029388817027, "texts_per_second": 48.484847491656176, "estimated_remaining_seconds": 10.436250213782321}
PROGRESS {"group": "corpus", "done": 1752, "total": 2210, "elapsed_seconds": 36.030877240002155, "forward_seconds": 35.38837780803442, "texts_per_second": 48.62496098360039, "estimated_remaining_seconds": 9.419030694018828}
PROGRESS {"group": "corpus", "done": 1800, "total": 2210, "elapsed_seconds": 36.980559760238975, "forward_seconds": 36.32050214894116, "texts_per_second": 48.6742226637504, "estimated_remaining_seconds": 8.423349723165545}
PROGRESS {"group": "corpus", "done": 1856, "total": 2210, "elapsed_seconds": 38.24606479005888, "forward_seconds": 37.56676852935925, "texts_per_second": 48.5278684274577, "estimated_remaining_seconds": 7.294777443793558}
PROGRESS {"group": "corpus", "done": 1904, "total": 2210, "elapsed_seconds": 39.14701300021261, "forward_seconds": 38.45039765909314, "texts_per_second": 48.637171883067026, "estimated_remaining_seconds": 6.291484232177027}
PROGRESS {"group": "corpus", "done": 1952, "total": 2210, "elapsed_seconds": 40.14409406017512, "forward_seconds": 39.42926787957549, "texts_per_second": 48.62483624799191, "estimated_remaining_seconds": 5.305930464920687}
PROGRESS {"group": "corpus", "done": 2000, "total": 2210, "elapsed_seconds": 41.00209682015702, "forward_seconds": 40.271396428812295, "texts_per_second": 48.77799320294227, "estimated_remaining_seconds": 4.305220166116487}
PROGRESS {"group": "corpus", "done": 2056, "total": 2210, "elapsed_seconds": 42.26808331022039, "forward_seconds": 41.515766348689795, "texts_per_second": 48.64190280193899, "estimated_remaining_seconds": 3.1659945670106713}
PROGRESS {"group": "corpus", "done": 2104, "total": 2210, "elapsed_seconds": 43.4318942502141, "forward_seconds": 42.660605878569186, "texts_per_second": 48.44366188310168, "estimated_remaining_seconds": 2.1881087407427255}
PROGRESS {"group": "corpus", "done": 2152, "total": 2210, "elapsed_seconds": 44.34749737009406, "forward_seconds": 43.55790314823389, "texts_per_second": 48.525849881468424, "estimated_remaining_seconds": 1.1952392413872934}
PROGRESS {"group": "corpus", "done": 2200, "total": 2210, "elapsed_seconds": 45.36546073993668, "forward_seconds": 44.55793427815661, "texts_per_second": 48.49504367676947, "estimated_remaining_seconds": 0.2062066397269849}
PROGRESS {"group": "corpus", "done": 2210, "total": 2210, "elapsed_seconds": 45.63474097009748, "forward_seconds": 44.82209774805233, "texts_per_second": 48.42801674820768, "estimated_remaining_seconds": 0.0}
SUMMARY {"source_commit": "e6bd192dbe39468855a1bbc88d0bc51d82baf8b1", "script_sha256": "cfe314faf56ef2791438496789aa93e476622e62b9381e503cddfd0c0ac3192a", "model_script_sha256": "62ac46e34a38e105870efa530dc83efa099ca8707c3b09fcd986e28bfdde5d09", "checkpoint_sha256": "9033eec92f163d1a710474977fa3fb68b7ee04697e0e961d83434743bd256a15", "data_sha256": "c1be79f83593929a7dd1c9d900ec91534de0f532e19a38293c1352c27112f557", "dataset": "zeta-alpha-ai/NanoSCIDOCS", "revision": "484eb90549fc3f0b9c42b3551e80ceb999515537", "split": "train", "hostname": "liteserver-c001-4", "physical_npu": "7", "backend": "raw_eager", "batch_size": 8, "dense_dtype": "fp16", "state_pointwise_dtype": "float32", "shared_device": true, "context": 2048, "eos_chunk": 512, "instruction": "Instruct: Given a query, retrieve documents that answer the query\nQuery: {query}", "mteb_contract_version": "1.38.60", "mteb_framework_used": false, "corpus_order": "descending document ID", "ignore_identical_ids": false, "stages": {"queries": {"texts": 50, "batches": 7, "forward_seconds": 0.3462203894741833, "wall_seconds": 0.35696575976908207, "prepared_token_slots": 7584}, "corpus": {"texts": 2210, "batches": 277, "forward_seconds": 44.82209774805233, "wall_seconds": 45.63892312021926, "prepared_token_slots": 2799392}}, "all_checks_passed": true, "pytrec_eval": "0.5.10", "device_status": "NPU 0: busy HBM=56947/65536MB AICore=5% Health=OK\nNPU 1: busy HBM=57077/65536MB AICore=5% Health=OK\nNPU 2: busy HBM=57077/65536MB AICore=5% Health=OK\nNPU 3: busy HBM=57078/65536MB AICore=5% Health=OK\nNPU 4: busy HBM=57047/65536MB AICore=10% Health=Alarm\nNPU 5: busy HBM=57046/65536MB AICore=12% Health=Alarm\nNPU 6: busy HBM=57183/65536MB AICore=16% Health=OK\nNPU 7: busy HBM=57182/65536MB AICore=16% Health=OK\n", "hbm_before_model": {"free_bytes": 8703905792, "total_bytes": 65452113920}, "device": "Ascend910B2", "torch": "2.10.0+cpu", "torch_npu": "2.10.0.post2", "setup_seconds": 12.970196390058845, "thresholds": {"layer_normalized_rmse": 0.02, "embedding_max_abs": 0.002, "min_cosine": 0.9995}, "maximum_preflight": {"passed": true, "document_id": "7dfce578644bc101ae4ffcd0184d2227c6d07809", "shape": [1, 2032], "layers": [{"max_abs": 0.0, "normalized_rmse": 0.0}, {"max_abs": 0.002288341522216797, "normalized_rmse": 0.0002500229165889323}, {"max_abs": 0.009793281555175781, "normalized_rmse": 0.0003216842596884817}, {"max_abs": 0.0074672698974609375, "normalized_rmse": 0.0004336510901339352}, {"max_abs": 0.0074024200439453125, "normalized_rmse": 0.00048364236135967076}, {"max_abs": 0.007312774658203125, "normalized_rmse": 0.0005409308942034841}, {"max_abs": 0.030872344970703125, "normalized_rmse": 0.0005159437423571944}, {"max_abs": 0.03087615966796875, "normalized_rmse": 0.0006005234899930656}, {"max_abs": 0.030731201171875, "normalized_rmse": 0.0005537235410884023}, {"max_abs": 0.030796051025390625, "normalized_rmse": 0.0004452762077562511}, {"max_abs": 0.04598236083984375, "normalized_rmse": 0.0004403769562486559}, {"max_abs": 0.06510162353515625, "normalized_rmse": 0.00041765376226976514}, {"max_abs": 0.10919189453125, "normalized_rmse": 0.0007849374087527394}, {"max_abs": 0.2595977783203125, "normalized_rmse": 0.000862692657392472}], "embedding": {"max_abs": 7.625482976436615e-05, "normalized_rmse": 0.0003667068958748132}, "cosine": 1.0, "seconds": 26.696033120155334, "reused_from": "/workspace/repos/rwkv-cpu-reference/tmp/26_rwkv_inference/nanoscidocs_eager_b1_fp16_e8a15dad/probe/result.json"}, "batch_preflight": {"passed": true, "shape": [8, 144], "embedding": {"max_abs": 9.725987911224365e-05, "normalized_rmse": 0.0005063402932137251}}, "preflight_and_warmup_seconds": 15.39760380005464, "ndcg_at_10_unrounded": 0.4021019057025538, "ndcg_at_10": 40.21, "upstream_gpu_bf16_ndcg_at_10": 40.988, "upstream_cpu_fp32_ndcg_at_10": 41.058, "delta_gpu_percentage_points": -0.7779999999999987, "delta_cpu_percentage_points": -0.847999999999999, "metric_crosscheck_passed": true, "eval_wall_seconds": 46.480702329892665, "artifacts": {"embeddings.npz": {"sha256": "a23f1d72fb1f386014d30120a8963f0b28fed4dfbdc17a2431641db8c7b23c7b", "bytes": 6328849}, "ids.json": {"sha256": "0804bdb7c0bd7b856289eddbb4cb19fba7b24ce1de88bcb023dfbae80dcb59b6", "bytes": 108520}, "batch_timings.json": {"sha256": "303f6dd5a4aacf1b87f8442e32223d0a0d09a477fd78ee35523e28a09abfb9bf", "bytes": 206734}, "per_query_scores.json": {"sha256": "2726fe98ea2fc130c1b91b81fd07bfa6edf228fc0a19f78437df5f670c0eccef", "bytes": 4449}, "top100.json": {"sha256": "64ffc1cde93127d52c88da3713efc99228523ba36949b7f90d2330de27ea11f1", "bytes": 564673}}, "peak_hbm_allocated_bytes": 1595910656, "peak_hbm_reserved_bytes": 4093640704}
