[start] 2026-08-04T15:41:55
[stage 01 +0.740s total=0.740s]	loading runner and model
loading checkpoint shard 1/5: model-00001-of-00005.safetensors
loading checkpoint shard 2/5: model-00002-of-00005.safetensors
loading checkpoint shard 3/5: model-00003-of-00005.safetensors
loading checkpoint shard 4/5: model-00004-of-00005.safetensors
loading checkpoint shard 5/5: model-00005-of-00005.safetensors
memory after_load: alloc=15.26GiB reserved=16.91GiB max_alloc=16.42GiB max_reserved=16.91GiB free=43.69GiB/60.96GiB
[stage 02 +5.394s total=6.134s]	building benchmark input ids
[stage 03 +0.048s total=6.182s]	running prefill benchmark
[stage 04 +0.000s total=6.182s]	warming up prefill: runs=0
[stage 05 +0.000s total=6.182s]	timing prefill: repeats=0
prefill: mean=0.000000s min=0.000000s max=0.000000s tok/s=0.00 batch/s=0.00
memory after_prefill_benchmark: alloc=15.26GiB reserved=16.91GiB max_alloc=16.42GiB max_reserved=16.91GiB free=43.69GiB/60.96GiB
[stage 06 +0.004s total=6.186s]	running decode benchmark
[stage 07 +0.000s total=6.186s]	warming up decode: runs=1 steps=32
/workspace/repos/paddle_ocr_vl_npu/10_qwen3_8b_inference/local_modeling_qwen3_0.py:170: UserWarning: Cannot create tensor with interal format while allow_internel_format=False, tensor will be created with base format. (Triggered internally at ../torch_npu/csrc/aten/common/TensorFactories.cpp:340.)
  value_caches.append(torch.zeros_like(key_cache))
[stage 08 +3.553s total=9.738s]	timing decode: repeats=3 steps=32
decode: mean=2.100800s min=2.074164s max=2.116532s tok/s=3899.47 batch/s=15.23
dynamo counters: <empty>
memory after_decode_benchmark: alloc=15.26GiB reserved=21.80GiB max_alloc=20.76GiB max_reserved=21.80GiB free=38.78GiB/60.96GiB
[stage 09 +7.900s total=17.638s]	wrote json output to tmp/10_qwen3_8b_inference/decode_batch_sweep_kv64_f82af52/b256_eager/result.json
[stage 10 +0.000s total=17.638s]	benchmark complete
