b2-kornia API ready worker_pid=91726; preloading 100 distinct crops for 100 requests
b2-kornia crops preloaded 50/100
b2-kornia crops preloaded 100/100
b2-kornia payloads ready bytes=34840674
SEND b2-kornia 01/100 table=page_000287_table_box_id_8 active=1
SEND b2-kornia 02/100 table=page_001367_table_51 active=2
RECV b2-kornia 02/100 rank=65 id=page_001367_table_51 latency=0.6404s status=ok active=1
SEND b2-kornia 03/100 table=page_000236_table_box_id_1 active=2
RECV b2-kornia 03/100 rank=324 id=page_000236_table_box_id_1 latency=0.3809s status=ok active=1
SEND b2-kornia 04/100 table=page_000634_table_11 active=2
RECV b2-kornia 04/100 rank=225 id=page_000634_table_11 latency=0.5386s status=ok active=1
SEND b2-kornia 05/100 table=page_000272_table_box_id_1 active=2
RECV b2-kornia 01/100 rank=24 id=page_000287_table_box_id_8 latency=2.5632s status=ok active=1
SEND b2-kornia 06/100 table=page_001172_table_16 active=2
RECV b2-kornia 06/100 rank=337 id=page_001172_table_16 latency=0.3655s status=ok active=1
SEND b2-kornia 07/100 table=page_001137_table_2 active=2
RECV b2-kornia 07/100 rank=151 id=page_001137_table_2 latency=0.7765s status=ok active=1
SEND b2-kornia 08/100 table=page_001150_table_box_id_9 active=2
RECV b2-kornia 08/100 rank=255 id=page_001150_table_box_id_9 latency=0.4632s status=ok active=1
SEND b2-kornia 09/100 table=page_000920_table_8 active=2
RECV b2-kornia 09/100 rank=368 id=page_000920_table_8 latency=0.3326s status=ok active=1
SEND b2-kornia 10/100 table=page_000524_table_0 active=2
RECV b2-kornia 10/100 rank=140 id=page_000524_table_0 latency=0.8433s status=ok active=1
SEND b2-kornia 11/100 table=page_000256_table_box_id_8 active=2
RECV b2-kornia 11/100 rank=336 id=page_000256_table_box_id_8 latency=0.3643s status=ok active=1
SEND b2-kornia 12/100 table=page_001166_table_9 active=2
RECV b2-kornia 05/100 rank=09 id=page_000272_table_box_id_1 latency=4.2727s status=ok active=1
SEND b2-kornia 13/100 table=page_000211_table_box_id_3 active=2
RECV b2-kornia 12/100 rank=436 id=page_001166_table_9 latency=0.3727s status=ok active=1
SEND b2-kornia 14/100 table=page_000933_table_10 active=2
RECV b2-kornia 14/100 rank=504 id=page_000933_table_10 latency=0.1922s status=ok active=1
SEND b2-kornia 15/100 table=page_001129_table_8 active=2
RECV b2-kornia 13/100 rank=201 id=page_000211_table_box_id_3 latency=0.7466s status=ok active=1
SEND b2-kornia 16/100 table=page_001375_table_7 active=2
RECV b2-kornia 16/100 rank=458 id=page_001375_table_7 latency=0.2339s status=ok active=1
SEND b2-kornia 17/100 table=page_000106_table_box_id_2 active=2
RECV b2-kornia 15/100 rank=107 id=page_001129_table_8 latency=1.1249s status=ok active=1
SEND b2-kornia 18/100 table=page_001134_table_10 active=2
RECV b2-kornia 17/100 rank=208 id=page_000106_table_box_id_2 latency=0.5959s status=ok active=1
SEND b2-kornia 19/100 table=page_000642_table_8 active=2
RECV b2-kornia 18/100 rank=134 id=page_001134_table_10 latency=0.9511s status=ok active=1
SEND b2-kornia 20/100 table=page_000564_table_7 active=2
RECV b2-kornia 19/100 rank=128 id=page_000642_table_8 latency=0.9494s status=ok active=1
SEND b2-kornia 21/100 table=page_001368_table_box_id_242 active=2
RECV b2-kornia 21/100 rank=497 id=page_001368_table_box_id_242 latency=0.3124s status=ok active=1
SEND b2-kornia 22/100 table=page_000263_table_box_id_7 active=2
RECV b2-kornia 20/100 rank=334 id=page_000564_table_7 latency=0.3847s status=ok active=1
SEND b2-kornia 23/100 table=page_000746_table_18 active=2
RECV b2-kornia 23/100 rank=161 id=page_000746_table_18 latency=0.7384s status=ok active=1
SEND b2-kornia 24/100 table=page_000213_table_box_id_5 active=2
RECV b2-kornia 24/100 rank=215 id=page_000213_table_box_id_5 latency=0.5496s status=ok active=1
SEND b2-kornia 25/100 table=page_000206_table_box_id_1 active=2
RECV b2-kornia 25/100 rank=309 id=page_000206_table_box_id_1 latency=0.3917s status=ok active=1
SEND b2-kornia 26/100 table=page_000209_table_box_id_1 active=2
RECV b2-kornia 26/100 rank=432 id=page_000209_table_box_id_1 latency=0.2671s status=ok active=1
SEND b2-kornia 27/100 table=page_001216_table_2 active=2
RECV b2-kornia 22/100 rank=31 id=page_000263_table_box_id_7 latency=2.3177s status=ok active=1
SEND b2-kornia 28/100 table=page_000188_table_box_id_6 active=2
RECV b2-kornia 27/100 rank=186 id=page_001216_table_2 latency=0.7661s status=ok active=1
SEND b2-kornia 29/100 table=page_000921_table_9 active=2
RECV b2-kornia 28/100 rank=240 id=page_000188_table_box_id_6 latency=0.5144s status=ok active=1
SEND b2-kornia 30/100 table=page_000533_table_8 active=2
RECV b2-kornia 29/100 rank=460 id=page_000921_table_9 latency=0.3004s status=ok active=1
SEND b2-kornia 31/100 table=page_001123_table_14 active=2
RECV b2-kornia 30/100 rank=399 id=page_000533_table_8 latency=0.3871s status=ok active=1
SEND b2-kornia 32/100 table=page_001503_table_5 active=2
RECV b2-kornia 32/100 rank=526 id=page_001503_table_5 latency=0.1680s status=ok active=1
SEND b2-kornia 33/100 table=page_001197_table_5 active=2
RECV b2-kornia 31/100 rank=413 id=page_001123_table_14 latency=0.4138s status=ok active=1
SEND b2-kornia 34/100 table=page_000542_table_0 active=2
RECV b2-kornia 34/100 rank=219 id=page_000542_table_0 latency=0.5350s status=ok active=1
SEND b2-kornia 35/100 table=page_001130_table_1 active=2
RECV b2-kornia 35/100 rank=572 id=page_001130_table_1 latency=0.1401s status=ok active=1
SEND b2-kornia 36/100 table=page_001595_table_box_id_9 active=2
RECV b2-kornia 36/100 rank=561 id=page_001595_table_box_id_9 latency=0.1416s status=ok active=1
SEND b2-kornia 37/100 table=page_001233_table_6 active=2
RECV b2-kornia 33/100 rank=118 id=page_001197_table_5 latency=1.1705s status=ok active=1
SEND b2-kornia 38/100 table=page_000585_table_1 active=2
RECV b2-kornia 37/100 rank=241 id=page_001233_table_6 latency=0.5866s status=ok active=1
SEND b2-kornia 39/100 table=page_000821_table_box_id_26 active=2
RECV b2-kornia 39/100 rank=617 id=page_000821_table_box_id_26 latency=0.0919s status=ok active=1
SEND b2-kornia 40/100 table=page_000566_table_3 active=2
RECV b2-kornia 38/100 rank=159 id=page_000585_table_1 latency=0.8621s status=ok active=1
SEND b2-kornia 41/100 table=page_000534_table_4 active=2
RECV b2-kornia 40/100 rank=167 id=page_000566_table_3 latency=0.8015s status=ok active=1
SEND b2-kornia 42/100 table=page_001141_table_13 active=2
RECV b2-kornia 41/100 rank=221 id=page_000534_table_4 latency=0.5729s status=ok active=1
SEND b2-kornia 43/100 table=page_000665_table_3 active=2
RECV b2-kornia 43/100 rank=662 id=page_000665_table_3 latency=0.0458s status=ok active=1
SEND b2-kornia 44/100 table=page_001417_table_2 active=2
RECV b2-kornia 44/100 rank=587 id=page_001417_table_2 latency=0.1163s status=ok active=1
SEND b2-kornia 45/100 table=page_001117_table_box_id_7 active=2
RECV b2-kornia 42/100 rank=280 id=page_001141_table_13 latency=0.5164s status=ok active=1
SEND b2-kornia 46/100 table=page_001270_table_box_id_1 active=2
RECV b2-kornia 45/100 rank=483 id=page_001117_table_box_id_7 latency=0.2151s status=ok active=1
SEND b2-kornia 47/100 table=page_000261_table_box_id_3 active=2
RECV b2-kornia 46/100 rank=95 id=page_001270_table_box_id_1 latency=1.1861s status=ok active=1
SEND b2-kornia 48/100 table=page_000505_table_1 active=2
RECV b2-kornia 47/100 rank=54 id=page_000261_table_box_id_3 latency=1.6280s status=ok active=1
SEND b2-kornia 49/100 table=page_000682_table_15 active=2
RECV b2-kornia 49/100 rank=507 id=page_000682_table_15 latency=0.1873s status=ok active=1
SEND b2-kornia 50/100 table=page_000275_table_box_id_1 active=2
RECV b2-kornia 48/100 rank=121 id=page_000505_table_1 latency=1.0895s status=ok active=1
SEND b2-kornia 51/100 table=page_000789_table_34 active=2
RECV b2-kornia 51/100 rank=639 id=page_000789_table_34 latency=0.0720s status=ok active=1
SEND b2-kornia 52/100 table=page_001177_table_2 active=2
RECV b2-kornia 52/100 rank=229 id=page_001177_table_2 latency=0.5249s status=ok active=1
SEND b2-kornia 53/100 table=page_001398_table_box-13qv1ztw active=2
RECV b2-kornia 53/100 rank=511 id=page_001398_table_box-13qv1ztw latency=0.1869s status=ok active=1
SEND b2-kornia 54/100 table=page_001183_table_11 active=2
RECV b2-kornia 54/100 rank=395 id=page_001183_table_11 latency=0.3156s status=ok active=1
SEND b2-kornia 55/100 table=page_000507_table_0 active=2
RECV b2-kornia 55/100 rank=396 id=page_000507_table_0 latency=0.3087s status=ok active=1
SEND b2-kornia 56/100 table=page_000710_table_9 active=2
RECV b2-kornia 56/100 rank=514 id=page_000710_table_9 latency=0.1835s status=ok active=1
SEND b2-kornia 57/100 table=page_000657_table_6 active=2
RECV b2-kornia 57/100 rank=659 id=page_000657_table_6 latency=0.0442s status=ok active=1
SEND b2-kornia 58/100 table=page_001368_table_box_id_227 active=2
RECV b2-kornia 58/100 rank=264 id=page_001368_table_box_id_227 latency=0.4398s status=ok active=1
SEND b2-kornia 59/100 table=page_001176_table_4 active=2
RECV b2-kornia 59/100 rank=122 id=page_001176_table_4 latency=0.9016s status=ok active=1
SEND b2-kornia 60/100 table=page_001181_table_6 active=2
RECV b2-kornia 50/100 rank=12 id=page_000275_table_box_id_1 latency=4.0721s status=ok active=1
SEND b2-kornia 61/100 table=page_000937_table_0 active=2
RECV b2-kornia 61/100 rank=350 id=page_000937_table_0 latency=0.3583s status=ok active=1
SEND b2-kornia 62/100 table=page_001368_table_box_id_237 active=2
RECV b2-kornia 62/100 rank=468 id=page_001368_table_box_id_237 latency=0.2129s status=ok active=1
SEND b2-kornia 63/100 table=page_000217_table_box_id_0 active=2
RECV b2-kornia 60/100 rank=72 id=page_001181_table_6 latency=1.4821s status=ok active=1
SEND b2-kornia 64/100 table=page_001159_table_5 active=2
RECV b2-kornia 63/100 rank=391 id=page_000217_table_box_id_0 latency=0.4114s status=ok active=1
SEND b2-kornia 65/100 table=page_000626_table_box_id_1 active=2
RECV b2-kornia 64/100 rank=224 id=page_001159_table_5 latency=0.6096s status=ok active=1
SEND b2-kornia 66/100 table=page_000984_table_2 active=2
RECV b2-kornia 66/100 rank=625 id=page_000984_table_2 latency=0.0855s status=ok active=1
SEND b2-kornia 67/100 table=page_001082_table_34 active=2
RECV b2-kornia 67/100 rank=171 id=page_001082_table_34 latency=0.7216s status=ok active=1
SEND b2-kornia 68/100 table=page_000467_table_17 active=2
RECV b2-kornia 65/100 rank=44 id=page_000626_table_box_id_1 latency=1.9009s status=ok active=1
SEND b2-kornia 69/100 table=page_000866_table_14 active=2
RECV b2-kornia 69/100 rank=419 id=page_000866_table_14 latency=0.2794s status=ok active=1
SEND b2-kornia 70/100 table=page_001227_table_10 active=2
RECV b2-kornia 68/100 rank=120 id=page_000467_table_17 latency=0.9872s status=ok active=1
SEND b2-kornia 71/100 table=page_000916_table_7 active=2
RECV b2-kornia 71/100 rank=265 id=page_000916_table_7 latency=0.4875s status=ok active=1
SEND b2-kornia 72/100 table=page_000251_table_box_id_7 active=2
RECV b2-kornia 72/100 rank=184 id=page_000251_table_box_id_7 latency=0.6384s status=ok active=1
SEND b2-kornia 73/100 table=page_001131_table_15 active=2
RECV b2-kornia 73/100 rank=469 id=page_001131_table_15 latency=0.2184s status=ok active=1
SEND b2-kornia 74/100 table=page_001183_table_12 active=2
RECV b2-kornia 70/100 rank=75 id=page_001227_table_10 latency=1.5068s status=ok active=1
SEND b2-kornia 75/100 table=page_000266_table_box_id_7 active=2
RECV b2-kornia 75/100 rank=509 id=page_000266_table_box_id_7 latency=0.1795s status=ok active=1
SEND b2-kornia 76/100 table=page_000447_table_12 active=2
RECV b2-kornia 74/100 rank=285 id=page_001183_table_12 latency=0.5126s status=ok active=1
SEND b2-kornia 77/100 table=page_001193_table_4 active=2
RECV b2-kornia 76/100 rank=371 id=page_000447_table_12 latency=0.4004s status=ok active=1
SEND b2-kornia 78/100 table=page_001368_table_box_id_239 active=2
RECV b2-kornia 78/100 rank=512 id=page_001368_table_box_id_239 latency=0.1703s status=ok active=1
SEND b2-kornia 79/100 table=page_000903_table_15 active=2
RECV b2-kornia 77/100 rank=342 id=page_001193_table_4 latency=0.4022s status=ok active=1
SEND b2-kornia 80/100 table=page_001167_table_2 active=2
RECV b2-kornia 79/100 rank=522 id=page_000903_table_15 latency=0.2180s status=ok active=1
SEND b2-kornia 81/100 table=page_000212_table_box_id_1 active=2
RECV b2-kornia 80/100 rank=422 id=page_001167_table_2 latency=0.4145s status=ok active=1
SEND b2-kornia 82/100 table=page_001147_table_10 active=2
RECV b2-kornia 81/100 rank=113 id=page_000212_table_box_id_1 latency=1.0308s status=ok active=1
SEND b2-kornia 83/100 table=page_000223_table_box_id_2 active=2
RECV b2-kornia 82/100 rank=90 id=page_001147_table_10 latency=1.2258s status=ok active=1
SEND b2-kornia 84/100 table=page_000716_table_0 active=2
RECV b2-kornia 84/100 rank=588 id=page_000716_table_0 latency=0.1148s status=ok active=1
SEND b2-kornia 85/100 table=page_000937_table_1 active=2
RECV b2-kornia 85/100 rank=415 id=page_000937_table_1 latency=0.3001s status=ok active=1
SEND b2-kornia 86/100 table=page_000465_table_10 active=2
RECV b2-kornia 83/100 rank=114 id=page_000223_table_box_id_2 latency=1.1406s status=ok active=1
SEND b2-kornia 87/100 table=page_000465_table_8 active=2
RECV b2-kornia 86/100 rank=339 id=page_000465_table_10 latency=0.4259s status=ok active=1
SEND b2-kornia 88/100 table=page_001179_table_6 active=2
RECV b2-kornia 87/100 rank=331 id=page_000465_table_8 latency=0.4717s status=ok active=1
SEND b2-kornia 89/100 table=page_000554_table_12 active=2
RECV b2-kornia 89/100 rank=538 id=page_000554_table_12 latency=0.1534s status=ok active=1
SEND b2-kornia 90/100 table=page_000199_table_box_id_0 active=2
RECV b2-kornia 88/100 rank=61 id=page_001179_table_6 latency=1.5738s status=ok active=1
SEND b2-kornia 91/100 table=page_000516_table_0 active=2
RECV b2-kornia 90/100 rank=80 id=page_000199_table_box_id_0 latency=1.2766s status=ok active=1
SEND b2-kornia 92/100 table=page_001214_table_8 active=2
RECV b2-kornia 92/100 rank=359 id=page_001214_table_8 latency=0.3533s status=ok active=1
SEND b2-kornia 93/100 table=page_001368_table_box_id_161 active=2
RECV b2-kornia 93/100 rank=332 id=page_001368_table_box_id_161 latency=0.3642s status=ok active=1
SEND b2-kornia 94/100 table=page_000577_table_3 active=2
RECV b2-kornia 91/100 rank=125 id=page_000516_table_0 latency=0.9983s status=ok active=1
SEND b2-kornia 95/100 table=page_000984_table_3 active=2
RECV b2-kornia 94/100 rank=382 id=page_000577_table_3 latency=0.4035s status=ok active=1
SEND b2-kornia 96/100 table=page_001187_table_0 active=2
RECV b2-kornia 95/100 rank=238 id=page_000984_table_3 latency=0.6670s status=ok active=1
SEND b2-kornia 97/100 table=page_000821_table_box_id_14 active=2
RECV b2-kornia 97/100 rank=585 id=page_000821_table_box_id_14 latency=0.1192s status=ok active=1
SEND b2-kornia 98/100 table=page_000833_table_4 active=2
RECV b2-kornia 98/100 rank=352 id=page_000833_table_4 latency=0.3442s status=ok active=1
SEND b2-kornia 99/100 table=page_001375_table_31 active=2
RECV b2-kornia 99/100 rank=631 id=page_001375_table_31 latency=0.0742s status=ok active=1
SEND b2-kornia 100/100 table=page_000645_table_7 active=2
RECV b2-kornia 100/100 rank=533 id=page_000645_table_7 latency=0.1591s status=ok active=1
RECV b2-kornia 96/100 rank=28 id=page_001187_table_0 latency=2.2276s status=ok active=0
DONE b2-kornia requests=100 failures=0 max_in_flight=2 wall=34.0059s qps=2.9407 p50=0.4202s p95=1.9172s max=4.2727s
