[start] 2026-08-04T15:29:51
[stage 01 +0.801s total=0.801s]	loading runner and model
loading checkpoint shard 1/5: model-00001-of-00005.safetensors
loading checkpoint shard 2/5: model-00002-of-00005.safetensors
loading checkpoint shard 3/5: model-00003-of-00005.safetensors
loading checkpoint shard 4/5: model-00004-of-00005.safetensors
loading checkpoint shard 5/5: model-00005-of-00005.safetensors
memory after_load: alloc=15.26GiB reserved=16.91GiB max_alloc=16.42GiB max_reserved=16.91GiB free=43.69GiB/60.96GiB
[stage 02 +5.133s total=5.933s]	building benchmark input ids
[stage 03 +0.046s total=5.979s]	running prefill benchmark
[stage 04 +0.000s total=5.979s]	warming up prefill: runs=0
[stage 05 +0.000s total=5.979s]	timing prefill: repeats=0
prefill: mean=0.000000s min=0.000000s max=0.000000s tok/s=0.00 batch/s=0.00
memory after_prefill_benchmark: alloc=15.26GiB reserved=16.91GiB max_alloc=16.42GiB max_reserved=16.91GiB free=43.69GiB/60.96GiB
[stage 06 +0.003s total=5.982s]	running decode benchmark
[stage 07 +0.000s total=5.982s]	checking compiled/eager decode parity: steps=32
/workspace/repos/paddle_ocr_vl_npu/10_qwen3_8b_inference/local_modeling_qwen3_0.py:170: UserWarning: Cannot create tensor with interal format while allow_internel_format=False, tensor will be created with base format. (Triggered internally at ../torch_npu/csrc/aten/common/TensorFactories.cpp:340.)
  value_caches.append(torch.zeros_like(key_cache))
...[stage 08 +88.702s total=94.684s]	warming up decode: runs=1 steps=32
[stage 09 +0.628s total=95.313s]	timing decode: repeats=3 steps=32
decode: mean=0.547726s min=0.547533s max=0.548051s tok/s=467.39 batch/s=58.42
decode: compile_first_call=85.770198s
dynamo counters:
  stats: calls_captured=3523, unique_graphs=1
memory after_decode_benchmark: alloc=15.27GiB reserved=16.91GiB max_alloc=16.42GiB max_reserved=16.91GiB free=43.66GiB/60.96GiB
[stage 10 +1.883s total=97.196s]	wrote json output to tmp/10_qwen3_8b_inference/decode_batch_sweep_kv64_f82af52/b8_compiled/result.json
[stage 11 +0.000s total=97.196s]	benchmark complete
