Loading weights:   0%|          | 0/858 [00:00<?, ?it/s]Loading weights:  61%|██████▏   | 527/858 [00:00<00:00, 5255.06it/s]Loading weights: 100%|██████████| 858/858 [00:00<00:00, 5317.24it/s]
[W731 14:25:31.869278291 TensorFactories.cpp:340] Warning: Cannot create tensor with interal format while allow_internel_format=False, tensor will be created with base format. (function operator())
completed=1/1 elapsed_s=3.016
{
  "dataset_json": "/workspace/datasets/OmniDocBench/OmniDocBench.json",
  "images_dir": "/workspace/datasets/OmniDocBench/images",
  "offset": 11,
  "count": 1,
  "images": [
    "page-573c437e-c309-4483-a038-ef2f440b104a.png"
  ],
  "pipeline": "owned_paddleocr_vl_v1.6",
  "layout_device": "npu",
  "layout_graph_capture": false,
  "page_preprocessing_mode": "all_before_recognition",
  "configuration": {
    "layout_model": "/workspace/models/PP-DocLayoutV3_safetensors",
    "recognizer_model": "/workspace/models/PaddleOCR-VL-1.6",
    "device": "npu:0",
    "layout_device": "npu:0",
    "layout_graph_capture": false,
    "dtype": "fp16",
    "batch_size": 4,
    "cache_length": 4096,
    "max_new_tokens": 2808,
    "decode_backend": "torchair",
    "decode_optimization": "combined_apply_mha_repeat",
    "preprocessor_min_pixels": 28224,
    "effective_global_min_pixels": 28224,
    "vision_backend": "torchair",
    "vision_attention": "prompt_flash_attention",
    "vision_padding": "auto",
    "vision_packing": "greedy",
    "vision_pack_target": 1920,
    "vision_router_lookahead": 32,
    "vision_batched_cache_dir": "/workspace/repos/paddle_ocr_vl_npu/.runtime_cache/09_vision_router_batched",
    "vision_buckets": [
      32,
      64,
      96,
      128,
      160,
      192,
      224,
      256,
      288,
      320,
      352,
      384,
      416,
      448,
      480,
      512,
      576,
      640,
      704,
      768,
      832,
      896,
      960,
      1024,
      1152,
      1280,
      1408,
      1536,
      1664,
      1792,
      1920,
      2048,
      2304,
      2560,
      2816,
      3072,
      3584,
      4096,
      4608,
      5120
    ],
    "text_buckets": [
      32,
      64,
      96,
      128,
      160,
      176,
      192,
      208,
      224,
      256,
      320,
      384,
      448,
      576,
      640,
      768,
      896,
      1024,
      1152,
      1280,
      1312
    ],
    "text_packing": "production_group",
    "text_pack_buckets": [
      128,
      256,
      512,
      1024
    ],
    "text_pack_max_members": 32,
    "text_packed_cache_dir": "/workspace/repos/paddle_ocr_vl_npu/.runtime_cache/09_persistent_page_engine_text_packed_torchair",
    "cpu_preprocessing": {
      "execution": "background_thread",
      "workers": 1,
      "max_pending": 4,
      "ordering": "fifo",
      "pin_recognition_inputs": "best_effort"
    },
    "page_preprocessing_mode": "all_before_recognition",
    "scheduler_progress": false,
    "vision_route_plan_input": null
  },
  "setup_s": 51.82873543491587,
  "recognizer_setup_timing_s": {
    "recognizer_frontend_setup": 0.889775482006371,
    "recognizer_model_load": 9.889242694946006,
    "decode_optimization_setup": 0.03342179791070521,
    "decode_weight_format": 4.395353191997856,
    "vision_runtime_setup": 18.408322382019833,
    "text_runtime_setup": 13.663950879126787,
    "compile_wrapper": 0.0017505402211099863,
    "compile_first_call": 0.23008838086389005,
    "vision_router_setup": 0.0,
    "packed_text_runtime_setup": 2.338026096113026,
    "private_cache_pool_setup": 0.004697080003097653,
    "decode_control_setup": 0.003613431006669998,
    "recognizer_runtime_total": 49.875285864807665
  },
  "pipeline_e2e_s": 3.0223994981497526,
  "pages_per_s": 0.330862945355893,
  "s_per_page": 3.0223994981497526,
  "result_count": 1,
  "prediction_count": 1,
  "completion_s": [
    3.016239942982793
  ],
  "page_artifact_writer": {
    "execution": "background_ordered_single_worker",
    "max_pending": 8,
    "max_pending_observed": 1,
    "write_wall_sum_s": 0.001322852,
    "queue_wait_sum_s": 0.000474698,
    "producer_backpressure_s": 0.0,
    "final_drain_s": 9.33e-06
  },
  "recognition": {
    "schedules": 1,
    "requests": 9,
    "wall_s": 3.0185346819926053,
    "generated_tokens_including_eos": 809,
    "decode_tokens_after_prefill_including_eos": 800,
    "input_tokens": 1921,
    "projected_image_tokens": 1804,
    "real_vision_tokens": 7216,
    "physical_vision_tokens": 7552,
    "real_text_tokens": 1921,
    "physical_text_tokens": 2432,
    "decode_graph_calls": 374,
    "raw_decode_token_slots": 1496,
    "active_decode_token_slots": 809,
    "effective_decode_tokens": 800,
    "idle_decode_token_slots": 687,
    "lookahead_decode_token_slots": 9,
    "decode_wall_s": 1.8953326041810215,
    "run_scoped_scheduler_wall_s": 2.285661276197061,
    "kv_prefix_bytes_copied": 35407872,
    "stop_reason_counts": {
      "eos": 9
    },
    "pixel_profile_request_counts": {
      "28224:1003520": 9
    },
    "device_stage_s": {
      "adaptive_mlp_projector": 0.007512700080871582,
      "image_embed_scatter": 0.00643548020720482,
      "prefill_argmax": 0.0007824799884110689,
      "prefill_lm_head": 0.01437426045536995,
      "recognition_inputs_h2d": 0.06347264003753662,
      "static_cache_alloc": 3.0799999949522327e-06,
      "text_kv_redistribute": 0.05292891985177993,
      "text_prefill": 0.04810715961456299,
      "text_prefill_input_prep": 0.0032795000076293944,
      "text_token_embedding": 0.0030307199666276567,
      "vision_embeddings": 0.025288719743490215,
      "vision_prefill": 0.1587390022277832,
      "vision_prefill_input_prep": 0.0268056001663208
    },
    "vision_packing": {
      "mode": "greedy",
      "target": 1920,
      "lookahead": 32,
      "groups": 6,
      "crops": 9,
      "packed_groups": 2,
      "singleton_groups": 4,
      "eager_overflow_groups": 0,
      "crops_per_group": 1.5,
      "group_size_histogram": {
        "1": 4,
        "2": 1,
        "3": 1
      },
      "graph_shape_histogram": {
        "b1_s1280": 1,
        "b1_s1408": 1,
        "b1_s256": 3,
        "b1_s4096": 1
      },
      "ready_window_histogram": {},
      "router_cpu_s": 0.0,
      "packed_real_vision_tokens": 2656,
      "packed_physical_vision_tokens": 2688,
      "packed_fill_fraction": 0.9880952380952381
    },
    "text_packing": {
      "mode": "production_group",
      "buckets": [
        128,
        256,
        512,
        1024
      ],
      "groups": 6,
      "crops": 9,
      "packs": 6,
      "packed_crops": 9,
      "fallback_crops": 0,
      "calls": 6,
      "call_reduction_fraction": 0.33333333333333337,
      "pack_size_histogram": {
        "1": 4,
        "2": 1,
        "3": 1
      },
      "bucket_histogram": {
        "128": 3,
        "512": 2,
        "1024": 1
      },
      "packed_real_text_tokens": 1921,
      "packed_physical_text_tokens": 2432,
      "packed_fill_fraction": 0.7898848684210527,
      "redistributed_kv_bytes": 35407872,
      "private_cache_pool": {
        "storage": "zero_once_fixed_arena",
        "capacity": 20,
        "allocated_bytes": 1509949440,
        "acquisitions": 9,
        "reuses": 0,
        "releases": 9,
        "active_slots": 0,
        "free_slots": 20,
        "high_water_active_slots": 9
      }
    },
    "run_output_tok_per_s": 268.0108348021233,
    "decode_useful_token_fraction": 0.5347593582887701,
    "vision_useful_token_fraction": 0.9555084745762712,
    "text_useful_token_fraction": 0.7898848684210527,
    "trace_path": "/workspace/repos/paddle_ocr_vl_npu/tmp/09_persistent_page_engine/mha_repeat_b4_e2e_910b_c5c3a6e/recognition_trace.jsonl"
  },
  "layout_frontend": {
    "implementation": "owned_no_paddlex",
    "device": "npu:0",
    "graph_capture": false,
    "npu_indexput_compat": true,
    "setup_s": 1.9385835570283234,
    "stage_s": {
      "file_read_s": 0.00033112592063844204,
      "image_decode_s": 0.08854665490798652,
      "layout_mask_polygon_cpu_s": 0.08547829301096499,
      "layout_mask_wait_and_d2h_s": 0.0005480488762259483,
      "layout_metadata_wait_and_d2h_s": 0.0017920401878654957,
      "layout_model_submit_s": 0.4863581261597574,
      "layout_postprocess_s": 0.12940200907178223,
      "layout_preprocess_h2d_s": 0.012247818987816572,
      "layout_structural_postprocess_cpu_s": 0.008000876056030393,
      "page_preparation_s": 0.011204020120203495,
      "page_total_s": 0.7284313810523599
    },
    "statistics": {
      "filtered_layout_boxes": 9,
      "merged_blocks": 9,
      "raw_layout_boxes": 9,
      "requests": 9
    }
  },
  "page_completion_order": [
    "page-573c437e-c309-4483-a038-ef2f440b104a.png"
  ],
  "paddlex_runtime_dependency": false,
  "loaded_paddlex_modules": [],
  "layout_mask_guard": {
    "guard_version": 1,
    "behavior": "integer_bounding_rectangle_for_empty_scaled_mask_crop",
    "fallback_calls": 0,
    "fallback_regions": 0,
    "events": []
  },
  "layout_mask_guard_path": "/workspace/repos/paddle_ocr_vl_npu/tmp/09_persistent_page_engine/mha_repeat_b4_e2e_910b_c5c3a6e/layout_mask_guard.json",
  "predictions_dir": "/workspace/repos/paddle_ocr_vl_npu/tmp/09_persistent_page_engine/mha_repeat_b4_e2e_910b_c5c3a6e/predictions",
  "page_regions_jsonl": "/workspace/repos/paddle_ocr_vl_npu/tmp/09_persistent_page_engine/mha_repeat_b4_e2e_910b_c5c3a6e/page_regions.jsonl",
  "vision_route_plan": "/workspace/repos/paddle_ocr_vl_npu/tmp/09_persistent_page_engine/mha_repeat_b4_e2e_910b_c5c3a6e/vision_route_plan.json",
  "timeline": {
    "enabled": false,
    "event_count": 0,
    "trace_json": null,
    "html": null,
    "additional_device_synchronization": false
  }
}
summary=/workspace/repos/paddle_ocr_vl_npu/tmp/09_persistent_page_engine/mha_repeat_b4_e2e_910b_c5c3a6e/run_summary.json
