[32mCreating model: ('PP-DocLayoutV3', '/workspace/models/PP-DocLayoutV3_safetensors', 'transformers')[0m
Loading weights:   0%|          | 0/858 [00:00<?, ?it/s]Loading weights:  59%|█████▊    | 502/858 [00:00<00:00, 5014.04it/s]Loading weights: 100%|██████████| 858/858 [00:00<00:00, 5321.31it/s]
[32mCreating model: ('PaddleOCR-VL-1.6-0.9B', None, None)[0m
[W720 19:42:56.097281665 TensorFactories.cpp:340] Warning: Cannot create tensor with interal format while allow_internel_format=False, tensor will be created with base format. (function operator())
...................................completed=1/64 elapsed_s=31.110
completed=2/64 elapsed_s=33.534
completed=3/64 elapsed_s=33.611
completed=4/64 elapsed_s=37.252
completed=5/64 elapsed_s=37.345
completed=6/64 elapsed_s=37.372
completed=7/64 elapsed_s=40.038
completed=8/64 elapsed_s=40.292
completed=9/64 elapsed_s=40.458
completed=10/64 elapsed_s=40.555
completed=11/64 elapsed_s=40.703
completed=12/64 elapsed_s=43.441
completed=13/64 elapsed_s=43.629
completed=14/64 elapsed_s=43.766
completed=15/64 elapsed_s=43.912
completed=16/64 elapsed_s=43.950
completed=17/64 elapsed_s=46.474
completed=18/64 elapsed_s=51.256
completed=19/64 elapsed_s=53.994
completed=20/64 elapsed_s=54.164
completed=21/64 elapsed_s=56.950
completed=22/64 elapsed_s=59.767
completed=23/64 elapsed_s=60.413
completed=24/64 elapsed_s=62.818
completed=25/64 elapsed_s=62.847
completed=26/64 elapsed_s=63.049
completed=27/64 elapsed_s=63.090
completed=28/64 elapsed_s=63.143
completed=29/64 elapsed_s=63.166
completed=30/64 elapsed_s=63.934
completed=31/64 elapsed_s=67.613
completed=32/64 elapsed_s=70.608
completed=33/64 elapsed_s=72.926
completed=34/64 elapsed_s=73.007
completed=35/64 elapsed_s=73.059
completed=36/64 elapsed_s=73.182
completed=37/64 elapsed_s=75.656
completed=38/64 elapsed_s=75.749
completed=39/64 elapsed_s=81.900
completed=40/64 elapsed_s=86.021
completed=41/64 elapsed_s=93.180
completed=42/64 elapsed_s=96.839
completed=43/64 elapsed_s=97.280
completed=44/64 elapsed_s=100.029
completed=45/64 elapsed_s=100.166
completed=46/64 elapsed_s=100.205
completed=47/64 elapsed_s=100.312
completed=48/64 elapsed_s=101.023
completed=49/64 elapsed_s=103.761
completed=50/64 elapsed_s=103.848
completed=51/64 elapsed_s=104.093
completed=52/64 elapsed_s=110.648
completed=53/64 elapsed_s=110.710
completed=54/64 elapsed_s=117.154
completed=55/64 elapsed_s=117.786
completed=56/64 elapsed_s=117.871
completed=57/64 elapsed_s=120.694
completed=58/64 elapsed_s=121.195
completed=59/64 elapsed_s=121.212
completed=60/64 elapsed_s=121.457
completed=61/64 elapsed_s=121.685
completed=62/64 elapsed_s=121.906
completed=63/64 elapsed_s=122.115
completed=64/64 elapsed_s=122.548
{
  "dataset_json": "/workspace/repos/paddle_ocr_vl_npu/tmp/08_offline_e2e_b1/omnidocbench_v16_uniform64_b16_default_c94ef82_metrics_20260720/uniform64_first_then_remainder.json",
  "images_dir": "/workspace/datasets/OmniDocBench/images",
  "offset": 0,
  "count": 64,
  "images": [
    "page-d1561665-5359-42fe-920c-d6e3bff81953.png",
    "page-d43b98f8-6a96-44f8-a3cf-65de9397f582.png",
    "page-c6168ed8-ca6a-4ddd-8bfc-92dec77f1870.png",
    "page-3e0da562-e549-4a04-8335-e76db83d57e6.png",
    "page-6eaea9af-1dfa-4166-9881-b5047bbd0a4f.png",
    "page-25bb22df-f066-42ea-b1a9-e283ec22a303.png",
    "page-8d885b06-4da2-453f-84f7-2f43bc4ae2dd.png",
    "page-01700769-1314-4880-83ab-af23bee36da3.png",
    "page-f245e436-c16e-4d7c-8797-c473bf25880a.png",
    "page-9a25d716-f3a8-42e6-9a4d-e5e49a71ab41.png",
    "page-ddb9d794-5230-4b43-b1ec-273b9e7ebc11.png",
    "page-68e347d8-6f34-431b-a2a2-549b3634dabc.png",
    "yanbaopptmerge_yanbaoPPT_1235.jpg",
    "yanbaopptmerge_yanbaoPPT_3215.jpg",
    "yanbaopptmerge_yanbaoPPT_4660.jpg",
    "yanbaopptmerge_yanbaoPPT_5885.jpg",
    "yanbaor2_6a016aa81b2fc8281a2a51bae6417769e4cae7fbe161cbc4351596b82e7002fa.pdf_8.jpg",
    "docstructbench_llm-raw-scihub-o.O-dvdy.10165.pdf_7.jpg",
    "docstructbench_llm-raw-scihub-o.O-j.ergon.2004.09.009.pdf_13.jpg",
    "docstructbench_llm-raw-the-eye-o.O-Attitudes_Towards_Rainwater_Harvesting_1999.pdf_5.jpg",
    "docstructbench_dianzishu_zhongwenzaixian-o.O-63677793.pdf_332.jpg",
    "yanbaopptmerge_abef2a4978ae4d13e931f0392502bd40.pdf_1287.jpg",
    "yanbaor2_ey-financial-sustainability-whitepaper.pdf_17.jpg",
    "jiaocai_jiaocai_en_518.jpg",
    "docstructbench_llm-raw-scihub-o.O-chem.200700285.pdf_4.jpg",
    "jiaocaineedrop_2017.pdf_0.jpg",
    "jiaocaineedrop_chem-203343.pdf_121.jpg",
    "jiaocaineedrop_jiaocai_needrop_en_1308.jpg",
    "jiaocaineedrop_jiaocai_needrop_en_1751.jpg",
    "jiaocaineedrop_jiaocai_needrop_en_2234.jpg",
    "jiaocaineedrop_jiaocai_needrop_en_276.jpg",
    "jiaocaineedrop_jiaocai_needrop_en_349.jpg",
    "jiaocaineedrop_jiaocai_needrop_en_574.jpg",
    "jiaocaineedrop_jiaocai_needrop_en_999.jpg",
    "yanbaor2_yanbaoPPT_1517.jpg",
    "notes_1ba14cb325bc448f7201b20502ecf2b5_32.jpg",
    "notes_1ba14cb325bc448f7201b20502ecf2b5_9.jpg",
    "notes_f7f010b78016aeebd76e56d9283eb67f_25.jpg",
    "notes_f7f010b78016aeebd76e56d9283eb67f_72.jpg",
    "newspaper_17f81b80831d8d58564b9c8e3cf79261_1.jpg",
    "newspaper_35bdaa11dec104ccbdc9e19ac8527d21_1.jpg",
    "newspaper_87769622e073730af94822416c60c710_1.jpg",
    "newspaper_d7fe1132386670993aae3dabc6247bc9_2.jpg",
    "eastmoney_34d623c64d12b5f02ffe4bff74f464b368270b1d6930192876bfe353d8fd6c30.pdf_0.jpg",
    "eastmoney_d08a4020e49029cf68b5dbf69e5ecaa40e969f918819c62579e5f4b1a357422f.pdf_3.jpg",
    "yanbaopptmerge_3f514841b9bba3e68710fde7af9562d36a424736a356ece18bb5eea86b43ada5.pdf_15.jpg",
    "scihub_fmicb.2019.01892.pdf_2.jpg",
    "scihub_s00784-003-0233-4.pdf_1.jpg",
    "yanbaor2_ey-beyond-traditional-corporate-governance.pdf_1.jpg",
    "PPT_8076_MEYER_Chapter_2_-_Language_Change_page_017.png",
    "PPT_english-guidelines-for-humanities-students.zp199743_page_008.png",
    "PPT_Catalysis.ppt_page_003.png",
    "PPT_session 10_page_023.png",
    "newspaper_The Globe and Mail - 2025-1-8@magazinesclubnew_page_003.png",
    "book_zh_GB12082006_extracted_page_8.png",
    "book_en_[搬书匠#893][Pyomo—Optimization Modeling in Python].2012.英文版_page_016.png",
    "book_en_国外数学教材-An Excursion through Elementary Mathematics（初等数学漫游）-An excursion through elementary mathematics, Vol.3 (Caminha Muniz Neto A)_0596.png",
    "color_textbook_教材全解1+1二年级上册英语上海牛津版_page_058.png",
    "exam_paper_2004-2019上海高考英语听力原文和答案_page_002.png",
    "exam_paper_en-file-putnam-archive_2016_Solutions_2016s_page_002.png",
    "exam_paper_en-file-putnam-archive_1994_Problems_1994_page_001.png",
    "magazine_TheEconomist.2024.03.02_page_075.png",
    "magazine_TheEconomist.2024.03.02_page_028.png",
    "PPT_PresentationSpecification_page_025.png"
  ],
  "pipeline": "official_paddlex_v1.6_with_cross_page_recognition_bridge",
  "configuration": {
    "layout_model": "/workspace/models/PP-DocLayoutV3_safetensors",
    "recognizer_model": "/workspace/models/PaddleOCR-VL-1.6",
    "device": "npu:0",
    "dtype": "fp16",
    "batch_size": 16,
    "cache_length": 8192,
    "max_new_tokens": 4096,
    "preprocessor_min_pixels": null,
    "effective_global_min_pixels": 112896,
    "vision_backend": "torchair",
    "vision_attention": "prompt_flash_attention",
    "vision_padding": "auto",
    "vision_buckets": [
      32,
      64,
      96,
      128,
      160,
      192,
      224,
      256,
      288,
      320,
      352,
      384,
      416,
      448,
      480,
      512,
      576,
      640,
      704,
      768,
      832,
      896,
      960,
      1024,
      1152,
      1280,
      1408,
      1536,
      1664,
      1792,
      1920,
      2048
    ],
    "text_buckets": [
      160,
      176,
      192,
      208,
      224,
      256,
      320,
      384,
      448,
      576,
      640,
      768,
      896,
      1024,
      1152,
      1280,
      1312
    ]
  },
  "setup_s": 774.4874161250191,
  "recognizer_setup_timing_s": {
    "recognizer_frontend_setup": 0.43693652597721666,
    "recognizer_model_load": 10.117917420982849,
    "decode_weight_format": 3.942105347989127,
    "vision_runtime_setup": 745.6307530049817,
    "text_runtime_setup": 11.070597122015897,
    "compile_wrapper": 0.0018088310025632381,
    "compile_first_call": 0.505290077009704,
    "decode_control_setup": 0.013043730985373259,
    "recognizer_runtime_total": 771.728334881016
  },
  "pipeline_e2e_s": 122.58940916205756,
  "pages_per_s": 0.5220679374952769,
  "s_per_page": 1.9154595181571494,
  "result_count": 64,
  "prediction_count": 64,
  "completion_s": [
    31.109561369055882,
    33.53375031903852,
    33.61096233205171,
    37.252446071011946,
    37.34539745101938,
    37.37220419704681,
    40.03782204102026,
    40.29151352203917,
    40.457777968025766,
    40.55534001602791,
    40.7034904040047,
    43.44069329503691,
    43.62944416300161,
    43.765749209036585,
    43.912371861049905,
    43.95000780100236,
    46.47362606204115,
    51.256326337053906,
    53.99386940302793,
    54.164151787001174,
    56.94999375502812,
    59.76733806700213,
    60.412893869041,
    62.81801746605197,
    62.8467466540169,
    63.04903638205724,
    63.09003677900182,
    63.14322138304124,
    63.165924339031335,
    63.93423935701139,
    67.61268485500477,
    70.6078863600269,
    72.92571325303288,
    73.00651628704509,
    73.05948365700897,
    73.18206514004851,
    75.656210390036,
    75.7486234610551,
    81.8998649950372,
    86.02113193902187,
    93.18044854700565,
    96.83868191100191,
    97.2799674810376,
    100.02855721500237,
    100.1657043560408,
    100.2047543200315,
    100.31154558504932,
    101.0230311070336,
    103.76117338304175,
    103.84790356701706,
    104.09274673904292,
    110.64842424704693,
    110.70974192902213,
    117.15448016201844,
    117.78613318700809,
    117.87113886204315,
    120.69351864000782,
    121.19530249905074,
    121.21228474704549,
    121.4566066400148,
    121.68457690405194,
    121.90589790605009,
    122.11489667801652,
    122.5476870330167
  ],
  "recognition": {
    "schedules": 1,
    "requests": 1332,
    "wall_s": 122.57172632199945,
    "generated_tokens_including_eos": 63531,
    "decode_tokens_after_prefill_including_eos": 62199,
    "input_tokens": 313130,
    "projected_image_tokens": 295814,
    "real_vision_tokens": 1183256,
    "physical_vision_tokens": 1220792,
    "real_text_tokens": 313130,
    "physical_text_tokens": 330272,
    "decode_graph_calls": 4049,
    "raw_decode_token_slots": 64784,
    "active_decode_token_slots": 63531,
    "effective_decode_tokens": 62199,
    "idle_decode_token_slots": 1253,
    "lookahead_decode_token_slots": 1332,
    "decode_wall_s": 23.29520715272421,
    "run_scoped_scheduler_wall_s": 122.5501628560014,
    "kv_prefix_bytes_copied": 5771612160,
    "stop_reason_counts": {
      "eos": 1332
    },
    "pixel_profile_request_counts": {
      "112896:1003520": 1332
    },
    "device_stage_s": {
      "adaptive_mlp_projector": 0.2021752002686263,
      "image_embed_scatter": 1.9874401813745493,
      "prefill_argmax": 0.030786059990525274,
      "prefill_lm_head": 0.31188027973473087,
      "static_cache_alloc": 0.012396200128423874,
      "text_prefill": 11.700930203437798,
      "text_prefill_input_prep": 0.5646183800846347,
      "text_token_embedding": 0.019992100046947615,
      "vision_embeddings": 0.7579162993580092,
      "vision_prefill": 30.344523542404136,
      "vision_prefill_input_prep": 1.1525432993769666
    },
    "run_output_tok_per_s": 518.3169227224738,
    "decode_useful_token_fraction": 0.960098172388244,
    "vision_useful_token_fraction": 0.9692527473967719,
    "text_useful_token_fraction": 0.9480973258405193,
    "trace_path": "/workspace/repos/paddle_ocr_vl_npu/tmp/09_persistent_page_engine/cpu_background_baseline_87a0bda_warmcache_20260720/recognition_trace.jsonl"
  },
  "page_completion_order": [
    "page-d43b98f8-6a96-44f8-a3cf-65de9397f582.png",
    "page-6eaea9af-1dfa-4166-9881-b5047bbd0a4f.png",
    "page-d1561665-5359-42fe-920c-d6e3bff81953.png",
    "page-c6168ed8-ca6a-4ddd-8bfc-92dec77f1870.png",
    "page-8d885b06-4da2-453f-84f7-2f43bc4ae2dd.png",
    "page-25bb22df-f066-42ea-b1a9-e283ec22a303.png",
    "page-3e0da562-e549-4a04-8335-e76db83d57e6.png",
    "yanbaopptmerge_yanbaoPPT_1235.jpg",
    "yanbaopptmerge_yanbaoPPT_3215.jpg",
    "yanbaopptmerge_yanbaoPPT_5885.jpg",
    "yanbaopptmerge_yanbaoPPT_4660.jpg",
    "page-9a25d716-f3a8-42e6-9a4d-e5e49a71ab41.png",
    "page-ddb9d794-5230-4b43-b1ec-273b9e7ebc11.png",
    "page-01700769-1314-4880-83ab-af23bee36da3.png",
    "docstructbench_llm-raw-scihub-o.O-dvdy.10165.pdf_7.jpg",
    "page-f245e436-c16e-4d7c-8797-c473bf25880a.png",
    "docstructbench_llm-raw-scihub-o.O-j.ergon.2004.09.009.pdf_13.jpg",
    "docstructbench_llm-raw-the-eye-o.O-Attitudes_Towards_Rainwater_Harvesting_1999.pdf_5.jpg",
    "yanbaor2_6a016aa81b2fc8281a2a51bae6417769e4cae7fbe161cbc4351596b82e7002fa.pdf_8.jpg",
    "yanbaopptmerge_abef2a4978ae4d13e931f0392502bd40.pdf_1287.jpg",
    "yanbaor2_ey-financial-sustainability-whitepaper.pdf_17.jpg",
    "jiaocai_jiaocai_en_518.jpg",
    "jiaocaineedrop_chem-203343.pdf_121.jpg",
    "docstructbench_llm-raw-scihub-o.O-chem.200700285.pdf_4.jpg",
    "jiaocaineedrop_jiaocai_needrop_en_1308.jpg",
    "jiaocaineedrop_2017.pdf_0.jpg",
    "jiaocaineedrop_jiaocai_needrop_en_2234.jpg",
    "jiaocaineedrop_jiaocai_needrop_en_1751.jpg",
    "docstructbench_dianzishu_zhongwenzaixian-o.O-63677793.pdf_332.jpg",
    "jiaocaineedrop_jiaocai_needrop_en_276.jpg",
    "jiaocaineedrop_jiaocai_needrop_en_574.jpg",
    "yanbaor2_yanbaoPPT_1517.jpg",
    "notes_1ba14cb325bc448f7201b20502ecf2b5_32.jpg",
    "notes_1ba14cb325bc448f7201b20502ecf2b5_9.jpg",
    "jiaocaineedrop_jiaocai_needrop_en_999.jpg",
    "jiaocaineedrop_jiaocai_needrop_en_349.jpg",
    "notes_f7f010b78016aeebd76e56d9283eb67f_25.jpg",
    "notes_f7f010b78016aeebd76e56d9283eb67f_72.jpg",
    "newspaper_17f81b80831d8d58564b9c8e3cf79261_1.jpg",
    "newspaper_35bdaa11dec104ccbdc9e19ac8527d21_1.jpg",
    "newspaper_87769622e073730af94822416c60c710_1.jpg",
    "newspaper_d7fe1132386670993aae3dabc6247bc9_2.jpg",
    "eastmoney_34d623c64d12b5f02ffe4bff74f464b368270b1d6930192876bfe353d8fd6c30.pdf_0.jpg",
    "yanbaor2_ey-beyond-traditional-corporate-governance.pdf_1.jpg",
    "PPT_Catalysis.ppt_page_003.png",
    "PPT_8076_MEYER_Chapter_2_-_Language_Change_page_017.png",
    "PPT_english-guidelines-for-humanities-students.zp199743_page_008.png",
    "PPT_session 10_page_023.png",
    "newspaper_The Globe and Mail - 2025-1-8@magazinesclubnew_page_003.png",
    "scihub_fmicb.2019.01892.pdf_2.jpg",
    "book_zh_GB12082006_extracted_page_8.png",
    "exam_paper_2004-2019上海高考英语听力原文和答案_page_002.png",
    "color_textbook_教材全解1+1二年级上册英语上海牛津版_page_058.png",
    "eastmoney_d08a4020e49029cf68b5dbf69e5ecaa40e969f918819c62579e5f4b1a357422f.pdf_3.jpg",
    "exam_paper_en-file-putnam-archive_2016_Solutions_2016s_page_002.png",
    "exam_paper_en-file-putnam-archive_1994_Problems_1994_page_001.png",
    "page-68e347d8-6f34-431b-a2a2-549b3634dabc.png",
    "yanbaopptmerge_3f514841b9bba3e68710fde7af9562d36a424736a356ece18bb5eea86b43ada5.pdf_15.jpg",
    "book_en_[搬书匠#893][Pyomo—Optimization Modeling in Python].2012.英文版_page_016.png",
    "magazine_TheEconomist.2024.03.02_page_075.png",
    "book_en_国外数学教材-An Excursion through Elementary Mathematics（初等数学漫游）-An excursion through elementary mathematics, Vol.3 (Caminha Muniz Neto A)_0596.png",
    "PPT_PresentationSpecification_page_025.png",
    "scihub_s00784-003-0233-4.pdf_1.jpg",
    "magazine_TheEconomist.2024.03.02_page_028.png"
  ],
  "layout_mask_guard": {
    "guard_version": 1,
    "behavior": "integer_bounding_rectangle_for_empty_scaled_mask_crop",
    "fallback_calls": 0,
    "fallback_regions": 0,
    "events": []
  },
  "layout_mask_guard_path": "/workspace/repos/paddle_ocr_vl_npu/tmp/09_persistent_page_engine/cpu_background_baseline_87a0bda_warmcache_20260720/layout_mask_guard.json",
  "predictions_dir": "/workspace/repos/paddle_ocr_vl_npu/tmp/09_persistent_page_engine/cpu_background_baseline_87a0bda_warmcache_20260720/predictions",
  "page_regions_jsonl": "/workspace/repos/paddle_ocr_vl_npu/tmp/09_persistent_page_engine/cpu_background_baseline_87a0bda_warmcache_20260720/page_regions.jsonl"
}
summary=/workspace/repos/paddle_ocr_vl_npu/tmp/09_persistent_page_engine/cpu_background_baseline_87a0bda_warmcache_20260720/run_summary.json
