OCR API ready worker_pid=None; preparing table crops in RAM
Frozen ALL cohort: 665 tables (121 LaTeX, 544 non-LaTeX)
Scheduled 100 Poisson arrivals at 1 QPS; request limit=100; last scheduled arrival at 101.112s; HTTP endpoint=http://127.0.0.1:18081/v1/chat/completions
Writing each completion to tmp/09_persistent_page_engine/table_vllm_poisson100_qps1_budget8192_65ba3ff1_20260908/measured/results.jsonl
[   0.146s] SEND #00001 table=page_001375_table_1 lag=   1.3ms active=1
[   2.027s] SEND #00002 table=page_000256_table_box_id_1 lag=   2.3ms active=2
[   2.749s] RECV #00002 table=page_000256_table_box_id_1 request= 0.722s scheduled= 0.725s status=ok active=1
[   3.469s] SEND #00003 table=page_000918_table_6 lag=   1.9ms active=2
[   3.763s] SEND #00004 table=page_001130_table_1 lag=   0.9ms active=3
[   4.143s] RECV #00003 table=page_000918_table_6 request= 0.674s scheduled= 0.676s status=ok active=2
[   4.334s] RECV #00004 table=page_001130_table_1 request= 0.571s scheduled= 0.572s status=ok active=1
[   4.447s] SEND #00005 table=page_000758_table_21 lag=   0.7ms active=2
[   4.831s] RECV #00005 table=page_000758_table_21 request= 0.385s scheduled= 0.385s status=ok active=1
[   5.044s] SEND #00006 table=page_001202_table_3 lag=   0.9ms active=2
[   6.099s] SEND #00007 table=page_000636_table_5 lag=   1.4ms active=3
[   6.746s] RECV #00007 table=page_000636_table_5 request= 0.648s scheduled= 0.649s status=ok active=2
[   6.958s] RECV #00001 table=page_001375_table_1 request= 6.812s scheduled= 6.814s status=ok active=1
[   7.654s] SEND #00008 table=page_000254_table_box_id_4 lag=   2.3ms active=2
[   7.751s] SEND #00009 table=page_000178_table_box_id_1 lag=   1.0ms active=3
[   7.779s] SEND #00010 table=page_000220_table_box_id_7 lag=   0.4ms active=4
[   9.587s] SEND #00011 table=page_000505_table_1 lag=   1.7ms active=5
[  10.154s] SEND #00012 table=page_000418_table_3 lag=   1.5ms active=6
[  11.041s] RECV #00006 table=page_001202_table_3 request= 5.997s scheduled= 5.998s status=ok active=5
[  11.590s] SEND #00013 table=page_000266_table_box_id_7 lag=   1.2ms active=6
[  11.592s] SEND #00014 table=page_001375_table_4 lag=   0.9ms active=7
[  12.183s] SEND #00015 table=page_001158_table_3 lag=   1.7ms active=8
[  12.419s] RECV #00010 table=page_000220_table_box_id_7 request= 4.639s scheduled= 4.639s status=ok active=7
[  12.572s] RECV #00008 table=page_000254_table_box_id_4 request= 4.918s scheduled= 4.920s status=ok active=6
[  12.724s] RECV #00013 table=page_000266_table_box_id_7 request= 1.134s scheduled= 1.135s status=ok active=5
[  13.460s] SEND #00016 table=page_000930_table_7 lag=   1.0ms active=6
[  13.720s] SEND #00017 table=page_001198_table_8 lag=   0.6ms active=7
[  14.069s] RECV #00012 table=page_000418_table_3 request= 3.915s scheduled= 3.917s status=ok active=6
[  14.243s] RECV #00016 table=page_000930_table_7 request= 0.783s scheduled= 0.784s status=ok active=5
[  14.336s] RECV #00015 table=page_001158_table_3 request= 2.153s scheduled= 2.155s status=ok active=4
[  14.887s] RECV #00009 table=page_000178_table_box_id_1 request= 7.136s scheduled= 7.137s status=ok active=3
[  15.783s] RECV #00011 table=page_000505_table_1 request= 6.195s scheduled= 6.197s status=ok active=2
[  16.438s] RECV #00017 table=page_001198_table_8 request= 2.719s scheduled= 2.719s status=ok active=1
[  16.625s] SEND #00018 table=page_000434_table_15 lag=   0.6ms active=2
[  18.943s] SEND #00019 table=page_000534_table_4 lag=   1.9ms active=3
[  18.962s] RECV #00018 table=page_000434_table_15 request= 2.337s scheduled= 2.337s status=ok active=2
[  18.973s] SEND #00020 table=page_001161_table_3 lag=   0.9ms active=3
[  18.999s] SEND #00021 table=page_000566_table_3 lag=   1.0ms active=4
[  19.779s] SEND #00022 table=page_001200_table_2 lag=   1.3ms active=5
[  22.198s] RECV #00019 table=page_000534_table_4 request= 3.255s scheduled= 3.256s status=ok active=4
[  22.389s] RECV #00014 table=page_001375_table_4 request=10.797s scheduled=10.798s status=ok active=3
[  22.578s] SEND #00023 table=page_000246_table_box_id_6 lag=   1.1ms active=4
[  23.059s] SEND #00024 table=page_001193_table_4 lag=   2.0ms active=5
[  23.302s] SEND #00025 table=page_001270_table_box_id_1 lag=   0.9ms active=6
[  23.357s] RECV #00023 table=page_000246_table_box_id_6 request= 0.779s scheduled= 0.780s status=ok active=5
[  23.593s] RECV #00021 table=page_000566_table_3 request= 4.594s scheduled= 4.594s status=ok active=4
[  23.851s] SEND #00026 table=page_000592_table_3 lag=   1.0ms active=5
[  23.880s] SEND #00027 table=page_000494_table_7 lag=   0.9ms active=6
[  24.131s] SEND #00028 table=page_000535_table_1 lag=   1.4ms active=7
[  24.415s] RECV #00020 table=page_001161_table_3 request= 5.441s scheduled= 5.442s status=ok active=6
[  24.707s] SEND #00029 table=page_001186_table_5 lag=   0.9ms active=7
[  25.314s] RECV #00029 table=page_001186_table_5 request= 0.608s scheduled= 0.608s status=ok active=6
[  25.392s] SEND #00030 table=page_001375_table_31 lag=   1.0ms active=7
[  25.597s] RECV #00024 table=page_001193_table_4 request= 2.538s scheduled= 2.540s status=ok active=6
[  25.658s] SEND #00031 table=page_000218_table_box_id_4 lag=   1.8ms active=7
[  25.800s] RECV #00030 table=page_001375_table_31 request= 0.408s scheduled= 0.409s status=ok active=6
[  25.920s] SEND #00032 table=page_001368_table_box_id_278 lag=   1.5ms active=7
[  26.166s] SEND #00033 table=page_001180_table_15 lag=   0.7ms active=8
[  26.518s] RECV #00032 table=page_001368_table_box_id_278 request= 0.598s scheduled= 0.600s status=ok active=7
[  26.607s] RECV #00027 table=page_000494_table_7 request= 2.727s scheduled= 2.727s status=ok active=6
[  26.783s] SEND #00034 table=page_000266_table_box_id_9 lag=   1.9ms active=7
[  27.124s] SEND #00035 table=page_000762_table_5 lag=   1.5ms active=8
[  27.145s] SEND #00036 table=page_000499_table_0 lag=   0.7ms active=9
[  27.511s] RECV #00028 table=page_000535_table_1 request= 3.380s scheduled= 3.382s status=ok active=8
[  27.784s] RECV #00035 table=page_000762_table_5 request= 0.660s scheduled= 0.661s status=ok active=7
[  27.894s] RECV #00033 table=page_001180_table_15 request= 1.728s scheduled= 1.728s status=ok active=6
[  28.160s] RECV #00034 table=page_000266_table_box_id_9 request= 1.377s scheduled= 1.379s status=ok active=5
[  28.963s] SEND #00037 table=page_000642_table_8 lag=   1.0ms active=6
[  29.043s] RECV #00022 table=page_001200_table_2 request= 9.264s scheduled= 9.265s status=ok active=5
[  29.762s] RECV #00036 table=page_000499_table_0 request= 2.617s scheduled= 2.617s status=ok active=4
[  29.777s] SEND #00038 table=page_000659_table_5 lag=   1.4ms active=5
[  29.992s] RECV #00038 table=page_000659_table_5 request= 0.215s scheduled= 0.217s status=ok active=4
[  30.001s] RECV #00031 table=page_000218_table_box_id_4 request= 4.343s scheduled= 4.345s status=ok active=3
[  30.805s] SEND #00039 table=page_001128_table_2 lag=   1.4ms active=4
[  31.010s] SEND #00040 table=page_001176_table_4 lag=   1.2ms active=5
[  31.603s] RECV #00025 table=page_001270_table_box_id_1 request= 8.301s scheduled= 8.302s status=ok active=4
[  31.887s] RECV #00026 table=page_000592_table_3 request= 8.037s scheduled= 8.038s status=ok active=3
[  34.787s] RECV #00037 table=page_000642_table_8 request= 5.824s scheduled= 5.825s status=ok active=2
[  35.646s] RECV #00039 table=page_001128_table_2 request= 4.842s scheduled= 4.843s status=ok active=1
[  35.909s] SEND #00041 table=page_001154_table_10 lag=   1.2ms active=2
[  36.517s] RECV #00040 table=page_001176_table_4 request= 5.507s scheduled= 5.508s status=ok active=1
[  37.875s] SEND #00042 table=page_000467_table_17 lag=   2.0ms active=2
[  38.003s] SEND #00043 table=page_000647_table_3 lag=   0.5ms active=3
[  38.295s] RECV #00043 table=page_000647_table_3 request= 0.292s scheduled= 0.292s status=ok active=2
[  38.407s] SEND #00044 table=page_001493_table_box_id_13 lag=   0.6ms active=3
[  38.706s] RECV #00041 table=page_001154_table_10 request= 2.797s scheduled= 2.798s status=ok active=2
[  39.687s] SEND #00045 table=page_000605_table_3 lag=   2.1ms active=3
[  39.943s] RECV #00045 table=page_000605_table_3 request= 0.256s scheduled= 0.258s status=ok active=2
[  40.421s] RECV #00044 table=page_001493_table_box_id_13 request= 2.014s scheduled= 2.015s status=ok active=1
[  40.928s] SEND #00046 table=page_001117_table_box_id_17 lag=   1.4ms active=2
[  41.537s] RECV #00046 table=page_001117_table_box_id_17 request= 0.609s scheduled= 0.610s status=ok active=1
[  43.686s] SEND #00047 table=page_000509_table_0 lag=   2.9ms active=2
[  44.233s] SEND #00048 table=page_000565_table_1 lag=   1.4ms active=3
[  44.531s] RECV #00042 table=page_000467_table_17 request= 6.655s scheduled= 6.657s status=ok active=2
[  46.006s] SEND #00049 table=page_000841_table_22 lag=   2.5ms active=3
[  46.391s] RECV #00049 table=page_000841_table_22 request= 0.385s scheduled= 0.388s status=ok active=2
[  46.621s] RECV #00048 table=page_000565_table_1 request= 2.388s scheduled= 2.390s status=ok active=1
[  47.114s] SEND #00050 table=page_000922_table_12 lag=   1.0ms active=2
[  47.475s] SEND #00051 table=page_001169_table_11 lag=   0.9ms active=3
[  48.362s] SEND #00052 table=page_000287_table_box_id_8 lag=   2.1ms active=4
[  48.503s] RECV #00051 table=page_001169_table_11 request= 1.028s scheduled= 1.029s status=ok active=3
[  49.459s] RECV #00050 table=page_000922_table_12 request= 2.345s scheduled= 2.346s status=ok active=2
[  49.833s] RECV #00047 table=page_000509_table_0 request= 6.148s scheduled= 6.151s status=ok active=1
[  50.503s] SEND #00053 table=page_000246_table_box_id_6 lag=   1.7ms active=2
[  51.164s] RECV #00053 table=page_000246_table_box_id_6 request= 0.661s scheduled= 0.663s status=ok active=1
[  52.375s] SEND #00054 table=page_000737_table_6 lag=   2.0ms active=2
[  53.079s] SEND #00055 table=page_000250_table_box-stnne6dt lag=   1.9ms active=3
[  53.566s] RECV #00054 table=page_000737_table_6 request= 1.191s scheduled= 1.193s status=ok active=2
[  53.967s] SEND #00056 table=page_000647_table_6 lag=   0.6ms active=3
[  54.002s] SEND #00057 table=page_000652_table_2 lag=   0.7ms active=4
[  54.281s] SEND #00058 table=page_001367_table_70 lag=   1.4ms active=5
[  54.600s] RECV #00056 table=page_000647_table_6 request= 0.633s scheduled= 0.634s status=ok active=4
[  55.878s] SEND #00059 table=page_001368_table_box_id_163 lag=   1.6ms active=5
[  56.175s] RECV #00059 table=page_001368_table_box_id_163 request= 0.297s scheduled= 0.299s status=ok active=4
[  56.412s] SEND #00060 table=page_000468_table_1 lag=   1.4ms active=5
[  56.446s] RECV #00057 table=page_000652_table_2 request= 2.444s scheduled= 2.445s status=ok active=4
[  56.454s] RECV #00058 table=page_001367_table_70 request= 2.173s scheduled= 2.174s status=ok active=3
[  56.602s] SEND #00061 table=page_000838_table_4 lag=   1.4ms active=4
[  57.038s] RECV #00061 table=page_000838_table_4 request= 0.436s scheduled= 0.437s status=ok active=3
[  57.332s] RECV #00060 table=page_000468_table_1 request= 0.920s scheduled= 0.921s status=ok active=2
[  57.398s] SEND #00062 table=page_000665_table_3 lag=   1.1ms active=3
[  57.608s] RECV #00062 table=page_000665_table_3 request= 0.210s scheduled= 0.211s status=ok active=2
[  58.613s] SEND #00063 table=page_001595_table_box_id_14 lag=   2.2ms active=3
[  59.735s] SEND #00064 table=page_000818_table_1 lag=   1.9ms active=4
[  60.203s] SEND #00065 table=page_000937_table_0 lag=   0.4ms active=5
[  60.521s] RECV #00064 table=page_000818_table_1 request= 0.786s scheduled= 0.788s status=ok active=4
[  60.782s] SEND #00066 table=page_000222_table_box_id_1 lag=   0.8ms active=5
[  61.093s] RECV #00055 table=page_000250_table_box-stnne6dt request= 8.014s scheduled= 8.016s status=ok active=4
[  61.492s] SEND #00067 table=page_000744_table_11 lag=   1.0ms active=5
[  61.957s] RECV #00063 table=page_001595_table_box_id_14 request= 3.344s scheduled= 3.346s status=ok active=4
[  62.065s] RECV #00065 table=page_000937_table_0 request= 1.862s scheduled= 1.862s status=ok active=3
[  62.138s] RECV #00067 table=page_000744_table_11 request= 0.646s scheduled= 0.647s status=ok active=2
[  62.816s] RECV #00066 table=page_000222_table_box_id_1 request= 2.035s scheduled= 2.035s status=ok active=1
[  62.999s] SEND #00068 table=page_000284_table_box_id_0 lag=   1.2ms active=2
[  63.735s] SEND #00069 table=page_000266_table_box_id_1 lag=   1.3ms active=3
[  64.235s] SEND #00070 table=page_001368_table_box_id_271 lag=   1.2ms active=4
[  64.907s] SEND #00071 table=page_000467_table_17 lag=   0.9ms active=5
[  64.937s] SEND #00072 table=page_000737_table_0 lag=   0.7ms active=6
[  64.981s] SEND #00073 table=page_000526_table_7 lag=   0.3ms active=7
[  65.342s] RECV #00052 table=page_000287_table_box_id_8 request=16.980s scheduled=16.982s status=ok active=6
[  65.501s] RECV #00069 table=page_000266_table_box_id_1 request= 1.766s scheduled= 1.767s status=ok active=5
[  65.510s] RECV #00070 table=page_001368_table_box_id_271 request= 1.275s scheduled= 1.276s status=ok active=4
[  66.197s] SEND #00074 table=page_001011_table_30 lag=   0.9ms active=5
[  66.605s] RECV #00073 table=page_000526_table_7 request= 1.624s scheduled= 1.624s status=ok active=4
[  70.283s] SEND #00075 table=page_000246_table_box_id_11 lag=   1.5ms active=5
[  71.182s] SEND #00076 table=page_000676_table_2 lag=   1.3ms active=6
[  71.344s] RECV #00072 table=page_000737_table_0 request= 6.406s scheduled= 6.407s status=ok active=5
[  71.683s] SEND #00077 table=page_001368_table_box_id_268 lag=   1.2ms active=6
[  71.869s] SEND #00078 table=page_000190_table_box_id_0 lag=   0.5ms active=7
[  71.903s] RECV #00077 table=page_001368_table_box_id_268 request= 0.221s scheduled= 0.222s status=ok active=6
[  72.567s] SEND #00079 table=page_001368_table_box_id_227 lag=   1.5ms active=7
[  72.600s] RECV #00075 table=page_000246_table_box_id_11 request= 2.317s scheduled= 2.319s status=ok active=6
[  73.038s] RECV #00078 table=page_000190_table_box_id_0 request= 1.170s scheduled= 1.170s status=ok active=5
[  75.573s] RECV #00074 table=page_001011_table_30 request= 9.376s scheduled= 9.377s status=ok active=4
[  75.732s] RECV #00079 table=page_001368_table_box_id_227 request= 3.164s scheduled= 3.166s status=ok active=3
[  75.832s] RECV #00071 table=page_000467_table_17 request=10.925s scheduled=10.926s status=ok active=2
[  76.589s] SEND #00080 table=page_001134_table_9 lag=   1.2ms active=3
[  77.480s] RECV #00076 table=page_000676_table_2 request= 6.297s scheduled= 6.298s status=ok active=2
[  78.061s] SEND #00081 table=page_000591_table_3 lag=   1.6ms active=3
[  78.837s] SEND #00082 table=page_000210_table_box_id_4 lag=   1.8ms active=4
[  80.048s] RECV #00082 table=page_000210_table_box_id_4 request= 1.212s scheduled= 1.213s status=ok active=3
[  80.117s] RECV #00081 table=page_000591_table_3 request= 2.056s scheduled= 2.057s status=ok active=2
[  80.805s] SEND #00083 table=page_000649_table_8 lag=   1.7ms active=3
[  81.068s] SEND #00084 table=page_000289_table_box_id_4 lag=   0.9ms active=4
[  81.790s] SEND #00085 table=page_001190_table_8 lag=   1.8ms active=5
[  81.986s] RECV #00068 table=page_000284_table_box_id_0 request=18.987s scheduled=18.988s status=ok active=4
[  82.305s] RECV #00083 table=page_000649_table_8 request= 1.500s scheduled= 1.502s status=ok active=3
[  82.637s] RECV #00080 table=page_001134_table_9 request= 6.048s scheduled= 6.050s status=ok active=2
[  84.838s] SEND #00086 table=page_000211_table_box_id_3 lag=   3.2ms active=3
[  85.699s] SEND #00087 table=page_001182_table_3 lag=   1.7ms active=4
[  85.983s] RECV #00085 table=page_001190_table_8 request= 4.193s scheduled= 4.195s status=ok active=3
[  86.312s] SEND #00088 table=page_000242_table_box-mhg591pb lag=   0.7ms active=4
[  86.626s] SEND #00089 table=page_001274_table_4 lag=   1.0ms active=5
[  87.421s] SEND #00090 table=page_001177_table_2 lag=   1.1ms active=6
[  88.510s] RECV #00086 table=page_000211_table_box_id_3 request= 3.672s scheduled= 3.676s status=ok active=5
[  88.979s] RECV #00087 table=page_001182_table_3 request= 3.281s scheduled= 3.282s status=ok active=4
[  89.102s] RECV #00088 table=page_000242_table_box-mhg591pb request= 2.790s scheduled= 2.791s status=ok active=3
[  90.570s] SEND #00091 table=page_001202_table_3 lag=   1.7ms active=4
[  90.575s] SEND #00092 table=page_001158_table_3 lag=   1.0ms active=5
[  90.894s] RECV #00090 table=page_001177_table_2 request= 3.473s scheduled= 3.474s status=ok active=4
[  92.107s] SEND #00093 table=page_000641_table_8 lag=   1.9ms active=5
[  92.793s] RECV #00092 table=page_001158_table_3 request= 2.218s scheduled= 2.219s status=ok active=4
[  93.034s] RECV #00093 table=page_000641_table_8 request= 0.926s scheduled= 0.928s status=ok active=3
[  93.823s] SEND #00094 table=page_000657_table_6 lag=   0.4ms active=4
[  94.042s] RECV #00094 table=page_000657_table_6 request= 0.218s scheduled= 0.219s status=ok active=3
[  95.999s] SEND #00095 table=page_000626_table_box_id_4 lag=   2.9ms active=4
[  96.105s] RECV #00091 table=page_001202_table_3 request= 5.535s scheduled= 5.537s status=ok active=3
[  97.347s] SEND #00096 table=page_000829_table_4 lag=   2.3ms active=4
[  98.322s] RECV #00096 table=page_000829_table_4 request= 0.975s scheduled= 0.977s status=ok active=3
[  99.002s] SEND #00097 table=page_000468_table_11 lag=   1.2ms active=4
[  99.734s] SEND #00098 table=page_000434_table_16 lag=   1.7ms active=5
[  99.978s] RECV #00097 table=page_000468_table_11 request= 0.976s scheduled= 0.977s status=ok active=4
[ 100.558s] SEND #00099 table=page_001175_table_2 lag=   1.5ms active=5
[ 100.982s] RECV #00098 table=page_000434_table_16 request= 1.248s scheduled= 1.250s status=ok active=4
[ 101.113s] SEND #00100 table=page_001230_table_box_id_1 lag=   0.9ms active=5
[ 103.232s] RECV #00100 table=page_001230_table_box_id_1 request= 2.119s scheduled= 2.120s status=ok active=4
[ 104.541s] RECV #00099 table=page_001175_table_2 request= 3.983s scheduled= 3.984s status=ok active=3
[ 105.774s] RECV #00084 table=page_000289_table_box_id_4 request=24.705s scheduled=24.706s status=ok active=2
[ 108.193s] RECV #00089 table=page_001274_table_4 request=21.566s scheduled=21.567s status=ok active=1
[ 109.233s] RECV #00095 table=page_000626_table_box_id_4 request=13.234s scheduled=13.237s status=ok active=0
DONE completed=100 failed=0 max_active=9 p50=2.328s p95=11.041s max=24.706s
Summary: tmp/09_persistent_page_engine/table_vllm_poisson100_qps1_budget8192_65ba3ff1_20260908/measured/summary.json
