Loading weights:   0%|          | 0/961 [00:00<?, ?it/s]Loading weights:  53%|█████▎    | 509/961 [00:00<00:00, 5084.48it/s]Loading weights: 100%|██████████| 961/961 [00:00<00:00, 5201.35it/s]
/usr/local/python3.12.13/lib/python3.12/site-packages/transformers/models/pp_doclayout_v2/modeling_pp_doclayout_v2.py:2088: UserWarning: Cannot create tensor with interal format while allow_internel_format=False, tensor will be created with base format. (Triggered internally at ../torch_npu/csrc/aten/common/TensorFactories.cpp:340.)
  wh = torch.ones_like(grid_xy) * grid_size * (2.0**level)
UNION_CROP_PAGE 1/128 blocks=6 current_groups=0 intended_groups=0
UNION_CROP_PAGE 2/128 blocks=8 current_groups=0 intended_groups=0
UNION_CROP_PAGE 3/128 blocks=12 current_groups=0 intended_groups=0
UNION_CROP_PAGE 4/128 blocks=6 current_groups=0 intended_groups=0
UNION_CROP_PAGE 5/128 blocks=7 current_groups=0 intended_groups=0
UNION_CROP_PAGE 6/128 blocks=5 current_groups=0 intended_groups=0
UNION_CROP_PAGE 7/128 blocks=5 current_groups=0 intended_groups=0
UNION_CROP_PAGE 8/128 blocks=5 current_groups=0 intended_groups=0
UNION_CROP_PAGE 9/128 blocks=9 current_groups=0 intended_groups=0
UNION_CROP_PAGE 10/128 blocks=2 current_groups=0 intended_groups=0
UNION_CROP_PAGE 11/128 blocks=5 current_groups=0 intended_groups=0
UNION_CROP_PAGE 12/128 blocks=7 current_groups=0 intended_groups=0
UNION_CROP_PAGE 13/128 blocks=5 current_groups=0 intended_groups=0
UNION_CROP_PAGE 14/128 blocks=4 current_groups=0 intended_groups=0
UNION_CROP_PAGE 15/128 blocks=6 current_groups=0 intended_groups=0
UNION_CROP_PAGE 16/128 blocks=4 current_groups=0 intended_groups=0
UNION_CROP_PAGE 17/128 blocks=5 current_groups=0 intended_groups=0
UNION_CROP_PAGE 18/128 blocks=5 current_groups=0 intended_groups=0
UNION_CROP_PAGE 19/128 blocks=4 current_groups=0 intended_groups=0
UNION_CROP_PAGE 20/128 blocks=7 current_groups=0 intended_groups=0
UNION_CROP_PAGE 21/128 blocks=5 current_groups=0 intended_groups=0
UNION_CROP_PAGE 22/128 blocks=7 current_groups=0 intended_groups=0
UNION_CROP_PAGE 23/128 blocks=10 current_groups=0 intended_groups=0
UNION_CROP_PAGE 24/128 blocks=13 current_groups=0 intended_groups=2
UNION_CROP_PAGE 25/128 blocks=6 current_groups=0 intended_groups=0
UNION_CROP_PAGE 26/128 blocks=8 current_groups=0 intended_groups=0
UNION_CROP_PAGE 27/128 blocks=6 current_groups=0 intended_groups=0
UNION_CROP_PAGE 28/128 blocks=8 current_groups=0 intended_groups=0
UNION_CROP_PAGE 29/128 blocks=9 current_groups=0 intended_groups=0
UNION_CROP_PAGE 30/128 blocks=5 current_groups=0 intended_groups=0
UNION_CROP_PAGE 31/128 blocks=5 current_groups=0 intended_groups=0
UNION_CROP_PAGE 32/128 blocks=4 current_groups=0 intended_groups=0
UNION_CROP_PAGE 33/128 blocks=7 current_groups=0 intended_groups=0
UNION_CROP_PAGE 34/128 blocks=2 current_groups=0 intended_groups=0
UNION_CROP_PAGE 35/128 blocks=7 current_groups=0 intended_groups=0
UNION_CROP_PAGE 36/128 blocks=4 current_groups=0 intended_groups=0
UNION_CROP_PAGE 37/128 blocks=9 current_groups=0 intended_groups=0
UNION_CROP_PAGE 38/128 blocks=3 current_groups=0 intended_groups=0
UNION_CROP_PAGE 39/128 blocks=6 current_groups=0 intended_groups=0
UNION_CROP_PAGE 40/128 blocks=6 current_groups=0 intended_groups=0
UNION_CROP_PAGE 41/128 blocks=6 current_groups=0 intended_groups=0
UNION_CROP_PAGE 42/128 blocks=2 current_groups=0 intended_groups=0
UNION_CROP_PAGE 43/128 blocks=2 current_groups=0 intended_groups=0
UNION_CROP_PAGE 44/128 blocks=6 current_groups=0 intended_groups=0
UNION_CROP_PAGE 45/128 blocks=11 current_groups=0 intended_groups=0
UNION_CROP_PAGE 46/128 blocks=9 current_groups=0 intended_groups=0
UNION_CROP_PAGE 47/128 blocks=1 current_groups=0 intended_groups=0
UNION_CROP_PAGE 48/128 blocks=1 current_groups=0 intended_groups=0
UNION_CROP_PAGE 49/128 blocks=3 current_groups=0 intended_groups=0
UNION_CROP_PAGE 50/128 blocks=11 current_groups=0 intended_groups=0
UNION_CROP_PAGE 51/128 blocks=7 current_groups=0 intended_groups=0
UNION_CROP_PAGE 52/128 blocks=11 current_groups=0 intended_groups=0
UNION_CROP_PAGE 53/128 blocks=10 current_groups=0 intended_groups=0
UNION_CROP_PAGE 54/128 blocks=12 current_groups=0 intended_groups=0
UNION_CROP_PAGE 55/128 blocks=6 current_groups=0 intended_groups=0
UNION_CROP_PAGE 56/128 blocks=9 current_groups=0 intended_groups=0
UNION_CROP_PAGE 57/128 blocks=7 current_groups=0 intended_groups=0
UNION_CROP_PAGE 58/128 blocks=5 current_groups=0 intended_groups=0
UNION_CROP_PAGE 59/128 blocks=7 current_groups=0 intended_groups=0
UNION_CROP_PAGE 60/128 blocks=9 current_groups=0 intended_groups=0
UNION_CROP_PAGE 61/128 blocks=5 current_groups=0 intended_groups=0
UNION_CROP_PAGE 62/128 blocks=3 current_groups=0 intended_groups=0
UNION_CROP_PAGE 63/128 blocks=5 current_groups=0 intended_groups=0
UNION_CROP_PAGE 64/128 blocks=10 current_groups=0 intended_groups=0
UNION_CROP_PAGE 65/128 blocks=5 current_groups=0 intended_groups=0
UNION_CROP_PAGE 66/128 blocks=3 current_groups=0 intended_groups=0
UNION_CROP_PAGE 67/128 blocks=4 current_groups=0 intended_groups=0
UNION_CROP_PAGE 68/128 blocks=6 current_groups=0 intended_groups=0
UNION_CROP_PAGE 69/128 blocks=16 current_groups=0 intended_groups=0
UNION_CROP_PAGE 70/128 blocks=6 current_groups=0 intended_groups=0
UNION_CROP_PAGE 71/128 blocks=8 current_groups=0 intended_groups=0
UNION_CROP_PAGE 72/128 blocks=9 current_groups=0 intended_groups=0
UNION_CROP_PAGE 73/128 blocks=14 current_groups=0 intended_groups=0
UNION_CROP_PAGE 74/128 blocks=7 current_groups=0 intended_groups=1
UNION_CROP_PAGE 75/128 blocks=7 current_groups=0 intended_groups=0
UNION_CROP_PAGE 76/128 blocks=12 current_groups=0 intended_groups=1
UNION_CROP_PAGE 77/128 blocks=15 current_groups=0 intended_groups=0
UNION_CROP_PAGE 78/128 blocks=18 current_groups=0 intended_groups=0
UNION_CROP_PAGE 79/128 blocks=8 current_groups=0 intended_groups=0
UNION_CROP_PAGE 80/128 blocks=10 current_groups=0 intended_groups=0
UNION_CROP_PAGE 81/128 blocks=5 current_groups=0 intended_groups=0
UNION_CROP_PAGE 82/128 blocks=4 current_groups=0 intended_groups=0
UNION_CROP_PAGE 83/128 blocks=6 current_groups=0 intended_groups=0
UNION_CROP_PAGE 84/128 blocks=5 current_groups=0 intended_groups=0
UNION_CROP_PAGE 85/128 blocks=2 current_groups=0 intended_groups=0
UNION_CROP_PAGE 86/128 blocks=3 current_groups=0 intended_groups=0
UNION_CROP_PAGE 87/128 blocks=4 current_groups=0 intended_groups=0
UNION_CROP_PAGE 88/128 blocks=2 current_groups=0 intended_groups=0
UNION_CROP_PAGE 89/128 blocks=5 current_groups=0 intended_groups=0
UNION_CROP_PAGE 90/128 blocks=6 current_groups=0 intended_groups=0
UNION_CROP_PAGE 91/128 blocks=4 current_groups=0 intended_groups=0
UNION_CROP_PAGE 92/128 blocks=4 current_groups=0 intended_groups=0
UNION_CROP_PAGE 93/128 blocks=6 current_groups=0 intended_groups=0
UNION_CROP_PAGE 94/128 blocks=9 current_groups=0 intended_groups=0
UNION_CROP_PAGE 95/128 blocks=6 current_groups=0 intended_groups=0
UNION_CROP_PAGE 96/128 blocks=8 current_groups=0 intended_groups=0
UNION_CROP_PAGE 97/128 blocks=6 current_groups=0 intended_groups=0
UNION_CROP_PAGE 98/128 blocks=3 current_groups=0 intended_groups=0
UNION_CROP_PAGE 99/128 blocks=3 current_groups=0 intended_groups=0
UNION_CROP_PAGE 100/128 blocks=7 current_groups=0 intended_groups=0
UNION_CROP_PAGE 101/128 blocks=4 current_groups=0 intended_groups=0
UNION_CROP_PAGE 102/128 blocks=8 current_groups=0 intended_groups=0
UNION_CROP_PAGE 103/128 blocks=20 current_groups=0 intended_groups=1
UNION_CROP_PAGE 104/128 blocks=11 current_groups=0 intended_groups=0
UNION_CROP_PAGE 105/128 blocks=3 current_groups=0 intended_groups=0
UNION_CROP_PAGE 106/128 blocks=3 current_groups=0 intended_groups=0
UNION_CROP_PAGE 107/128 blocks=3 current_groups=0 intended_groups=0
UNION_CROP_PAGE 108/128 blocks=6 current_groups=0 intended_groups=0
UNION_CROP_PAGE 109/128 blocks=8 current_groups=0 intended_groups=0
UNION_CROP_PAGE 110/128 blocks=12 current_groups=0 intended_groups=0
UNION_CROP_PAGE 111/128 blocks=17 current_groups=0 intended_groups=0
UNION_CROP_PAGE 112/128 blocks=22 current_groups=0 intended_groups=0
UNION_CROP_PAGE 113/128 blocks=9 current_groups=0 intended_groups=1
UNION_CROP_PAGE 114/128 blocks=18 current_groups=0 intended_groups=0
UNION_CROP_PAGE 115/128 blocks=14 current_groups=0 intended_groups=0
UNION_CROP_PAGE 116/128 blocks=22 current_groups=0 intended_groups=0
UNION_CROP_PAGE 117/128 blocks=18 current_groups=0 intended_groups=0
UNION_CROP_PAGE 118/128 blocks=3 current_groups=0 intended_groups=0
UNION_CROP_PAGE 119/128 blocks=14 current_groups=0 intended_groups=0
UNION_CROP_PAGE 120/128 blocks=3 current_groups=0 intended_groups=0
UNION_CROP_PAGE 121/128 blocks=9 current_groups=0 intended_groups=0
UNION_CROP_PAGE 122/128 blocks=15 current_groups=0 intended_groups=0
UNION_CROP_PAGE 123/128 blocks=20 current_groups=0 intended_groups=0
UNION_CROP_PAGE 124/128 blocks=14 current_groups=0 intended_groups=0
UNION_CROP_PAGE 125/128 blocks=17 current_groups=0 intended_groups=0
UNION_CROP_PAGE 126/128 blocks=14 current_groups=0 intended_groups=0
UNION_CROP_PAGE 127/128 blocks=17 current_groups=0 intended_groups=0
UNION_CROP_PAGE 128/128 blocks=13 current_groups=0 intended_groups=0
UNION_CROP_SUMMARY {"current_changed_image_count": 0, "current_merge_s": 9.688998635858297, "current_multi_group_count": 0, "intended_member_count_histogram": {"2": 6}, "intended_merge_s": 8.002313165226951, "intended_multi_group_count": 6, "layout_s": 12.677053672028705, "mean_union_foreign_overlap_fraction": 0.0709161934638042, "mean_union_uncovered_fraction": 0.24532933769734844, "mean_union_uncovered_ink_fraction": 0.0639883933131865, "page_count": 128, "total_blocks": 988, "union_groups_with_foreign_overlap": 5, "union_groups_with_uncovered_ink_gt_0_1pct": 5, "union_pixel_exact_group_count": 0, "union_same_shape_group_count": 1}
