PREFILL {"phase": "model_load_start"}
PREFILL {"phase": "model_load_finish"}
PREFILL {"phase": "case_start", "name": "0_hf4571_smoke_b25734d4_image_01"}
/workspace/repos/paddle_ocr_vl_npu/21_colqwen3_4b_inference/bench_prepared_prefill.py:67: UserWarning: Cannot create tensor with interal format while allow_internel_format=False, tensor will be created with base format. (Triggered internally at ../torch_npu/csrc/aten/common/TensorFactories.cpp:340.)
  batch['attention_mask'] = torch.ones_like(batch['input_ids'])
PREFILL {"phase": "prepared_eager_pass", "name": "0_hf4571_smoke_b25734d4_image_01", "comparison": {"shape": [1, 142, 2560], "finite": true, "exact": true, "max_abs": 0.0, "mean_abs": 0.0, "rmse": 0.0, "cosine": 1.0000000000000118, "atol": 0.002, "rtol": 0.002, "passed": true}}
PREFILL {"phase": "cache_wrapper_start", "stage": "vision", "path": ".runtime_cache/21_colqwen3/prepared/vision_1e3fdaa8af4c2da5b6cc945c", "om_present_before": false}
PREFILL {"phase": "cache_wrapper_finish", "stage": "vision", "seconds": 0.0005623400211334229}
PREFILL {"phase": "graph_first_call_start", "stage": "vision", "name": "0_hf4571_smoke_b25734d4_image_01"}
PREFILL {"phase": "graph_first_call_finish", "stage": "vision", "name": "0_hf4571_smoke_b25734d4_image_01", "seconds": 25.752717080060393}
PREFILL {"phase": "stage_measured", "name": "0_hf4571_smoke_b25734d4_image_01", "stage": "vision", "stats": {"input_shapes": [[512, 1024], [512, 64], [512, 64], [1, 1, 512, 512]], "eager": {"samples_s": [0.029665359994396567, 0.029587590135633945, 0.029666640097275376, 0.029533019987866282, 0.029500310076400638], "mean_ms": 29.590584058314562, "p50_ms": 29.587590135633945, "p90_ms": 29.666128056123853, "max_ms": 29.666640097275376, "repeats": 5, "real_tokens_per_s": 17302.801424635443}, "first_call_s": 25.752717080060393, "compiled_vs_prepared_eager": {"passed": true, "parts": [{"shape": [512, 1024], "finite": true, "exact": true, "max_abs": 0.0, "mean_abs": 0.0, "rmse": 0.0, "cosine": 1.0000000000000597, "atol": 0.002, "rtol": 0.002, "passed": true}, {"shape": [512, 1024], "finite": true, "exact": true, "max_abs": 0.0, "mean_abs": 0.0, "rmse": 0.0, "cosine": 1.0000000000000002, "atol": 0.002, "rtol": 0.002, "passed": true}, {"shape": [512, 1024], "finite": true, "exact": true, "max_abs": 0.0, "mean_abs": 0.0, "rmse": 0.0, "cosine": 1.0000000000000002, "atol": 0.002, "rtol": 0.002, "passed": true}, {"shape": [512, 1024], "finite": true, "exact": true, "max_abs": 0.0, "mean_abs": 0.0, "rmse": 0.0, "cosine": 1.0000000000000009, "atol": 0.002, "rtol": 0.002, "passed": true}]}, "compiled": {"samples_s": [0.008872990030795336, 0.008832819992676377, 0.008861029986292124, 0.008826039964333177, 0.008821710012853146], "mean_ms": 8.842917997390032, "p50_ms": 8.832819992676377, "p90_ms": 8.868206012994051, "max_ms": 8.872990030795336, "repeats": 5, "real_tokens_per_s": 57899.439998325855}, "warm_speedup": 3.3462465746089873}}
PREFILL {"phase": "cache_wrapper_start", "stage": "text", "path": ".runtime_cache/21_colqwen3/prepared/text_5304f8182d47bb037a68905e", "om_present_before": false}
PREFILL {"phase": "cache_wrapper_finish", "stage": "text", "seconds": 0.0007352100219577551}
PREFILL {"phase": "graph_first_call_start", "stage": "text", "name": "0_hf4571_smoke_b25734d4_image_01"}
.PREFILL {"phase": "graph_first_call_finish", "stage": "text", "name": "0_hf4571_smoke_b25734d4_image_01", "seconds": 46.68023464991711}
PREFILL {"phase": "stage_measured", "name": "0_hf4571_smoke_b25734d4_image_01", "stage": "text", "stats": {"input_shapes": [[1, 142, 2560], [1, 142, 128], [1, 142, 128], [1, 1, 142, 142], [1, 142, 2560], [1, 142, 2560], [1, 142, 2560]], "eager": {"samples_s": [0.07684175996109843, 0.07368521997705102, 0.07359724002890289, 0.07357990997843444, 0.07377961999736726], "mean_ms": 74.29674998857081, "p50_ms": 73.68521997705102, "p90_ms": 75.61690397560596, "max_ms": 76.84175996109843, "repeats": 5, "real_tokens_per_s": 1911.2545302700871}, "first_call_s": 46.68023464991711, "compiled_vs_prepared_eager": {"shape": [1, 142, 2560], "finite": true, "exact": true, "max_abs": 0.0, "mean_abs": 0.0, "rmse": 0.0, "cosine": 1.000000000000004, "atol": 0.002, "rtol": 0.002, "passed": true}, "compiled": {"samples_s": [0.02166141988709569, 0.02157763997092843, 0.0216330299153924, 0.021583119872957468, 0.02159379981458187], "mean_ms": 21.60980189219117, "p50_ms": 21.59379981458187, "p90_ms": 21.650063898414373, "max_ms": 21.66141988709569, "repeats": 5, "real_tokens_per_s": 6571.092169582199}, "warm_speedup": 3.438104169544394}}
PREFILL {"phase": "case_finish", "name": "0_hf4571_smoke_b25734d4_image_01", "status": "passed", "comparison": {"shape": [1, 142, 2560], "finite": true, "exact": true, "max_abs": 0.0, "mean_abs": 0.0, "rmse": 0.0, "cosine": 1.0000000000000118, "atol": 0.002, "rtol": 0.002, "passed": true}}
PREFILL {"phase": "case_start", "name": "1_vidore_smoke_247c121b_image_01"}
PREFILL {"phase": "prepared_eager_pass", "name": "1_vidore_smoke_247c121b_image_01", "comparison": {"shape": [1, 1254, 2560], "finite": true, "exact": true, "max_abs": 0.0, "mean_abs": 0.0, "rmse": 0.0, "cosine": 1.0000000000001599, "atol": 0.002, "rtol": 0.002, "passed": true}}
PREFILL {"phase": "cache_wrapper_start", "stage": "vision", "path": ".runtime_cache/21_colqwen3/prepared/vision_40b4dcf08b6aeef280132cfb", "om_present_before": false}
PREFILL {"phase": "cache_wrapper_finish", "stage": "vision", "seconds": 0.0005626101046800613}
PREFILL {"phase": "graph_first_call_start", "stage": "vision", "name": "1_vidore_smoke_247c121b_image_01"}
..PREFILL {"phase": "graph_first_call_finish", "stage": "vision", "name": "1_vidore_smoke_247c121b_image_01", "seconds": 37.27148096007295}
PREFILL {"phase": "stage_measured", "name": "1_vidore_smoke_247c121b_image_01", "stage": "vision", "stats": {"input_shapes": [[4960, 1024], [4960, 64], [4960, 64], [1, 1, 4960, 4960]], "eager": {"samples_s": [0.309995980001986, 0.30992947006598115, 0.30987205007113516, 0.3099299499299377, 0.3095436899457127], "mean_ms": 309.85422800295055, "p50_ms": 309.92947006598115, "p90_ms": 309.9695679731667, "max_ms": 309.995980001986, "repeats": 5, "real_tokens_per_s": 16007.527255535042}, "first_call_s": 37.27148096007295, "compiled_vs_prepared_eager": {"passed": false, "parts": [{"shape": [4960, 1024], "finite": true, "exact": false, "max_abs": 276.0, "mean_abs": 0.022541120648384094, "rmse": 0.31383976340293884, "cosine": 0.9999730655749535, "atol": 0.002, "rtol": 0.002, "passed": false}, {"shape": [4960, 1024], "finite": true, "exact": false, "max_abs": 0.015625, "mean_abs": 0.00030441361013799906, "rmse": 0.0004408149397931993, "cosine": 0.9999996290262056, "atol": 0.002, "rtol": 0.002, "passed": false}, {"shape": [4960, 1024], "finite": true, "exact": false, "max_abs": 2.375, "mean_abs": 0.0004725398903246969, "rmse": 0.002543465234339237, "cosine": 0.9999963504780953, "atol": 0.002, "rtol": 0.002, "passed": false}, {"shape": [4960, 1024], "finite": true, "exact": false, "max_abs": 2.375, "mean_abs": 0.001942371134646237, "rmse": 0.005149465054273605, "cosine": 0.9999948829310004, "atol": 0.002, "rtol": 0.002, "passed": false}]}, "compiled": {"samples_s": [0.2714402701240033, 0.2713062399998307, 0.2713188498746604, 0.27130144997499883, 0.2720770100131631], "mean_ms": 271.48876399733126, "p50_ms": 271.3188498746604, "p90_ms": 271.82231405749917, "max_ms": 272.0770100131631, "repeats": 5, "real_tokens_per_s": 18269.632698496345}, "warm_speedup": 1.1413151080020256}}
PREFILL {"phase": "cache_wrapper_start", "stage": "text", "path": ".runtime_cache/21_colqwen3/prepared/text_0cb2eb02ee692f1f9f9abf56", "om_present_before": false}
PREFILL {"phase": "cache_wrapper_finish", "stage": "text", "seconds": 0.0006699699442833662}
PREFILL {"phase": "graph_first_call_start", "stage": "text", "name": "1_vidore_smoke_247c121b_image_01"}
...PREFILL {"phase": "graph_first_call_finish", "stage": "text", "name": "1_vidore_smoke_247c121b_image_01", "seconds": 73.36833937000483}
PREFILL {"phase": "stage_measured", "name": "1_vidore_smoke_247c121b_image_01", "stage": "text", "stats": {"input_shapes": [[1, 1254, 2560], [1, 1254, 128], [1, 1254, 128], [1, 1, 1254, 1254], [1, 1254, 2560], [1, 1254, 2560], [1, 1254, 2560]], "eager": {"samples_s": [0.1198456899728626, 0.11982105998322368, 0.11983802006579936, 0.11979381996206939, 0.11983058019541204], "mean_ms": 119.82583403587341, "p50_ms": 119.83058019541204, "p90_ms": 119.8426220100373, "max_ms": 119.8456899728626, "repeats": 5, "real_tokens_per_s": 10465.18899776302}, "first_call_s": 73.36833937000483, "compiled_vs_prepared_eager": {"shape": [1, 1254, 2560], "finite": true, "exact": true, "max_abs": 0.0, "mean_abs": 0.0, "rmse": 0.0, "cosine": 1.0000000000001719, "atol": 0.002, "rtol": 0.002, "passed": true}, "compiled": {"samples_s": [0.10179957002401352, 0.10169388982467353, 0.10174758010543883, 0.1017317499499768, 0.1016591798979789], "mean_ms": 101.72639396041632, "p50_ms": 101.7317499499768, "p90_ms": 101.77877405658364, "max_ms": 101.79957002401352, "repeats": 5, "real_tokens_per_s": 12327.184235862675}, "warm_speedup": 1.1779227530910015}}
PREFILL {"phase": "case_finish", "name": "1_vidore_smoke_247c121b_image_01", "status": "failed", "comparison": {"shape": [1, 1254, 2560], "finite": true, "exact": false, "max_abs": 0.05752849578857422, "mean_abs": 0.0002542188158258796, "rmse": 0.0009218088816851377, "cosine": 0.9989123296093558, "atol": 0.002, "rtol": 0.002, "passed": false}}
PREFILL {"phase": "finished", "status": "failed"}
Traceback (most recent call last):
  File "/workspace/repos/paddle_ocr_vl_npu/21_colqwen3_4b_inference/bench_prepared_prefill.py", line 205, in <module>
    main()
  File "/workspace/repos/paddle_ocr_vl_npu/21_colqwen3_4b_inference/bench_prepared_prefill.py", line 195, in main
    run(args, result)
  File "/usr/local/python3.12.13/lib/python3.12/site-packages/torch/utils/_contextlib.py", line 124, in decorate_context
    return func(*args, **kwargs)
           ^^^^^^^^^^^^^^^^^^^^^
  File "/workspace/repos/paddle_ocr_vl_npu/21_colqwen3_4b_inference/bench_prepared_prefill.py", line 157, in run
    raise RuntimeError('Compiled embedding parity failed; do not accept speed results')
RuntimeError: Compiled embedding parity failed; do not accept speed results
[ERROR] 2026-10-01-18:55:22 (PID:52116, Device:0, RankID:-1) ERR99999 UNKNOWN applicaiton exception
