OCR API ready worker_pid=114124; preparing table crops in RAM
Frozen ALL cohort: 665 tables (121 LaTeX, 544 non-LaTeX)
Scheduled 100 Poisson arrivals at 6 QPS; request limit=100; last scheduled arrival at 16.852s; HTTP endpoint=http://127.0.0.1:8767/v1/ocr
Writing each completion to tmp/19_table_ocr_serving/logging_20260913/control/b8/measured/results/results.jsonl
[   0.025s] SEND #00001 table=page_000287_table_box_id_8 lag=   1.1ms active=1
[   0.339s] SEND #00002 table=page_001367_table_51 lag=   1.3ms active=2
[   0.580s] SEND #00003 table=page_000236_table_box_id_1 lag=   2.0ms active=3
[   0.628s] SEND #00004 table=page_000634_table_11 lag=   0.7ms active=4
[   0.742s] SEND #00005 table=page_000272_table_box_id_1 lag=   0.6ms active=5
[   0.842s] SEND #00006 table=page_001172_table_16 lag=   1.4ms active=6
[   1.017s] SEND #00007 table=page_001137_table_2 lag=   0.7ms active=7
[   1.276s] SEND #00008 table=page_001150_table_box_id_9 lag=   0.7ms active=8
[   1.277s] RECV #00003 table=page_000236_table_box_id_1 request= 0.697s scheduled= 0.700s status=ok active=7
[   1.293s] SEND #00009 table=page_000920_table_8 lag=   1.1ms active=8
[   1.297s] SEND #00010 table=page_000524_table_0 lag=   0.7ms active=9
[   1.506s] RECV #00002 table=page_001367_table_51 request= 1.167s scheduled= 1.168s status=ok active=8
[   1.598s] SEND #00011 table=page_000256_table_box_id_8 lag=   0.7ms active=9
[   1.599s] RECV #00006 table=page_001172_table_16 request= 0.757s scheduled= 0.759s status=ok active=8
[   1.693s] SEND #00012 table=page_001166_table_9 lag=   0.6ms active=9
[   1.812s] RECV #00009 table=page_000920_table_8 request= 0.519s scheduled= 0.520s status=ok active=8
[   1.862s] RECV #00004 table=page_000634_table_11 request= 1.234s scheduled= 1.235s status=ok active=7
[   1.933s] SEND #00013 table=page_000211_table_box_id_3 lag=   1.0ms active=8
[   1.933s] SEND #00014 table=page_000933_table_10 lag=   1.0ms active=9
[   2.030s] SEND #00015 table=page_001129_table_8 lag=   0.3ms active=10
[   2.130s] RECV #00011 table=page_000256_table_box_id_8 request= 0.532s scheduled= 0.533s status=ok active=9
[   2.222s] RECV #00012 table=page_001166_table_9 request= 0.530s scheduled= 0.530s status=ok active=8
[   2.244s] SEND #00016 table=page_001375_table_7 lag=   0.6ms active=9
[   2.288s] SEND #00017 table=page_000106_table_box_id_2 lag=   1.0ms active=10
[   2.298s] RECV #00014 table=page_000933_table_10 request= 0.365s scheduled= 0.366s status=ok active=9
[   2.311s] RECV #00008 table=page_001150_table_box_id_9 request= 1.035s scheduled= 1.035s status=ok active=8
[   2.608s] RECV #00016 table=page_001375_table_7 request= 0.365s scheduled= 0.365s status=ok active=7
[   2.628s] RECV #00007 table=page_001137_table_2 request= 1.611s scheduled= 1.611s status=ok active=6
[   2.772s] SEND #00018 table=page_001134_table_10 lag=   1.5ms active=7
[   2.952s] RECV #00010 table=page_000524_table_0 request= 1.655s scheduled= 1.655s status=ok active=6
[   2.991s] RECV #00013 table=page_000211_table_box_id_3 request= 1.059s scheduled= 1.060s status=ok active=5
[   3.123s] RECV #00017 table=page_000106_table_box_id_2 request= 0.835s scheduled= 0.836s status=ok active=4
[   3.157s] SEND #00019 table=page_000642_table_8 lag=   0.4ms active=5
[   3.163s] SEND #00020 table=page_000564_table_7 lag=   1.0ms active=6
[   3.167s] SEND #00021 table=page_001368_table_box_id_242 lag=   0.5ms active=7
[   3.297s] SEND #00022 table=page_000263_table_box_id_7 lag=   0.3ms active=8
[   3.650s] RECV #00021 table=page_001368_table_box_id_242 request= 0.484s scheduled= 0.484s status=ok active=7
[   3.723s] RECV #00020 table=page_000564_table_7 request= 0.560s scheduled= 0.561s status=ok active=6
[   3.763s] SEND #00023 table=page_000746_table_18 lag=   0.5ms active=7
[   3.843s] SEND #00024 table=page_000213_table_box_id_5 lag=   0.6ms active=8
[   3.885s] SEND #00025 table=page_000206_table_box_id_1 lag=   1.1ms active=9
[   3.975s] SEND #00026 table=page_000209_table_box_id_1 lag=   0.2ms active=10
[   3.981s] SEND #00027 table=page_001216_table_2 lag=   1.1ms active=11
[   4.021s] RECV #00015 table=page_001129_table_8 request= 1.991s scheduled= 1.991s status=ok active=10
[   4.022s] SEND #00028 table=page_000188_table_box_id_6 lag=   0.8ms active=11
[   4.118s] SEND #00029 table=page_000921_table_9 lag=   0.5ms active=12
[   4.232s] SEND #00030 table=page_000533_table_8 lag=   0.4ms active=13
[   4.277s] SEND #00031 table=page_001123_table_14 lag=   0.8ms active=14
[   4.321s] SEND #00032 table=page_001503_table_5 lag=   0.8ms active=15
[   4.361s] SEND #00033 table=page_001197_table_5 lag=   0.5ms active=16
[   4.372s] RECV #00018 table=page_001134_table_10 request= 1.600s scheduled= 1.601s status=ok active=15
[   4.464s] SEND #00034 table=page_000542_table_0 lag=   1.0ms active=16
[   4.521s] SEND #00035 table=page_001130_table_1 lag=   0.7ms active=17
[   4.525s] SEND #00036 table=page_001595_table_box_id_9 lag=   0.8ms active=18
[   4.569s] RECV #00001 table=page_000287_table_box_id_8 request= 4.544s scheduled= 4.545s status=ok active=17
[   4.669s] RECV #00025 table=page_000206_table_box_id_1 request= 0.785s scheduled= 0.786s status=ok active=16
[   4.780s] RECV #00026 table=page_000209_table_box_id_1 request= 0.805s scheduled= 0.805s status=ok active=15
[   4.828s] SEND #00037 table=page_001233_table_6 lag=   0.6ms active=16
[   4.859s] RECV #00024 table=page_000213_table_box_id_5 request= 1.015s scheduled= 1.016s status=ok active=15
[   4.964s] SEND #00038 table=page_000585_table_1 lag=   1.5ms active=16
[   5.009s] RECV #00019 table=page_000642_table_8 request= 1.852s scheduled= 1.853s status=ok active=15
[   5.072s] RECV #00028 table=page_000188_table_box_id_6 request= 1.049s scheduled= 1.050s status=ok active=14
[   5.134s] SEND #00039 table=page_000821_table_box_id_26 lag=   0.6ms active=15
[   5.135s] RECV #00029 table=page_000921_table_9 request= 1.017s scheduled= 1.017s status=ok active=14
[   5.168s] SEND #00040 table=page_000566_table_3 lag=   0.3ms active=15
[   5.242s] RECV #00032 table=page_001503_table_5 request= 0.922s scheduled= 0.923s status=ok active=14
[   5.322s] RECV #00023 table=page_000746_table_18 request= 1.559s scheduled= 1.560s status=ok active=13
[   5.423s] RECV #00030 table=page_000533_table_8 request= 1.191s scheduled= 1.191s status=ok active=12
[   5.477s] RECV #00035 table=page_001130_table_1 request= 0.956s scheduled= 0.957s status=ok active=11
[   5.572s] RECV #00036 table=page_001595_table_box_id_9 request= 1.047s scheduled= 1.048s status=ok active=10
[   5.690s] RECV #00031 table=page_001123_table_14 request= 1.413s scheduled= 1.414s status=ok active=9
[   5.785s] RECV #00039 table=page_000821_table_box_id_26 request= 0.651s scheduled= 0.651s status=ok active=8
[   5.986s] SEND #00041 table=page_000534_table_4 lag=   1.1ms active=9
[   6.003s] RECV #00027 table=page_001216_table_2 request= 2.022s scheduled= 2.023s status=ok active=8
[   6.225s] RECV #00034 table=page_000542_table_0 request= 1.761s scheduled= 1.762s status=ok active=7
[   6.314s] SEND #00042 table=page_001141_table_13 lag=   1.4ms active=8
[   6.316s] RECV #00037 table=page_001233_table_6 request= 1.489s scheduled= 1.489s status=ok active=7
[   6.336s] SEND #00043 table=page_000665_table_3 lag=   1.9ms active=8
[   6.401s] SEND #00044 table=page_001417_table_2 lag=   0.2ms active=9
[   6.414s] RECV #00043 table=page_000665_table_3 request= 0.078s scheduled= 0.080s status=ok active=8
[   6.545s] RECV #00044 table=page_001417_table_2 request= 0.144s scheduled= 0.144s status=ok active=7
[   6.615s] SEND #00045 table=page_001117_table_box_id_7 lag=   0.6ms active=8
[   6.629s] RECV #00038 table=page_000585_table_1 request= 1.665s scheduled= 1.666s status=ok active=7
[   6.743s] RECV #00041 table=page_000534_table_4 request= 0.758s scheduled= 0.759s status=ok active=6
[   6.765s] RECV #00040 table=page_000566_table_3 request= 1.596s scheduled= 1.596s status=ok active=5
[   6.822s] SEND #00046 table=page_001270_table_box_id_1 lag=   0.9ms active=6
[   6.866s] RECV #00045 table=page_001117_table_box_id_7 request= 0.252s scheduled= 0.252s status=ok active=5
[   6.885s] RECV #00033 table=page_001197_table_5 request= 2.523s scheduled= 2.524s status=ok active=4
[   7.018s] RECV #00042 table=page_001141_table_13 request= 0.704s scheduled= 0.706s status=ok active=3
[   7.213s] RECV #00022 table=page_000263_table_box_id_7 request= 3.916s scheduled= 3.916s status=ok active=2
[   7.281s] SEND #00047 table=page_000261_table_box_id_3 lag=   0.9ms active=3
[   7.372s] SEND #00048 table=page_000505_table_1 lag=   0.6ms active=4
[   7.668s] SEND #00049 table=page_000682_table_15 lag=   0.9ms active=5
[   7.853s] SEND #00050 table=page_000275_table_box_id_1 lag=   0.8ms active=6
[   7.855s] RECV #00049 table=page_000682_table_15 request= 0.187s scheduled= 0.188s status=ok active=5
[   7.913s] SEND #00051 table=page_000789_table_34 lag=   0.8ms active=6
[   8.061s] SEND #00052 table=page_001177_table_2 lag=   0.8ms active=7
[   8.061s] RECV #00051 table=page_000789_table_34 request= 0.148s scheduled= 0.149s status=ok active=6
[   8.418s] SEND #00053 table=page_001398_table_box-13qv1ztw lag=   1.2ms active=7
[   8.519s] RECV #00005 table=page_000272_table_box_id_1 request= 7.778s scheduled= 7.778s status=ok active=6
[   8.627s] RECV #00046 table=page_001270_table_box_id_1 request= 1.805s scheduled= 1.805s status=ok active=5
[   8.647s] RECV #00053 table=page_001398_table_box-13qv1ztw request= 0.228s scheduled= 0.230s status=ok active=4
[   8.730s] SEND #00054 table=page_001183_table_11 lag=   1.0ms active=5
[   8.741s] RECV #00052 table=page_001177_table_2 request= 0.680s scheduled= 0.681s status=ok active=4
[   8.847s] SEND #00055 table=page_000507_table_0 lag=   0.4ms active=5
[   8.855s] RECV #00048 table=page_000505_table_1 request= 1.482s scheduled= 1.483s status=ok active=4
[   8.995s] SEND #00056 table=page_000710_table_9 lag=   0.8ms active=5
[   9.001s] SEND #00057 table=page_000657_table_6 lag=   0.6ms active=6
[   9.047s] SEND #00058 table=page_001368_table_box_id_227 lag=   0.9ms active=7
[   9.145s] RECV #00057 table=page_000657_table_6 request= 0.144s scheduled= 0.145s status=ok active=6
[   9.224s] RECV #00056 table=page_000710_table_9 request= 0.229s scheduled= 0.229s status=ok active=5
[   9.255s] RECV #00054 table=page_001183_table_11 request= 0.525s scheduled= 0.526s status=ok active=4
[   9.304s] RECV #00055 table=page_000507_table_0 request= 0.457s scheduled= 0.458s status=ok active=3
[   9.314s] SEND #00059 table=page_001176_table_4 lag=   1.5ms active=4
[   9.403s] SEND #00060 table=page_001181_table_6 lag=   1.3ms active=5
[   9.434s] SEND #00061 table=page_000937_table_0 lag=   0.7ms active=6
[   9.567s] SEND #00062 table=page_001368_table_box_id_237 lag=   1.1ms active=7
[   9.769s] SEND #00063 table=page_000217_table_box_id_0 lag=   0.6ms active=8
[   9.956s] SEND #00064 table=page_001159_table_5 lag=   0.4ms active=9
[  10.013s] RECV #00062 table=page_001368_table_box_id_237 request= 0.446s scheduled= 0.447s status=ok active=8
[  10.034s] SEND #00065 table=page_000626_table_box_id_1 lag=   0.6ms active=9
[  10.094s] RECV #00058 table=page_001368_table_box_id_227 request= 1.046s scheduled= 1.047s status=ok active=8
[  10.110s] RECV #00061 table=page_000937_table_0 request= 0.676s scheduled= 0.676s status=ok active=7
[  10.131s] SEND #00066 table=page_000984_table_2 lag=   0.9ms active=8
[  10.249s] SEND #00067 table=page_001082_table_34 lag=   0.4ms active=9
[  10.281s] RECV #00063 table=page_000217_table_box_id_0 request= 0.511s scheduled= 0.512s status=ok active=8
[  10.282s] RECV #00066 table=page_000984_table_2 request= 0.151s scheduled= 0.152s status=ok active=7
[  10.295s] RECV #00047 table=page_000261_table_box_id_3 request= 3.014s scheduled= 3.015s status=ok active=6
[  10.500s] SEND #00068 table=page_000467_table_17 lag=   0.4ms active=7
[  10.623s] SEND #00069 table=page_000866_table_14 lag=   0.5ms active=8
[  10.707s] SEND #00070 table=page_001227_table_10 lag=   1.1ms active=9
[  10.818s] SEND #00071 table=page_000916_table_7 lag=   0.5ms active=10
[  10.823s] SEND #00072 table=page_000251_table_box_id_7 lag=   0.7ms active=11
[  10.831s] SEND #00073 table=page_001131_table_15 lag=   1.1ms active=12
[  10.855s] RECV #00064 table=page_001159_table_5 request= 0.899s scheduled= 0.900s status=ok active=11
[  11.034s] SEND #00074 table=page_001183_table_12 lag=   1.2ms active=12
[  11.043s] RECV #00069 table=page_000866_table_14 request= 0.420s scheduled= 0.421s status=ok active=11
[  11.204s] RECV #00059 table=page_001176_table_4 request= 1.890s scheduled= 1.892s status=ok active=10
[  11.449s] RECV #00067 table=page_001082_table_34 request= 1.200s scheduled= 1.201s status=ok active=9
[  11.589s] RECV #00071 table=page_000916_table_7 request= 0.771s scheduled= 0.772s status=ok active=8
[  11.715s] SEND #00075 table=page_000266_table_box_id_7 lag=   1.1ms active=9
[  11.747s] RECV #00073 table=page_001131_table_15 request= 0.916s scheduled= 0.917s status=ok active=8
[  11.864s] SEND #00076 table=page_000447_table_12 lag=   0.4ms active=9
[  11.911s] RECV #00060 table=page_001181_table_6 request= 2.508s scheduled= 2.510s status=ok active=8
[  11.949s] SEND #00077 table=page_001193_table_4 lag=   2.1ms active=9
[  11.975s] RECV #00075 table=page_000266_table_box_id_7 request= 0.260s scheduled= 0.261s status=ok active=8
[  11.979s] SEND #00078 table=page_001368_table_box_id_239 lag=   0.9ms active=9
[  12.095s] SEND #00079 table=page_000903_table_15 lag=   0.3ms active=10
[  12.147s] RECV #00072 table=page_000251_table_box_id_7 request= 1.324s scheduled= 1.324s status=ok active=9
[  12.228s] RECV #00074 table=page_001183_table_12 request= 1.194s scheduled= 1.195s status=ok active=8
[  12.276s] RECV #00068 table=page_000467_table_17 request= 1.776s scheduled= 1.776s status=ok active=7
[  12.381s] RECV #00079 table=page_000903_table_15 request= 0.286s scheduled= 0.286s status=ok active=6
[  12.397s] RECV #00078 table=page_001368_table_box_id_239 request= 0.418s scheduled= 0.419s status=ok active=5
[  12.420s] RECV #00076 table=page_000447_table_12 request= 0.557s scheduled= 0.557s status=ok active=4
[  12.437s] RECV #00077 table=page_001193_table_4 request= 0.488s scheduled= 0.490s status=ok active=3
[  12.766s] SEND #00080 table=page_001167_table_2 lag=   1.1ms active=4
[  12.854s] RECV #00070 table=page_001227_table_10 request= 2.147s scheduled= 2.148s status=ok active=3
[  13.010s] SEND #00081 table=page_000212_table_box_id_1 lag=   0.4ms active=4
[  13.100s] RECV #00065 table=page_000626_table_box_id_1 request= 3.065s scheduled= 3.066s status=ok active=3
[  13.140s] SEND #00082 table=page_001147_table_10 lag=   1.1ms active=4
[  13.191s] RECV #00080 table=page_001167_table_2 request= 0.425s scheduled= 0.426s status=ok active=3
[  13.468s] SEND #00083 table=page_000223_table_box_id_2 lag=   1.2ms active=4
[  13.512s] SEND #00084 table=page_000716_table_0 lag=   0.9ms active=5
[  13.633s] SEND #00085 table=page_000937_table_1 lag=   1.5ms active=6
[  13.793s] RECV #00084 table=page_000716_table_0 request= 0.281s scheduled= 0.282s status=ok active=5
[  13.952s] RECV #00085 table=page_000937_table_1 request= 0.319s scheduled= 0.321s status=ok active=4
[  14.139s] SEND #00086 table=page_000465_table_10 lag=   0.3ms active=5
[  14.284s] SEND #00087 table=page_000465_table_8 lag=   1.5ms active=6
[  14.386s] SEND #00088 table=page_001179_table_6 lag=   0.8ms active=7
[  14.438s] SEND #00089 table=page_000554_table_12 lag=   0.4ms active=8
[  14.571s] SEND #00090 table=page_000199_table_box_id_0 lag=   0.8ms active=9
[  14.613s] RECV #00050 table=page_000275_table_box_id_1 request= 6.760s scheduled= 6.760s status=ok active=8
[  14.739s] RECV #00081 table=page_000212_table_box_id_1 request= 1.729s scheduled= 1.729s status=ok active=7
[  14.788s] RECV #00089 table=page_000554_table_12 request= 0.350s scheduled= 0.350s status=ok active=6
[  14.821s] RECV #00086 table=page_000465_table_10 request= 0.681s scheduled= 0.681s status=ok active=5
[  14.933s] RECV #00087 table=page_000465_table_8 request= 0.648s scheduled= 0.650s status=ok active=4
[  15.077s] RECV #00083 table=page_000223_table_box_id_2 request= 1.609s scheduled= 1.610s status=ok active=3
[  15.097s] SEND #00091 table=page_000516_table_0 lag=   1.8ms active=4
[  15.097s] SEND #00092 table=page_001214_table_8 lag=   1.2ms active=5
[  15.123s] RECV #00082 table=page_001147_table_10 request= 1.982s scheduled= 1.983s status=ok active=4
[  15.351s] SEND #00093 table=page_001368_table_box_id_161 lag=   0.4ms active=5
[  15.639s] SEND #00094 table=page_000577_table_3 lag=   2.1ms active=6
[  15.651s] RECV #00092 table=page_001214_table_8 request= 0.554s scheduled= 0.555s status=ok active=5
[  15.891s] RECV #00093 table=page_001368_table_box_id_161 request= 0.540s scheduled= 0.540s status=ok active=4
[  15.981s] RECV #00094 table=page_000577_table_3 request= 0.342s scheduled= 0.344s status=ok active=3
[  16.001s] SEND #00095 table=page_000984_table_3 lag=   1.2ms active=4
[  16.225s] SEND #00096 table=page_001187_table_0 lag=   0.4ms active=5
[  16.501s] SEND #00097 table=page_000821_table_box_id_14 lag=   0.7ms active=6
[  16.501s] RECV #00090 table=page_000199_table_box_id_0 request= 1.931s scheduled= 1.931s status=ok active=5
[  16.557s] RECV #00091 table=page_000516_table_0 request= 1.460s scheduled= 1.462s status=ok active=4
[  16.623s] SEND #00098 table=page_000833_table_4 lag=   1.1ms active=5
[  16.641s] RECV #00097 table=page_000821_table_box_id_14 request= 0.140s scheduled= 0.140s status=ok active=4
[  16.722s] RECV #00095 table=page_000984_table_3 request= 0.721s scheduled= 0.723s status=ok active=3
[  16.760s] SEND #00099 table=page_001375_table_31 lag=   0.9ms active=4
[  16.853s] SEND #00100 table=page_000645_table_7 lag=   1.2ms active=5
[  16.917s] RECV #00099 table=page_001375_table_31 request= 0.157s scheduled= 0.158s status=ok active=4
[  16.952s] RECV #00088 table=page_001179_table_6 request= 2.566s scheduled= 2.566s status=ok active=3
[  17.031s] RECV #00098 table=page_000833_table_4 request= 0.408s scheduled= 0.409s status=ok active=2
[  17.041s] RECV #00100 table=page_000645_table_7 request= 0.188s scheduled= 0.189s status=ok active=1
[  19.020s] RECV #00096 table=page_001187_table_0 request= 2.795s scheduled= 2.795s status=ok active=0
DONE completed=100 failed=0 max_active=18 p50=0.821s p95=3.017s max=7.778s
Summary: tmp/19_table_ocr_serving/logging_20260913/control/b8/measured/results/summary.json
