cpu-image API ready worker_pid=2470812; preloading 100 distinct crops for 100 requests
cpu-image crops preloaded 50/100
cpu-image crops preloaded 100/100
cpu-image payloads ready bytes=34840674
SEND cpu-image 01/100 table=page_000287_table_box_id_8 active=1
SEND cpu-image 02/100 table=page_001367_table_51 active=2
RECV cpu-image 02/100 rank=65 id=page_001367_table_51 latency=0.6089s status=ok active=1
SEND cpu-image 03/100 table=page_000236_table_box_id_1 active=2
RECV cpu-image 03/100 rank=324 id=page_000236_table_box_id_1 latency=0.3771s status=ok active=1
SEND cpu-image 04/100 table=page_000634_table_11 active=2
RECV cpu-image 04/100 rank=225 id=page_000634_table_11 latency=0.5179s status=ok active=1
SEND cpu-image 05/100 table=page_000272_table_box_id_1 active=2
RECV cpu-image 01/100 rank=24 id=page_000287_table_box_id_8 latency=2.4465s status=ok active=1
SEND cpu-image 06/100 table=page_001172_table_16 active=2
RECV cpu-image 06/100 rank=337 id=page_001172_table_16 latency=0.3657s status=ok active=1
SEND cpu-image 07/100 table=page_001137_table_2 active=2
RECV cpu-image 07/100 rank=151 id=page_001137_table_2 latency=0.7669s status=ok active=1
SEND cpu-image 08/100 table=page_001150_table_box_id_9 active=2
RECV cpu-image 08/100 rank=255 id=page_001150_table_box_id_9 latency=0.4714s status=ok active=1
SEND cpu-image 09/100 table=page_000920_table_8 active=2
RECV cpu-image 09/100 rank=368 id=page_000920_table_8 latency=0.3503s status=ok active=1
SEND cpu-image 10/100 table=page_000524_table_0 active=2
RECV cpu-image 10/100 rank=140 id=page_000524_table_0 latency=0.8351s status=ok active=1
SEND cpu-image 11/100 table=page_000256_table_box_id_8 active=2
RECV cpu-image 11/100 rank=336 id=page_000256_table_box_id_8 latency=0.3709s status=ok active=1
SEND cpu-image 12/100 table=page_001166_table_9 active=2
RECV cpu-image 05/100 rank=09 id=page_000272_table_box_id_1 latency=4.2444s status=ok active=1
SEND cpu-image 13/100 table=page_000211_table_box_id_3 active=2
RECV cpu-image 12/100 rank=436 id=page_001166_table_9 latency=0.3762s status=ok active=1
SEND cpu-image 14/100 table=page_000933_table_10 active=2
RECV cpu-image 14/100 rank=504 id=page_000933_table_10 latency=0.1947s status=ok active=1
SEND cpu-image 15/100 table=page_001129_table_8 active=2
RECV cpu-image 13/100 rank=201 id=page_000211_table_box_id_3 latency=0.7814s status=ok active=1
SEND cpu-image 16/100 table=page_001375_table_7 active=2
RECV cpu-image 16/100 rank=458 id=page_001375_table_7 latency=0.2351s status=ok active=1
SEND cpu-image 17/100 table=page_000106_table_box_id_2 active=2
RECV cpu-image 15/100 rank=107 id=page_001129_table_8 latency=1.1359s status=ok active=1
SEND cpu-image 18/100 table=page_001134_table_10 active=2
RECV cpu-image 17/100 rank=208 id=page_000106_table_box_id_2 latency=0.5937s status=ok active=1
SEND cpu-image 19/100 table=page_000642_table_8 active=2
RECV cpu-image 18/100 rank=134 id=page_001134_table_10 latency=0.9443s status=ok active=1
SEND cpu-image 20/100 table=page_000564_table_7 active=2
RECV cpu-image 19/100 rank=128 id=page_000642_table_8 latency=0.9079s status=ok active=1
SEND cpu-image 21/100 table=page_001368_table_box_id_242 active=2
RECV cpu-image 21/100 rank=497 id=page_001368_table_box_id_242 latency=0.3398s status=ok active=1
SEND cpu-image 22/100 table=page_000263_table_box_id_7 active=2
RECV cpu-image 20/100 rank=334 id=page_000564_table_7 latency=0.4095s status=ok active=1
SEND cpu-image 23/100 table=page_000746_table_18 active=2
RECV cpu-image 23/100 rank=161 id=page_000746_table_18 latency=0.7629s status=ok active=1
SEND cpu-image 24/100 table=page_000213_table_box_id_5 active=2
RECV cpu-image 24/100 rank=215 id=page_000213_table_box_id_5 latency=0.5557s status=ok active=1
SEND cpu-image 25/100 table=page_000206_table_box_id_1 active=2
RECV cpu-image 25/100 rank=309 id=page_000206_table_box_id_1 latency=0.3849s status=ok active=1
SEND cpu-image 26/100 table=page_000209_table_box_id_1 active=2
RECV cpu-image 26/100 rank=432 id=page_000209_table_box_id_1 latency=0.2688s status=ok active=1
SEND cpu-image 27/100 table=page_001216_table_2 active=2
RECV cpu-image 22/100 rank=31 id=page_000263_table_box_id_7 latency=2.3342s status=ok active=1
SEND cpu-image 28/100 table=page_000188_table_box_id_6 active=2
RECV cpu-image 27/100 rank=186 id=page_001216_table_2 latency=0.7745s status=ok active=1
SEND cpu-image 29/100 table=page_000921_table_9 active=2
RECV cpu-image 28/100 rank=240 id=page_000188_table_box_id_6 latency=0.6464s status=ok active=1
SEND cpu-image 30/100 table=page_000533_table_8 active=2
RECV cpu-image 29/100 rank=460 id=page_000921_table_9 latency=0.3173s status=ok active=1
SEND cpu-image 31/100 table=page_001123_table_14 active=2
RECV cpu-image 30/100 rank=399 id=page_000533_table_8 latency=0.3728s status=ok active=1
SEND cpu-image 32/100 table=page_001503_table_5 active=2
RECV cpu-image 31/100 rank=413 id=page_001123_table_14 latency=0.3770s status=ok active=1
SEND cpu-image 33/100 table=page_001197_table_5 active=2
RECV cpu-image 32/100 rank=526 id=page_001503_table_5 latency=0.1819s status=ok active=1
SEND cpu-image 34/100 table=page_000542_table_0 active=2
RECV cpu-image 34/100 rank=219 id=page_000542_table_0 latency=0.5562s status=ok active=1
SEND cpu-image 35/100 table=page_001130_table_1 active=2
RECV cpu-image 35/100 rank=572 id=page_001130_table_1 latency=0.1401s status=ok active=1
SEND cpu-image 36/100 table=page_001595_table_box_id_9 active=2
RECV cpu-image 36/100 rank=561 id=page_001595_table_box_id_9 latency=0.1434s status=ok active=1
SEND cpu-image 37/100 table=page_001233_table_6 active=2
RECV cpu-image 33/100 rank=118 id=page_001197_table_5 latency=1.1904s status=ok active=1
SEND cpu-image 38/100 table=page_000585_table_1 active=2
RECV cpu-image 37/100 rank=241 id=page_001233_table_6 latency=0.6112s status=ok active=1
SEND cpu-image 39/100 table=page_000821_table_box_id_26 active=2
RECV cpu-image 39/100 rank=617 id=page_000821_table_box_id_26 latency=0.0980s status=ok active=1
SEND cpu-image 40/100 table=page_000566_table_3 active=2
RECV cpu-image 38/100 rank=159 id=page_000585_table_1 latency=0.9064s status=ok active=1
SEND cpu-image 41/100 table=page_000534_table_4 active=2
RECV cpu-image 40/100 rank=167 id=page_000566_table_3 latency=0.8423s status=ok active=1
SEND cpu-image 42/100 table=page_001141_table_13 active=2
RECV cpu-image 41/100 rank=221 id=page_000534_table_4 latency=0.6043s status=ok active=1
SEND cpu-image 43/100 table=page_000665_table_3 active=2
RECV cpu-image 43/100 rank=662 id=page_000665_table_3 latency=0.0506s status=ok active=1
SEND cpu-image 44/100 table=page_001417_table_2 active=2
RECV cpu-image 44/100 rank=587 id=page_001417_table_2 latency=0.1232s status=ok active=1
SEND cpu-image 45/100 table=page_001117_table_box_id_7 active=2
RECV cpu-image 42/100 rank=280 id=page_001141_table_13 latency=0.5423s status=ok active=1
SEND cpu-image 46/100 table=page_001270_table_box_id_1 active=2
RECV cpu-image 45/100 rank=483 id=page_001117_table_box_id_7 latency=0.3134s status=ok active=1
SEND cpu-image 47/100 table=page_000261_table_box_id_3 active=2
RECV cpu-image 46/100 rank=95 id=page_001270_table_box_id_1 latency=1.2094s status=ok active=1
SEND cpu-image 48/100 table=page_000505_table_1 active=2
RECV cpu-image 47/100 rank=54 id=page_000261_table_box_id_3 latency=1.6515s status=ok active=1
SEND cpu-image 49/100 table=page_000682_table_15 active=2
RECV cpu-image 49/100 rank=507 id=page_000682_table_15 latency=0.1981s status=ok active=1
SEND cpu-image 50/100 table=page_000275_table_box_id_1 active=2
RECV cpu-image 48/100 rank=121 id=page_000505_table_1 latency=1.1133s status=ok active=1
SEND cpu-image 51/100 table=page_000789_table_34 active=2
RECV cpu-image 51/100 rank=639 id=page_000789_table_34 latency=0.0770s status=ok active=1
SEND cpu-image 52/100 table=page_001177_table_2 active=2
RECV cpu-image 52/100 rank=229 id=page_001177_table_2 latency=0.5304s status=ok active=1
SEND cpu-image 53/100 table=page_001398_table_box-13qv1ztw active=2
RECV cpu-image 53/100 rank=511 id=page_001398_table_box-13qv1ztw latency=0.1831s status=ok active=1
SEND cpu-image 54/100 table=page_001183_table_11 active=2
RECV cpu-image 54/100 rank=395 id=page_001183_table_11 latency=0.3250s status=ok active=1
SEND cpu-image 55/100 table=page_000507_table_0 active=2
RECV cpu-image 55/100 rank=396 id=page_000507_table_0 latency=0.3175s status=ok active=1
SEND cpu-image 56/100 table=page_000710_table_9 active=2
RECV cpu-image 56/100 rank=514 id=page_000710_table_9 latency=0.1892s status=ok active=1
SEND cpu-image 57/100 table=page_000657_table_6 active=2
RECV cpu-image 57/100 rank=659 id=page_000657_table_6 latency=0.0526s status=ok active=1
SEND cpu-image 58/100 table=page_001368_table_box_id_227 active=2
RECV cpu-image 58/100 rank=264 id=page_001368_table_box_id_227 latency=0.4459s status=ok active=1
SEND cpu-image 59/100 table=page_001176_table_4 active=2
RECV cpu-image 59/100 rank=122 id=page_001176_table_4 latency=0.9211s status=ok active=1
SEND cpu-image 60/100 table=page_001181_table_6 active=2
RECV cpu-image 50/100 rank=12 id=page_000275_table_box_id_1 latency=4.1561s status=ok active=1
SEND cpu-image 61/100 table=page_000937_table_0 active=2
RECV cpu-image 61/100 rank=350 id=page_000937_table_0 latency=0.3727s status=ok active=1
SEND cpu-image 62/100 table=page_001368_table_box_id_237 active=2
RECV cpu-image 60/100 rank=72 id=page_001181_table_6 latency=1.4128s status=ok active=1
SEND cpu-image 63/100 table=page_000217_table_box_id_0 active=2
RECV cpu-image 62/100 rank=468 id=page_001368_table_box_id_237 latency=0.2246s status=ok active=1
SEND cpu-image 64/100 table=page_001159_table_5 active=2
RECV cpu-image 63/100 rank=391 id=page_000217_table_box_id_0 latency=0.4182s status=ok active=1
SEND cpu-image 65/100 table=page_000626_table_box_id_1 active=2
RECV cpu-image 64/100 rank=224 id=page_001159_table_5 latency=0.6840s status=ok active=1
SEND cpu-image 66/100 table=page_000984_table_2 active=2
RECV cpu-image 66/100 rank=625 id=page_000984_table_2 latency=0.0916s status=ok active=1
SEND cpu-image 67/100 table=page_001082_table_34 active=2
RECV cpu-image 67/100 rank=171 id=page_001082_table_34 latency=0.7048s status=ok active=1
SEND cpu-image 68/100 table=page_000467_table_17 active=2
RECV cpu-image 65/100 rank=44 id=page_000626_table_box_id_1 latency=1.8997s status=ok active=1
SEND cpu-image 69/100 table=page_000866_table_14 active=2
RECV cpu-image 68/100 rank=120 id=page_000467_table_17 latency=0.9722s status=ok active=1
SEND cpu-image 70/100 table=page_001227_table_10 active=2
RECV cpu-image 69/100 rank=419 id=page_000866_table_14 latency=0.3904s status=ok active=1
SEND cpu-image 71/100 table=page_000916_table_7 active=2
RECV cpu-image 71/100 rank=265 id=page_000916_table_7 latency=0.4560s status=ok active=1
SEND cpu-image 72/100 table=page_000251_table_box_id_7 active=2
RECV cpu-image 72/100 rank=184 id=page_000251_table_box_id_7 latency=0.6348s status=ok active=1
SEND cpu-image 73/100 table=page_001131_table_15 active=2
RECV cpu-image 70/100 rank=75 id=page_001227_table_10 latency=1.4615s status=ok active=1
SEND cpu-image 74/100 table=page_001183_table_12 active=2
RECV cpu-image 73/100 rank=469 id=page_001131_table_15 latency=0.2957s status=ok active=1
SEND cpu-image 75/100 table=page_000266_table_box_id_7 active=2
RECV cpu-image 75/100 rank=509 id=page_000266_table_box_id_7 latency=0.1825s status=ok active=1
SEND cpu-image 76/100 table=page_000447_table_12 active=2
RECV cpu-image 74/100 rank=285 id=page_001183_table_12 latency=0.5193s status=ok active=1
SEND cpu-image 77/100 table=page_001193_table_4 active=2
RECV cpu-image 76/100 rank=371 id=page_000447_table_12 latency=0.4044s status=ok active=1
SEND cpu-image 78/100 table=page_001368_table_box_id_239 active=2
RECV cpu-image 78/100 rank=512 id=page_001368_table_box_id_239 latency=0.1706s status=ok active=1
SEND cpu-image 79/100 table=page_000903_table_15 active=2
RECV cpu-image 77/100 rank=342 id=page_001193_table_4 latency=0.3970s status=ok active=1
SEND cpu-image 80/100 table=page_001167_table_2 active=2
RECV cpu-image 79/100 rank=522 id=page_000903_table_15 latency=0.2219s status=ok active=1
SEND cpu-image 81/100 table=page_000212_table_box_id_1 active=2
RECV cpu-image 80/100 rank=422 id=page_001167_table_2 latency=0.3329s status=ok active=1
SEND cpu-image 82/100 table=page_001147_table_10 active=2
RECV cpu-image 81/100 rank=113 id=page_000212_table_box_id_1 latency=1.0228s status=ok active=1
SEND cpu-image 83/100 table=page_000223_table_box_id_2 active=2
RECV cpu-image 82/100 rank=90 id=page_001147_table_10 latency=1.2377s status=ok active=1
SEND cpu-image 84/100 table=page_000716_table_0 active=2
RECV cpu-image 84/100 rank=588 id=page_000716_table_0 latency=0.1171s status=ok active=1
SEND cpu-image 85/100 table=page_000937_table_1 active=2
RECV cpu-image 85/100 rank=415 id=page_000937_table_1 latency=0.3066s status=ok active=1
SEND cpu-image 86/100 table=page_000465_table_10 active=2
RECV cpu-image 86/100 rank=339 id=page_000465_table_10 latency=0.3564s status=ok active=1
SEND cpu-image 87/100 table=page_000465_table_8 active=2
RECV cpu-image 83/100 rank=114 id=page_000223_table_box_id_2 latency=1.1494s status=ok active=1
SEND cpu-image 88/100 table=page_001179_table_6 active=2
RECV cpu-image 87/100 rank=331 id=page_000465_table_8 latency=0.4655s status=ok active=1
SEND cpu-image 89/100 table=page_000554_table_12 active=2
RECV cpu-image 89/100 rank=538 id=page_000554_table_12 latency=0.1538s status=ok active=1
SEND cpu-image 90/100 table=page_000199_table_box_id_0 active=2
RECV cpu-image 88/100 rank=61 id=page_001179_table_6 latency=1.5923s status=ok active=1
SEND cpu-image 91/100 table=page_000516_table_0 active=2
RECV cpu-image 90/100 rank=80 id=page_000199_table_box_id_0 latency=1.3034s status=ok active=1
SEND cpu-image 92/100 table=page_001214_table_8 active=2
RECV cpu-image 92/100 rank=359 id=page_001214_table_8 latency=0.3509s status=ok active=1
SEND cpu-image 93/100 table=page_001368_table_box_id_161 active=2
RECV cpu-image 91/100 rank=125 id=page_000516_table_0 latency=1.0047s status=ok active=1
SEND cpu-image 94/100 table=page_000577_table_3 active=2
RECV cpu-image 93/100 rank=332 id=page_001368_table_box_id_161 latency=0.3579s status=ok active=1
SEND cpu-image 95/100 table=page_000984_table_3 active=2
RECV cpu-image 94/100 rank=382 id=page_000577_table_3 latency=0.4139s status=ok active=1
SEND cpu-image 96/100 table=page_001187_table_0 active=2
RECV cpu-image 95/100 rank=238 id=page_000984_table_3 latency=0.6863s status=ok active=1
SEND cpu-image 97/100 table=page_000821_table_box_id_14 active=2
RECV cpu-image 97/100 rank=585 id=page_000821_table_box_id_14 latency=0.1264s status=ok active=1
SEND cpu-image 98/100 table=page_000833_table_4 active=2
RECV cpu-image 98/100 rank=352 id=page_000833_table_4 latency=0.3797s status=ok active=1
SEND cpu-image 99/100 table=page_001375_table_31 active=2
RECV cpu-image 99/100 rank=631 id=page_001375_table_31 latency=0.0779s status=ok active=1
SEND cpu-image 100/100 table=page_000645_table_7 active=2
RECV cpu-image 100/100 rank=533 id=page_000645_table_7 latency=0.1566s status=ok active=1
RECV cpu-image 96/100 rank=28 id=page_001187_table_0 latency=2.1812s status=ok active=0
DONE cpu-image requests=100 failures=0 max_in_flight=2 wall=34.3104s qps=2.9146 p50=0.4161s p95=1.9137s max=4.2444s
