2026-09-06T02:15:42+08:00
	NPU ID                         : 6
	Chip Count                     : 1

	No process in device.
	Chip ID                        : 0

2026-09-06T02:15:47+08:00
	NPU ID                         : 6
	Chip Count                     : 1

	No process in device.
	Chip ID                        : 0

2026-09-06T02:15:53+08:00
	NPU ID                         : 6
	Chip Count                     : 1

	No process in device.
	Chip ID                        : 0

2026-09-06T02:15:58+08:00
	NPU ID                         : 6
	Chip Count                     : 1

	Process id:1775914 Process name:python            Process memory(MB):105
	Chip ID                        : 0

2026-09-06T02:16:04+08:00
	NPU ID                         : 6
	Chip Count                     : 1

	Process id:1775914 Process name:python            Process memory(MB):3855
	Chip ID                        : 0

2026-09-06T02:16:09+08:00
	NPU ID                         : 6
	Chip Count                     : 1

	Process id:1775914 Process name:python            Process memory(MB):3855
	Chip ID                        : 0

2026-09-06T02:16:15+08:00
	NPU ID                         : 6
	Chip Count                     : 1

	Process id:1775914 Process name:python            Process memory(MB):3877
	Chip ID                        : 0

2026-09-06T02:16:20+08:00
	NPU ID                         : 6
	Chip Count                     : 1

	Process id:1775914 Process name:python            Process memory(MB):4121
	Chip ID                        : 0

2026-09-06T02:16:26+08:00
	NPU ID                         : 6
	Chip Count                     : 1

	Process id:1775914 Process name:python            Process memory(MB):6989
	Chip ID                        : 0

2026-09-06T02:16:31+08:00
	NPU ID                         : 6
	Chip Count                     : 1

	Process id:1775914 Process name:python            Process memory(MB):6989
	Chip ID                        : 0

2026-09-06T02:16:37+08:00
	NPU ID                         : 6
	Chip Count                     : 1

	Process id:1775914 Process name:python            Process memory(MB):6989
	Chip ID                        : 0

2026-09-06T02:16:42+08:00
	NPU ID                         : 6
	Chip Count                     : 1

	Process id:1775914 Process name:python            Process memory(MB):6989
	Chip ID                        : 0

2026-09-06T02:16:48+08:00
	NPU ID                         : 6
	Chip Count                     : 1

	Process id:1775914 Process name:python            Process memory(MB):6989
	Chip ID                        : 0

2026-09-06T02:16:53+08:00
	NPU ID                         : 6
	Chip Count                     : 1

	Process id:1775914 Process name:python            Process memory(MB):6989
	Chip ID                        : 0

2026-09-06T02:16:59+08:00
	NPU ID                         : 6
	Chip Count                     : 1

	Process id:1775914 Process name:python            Process memory(MB):6989
	Chip ID                        : 0

2026-09-06T02:17:04+08:00
	NPU ID                         : 6
	Chip Count                     : 1

	Process id:1775914 Process name:python            Process memory(MB):6989
	Chip ID                        : 0

2026-09-06T02:17:10+08:00
	NPU ID                         : 6
	Chip Count                     : 1

	Process id:1775914 Process name:python            Process memory(MB):6989
	Chip ID                        : 0

2026-09-06T02:17:15+08:00
	NPU ID                         : 6
	Chip Count                     : 1

	Process id:1775914 Process name:python            Process memory(MB):6989
	Chip ID                        : 0

2026-09-06T02:17:21+08:00
	NPU ID                         : 6
	Chip Count                     : 1

	Process id:1775914 Process name:python            Process memory(MB):6989
	Chip ID                        : 0

2026-09-06T02:17:26+08:00
	NPU ID                         : 6
	Chip Count                     : 1

	Process id:1775914 Process name:python            Process memory(MB):6989
	Chip ID                        : 0

2026-09-06T02:17:32+08:00
	NPU ID                         : 6
	Chip Count                     : 1

	Process id:1775914 Process name:python            Process memory(MB):6989
	Chip ID                        : 0

2026-09-06T02:17:37+08:00
	NPU ID                         : 6
	Chip Count                     : 1

	Process id:1775914 Process name:python            Process memory(MB):6989
	Chip ID                        : 0

2026-09-06T02:17:43+08:00
	NPU ID                         : 6
	Chip Count                     : 1

	Process id:1775914 Process name:python            Process memory(MB):7055
	Chip ID                        : 0

2026-09-06T02:17:48+08:00
	NPU ID                         : 6
	Chip Count                     : 1

	Process id:1775914 Process name:python            Process memory(MB):7055
	Chip ID                        : 0

2026-09-06T02:17:54+08:00
	NPU ID                         : 6
	Chip Count                     : 1

	Process id:1775914 Process name:python            Process memory(MB):7055
	Chip ID                        : 0

2026-09-06T02:18:00+08:00
	NPU ID                         : 6
	Chip Count                     : 1

	Process id:1775914 Process name:python            Process memory(MB):7055
	Chip ID                        : 0

2026-09-06T02:18:05+08:00
	NPU ID                         : 6
	Chip Count                     : 1

	Process id:1775914 Process name:python            Process memory(MB):7055
	Chip ID                        : 0

2026-09-06T02:18:11+08:00
	NPU ID                         : 6
	Chip Count                     : 1

	Process id:1775914 Process name:python            Process memory(MB):7055
	Chip ID                        : 0

2026-09-06T02:18:16+08:00
	NPU ID                         : 6
	Chip Count                     : 1

	Process id:1775914 Process name:python            Process memory(MB):7081
	Chip ID                        : 0

2026-09-06T02:18:22+08:00
	NPU ID                         : 6
	Chip Count                     : 1

	Process id:1775914 Process name:python            Process memory(MB):7081
	Chip ID                        : 0

2026-09-06T02:18:27+08:00
	NPU ID                         : 6
	Chip Count                     : 1

	Process id:1775914 Process name:python            Process memory(MB):7081
	Chip ID                        : 0

2026-09-06T02:18:33+08:00
	NPU ID                         : 6
	Chip Count                     : 1

	Process id:1775914 Process name:python            Process memory(MB):7081
	Chip ID                        : 0

2026-09-06T02:18:38+08:00
	NPU ID                         : 6
	Chip Count                     : 1

	Process id:1775914 Process name:python            Process memory(MB):7081
	Chip ID                        : 0

2026-09-06T02:18:44+08:00
	NPU ID                         : 6
	Chip Count                     : 1

	Process id:1775914 Process name:python            Process memory(MB):7081
	Chip ID                        : 0

2026-09-06T02:18:49+08:00
	NPU ID                         : 6
	Chip Count                     : 1

	Process id:1775914 Process name:python            Process memory(MB):7081
	Chip ID                        : 0

2026-09-06T02:18:55+08:00
	NPU ID                         : 6
	Chip Count                     : 1

	Process id:1775914 Process name:python            Process memory(MB):7081
	Chip ID                        : 0

2026-09-06T02:19:00+08:00
	NPU ID                         : 6
	Chip Count                     : 1

	Process id:1775914 Process name:python            Process memory(MB):7081
	Chip ID                        : 0

2026-09-06T02:19:06+08:00
	NPU ID                         : 6
	Chip Count                     : 1

	Process id:1775914 Process name:python            Process memory(MB):7081
	Chip ID                        : 0

2026-09-06T02:19:11+08:00
	NPU ID                         : 6
	Chip Count                     : 1

	Process id:1775914 Process name:python            Process memory(MB):7081
	Chip ID                        : 0

2026-09-06T02:19:17+08:00
	NPU ID                         : 6
	Chip Count                     : 1

	Process id:1775914 Process name:python            Process memory(MB):7081
	Chip ID                        : 0

2026-09-06T02:19:22+08:00
	NPU ID                         : 6
	Chip Count                     : 1

	Process id:1775914 Process name:python            Process memory(MB):7081
	Chip ID                        : 0

2026-09-06T02:19:28+08:00
	NPU ID                         : 6
	Chip Count                     : 1

	Process id:1775914 Process name:python            Process memory(MB):7081
	Chip ID                        : 0

2026-09-06T02:19:33+08:00
	NPU ID                         : 6
	Chip Count                     : 1

	Process id:1775914 Process name:python            Process memory(MB):7081
	Chip ID                        : 0

2026-09-06T02:19:39+08:00
	NPU ID                         : 6
	Chip Count                     : 1

	Process id:1775914 Process name:python            Process memory(MB):7081
	Chip ID                        : 0

2026-09-06T02:19:44+08:00
	NPU ID                         : 6
	Chip Count                     : 1

	Process id:1775914 Process name:python            Process memory(MB):7081
	Chip ID                        : 0

2026-09-06T02:19:50+08:00
	NPU ID                         : 6
	Chip Count                     : 1

	Process id:1775914 Process name:python            Process memory(MB):7081
	Chip ID                        : 0

2026-09-06T02:19:55+08:00
	NPU ID                         : 6
	Chip Count                     : 1

	Process id:1775914 Process name:python            Process memory(MB):7081
	Chip ID                        : 0

2026-09-06T02:20:01+08:00
	NPU ID                         : 6
	Chip Count                     : 1

	Process id:1775914 Process name:python            Process memory(MB):7081
	Chip ID                        : 0

2026-09-06T02:20:06+08:00
	NPU ID                         : 6
	Chip Count                     : 1

	Process id:1775914 Process name:python            Process memory(MB):7081
	Chip ID                        : 0

2026-09-06T02:20:12+08:00
	NPU ID                         : 6
	Chip Count                     : 1

	Process id:1775914 Process name:python            Process memory(MB):7081
	Chip ID                        : 0

2026-09-06T02:20:17+08:00
	NPU ID                         : 6
	Chip Count                     : 1

	Process id:1775914 Process name:python            Process memory(MB):7081
	Chip ID                        : 0

2026-09-06T02:20:23+08:00
	NPU ID                         : 6
	Chip Count                     : 1

	Process id:1775914 Process name:python            Process memory(MB):7081
	Chip ID                        : 0

2026-09-06T02:20:28+08:00
	NPU ID                         : 6
	Chip Count                     : 1

	Process id:1775914 Process name:python            Process memory(MB):7081
	Chip ID                        : 0

2026-09-06T02:20:34+08:00
	NPU ID                         : 6
	Chip Count                     : 1

	Process id:1775914 Process name:python            Process memory(MB):7081
	Chip ID                        : 0

2026-09-06T02:20:39+08:00
	NPU ID                         : 6
	Chip Count                     : 1

	No process in device.
	Chip ID                        : 0

2026-09-06T02:20:45+08:00
	NPU ID                         : 6
	Chip Count                     : 1

	No process in device.
	Chip ID                        : 0

2026-09-06T02:20:51+08:00
	NPU ID                         : 6
	Chip Count                     : 1

	No process in device.
	Chip ID                        : 0

2026-09-06T02:20:56+08:00
	NPU ID                         : 6
	Chip Count                     : 1

	No process in device.
	Chip ID                        : 0

2026-09-06T02:21:02+08:00
	NPU ID                         : 6
	Chip Count                     : 1

	No process in device.
	Chip ID                        : 0

2026-09-06T02:21:07+08:00
	NPU ID                         : 6
	Chip Count                     : 1

	No process in device.
	Chip ID                        : 0

2026-09-06T02:21:13+08:00
	NPU ID                         : 6
	Chip Count                     : 1

	No process in device.
	Chip ID                        : 0

2026-09-06T02:21:18+08:00
	NPU ID                         : 6
	Chip Count                     : 1

	No process in device.
	Chip ID                        : 0

2026-09-06T02:21:24+08:00
	NPU ID                         : 6
	Chip Count                     : 1

	No process in device.
	Chip ID                        : 0

2026-09-06T02:21:24+08:00
	NPU ID                         : 6
	Chip Count                     : 1

	No process in device.
	Chip ID                        : 0

