OCR API ready worker_pid=109468; preparing table crops in RAM
Frozen ALL cohort: 665 tables (121 LaTeX, 544 non-LaTeX)
Scheduled 100 Poisson arrivals at 6 QPS; request limit=100; last scheduled arrival at 16.852s; HTTP endpoint=http://127.0.0.1:8767/v1/ocr
Writing each completion to tmp/19_table_ocr_serving/integrated_runtime_20260913/poisson100/b8/measured/results/results.jsonl
[   0.024s] SEND #00001 table=page_000287_table_box_id_8 lag=   0.4ms active=1
[   0.338s] SEND #00002 table=page_001367_table_51 lag=   0.6ms active=2
[   0.579s] SEND #00003 table=page_000236_table_box_id_1 lag=   1.2ms active=3
[   0.628s] SEND #00004 table=page_000634_table_11 lag=   1.0ms active=4
[   0.742s] SEND #00005 table=page_000272_table_box_id_1 lag=   1.2ms active=5
[   0.841s] SEND #00006 table=page_001172_table_16 lag=   0.6ms active=6
[   1.018s] SEND #00007 table=page_001137_table_2 lag=   1.8ms active=7
[   1.269s] RECV #00003 table=page_000236_table_box_id_1 request= 0.690s scheduled= 0.692s status=ok active=6
[   1.276s] SEND #00008 table=page_001150_table_box_id_9 lag=   0.8ms active=7
[   1.293s] SEND #00009 table=page_000920_table_8 lag=   1.2ms active=8
[   1.297s] SEND #00010 table=page_000524_table_0 lag=   0.6ms active=9
[   1.494s] RECV #00002 table=page_001367_table_51 request= 1.156s scheduled= 1.156s status=ok active=8
[   1.599s] SEND #00011 table=page_000256_table_box_id_8 lag=   1.7ms active=9
[   1.606s] RECV #00006 table=page_001172_table_16 request= 0.765s scheduled= 0.765s status=ok active=8
[   1.692s] SEND #00012 table=page_001166_table_9 lag=   0.4ms active=9
[   1.804s] RECV #00009 table=page_000920_table_8 request= 0.511s scheduled= 0.512s status=ok active=8
[   1.846s] RECV #00004 table=page_000634_table_11 request= 1.219s scheduled= 1.220s status=ok active=7
[   1.932s] SEND #00013 table=page_000211_table_box_id_3 lag=   0.5ms active=8
[   1.932s] SEND #00014 table=page_000933_table_10 lag=   0.5ms active=9
[   2.031s] SEND #00015 table=page_001129_table_8 lag=   0.8ms active=10
[   2.122s] RECV #00011 table=page_000256_table_box_id_8 request= 0.523s scheduled= 0.525s status=ok active=9
[   2.206s] RECV #00012 table=page_001166_table_9 request= 0.514s scheduled= 0.514s status=ok active=8
[   2.244s] SEND #00016 table=page_001375_table_7 lag=   0.6ms active=9
[   2.288s] SEND #00017 table=page_000106_table_box_id_2 lag=   1.0ms active=10
[   2.292s] RECV #00014 table=page_000933_table_10 request= 0.360s scheduled= 0.360s status=ok active=9
[   2.294s] RECV #00008 table=page_001150_table_box_id_9 request= 1.018s scheduled= 1.019s status=ok active=8
[   2.593s] RECV #00016 table=page_001375_table_7 request= 0.349s scheduled= 0.350s status=ok active=7
[   2.617s] RECV #00007 table=page_001137_table_2 request= 1.599s scheduled= 1.601s status=ok active=6
[   2.771s] SEND #00018 table=page_001134_table_10 lag=   0.3ms active=7
[   2.925s] RECV #00010 table=page_000524_table_0 request= 1.628s scheduled= 1.628s status=ok active=6
[   2.979s] RECV #00013 table=page_000211_table_box_id_3 request= 1.046s scheduled= 1.047s status=ok active=5
[   3.103s] RECV #00017 table=page_000106_table_box_id_2 request= 0.816s scheduled= 0.817s status=ok active=4
[   3.158s] SEND #00019 table=page_000642_table_8 lag=   0.9ms active=5
[   3.163s] SEND #00020 table=page_000564_table_7 lag=   0.5ms active=6
[   3.167s] SEND #00021 table=page_001368_table_box_id_242 lag=   1.0ms active=7
[   3.297s] SEND #00022 table=page_000263_table_box_id_7 lag=   0.8ms active=8
[   3.648s] RECV #00021 table=page_001368_table_box_id_242 request= 0.481s scheduled= 0.482s status=ok active=7
[   3.720s] RECV #00020 table=page_000564_table_7 request= 0.558s scheduled= 0.558s status=ok active=6
[   3.764s] SEND #00023 table=page_000746_table_18 lag=   0.9ms active=7
[   3.843s] RECV #00015 table=page_001129_table_8 request= 1.812s scheduled= 1.813s status=ok active=6
[   3.843s] SEND #00024 table=page_000213_table_box_id_5 lag=   0.6ms active=7
[   3.884s] SEND #00025 table=page_000206_table_box_id_1 lag=   0.8ms active=8
[   3.976s] SEND #00026 table=page_000209_table_box_id_1 lag=   1.1ms active=9
[   3.980s] SEND #00027 table=page_001216_table_2 lag=   0.4ms active=10
[   4.022s] SEND #00028 table=page_000188_table_box_id_6 lag=   0.4ms active=11
[   4.119s] SEND #00029 table=page_000921_table_9 lag=   1.2ms active=12
[   4.233s] SEND #00030 table=page_000533_table_8 lag=   1.1ms active=13
[   4.277s] SEND #00031 table=page_001123_table_14 lag=   0.6ms active=14
[   4.320s] SEND #00032 table=page_001503_table_5 lag=   0.6ms active=15
[   4.361s] RECV #00018 table=page_001134_table_10 request= 1.590s scheduled= 1.590s status=ok active=14
[   4.361s] SEND #00033 table=page_001197_table_5 lag=   0.3ms active=15
[   4.464s] SEND #00034 table=page_000542_table_0 lag=   0.9ms active=16
[   4.521s] SEND #00035 table=page_001130_table_1 lag=   0.6ms active=17
[   4.525s] SEND #00036 table=page_001595_table_box_id_9 lag=   1.0ms active=18
[   4.528s] RECV #00001 table=page_000287_table_box_id_8 request= 4.504s scheduled= 4.504s status=ok active=17
[   4.661s] RECV #00025 table=page_000206_table_box_id_1 request= 0.777s scheduled= 0.778s status=ok active=16
[   4.770s] RECV #00026 table=page_000209_table_box_id_1 request= 0.794s scheduled= 0.795s status=ok active=15
[   4.827s] SEND #00037 table=page_001233_table_6 lag=   0.3ms active=16
[   4.864s] RECV #00024 table=page_000213_table_box_id_5 request= 1.020s scheduled= 1.021s status=ok active=15
[   4.963s] SEND #00038 table=page_000585_table_1 lag=   0.8ms active=16
[   5.002s] RECV #00019 table=page_000642_table_8 request= 1.844s scheduled= 1.845s status=ok active=15
[   5.065s] RECV #00028 table=page_000188_table_box_id_6 request= 1.043s scheduled= 1.043s status=ok active=14
[   5.126s] RECV #00029 table=page_000921_table_9 request= 1.007s scheduled= 1.009s status=ok active=13
[   5.135s] SEND #00039 table=page_000821_table_box_id_26 lag=   0.8ms active=14
[   5.168s] SEND #00040 table=page_000566_table_3 lag=   0.2ms active=15
[   5.234s] RECV #00032 table=page_001503_table_5 request= 0.914s scheduled= 0.914s status=ok active=14
[   5.329s] RECV #00023 table=page_000746_table_18 request= 1.565s scheduled= 1.566s status=ok active=13
[   5.430s] RECV #00030 table=page_000533_table_8 request= 1.197s scheduled= 1.198s status=ok active=12
[   5.484s] RECV #00035 table=page_001130_table_1 request= 0.963s scheduled= 0.964s status=ok active=11
[   5.579s] RECV #00036 table=page_001595_table_box_id_9 request= 1.054s scheduled= 1.055s status=ok active=10
[   5.685s] RECV #00031 table=page_001123_table_14 request= 1.409s scheduled= 1.409s status=ok active=9
[   5.780s] RECV #00039 table=page_000821_table_box_id_26 request= 0.646s scheduled= 0.647s status=ok active=8
[   5.963s] RECV #00027 table=page_001216_table_2 request= 1.983s scheduled= 1.983s status=ok active=7
[   5.985s] SEND #00041 table=page_000534_table_4 lag=   0.2ms active=8
[   6.219s] RECV #00034 table=page_000542_table_0 request= 1.755s scheduled= 1.756s status=ok active=7
[   6.313s] SEND #00042 table=page_001141_table_13 lag=   0.6ms active=8
[   6.324s] RECV #00037 table=page_001233_table_6 request= 1.497s scheduled= 1.497s status=ok active=7
[   6.335s] SEND #00043 table=page_000665_table_3 lag=   1.2ms active=8
[   6.402s] SEND #00044 table=page_001417_table_2 lag=   0.5ms active=9
[   6.415s] RECV #00043 table=page_000665_table_3 request= 0.080s scheduled= 0.081s status=ok active=8
[   6.546s] RECV #00044 table=page_001417_table_2 request= 0.144s scheduled= 0.145s status=ok active=7
[   6.615s] SEND #00045 table=page_001117_table_box_id_7 lag=   1.1ms active=8
[   6.669s] RECV #00038 table=page_000585_table_1 request= 1.706s scheduled= 1.706s status=ok active=7
[   6.732s] RECV #00041 table=page_000534_table_4 request= 0.748s scheduled= 0.748s status=ok active=6
[   6.759s] RECV #00040 table=page_000566_table_3 request= 1.590s scheduled= 1.590s status=ok active=5
[   6.822s] SEND #00046 table=page_001270_table_box_id_1 lag=   1.0ms active=6
[   6.858s] RECV #00045 table=page_001117_table_box_id_7 request= 0.243s scheduled= 0.244s status=ok active=5
[   6.865s] RECV #00033 table=page_001197_table_5 request= 2.504s scheduled= 2.504s status=ok active=4
[   7.009s] RECV #00042 table=page_001141_table_13 request= 0.697s scheduled= 0.697s status=ok active=3
[   7.201s] RECV #00022 table=page_000263_table_box_id_7 request= 3.904s scheduled= 3.905s status=ok active=2
[   7.281s] SEND #00047 table=page_000261_table_box_id_3 lag=   0.6ms active=3
[   7.373s] SEND #00048 table=page_000505_table_1 lag=   1.1ms active=4
[   7.668s] SEND #00049 table=page_000682_table_15 lag=   1.0ms active=5
[   7.853s] SEND #00050 table=page_000275_table_box_id_1 lag=   0.9ms active=6
[   7.854s] RECV #00049 table=page_000682_table_15 request= 0.186s scheduled= 0.187s status=ok active=5
[   7.913s] SEND #00051 table=page_000789_table_34 lag=   0.2ms active=6
[   8.058s] RECV #00051 table=page_000789_table_34 request= 0.145s scheduled= 0.146s status=ok active=5
[   8.060s] SEND #00052 table=page_001177_table_2 lag=   0.3ms active=6
[   8.417s] SEND #00053 table=page_001398_table_box-13qv1ztw lag=   0.5ms active=7
[   8.444s] RECV #00005 table=page_000272_table_box_id_1 request= 7.702s scheduled= 7.703s status=ok active=6
[   8.613s] RECV #00046 table=page_001270_table_box_id_1 request= 1.791s scheduled= 1.792s status=ok active=5
[   8.647s] RECV #00053 table=page_001398_table_box-13qv1ztw request= 0.230s scheduled= 0.231s status=ok active=4
[   8.730s] SEND #00054 table=page_001183_table_11 lag=   1.0ms active=5
[   8.738s] RECV #00052 table=page_001177_table_2 request= 0.677s scheduled= 0.678s status=ok active=4
[   8.844s] RECV #00048 table=page_000505_table_1 request= 1.471s scheduled= 1.473s status=ok active=3
[   8.847s] SEND #00055 table=page_000507_table_0 lag=   0.8ms active=4
[   8.995s] SEND #00056 table=page_000710_table_9 lag=   0.5ms active=5
[   9.001s] SEND #00057 table=page_000657_table_6 lag=   0.6ms active=6
[   9.047s] SEND #00058 table=page_001368_table_box_id_227 lag=   0.9ms active=7
[   9.150s] RECV #00057 table=page_000657_table_6 request= 0.150s scheduled= 0.150s status=ok active=6
[   9.229s] RECV #00056 table=page_000710_table_9 request= 0.234s scheduled= 0.235s status=ok active=5
[   9.252s] RECV #00054 table=page_001183_table_11 request= 0.522s scheduled= 0.523s status=ok active=4
[   9.311s] RECV #00055 table=page_000507_table_0 request= 0.465s scheduled= 0.465s status=ok active=3
[   9.313s] SEND #00059 table=page_001176_table_4 lag=   0.3ms active=4
[   9.403s] SEND #00060 table=page_001181_table_6 lag=   1.1ms active=5
[   9.434s] SEND #00061 table=page_000937_table_0 lag=   0.6ms active=6
[   9.567s] SEND #00062 table=page_001368_table_box_id_237 lag=   1.0ms active=7
[   9.769s] SEND #00063 table=page_000217_table_box_id_0 lag=   0.5ms active=8
[   9.956s] SEND #00064 table=page_001159_table_5 lag=   0.4ms active=9
[  10.028s] RECV #00062 table=page_001368_table_box_id_237 request= 0.461s scheduled= 0.462s status=ok active=8
[  10.035s] SEND #00065 table=page_000626_table_box_id_1 lag=   0.9ms active=9
[  10.111s] RECV #00058 table=page_001368_table_box_id_227 request= 1.063s scheduled= 1.064s status=ok active=8
[  10.124s] RECV #00061 table=page_000937_table_0 request= 0.690s scheduled= 0.691s status=ok active=7
[  10.131s] SEND #00066 table=page_000984_table_2 lag=   0.7ms active=8
[  10.251s] SEND #00067 table=page_001082_table_34 lag=   2.1ms active=9
[  10.281s] RECV #00063 table=page_000217_table_box_id_0 request= 0.512s scheduled= 0.513s status=ok active=8
[  10.287s] RECV #00066 table=page_000984_table_2 request= 0.156s scheduled= 0.157s status=ok active=7
[  10.299s] RECV #00047 table=page_000261_table_box_id_3 request= 3.018s scheduled= 3.019s status=ok active=6
[  10.500s] SEND #00068 table=page_000467_table_17 lag=   0.5ms active=7
[  10.623s] SEND #00069 table=page_000866_table_14 lag=   0.7ms active=8
[  10.707s] SEND #00070 table=page_001227_table_10 lag=   1.2ms active=9
[  10.819s] SEND #00071 table=page_000916_table_7 lag=   0.9ms active=10
[  10.824s] SEND #00072 table=page_000251_table_box_id_7 lag=   1.0ms active=11
[  10.830s] SEND #00073 table=page_001131_table_15 lag=   0.3ms active=12
[  10.870s] RECV #00064 table=page_001159_table_5 request= 0.914s scheduled= 0.914s status=ok active=11
[  11.033s] SEND #00074 table=page_001183_table_12 lag=   0.8ms active=12
[  11.036s] RECV #00069 table=page_000866_table_14 request= 0.413s scheduled= 0.414s status=ok active=11
[  11.215s] RECV #00059 table=page_001176_table_4 request= 1.902s scheduled= 1.902s status=ok active=10
[  11.450s] RECV #00067 table=page_001082_table_34 request= 1.199s scheduled= 1.202s status=ok active=9
[  11.586s] RECV #00071 table=page_000916_table_7 request= 0.767s scheduled= 0.768s status=ok active=8
[  11.714s] SEND #00075 table=page_000266_table_box_id_7 lag=   0.5ms active=9
[  11.749s] RECV #00073 table=page_001131_table_15 request= 0.918s scheduled= 0.919s status=ok active=8
[  11.864s] SEND #00076 table=page_000447_table_12 lag=   0.8ms active=9
[  11.924s] RECV #00060 table=page_001181_table_6 request= 2.521s scheduled= 2.522s status=ok active=8
[  11.948s] SEND #00077 table=page_001193_table_4 lag=   0.7ms active=9
[  11.975s] RECV #00075 table=page_000266_table_box_id_7 request= 0.260s scheduled= 0.261s status=ok active=8
[  11.979s] SEND #00078 table=page_001368_table_box_id_239 lag=   1.0ms active=9
[  12.095s] SEND #00079 table=page_000903_table_15 lag=   0.6ms active=10
[  12.158s] RECV #00072 table=page_000251_table_box_id_7 request= 1.334s scheduled= 1.335s status=ok active=9
[  12.223s] RECV #00074 table=page_001183_table_12 request= 1.189s scheduled= 1.190s status=ok active=8
[  12.273s] RECV #00068 table=page_000467_table_17 request= 1.773s scheduled= 1.773s status=ok active=7
[  12.375s] RECV #00079 table=page_000903_table_15 request= 0.280s scheduled= 0.281s status=ok active=6
[  12.408s] RECV #00078 table=page_001368_table_box_id_239 request= 0.429s scheduled= 0.430s status=ok active=5
[  12.432s] RECV #00076 table=page_000447_table_12 request= 0.568s scheduled= 0.569s status=ok active=4
[  12.441s] RECV #00077 table=page_001193_table_4 request= 0.493s scheduled= 0.494s status=ok active=3
[  12.766s] SEND #00080 table=page_001167_table_2 lag=   1.0ms active=4
[  12.866s] RECV #00070 table=page_001227_table_10 request= 2.159s scheduled= 2.161s status=ok active=3
[  13.012s] SEND #00081 table=page_000212_table_box_id_1 lag=   2.0ms active=4
[  13.114s] RECV #00065 table=page_000626_table_box_id_1 request= 3.080s scheduled= 3.081s status=ok active=3
[  13.140s] SEND #00082 table=page_001147_table_10 lag=   1.0ms active=4
[  13.191s] RECV #00080 table=page_001167_table_2 request= 0.426s scheduled= 0.427s status=ok active=3
[  13.468s] SEND #00083 table=page_000223_table_box_id_2 lag=   0.7ms active=4
[  13.512s] SEND #00084 table=page_000716_table_0 lag=   0.5ms active=5
[  13.633s] SEND #00085 table=page_000937_table_1 lag=   1.1ms active=6
[  13.785s] RECV #00084 table=page_000716_table_0 request= 0.274s scheduled= 0.274s status=ok active=5
[  13.947s] RECV #00085 table=page_000937_table_1 request= 0.314s scheduled= 0.315s status=ok active=4
[  14.139s] SEND #00086 table=page_000465_table_10 lag=   0.3ms active=5
[  14.284s] SEND #00087 table=page_000465_table_8 lag=   1.4ms active=6
[  14.386s] SEND #00088 table=page_001179_table_6 lag=   0.8ms active=7
[  14.438s] SEND #00089 table=page_000554_table_12 lag=   0.4ms active=8
[  14.571s] SEND #00090 table=page_000199_table_box_id_0 lag=   1.1ms active=9
[  14.608s] RECV #00050 table=page_000275_table_box_id_1 request= 6.755s scheduled= 6.755s status=ok active=8
[  14.731s] RECV #00081 table=page_000212_table_box_id_1 request= 1.719s scheduled= 1.721s status=ok active=7
[  14.773s] RECV #00089 table=page_000554_table_12 request= 0.335s scheduled= 0.335s status=ok active=6
[  14.807s] RECV #00086 table=page_000465_table_10 request= 0.667s scheduled= 0.668s status=ok active=5
[  14.918s] RECV #00087 table=page_000465_table_8 request= 0.634s scheduled= 0.636s status=ok active=4
[  15.055s] RECV #00083 table=page_000223_table_box_id_2 request= 1.587s scheduled= 1.588s status=ok active=3
[  15.096s] SEND #00091 table=page_000516_table_0 lag=   0.9ms active=4
[  15.096s] SEND #00092 table=page_001214_table_8 lag=   0.4ms active=5
[  15.105s] RECV #00082 table=page_001147_table_10 request= 1.965s scheduled= 1.966s status=ok active=4
[  15.352s] SEND #00093 table=page_001368_table_box_id_161 lag=   1.1ms active=5
[  15.636s] RECV #00092 table=page_001214_table_8 request= 0.540s scheduled= 0.541s status=ok active=4
[  15.638s] SEND #00094 table=page_000577_table_3 lag=   0.7ms active=5
[  15.885s] RECV #00093 table=page_001368_table_box_id_161 request= 0.533s scheduled= 0.534s status=ok active=4
[  15.977s] RECV #00094 table=page_000577_table_3 request= 0.339s scheduled= 0.340s status=ok active=3
[  16.000s] SEND #00095 table=page_000984_table_3 lag=   0.4ms active=4
[  16.225s] SEND #00096 table=page_001187_table_0 lag=   0.6ms active=5
[  16.476s] RECV #00090 table=page_000199_table_box_id_0 request= 1.905s scheduled= 1.906s status=ok active=4
[  16.501s] SEND #00097 table=page_000821_table_box_id_14 lag=   0.4ms active=5
[  16.508s] RECV #00091 table=page_000516_table_0 request= 1.413s scheduled= 1.414s status=ok active=4
[  16.623s] SEND #00098 table=page_000833_table_4 lag=   1.0ms active=5
[  16.637s] RECV #00097 table=page_000821_table_box_id_14 request= 0.136s scheduled= 0.137s status=ok active=4
[  16.716s] RECV #00095 table=page_000984_table_3 request= 0.716s scheduled= 0.716s status=ok active=3
[  16.760s] SEND #00099 table=page_001375_table_31 lag=   0.6ms active=4
[  16.853s] SEND #00100 table=page_000645_table_7 lag=   1.0ms active=5
[  16.913s] RECV #00088 table=page_001179_table_6 request= 2.527s scheduled= 2.528s status=ok active=4
[  16.918s] RECV #00099 table=page_001375_table_31 request= 0.158s scheduled= 0.159s status=ok active=3
[  17.029s] RECV #00098 table=page_000833_table_4 request= 0.406s scheduled= 0.407s status=ok active=2
[  17.037s] RECV #00100 table=page_000645_table_7 request= 0.184s scheduled= 0.185s status=ok active=1
[  19.013s] RECV #00096 table=page_001187_table_0 request= 2.788s scheduled= 2.789s status=ok active=0
DONE completed=100 failed=0 max_active=18 p50=0.806s p95=3.022s max=7.703s
Summary: tmp/19_table_ocr_serving/integrated_runtime_20260913/poisson100/b8/measured/results/summary.json
