nohup: ignoring input
2026-09-06T09:01:15+08:00
	NPU ID                         : 6
	Chip Count                     : 1

	No process in device.
	Chip ID                        : 0

	NPU ID                         : 6
	Chip Count                     : 1

	Chip ID                        : 0
	Memory Usage Rate(%)           : 0
	HBM Usage Rate(%)              : 5
	Aicore Usage Rate(%)           : 0
	Aicore Freq(MHZ)               : 1800
	Aicore curFreq(MHZ)            : 1800
	Aicore Count                   : 24
	Temperature(C)                 : 48
	NPU Real-time Power(W)         : 110.6

	Chip Name                      : mcu
	Temperature(C)                 : 43
2026-09-06T09:01:22+08:00
	NPU ID                         : 6
	Chip Count                     : 1

	No process in device.
	Chip ID                        : 0

	NPU ID                         : 6
	Chip Count                     : 1

	Chip ID                        : 0
	Memory Usage Rate(%)           : 0
	HBM Usage Rate(%)              : 5
	Aicore Usage Rate(%)           : 0
	Aicore Freq(MHZ)               : 1800
	Aicore curFreq(MHZ)            : 1800
	Aicore Count                   : 24
	Temperature(C)                 : 48
	NPU Real-time Power(W)         : 110.8

	Chip Name                      : mcu
	Temperature(C)                 : 43
2026-09-06T09:01:28+08:00
	NPU ID                         : 6
	Chip Count                     : 1

	No process in device.
	Chip ID                        : 0

	NPU ID                         : 6
	Chip Count                     : 1

	Chip ID                        : 0
	Memory Usage Rate(%)           : 0
	HBM Usage Rate(%)              : 5
	Aicore Usage Rate(%)           : 0
	Aicore Freq(MHZ)               : 1800
	Aicore curFreq(MHZ)            : 1800
	Aicore Count                   : 24
	Temperature(C)                 : 48
	NPU Real-time Power(W)         : 110.4

	Chip Name                      : mcu
	Temperature(C)                 : 43
2026-09-06T09:01:34+08:00
	NPU ID                         : 6
	Chip Count                     : 1

	No process in device.
	Chip ID                        : 0

	NPU ID                         : 6
	Chip Count                     : 1

	Chip ID                        : 0
	Memory Usage Rate(%)           : 0
	HBM Usage Rate(%)              : 5
	Aicore Usage Rate(%)           : 0
	Aicore Freq(MHZ)               : 1800
	Aicore curFreq(MHZ)            : 1800
	Aicore Count                   : 24
	Temperature(C)                 : 48
	NPU Real-time Power(W)         : 110.5

	Chip Name                      : mcu
	Temperature(C)                 : 43
2026-09-06T09:01:40+08:00
	NPU ID                         : 6
	Chip Count                     : 1

	No process in device.
	Chip ID                        : 0

	NPU ID                         : 6
	Chip Count                     : 1

	Chip ID                        : 0
	Memory Usage Rate(%)           : 0
	HBM Usage Rate(%)              : 5
	Aicore Usage Rate(%)           : 0
	Aicore Freq(MHZ)               : 1800
	Aicore curFreq(MHZ)            : 1800
	Aicore Count                   : 24
	Temperature(C)                 : 48
	NPU Real-time Power(W)         : 110.7

	Chip Name                      : mcu
	Temperature(C)                 : 43
2026-09-06T09:01:46+08:00
	NPU ID                         : 6
	Chip Count                     : 1

	No process in device.
	Chip ID                        : 0

	NPU ID                         : 6
	Chip Count                     : 1

	Chip ID                        : 0
	Memory Usage Rate(%)           : 0
	HBM Usage Rate(%)              : 5
	Aicore Usage Rate(%)           : 0
	Aicore Freq(MHZ)               : 1800
	Aicore curFreq(MHZ)            : 1800
	Aicore Count                   : 24
	Temperature(C)                 : 48
	NPU Real-time Power(W)         : 110.5

	Chip Name                      : mcu
	Temperature(C)                 : 43
2026-09-06T09:01:52+08:00
	NPU ID                         : 6
	Chip Count                     : 1

	Process id:2029433 Process name:python            Process memory(MB):105
	Chip ID                        : 0

	NPU ID                         : 6
	Chip Count                     : 1

	Chip ID                        : 0
	Memory Usage Rate(%)           : 0
	HBM Usage Rate(%)              : 5
	Aicore Usage Rate(%)           : 0
	Aicore Freq(MHZ)               : 1800
	Aicore curFreq(MHZ)            : 1800
	Aicore Count                   : 24
	Temperature(C)                 : 49
	NPU Real-time Power(W)         : 111.0

	Chip Name                      : mcu
	Temperature(C)                 : 43
2026-09-06T09:01:58+08:00
	NPU ID                         : 6
	Chip Count                     : 1

	Process id:2029433 Process name:python            Process memory(MB):105
	Chip ID                        : 0

	NPU ID                         : 6
	Chip Count                     : 1

	Chip ID                        : 0
	Memory Usage Rate(%)           : 0
	HBM Usage Rate(%)              : 5
	Aicore Usage Rate(%)           : 0
	Aicore Freq(MHZ)               : 1800
	Aicore curFreq(MHZ)            : 1800
	Aicore Count                   : 24
	Temperature(C)                 : 49
	NPU Real-time Power(W)         : 111.2

	Chip Name                      : mcu
	Temperature(C)                 : 43
2026-09-06T09:02:04+08:00
	NPU ID                         : 6
	Chip Count                     : 1

	Process id:2029433 Process name:python            Process memory(MB):3855
	Chip ID                        : 0

	NPU ID                         : 6
	Chip Count                     : 1

	Chip ID                        : 0
	Memory Usage Rate(%)           : 0
	HBM Usage Rate(%)              : 11
	Aicore Usage Rate(%)           : 0
	Aicore Freq(MHZ)               : 1800
	Aicore curFreq(MHZ)            : 1800
	Aicore Count                   : 24
	Temperature(C)                 : 50
	NPU Real-time Power(W)         : 111.0

	Chip Name                      : mcu
	Temperature(C)                 : 43
2026-09-06T09:02:10+08:00
	NPU ID                         : 6
	Chip Count                     : 1

	Process id:2029433 Process name:python            Process memory(MB):3855
	Chip ID                        : 0

	NPU ID                         : 6
	Chip Count                     : 1

	Chip ID                        : 0
	Memory Usage Rate(%)           : 0
	HBM Usage Rate(%)              : 11
	Aicore Usage Rate(%)           : 0
	Aicore Freq(MHZ)               : 1800
	Aicore curFreq(MHZ)            : 1800
	Aicore Count                   : 24
	Temperature(C)                 : 50
	NPU Real-time Power(W)         : 111.1

	Chip Name                      : mcu
	Temperature(C)                 : 43
2026-09-06T09:02:16+08:00
	NPU ID                         : 6
	Chip Count                     : 1

	Process id:2029433 Process name:python            Process memory(MB):4169
	Chip ID                        : 0

	NPU ID                         : 6
	Chip Count                     : 1

	Chip ID                        : 0
	Memory Usage Rate(%)           : 0
	HBM Usage Rate(%)              : 11
	Aicore Usage Rate(%)           : 0
	Aicore Freq(MHZ)               : 1800
	Aicore curFreq(MHZ)            : 1800
	Aicore Count                   : 24
	Temperature(C)                 : 50
	NPU Real-time Power(W)         : 111.5

	Chip Name                      : mcu
	Temperature(C)                 : 43
2026-09-06T09:02:23+08:00
	NPU ID                         : 6
	Chip Count                     : 1

	Process id:2029433 Process name:python            Process memory(MB):7039
	Chip ID                        : 0

	NPU ID                         : 6
	Chip Count                     : 1

	Chip ID                        : 0
	Memory Usage Rate(%)           : 0
	HBM Usage Rate(%)              : 15
	Aicore Usage Rate(%)           : 0
	Aicore Freq(MHZ)               : 1800
	Aicore curFreq(MHZ)            : 1800
	Aicore Count                   : 24
	Temperature(C)                 : 50
	NPU Real-time Power(W)         : 110.9

	Chip Name                      : mcu
	Temperature(C)                 : 43
2026-09-06T09:02:29+08:00
	NPU ID                         : 6
	Chip Count                     : 1

	Process id:2029433 Process name:python            Process memory(MB):7039
	Chip ID                        : 0

	NPU ID                         : 6
	Chip Count                     : 1

	Chip ID                        : 0
	Memory Usage Rate(%)           : 0
	HBM Usage Rate(%)              : 15
	Aicore Usage Rate(%)           : 0
	Aicore Freq(MHZ)               : 1800
	Aicore curFreq(MHZ)            : 1800
	Aicore Count                   : 24
	Temperature(C)                 : 49
	NPU Real-time Power(W)         : 110.7

	Chip Name                      : mcu
	Temperature(C)                 : 43
2026-09-06T09:02:35+08:00
	NPU ID                         : 6
	Chip Count                     : 1

	Process id:2029433 Process name:python            Process memory(MB):7039
	Chip ID                        : 0

	NPU ID                         : 6
	Chip Count                     : 1

	Chip ID                        : 0
	Memory Usage Rate(%)           : 0
	HBM Usage Rate(%)              : 15
	Aicore Usage Rate(%)           : 0
	Aicore Freq(MHZ)               : 1800
	Aicore curFreq(MHZ)            : 1800
	Aicore Count                   : 24
	Temperature(C)                 : 49
	NPU Real-time Power(W)         : 110.6

	Chip Name                      : mcu
	Temperature(C)                 : 43
2026-09-06T09:02:41+08:00
	NPU ID                         : 6
	Chip Count                     : 1

	Process id:2029433 Process name:python            Process memory(MB):7039
	Chip ID                        : 0

	NPU ID                         : 6
	Chip Count                     : 1

	Chip ID                        : 0
	Memory Usage Rate(%)           : 0
	HBM Usage Rate(%)              : 15
	Aicore Usage Rate(%)           : 0
	Aicore Freq(MHZ)               : 1800
	Aicore curFreq(MHZ)            : 1800
	Aicore Count                   : 24
	Temperature(C)                 : 49
	NPU Real-time Power(W)         : 110.7

	Chip Name                      : mcu
	Temperature(C)                 : 43
2026-09-06T09:02:47+08:00
	NPU ID                         : 6
	Chip Count                     : 1

	Process id:2029433 Process name:python            Process memory(MB):7039
	Chip ID                        : 0

	NPU ID                         : 6
	Chip Count                     : 1

	Chip ID                        : 0
	Memory Usage Rate(%)           : 0
	HBM Usage Rate(%)              : 15
	Aicore Usage Rate(%)           : 57
	Aicore Freq(MHZ)               : 1800
	Aicore curFreq(MHZ)            : 1800
	Aicore Count                   : 24
	Temperature(C)                 : 50
	NPU Real-time Power(W)         : 197.5

	Chip Name                      : mcu
	Temperature(C)                 : 43
2026-09-06T09:02:53+08:00
	NPU ID                         : 6
	Chip Count                     : 1

	Process id:2029433 Process name:python            Process memory(MB):7071
	Chip ID                        : 0

	NPU ID                         : 6
	Chip Count                     : 1

	Chip ID                        : 0
	Memory Usage Rate(%)           : 0
	HBM Usage Rate(%)              : 15
	Aicore Usage Rate(%)           : 0
	Aicore Freq(MHZ)               : 1800
	Aicore curFreq(MHZ)            : 1800
	Aicore Count                   : 24
	Temperature(C)                 : 48
	NPU Real-time Power(W)         : 110.1

	Chip Name                      : mcu
	Temperature(C)                 : 43
2026-09-06T09:02:59+08:00
	NPU ID                         : 6
	Chip Count                     : 1

	Process id:2029433 Process name:python            Process memory(MB):7071
	Chip ID                        : 0

	NPU ID                         : 6
	Chip Count                     : 1

	Chip ID                        : 0
	Memory Usage Rate(%)           : 0
	HBM Usage Rate(%)              : 15
	Aicore Usage Rate(%)           : 0
	Aicore Freq(MHZ)               : 1800
	Aicore curFreq(MHZ)            : 1800
	Aicore Count                   : 24
	Temperature(C)                 : 48
	NPU Real-time Power(W)         : 110.6

	Chip Name                      : mcu
	Temperature(C)                 : 43
2026-09-06T09:03:05+08:00
	NPU ID                         : 6
	Chip Count                     : 1

	Process id:2029433 Process name:python            Process memory(MB):7075
	Chip ID                        : 0

	NPU ID                         : 6
	Chip Count                     : 1

	Chip ID                        : 0
	Memory Usage Rate(%)           : 0
	HBM Usage Rate(%)              : 15
	Aicore Usage Rate(%)           : 0
	Aicore Freq(MHZ)               : 1800
	Aicore curFreq(MHZ)            : 1800
	Aicore Count                   : 24
	Temperature(C)                 : 48
	NPU Real-time Power(W)         : 110.6

	Chip Name                      : mcu
	Temperature(C)                 : 43
2026-09-06T09:03:11+08:00
	NPU ID                         : 6
	Chip Count                     : 1

	Process id:2029433 Process name:python            Process memory(MB):7075
	Chip ID                        : 0

	NPU ID                         : 6
	Chip Count                     : 1

	Chip ID                        : 0
	Memory Usage Rate(%)           : 0
	HBM Usage Rate(%)              : 15
	Aicore Usage Rate(%)           : 0
	Aicore Freq(MHZ)               : 1800
	Aicore curFreq(MHZ)            : 1800
	Aicore Count                   : 24
	Temperature(C)                 : 47
	NPU Real-time Power(W)         : 110.5

	Chip Name                      : mcu
	Temperature(C)                 : 43
2026-09-06T09:03:17+08:00
	NPU ID                         : 6
	Chip Count                     : 1

	Process id:2029433 Process name:python            Process memory(MB):7075
	Chip ID                        : 0

	NPU ID                         : 6
	Chip Count                     : 1

	Chip ID                        : 0
	Memory Usage Rate(%)           : 0
	HBM Usage Rate(%)              : 15
	Aicore Usage Rate(%)           : 57
	Aicore Freq(MHZ)               : 1800
	Aicore curFreq(MHZ)            : 1800
	Aicore Count                   : 24
	Temperature(C)                 : 51
	NPU Real-time Power(W)         : 202.1

	Chip Name                      : mcu
	Temperature(C)                 : 43
2026-09-06T09:03:23+08:00
	NPU ID                         : 6
	Chip Count                     : 1

	Process id:2029433 Process name:python            Process memory(MB):7075
	Chip ID                        : 0

	NPU ID                         : 6
	Chip Count                     : 1

	Chip ID                        : 0
	Memory Usage Rate(%)           : 0
	HBM Usage Rate(%)              : 15
	Aicore Usage Rate(%)           : 49
	Aicore Freq(MHZ)               : 1800
	Aicore curFreq(MHZ)            : 1800
	Aicore Count                   : 24
	Temperature(C)                 : 51
	NPU Real-time Power(W)         : 232.3

	Chip Name                      : mcu
	Temperature(C)                 : 44
2026-09-06T09:03:30+08:00
	NPU ID                         : 6
	Chip Count                     : 1

	Process id:2029433 Process name:python            Process memory(MB):7075
	Chip ID                        : 0

	NPU ID                         : 6
	Chip Count                     : 1

	Chip ID                        : 0
	Memory Usage Rate(%)           : 0
	HBM Usage Rate(%)              : 15
	Aicore Usage Rate(%)           : 54
	Aicore Freq(MHZ)               : 1800
	Aicore curFreq(MHZ)            : 1800
	Aicore Count                   : 24
	Temperature(C)                 : 51
	NPU Real-time Power(W)         : 199.4

	Chip Name                      : mcu
	Temperature(C)                 : 44
2026-09-06T09:03:36+08:00
	NPU ID                         : 6
	Chip Count                     : 1

	Process id:2029433 Process name:python            Process memory(MB):7075
	Chip ID                        : 0

	NPU ID                         : 6
	Chip Count                     : 1

	Chip ID                        : 0
	Memory Usage Rate(%)           : 0
	HBM Usage Rate(%)              : 15
	Aicore Usage Rate(%)           : 0
	Aicore Freq(MHZ)               : 1800
	Aicore curFreq(MHZ)            : 1800
	Aicore Count                   : 24
	Temperature(C)                 : 48
	NPU Real-time Power(W)         : 110.5

	Chip Name                      : mcu
	Temperature(C)                 : 45
2026-09-06T09:03:42+08:00
	NPU ID                         : 6
	Chip Count                     : 1

	Process id:2029433 Process name:python            Process memory(MB):7075
	Chip ID                        : 0

	NPU ID                         : 6
	Chip Count                     : 1

	Chip ID                        : 0
	Memory Usage Rate(%)           : 0
	HBM Usage Rate(%)              : 15
	Aicore Usage Rate(%)           : 0
	Aicore Freq(MHZ)               : 1800
	Aicore curFreq(MHZ)            : 1800
	Aicore Count                   : 24
	Temperature(C)                 : 47
	NPU Real-time Power(W)         : 110.3

	Chip Name                      : mcu
	Temperature(C)                 : 45
2026-09-06T09:03:48+08:00
	NPU ID                         : 6
	Chip Count                     : 1

	Process id:2029433 Process name:python            Process memory(MB):7075
	Chip ID                        : 0

	NPU ID                         : 6
	Chip Count                     : 1

	Chip ID                        : 0
	Memory Usage Rate(%)           : 0
	HBM Usage Rate(%)              : 15
	Aicore Usage Rate(%)           : 0
	Aicore Freq(MHZ)               : 1800
	Aicore curFreq(MHZ)            : 1800
	Aicore Count                   : 24
	Temperature(C)                 : 47
	NPU Real-time Power(W)         : 111.0

	Chip Name                      : mcu
	Temperature(C)                 : 44
2026-09-06T09:03:54+08:00
	NPU ID                         : 6
	Chip Count                     : 1

	Process id:2029433 Process name:python            Process memory(MB):7075
	Chip ID                        : 0

	NPU ID                         : 6
	Chip Count                     : 1

	Chip ID                        : 0
	Memory Usage Rate(%)           : 0
	HBM Usage Rate(%)              : 15
	Aicore Usage Rate(%)           : 0
	Aicore Freq(MHZ)               : 1800
	Aicore curFreq(MHZ)            : 1800
	Aicore Count                   : 24
	Temperature(C)                 : 48
	NPU Real-time Power(W)         : 110.5

	Chip Name                      : mcu
	Temperature(C)                 : 44
2026-09-06T09:04:00+08:00
	NPU ID                         : 6
	Chip Count                     : 1

	Process id:2029433 Process name:python            Process memory(MB):7075
	Chip ID                        : 0

	NPU ID                         : 6
	Chip Count                     : 1

	Chip ID                        : 0
	Memory Usage Rate(%)           : 0
	HBM Usage Rate(%)              : 15
	Aicore Usage Rate(%)           : 0
	Aicore Freq(MHZ)               : 1800
	Aicore curFreq(MHZ)            : 1800
	Aicore Count                   : 24
	Temperature(C)                 : 48
	NPU Real-time Power(W)         : 110.9

	Chip Name                      : mcu
	Temperature(C)                 : 44
2026-09-06T09:04:06+08:00
	NPU ID                         : 6
	Chip Count                     : 1

	Process id:2029433 Process name:python            Process memory(MB):7075
	Chip ID                        : 0

	NPU ID                         : 6
	Chip Count                     : 1

	Chip ID                        : 0
	Memory Usage Rate(%)           : 0
	HBM Usage Rate(%)              : 15
	Aicore Usage Rate(%)           : 0
	Aicore Freq(MHZ)               : 1800
	Aicore curFreq(MHZ)            : 1800
	Aicore Count                   : 24
	Temperature(C)                 : 48
	NPU Real-time Power(W)         : 111.1

	Chip Name                      : mcu
	Temperature(C)                 : 44
2026-09-06T09:04:12+08:00
	NPU ID                         : 6
	Chip Count                     : 1

	Process id:2029433 Process name:python            Process memory(MB):7075
	Chip ID                        : 0

	NPU ID                         : 6
	Chip Count                     : 1

	Chip ID                        : 0
	Memory Usage Rate(%)           : 0
	HBM Usage Rate(%)              : 15
	Aicore Usage Rate(%)           : 0
	Aicore Freq(MHZ)               : 1800
	Aicore curFreq(MHZ)            : 1800
	Aicore Count                   : 24
	Temperature(C)                 : 48
	NPU Real-time Power(W)         : 111.0

	Chip Name                      : mcu
	Temperature(C)                 : 44
2026-09-06T09:04:18+08:00
	NPU ID                         : 6
	Chip Count                     : 1

	Process id:2029433 Process name:python            Process memory(MB):7075
	Chip ID                        : 0

	NPU ID                         : 6
	Chip Count                     : 1

	Chip ID                        : 0
	Memory Usage Rate(%)           : 0
	HBM Usage Rate(%)              : 15
	Aicore Usage Rate(%)           : 0
	Aicore Freq(MHZ)               : 1800
	Aicore curFreq(MHZ)            : 1800
	Aicore Count                   : 24
	Temperature(C)                 : 49
	NPU Real-time Power(W)         : 111.0

	Chip Name                      : mcu
	Temperature(C)                 : 44
2026-09-06T09:04:24+08:00
	NPU ID                         : 6
	Chip Count                     : 1

	Process id:2029433 Process name:python            Process memory(MB):7075
	Chip ID                        : 0

	NPU ID                         : 6
	Chip Count                     : 1

	Chip ID                        : 0
	Memory Usage Rate(%)           : 0
	HBM Usage Rate(%)              : 15
	Aicore Usage Rate(%)           : 0
	Aicore Freq(MHZ)               : 1800
	Aicore curFreq(MHZ)            : 1800
	Aicore Count                   : 24
	Temperature(C)                 : 48
	NPU Real-time Power(W)         : 110.6

	Chip Name                      : mcu
	Temperature(C)                 : 44
2026-09-06T09:04:31+08:00
	NPU ID                         : 6
	Chip Count                     : 1

	Process id:2029433 Process name:python            Process memory(MB):6831
	Chip ID                        : 0

	NPU ID                         : 6
	Chip Count                     : 1

	Chip ID                        : 0
	Memory Usage Rate(%)           : 0
	HBM Usage Rate(%)              : 5
	Aicore Usage Rate(%)           : 0
	Aicore Freq(MHZ)               : 1800
	Aicore curFreq(MHZ)            : 1800
	Aicore Count                   : 24
	Temperature(C)                 : 49
	NPU Real-time Power(W)         : 111.2

	Chip Name                      : mcu
	Temperature(C)                 : 43
2026-09-06T09:04:37+08:00
	NPU ID                         : 6
	Chip Count                     : 1

	No process in device.
	Chip ID                        : 0

	NPU ID                         : 6
	Chip Count                     : 1

	Chip ID                        : 0
	Memory Usage Rate(%)           : 0
	HBM Usage Rate(%)              : 5
	Aicore Usage Rate(%)           : 0
	Aicore Freq(MHZ)               : 1800
	Aicore curFreq(MHZ)            : 1800
	Aicore Count                   : 24
	Temperature(C)                 : 48
	NPU Real-time Power(W)         : 111.2

	Chip Name                      : mcu
	Temperature(C)                 : 43
2026-09-06T09:04:43+08:00
	NPU ID                         : 6
	Chip Count                     : 1

	No process in device.
	Chip ID                        : 0

	NPU ID                         : 6
	Chip Count                     : 1

	Chip ID                        : 0
	Memory Usage Rate(%)           : 0
	HBM Usage Rate(%)              : 5
	Aicore Usage Rate(%)           : 0
	Aicore Freq(MHZ)               : 1800
	Aicore curFreq(MHZ)            : 1800
	Aicore Count                   : 24
	Temperature(C)                 : 49
	NPU Real-time Power(W)         : 110.7

	Chip Name                      : mcu
	Temperature(C)                 : 43
2026-09-06T09:04:49+08:00
	NPU ID                         : 6
	Chip Count                     : 1

	No process in device.
	Chip ID                        : 0

	NPU ID                         : 6
	Chip Count                     : 1

	Chip ID                        : 0
	Memory Usage Rate(%)           : 0
	HBM Usage Rate(%)              : 5
	Aicore Usage Rate(%)           : 0
	Aicore Freq(MHZ)               : 1800
	Aicore curFreq(MHZ)            : 1800
	Aicore Count                   : 24
	Temperature(C)                 : 50
	NPU Real-time Power(W)         : 111.1

	Chip Name                      : mcu
	Temperature(C)                 : 43
2026-09-06T09:04:55+08:00
	NPU ID                         : 6
	Chip Count                     : 1

	No process in device.
	Chip ID                        : 0

	NPU ID                         : 6
	Chip Count                     : 1

	Chip ID                        : 0
	Memory Usage Rate(%)           : 0
	HBM Usage Rate(%)              : 5
	Aicore Usage Rate(%)           : 0
	Aicore Freq(MHZ)               : 1800
	Aicore curFreq(MHZ)            : 1800
	Aicore Count                   : 24
	Temperature(C)                 : 49
	NPU Real-time Power(W)         : 111.3

	Chip Name                      : mcu
	Temperature(C)                 : 43
2026-09-06T09:05:01+08:00
	NPU ID                         : 6
	Chip Count                     : 1

	No process in device.
	Chip ID                        : 0

	NPU ID                         : 6
	Chip Count                     : 1

	Chip ID                        : 0
	Memory Usage Rate(%)           : 0
	HBM Usage Rate(%)              : 5
	Aicore Usage Rate(%)           : 0
	Aicore Freq(MHZ)               : 1800
	Aicore curFreq(MHZ)            : 1800
	Aicore Count                   : 24
	Temperature(C)                 : 49
	NPU Real-time Power(W)         : 111.2

	Chip Name                      : mcu
	Temperature(C)                 : 43
2026-09-06T09:05:07+08:00
	NPU ID                         : 6
	Chip Count                     : 1

	No process in device.
	Chip ID                        : 0

	NPU ID                         : 6
	Chip Count                     : 1

	Chip ID                        : 0
	Memory Usage Rate(%)           : 0
	HBM Usage Rate(%)              : 5
	Aicore Usage Rate(%)           : 0
	Aicore Freq(MHZ)               : 1800
	Aicore curFreq(MHZ)            : 1800
	Aicore Count                   : 24
	Temperature(C)                 : 49
	NPU Real-time Power(W)         : 111.2

	Chip Name                      : mcu
	Temperature(C)                 : 43
2026-09-06T09:05:13+08:00
	NPU ID                         : 6
	Chip Count                     : 1

	No process in device.
	Chip ID                        : 0

	NPU ID                         : 6
	Chip Count                     : 1

	Chip ID                        : 0
	Memory Usage Rate(%)           : 0
	HBM Usage Rate(%)              : 5
	Aicore Usage Rate(%)           : 0
	Aicore Freq(MHZ)               : 1800
	Aicore curFreq(MHZ)            : 1800
	Aicore Count                   : 24
	Temperature(C)                 : 49
	NPU Real-time Power(W)         : 111.5

	Chip Name                      : mcu
	Temperature(C)                 : 43
2026-09-06T09:05:19+08:00
	NPU ID                         : 6
	Chip Count                     : 1

	No process in device.
	Chip ID                        : 0

	NPU ID                         : 6
	Chip Count                     : 1

	Chip ID                        : 0
	Memory Usage Rate(%)           : 0
	HBM Usage Rate(%)              : 5
	Aicore Usage Rate(%)           : 0
	Aicore Freq(MHZ)               : 1800
	Aicore curFreq(MHZ)            : 1800
	Aicore Count                   : 24
	Temperature(C)                 : 48
	NPU Real-time Power(W)         : 111.0

	Chip Name                      : mcu
	Temperature(C)                 : 43
2026-09-06T09:05:25+08:00
	NPU ID                         : 6
	Chip Count                     : 1

	No process in device.
	Chip ID                        : 0

	NPU ID                         : 6
	Chip Count                     : 1

	Chip ID                        : 0
	Memory Usage Rate(%)           : 0
	HBM Usage Rate(%)              : 5
	Aicore Usage Rate(%)           : 0
	Aicore Freq(MHZ)               : 1800
	Aicore curFreq(MHZ)            : 1800
	Aicore Count                   : 24
	Temperature(C)                 : 48
	NPU Real-time Power(W)         : 110.7

	Chip Name                      : mcu
	Temperature(C)                 : 43
2026-09-06T09:05:31+08:00
	NPU ID                         : 6
	Chip Count                     : 1

	Process id:2033442 Process name:python            Process memory(MB):105
	Chip ID                        : 0

	NPU ID                         : 6
	Chip Count                     : 1

	Chip ID                        : 0
	Memory Usage Rate(%)           : 0
	HBM Usage Rate(%)              : 5
	Aicore Usage Rate(%)           : 0
	Aicore Freq(MHZ)               : 1800
	Aicore curFreq(MHZ)            : 1800
	Aicore Count                   : 24
	Temperature(C)                 : 48
	NPU Real-time Power(W)         : 110.7

	Chip Name                      : mcu
	Temperature(C)                 : 43
2026-09-06T09:05:38+08:00
	NPU ID                         : 6
	Chip Count                     : 1

	Process id:2033442 Process name:python            Process memory(MB):105
	Chip ID                        : 0

	NPU ID                         : 6
	Chip Count                     : 1

	Chip ID                        : 0
	Memory Usage Rate(%)           : 0
	HBM Usage Rate(%)              : 5
	Aicore Usage Rate(%)           : 0
	Aicore Freq(MHZ)               : 1800
	Aicore curFreq(MHZ)            : 1800
	Aicore Count                   : 24
	Temperature(C)                 : 48
	NPU Real-time Power(W)         : 111.0

	Chip Name                      : mcu
	Temperature(C)                 : 43
2026-09-06T09:05:44+08:00
	NPU ID                         : 6
	Chip Count                     : 1

	Process id:2033442 Process name:python            Process memory(MB):3855
	Chip ID                        : 0

	NPU ID                         : 6
	Chip Count                     : 1

	Chip ID                        : 0
	Memory Usage Rate(%)           : 0
	HBM Usage Rate(%)              : 11
	Aicore Usage Rate(%)           : 0
	Aicore Freq(MHZ)               : 1800
	Aicore curFreq(MHZ)            : 1800
	Aicore Count                   : 24
	Temperature(C)                 : 48
	NPU Real-time Power(W)         : 110.7

	Chip Name                      : mcu
	Temperature(C)                 : 43
2026-09-06T09:05:50+08:00
	NPU ID                         : 6
	Chip Count                     : 1

	Process id:2033442 Process name:python            Process memory(MB):3869
	Chip ID                        : 0

	NPU ID                         : 6
	Chip Count                     : 1

	Chip ID                        : 0
	Memory Usage Rate(%)           : 0
	HBM Usage Rate(%)              : 11
	Aicore Usage Rate(%)           : 0
	Aicore Freq(MHZ)               : 1800
	Aicore curFreq(MHZ)            : 1800
	Aicore Count                   : 24
	Temperature(C)                 : 49
	NPU Real-time Power(W)         : 110.6

	Chip Name                      : mcu
	Temperature(C)                 : 43
2026-09-06T09:05:56+08:00
	NPU ID                         : 6
	Chip Count                     : 1

	Process id:2033442 Process name:python            Process memory(MB):4175
	Chip ID                        : 0

	NPU ID                         : 6
	Chip Count                     : 1

	Chip ID                        : 0
	Memory Usage Rate(%)           : 0
	HBM Usage Rate(%)              : 11
	Aicore Usage Rate(%)           : 0
	Aicore Freq(MHZ)               : 1800
	Aicore curFreq(MHZ)            : 1800
	Aicore Count                   : 24
	Temperature(C)                 : 49
	NPU Real-time Power(W)         : 110.7

	Chip Name                      : mcu
	Temperature(C)                 : 43
2026-09-06T09:06:02+08:00
	NPU ID                         : 6
	Chip Count                     : 1

	Process id:2033442 Process name:python            Process memory(MB):7327
	Chip ID                        : 0

	NPU ID                         : 6
	Chip Count                     : 1

	Chip ID                        : 0
	Memory Usage Rate(%)           : 0
	HBM Usage Rate(%)              : 16
	Aicore Usage Rate(%)           : 0
	Aicore Freq(MHZ)               : 1800
	Aicore curFreq(MHZ)            : 1800
	Aicore Count                   : 24
	Temperature(C)                 : 49
	NPU Real-time Power(W)         : 110.9

	Chip Name                      : mcu
	Temperature(C)                 : 43
2026-09-06T09:06:08+08:00
	NPU ID                         : 6
	Chip Count                     : 1

	Process id:2033442 Process name:python            Process memory(MB):7327
	Chip ID                        : 0

	NPU ID                         : 6
	Chip Count                     : 1

	Chip ID                        : 0
	Memory Usage Rate(%)           : 0
	HBM Usage Rate(%)              : 16
	Aicore Usage Rate(%)           : 0
	Aicore Freq(MHZ)               : 1800
	Aicore curFreq(MHZ)            : 1800
	Aicore Count                   : 24
	Temperature(C)                 : 48
	NPU Real-time Power(W)         : 110.9

	Chip Name                      : mcu
	Temperature(C)                 : 43
2026-09-06T09:06:14+08:00
	NPU ID                         : 6
	Chip Count                     : 1

	Process id:2033442 Process name:python            Process memory(MB):7327
	Chip ID                        : 0

	NPU ID                         : 6
	Chip Count                     : 1

	Chip ID                        : 0
	Memory Usage Rate(%)           : 0
	HBM Usage Rate(%)              : 16
	Aicore Usage Rate(%)           : 0
	Aicore Freq(MHZ)               : 1800
	Aicore curFreq(MHZ)            : 1800
	Aicore Count                   : 24
	Temperature(C)                 : 47
	NPU Real-time Power(W)         : 110.4

	Chip Name                      : mcu
	Temperature(C)                 : 43
2026-09-06T09:06:20+08:00
	NPU ID                         : 6
	Chip Count                     : 1

	Process id:2033442 Process name:python            Process memory(MB):7355
	Chip ID                        : 0

	NPU ID                         : 6
	Chip Count                     : 1

	Chip ID                        : 0
	Memory Usage Rate(%)           : 0
	HBM Usage Rate(%)              : 16
	Aicore Usage Rate(%)           : 58
	Aicore Freq(MHZ)               : 1800
	Aicore curFreq(MHZ)            : 1800
	Aicore Count                   : 24
	Temperature(C)                 : 51
	NPU Real-time Power(W)         : 197.3

	Chip Name                      : mcu
	Temperature(C)                 : 43
2026-09-06T09:06:26+08:00
	NPU ID                         : 6
	Chip Count                     : 1

	Process id:2033442 Process name:python            Process memory(MB):7359
	Chip ID                        : 0

	NPU ID                         : 6
	Chip Count                     : 1

	Chip ID                        : 0
	Memory Usage Rate(%)           : 0
	HBM Usage Rate(%)              : 16
	Aicore Usage Rate(%)           : 0
	Aicore Freq(MHZ)               : 1800
	Aicore curFreq(MHZ)            : 1800
	Aicore Count                   : 24
	Temperature(C)                 : 48
	NPU Real-time Power(W)         : 110.4

	Chip Name                      : mcu
	Temperature(C)                 : 43
2026-09-06T09:06:32+08:00
	NPU ID                         : 6
	Chip Count                     : 1

	Process id:2033442 Process name:python            Process memory(MB):7359
	Chip ID                        : 0

	NPU ID                         : 6
	Chip Count                     : 1

	Chip ID                        : 0
	Memory Usage Rate(%)           : 0
	HBM Usage Rate(%)              : 16
	Aicore Usage Rate(%)           : 0
	Aicore Freq(MHZ)               : 1800
	Aicore curFreq(MHZ)            : 1800
	Aicore Count                   : 24
	Temperature(C)                 : 48
	NPU Real-time Power(W)         : 110.5

	Chip Name                      : mcu
	Temperature(C)                 : 43
2026-09-06T09:06:39+08:00
	NPU ID                         : 6
	Chip Count                     : 1

	Process id:2033442 Process name:python            Process memory(MB):7364
	Chip ID                        : 0

	NPU ID                         : 6
	Chip Count                     : 1

	Chip ID                        : 0
	Memory Usage Rate(%)           : 0
	HBM Usage Rate(%)              : 16
	Aicore Usage Rate(%)           : 0
	Aicore Freq(MHZ)               : 1800
	Aicore curFreq(MHZ)            : 1800
	Aicore Count                   : 24
	Temperature(C)                 : 48
	NPU Real-time Power(W)         : 110.4

	Chip Name                      : mcu
	Temperature(C)                 : 43
2026-09-06T09:06:45+08:00
	NPU ID                         : 6
	Chip Count                     : 1

	Process id:2033442 Process name:python            Process memory(MB):7364
	Chip ID                        : 0

	NPU ID                         : 6
	Chip Count                     : 1

	Chip ID                        : 0
	Memory Usage Rate(%)           : 0
	HBM Usage Rate(%)              : 16
	Aicore Usage Rate(%)           : 0
	Aicore Freq(MHZ)               : 1800
	Aicore curFreq(MHZ)            : 1800
	Aicore Count                   : 24
	Temperature(C)                 : 48
	NPU Real-time Power(W)         : 110.8

	Chip Name                      : mcu
	Temperature(C)                 : 43
2026-09-06T09:06:51+08:00
	NPU ID                         : 6
	Chip Count                     : 1

	Process id:2033442 Process name:python            Process memory(MB):7364
	Chip ID                        : 0

	NPU ID                         : 6
	Chip Count                     : 1

	Chip ID                        : 0
	Memory Usage Rate(%)           : 0
	HBM Usage Rate(%)              : 16
	Aicore Usage Rate(%)           : 56
	Aicore Freq(MHZ)               : 1800
	Aicore curFreq(MHZ)            : 1800
	Aicore Count                   : 24
	Temperature(C)                 : 51
	NPU Real-time Power(W)         : 200.5

	Chip Name                      : mcu
	Temperature(C)                 : 43
2026-09-06T09:06:57+08:00
	NPU ID                         : 6
	Chip Count                     : 1

	Process id:2033442 Process name:python            Process memory(MB):7364
	Chip ID                        : 0

	NPU ID                         : 6
	Chip Count                     : 1

	Chip ID                        : 0
	Memory Usage Rate(%)           : 0
	HBM Usage Rate(%)              : 16
	Aicore Usage Rate(%)           : 58
	Aicore Freq(MHZ)               : 1800
	Aicore curFreq(MHZ)            : 1800
	Aicore Count                   : 24
	Temperature(C)                 : 52
	NPU Real-time Power(W)         : 227.2

	Chip Name                      : mcu
	Temperature(C)                 : 44
2026-09-06T09:07:03+08:00
	NPU ID                         : 6
	Chip Count                     : 1

	Process id:2033442 Process name:python            Process memory(MB):7364
	Chip ID                        : 0

	NPU ID                         : 6
	Chip Count                     : 1

	Chip ID                        : 0
	Memory Usage Rate(%)           : 0
	HBM Usage Rate(%)              : 16
	Aicore Usage Rate(%)           : 48
	Aicore Freq(MHZ)               : 1800
	Aicore curFreq(MHZ)            : 1800
	Aicore Count                   : 24
	Temperature(C)                 : 50
	NPU Real-time Power(W)         : 234.1

	Chip Name                      : mcu
	Temperature(C)                 : 44
2026-09-06T09:07:09+08:00
	NPU ID                         : 6
	Chip Count                     : 1

	Process id:2033442 Process name:python            Process memory(MB):7364
	Chip ID                        : 0

	NPU ID                         : 6
	Chip Count                     : 1

	Chip ID                        : 0
	Memory Usage Rate(%)           : 0
	HBM Usage Rate(%)              : 16
	Aicore Usage Rate(%)           : 0
	Aicore Freq(MHZ)               : 1800
	Aicore curFreq(MHZ)            : 1800
	Aicore Count                   : 24
	Temperature(C)                 : 49
	NPU Real-time Power(W)         : 110.8

	Chip Name                      : mcu
	Temperature(C)                 : 45
2026-09-06T09:07:15+08:00
	NPU ID                         : 6
	Chip Count                     : 1

	Process id:2033442 Process name:python            Process memory(MB):7364
	Chip ID                        : 0

	NPU ID                         : 6
	Chip Count                     : 1

	Chip ID                        : 0
	Memory Usage Rate(%)           : 0
	HBM Usage Rate(%)              : 16
	Aicore Usage Rate(%)           : 0
	Aicore Freq(MHZ)               : 1800
	Aicore curFreq(MHZ)            : 1800
	Aicore Count                   : 24
	Temperature(C)                 : 48
	NPU Real-time Power(W)         : 111.0

	Chip Name                      : mcu
	Temperature(C)                 : 45
2026-09-06T09:07:21+08:00
	NPU ID                         : 6
	Chip Count                     : 1

	Process id:2033442 Process name:python            Process memory(MB):7364
	Chip ID                        : 0

	NPU ID                         : 6
	Chip Count                     : 1

	Chip ID                        : 0
	Memory Usage Rate(%)           : 0
	HBM Usage Rate(%)              : 16
	Aicore Usage Rate(%)           : 0
	Aicore Freq(MHZ)               : 1800
	Aicore curFreq(MHZ)            : 1800
	Aicore Count                   : 24
	Temperature(C)                 : 48
	NPU Real-time Power(W)         : 110.9

	Chip Name                      : mcu
	Temperature(C)                 : 45
2026-09-06T09:07:27+08:00
	NPU ID                         : 6
	Chip Count                     : 1

	Process id:2033442 Process name:python            Process memory(MB):7364
	Chip ID                        : 0

	NPU ID                         : 6
	Chip Count                     : 1

	Chip ID                        : 0
	Memory Usage Rate(%)           : 0
	HBM Usage Rate(%)              : 16
	Aicore Usage Rate(%)           : 0
	Aicore Freq(MHZ)               : 1800
	Aicore curFreq(MHZ)            : 1800
	Aicore Count                   : 24
	Temperature(C)                 : 48
	NPU Real-time Power(W)         : 110.8

	Chip Name                      : mcu
	Temperature(C)                 : 44
2026-09-06T09:07:33+08:00
	NPU ID                         : 6
	Chip Count                     : 1

	Process id:2033442 Process name:python            Process memory(MB):7364
	Chip ID                        : 0

	NPU ID                         : 6
	Chip Count                     : 1

	Chip ID                        : 0
	Memory Usage Rate(%)           : 0
	HBM Usage Rate(%)              : 16
	Aicore Usage Rate(%)           : 0
	Aicore Freq(MHZ)               : 1800
	Aicore curFreq(MHZ)            : 1800
	Aicore Count                   : 24
	Temperature(C)                 : 48
	NPU Real-time Power(W)         : 110.6

	Chip Name                      : mcu
	Temperature(C)                 : 44
2026-09-06T09:07:39+08:00
	NPU ID                         : 6
	Chip Count                     : 1

	Process id:2033442 Process name:python            Process memory(MB):7364
	Chip ID                        : 0

	NPU ID                         : 6
	Chip Count                     : 1

	Chip ID                        : 0
	Memory Usage Rate(%)           : 0
	HBM Usage Rate(%)              : 16
	Aicore Usage Rate(%)           : 0
	Aicore Freq(MHZ)               : 1800
	Aicore curFreq(MHZ)            : 1800
	Aicore Count                   : 24
	Temperature(C)                 : 48
	NPU Real-time Power(W)         : 110.6

	Chip Name                      : mcu
	Temperature(C)                 : 44
2026-09-06T09:07:46+08:00
	NPU ID                         : 6
	Chip Count                     : 1

	No process in device.
	Chip ID                        : 0

	NPU ID                         : 6
	Chip Count                     : 1

	Chip ID                        : 0
	Memory Usage Rate(%)           : 0
	HBM Usage Rate(%)              : 5
	Aicore Usage Rate(%)           : 0
	Aicore Freq(MHZ)               : 1800
	Aicore curFreq(MHZ)            : 1800
	Aicore Count                   : 24
	Temperature(C)                 : 48
	NPU Real-time Power(W)         : 111.1

	Chip Name                      : mcu
	Temperature(C)                 : 44
2026-09-06T09:07:52+08:00
	NPU ID                         : 6
	Chip Count                     : 1

	No process in device.
	Chip ID                        : 0

	NPU ID                         : 6
	Chip Count                     : 1

	Chip ID                        : 0
	Memory Usage Rate(%)           : 0
	HBM Usage Rate(%)              : 5
	Aicore Usage Rate(%)           : 0
	Aicore Freq(MHZ)               : 1800
	Aicore curFreq(MHZ)            : 1800
	Aicore Count                   : 24
	Temperature(C)                 : 48
	NPU Real-time Power(W)         : 110.9

	Chip Name                      : mcu
	Temperature(C)                 : 44
2026-09-06T09:07:58+08:00
	NPU ID                         : 6
	Chip Count                     : 1

	No process in device.
	Chip ID                        : 0

	NPU ID                         : 6
	Chip Count                     : 1

	Chip ID                        : 0
	Memory Usage Rate(%)           : 0
	HBM Usage Rate(%)              : 5
	Aicore Usage Rate(%)           : 0
	Aicore Freq(MHZ)               : 1800
	Aicore curFreq(MHZ)            : 1800
	Aicore Count                   : 24
	Temperature(C)                 : 48
	NPU Real-time Power(W)         : 110.9

	Chip Name                      : mcu
	Temperature(C)                 : 44
2026-09-06T09:08:04+08:00
	NPU ID                         : 6
	Chip Count                     : 1

	No process in device.
	Chip ID                        : 0

	NPU ID                         : 6
	Chip Count                     : 1

	Chip ID                        : 0
	Memory Usage Rate(%)           : 0
	HBM Usage Rate(%)              : 5
	Aicore Usage Rate(%)           : 0
	Aicore Freq(MHZ)               : 1800
	Aicore curFreq(MHZ)            : 1800
	Aicore Count                   : 24
	Temperature(C)                 : 48
	NPU Real-time Power(W)         : 110.8

	Chip Name                      : mcu
	Temperature(C)                 : 44
2026-09-06T09:08:10+08:00
	NPU ID                         : 6
	Chip Count                     : 1

	No process in device.
	Chip ID                        : 0

	NPU ID                         : 6
	Chip Count                     : 1

	Chip ID                        : 0
	Memory Usage Rate(%)           : 0
	HBM Usage Rate(%)              : 5
	Aicore Usage Rate(%)           : 0
	Aicore Freq(MHZ)               : 1800
	Aicore curFreq(MHZ)            : 1800
	Aicore Count                   : 24
	Temperature(C)                 : 49
	NPU Real-time Power(W)         : 110.9

	Chip Name                      : mcu
	Temperature(C)                 : 43
2026-09-06T09:08:16+08:00
	NPU ID                         : 6
	Chip Count                     : 1

	No process in device.
	Chip ID                        : 0

	NPU ID                         : 6
	Chip Count                     : 1

	Chip ID                        : 0
	Memory Usage Rate(%)           : 0
	HBM Usage Rate(%)              : 5
	Aicore Usage Rate(%)           : 0
	Aicore Freq(MHZ)               : 1800
	Aicore curFreq(MHZ)            : 1800
	Aicore Count                   : 24
	Temperature(C)                 : 49
	NPU Real-time Power(W)         : 111.1

	Chip Name                      : mcu
	Temperature(C)                 : 43
2026-09-06T09:08:22+08:00
	NPU ID                         : 6
	Chip Count                     : 1

	No process in device.
	Chip ID                        : 0

	NPU ID                         : 6
	Chip Count                     : 1

	Chip ID                        : 0
	Memory Usage Rate(%)           : 0
	HBM Usage Rate(%)              : 5
	Aicore Usage Rate(%)           : 0
	Aicore Freq(MHZ)               : 1800
	Aicore curFreq(MHZ)            : 1800
	Aicore Count                   : 24
	Temperature(C)                 : 48
	NPU Real-time Power(W)         : 110.3

	Chip Name                      : mcu
	Temperature(C)                 : 43
2026-09-06T09:08:28+08:00
	NPU ID                         : 6
	Chip Count                     : 1

	No process in device.
	Chip ID                        : 0

	NPU ID                         : 6
	Chip Count                     : 1

	Chip ID                        : 0
	Memory Usage Rate(%)           : 0
	HBM Usage Rate(%)              : 5
	Aicore Usage Rate(%)           : 0
	Aicore Freq(MHZ)               : 1800
	Aicore curFreq(MHZ)            : 1800
	Aicore Count                   : 24
	Temperature(C)                 : 48
	NPU Real-time Power(W)         : 110.6

	Chip Name                      : mcu
	Temperature(C)                 : 43
2026-09-06T09:08:34+08:00
	NPU ID                         : 6
	Chip Count                     : 1

	No process in device.
	Chip ID                        : 0

	NPU ID                         : 6
	Chip Count                     : 1

	Chip ID                        : 0
	Memory Usage Rate(%)           : 0
	HBM Usage Rate(%)              : 5
	Aicore Usage Rate(%)           : 0
	Aicore Freq(MHZ)               : 1800
	Aicore curFreq(MHZ)            : 1800
	Aicore Count                   : 24
	Temperature(C)                 : 48
	NPU Real-time Power(W)         : 110.6

	Chip Name                      : mcu
	Temperature(C)                 : 43
2026-09-06T09:08:40+08:00
	NPU ID                         : 6
	Chip Count                     : 1

	No process in device.
	Chip ID                        : 0

	NPU ID                         : 6
	Chip Count                     : 1

	Chip ID                        : 0
	Memory Usage Rate(%)           : 0
	HBM Usage Rate(%)              : 5
	Aicore Usage Rate(%)           : 0
	Aicore Freq(MHZ)               : 1800
	Aicore curFreq(MHZ)            : 1800
	Aicore Count                   : 24
	Temperature(C)                 : 48
	NPU Real-time Power(W)         : 110.9

	Chip Name                      : mcu
	Temperature(C)                 : 43
2026-09-06T09:08:47+08:00
	NPU ID                         : 6
	Chip Count                     : 1

	Process id:2037247 Process name:python            Process memory(MB):105
	Chip ID                        : 0

	NPU ID                         : 6
	Chip Count                     : 1

	Chip ID                        : 0
	Memory Usage Rate(%)           : 0
	HBM Usage Rate(%)              : 5
	Aicore Usage Rate(%)           : 0
	Aicore Freq(MHZ)               : 1800
	Aicore curFreq(MHZ)            : 1800
	Aicore Count                   : 24
	Temperature(C)                 : 48
	NPU Real-time Power(W)         : 110.3

	Chip Name                      : mcu
	Temperature(C)                 : 43
2026-09-06T09:08:53+08:00
	NPU ID                         : 6
	Chip Count                     : 1

	Process id:2037247 Process name:python            Process memory(MB):3855
	Chip ID                        : 0

	NPU ID                         : 6
	Chip Count                     : 1

	Chip ID                        : 0
	Memory Usage Rate(%)           : 0
	HBM Usage Rate(%)              : 11
	Aicore Usage Rate(%)           : 0
	Aicore Freq(MHZ)               : 1800
	Aicore curFreq(MHZ)            : 1800
	Aicore Count                   : 24
	Temperature(C)                 : 48
	NPU Real-time Power(W)         : 110.6

	Chip Name                      : mcu
	Temperature(C)                 : 43
2026-09-06T09:08:59+08:00
	NPU ID                         : 6
	Chip Count                     : 1

	Process id:2037247 Process name:python            Process memory(MB):3855
	Chip ID                        : 0

	NPU ID                         : 6
	Chip Count                     : 1

	Chip ID                        : 0
	Memory Usage Rate(%)           : 0
	HBM Usage Rate(%)              : 11
	Aicore Usage Rate(%)           : 0
	Aicore Freq(MHZ)               : 1800
	Aicore curFreq(MHZ)            : 1800
	Aicore Count                   : 24
	Temperature(C)                 : 48
	NPU Real-time Power(W)         : 111.0

	Chip Name                      : mcu
	Temperature(C)                 : 43
2026-09-06T09:09:05+08:00
	NPU ID                         : 6
	Chip Count                     : 1

	Process id:2037247 Process name:python            Process memory(MB):4169
	Chip ID                        : 0

	NPU ID                         : 6
	Chip Count                     : 1

	Chip ID                        : 0
	Memory Usage Rate(%)           : 0
	HBM Usage Rate(%)              : 11
	Aicore Usage Rate(%)           : 0
	Aicore Freq(MHZ)               : 1800
	Aicore curFreq(MHZ)            : 1800
	Aicore Count                   : 24
	Temperature(C)                 : 48
	NPU Real-time Power(W)         : 111.6

	Chip Name                      : mcu
	Temperature(C)                 : 43
2026-09-06T09:09:11+08:00
	NPU ID                         : 6
	Chip Count                     : 1

	Process id:2037247 Process name:python            Process memory(MB):4363
	Chip ID                        : 0

	NPU ID                         : 6
	Chip Count                     : 1

	Chip ID                        : 0
	Memory Usage Rate(%)           : 0
	HBM Usage Rate(%)              : 11
	Aicore Usage Rate(%)           : 0
	Aicore Freq(MHZ)               : 1800
	Aicore curFreq(MHZ)            : 1800
	Aicore Count                   : 24
	Temperature(C)                 : 49
	NPU Real-time Power(W)         : 110.7

	Chip Name                      : mcu
	Temperature(C)                 : 43
2026-09-06T09:09:17+08:00
	NPU ID                         : 6
	Chip Count                     : 1

	Process id:2037247 Process name:python            Process memory(MB):4363
	Chip ID                        : 0

	NPU ID                         : 6
	Chip Count                     : 1

	Chip ID                        : 0
	Memory Usage Rate(%)           : 0
	HBM Usage Rate(%)              : 11
	Aicore Usage Rate(%)           : 0
	Aicore Freq(MHZ)               : 1800
	Aicore curFreq(MHZ)            : 1800
	Aicore Count                   : 24
	Temperature(C)                 : 49
	NPU Real-time Power(W)         : 110.3

	Chip Name                      : mcu
	Temperature(C)                 : 43
2026-09-06T09:09:23+08:00
	NPU ID                         : 6
	Chip Count                     : 1

	Process id:2037247 Process name:python            Process memory(MB):4363
	Chip ID                        : 0

	NPU ID                         : 6
	Chip Count                     : 1

	Chip ID                        : 0
	Memory Usage Rate(%)           : 0
	HBM Usage Rate(%)              : 11
	Aicore Usage Rate(%)           : 0
	Aicore Freq(MHZ)               : 1800
	Aicore curFreq(MHZ)            : 1800
	Aicore Count                   : 24
	Temperature(C)                 : 48
	NPU Real-time Power(W)         : 110.3

	Chip Name                      : mcu
	Temperature(C)                 : 43
2026-09-06T09:09:29+08:00
	NPU ID                         : 6
	Chip Count                     : 1

	Process id:2037247 Process name:python            Process memory(MB):4363
	Chip ID                        : 0

	NPU ID                         : 6
	Chip Count                     : 1

	Chip ID                        : 0
	Memory Usage Rate(%)           : 0
	HBM Usage Rate(%)              : 11
	Aicore Usage Rate(%)           : 0
	Aicore Freq(MHZ)               : 1800
	Aicore curFreq(MHZ)            : 1800
	Aicore Count                   : 24
	Temperature(C)                 : 48
	NPU Real-time Power(W)         : 110.2

	Chip Name                      : mcu
	Temperature(C)                 : 43
2026-09-06T09:09:35+08:00
	NPU ID                         : 6
	Chip Count                     : 1

	Process id:2037247 Process name:python            Process memory(MB):4363
	Chip ID                        : 0

	NPU ID                         : 6
	Chip Count                     : 1

	Chip ID                        : 0
	Memory Usage Rate(%)           : 0
	HBM Usage Rate(%)              : 11
	Aicore Usage Rate(%)           : 0
	Aicore Freq(MHZ)               : 1800
	Aicore curFreq(MHZ)            : 1800
	Aicore Count                   : 24
	Temperature(C)                 : 48
	NPU Real-time Power(W)         : 110.4

	Chip Name                      : mcu
	Temperature(C)                 : 43
2026-09-06T09:09:41+08:00
	NPU ID                         : 6
	Chip Count                     : 1

	Process id:2037247 Process name:python            Process memory(MB):4363
	Chip ID                        : 0

	NPU ID                         : 6
	Chip Count                     : 1

	Chip ID                        : 0
	Memory Usage Rate(%)           : 0
	HBM Usage Rate(%)              : 11
	Aicore Usage Rate(%)           : 0
	Aicore Freq(MHZ)               : 1800
	Aicore curFreq(MHZ)            : 1800
	Aicore Count                   : 24
	Temperature(C)                 : 48
	NPU Real-time Power(W)         : 110.5

	Chip Name                      : mcu
	Temperature(C)                 : 43
2026-09-06T09:09:48+08:00
	NPU ID                         : 6
	Chip Count                     : 1

	Process id:2037247 Process name:python            Process memory(MB):4363
	Chip ID                        : 0

	NPU ID                         : 6
	Chip Count                     : 1

	Chip ID                        : 0
	Memory Usage Rate(%)           : 0
	HBM Usage Rate(%)              : 11
	Aicore Usage Rate(%)           : 0
	Aicore Freq(MHZ)               : 1800
	Aicore curFreq(MHZ)            : 1800
	Aicore Count                   : 24
	Temperature(C)                 : 47
	NPU Real-time Power(W)         : 110.3

	Chip Name                      : mcu
	Temperature(C)                 : 43
2026-09-06T09:09:54+08:00
	NPU ID                         : 6
	Chip Count                     : 1

	Process id:2037247 Process name:python            Process memory(MB):4363
	Chip ID                        : 0

	NPU ID                         : 6
	Chip Count                     : 1

	Chip ID                        : 0
	Memory Usage Rate(%)           : 0
	HBM Usage Rate(%)              : 11
	Aicore Usage Rate(%)           : 0
	Aicore Freq(MHZ)               : 1800
	Aicore curFreq(MHZ)            : 1800
	Aicore Count                   : 24
	Temperature(C)                 : 49
	NPU Real-time Power(W)         : 110.6

	Chip Name                      : mcu
	Temperature(C)                 : 43
2026-09-06T09:10:00+08:00
	NPU ID                         : 6
	Chip Count                     : 1

	Process id:2037247 Process name:python            Process memory(MB):4365
	Chip ID                        : 0

	NPU ID                         : 6
	Chip Count                     : 1

	Chip ID                        : 0
	Memory Usage Rate(%)           : 0
	HBM Usage Rate(%)              : 15
	Aicore Usage Rate(%)           : 0
	Aicore Freq(MHZ)               : 1800
	Aicore curFreq(MHZ)            : 1800
	Aicore Count                   : 24
	Temperature(C)                 : 49
	NPU Real-time Power(W)         : 110.6

	Chip Name                      : mcu
	Temperature(C)                 : 43
2026-09-06T09:10:06+08:00
	NPU ID                         : 6
	Chip Count                     : 1

	Process id:2037247 Process name:python            Process memory(MB):7111
	Chip ID                        : 0

	NPU ID                         : 6
	Chip Count                     : 1

	Chip ID                        : 0
	Memory Usage Rate(%)           : 0
	HBM Usage Rate(%)              : 15
	Aicore Usage Rate(%)           : 0
	Aicore Freq(MHZ)               : 1800
	Aicore curFreq(MHZ)            : 1800
	Aicore Count                   : 24
	Temperature(C)                 : 49
	NPU Real-time Power(W)         : 110.4

	Chip Name                      : mcu
	Temperature(C)                 : 43
2026-09-06T09:10:12+08:00
	NPU ID                         : 6
	Chip Count                     : 1

	Process id:2037247 Process name:python            Process memory(MB):7111
	Chip ID                        : 0

	NPU ID                         : 6
	Chip Count                     : 1

	Chip ID                        : 0
	Memory Usage Rate(%)           : 0
	HBM Usage Rate(%)              : 15
	Aicore Usage Rate(%)           : 0
	Aicore Freq(MHZ)               : 1800
	Aicore curFreq(MHZ)            : 1800
	Aicore Count                   : 24
	Temperature(C)                 : 49
	NPU Real-time Power(W)         : 110.1

	Chip Name                      : mcu
	Temperature(C)                 : 43
2026-09-06T09:10:18+08:00
	NPU ID                         : 6
	Chip Count                     : 1

	Process id:2037247 Process name:python            Process memory(MB):7111
	Chip ID                        : 0

	NPU ID                         : 6
	Chip Count                     : 1

	Chip ID                        : 0
	Memory Usage Rate(%)           : 0
	HBM Usage Rate(%)              : 15
	Aicore Usage Rate(%)           : 0
	Aicore Freq(MHZ)               : 1800
	Aicore curFreq(MHZ)            : 1800
	Aicore Count                   : 24
	Temperature(C)                 : 49
	NPU Real-time Power(W)         : 110.6

	Chip Name                      : mcu
	Temperature(C)                 : 43
2026-09-06T09:10:24+08:00
	NPU ID                         : 6
	Chip Count                     : 1

	Process id:2037247 Process name:python            Process memory(MB):7111
	Chip ID                        : 0

	NPU ID                         : 6
	Chip Count                     : 1

	Chip ID                        : 0
	Memory Usage Rate(%)           : 0
	HBM Usage Rate(%)              : 15
	Aicore Usage Rate(%)           : 0
	Aicore Freq(MHZ)               : 1800
	Aicore curFreq(MHZ)            : 1800
	Aicore Count                   : 24
	Temperature(C)                 : 49
	NPU Real-time Power(W)         : 110.8

	Chip Name                      : mcu
	Temperature(C)                 : 43
2026-09-06T09:10:30+08:00
	NPU ID                         : 6
	Chip Count                     : 1

	Process id:2037247 Process name:python            Process memory(MB):7111
	Chip ID                        : 0

	NPU ID                         : 6
	Chip Count                     : 1

	Chip ID                        : 0
	Memory Usage Rate(%)           : 0
	HBM Usage Rate(%)              : 15
	Aicore Usage Rate(%)           : 0
	Aicore Freq(MHZ)               : 1800
	Aicore curFreq(MHZ)            : 1800
	Aicore Count                   : 24
	Temperature(C)                 : 49
	NPU Real-time Power(W)         : 110.6

	Chip Name                      : mcu
	Temperature(C)                 : 43
2026-09-06T09:10:36+08:00
	NPU ID                         : 6
	Chip Count                     : 1

	Process id:2037247 Process name:python            Process memory(MB):7111
	Chip ID                        : 0

	NPU ID                         : 6
	Chip Count                     : 1

	Chip ID                        : 0
	Memory Usage Rate(%)           : 0
	HBM Usage Rate(%)              : 15
	Aicore Usage Rate(%)           : 0
	Aicore Freq(MHZ)               : 1800
	Aicore curFreq(MHZ)            : 1800
	Aicore Count                   : 24
	Temperature(C)                 : 49
	NPU Real-time Power(W)         : 110.4

	Chip Name                      : mcu
	Temperature(C)                 : 43
2026-09-06T09:10:43+08:00
	NPU ID                         : 6
	Chip Count                     : 1

	Process id:2037247 Process name:python            Process memory(MB):7111
	Chip ID                        : 0

	NPU ID                         : 6
	Chip Count                     : 1

	Chip ID                        : 0
	Memory Usage Rate(%)           : 0
	HBM Usage Rate(%)              : 15
	Aicore Usage Rate(%)           : 0
	Aicore Freq(MHZ)               : 1800
	Aicore curFreq(MHZ)            : 1800
	Aicore Count                   : 24
	Temperature(C)                 : 49
	NPU Real-time Power(W)         : 110.8

	Chip Name                      : mcu
	Temperature(C)                 : 43
2026-09-06T09:10:49+08:00
	NPU ID                         : 6
	Chip Count                     : 1

	Process id:2037247 Process name:python            Process memory(MB):7111
	Chip ID                        : 0

	NPU ID                         : 6
	Chip Count                     : 1

	Chip ID                        : 0
	Memory Usage Rate(%)           : 0
	HBM Usage Rate(%)              : 15
	Aicore Usage Rate(%)           : 0
	Aicore Freq(MHZ)               : 1800
	Aicore curFreq(MHZ)            : 1800
	Aicore Count                   : 24
	Temperature(C)                 : 49
	NPU Real-time Power(W)         : 110.7

	Chip Name                      : mcu
	Temperature(C)                 : 43
2026-09-06T09:10:55+08:00
	NPU ID                         : 6
	Chip Count                     : 1

	Process id:2037247 Process name:python            Process memory(MB):7111
	Chip ID                        : 0

	NPU ID                         : 6
	Chip Count                     : 1

	Chip ID                        : 0
	Memory Usage Rate(%)           : 0
	HBM Usage Rate(%)              : 15
	Aicore Usage Rate(%)           : 0
	Aicore Freq(MHZ)               : 1800
	Aicore curFreq(MHZ)            : 1800
	Aicore Count                   : 24
	Temperature(C)                 : 49
	NPU Real-time Power(W)         : 110.7

	Chip Name                      : mcu
	Temperature(C)                 : 43
2026-09-06T09:11:01+08:00
	NPU ID                         : 6
	Chip Count                     : 1

	Process id:2037247 Process name:python            Process memory(MB):7111
	Chip ID                        : 0

	NPU ID                         : 6
	Chip Count                     : 1

	Chip ID                        : 0
	Memory Usage Rate(%)           : 0
	HBM Usage Rate(%)              : 15
	Aicore Usage Rate(%)           : 0
	Aicore Freq(MHZ)               : 1800
	Aicore curFreq(MHZ)            : 1800
	Aicore Count                   : 24
	Temperature(C)                 : 49
	NPU Real-time Power(W)         : 110.7

	Chip Name                      : mcu
	Temperature(C)                 : 43
2026-09-06T09:11:07+08:00
	NPU ID                         : 6
	Chip Count                     : 1

	Process id:2037247 Process name:python            Process memory(MB):7111
	Chip ID                        : 0

	NPU ID                         : 6
	Chip Count                     : 1

	Chip ID                        : 0
	Memory Usage Rate(%)           : 0
	HBM Usage Rate(%)              : 15
	Aicore Usage Rate(%)           : 0
	Aicore Freq(MHZ)               : 1800
	Aicore curFreq(MHZ)            : 1800
	Aicore Count                   : 24
	Temperature(C)                 : 49
	NPU Real-time Power(W)         : 110.6

	Chip Name                      : mcu
	Temperature(C)                 : 43
2026-09-06T09:11:13+08:00
	NPU ID                         : 6
	Chip Count                     : 1

	Process id:2037247 Process name:python            Process memory(MB):7111
	Chip ID                        : 0

	NPU ID                         : 6
	Chip Count                     : 1

	Chip ID                        : 0
	Memory Usage Rate(%)           : 0
	HBM Usage Rate(%)              : 15
	Aicore Usage Rate(%)           : 0
	Aicore Freq(MHZ)               : 1800
	Aicore curFreq(MHZ)            : 1800
	Aicore Count                   : 24
	Temperature(C)                 : 49
	NPU Real-time Power(W)         : 110.6

	Chip Name                      : mcu
	Temperature(C)                 : 43
2026-09-06T09:11:19+08:00
	NPU ID                         : 6
	Chip Count                     : 1

	Process id:2037247 Process name:python            Process memory(MB):7111
	Chip ID                        : 0

	NPU ID                         : 6
	Chip Count                     : 1

	Chip ID                        : 0
	Memory Usage Rate(%)           : 0
	HBM Usage Rate(%)              : 15
	Aicore Usage Rate(%)           : 0
	Aicore Freq(MHZ)               : 1800
	Aicore curFreq(MHZ)            : 1800
	Aicore Count                   : 24
	Temperature(C)                 : 49
	NPU Real-time Power(W)         : 110.3

	Chip Name                      : mcu
	Temperature(C)                 : 43
2026-09-06T09:11:25+08:00
	NPU ID                         : 6
	Chip Count                     : 1

	Process id:2037247 Process name:python            Process memory(MB):7111
	Chip ID                        : 0

	NPU ID                         : 6
	Chip Count                     : 1

	Chip ID                        : 0
	Memory Usage Rate(%)           : 0
	HBM Usage Rate(%)              : 15
	Aicore Usage Rate(%)           : 0
	Aicore Freq(MHZ)               : 1800
	Aicore curFreq(MHZ)            : 1800
	Aicore Count                   : 24
	Temperature(C)                 : 49
	NPU Real-time Power(W)         : 110.7

	Chip Name                      : mcu
	Temperature(C)                 : 43
