2026-09-06 01:03:07 [INFO] [2549785] [2549785] [time_logger.h:32] DeviceContextEntry  start
2026-09-06 01:03:07 [INFO] [2549785] [2549788] [parser.cpp:124] notify: no files pattern, don't need to parse
2026-09-06 01:03:07 [INFO] [2549785] [2549788] [freq_parser.cpp:71] FreqProfileData structCount is : 0
2026-09-06 01:03:07 [INFO] [2549785] [2549788] [freq_parser.cpp:99] Freq.data parser is completed, begin to save data into dataInventory!
2026-09-06 01:03:07 [INFO] [2549785] [2549788] [parser.cpp:181] Parser is completed!
2026-09-06 01:03:07 [WARN] [2549785] [2549790] [load_stream_expand_spec_data.cpp:43] There is no /workspace/repos/paddle_ocr_vl_npu/tmp/09_persistent_page_engine/table_b4_b8_profile_b0f1cac7_20260906/b4_capture/liteserver-c001-4_2549170_20260906010305656_ascend_pt/PROF_000001_20260906010305686_02549170FIJOBIFA/device_6/..///host//sqlite/stream_expand_spec.db
2026-09-06 01:03:07 [INFO] [2549785] [2549788] [parser.cpp:55] loop: /workspace/repos/paddle_ocr_vl_npu/tmp/09_persistent_page_engine/table_b4_b8_profile_b0f1cac7_20260906/b4_capture/liteserver-c001-4_2549170_20260906010305656_ascend_pt/PROF_000001_20260906010305686_02549170FIJOBIFA/device_6/data/ts_track.data.6.slice_0, file size: 2000
2026-09-06 01:03:07 [INFO] [2549785] [2549788] [parser.cpp:58] total size: 2000
2026-09-06 01:03:07 [INFO] [2549785] [2549788] [parser.cpp:163] Parse filePrefix is: ts_track., the number of files is: 1, and the total size of all files is: 2000
2026-09-06 01:03:07 [INFO] [2549785] [2549788] [parser.cpp:91] Data has been read to the memory successfully!
2026-09-06 01:03:07 [INFO] [2549785] [2549788] [ts_track_parser.cpp:69] TsTrack structCount: 50
2026-09-06 01:03:07 [INFO] [2549785] [2549788] [parser.cpp:181] Parser is completed!
2026-09-06 01:03:07 [INFO] [2549785] [2549786] [process_control.cpp:193] Level[0]Release Data Types: 
2026-09-06 01:03:07 [INFO] [2549785] [2549794] [freq_persistence.cpp:50] Start to process /workspace/repos/paddle_ocr_vl_npu/tmp/09_persistent_page_engine/table_b4_b8_profile_b0f1cac7_20260906/b4_capture/liteserver-c001-4_2549170_20260906010305656_ascend_pt/PROF_000001_20260906010305686_02549170FIJOBIFA/device_6/sqlite/freq.db.
2026-09-06 01:03:07 [INFO] [2549785] [2549794] [freq_persistence.cpp:54] The freq is default data no need to persistence!
2026-09-06 01:03:07 [INFO] [2549785] [2549791] [step_trace_process.cpp:201] Start to process step trace data
2026-09-06 01:03:07 [INFO] [2549785] [2549792] [parser.cpp:55] loop: /workspace/repos/paddle_ocr_vl_npu/tmp/09_persistent_page_engine/table_b4_b8_profile_b0f1cac7_20260906/b4_capture/liteserver-c001-4_2549170_20260906010305656_ascend_pt/PROF_000001_20260906010305686_02549170FIJOBIFA/device_6/data/stars_soc.data.6.slice_0, file size: 1708544
2026-09-06 01:03:07 [INFO] [2549785] [2549792] [parser.cpp:58] total size: 1708544
2026-09-06 01:03:07 [INFO] [2549785] [2549792] [parser.cpp:163] Parse filePrefix is: stars_soc., the number of files is: 1, and the total size of all files is: 1708544
2026-09-06 01:03:07 [INFO] [2549785] [2549793] [parser.cpp:55] loop: /workspace/repos/paddle_ocr_vl_npu/tmp/09_persistent_page_engine/table_b4_b8_profile_b0f1cac7_20260906/b4_capture/liteserver-c001-4_2549170_20260906010305656_ascend_pt/PROF_000001_20260906010305686_02549170FIJOBIFA/device_6/data/ffts_profile.data.6.slice_0, file size: 2158464
2026-09-06 01:03:07 [INFO] [2549785] [2549793] [parser.cpp:55] loop: /workspace/repos/paddle_ocr_vl_npu/tmp/09_persistent_page_engine/table_b4_b8_profile_b0f1cac7_20260906/b4_capture/liteserver-c001-4_2549170_20260906010305656_ascend_pt/PROF_000001_20260906010305686_02549170FIJOBIFA/device_6/data/ffts_profile.data.6.slice_1, file size: 1361536
2026-09-06 01:03:07 [INFO] [2549785] [2549793] [parser.cpp:58] total size: 3520000
2026-09-06 01:03:07 [INFO] [2549785] [2549793] [parser.cpp:163] Parse filePrefix is: ffts_profile, the number of files is: 2, and the total size of all files is: 3520000
2026-09-06 01:03:07 [INFO] [2549785] [2549792] [parser.cpp:91] Data has been read to the memory successfully!
2026-09-06 01:03:07 [INFO] [2549785] [2549792] [stars_soc_parser.cpp:81] StarsSoc structCount: 26696
2026-09-06 01:03:07 [INFO] [2549785] [2549793] [parser.cpp:91] Data has been read to the memory successfully!
2026-09-06 01:03:07 [INFO] [2549785] [2549793] [ffts_profile_parser.cpp:83] FftsProfileData structCount is : 27500
2026-09-06 01:03:07 [INFO] [2549785] [2549792] [parser.cpp:181] Parser is completed!
2026-09-06 01:03:07 [INFO] [2549785] [2549793] [ffts_profile_parser.cpp:97] Ffts_profile.data parser is completed, begin to save data into dataInventory!
2026-09-06 01:03:07 [INFO] [2549785] [2549793] [parser.cpp:181] Parser is completed!
2026-09-06 01:03:07 [INFO] [2549785] [2549786] [process_control.cpp:193] Level[1]Release Data Types: St3mapIjSt6vectorIN8Analysis6Domain14StepTraceTasksESaIS3_EESt4lessIjESaISt4pairIKjS5_EEE 
2026-09-06 01:03:07 [INFO] [2549785] [2549797] [time_logger.h:32] LogModeling::SplitLogGroups  start
2026-09-06 01:03:07 [INFO] [2549785] [2549795] [acc_pmu_persistence.cpp:61] Start to process /workspace/repos/paddle_ocr_vl_npu/tmp/09_persistent_page_engine/table_b4_b8_profile_b0f1cac7_20260906/b4_capture/liteserver-c001-4_2549170_20260906010305656_ascend_pt/PROF_000001_20260906010305686_02549170FIJOBIFA/device_6/sqlite/acc_pmu.db.
2026-09-06 01:03:07 [INFO] [2549785] [2549795] [acc_pmu_persistence.cpp:65] There is no acc pmu data don't need to persistence!
2026-09-06 01:03:07 [INFO] [2549785] [2549796] [pmu_modeling.cpp:52] PMU modeling has done!
2026-09-06 01:03:07 [INFO] [2549785] [2549797] [time_logger.h:39] LogModeling::SplitLogGroups  end, cost time = 1 ms
2026-09-06 01:03:07 [INFO] [2549785] [2549797] [log_modeling.cpp:150] HalLogData size:26696
2026-09-06 01:03:07 [INFO] [2549785] [2549797] [log_modeling.cpp:151] acsqS stream:5, total:12898
2026-09-06 01:03:07 [INFO] [2549785] [2549797] [log_modeling.cpp:152] acsqE stream:5, total:12898
2026-09-06 01:03:07 [INFO] [2549785] [2549797] [log_modeling.cpp:153] fftsS stream:1, total:450
2026-09-06 01:03:07 [INFO] [2549785] [2549797] [log_modeling.cpp:154] fftsE stream:1, total:450
2026-09-06 01:03:07 [INFO] [2549785] [2549797] [time_logger.h:32] LogModeling::AddToDeviceTask  start
2026-09-06 01:03:07 [INFO] [2549785] [2549797] [log_modeling.cpp:224] ACSQ matched count:12898
2026-09-06 01:03:07 [INFO] [2549785] [2549797] [log_modeling.cpp:234] FFTS matched count:450
2026-09-06 01:03:07 [INFO] [2549785] [2549797] [time_logger.h:39] LogModeling::AddToDeviceTask  end, cost time = 4 ms
2026-09-06 01:03:07 [INFO] [2549785] [2549786] [process_control.cpp:193] Level[2]Release Data Types: St6vectorIN8Analysis6Domain10HalLogDataESaIS2_EE St6vectorIN8Analysis6Domain12HalTrackDataESaIS2_EE 
2026-09-06 01:03:07 [INFO] [2549785] [2549798] [db_runner.h:79] Start query data
2026-09-06 01:03:07 [INFO] [2549785] [2549798] [db_runner.h:90] Query data success: SELECT stream_id, request_id, batch_id, task_id, context_ids, model_id, task_type, kernel_name, connection_id, device_id FROM HostTask WHERE device_id IN (6)
2026-09-06 01:03:07 [INFO] [2549785] [2549798] [db_runner.h:79] Start query data
2026-09-06 01:03:07 [INFO] [2549785] [2549798] [db_runner.h:90] Query data success: SELECT stream_id, batch_id, task_id, context_id, block_num, mix_block_num FROM TaskInfo where device_id = 6
2026-09-06 01:03:07 [INFO] [2549785] [2549798] [load_host_data.cpp:101] Read host GE info 11760 not in table.
2026-09-06 01:03:07 [WARN] [2549785] [2549798] [load_host_data.cpp:52] There is no /workspace/repos/paddle_ocr_vl_npu/tmp/09_persistent_page_engine/table_b4_b8_profile_b0f1cac7_20260906/b4_capture/liteserver-c001-4_2549170_20260906010305656_ascend_pt/PROF_000001_20260906010305686_02549170FIJOBIFA/device_6/..///host//sqlite/hccl.db
2026-09-06 01:03:07 [WARN] [2549785] [2549798] [load_host_data.cpp:52] There is no /workspace/repos/paddle_ocr_vl_npu/tmp/09_persistent_page_engine/table_b4_b8_profile_b0f1cac7_20260906/b4_capture/liteserver-c001-4_2549170_20260906010305656_ascend_pt/PROF_000001_20260906010305686_02549170FIJOBIFA/device_6/..///host//sqlite/hccl.db
2026-09-06 01:03:07 [INFO] [2549785] [2549786] [process_control.cpp:193] Level[3]Release Data Types: 
2026-09-06 01:03:07 [INFO] [2549785] [2549800] [pmu_association.cpp:42] context pmu count is : 5900
2026-09-06 01:03:07 [INFO] [2549785] [2549800] [pmu_association.cpp:43] block pmu count is : 21600
2026-09-06 01:03:07 [INFO] [2549785] [2549800] [pmu_association.cpp:250] The acceleratorType of PMU is MIX
2026-09-06 01:03:07 [INFO] [2549785] [2549800] [pmu_association.cpp:190] Context PMU has been calculated!
2026-09-06 01:03:07 [INFO] [2549785] [2549799] [ascend_task_association.cpp:188] Found 13348 host device matched task, generate 25433 topDownTask
2026-09-06 01:03:07 [INFO] [2549785] [2549786] [process_control.cpp:193] Level[4]Release Data Types: St3mapIN8Analysis6Domain6TaskIdESt6vectorINS1_8HostTaskESaIS4_EESt4lessIS2_ESaISt4pairIKS2_S6_EEE St6vectorIN8Analysis6Domain10HalPmuDataESaIS2_EE St6vectorIN8Analysis6Domain14HalFreqLpmDataESaIS2_EE 
2026-09-06 01:03:07 [INFO] [2549785] [2549801] [hccl_calculator.cpp:57] Start Hccl calculator ProcessEntry.
2026-09-06 01:03:07 [INFO] [2549785] [2549801] [hccl_calculator.cpp:87] Start Hccl calculator GetHcclData.
2026-09-06 01:03:07 [INFO] [2549785] [2549801] [hccl_calculator.cpp:116] Start merge hccl task and ascend task.
2026-09-06 01:03:07 [INFO] [2549785] [2549802] [metric_summary_persistence.cpp:277] Start to process /workspace/repos/paddle_ocr_vl_npu/tmp/09_persistent_page_engine/table_b4_b8_profile_b0f1cac7_20260906/b4_capture/liteserver-c001-4_2549170_20260906010305656_ascend_pt/PROF_000001_20260906010305686_02549170FIJOBIFA/device_6/sqlite/metric_summary.db.
2026-09-06 01:03:07 [INFO] [2549785] [2549802] [db_runner.cpp:53] Start create MetricSummary
2026-09-06 01:03:07 [INFO] [2549785] [2549802] [db_runner.cpp:66] create MetricSummary success
2026-09-06 01:03:07 [INFO] [2549785] [2549801] [hccl_calculator.cpp:215] Start merge hccl op data.
2026-09-06 01:03:07 [INFO] [2549785] [2549801] [hccl_calculator.cpp:284] Start UpdateHcclOpNameByGroupName.
2026-09-06 01:03:07 [INFO] [2549785] [2549801] [hccl_calculator.cpp:308] Start UpdateHcclBandwidth.
2026-09-06 01:03:07 [INFO] [2549785] [2549801] [hccl_calculator.cpp:384] Start GetHcclStatisticsData.
2026-09-06 01:03:07 [WARN] [2549785] [2549801] [hccl_calculator.cpp:386] No op type in hccl data.
2026-09-06 01:03:07 [INFO] [2549785] [2549801] [hccl_calculator.cpp:438] Start inject hccl data.
2026-09-06 01:03:07 [INFO] [2549785] [2549802] [metric_summary_persistence.cpp:285] Process MetricSummary done!
2026-09-06 01:03:07 [INFO] [2549785] [2549786] [process_control.cpp:193] Level[5]Release Data Types: St3mapIN8Analysis6Domain6TaskIdESt6vectorINS1_10DeviceTaskESaIS4_EESt4lessIS2_ESaISt4pairIKS2_S6_EEE St6vectorIN8Analysis6Domain8HcclTaskESaIS2_EE 
2026-09-06 01:03:07 [INFO] [2549785] [2549803] [device_hccl_persistence.cpp:133] Start to dump device hccl data.
2026-09-06 01:03:07 [INFO] [2549785] [2549804] [ascend_task_persistence.cpp:76] Start to process /workspace/repos/paddle_ocr_vl_npu/tmp/09_persistent_page_engine/table_b4_b8_profile_b0f1cac7_20260906/b4_capture/liteserver-c001-4_2549170_20260906010305656_ascend_pt/PROF_000001_20260906010305686_02549170FIJOBIFA/device_6/sqlite/ascend_task.db.
2026-09-06 01:03:07 [WARN] [2549785] [2549803] [device_hccl_persistence.cpp:52] Hccl op data is empty.
2026-09-06 01:03:07 [WARN] [2549785] [2549803] [device_hccl_persistence.cpp:80] Hccl task data is empty.
2026-09-06 01:03:07 [WARN] [2549785] [2549803] [device_hccl_persistence.cpp:112] Hccl statistics data is empty.
2026-09-06 01:03:07 [INFO] [2549785] [2549804] [persistence_utils.h:43] Processor Save AscendTask Data.
2026-09-06 01:03:07 [INFO] [2549785] [2549804] [db_runner.cpp:53] Start create AscendTask
2026-09-06 01:03:07 [INFO] [2549785] [2549804] [db_runner.cpp:66] create AscendTask success
2026-09-06 01:03:07 [INFO] [2549785] [2549804] [db_runner.h:61] Start insert data to AscendTask
2026-09-06 01:03:08 [INFO] [2549785] [2549804] [db_runner.h:72] insert data to AscendTask success
2026-09-06 01:03:08 [INFO] [2549785] [2549804] [ascend_task_persistence.cpp:85] Process AscendTask done!
2026-09-06 01:03:08 [INFO] [2549785] [2549786] [process_control.cpp:193] Level[6]Release Data Types: St6vectorI11TopDownTaskSaIS0_EE St6vectorIN8Analysis6Domain14DeviceHcclTaskESaIS2_EE St6vectorIN8Analysis6Domain14HcclStatisticsESaIS2_EE St6vectorIN8Analysis6Domain6HcclOpESaIS2_EE 
2026-09-06 01:03:08 [INFO] [2549785] [2549785] [device_context.cpp:139] stat info: ===============================================================================
deivce file in /workspace/repos/paddle_ocr_vl_npu/tmp/09_persistent_page_engine/table_b4_b8_profile_b0f1cac7_20260906/b4_capture/liteserver-c001-4_2549170_20260906010305656_ascend_pt/PROF_000001_20260906010305686_02549170FIJOBIFA/device_6
chip id: 5, process levels:7
-------------------------------------------------------------------------------
level[0] generalResult:true, process num:4
	process0[FreqParser]:return: 0x0, mandatory:true
		dependProcessNames: 
		startTime:831689438936 us, duration: 413 us
	process1[LoadStreamExpandSpec]:return: 0x0, mandatory:true
		dependProcessNames: 
		startTime:831689439353 us, duration: 82 us
	process2[TsTrackParser]:return: 0x0, mandatory:true
		dependProcessNames: 
		startTime:831689439351 us, duration: 222 us
	process3[DeviceTaskProcess]:return: 0x0, mandatory:true
		dependProcessNames: 
		startTime:831689439850 us, duration: 39 us
-------------------------------------------------------------------------------
level[1] generalResult:true, process num:4
	process0[FreqPersistence]:return: 0x0, mandatory:true
		dependProcessNames: FreqParser, 
		startTime:831689440474 us, duration: 91 us
	process1[StarsSocParser]:return: 0x0, mandatory:true
		dependProcessNames: LoadStreamExpandSpec, 
		startTime:831689440508 us, duration: 32791 us
	process2[StepTraceProcess]:return: 0x0, mandatory:false
		dependProcessNames: TsTrackParser, 
		startTime:831689440547 us, duration: 588 us
	process3[FftsProfileParser]:return: 0x0, mandatory:true
		dependProcessNames: LoadStreamExpandSpec, 
		startTime:831689440891 us, duration: 35192 us
-------------------------------------------------------------------------------
level[2] generalResult:true, process num:3
	process0[Domain::LogModeling]:return: 0x0, mandatory:true
		dependProcessNames: StarsSocParser, TsTrackParser, 
		startTime:831689476699 us, duration: 6110 us
	process1[AccPmuPersistence]:return: 0x0, mandatory:true
		dependProcessNames: StarsSocParser, 
		startTime:831689476723 us, duration: 284 us
	process2[PmuModeling]:return: 0x0, mandatory:true
		dependProcessNames: FftsProfileParser, TsTrackParser, 
		startTime:831689476756 us, duration: 778 us
-------------------------------------------------------------------------------
level[3] generalResult:true, process num:1
	process0[LoadHostData]:return: 0x0, mandatory:false
		dependProcessNames: Domain::LogModeling, 
		startTime:831689483232 us, duration: 40287 us
-------------------------------------------------------------------------------
level[4] generalResult:true, process num:2
	process0[PmuAssociation]:return: 0x0, mandatory:true
		dependProcessNames: LoadHostData, PmuModeling, 
		startTime:831689524455 us, duration: 22744 us
	process1[AscendTaskAssociation]:return: 0x0, mandatory:true
		dependProcessNames: LoadHostData, 
		startTime:831689524474 us, duration: 113607 us
-------------------------------------------------------------------------------
level[5] generalResult:true, process num:2
	process0[HcclCalculator]:return: 0x0, mandatory:true
		dependProcessNames: AscendTaskAssociation, LoadHostData, 
		startTime:831689643266 us, duration: 16183 us
	process1[MetricSummaryPersistence]:return: 0x0, mandatory:false
		dependProcessNames: PmuAssociation, 
		startTime:831689643293 us, duration: 29626 us
-------------------------------------------------------------------------------
level[6] generalResult:true, process num:2
	process0[AscendTaskPersistence]:return: 0x0, mandatory:true
		dependProcessNames: HcclCalculator, 
		startTime:831689674186 us, duration: 61944 us
	process1[DeviceHcclPersistence]:return: 0x0, mandatory:true
		dependProcessNames: HcclCalculator, 
		startTime:831689674205 us, duration: 95 us


2026-09-06 01:03:08 [INFO] [2549785] [2549785] [time_logger.h:39] DeviceContextEntry  end, cost time = 302 ms
