Selected physical NPU 5 as logical npu:0
Python: /usr/local/python3.12.13/bin/python3
[32mCreating model: ('PP-DocLayoutV3', '/workspace/models/PP-DocLayoutV3_safetensors', 'transformers')[0m
Loading weights:   0%|          | 0/858 [00:00<?, ?it/s]Loading weights:  55%|█████▌    | 476/858 [00:00<00:00, 4752.72it/s]Loading weights: 100%|██████████| 858/858 [00:00<00:00, 5090.13it/s]
[32mCreating model: ('PaddleOCR-VL-1.6-0.9B', None, None)[0m
[npu] set torch.npu compile mode: jit_compile=False
[W720 09:15:50.434970308 TensorFactories.cpp:340] Warning: Cannot create tensor with interal format while allow_internel_format=False, tensor will be created with base format. (function operator())
completed=1/64 elapsed_s=21.791
completed=2/64 elapsed_s=21.806
completed=3/64 elapsed_s=21.819
completed=4/64 elapsed_s=21.837
completed=5/64 elapsed_s=21.849
completed=6/64 elapsed_s=21.866
completed=7/64 elapsed_s=21.879
completed=8/64 elapsed_s=21.890
completed=9/64 elapsed_s=46.301
completed=10/64 elapsed_s=46.314
completed=11/64 elapsed_s=46.323
completed=12/64 elapsed_s=46.331
completed=13/64 elapsed_s=46.338
completed=14/64 elapsed_s=46.349
completed=15/64 elapsed_s=46.387
completed=16/64 elapsed_s=46.439
completed=17/64 elapsed_s=63.625
completed=18/64 elapsed_s=63.639
completed=19/64 elapsed_s=63.651
completed=20/64 elapsed_s=63.662
completed=21/64 elapsed_s=63.669
completed=22/64 elapsed_s=63.725
completed=23/64 elapsed_s=63.737
completed=24/64 elapsed_s=63.757
completed=25/64 elapsed_s=74.936
completed=26/64 elapsed_s=74.953
completed=27/64 elapsed_s=74.968
completed=28/64 elapsed_s=74.985
completed=29/64 elapsed_s=74.997
completed=30/64 elapsed_s=75.004
completed=31/64 elapsed_s=75.043
completed=32/64 elapsed_s=75.084
completed=33/64 elapsed_s=88.828
completed=34/64 elapsed_s=88.864
completed=35/64 elapsed_s=88.876
completed=36/64 elapsed_s=88.887
completed=37/64 elapsed_s=88.913
completed=38/64 elapsed_s=88.923
completed=39/64 elapsed_s=88.943
completed=40/64 elapsed_s=89.021
completed=41/64 elapsed_s=114.018
completed=42/64 elapsed_s=114.079
completed=43/64 elapsed_s=114.097
completed=44/64 elapsed_s=114.116
completed=45/64 elapsed_s=114.132
completed=46/64 elapsed_s=114.143
completed=47/64 elapsed_s=114.171
completed=48/64 elapsed_s=114.182
completed=49/64 elapsed_s=125.721
completed=50/64 elapsed_s=125.730
completed=51/64 elapsed_s=125.737
completed=52/64 elapsed_s=125.758
completed=53/64 elapsed_s=125.765
completed=54/64 elapsed_s=125.841
completed=55/64 elapsed_s=125.855
completed=56/64 elapsed_s=125.862
completed=57/64 elapsed_s=156.373
completed=58/64 elapsed_s=156.396
completed=59/64 elapsed_s=156.507
completed=60/64 elapsed_s=156.539
completed=61/64 elapsed_s=156.557
completed=62/64 elapsed_s=156.748
completed=63/64 elapsed_s=156.838
completed=64/64 elapsed_s=156.847
{
  "dataset_json": "/workspace/repos/paddle_ocr_vl_npu/tmp/08_offline_e2e_b1/omnidocbench_v16_uniform64_b16_default_c94ef82_metrics_20260720/uniform64_first_then_remainder.json",
  "images_dir": "/workspace/datasets/OmniDocBench/images",
  "offset": 0,
  "count": 64,
  "images": [
    "page-d1561665-5359-42fe-920c-d6e3bff81953.png",
    "page-d43b98f8-6a96-44f8-a3cf-65de9397f582.png",
    "page-c6168ed8-ca6a-4ddd-8bfc-92dec77f1870.png",
    "page-3e0da562-e549-4a04-8335-e76db83d57e6.png",
    "page-6eaea9af-1dfa-4166-9881-b5047bbd0a4f.png",
    "page-25bb22df-f066-42ea-b1a9-e283ec22a303.png",
    "page-8d885b06-4da2-453f-84f7-2f43bc4ae2dd.png",
    "page-01700769-1314-4880-83ab-af23bee36da3.png",
    "page-f245e436-c16e-4d7c-8797-c473bf25880a.png",
    "page-9a25d716-f3a8-42e6-9a4d-e5e49a71ab41.png",
    "page-ddb9d794-5230-4b43-b1ec-273b9e7ebc11.png",
    "page-68e347d8-6f34-431b-a2a2-549b3634dabc.png",
    "yanbaopptmerge_yanbaoPPT_1235.jpg",
    "yanbaopptmerge_yanbaoPPT_3215.jpg",
    "yanbaopptmerge_yanbaoPPT_4660.jpg",
    "yanbaopptmerge_yanbaoPPT_5885.jpg",
    "yanbaor2_6a016aa81b2fc8281a2a51bae6417769e4cae7fbe161cbc4351596b82e7002fa.pdf_8.jpg",
    "docstructbench_llm-raw-scihub-o.O-dvdy.10165.pdf_7.jpg",
    "docstructbench_llm-raw-scihub-o.O-j.ergon.2004.09.009.pdf_13.jpg",
    "docstructbench_llm-raw-the-eye-o.O-Attitudes_Towards_Rainwater_Harvesting_1999.pdf_5.jpg",
    "docstructbench_dianzishu_zhongwenzaixian-o.O-63677793.pdf_332.jpg",
    "yanbaopptmerge_abef2a4978ae4d13e931f0392502bd40.pdf_1287.jpg",
    "yanbaor2_ey-financial-sustainability-whitepaper.pdf_17.jpg",
    "jiaocai_jiaocai_en_518.jpg",
    "docstructbench_llm-raw-scihub-o.O-chem.200700285.pdf_4.jpg",
    "jiaocaineedrop_2017.pdf_0.jpg",
    "jiaocaineedrop_chem-203343.pdf_121.jpg",
    "jiaocaineedrop_jiaocai_needrop_en_1308.jpg",
    "jiaocaineedrop_jiaocai_needrop_en_1751.jpg",
    "jiaocaineedrop_jiaocai_needrop_en_2234.jpg",
    "jiaocaineedrop_jiaocai_needrop_en_276.jpg",
    "jiaocaineedrop_jiaocai_needrop_en_349.jpg",
    "jiaocaineedrop_jiaocai_needrop_en_574.jpg",
    "jiaocaineedrop_jiaocai_needrop_en_999.jpg",
    "yanbaor2_yanbaoPPT_1517.jpg",
    "notes_1ba14cb325bc448f7201b20502ecf2b5_32.jpg",
    "notes_1ba14cb325bc448f7201b20502ecf2b5_9.jpg",
    "notes_f7f010b78016aeebd76e56d9283eb67f_25.jpg",
    "notes_f7f010b78016aeebd76e56d9283eb67f_72.jpg",
    "newspaper_17f81b80831d8d58564b9c8e3cf79261_1.jpg",
    "newspaper_35bdaa11dec104ccbdc9e19ac8527d21_1.jpg",
    "newspaper_87769622e073730af94822416c60c710_1.jpg",
    "newspaper_d7fe1132386670993aae3dabc6247bc9_2.jpg",
    "eastmoney_34d623c64d12b5f02ffe4bff74f464b368270b1d6930192876bfe353d8fd6c30.pdf_0.jpg",
    "eastmoney_d08a4020e49029cf68b5dbf69e5ecaa40e969f918819c62579e5f4b1a357422f.pdf_3.jpg",
    "yanbaopptmerge_3f514841b9bba3e68710fde7af9562d36a424736a356ece18bb5eea86b43ada5.pdf_15.jpg",
    "scihub_fmicb.2019.01892.pdf_2.jpg",
    "scihub_s00784-003-0233-4.pdf_1.jpg",
    "yanbaor2_ey-beyond-traditional-corporate-governance.pdf_1.jpg",
    "PPT_8076_MEYER_Chapter_2_-_Language_Change_page_017.png",
    "PPT_english-guidelines-for-humanities-students.zp199743_page_008.png",
    "PPT_Catalysis.ppt_page_003.png",
    "PPT_session 10_page_023.png",
    "newspaper_The Globe and Mail - 2025-1-8@magazinesclubnew_page_003.png",
    "book_zh_GB12082006_extracted_page_8.png",
    "book_en_[搬书匠#893][Pyomo—Optimization Modeling in Python].2012.英文版_page_016.png",
    "book_en_国外数学教材-An Excursion through Elementary Mathematics（初等数学漫游）-An excursion through elementary mathematics, Vol.3 (Caminha Muniz Neto A)_0596.png",
    "color_textbook_教材全解1+1二年级上册英语上海牛津版_page_058.png",
    "exam_paper_2004-2019上海高考英语听力原文和答案_page_002.png",
    "exam_paper_en-file-putnam-archive_2016_Solutions_2016s_page_002.png",
    "exam_paper_en-file-putnam-archive_1994_Problems_1994_page_001.png",
    "magazine_TheEconomist.2024.03.02_page_075.png",
    "magazine_TheEconomist.2024.03.02_page_028.png",
    "PPT_PresentationSpecification_page_025.png"
  ],
  "pipeline": "official_paddlex_v1.6_with_experiment08_vl_rec_model_adapter",
  "configuration": {
    "layout_model": "/workspace/models/PP-DocLayoutV3_safetensors",
    "recognizer_model": "/workspace/models/PaddleOCR-VL-1.6",
    "device": "npu:0",
    "dtype": "fp16",
    "batch_size": 16,
    "cache_length": 8192,
    "max_new_tokens": 4096,
    "preprocessor_min_pixels": null,
    "effective_global_min_pixels": 112896,
    "vision_buckets": [
      32,
      64,
      96,
      128,
      160,
      192,
      224,
      256,
      288,
      320,
      352,
      384,
      416,
      448,
      480,
      512,
      576,
      640,
      704,
      768,
      832,
      896,
      960,
      1024,
      1152,
      1280,
      1408,
      1536,
      1664,
      1792,
      1920,
      2048
    ],
    "text_buckets": [
      160,
      176,
      192,
      208,
      224,
      256,
      320,
      384,
      448,
      576,
      640,
      768,
      896,
      1024,
      1152,
      1280,
      1312
    ]
  },
  "setup_s": 79.67026655201335,
  "recognizer_setup_timing_s": {
    "recognizer_frontend_setup": 0.43201810200116597,
    "recognizer_model_load": 10.037141128006624,
    "decode_weight_format": 3.9822183910000604,
    "vision_runtime_setup": 50.715747660025954,
    "text_runtime_setup": 11.07680126800551,
    "compile_wrapper": 0.0016705379821360111,
    "compile_first_call": 0.5077450690150727,
    "decode_control_setup": 0.014243181998608634,
    "recognizer_runtime_total": 76.77729763300158
  },
  "pipeline_e2e_s": 156.84699069501949,
  "pages_per_s": 0.4080409813181851,
  "s_per_page": 2.4507342296096795,
  "result_count": 64,
  "prediction_count": 64,
  "completion_s": [
    21.79140390100656,
    21.80619653200847,
    21.81855284201447,
    21.83654521801509,
    21.8492480640125,
    21.866084870009217,
    21.8792556039989,
    21.889753221999854,
    46.30077189402073,
    46.313755095005035,
    46.32268123701215,
    46.33144508601981,
    46.33791213601944,
    46.348946932994295,
    46.38656270201318,
    46.43913298600819,
    63.62525669601746,
    63.63862147301552,
    63.65057141601574,
    63.662300596013665,
    63.66870196399395,
    63.72456725401571,
    63.73720457899617,
    63.7572317890008,
    74.93616157301585,
    74.9525760920078,
    74.96821107700816,
    74.98506815399742,
    74.99688624500413,
    75.00432138101314,
    75.04287500600913,
    75.08425345999422,
    88.82763108800282,
    88.86442809301661,
    88.87615325301886,
    88.88694824601407,
    88.91311172101996,
    88.92264376301318,
    88.94277118501486,
    89.02113897699746,
    114.01824252001825,
    114.07853195501957,
    114.09697754800436,
    114.1164571090194,
    114.13195024299785,
    114.14345348800998,
    114.17146299401065,
    114.18215820600744,
    125.72057090900489,
    125.73032851499738,
    125.73748556702049,
    125.7580150559952,
    125.76459301699651,
    125.84067415099707,
    125.85500303399749,
    125.8622730380157,
    156.3726492630085,
    156.39563639301923,
    156.5074605240079,
    156.53856621301384,
    156.55663924000692,
    156.74816452499363,
    156.8376889860083,
    156.8467468000017
  ],
  "adapter": {
    "batches": 8,
    "requests": 1332,
    "wall_s": 147.00293404702097,
    "generated_tokens_including_eos": 63533,
    "decode_tokens_after_prefill_including_eos": 62201,
    "input_tokens": 313130,
    "projected_image_tokens": 295814,
    "real_vision_tokens": 1183256,
    "physical_vision_tokens": 1220792,
    "real_text_tokens": 313130,
    "physical_text_tokens": 330272,
    "decode_graph_calls": 9400,
    "decode_wall_s": 51.85503076064634,
    "run_scoped_scheduler_wall_s": 146.91078415795346,
    "kv_prefix_bytes_copied": 5771612160,
    "stop_reason_counts": {
      "eos": 1332
    },
    "vision_execution_counts": {
      "compiled": 1263,
      "eager_overflow": 69
    },
    "text_execution_counts": {
      "compiled": 1332
    },
    "pixel_profile_request_counts": {
      "112896:1003520": 1332
    },
    "device_stage_s": {
      "adaptive_mlp_projector": 0.724096071518957,
      "image_embed_scatter": 2.8766664025783535,
      "prefill_argmax": 0.13926189818419477,
      "prefill_lm_head": 0.3507742599099873,
      "static_cache_alloc": 2.579114529905127,
      "text_compiled_input_prep": 0.7698503419905889,
      "text_prefill_compiled": 11.994718788146972,
      "text_token_embedding": 0.05212297984864562,
      "vision_compiled_input_prep": 2.0629045619666537,
      "vision_embeddings": 1.5918520385622998,
      "vision_encoder": 19.923149276733405,
      "vision_encoder_post_layernorm_compiled": 25.39086072921756,
      "vision_post_layernorm": 0.004218819994479416
    },
    "output_tok_per_s": 432.18865264062055,
    "vision_useful_token_fraction": 0.9692527473967719,
    "text_useful_token_fraction": 0.9480973258405193,
    "trace_path": "/workspace/repos/paddle_ocr_vl_npu/tmp/08_offline_e2e_b1/omnidocbench_v16_uniform64_b16_default_c94ef82_metrics_20260720/recognition_trace.jsonl"
  },
  "layout_mask_guard": {
    "guard_version": 1,
    "behavior": "integer_bounding_rectangle_for_empty_scaled_mask_crop",
    "fallback_calls": 0,
    "fallback_regions": 0,
    "events": []
  },
  "layout_mask_guard_path": "/workspace/repos/paddle_ocr_vl_npu/tmp/08_offline_e2e_b1/omnidocbench_v16_uniform64_b16_default_c94ef82_metrics_20260720/layout_mask_guard.json",
  "predictions_dir": "/workspace/repos/paddle_ocr_vl_npu/tmp/08_offline_e2e_b1/omnidocbench_v16_uniform64_b16_default_c94ef82_metrics_20260720/predictions",
  "page_regions_jsonl": "/workspace/repos/paddle_ocr_vl_npu/tmp/08_offline_e2e_b1/omnidocbench_v16_uniform64_b16_default_c94ef82_metrics_20260720/page_regions.jsonl"
}
summary=/workspace/repos/paddle_ocr_vl_npu/tmp/08_offline_e2e_b1/omnidocbench_v16_uniform64_b16_default_c94ef82_metrics_20260720/run_summary.json
