loaded:model-00001-of-00004.safetensors
loaded:model-00002-of-00004.safetensors
loaded:model-00003-of-00004.safetensors
loaded:model-00004-of-00004.safetensors
/workspace/repos/clef-reranking-smoke/25_clef_inference/local_modeling_clef.py:76: UserWarning: Cannot create tensor with interal format while allow_internel_format=False, tensor will be created with base format. (Triggered internally at ../torch_npu/csrc/aten/common/TensorFactories.cpp:340.)
  values = torch.linalg.solve_triangular(system, v_beta, upper=False, unitriangular=True)
{"pair": 1, "of": 40, "mode": "whole", "logits": [-4.25, -0.71875], "score": 0.02843603305518627, "model_s": 0.7250836400780827, "split_layer_calls": 0, "cut": null}
{"pair": 1, "of": 40, "mode": "document_boundary", "logits": [-4.21875, -0.71875], "score": 0.02931223064661026, "model_s": 0.9303362998180091, "split_layer_calls": 24, "cut": 78}
{"pair": 1, "of": 40, "mode": "aligned_boundary", "logits": [-4.25, -0.71875], "score": 0.02843603305518627, "model_s": 0.7508174499962479, "split_layer_calls": 24, "cut": 64}
{"pair": 1, "of": 40, "mode": "whole_repeat", "logits": [-4.25, -0.71875], "score": 0.02843603305518627, "model_s": 0.7320347300264984, "split_layer_calls": 0, "cut": null}
{"pair": 2, "of": 40, "mode": "whole", "logits": [-3.25, 1.1015625], "score": 0.012722708284854889, "model_s": 0.919203869998455, "split_layer_calls": 0, "cut": null}
{"pair": 2, "of": 40, "mode": "document_boundary", "logits": [-3.203125, 1.1328125], "score": 0.012920472770929337, "model_s": 0.9304594700224698, "split_layer_calls": 24, "cut": 120}
{"pair": 2, "of": 40, "mode": "aligned_boundary", "logits": [-3.25, 1.1015625], "score": 0.012722708284854889, "model_s": 0.9267405699938536, "split_layer_calls": 24, "cut": 64}
{"pair": 2, "of": 40, "mode": "whole_repeat", "logits": [-3.25, 1.1015625], "score": 0.012722708284854889, "model_s": 0.9129261001944542, "split_layer_calls": 0, "cut": null}
{"pair": 3, "of": 40, "mode": "whole", "logits": [-3.59375, 0.08984375], "score": 0.024516334757208824, "model_s": 1.0667699200566858, "split_layer_calls": 0, "cut": null}
{"pair": 3, "of": 40, "mode": "document_boundary", "logits": [-3.609375, 0.0546875], "score": 0.02498779445886612, "model_s": 1.0835434200707823, "split_layer_calls": 24, "cut": 185}
{"pair": 3, "of": 40, "mode": "aligned_boundary", "logits": [-3.59375, 0.08984375], "score": 0.024516334757208824, "model_s": 1.0959845301695168, "split_layer_calls": 24, "cut": 128}
{"pair": 3, "of": 40, "mode": "whole_repeat", "logits": [-3.59375, 0.08984375], "score": 0.024516334757208824, "model_s": 1.0604262999258935, "split_layer_calls": 0, "cut": null}
{"pair": 4, "of": 40, "mode": "whole", "logits": [-3.703125, 0.0546875], "score": 0.02280263602733612, "model_s": 1.2517949799075723, "split_layer_calls": 0, "cut": null}
{"pair": 4, "of": 40, "mode": "document_boundary", "logits": [-3.65625, 0.09375], "score": 0.022977370768785477, "model_s": 1.2652385500259697, "split_layer_calls": 24, "cut": 253}
{"pair": 4, "of": 40, "mode": "aligned_boundary", "logits": [-3.703125, 0.0546875], "score": 0.02280263602733612, "model_s": 1.2652276400476694, "split_layer_calls": 24, "cut": 192}
{"pair": 4, "of": 40, "mode": "whole_repeat", "logits": [-3.703125, 0.0546875], "score": 0.02280263602733612, "model_s": 1.2449033199809492, "split_layer_calls": 0, "cut": null}
{"pair": 5, "of": 40, "mode": "whole", "logits": [-1.6328125, 1.6796875], "score": 0.03514484688639641, "model_s": 0.7380218801554292, "split_layer_calls": 0, "cut": null}
{"pair": 5, "of": 40, "mode": "document_boundary", "logits": [-1.6484375, 1.6875], "score": 0.034358687698841095, "model_s": 0.9272792099509388, "split_layer_calls": 24, "cut": 101}
{"pair": 5, "of": 40, "mode": "aligned_boundary", "logits": [-1.6328125, 1.6796875], "score": 0.03514484688639641, "model_s": 0.7568296398967505, "split_layer_calls": 24, "cut": 64}
{"pair": 5, "of": 40, "mode": "whole_repeat", "logits": [-1.6328125, 1.6796875], "score": 0.03514484688639641, "model_s": 0.732627070043236, "split_layer_calls": 0, "cut": null}
{"pair": 6, "of": 40, "mode": "whole", "logits": [-1.984375, 1.765625], "score": 0.022977370768785477, "model_s": 0.919333100086078, "split_layer_calls": 0, "cut": null}
{"pair": 6, "of": 40, "mode": "document_boundary", "logits": [-1.984375, 1.7421875], "score": 0.023509450256824493, "model_s": 1.0831626998260617, "split_layer_calls": 24, "cut": 166}
{"pair": 6, "of": 40, "mode": "aligned_boundary", "logits": [-1.984375, 1.765625], "score": 0.022977370768785477, "model_s": 0.9311963699292392, "split_layer_calls": 24, "cut": 128}
{"pair": 6, "of": 40, "mode": "whole_repeat", "logits": [-1.984375, 1.765625], "score": 0.022977370768785477, "model_s": 0.9138002700638026, "split_layer_calls": 0, "cut": null}
{"pair": 7, "of": 40, "mode": "whole", "logits": [-0.3984375, 0.4921875], "score": 0.29098084568977356, "model_s": 1.7667989099863917, "split_layer_calls": 0, "cut": null}
{"pair": 7, "of": 40, "mode": "document_boundary", "logits": [-0.39453125, 0.484375], "score": 0.2934044897556305, "model_s": 1.9496902402024716, "split_layer_calls": 24, "cut": 460}
{"pair": 7, "of": 40, "mode": "aligned_boundary", "logits": [-0.3984375, 0.4921875], "score": 0.29098084568977356, "model_s": 1.775369849987328, "split_layer_calls": 24, "cut": 448}
{"pair": 7, "of": 40, "mode": "whole_repeat", "logits": [-0.3984375, 0.4921875], "score": 0.29098084568977356, "model_s": 1.760045369854197, "split_layer_calls": 0, "cut": null}
{"pair": 8, "of": 40, "mode": "whole", "logits": [-2.140625, 1.8046875], "score": 0.01897803694009781, "model_s": 5.614169460022822, "split_layer_calls": 0, "cut": null}
{"pair": 8, "of": 40, "mode": "document_boundary", "logits": [-2.125, 1.796875], "score": 0.0194193497300148, "model_s": 5.841981700155884, "split_layer_calls": 24, "cut": 1989}
{"pair": 8, "of": 40, "mode": "aligned_boundary", "logits": [-2.140625, 1.8046875], "score": 0.01897803694009781, "model_s": 5.727298459969461, "split_layer_calls": 24, "cut": 1984}
{"pair": 8, "of": 40, "mode": "whole_repeat", "logits": [-2.140625, 1.8046875], "score": 0.01897803694009781, "model_s": 5.5686146900989115, "split_layer_calls": 0, "cut": null}
{"pair": 9, "of": 40, "mode": "whole", "logits": [-1.578125, 0.859375], "score": 0.08035746961832047, "model_s": 0.9185184801463038, "split_layer_calls": 0, "cut": null}
{"pair": 9, "of": 40, "mode": "document_boundary", "logits": [-1.59375, 0.85546875], "score": 0.07949569821357727, "model_s": 0.9291665300261229, "split_layer_calls": 24, "cut": 120}
{"pair": 9, "of": 40, "mode": "aligned_boundary", "logits": [-1.578125, 0.859375], "score": 0.08035746961832047, "model_s": 0.9237216699402779, "split_layer_calls": 24, "cut": 64}
{"pair": 9, "of": 40, "mode": "whole_repeat", "logits": [-1.578125, 0.859375], "score": 0.08035746961832047, "model_s": 0.911329039838165, "split_layer_calls": 0, "cut": null}
{"pair": 10, "of": 40, "mode": "whole", "logits": [-2.5625, 1.625], "score": 0.014957087114453316, "model_s": 1.0761928400024772, "split_layer_calls": 0, "cut": null}
{"pair": 10, "of": 40, "mode": "document_boundary", "logits": [-2.5625, 1.6171875], "score": 0.015072627924382687, "model_s": 1.2638749501202255, "split_layer_calls": 24, "cut": 203}
{"pair": 10, "of": 40, "mode": "aligned_boundary", "logits": [-2.5625, 1.625], "score": 0.014957087114453316, "model_s": 1.0932488401886076, "split_layer_calls": 24, "cut": 192}
{"pair": 10, "of": 40, "mode": "whole_repeat", "logits": [-2.5625, 1.625], "score": 0.014957087114453316, "model_s": 1.0700659800786525, "split_layer_calls": 0, "cut": null}
{"pair": 11, "of": 40, "mode": "whole", "logits": [-2.4375, 1.5703125], "score": 0.01784873940050602, "model_s": 1.4291448399890214, "split_layer_calls": 0, "cut": null}
{"pair": 11, "of": 40, "mode": "document_boundary", "logits": [-2.421875, 1.5625], "score": 0.018264278769493103, "model_s": 1.4403180400840938, "split_layer_calls": 24, "cut": 317}
{"pair": 11, "of": 40, "mode": "aligned_boundary", "logits": [-2.4375, 1.5703125], "score": 0.01784873940050602, "model_s": 1.4376699898857623, "split_layer_calls": 24, "cut": 256}
{"pair": 11, "of": 40, "mode": "whole_repeat", "logits": [-2.4375, 1.5703125], "score": 0.01784873940050602, "model_s": 1.4255862801801413, "split_layer_calls": 0, "cut": null}
{"pair": 12, "of": 40, "mode": "whole", "logits": [-2.390625, 1.421875], "score": 0.02161533385515213, "model_s": 1.9364109199959785, "split_layer_calls": 0, "cut": null}
{"pair": 12, "of": 40, "mode": "document_boundary", "logits": [-2.390625, 1.4140625], "score": 0.02178117260336876, "model_s": 2.1173331199679524, "split_layer_calls": 24, "cut": 542}
{"pair": 12, "of": 40, "mode": "aligned_boundary", "logits": [-2.390625, 1.421875], "score": 0.02161533385515213, "model_s": 1.948047930141911, "split_layer_calls": 24, "cut": 512}
{"pair": 12, "of": 40, "mode": "whole_repeat", "logits": [-2.390625, 1.421875], "score": 0.02161533385515213, "model_s": 1.929854379966855, "split_layer_calls": 0, "cut": null}
{"pair": 13, "of": 40, "mode": "whole", "logits": [-1.8359375, -4.125], "score": 0.907967209815979, "model_s": 0.9168418499175459, "split_layer_calls": 0, "cut": null}
{"pair": 13, "of": 40, "mode": "document_boundary", "logits": [-1.8359375, -4.125], "score": 0.907967209815979, "model_s": 0.9294103200081736, "split_layer_calls": 24, "cut": 110}
{"pair": 13, "of": 40, "mode": "aligned_boundary", "logits": [-1.8359375, -4.125], "score": 0.907967209815979, "model_s": 0.9242740599438548, "split_layer_calls": 24, "cut": 64}
{"pair": 13, "of": 40, "mode": "whole_repeat", "logits": [-1.8359375, -4.125], "score": 0.907967209815979, "model_s": 0.9113097100052983, "split_layer_calls": 0, "cut": null}
{"pair": 14, "of": 40, "mode": "whole", "logits": [-2.234375, 0.33984375], "score": 0.07081619650125504, "model_s": 1.2552974100690335, "split_layer_calls": 0, "cut": null}
{"pair": 14, "of": 40, "mode": "document_boundary", "logits": [-2.234375, 0.3359375], "score": 0.07107366621494293, "model_s": 1.255513140000403, "split_layer_calls": 24, "cut": 237}
{"pair": 14, "of": 40, "mode": "aligned_boundary", "logits": [-2.234375, 0.33984375], "score": 0.07081619650125504, "model_s": 1.2612384199164808, "split_layer_calls": 24, "cut": 192}
{"pair": 14, "of": 40, "mode": "whole_repeat", "logits": [-2.234375, 0.33984375], "score": 0.07081619650125504, "model_s": 1.250003149965778, "split_layer_calls": 0, "cut": null}
{"pair": 15, "of": 40, "mode": "whole", "logits": [-2.140625, -4.03125], "score": 0.8688268065452576, "model_s": 1.9358479999937117, "split_layer_calls": 0, "cut": null}
{"pair": 15, "of": 40, "mode": "document_boundary", "logits": [-2.125, -4.0625], "score": 0.8740772008895874, "model_s": 2.1159969200380147, "split_layer_calls": 24, "cut": 536}
{"pair": 15, "of": 40, "mode": "aligned_boundary", "logits": [-2.140625, -4.03125], "score": 0.8688268065452576, "model_s": 1.9478138198610395, "split_layer_calls": 24, "cut": 512}
{"pair": 15, "of": 40, "mode": "whole_repeat", "logits": [-2.140625, -4.03125], "score": 0.8688268065452576, "model_s": 1.9294673399999738, "split_layer_calls": 0, "cut": null}
{"pair": 16, "of": 40, "mode": "whole", "logits": [-0.57421875, 0.37890625], "score": 0.2782568037509918, "model_s": 2.6271411299239844, "split_layer_calls": 0, "cut": null}
{"pair": 16, "of": 40, "mode": "document_boundary", "logits": [-0.58203125, 0.37109375], "score": 0.2782568037509918, "model_s": 2.6375900900457054, "split_layer_calls": 24, "cut": 750}
{"pair": 16, "of": 40, "mode": "aligned_boundary", "logits": [-0.57421875, 0.37890625], "score": 0.2782568037509918, "model_s": 2.62495300010778, "split_layer_calls": 24, "cut": 704}
{"pair": 16, "of": 40, "mode": "whole_repeat", "logits": [-0.57421875, 0.37890625], "score": 0.2782568037509918, "model_s": 2.620257579954341, "split_layer_calls": 0, "cut": null}
{"pair": 17, "of": 40, "mode": "whole", "logits": [-1.40625, 1.125], "score": 0.07369626313447952, "model_s": 1.0693007500376552, "split_layer_calls": 0, "cut": null}
{"pair": 17, "of": 40, "mode": "document_boundary", "logits": [-1.4375, 1.1328125], "score": 0.07107366621494293, "model_s": 1.0848706599790603, "split_layer_calls": 24, "cut": 154}
{"pair": 17, "of": 40, "mode": "aligned_boundary", "logits": [-1.40625, 1.125], "score": 0.07369626313447952, "model_s": 1.0960312401875854, "split_layer_calls": 24, "cut": 128}
{"pair": 17, "of": 40, "mode": "whole_repeat", "logits": [-1.40625, 1.125], "score": 0.07369626313447952, "model_s": 1.062679739901796, "split_layer_calls": 0, "cut": null}
{"pair": 18, "of": 40, "mode": "whole", "logits": [-1.671875, 0.9609375], "score": 0.06705628335475922, "model_s": 1.5893864901736379, "split_layer_calls": 0, "cut": null}
{"pair": 18, "of": 40, "mode": "document_boundary", "logits": [-1.6796875, 0.921875], "score": 0.06903792917728424, "model_s": 1.6194599599111825, "split_layer_calls": 24, "cut": 344}
{"pair": 18, "of": 40, "mode": "aligned_boundary", "logits": [-1.671875, 0.9609375], "score": 0.06705628335475922, "model_s": 1.6122434199787676, "split_layer_calls": 24, "cut": 320}
{"pair": 18, "of": 40, "mode": "whole_repeat", "logits": [-1.671875, 0.9609375], "score": 0.06705628335475922, "model_s": 1.58559167990461, "split_layer_calls": 0, "cut": null}
{"pair": 19, "of": 40, "mode": "whole", "logits": [-1.671875, 1.1875], "score": 0.0541987270116806, "model_s": 2.092256279895082, "split_layer_calls": 0, "cut": null}
{"pair": 19, "of": 40, "mode": "document_boundary", "logits": [-1.671875, 1.1875], "score": 0.0541987270116806, "model_s": 2.119726110016927, "split_layer_calls": 24, "cut": 571}
{"pair": 19, "of": 40, "mode": "aligned_boundary", "logits": [-1.671875, 1.1875], "score": 0.0541987270116806, "model_s": 2.1137516198214144, "split_layer_calls": 24, "cut": 512}
{"pair": 19, "of": 40, "mode": "whole_repeat", "logits": [-1.671875, 1.1875], "score": 0.0541987270116806, "model_s": 2.0839761400129646, "split_layer_calls": 0, "cut": null}
{"pair": 20, "of": 40, "mode": "whole", "logits": [-2.46875, 0.453125], "score": 0.05108273774385452, "model_s": 2.6333175199106336, "split_layer_calls": 0, "cut": null}
{"pair": 20, "of": 40, "mode": "document_boundary", "logits": [-2.4375, 0.453125], "score": 0.052618954330682755, "model_s": 2.639850019942969, "split_layer_calls": 24, "cut": 766}
{"pair": 20, "of": 40, "mode": "aligned_boundary", "logits": [-2.46875, 0.453125], "score": 0.05108273774385452, "model_s": 2.6303989000152797, "split_layer_calls": 24, "cut": 704}
{"pair": 20, "of": 40, "mode": "whole_repeat", "logits": [-2.46875, 0.453125], "score": 0.05108273774385452, "model_s": 2.62741840002127, "split_layer_calls": 0, "cut": null}
{"pair": 21, "of": 40, "mode": "whole", "logits": [-1.8984375, 1.5390625], "score": 0.031143832951784134, "model_s": 0.576785430079326, "split_layer_calls": 0, "cut": null}
{"pair": 21, "of": 40, "mode": "document_boundary", "logits": [-1.8984375, 1.53125], "score": 0.03138042986392975, "model_s": 0.7536886800080538, "split_layer_calls": 24, "cut": 52}
{"pair": 21, "of": 40, "mode": "aligned_boundary", "logits": [-1.8984375, 1.5390625], "score": 0.031143832951784134, "model_s": 0.5704413498751819, "split_layer_calls": 24, "cut": 0}
{"pair": 21, "of": 40, "mode": "whole_repeat", "logits": [-1.8984375, 1.5390625], "score": 0.031143832951784134, "model_s": 0.5703338598832488, "split_layer_calls": 0, "cut": null}
{"pair": 22, "of": 40, "mode": "whole", "logits": [-1.640625, 0.78515625], "score": 0.08122774958610535, "model_s": 0.7354311598464847, "split_layer_calls": 0, "cut": null}
{"pair": 22, "of": 40, "mode": "document_boundary", "logits": [-1.6171875, 0.76953125], "score": 0.08419107645750046, "model_s": 0.7480434598401189, "split_layer_calls": 24, "cut": 54}
{"pair": 22, "of": 40, "mode": "aligned_boundary", "logits": [-1.640625, 0.78515625], "score": 0.08122774958610535, "model_s": 0.7292818098794669, "split_layer_calls": 24, "cut": 0}
{"pair": 22, "of": 40, "mode": "whole_repeat", "logits": [-1.640625, 0.78515625], "score": 0.08122774958610535, "model_s": 0.7288423401769251, "split_layer_calls": 0, "cut": null}
{"pair": 23, "of": 40, "mode": "whole", "logits": [-1.203125, 0.6953125], "score": 0.13028542697429657, "model_s": 0.7344878599978983, "split_layer_calls": 0, "cut": null}
{"pair": 23, "of": 40, "mode": "document_boundary", "logits": [-1.203125, 0.6875], "score": 0.13117322325706482, "model_s": 0.7486521799582988, "split_layer_calls": 24, "cut": 59}
{"pair": 23, "of": 40, "mode": "aligned_boundary", "logits": [-1.203125, 0.6953125], "score": 0.13028542697429657, "model_s": 0.7300060500856489, "split_layer_calls": 24, "cut": 0}
{"pair": 23, "of": 40, "mode": "whole_repeat", "logits": [-1.203125, 0.6953125], "score": 0.13028542697429657, "model_s": 0.7292392400559038, "split_layer_calls": 0, "cut": null}
{"pair": 24, "of": 40, "mode": "whole", "logits": [-1.7421875, 1.234375], "score": 0.048496004194021225, "model_s": 0.7352010400500149, "split_layer_calls": 0, "cut": null}
{"pair": 24, "of": 40, "mode": "document_boundary", "logits": [-1.75, 1.2265625], "score": 0.048496004194021225, "model_s": 0.7485151700675488, "split_layer_calls": 24, "cut": 62}
{"pair": 24, "of": 40, "mode": "aligned_boundary", "logits": [-1.7421875, 1.234375], "score": 0.048496004194021225, "model_s": 0.729904139880091, "split_layer_calls": 24, "cut": 0}
{"pair": 24, "of": 40, "mode": "whole_repeat", "logits": [-1.7421875, 1.234375], "score": 0.048496004194021225, "model_s": 0.7287996499799192, "split_layer_calls": 0, "cut": null}
{"pair": 25, "of": 40, "mode": "whole", "logits": [-1.5078125, 0.14453125], "score": 0.16079244017601013, "model_s": 0.7337425900623202, "split_layer_calls": 0, "cut": null}
{"pair": 25, "of": 40, "mode": "document_boundary", "logits": [-1.5234375, 0.15234375], "score": 0.15765491127967834, "model_s": 0.7484513300005347, "split_layer_calls": 24, "cut": 56}
{"pair": 25, "of": 40, "mode": "aligned_boundary", "logits": [-1.5078125, 0.14453125], "score": 0.16079244017601013, "model_s": 0.7297926000319421, "split_layer_calls": 24, "cut": 0}
{"pair": 25, "of": 40, "mode": "whole_repeat", "logits": [-1.5078125, 0.14453125], "score": 0.16079244017601013, "model_s": 0.7293918400537223, "split_layer_calls": 0, "cut": null}
{"pair": 26, "of": 40, "mode": "whole", "logits": [-0.7265625, -0.609375], "score": 0.47073662281036377, "model_s": 0.7361542298458517, "split_layer_calls": 0, "cut": null}
{"pair": 26, "of": 40, "mode": "document_boundary", "logits": [-0.640625, -0.6640625], "score": 0.5058591365814209, "model_s": 0.9262726199813187, "split_layer_calls": 24, "cut": 79}
{"pair": 26, "of": 40, "mode": "aligned_boundary", "logits": [-0.7265625, -0.609375], "score": 0.47073662281036377, "model_s": 0.7475921399891376, "split_layer_calls": 24, "cut": 64}
{"pair": 26, "of": 40, "mode": "whole_repeat", "logits": [-0.7265625, -0.609375], "score": 0.47073662281036377, "model_s": 0.7305543499533087, "split_layer_calls": 0, "cut": null}
{"pair": 27, "of": 40, "mode": "whole", "logits": [-0.466796875, -0.37109375], "score": 0.47609245777130127, "model_s": 0.9177095999475569, "split_layer_calls": 0, "cut": null}
{"pair": 27, "of": 40, "mode": "document_boundary", "logits": [-0.482421875, -0.36328125], "score": 0.47025004029273987, "model_s": 1.078401210019365, "split_layer_calls": 24, "cut": 151}
{"pair": 27, "of": 40, "mode": "aligned_boundary", "logits": [-0.466796875, -0.37109375], "score": 0.47609245777130127, "model_s": 0.9262968699913472, "split_layer_calls": 24, "cut": 128}
{"pair": 27, "of": 40, "mode": "whole_repeat", "logits": [-0.466796875, -0.37109375], "score": 0.47609245777130127, "model_s": 0.9116533498745412, "split_layer_calls": 0, "cut": null}
{"pair": 28, "of": 40, "mode": "whole", "logits": [-0.4609375, -0.578125], "score": 0.5292633771896362, "model_s": 1.0684254800435156, "split_layer_calls": 0, "cut": null}
{"pair": 28, "of": 40, "mode": "document_boundary", "logits": [-0.44140625, -0.6015625], "score": 0.5399537086486816, "model_s": 1.262410270050168, "split_layer_calls": 24, "cut": 205}
{"pair": 28, "of": 40, "mode": "aligned_boundary", "logits": [-0.4609375, -0.578125], "score": 0.5292633771896362, "model_s": 1.0925985400099307, "split_layer_calls": 24, "cut": 192}
{"pair": 28, "of": 40, "mode": "whole_repeat", "logits": [-0.4609375, -0.578125], "score": 0.5292633771896362, "model_s": 1.0644783999305218, "split_layer_calls": 0, "cut": null}
{"pair": 29, "of": 40, "mode": "whole", "logits": [-3.25, 0.890625], "score": 0.015663649886846542, "model_s": 0.7367700999602675, "split_layer_calls": 0, "cut": null}
{"pair": 29, "of": 40, "mode": "document_boundary", "logits": [-3.25, 0.89453125], "score": 0.015603533945977688, "model_s": 0.9245840900111943, "split_layer_calls": 24, "cut": 67}
{"pair": 29, "of": 40, "mode": "aligned_boundary", "logits": [-3.25, 0.890625], "score": 0.015663649886846542, "model_s": 0.7451903300825506, "split_layer_calls": 24, "cut": 64}
{"pair": 29, "of": 40, "mode": "whole_repeat", "logits": [-3.25, 0.890625], "score": 0.015663649886846542, "model_s": 0.7308731200173497, "split_layer_calls": 0, "cut": null}
{"pair": 30, "of": 40, "mode": "whole", "logits": [-0.2890625, 0.1640625], "score": 0.38861799240112305, "model_s": 0.7366110398434103, "split_layer_calls": 0, "cut": null}
{"pair": 30, "of": 40, "mode": "document_boundary", "logits": [-0.33984375, 0.1796875], "score": 0.3729618489742279, "model_s": 0.9265901800245047, "split_layer_calls": 24, "cut": 94}
{"pair": 30, "of": 40, "mode": "aligned_boundary", "logits": [-0.2890625, 0.1640625], "score": 0.38861799240112305, "model_s": 0.7554845798294991, "split_layer_calls": 24, "cut": 64}
{"pair": 30, "of": 40, "mode": "whole_repeat", "logits": [-0.2890625, 0.1640625], "score": 0.38861799240112305, "model_s": 0.7311374400742352, "split_layer_calls": 0, "cut": null}
{"pair": 31, "of": 40, "mode": "whole", "logits": [-2.65625, 1.46875], "score": 0.01590639166533947, "model_s": 0.9111248999834061, "split_layer_calls": 0, "cut": null}
{"pair": 31, "of": 40, "mode": "document_boundary", "logits": [-2.65625, 1.4609375], "score": 0.016029145568609238, "model_s": 1.0772098498418927, "split_layer_calls": 24, "cut": 133}
{"pair": 31, "of": 40, "mode": "aligned_boundary", "logits": [-2.65625, 1.46875], "score": 0.01590639166533947, "model_s": 0.9259967599064112, "split_layer_calls": 24, "cut": 128}
{"pair": 31, "of": 40, "mode": "whole_repeat", "logits": [-2.65625, 1.46875], "score": 0.01590639166533947, "model_s": 0.9120950500946492, "split_layer_calls": 0, "cut": null}
{"pair": 32, "of": 40, "mode": "whole", "logits": [-3.1875, 0.65234375], "score": 0.021044563502073288, "model_s": 1.0687344500329345, "split_layer_calls": 0, "cut": null}
{"pair": 32, "of": 40, "mode": "document_boundary", "logits": [-3.1875, 0.65234375], "score": 0.021044563502073288, "model_s": 1.2659062901511788, "split_layer_calls": 24, "cut": 207}
{"pair": 32, "of": 40, "mode": "aligned_boundary", "logits": [-3.1875, 0.65234375], "score": 0.021044563502073288, "model_s": 1.0947725400328636, "split_layer_calls": 24, "cut": 192}
{"pair": 32, "of": 40, "mode": "whole_repeat", "logits": [-3.1875, 0.65234375], "score": 0.021044563502073288, "model_s": 1.0637213299050927, "split_layer_calls": 0, "cut": null}
{"pair": 33, "of": 40, "mode": "whole", "logits": [-3.375, 0.34375], "score": 0.023689471185207367, "model_s": 0.737252620048821, "split_layer_calls": 0, "cut": null}
{"pair": 33, "of": 40, "mode": "document_boundary", "logits": [-3.375, 0.328125], "score": 0.024053553119301796, "model_s": 0.9258854899089783, "split_layer_calls": 24, "cut": 82}
{"pair": 33, "of": 40, "mode": "aligned_boundary", "logits": [-3.375, 0.34375], "score": 0.023689471185207367, "model_s": 0.7541714699473232, "split_layer_calls": 24, "cut": 64}
{"pair": 33, "of": 40, "mode": "whole_repeat", "logits": [-3.375, 0.34375], "score": 0.023689471185207367, "model_s": 0.7310818799305707, "split_layer_calls": 0, "cut": null}
{"pair": 34, "of": 40, "mode": "whole", "logits": [-2.78125, 0.265625], "score": 0.04535257816314697, "model_s": 1.0679271901026368, "split_layer_calls": 0, "cut": null}
{"pair": 34, "of": 40, "mode": "document_boundary", "logits": [-2.734375, 0.26171875], "score": 0.04760265722870827, "model_s": 1.0829366298858076, "split_layer_calls": 24, "cut": 184}
{"pair": 34, "of": 40, "mode": "aligned_boundary", "logits": [-2.78125, 0.265625], "score": 0.04535257816314697, "model_s": 1.0941519499756396, "split_layer_calls": 24, "cut": 128}
{"pair": 34, "of": 40, "mode": "whole_repeat", "logits": [-2.78125, 0.265625], "score": 0.04535257816314697, "model_s": 1.0633856898639351, "split_layer_calls": 0, "cut": null}
{"pair": 35, "of": 40, "mode": "whole", "logits": [-3.21875, 0.33984375], "score": 0.027690256014466286, "model_s": 1.2567276197951287, "split_layer_calls": 0, "cut": null}
{"pair": 35, "of": 40, "mode": "document_boundary", "logits": [-3.203125, 0.3671875], "score": 0.027376487851142883, "model_s": 1.2550862699281424, "split_layer_calls": 24, "cut": 244}
{"pair": 35, "of": 40, "mode": "aligned_boundary", "logits": [-3.21875, 0.33984375], "score": 0.027690256014466286, "model_s": 1.2613694099709392, "split_layer_calls": 24, "cut": 192}
{"pair": 35, "of": 40, "mode": "whole_repeat", "logits": [-3.21875, 0.33984375], "score": 0.027690256014466286, "model_s": 1.2504685199819505, "split_layer_calls": 0, "cut": null}
{"pair": 36, "of": 40, "mode": "whole", "logits": [-3.125, 0.21875], "score": 0.034100428223609924, "model_s": 2.627270830096677, "split_layer_calls": 0, "cut": null}
{"pair": 36, "of": 40, "mode": "document_boundary", "logits": [-3.125, 0.216796875], "score": 0.03416481241583824, "model_s": 2.642402640078217, "split_layer_calls": 24, "cut": 761}
{"pair": 36, "of": 40, "mode": "aligned_boundary", "logits": [-3.125, 0.21875], "score": 0.034100428223609924, "model_s": 2.6245937801431865, "split_layer_calls": 24, "cut": 704}
{"pair": 36, "of": 40, "mode": "whole_repeat", "logits": [-3.125, 0.21875], "score": 0.034100428223609924, "model_s": 2.619992289924994, "split_layer_calls": 0, "cut": null}
{"pair": 37, "of": 40, "mode": "whole", "logits": [-2.78125, 0.96875], "score": 0.022977370768785477, "model_s": 0.9189211900811642, "split_layer_calls": 0, "cut": null}
{"pair": 37, "of": 40, "mode": "document_boundary", "logits": [-2.765625, 0.96875], "score": 0.023330768570303917, "model_s": 1.0820462401024997, "split_layer_calls": 24, "cut": 159}
{"pair": 37, "of": 40, "mode": "aligned_boundary", "logits": [-2.78125, 0.96875], "score": 0.022977370768785477, "model_s": 0.9281742800958455, "split_layer_calls": 24, "cut": 128}
{"pair": 37, "of": 40, "mode": "whole_repeat", "logits": [-2.78125, 0.96875], "score": 0.022977370768785477, "model_s": 0.911760029848665, "split_layer_calls": 0, "cut": null}
{"pair": 38, "of": 40, "mode": "whole", "logits": [-3.90625, -0.84375], "score": 0.044680871069431305, "model_s": 1.7658063999842852, "split_layer_calls": 0, "cut": null}
{"pair": 38, "of": 40, "mode": "document_boundary", "logits": [-3.90625, -0.81640625], "score": 0.04352813959121704, "model_s": 1.9497846199665219, "split_layer_calls": 24, "cut": 462}
{"pair": 38, "of": 40, "mode": "aligned_boundary", "logits": [-3.90625, -0.84375], "score": 0.044680871069431305, "model_s": 1.7752866798546165, "split_layer_calls": 24, "cut": 448}
{"pair": 38, "of": 40, "mode": "whole_repeat", "logits": [-3.90625, -0.84375], "score": 0.044680871069431305, "model_s": 1.7612498300150037, "split_layer_calls": 0, "cut": null}
{"pair": 39, "of": 40, "mode": "whole", "logits": [-3.078125, 0.484375], "score": 0.027585282921791077, "model_s": 4.325929149985313, "split_layer_calls": 0, "cut": null}
{"pair": 39, "of": 40, "mode": "document_boundary", "logits": [-3.0625, 0.47265625], "score": 0.028328312560915947, "model_s": 4.521695229923353, "split_layer_calls": 24, "cut": 1436}
{"pair": 39, "of": 40, "mode": "aligned_boundary", "logits": [-3.078125, 0.484375], "score": 0.027585282921791077, "model_s": 4.347410769900307, "split_layer_calls": 24, "cut": 1408}
{"pair": 39, "of": 40, "mode": "whole_repeat", "logits": [-3.078125, 0.484375], "score": 0.027585282921791077, "model_s": 4.314162459922954, "split_layer_calls": 0, "cut": null}
{"pair": 40, "of": 40, "mode": "whole", "logits": [-2.46875, 0.4453125], "score": 0.05146276578307152, "model_s": 8.195550710195675, "split_layer_calls": 0, "cut": null}
{"pair": 40, "of": 40, "mode": "document_boundary", "logits": [-2.4375, 0.44921875], "score": 0.052814021706581116, "model_s": 8.30249447003007, "split_layer_calls": 24, "cut": 3052}
{"pair": 40, "of": 40, "mode": "aligned_boundary", "logits": [-2.46875, 0.4453125], "score": 0.05146276578307152, "model_s": 8.341096019838005, "split_layer_calls": 24, "cut": 3008}
{"pair": 40, "of": 40, "mode": "whole_repeat", "logits": [-2.46875, 0.4453125], "score": 0.05146276578307152, "model_s": 8.187410279875621, "split_layer_calls": 0, "cut": null}
{"comparisons": {"document_boundary": {"score_abs_diff_mean": 0.002510565472766757, "score_abs_diff_p50": 0.0004714597016572952, "score_abs_diff_p90": 0.005250394344329834, "score_abs_diff_p95": 0.01069033145904541, "score_abs_diff_max": 0.03512251377105713, "logit_abs_diff_max": 0.0859375, "identical_logit_pairs": 3}, "aligned_boundary": {"score_abs_diff_mean": 0.0, "score_abs_diff_p50": 0.0, "score_abs_diff_p90": 0.0, "score_abs_diff_p95": 0.0, "score_abs_diff_max": 0.0, "logit_abs_diff_max": 0.0, "identical_logit_pairs": 40}, "whole_repeat": {"score_abs_diff_mean": 0.0, "score_abs_diff_p50": 0.0, "score_abs_diff_p90": 0.0, "score_abs_diff_p95": 0.0, "score_abs_diff_max": 0.0, "logit_abs_diff_max": 0.0, "identical_logit_pairs": 40}}, "rankings": {"CQADupstackGamingRetrieval/77471": {"orders": {"whole": ["25786", "147736", "61174", "155409"], "document_boundary": ["25786", "147736", "61174", "155409"], "aligned_boundary": ["25786", "147736", "61174", "155409"], "whole_repeat": ["25786", "147736", "61174", "155409"]}, "document_boundary_order_unchanged": true, "strict_reversals": [], "ties_changed": []}, "CQADupstackUnixRetrieval/10158": {"orders": {"whole": ["36634", "126194", "32626", "46325"], "document_boundary": ["36634", "126194", "32626", "46325"], "aligned_boundary": ["36634", "126194", "32626", "46325"], "whole_repeat": ["36634", "126194", "32626", "46325"]}, "document_boundary_order_unchanged": true, "strict_reversals": [], "ties_changed": []}, "SCIDOCS/fa3894d83f83d7d05f54b2c87158dc7a2288dc1c": {"orders": {"whole": ["05f0c711c4788e14d1be3ca0e6d3c5ae8ad05cc1", "24b3785a3ffae660a60e9ac4eb104b8adfc5871b", "2ab93b912b5dd28467e59e11fce7d409859dae47", "e4a6673ef658221fef360e6051631d65e9547b62"], "document_boundary": ["05f0c711c4788e14d1be3ca0e6d3c5ae8ad05cc1", "24b3785a3ffae660a60e9ac4eb104b8adfc5871b", "2ab93b912b5dd28467e59e11fce7d409859dae47", "e4a6673ef658221fef360e6051631d65e9547b62"], "aligned_boundary": ["05f0c711c4788e14d1be3ca0e6d3c5ae8ad05cc1", "24b3785a3ffae660a60e9ac4eb104b8adfc5871b", "2ab93b912b5dd28467e59e11fce7d409859dae47", "e4a6673ef658221fef360e6051631d65e9547b62"], "whole_repeat": ["05f0c711c4788e14d1be3ca0e6d3c5ae8ad05cc1", "24b3785a3ffae660a60e9ac4eb104b8adfc5871b", "2ab93b912b5dd28467e59e11fce7d409859dae47", "e4a6673ef658221fef360e6051631d65e9547b62"]}, "document_boundary_order_unchanged": true, "strict_reversals": [], "ties_changed": []}, "FiQA2018/3179": {"orders": {"whole": ["64598", "65040", "520584", "328341"], "document_boundary": ["64598", "65040", "520584", "328341"], "aligned_boundary": ["64598", "65040", "520584", "328341"], "whole_repeat": ["64598", "65040", "520584", "328341"]}, "document_boundary_order_unchanged": true, "strict_reversals": [], "ties_changed": []}, "ClimateFEVERHardNegatives/2983": {"orders": {"whole": ["Keeling_(disambiguation)", "Sea_level_rise", "Paleocene\u2013Eocene_Thermal_Maximum", "Global_warming_hiatus"], "document_boundary": ["Keeling_(disambiguation)", "Sea_level_rise", "Paleocene\u2013Eocene_Thermal_Maximum", "Global_warming_hiatus"], "aligned_boundary": ["Keeling_(disambiguation)", "Sea_level_rise", "Paleocene\u2013Eocene_Thermal_Maximum", "Global_warming_hiatus"], "whole_repeat": ["Keeling_(disambiguation)", "Sea_level_rise", "Paleocene\u2013Eocene_Thermal_Maximum", "Global_warming_hiatus"]}, "document_boundary_order_unchanged": true, "strict_reversals": [], "ties_changed": []}, "EcomRetrieval/200293": {"orders": {"whole": ["44958", "93148", "93605", "49463"], "document_boundary": ["44958", "93148", "93605", "49463"], "aligned_boundary": ["44958", "93148", "93605", "49463"], "whole_repeat": ["44958", "93148", "93605", "49463"]}, "document_boundary_order_unchanged": true, "strict_reversals": [], "ties_changed": []}, "MedicalRetrieval/90": {"orders": {"whole": ["48284", "9814", "80953", "26402"], "document_boundary": ["48284", "80953", "9814", "26402"], "aligned_boundary": ["48284", "9814", "80953", "26402"], "whole_repeat": ["48284", "9814", "80953", "26402"]}, "document_boundary_order_unchanged": false, "strict_reversals": [["80953", "9814"]], "ties_changed": []}, "MMarcoRetrieval/646623": {"orders": {"whole": ["7904559", "7955906", "7939291", "7938248"], "document_boundary": ["7904559", "7955906", "7939291", "7938248"], "aligned_boundary": ["7904559", "7955906", "7939291", "7938248"], "whole_repeat": ["7904559", "7955906", "7939291", "7938248"]}, "document_boundary_order_unchanged": true, "strict_reversals": [], "ties_changed": []}, "DuRetrieval/78b5ea5f4b35ec5bdbde24b1609a36bd": {"orders": {"whole": ["c4728536c4924e6286877783f546b6ac", "9b484d6ceb28689c96f4c42bba73bc3f", "2888f6dc8d27ba6fe033ca513be58634", "dfa7635a7780421059d901f6df6eecd2"], "document_boundary": ["c4728536c4924e6286877783f546b6ac", "9b484d6ceb28689c96f4c42bba73bc3f", "2888f6dc8d27ba6fe033ca513be58634", "dfa7635a7780421059d901f6df6eecd2"], "aligned_boundary": ["c4728536c4924e6286877783f546b6ac", "9b484d6ceb28689c96f4c42bba73bc3f", "2888f6dc8d27ba6fe033ca513be58634", "dfa7635a7780421059d901f6df6eecd2"], "whole_repeat": ["c4728536c4924e6286877783f546b6ac", "9b484d6ceb28689c96f4c42bba73bc3f", "2888f6dc8d27ba6fe033ca513be58634", "dfa7635a7780421059d901f6df6eecd2"]}, "document_boundary_order_unchanged": true, "strict_reversals": [], "ties_changed": []}, "CovidRetrieval/8df6de16294220931f8552ba4f0bdce7": {"orders": {"whole": ["968b6ca9e8b33dffa7ad82b4296f5199", "98199931f0127df39ba9d8abfbb759cd", "93523d1fff5c21fcd33cd5fe9cccc4c1", "7c92ae55d2b335079dfc3e62a339fe8a"], "document_boundary": ["968b6ca9e8b33dffa7ad82b4296f5199", "98199931f0127df39ba9d8abfbb759cd", "93523d1fff5c21fcd33cd5fe9cccc4c1", "7c92ae55d2b335079dfc3e62a339fe8a"], "aligned_boundary": ["968b6ca9e8b33dffa7ad82b4296f5199", "98199931f0127df39ba9d8abfbb759cd", "93523d1fff5c21fcd33cd5fe9cccc4c1", "7c92ae55d2b335079dfc3e62a339fe8a"], "whole_repeat": ["968b6ca9e8b33dffa7ad82b4296f5199", "98199931f0127df39ba9d8abfbb759cd", "93523d1fff5c21fcd33cd5fe9cccc4c1", "7c92ae55d2b335079dfc3e62a339fe8a"]}, "document_boundary_order_unchanged": true, "strict_reversals": [], "ties_changed": []}}, "unchanged_document_boundary_rankings": 9, "queries": 10}
