/workspace/repos/paddle_ocr_vl_npu/09_persistent_page_engine/paddleocr_vl/model/vision_prefill.py:845: UserWarning: Cannot create tensor with interal format while allow_internel_format=False, tensor will be created with base format. (Triggered internally at ../torch_npu/csrc/aten/common/TensorFactories.cpp:340.)
  image_pids = torch.arange(int(real_seq_len), device=device, dtype=torch.int64) % int(h * w)
[2026-07-30 05:06:18] [INFO] [678919] profiler.py: Start parsing profiling data in sync mode at: /workspace/repos/paddle_ocr_vl_npu/.runtime_cache/09_persistent_page_engine_vision_matmul_profiles/compare_s512_fb9ad7b_b1_native/liteserver-c001-4_678156_20260730050617845_ascend_pt
|/-\[2026-07-30 05:06:21] [INFO] [678945] profiler.py: CANN profiling data parsed in a total time of 0:00:03.031238
|[2026-07-30 05:06:23] [INFO] [678919] profiler.py: All profiling data parsed in a total time of 0:00:04.958772
{
  "summary": "/workspace/repos/paddle_ocr_vl_npu/tmp/09_persistent_page_engine/vision_matmul_lab/compare_s512_fb9ad7b_b1_native/result/run_summary.json",
  "status": "completed",
  "shape": {
    "batch_size": 1,
    "sequence_length": 512,
    "physical_tokens_per_call": 512,
    "hidden_size": 1152,
    "source_intermediate_size": 4304,
    "candidate_intermediate_size": 4304,
    "layers": 27,
    "linear_calls_per_layer": 6,
    "linear_calls_per_full_stack": 162
  },
  "weight_format": {
    "requested": "native",
    "target_format": "unchanged",
    "target_format_code": null,
    "linear_weight_count": 162,
    "before_format_histogram": {
      "2": 162
    },
    "converted_count": 0,
    "status": "ready",
    "failures": [],
    "after_format_histogram": {
      "2": 162
    },
    "all_after_are_nz": false,
    "runtime_gate": {
      "torch_npu_allow_internal_format_enabled_before_npu_allocation": false,
      "mm_bmm_format_nd": true,
      "manual_cast_after_model_load": false
    }
  },
  "device_median_ms": 15.757427978515626,
  "physical_tokens_per_s": 32492.612417336346,
  "linear_tflop_per_s": 26.713506525933226,
  "dispatch": {
    "counts": {
      "MatMulV2": 486
    },
    "duration_us": {
      "MatMulV2": 14878.060000000014
    }
  },
  "matmul_only": {
    "active_profiled_full_stack_calls": 3,
    "matmul_kernels_per_full_stack_call": 162,
    "observed_matmul_kernel_count": 486,
    "total_matmul_kernel_duration_us": 14878.060000000014,
    "matmul_kernel_duration_per_full_stack_call_ms": 4.959353333333338,
    "linear_flops_per_full_stack_call": 420936155136,
    "matmul_only_linear_tflop_per_s": 84.87722629213748
  }
}
