Loading ONNX models...
🔧 User specified: Using CPU
Using execution providers: ['CPUExecutionProvider']
Loading tokenizer from mapping file: /root/.cache/openocr/unirec_0_1b_onnx/unirec_tokenizer_mapping.json
✅ Loaded vocabulary with 56371 tokens

✅ Models loaded successfully!
   Number of decoder layers: 6
   Number of attention heads: 6
   Head dimension: 128
   Model dimension (d_model): 768
   Vocabulary size: 56371
Loading weights:   0%|          | 0/961 [00:00<?, ?it/s]Loading weights:  72%|███████▏  | 694/961 [00:00<00:00, 6437.16it/s]Loading weights: 100%|██████████| 961/961 [00:00<00:00, 7452.33it/s]
OPENDOC_BATCHED_SETUP_END setup_s=34.779 pages=1 decode_batch_size=4 decode_scheduling=continuous
/usr/local/python3.12.13/lib/python3.12/site-packages/transformers/models/pp_doclayout_v2/modeling_pp_doclayout_v2.py:2088: UserWarning: Cannot create tensor with interal format while allow_internel_format=False, tensor will be created with base format. (Triggered internally at ../torch_npu/csrc/aten/common/TensorFactories.cpp:340.)
  wh = torch.ones_like(grid_xy) * grid_size * (2.0**level)
OPENDOC_CONTINUOUS_PAGE_READY index=1/1 image=PPT_1001115_eng_page_003.png crops=6
UNIREC_PACKED_TEXT_PREFILL_FIRST_CALL_BEGIN bucket=1024 cache_dir=/workspace/repos/paddle_ocr_vl_npu/.runtime_cache/12_unirec_0_1b_inference/opendoc_batched_decode_a372dbf/text_prefill_packed_b1_s1024_float16_src7f22652c8d05
..UNIREC_PACKED_TEXT_PREFILL_FIRST_CALL_RETURN wall_s=43.840
UNIREC_CONTINUOUS_CROP_END request_id=page_000000_crop_0000 slot=0 admission=0 completion=0 tokens=6
UNIREC_CONTINUOUS_CROP_END request_id=page_000000_crop_0001 slot=1 admission=1 completion=1 tokens=14
UNIREC_CONTINUOUS_CROP_END request_id=page_000000_crop_0002 slot=2 admission=2 completion=2 tokens=25
UNIREC_CONTINUOUS_CROP_END request_id=page_000000_crop_0003 slot=3 admission=3 completion=3 tokens=28
UNIREC_CONTINUOUS_CROP_END request_id=page_000000_crop_0005 slot=1 admission=5 completion=4 tokens=27
UNIREC_CONTINUOUS_CROP_END request_id=page_000000_crop_0004 slot=0 admission=4 completion=5 tokens=46
OPENDOC_BATCHED_PAGE_END index=1/1 image=PPT_1001115_eng_page_003.png crops=6 wall_s=50.035
UNIREC_CONTINUOUS_END {"batch_size": 4, "submitted": 6, "completed": 6, "decode_iterations": 52, "raw_decode_token_slots": 208, "effective_decode_tokens": 146, "idle_decode_token_slots": 62, "decode_s": 0.6515025661792606, "first_decode_step_s": 0.5070298169739544, "steady_decode_s": 0.14447274920530617, "raw_decode_tokens_per_s": 319.26198114585617, "effective_decode_tokens_per_s": 224.09735215045671, "steady_raw_decode_tokens_per_s": 1412.0309963099085, "steady_effective_decode_tokens_per_s": 982.8843209608186, "slot_refills": 2, "compile_wrap_s": 0.001048858044669032, "compile": {"compile_api": "torch_npu.dynamo.torchair.inference.cache_compile", "compile_api_import_path": "torch_npu.dynamo.torchair.inference.cache_compile", "backend": "torchair", "fullgraph": true, "dynamic": false, "torchair_ge_cache": true, "torchair_cache_dir": "/workspace/repos/paddle_ocr_vl_npu/.runtime_cache/12_unirec_0_1b_inference/opendoc_batched_decode_a372dbf/decode_selfkv256_cross1320_eager_b4", "static_self_kv_len": 256, "static_cross_kv_len": 1320, "self_attention_backend": "eager", "batch_size": 4}, "timing_detail": {"run_wall_s": 50.036188210127875, "source_pull_s": 49.21782137127593, "initial_cache_stack_s": 0.02422733185812831, "initial_state_build_s": 0.024518825812265277, "cache_refill_copy_enqueue_s": 0.00674292491748929, "cache_refill_row_bytes": 29054112, "cache_refill_total_bytes": 58108224, "result_build_s": 0.0021525572519749403, "completion_callback_s": 0.050093092024326324, "decode_input_build_s": 0.04473767592571676, "pre_decode_sync_s": 0.004825914511457086, "decode_s": 0.6515025661792606, "scheduler_bookkeeping_residual_s": 0.008517092326655984}}
OPENDOC_BATCHED_RUN_END {"status": "ok", "openocr_root": "/workspace/repos/OpenOCR", "model_path": "/workspace/models/unirec-0.1b", "device": "npu:0", "dtype": "float16", "decode_mode": "compiled", "decode_scheduling": "continuous", "decode_batch_size": 4, "text_prefill_mode": "compiled_packed_s1024", "max_length": 256, "layout_backend": "transformers_npu", "layout_dtype": "float32", "setup_s": 34.77914514602162, "pipeline_wall_s": 50.03705832408741, "pages_per_s": 0.01998518764878327, "page_count": 1, "crop_count": 6, "cohort_count": 0, "layout_s": 1.800465889973566, "page_prepare_total_s": 2.064160431968048, "page_frontend_other_s": 0.2636945419944823, "prepare_s": 0.17191182100214064, "prefill_s": 44.582158313831314, "prefill_device_stage_s": {}, "text_prefill_real_source_tokens": 436, "text_prefill_physical_source_tokens": 1024, "text_prefill_useful_token_fraction": 0.42578125, "text_prefill_packing": {"packs": 1, "members": 6, "real_source_tokens": 436, "physical_source_tokens": 1024, "fallback_crops": 0, "member_histogram": {"6": 1}, "useful_token_fraction": 0.42578125, "bucket": 1024}, "decode_s": 0.6515025661792606, "output_assembly_s": 0.0005292289424687624, "output_write_s": 0.04755515791475773, "raw_decode_token_slots": 208, "effective_decode_tokens": 146, "padding_decode_token_slots": 62, "idle_decode_token_slots": 62, "raw_decode_tokens_per_s": 319.26198114585617, "effective_decode_tokens_per_s": 224.09735215045671, "cohorts": [], "continuous_decode": {"batch_size": 4, "submitted": 6, "completed": 6, "decode_iterations": 52, "raw_decode_token_slots": 208, "effective_decode_tokens": 146, "idle_decode_token_slots": 62, "decode_s": 0.6515025661792606, "first_decode_step_s": 0.5070298169739544, "steady_decode_s": 0.14447274920530617, "raw_decode_tokens_per_s": 319.26198114585617, "effective_decode_tokens_per_s": 224.09735215045671, "steady_raw_decode_tokens_per_s": 1412.0309963099085, "steady_effective_decode_tokens_per_s": 982.8843209608186, "slot_refills": 2, "compile_wrap_s": 0.001048858044669032, "compile": {"compile_api": "torch_npu.dynamo.torchair.inference.cache_compile", "compile_api_import_path": "torch_npu.dynamo.torchair.inference.cache_compile", "backend": "torchair", "fullgraph": true, "dynamic": false, "torchair_ge_cache": true, "torchair_cache_dir": "/workspace/repos/paddle_ocr_vl_npu/.runtime_cache/12_unirec_0_1b_inference/opendoc_batched_decode_a372dbf/decode_selfkv256_cross1320_eager_b4", "static_self_kv_len": 256, "static_cross_kv_len": 1320, "self_attention_backend": "eager", "batch_size": 4}, "timing_detail": {"run_wall_s": 50.036188210127875, "source_pull_s": 49.21782137127593, "initial_cache_stack_s": 0.02422733185812831, "initial_state_build_s": 0.024518825812265277, "cache_refill_copy_enqueue_s": 0.00674292491748929, "cache_refill_row_bytes": 29054112, "cache_refill_total_bytes": 58108224, "result_build_s": 0.0021525572519749403, "completion_callback_s": 0.050093092024326324, "decode_input_build_s": 0.04473767592571676, "pre_decode_sync_s": 0.004825914511457086, "decode_s": 0.6515025661792606, "scheduler_bookkeeping_residual_s": 0.008517092326655984}}, "pages": [{"page_index": 0, "image": "/workspace/datasets/OmniDocBench/images/PPT_1001115_eng_page_003.png", "crop_count": 6, "layout_s": 1.800465889973566, "wall_s": 50.035005250014365}], "trace_path": "/workspace/repos/paddle_ocr_vl_npu/tmp/12_unirec_0_1b_inference/packed_text_s1024_smoke_044dc53/output/recognition_trace.jsonl"}
