[npu] jit_compile=False; Conv3D NPU inference patch enabled
[setup] shard=0/1 pages=32 model=/workspace/models/MinerU2.5-Pro-2605-1.2B
The `use_fast` parameter is deprecated and will be removed in a future version. Use `backend="torchvision"` instead of `use_fast=True`, or `backend="pil"` instead of `use_fast=False`.
[setup] complete elapsed_s=16.369
[group 1/1] START pages=32 dataset_indices=[0, 1, 2, 3, 4, 5, 6, 7, 8, 9, 10, 11, 12, 13, 14, 15, 16, 17, 18, 19, 20, 21, 22, 23, 24, 25, 26, 27, 28, 29, 30, 31]
/workspace/repos/paddle_ocr_vl_npu/11_mineru_2_5_pro_inference/local_modeling_mineru.py:416: UserWarning: Cannot create tensor with interal format while allow_internel_format=False, tensor will be created with base format. (Triggered internally at ../torch_npu/csrc/aten/common/TensorFactories.cpp:340.)
  value_cache = torch.empty_like(key_cache)
[W805 17:43:21.643261666 OpInterface.cpp:19419] Warning: torch_npu.npu_conv3d is deprecated and will be removed in future version. Use torch.nn.functional.conv3d instead. (function operator())
2026-08-05 17:43:56.689 | DEBUG    | mineru_vl_utils.mineru_client:parse_layout_output:239 - Layout raw output: 
<|box_start|>162 102 561 116<|box_end|><|ref_start|>header<|ref_end|><|rotate_up|>
<|box_start|>801 101 830 114<|box_end|><|ref_start|>page_number<|ref_end|><|rotate_up|>
<|box_start|>162 136 197 149<|box_end|><|ref_start|>text<|ref_end|><|rotate_up|>
<|box_start|>243 155 750 229<|box_end|><|ref_start|>equation_block<|ref_end|><|rotate_up|>
<|box_start|>249 158 490 191<|box_end|><|ref_start|>equation<|ref_end|><|rotate_up|>
<|box_start|>282 193 746 228<|box_end|><|ref_start|>equation<|ref_end|><|rotate_up|>
<|box_start|>162 236 834 299<|box_end|><|ref_start|>text<|ref_end|><|rotate_up|>
<|box_start|>164 307 834 340<|box_end|><|ref_start|>text<|ref_end|><|rotate_up|>
<|box_start|>165 340 836 438<|box_end|><|ref_start|>text<|ref_end|><|rotate_up|>
<|box_start|>168 445 771 567<|box_end|><|ref_start|>equation<|ref_end|><|rotate_up|>
<|box_start|>167 572 838 622<|box_end|><|ref_start|>text<|ref_end|><|rotate_up|>
<|box_start|>167 635 838 669<|box_end|><|ref_start|>text<|ref_end|><|rotate_up|>
<|box_start|>171 677 665 730<|box_end|><|ref_start|>equation<|ref_end|><|rotate_up|>
<|box_start|>168 737 838 777<|box_end|><|ref_start|>text<|ref_end|><|rotate_up|>
<|box_start|>264 784 745 839<|box_end|><|ref_start|>equation<|ref_end|><|rotate_up|>
2026-08-05 17:43:56.690 | DEBUG    | mineru_vl_utils.mineru_client:parse_layout_output:239 - Layout raw output: 
<|box_start|>150 103 179 116<|box_end|><|ref_start|>page_number<|ref_end|><|rotate_up|>
<|box_start|>194 103 623 117<|box_end|><|ref_start|>header<|ref_end|><|rotate_up|>
<|box_start|>147 135 819 169<|box_end|><|ref_start|>text<|ref_end|><|rotate_up|>
<|box_start|>307 177 652 322<|box_end|><|ref_start|>equation<|ref_end|><|rotate_up|>
<|box_start|>149 329 820 379<|box_end|><|ref_start|>text<|ref_end|><|rotate_up|>
<|box_start|>348 389 586 512<|box_end|><|ref_start|>equation_block<|ref_end|><|rotate_up|>
<|box_start|>348 389 459 404<|box_end|><|ref_start|>equation<|ref_end|><|rotate_up|>
<|box_start|>369 405 502 427<|box_end|><|ref_start|>equation<|ref_end|><|rotate_up|>
<|box_start|>370 427 443 447<|box_end|><|ref_start|>equation<|ref_end|><|rotate_up|>
<|box_start|>370 447 509 461<|box_end|><|ref_start|>equation<|ref_end|><|rotate_up|>
<|box_start|>389 462 585 484<|box_end|><|ref_start|>equation<|ref_end|><|rotate_up|>
<|box_start|>370 484 402 495<|box_end|><|ref_start|>equation<|ref_end|><|rotate_up|>
<|box_start|>351 499 383 511<|box_end|><|ref_start|>text<|ref_end|><|rotate_up|>
<|box_start|>150 525 820 562<|box_end|><|ref_start|>text<|ref_end|><|rotate_up|>
<|box_start|>310 569 655 715<|box_end|><|ref_start|>equation<|ref_end|><|rotate_up|>
<|box_start|>151 722 823 773<|box_end|><|ref_start|>text<|ref_end|><|rotate_up|>
<|box_start|>350 782 512 841<|box_end|><|ref_start|>equation_block<|ref_end|><|rotate_up|>
<|box_start|>350 782 497 798<|box_end|><|ref_start|>equation<|ref_end|><|rotate_up|>
<|box_start|>373 799 510 819<|box_end|><|ref_start|>equation<|ref_end|><|rotate_up|>
<|box_start|>373 820 467 840<|box_end|><|ref_start|>equation<|ref_end|><|rotate_up|>
2026-08-05 17:43:56.691 | DEBUG    | mineru_vl_utils.mineru_client:parse_layout_output:239 - Layout raw output: 
<|box_start|>215 120 340 136<|box_end|><|ref_start|>header<|ref_end|><|rotate_up|>
<|box_start|>761 123 781 135<|box_end|><|ref_start|>page_number<|ref_end|><|rotate_up|>
<|box_start|>213 154 501 178<|box_end|><|ref_start|>text<|ref_end|><|rotate_up|>
<|box_start|>213 179 766 220<|box_end|><|ref_start|>text<|ref_end|><|rotate_up|>
<|box_start|>214 229 792 311<|box_end|><|ref_start|>equation<|ref_end|><|rotate_up|>
<|box_start|>213 312 781 371<|box_end|><|ref_start|>text<|ref_end|><|rotate_up|>
<|box_start|>214 372 848 480<|box_end|><|ref_start|>text<|ref_end|><|rotate_up|>
<|box_start|>216 493 816 602<|box_end|><|ref_start|>equation<|ref_end|><|rotate_up|>
<|box_start|>213 615 781 722<|box_end|><|ref_start|>text<|ref_end|><|rotate_up|>
<|box_start|>213 724 781 782<|box_end|><|ref_start|>text<|ref_end|><|rotate_up|>
<|box_start|>213 795 781 833<|box_end|><|ref_start|>text<|ref_end|><|rotate_up|>
2026-08-05 17:43:56.691 | DEBUG    | mineru_vl_utils.mineru_client:parse_layout_output:239 - Layout raw output: 
<|box_start|>069 055 106 076<|box_end|><|ref_start|>header<|ref_end|><|rotate_up|>
<|box_start|>110 053 267 071<|box_end|><|ref_start|>header<|ref_end|><|rotate_up|>
<|box_start|>900 057 976 079<|box_end|><|ref_start|>header<|ref_end|><|rotate_up|>
<|box_start|>112 086 426 105<|box_end|><|ref_start|>title<|ref_end|><|rotate_up|>
<|box_start|>116 114 348 133<|box_end|><|ref_start|>text<|ref_end|><|rotate_up|>
<|box_start|>119 136 609 171<|box_end|><|ref_start|>text<|ref_end|><|rotate_up|>
<|box_start|>116 182 198 199<|box_end|><|ref_start|>text<|ref_end|><|rotate_up|>
<|box_start|>125 199 924 335<|box_end|><|ref_start|>equation_block<|ref_end|><|rotate_up|>
<|box_start|>127 199 692 236<|box_end|><|ref_start|>text<|ref_end|><|rotate_up|>
<|box_start|>122 237 924 335<|box_end|><|ref_start|>text<|ref_end|><|rotate_up|>
<|box_start|>150 347 695 402<|box_end|><|ref_start|>text<|ref_end|><|rotate_up|>
<|box_start|>254 404 665 436<|box_end|><|ref_start|>equation<|ref_end|><|rotate_up|>
<|box_start|>159 445 843 613<|box_end|><|ref_start|>equation_block<|ref_end|><|rotate_up|>
<|box_start|>160 445 843 506<|box_end|><|ref_start|>text<|ref_end|><|rotate_up|>
<|box_start|>270 510 811 559<|box_end|><|ref_start|>equation<|ref_end|><|rotate_up|>
<|box_start|>272 560 786 612<|box_end|><|ref_start|>equation<|ref_end|><|rotate_up|>
<|box_start|>127 624 909 681<|box_end|><|ref_start|>text<|ref_end|><|rotate_up|>
<|box_start|>140 689 895 754<|box_end|><|ref_start|>text<|ref_end|><|rotate_up|>
<|box_start|>147 757 963 832<|box_end|><|ref_start|>text<|ref_end|><|rotate_up|>
<|box_start|>172 844 571 876<|box_end|><|ref_start|>equation<|ref_end|><|rotate_up|>
<|box_start|>190 894 584 925<|box_end|><|ref_start|>equation<|ref_end|><|rotate_up|>
<|box_start|>268 931 570 962<|box_end|><|ref_start|>equation<|ref_end|><|rotate_up|>
2026-08-05 17:43:56.692 | DEBUG    | mineru_vl_utils.mineru_client:parse_layout_output:239 - Layout raw output: 
<|box_start|>136 069 573 158<|box_end|><|ref_start|>title<|ref_end|><|rotate_up|>
<|box_start|>113 214 290 269<|box_end|><|ref_start|>text<|ref_end|><|rotate_up|>
<|box_start|>379 208 768 317<|box_end|><|ref_start|>image<|ref_end|><|rotate_up|>
<|box_start|>112 339 900 445<|box_end|><|ref_start|>text<|ref_end|><|rotate_up|>
<|box_start|>281 427 728 553<|box_end|><|ref_start|>equation<|ref_end|><|rotate_up|>
<|box_start|>122 574 384 628<|box_end|><|ref_start|>text<|ref_end|><|rotate_up|>
<|box_start|>182 647 783 713<|box_end|><|ref_start|>text<|ref_end|><|rotate_up|>
<|box_start|>122 730 474 780<|box_end|><|ref_start|>text<|ref_end|><|rotate_up|>
<|box_start|>180 826 677 945<|box_end|><|ref_start|>equation<|ref_end|><|rotate_up|>
<|box_start|>687 860 929 912<|box_end|><|ref_start|>text<|ref_end|><|rotate_up|>
<|box_start|>933 943 959 969<|box_end|><|ref_start|>page_number<|ref_end|><|rotate_up|>
2026-08-05 17:43:56.692 | DEBUG    | mineru_vl_utils.mineru_client:parse_layout_output:239 - Layout raw output: 
<|box_start|>385 086 607 102<|box_end|><|ref_start|>title<|ref_end|><|rotate_up|>
<|box_start|>146 109 850 166<|box_end|><|ref_start|>text<|ref_end|><|rotate_up|>
<|box_start|>148 175 249 190<|box_end|><|ref_start|>text<|ref_end|><|rotate_up|>
<|box_start|>148 205 741 224<|box_end|><|ref_start|>text<|ref_end|><|rotate_up|>
<|box_start|>147 239 383 254<|box_end|><|ref_start|>title<|ref_end|><|rotate_up|>
<|box_start|>153 263 871 519<|box_end|><|ref_start|>equation_block<|ref_end|><|rotate_up|>
<|box_start|>153 263 871 349<|box_end|><|ref_start|>text<|ref_end|><|rotate_up|>
<|box_start|>154 369 571 404<|box_end|><|ref_start|>text<|ref_end|><|rotate_up|>
<|box_start|>154 407 867 518<|box_end|><|ref_start|>text<|ref_end|><|rotate_up|>
<|box_start|>147 527 434 542<|box_end|><|ref_start|>text<|ref_end|><|rotate_up|>
<|box_start|>146 555 848 620<|box_end|><|ref_start|>text<|ref_end|><|rotate_up|>
<|box_start|>153 623 894 900<|box_end|><|ref_start|>equation_block<|ref_end|><|rotate_up|>
<|box_start|>153 623 741 681<|box_end|><|ref_start|>text<|ref_end|><|rotate_up|>
<|box_start|>154 683 467 731<|box_end|><|ref_start|>text<|ref_end|><|rotate_up|>
<|box_start|>154 734 422 770<|box_end|><|ref_start|>text<|ref_end|><|rotate_up|>
<|box_start|>153 773 894 900<|box_end|><|ref_start|>text<|ref_end|><|rotate_up|>
<|box_start|>487 929 512 940<|box_end|><|ref_start|>page_number<|ref_end|><|rotate_up|>
2026-08-05 17:43:56.692 | DEBUG    | mineru_vl_utils.mineru_client:parse_layout_output:239 - Layout raw output: 
<|box_start|>044 030 138 045<|box_end|><|ref_start|>page_number<|ref_end|><|rotate_up|>
<|box_start|>388 026 609 044<|box_end|><|ref_start|>header<|ref_end|><|rotate_up|>
<|box_start|>017 068 979 108<|box_end|><|ref_start|>text<|ref_end|><|rotate_up|>
<|box_start|>016 112 978 149<|box_end|><|ref_start|>text<|ref_end|><|rotate_up|>
<|box_start|>273 154 725 171<|box_end|><|ref_start|>equation<|ref_end|><|rotate_up|>
<|box_start|>273 177 725 195<|box_end|><|ref_start|>equation<|ref_end|><|rotate_up|>
<|box_start|>018 199 384 215<|box_end|><|ref_start|>text<|ref_end|><|rotate_up|>
<|box_start|>054 221 258 242<|box_end|><|ref_start|>title<|ref_end|><|rotate_up|>
<|box_start|>059 247 792 263<|box_end|><|ref_start|>text<|ref_end|><|rotate_up|>
<|box_start|>333 270 662 320<|box_end|><|ref_start|>equation<|ref_end|><|rotate_up|>
<|box_start|>017 325 610 343<|box_end|><|ref_start|>text<|ref_end|><|rotate_up|>
<|box_start|>334 350 662 381<|box_end|><|ref_start|>equation<|ref_end|><|rotate_up|>
<|box_start|>017 386 310 405<|box_end|><|ref_start|>text<|ref_end|><|rotate_up|>
<|box_start|>219 410 779 456<|box_end|><|ref_start|>equation_block<|ref_end|><|rotate_up|>
<|box_start|>219 410 779 440<|box_end|><|ref_start|>equation<|ref_end|><|rotate_up|>
<|box_start|>442 442 558 456<|box_end|><|ref_start|>equation<|ref_end|><|rotate_up|>
<|box_start|>020 459 667 480<|box_end|><|ref_start|>text<|ref_end|><|rotate_up|>
<|box_start|>019 481 064 496<|box_end|><|ref_start|>text<|ref_end|><|rotate_up|>
<|box_start|>286 504 715 574<|box_end|><|ref_start|>equation_block<|ref_end|><|rotate_up|>
<|box_start|>286 504 715 533<|box_end|><|ref_start|>equation<|ref_end|><|rotate_up|>
<|box_start|>340 534 667 553<|box_end|><|ref_start|>equation<|ref_end|><|rotate_up|>
<|box_start|>442 558 558 572<|box_end|><|ref_start|>equation<|ref_end|><|rotate_up|>
<|box_start|>017 576 292 592<|box_end|><|ref_start|>text<|ref_end|><|rotate_up|>
<|box_start|>285 600 711 681<|box_end|><|ref_start|>equation_block<|ref_end|><|rotate_up|>
<|box_start|>285 600 711 664<|box_end|><|ref_start|>equation<|ref_end|><|rotate_up|>
<|box_start|>442 666 558 681<|box_end|><|ref_start|>equation<|ref_end|><|rotate_up|>
<|box_start|>018 684 113 700<|box_end|><|ref_start|>text<|ref_end|><|rotate_up|>
<|box_start|>373 707 625 724<|box_end|><|ref_start|>equation<|ref_end|><|rotate_up|>
<|box_start|>018 728 085 743<|box_end|><|ref_start|>text<|ref_end|><|rotate_up|>
<|box_start|>205 751 787 924<|box_end|><|ref_start|>equation<|ref_end|><|rotate_up|>
<|box_start|>017 925 978 963<|box_end|><|ref_start|>text<|ref_end|><|rotate_up|>
<|box_start|>058 966 978 985<|box_end|><|ref_start|>text<|ref_end|><|rotate_up|>
2026-08-05 17:43:56.693 | DEBUG    | mineru_vl_utils.mineru_client:parse_layout_output:239 - Layout raw output: 
<|box_start|>283 095 710 172<|box_end|><|ref_start|>equation_block<|ref_end|><|rotate_up|>
<|box_start|>284 095 691 129<|box_end|><|ref_start|>equation<|ref_end|><|rotate_up|>
<|box_start|>278 137 710 172<|box_end|><|ref_start|>equation<|ref_end|><|rotate_up|>
<|box_start|>114 177 453 196<|box_end|><|ref_start|>text<|ref_end|><|rotate_up|>
<|box_start|>405 204 590 221<|box_end|><|ref_start|>equation<|ref_end|><|rotate_up|>
<|box_start|>214 228 847 413<|box_end|><|ref_start|>equation_block<|ref_end|><|rotate_up|>
<|box_start|>214 228 750 262<|box_end|><|ref_start|>equation<|ref_end|><|rotate_up|>
<|box_start|>256 269 846 302<|box_end|><|ref_start|>equation<|ref_end|><|rotate_up|>
<|box_start|>257 313 788 343<|box_end|><|ref_start|>equation<|ref_end|><|rotate_up|>
<|box_start|>256 354 518 413<|box_end|><|ref_start|>equation<|ref_end|><|rotate_up|>
<|box_start|>110 419 844 463<|box_end|><|ref_start|>text<|ref_end|><|rotate_up|>
<|box_start|>389 486 634 528<|box_end|><|ref_start|>equation_block<|ref_end|><|rotate_up|>
<|box_start|>391 486 634 503<|box_end|><|ref_start|>equation<|ref_end|><|rotate_up|>
<|box_start|>436 511 621 527<|box_end|><|ref_start|>equation<|ref_end|><|rotate_up|>
<|box_start|>108 534 528 552<|box_end|><|ref_start|>text<|ref_end|><|rotate_up|>
<|box_start|>247 559 611 578<|box_end|><|ref_start|>equation<|ref_end|><|rotate_up|>
<|box_start|>106 583 863 651<|box_end|><|ref_start|>text<|ref_end|><|rotate_up|>
<|box_start|>178 657 800 715<|box_end|><|ref_start|>equation_block<|ref_end|><|rotate_up|>
<|box_start|>178 657 800 674<|box_end|><|ref_start|>equation<|ref_end|><|rotate_up|>
<|box_start|>205 684 420 715<|box_end|><|ref_start|>equation<|ref_end|><|rotate_up|>
<|box_start|>107 724 860 767<|box_end|><|ref_start|>text<|ref_end|><|rotate_up|>
<|box_start|>109 774 743 877<|box_end|><|ref_start|>equation_block<|ref_end|><|rotate_up|>
<|box_start|>202 775 432 808<|box_end|><|ref_start|>equation<|ref_end|><|rotate_up|>
<|box_start|>109 816 742 877<|box_end|><|ref_start|>equation_block<|ref_end|><|rotate_up|>
<|box_start|>109 816 742 851<|box_end|><|ref_start|>text<|ref_end|><|rotate_up|>
<|box_start|>215 859 483 876<|box_end|><|ref_start|>equation<|ref_end|><|rotate_up|>
<|box_start|>116 887 195 901<|box_end|><|ref_start|>page_number<|ref_end|><|rotate_up|>
2026-08-05 17:43:56.693 | DEBUG    | mineru_vl_utils.mineru_client:parse_layout_output:239 - Layout raw output: 
<|box_start|>158 103 430 117<|box_end|><|ref_start|>header<|ref_end|><|rotate_up|>
<|box_start|>798 103 829 116<|box_end|><|ref_start|>page_number<|ref_end|><|rotate_up|>
<|box_start|>157 135 829 168<|box_end|><|ref_start|>text<|ref_end|><|rotate_up|>
<|box_start|>157 168 830 201<|box_end|><|ref_start|>text<|ref_end|><|rotate_up|>
<|box_start|>161 213 735 230<|box_end|><|ref_start|>equation<|ref_end|><|rotate_up|>
<|box_start|>158 241 697 257<|box_end|><|ref_start|>text<|ref_end|><|rotate_up|>
<|box_start|>271 263 717 341<|box_end|><|ref_start|>equation_block<|ref_end|><|rotate_up|>
<|box_start|>273 266 531 300<|box_end|><|ref_start|>equation<|ref_end|><|rotate_up|>
<|box_start|>300 302 713 339<|box_end|><|ref_start|>equation<|ref_end|><|rotate_up|>
<|box_start|>160 348 678 364<|box_end|><|ref_start|>text<|ref_end|><|rotate_up|>
<|box_start|>164 374 713 411<|box_end|><|ref_start|>equation<|ref_end|><|rotate_up|>
<|box_start|>160 419 834 485<|box_end|><|ref_start|>text<|ref_end|><|rotate_up|>
<|box_start|>160 498 832 531<|box_end|><|ref_start|>text<|ref_end|><|rotate_up|>
<|box_start|>164 540 788 669<|box_end|><|ref_start|>equation_block<|ref_end|><|rotate_up|>
<|box_start|>385 541 507 557<|box_end|><|ref_start|>equation<|ref_end|><|rotate_up|>
<|box_start|>339 560 600 594<|box_end|><|ref_start|>equation<|ref_end|><|rotate_up|>
<|box_start|>165 595 693 631<|box_end|><|ref_start|>equation<|ref_end|><|rotate_up|>
<|box_start|>246 633 786 668<|box_end|><|ref_start|>equation<|ref_end|><|rotate_up|>
<|box_start|>162 677 708 694<|box_end|><|ref_start|>text<|ref_end|><|rotate_up|>
<|box_start|>164 703 784 741<|box_end|><|ref_start|>equation<|ref_end|><|rotate_up|>
<|box_start|>162 748 632 764<|box_end|><|ref_start|>text<|ref_end|><|rotate_up|>
<|box_start|>161 773 834 806<|box_end|><|ref_start|>text<|ref_end|><|rotate_up|>
<|box_start|>165 817 593 835<|box_end|><|ref_start|>equation<|ref_end|><|rotate_up|>
2026-08-05 17:43:56.694 | DEBUG    | mineru_vl_utils.mineru_client:parse_layout_output:239 - Layout raw output: 
<|box_start|>146 089 851 161<|box_end|><|ref_start|>text<|ref_end|><|rotate_up|>
<|box_start|>146 167 276 184<|box_end|><|ref_start|>title<|ref_end|><|rotate_up|>
<|box_start|>146 191 401 207<|box_end|><|ref_start|>title<|ref_end|><|rotate_up|>
<|box_start|>146 214 851 248<|box_end|><|ref_start|>text<|ref_end|><|rotate_up|>
<|box_start|>146 255 279 272<|box_end|><|ref_start|>title<|ref_end|><|rotate_up|>
<|box_start|>146 278 851 312<|box_end|><|ref_start|>text<|ref_end|><|rotate_up|>
<|box_start|>146 319 242 336<|box_end|><|ref_start|>title<|ref_end|><|rotate_up|>
<|box_start|>182 342 530 358<|box_end|><|ref_start|>text<|ref_end|><|rotate_up|>
<|box_start|>147 365 429 381<|box_end|><|ref_start|>text<|ref_end|><|rotate_up|>
<|box_start|>431 395 566 432<|box_end|><|ref_start|>equation<|ref_end|><|rotate_up|>
<|box_start|>147 447 851 482<|box_end|><|ref_start|>text<|ref_end|><|rotate_up|>
<|box_start|>439 496 559 533<|box_end|><|ref_start|>equation<|ref_end|><|rotate_up|>
<|box_start|>182 548 445 566<|box_end|><|ref_start|>text<|ref_end|><|rotate_up|>
<|box_start|>146 570 314 587<|box_end|><|ref_start|>title<|ref_end|><|rotate_up|>
<|box_start|>146 593 851 628<|box_end|><|ref_start|>text<|ref_end|><|rotate_up|>
<|box_start|>146 634 851 689<|box_end|><|ref_start|>text<|ref_end|><|rotate_up|>
<|box_start|>146 695 851 750<|box_end|><|ref_start|>text<|ref_end|><|rotate_up|>
<|box_start|>182 756 312 772<|box_end|><|ref_start|>text<|ref_end|><|rotate_up|>
<|box_start|>319 777 679 798<|box_end|><|ref_start|>equation<|ref_end|><|rotate_up|>
<|box_start|>147 804 279 820<|box_end|><|ref_start|>title<|ref_end|><|rotate_up|>
<|box_start|>146 826 851 861<|box_end|><|ref_start|>text<|ref_end|><|rotate_up|>
<|box_start|>146 868 277 884<|box_end|><|ref_start|>title<|ref_end|><|rotate_up|>
<|box_start|>147 891 532 907<|box_end|><|ref_start|>text<|ref_end|><|rotate_up|>
<|box_start|>491 929 510 940<|box_end|><|ref_start|>page_number<|ref_end|><|rotate_up|>
2026-08-05 17:43:56.694 | DEBUG    | mineru_vl_utils.mineru_client:parse_layout_output:239 - Layout raw output: 
<|box_start|>171 104 825 149<|box_end|><|ref_start|>text<|ref_end|><|rotate_up|>
<|box_start|>354 158 645 261<|box_end|><|ref_start|>table<|ref_end|><|rotate_up|>
<|box_start|>197 284 800 300<|box_end|><|ref_start|>table_caption<|ref_end|><|rotate_up|>
<|box_start|>172 314 741 330<|box_end|><|ref_start|>text<|ref_end|><|rotate_up|>
<|box_start|>241 334 825 352<|box_end|><|ref_start|>equation<|ref_end|><|rotate_up|>
<|box_start|>172 364 226 377<|box_end|><|ref_start|>text<|ref_end|><|rotate_up|>
<|box_start|>217 390 825 474<|box_end|><|ref_start|>list<|ref_end|><|rotate_up|>
<|box_start|>217 390 825 417<|box_end|><|ref_start|>text<|ref_end|><|rotate_up|>
<|box_start|>217 418 825 446<|box_end|><|ref_start|>text<|ref_end|><|rotate_up|>
<|box_start|>217 446 825 474<|box_end|><|ref_start|>text<|ref_end|><|rotate_up|>
<|box_start|>171 489 825 573<|box_end|><|ref_start|>text<|ref_end|><|rotate_up|>
<|box_start|>171 588 827 686<|box_end|><|ref_start|>text<|ref_end|><|rotate_up|>
<|box_start|>171 692 827 720<|box_end|><|ref_start|>text<|ref_end|><|rotate_up|>
<|box_start|>243 726 753 743<|box_end|><|ref_start|>equation<|ref_end|><|rotate_up|>
<|box_start|>171 749 827 793<|box_end|><|ref_start|>text<|ref_end|><|rotate_up|>
<|box_start|>171 798 827 855<|box_end|><|ref_start|>text<|ref_end|><|rotate_up|>
<|box_start|>171 869 825 926<|box_end|><|ref_start|>text<|ref_end|><|rotate_up|>
<|box_start|>490 949 509 960<|box_end|><|ref_start|>page_number<|ref_end|><|rotate_up|>
2026-08-05 17:43:56.695 | DEBUG    | mineru_vl_utils.mineru_client:parse_layout_output:239 - Layout raw output: 
<|box_start|>146 109 177 121<|box_end|><|ref_start|>page_number<|ref_end|><|rotate_up|>
<|box_start|>190 109 393 122<|box_end|><|ref_start|>header<|ref_end|><|rotate_up|>
<|box_start|>180 147 562 163<|box_end|><|ref_start|>table_caption<|ref_end|><|rotate_up|>
<|box_start|>174 170 794 503<|box_end|><|ref_start|>table<|ref_end|><|rotate_up|>
<|box_start|>148 595 820 628<|box_end|><|ref_start|>text<|ref_end|><|rotate_up|>
<|box_start|>149 628 820 678<|box_end|><|ref_start|>text<|ref_end|><|rotate_up|>
<|box_start|>152 697 731 795<|box_end|><|ref_start|>equation<|ref_end|><|rotate_up|>
<|box_start|>150 813 823 847<|box_end|><|ref_start|>text<|ref_end|><|rotate_up|>
2026-08-05 17:43:56.695 | DEBUG    | mineru_vl_utils.mineru_client:parse_layout_output:239 - Layout raw output: 
<|box_start|>377 090 616 107<|box_end|><|ref_start|>title<|ref_end|><|rotate_up|>
<|box_start|>148 119 249 134<|box_end|><|ref_start|>text<|ref_end|><|rotate_up|>
<|box_start|>146 147 816 163<|box_end|><|ref_start|>text<|ref_end|><|rotate_up|>
<|box_start|>148 175 249 190<|box_end|><|ref_start|>text<|ref_end|><|rotate_up|>
<|box_start|>148 197 589 412<|box_end|><|ref_start|>equation<|ref_end|><|rotate_up|>
<|box_start|>147 423 851 439<|box_end|><|ref_start|>text<|ref_end|><|rotate_up|>
<|box_start|>147 448 603 489<|box_end|><|ref_start|>text<|ref_end|><|rotate_up|>
<|box_start|>146 505 846 522<|box_end|><|ref_start|>text<|ref_end|><|rotate_up|>
<|box_start|>146 588 845 633<|box_end|><|ref_start|>text<|ref_end|><|rotate_up|>
<|box_start|>146 697 851 754<|box_end|><|ref_start|>text<|ref_end|><|rotate_up|>
<|box_start|>146 816 851 874<|box_end|><|ref_start|>text<|ref_end|><|rotate_up|>
<|box_start|>490 929 509 940<|box_end|><|ref_start|>page_number<|ref_end|><|rotate_up|>
2026-08-05 17:43:56.695 | DEBUG    | mineru_vl_utils.mineru_client:parse_layout_output:239 - Layout raw output: 
<|box_start|>395 090 599 107<|box_end|><|ref_start|>title<|ref_end|><|rotate_up|>
<|box_start|>148 119 248 134<|box_end|><|ref_start|>text<|ref_end|><|rotate_up|>
<|box_start|>146 142 844 214<|box_end|><|ref_start|>text<|ref_end|><|rotate_up|>
<|box_start|>148 221 248 236<|box_end|><|ref_start|>text<|ref_end|><|rotate_up|>
<|box_start|>147 242 649 259<|box_end|><|ref_start|>text<|ref_end|><|rotate_up|>
<|box_start|>148 267 648 300<|box_end|><|ref_start|>text<|ref_end|><|rotate_up|>
<|box_start|>148 310 667 430<|box_end|><|ref_start|>text<|ref_end|><|rotate_up|>
<|box_start|>146 440 479 456<|box_end|><|ref_start|>text<|ref_end|><|rotate_up|>
<|box_start|>147 465 657 497<|box_end|><|ref_start|>text<|ref_end|><|rotate_up|>
<|box_start|>148 507 691 678<|box_end|><|ref_start|>text<|ref_end|><|rotate_up|>
<|box_start|>146 690 850 723<|box_end|><|ref_start|>text<|ref_end|><|rotate_up|>
<|box_start|>147 734 241 770<|box_end|><|ref_start|>text<|ref_end|><|rotate_up|>
<|box_start|>322 734 404 770<|box_end|><|ref_start|>text<|ref_end|><|rotate_up|>
<|box_start|>497 735 588 770<|box_end|><|ref_start|>text<|ref_end|><|rotate_up|>
<|box_start|>671 734 754 770<|box_end|><|ref_start|>text<|ref_end|><|rotate_up|>
<|box_start|>146 803 846 860<|box_end|><|ref_start|>text<|ref_end|><|rotate_up|>
<|box_start|>147 875 235 910<|box_end|><|ref_start|>text<|ref_end|><|rotate_up|>
<|box_start|>322 876 409 910<|box_end|><|ref_start|>text<|ref_end|><|rotate_up|>
<|box_start|>498 874 583 913<|box_end|><|ref_start|>text<|ref_end|><|rotate_up|>
<|box_start|>671 876 758 911<|box_end|><|ref_start|>text<|ref_end|><|rotate_up|>
<|box_start|>490 929 508 940<|box_end|><|ref_start|>page_number<|ref_end|><|rotate_up|>
2026-08-05 17:43:56.696 | DEBUG    | mineru_vl_utils.mineru_client:parse_layout_output:239 - Layout raw output: 
<|box_start|>148 090 600 301<|box_end|><|ref_start|>equation<|ref_end|><|rotate_up|>
<|box_start|>146 308 533 323<|box_end|><|ref_start|>text<|ref_end|><|rotate_up|>
<|box_start|>147 335 474 367<|box_end|><|ref_start|>text<|ref_end|><|rotate_up|>
<|box_start|>151 382 765 567<|box_end|><|ref_start|>equation_block<|ref_end|><|rotate_up|>
<|box_start|>151 382 765 452<|box_end|><|ref_start|>text<|ref_end|><|rotate_up|>
<|box_start|>151 454 620 567<|box_end|><|ref_start|>text<|ref_end|><|rotate_up|>
<|box_start|>146 573 658 590<|box_end|><|ref_start|>text<|ref_end|><|rotate_up|>
<|box_start|>146 629 757 661<|box_end|><|ref_start|>text<|ref_end|><|rotate_up|>
<|box_start|>147 666 243 698<|box_end|><|ref_start|>text<|ref_end|><|rotate_up|>
<|box_start|>322 666 414 698<|box_end|><|ref_start|>text<|ref_end|><|rotate_up|>
<|box_start|>456 666 548 698<|box_end|><|ref_start|>text<|ref_end|><|rotate_up|>
<|box_start|>671 666 765 698<|box_end|><|ref_start|>text<|ref_end|><|rotate_up|>
<|box_start|>146 778 856 796<|box_end|><|ref_start|>text<|ref_end|><|rotate_up|>
<|box_start|>487 929 511 940<|box_end|><|ref_start|>page_number<|ref_end|><|rotate_up|>
2026-08-05 17:43:56.696 | DEBUG    | mineru_vl_utils.mineru_client:parse_layout_output:239 - Layout raw output: 
<|box_start|>091 056 375 100<|box_end|><|ref_start|>equation<|ref_end|><|rotate_up|>
<|box_start|>091 120 567 179<|box_end|><|ref_start|>equation<|ref_end|><|rotate_up|>
<|box_start|>091 208 418 265<|box_end|><|ref_start|>equation<|ref_end|><|rotate_up|>
<|box_start|>091 056 567 265<|box_end|><|ref_start|>equation_block<|ref_end|><|rotate_up|>
<|box_start|>086 295 301 312<|box_end|><|ref_start|>text<|ref_end|><|rotate_up|>
<|box_start|>095 333 735 350<|box_end|><|ref_start|>text<|ref_end|><|rotate_up|>
<|box_start|>097 359 487 387<|box_end|><|ref_start|>text<|ref_end|><|rotate_up|>
<|box_start|>096 415 776 432<|box_end|><|ref_start|>text<|ref_end|><|rotate_up|>
<|box_start|>098 452 250 468<|box_end|><|ref_start|>text<|ref_end|><|rotate_up|>
<|box_start|>096 483 721 507<|box_end|><|ref_start|>text<|ref_end|><|rotate_up|>
<|box_start|>097 526 281 542<|box_end|><|ref_start|>text<|ref_end|><|rotate_up|>
<|box_start|>096 359 776 542<|box_end|><|ref_start|>list<|ref_end|><|rotate_up|>
<|box_start|>086 558 431 579<|box_end|><|ref_start|>text<|ref_end|><|rotate_up|>
<|box_start|>097 599 368 626<|box_end|><|ref_start|>text<|ref_end|><|rotate_up|>
<|box_start|>097 653 495 671<|box_end|><|ref_start|>text<|ref_end|><|rotate_up|>
<|box_start|>097 599 495 671<|box_end|><|ref_start|>list<|ref_end|><|rotate_up|>
<|box_start|>096 701 385 717<|box_end|><|ref_start|>text<|ref_end|><|rotate_up|>
<|box_start|>098 746 199 780<|box_end|><|ref_start|>text<|ref_end|><|rotate_up|>
<|box_start|>097 802 152 818<|box_end|><|ref_start|>text<|ref_end|><|rotate_up|>
<|box_start|>096 830 669 847<|box_end|><|ref_start|>text<|ref_end|><|rotate_up|>
<|box_start|>435 970 564 985<|box_end|><|ref_start|>page_number<|ref_end|><|rotate_up|>
2026-08-05 17:43:56.697 | DEBUG    | mineru_vl_utils.mineru_client:parse_layout_output:239 - Layout raw output: 
<|box_start|>125 128 259 142<|box_end|><|ref_start|>header<|ref_end|><|rotate_up|>
<|box_start|>157 161 206 175<|box_end|><|ref_start|>text<|ref_end|><|rotate_up|>
<|box_start|>156 181 540 201<|box_end|><|ref_start|>text<|ref_end|><|rotate_up|>
<|box_start|>155 202 661 222<|box_end|><|ref_start|>text<|ref_end|><|rotate_up|>
<|box_start|>154 220 597 239<|box_end|><|ref_start|>text<|ref_end|><|rotate_up|>
<|box_start|>153 238 601 259<|box_end|><|ref_start|>text<|ref_end|><|rotate_up|>
<|box_start|>444 262 895 281<|box_end|><|ref_start|>equation<|ref_end|><|rotate_up|>
<|box_start|>151 273 518 294<|box_end|><|ref_start|>text<|ref_end|><|rotate_up|>
<|box_start|>150 311 198 325<|box_end|><|ref_start|>text<|ref_end|><|rotate_up|>
<|box_start|>389 298 893 323<|box_end|><|ref_start|>equation<|ref_end|><|rotate_up|>
<|box_start|>148 331 564 350<|box_end|><|ref_start|>text<|ref_end|><|rotate_up|>
<|box_start|>147 350 586 371<|box_end|><|ref_start|>text<|ref_end|><|rotate_up|>
<|box_start|>261 374 890 405<|box_end|><|ref_start|>equation<|ref_end|><|rotate_up|>
<|box_start|>110 411 296 427<|box_end|><|ref_start|>title<|ref_end|><|rotate_up|>
<|box_start|>143 440 467 459<|box_end|><|ref_start|>text<|ref_end|><|rotate_up|>
<|box_start|>375 464 887 499<|box_end|><|ref_start|>equation<|ref_end|><|rotate_up|>
<|box_start|>140 492 189 506<|box_end|><|ref_start|>text<|ref_end|><|rotate_up|>
<|box_start|>139 513 501 531<|box_end|><|ref_start|>text<|ref_end|><|rotate_up|>
<|box_start|>138 532 632 552<|box_end|><|ref_start|>text<|ref_end|><|rotate_up|>
<|box_start|>137 551 502 570<|box_end|><|ref_start|>text<|ref_end|><|rotate_up|>
<|box_start|>202 574 880 605<|box_end|><|ref_start|>equation<|ref_end|><|rotate_up|>
<|box_start|>135 603 565 624<|box_end|><|ref_start|>text<|ref_end|><|rotate_up|>
<|box_start|>182 627 879 658<|box_end|><|ref_start|>equation<|ref_end|><|rotate_up|>
<|box_start|>132 657 573 678<|box_end|><|ref_start|>text<|ref_end|><|rotate_up|>
<|box_start|>180 681 876 711<|box_end|><|ref_start|>equation<|ref_end|><|rotate_up|>
<|box_start|>130 710 573 731<|box_end|><|ref_start|>text<|ref_end|><|rotate_up|>
<|box_start|>187 734 873 765<|box_end|><|ref_start|>equation<|ref_end|><|rotate_up|>
<|box_start|>127 763 588 784<|box_end|><|ref_start|>text<|ref_end|><|rotate_up|>
<|box_start|>189 784 870 809<|box_end|><|ref_start|>equation<|ref_end|><|rotate_up|>
<|box_start|>090 800 871 833<|box_end|><|ref_start|>text<|ref_end|><|rotate_up|>
<|box_start|>122 838 745 863<|box_end|><|ref_start|>text<|ref_end|><|rotate_up|>
<|box_start|>327 864 866 894<|box_end|><|ref_start|>equation<|ref_end|><|rotate_up|>
<|box_start|>121 890 169 904<|box_end|><|ref_start|>text<|ref_end|><|rotate_up|>
<|box_start|>119 910 610 930<|box_end|><|ref_start|>text<|ref_end|><|rotate_up|>
<|box_start|>119 930 590 950<|box_end|><|ref_start|>text<|ref_end|><|rotate_up|>
<|box_start|>368 952 862 975<|box_end|><|ref_start|>equation<|ref_end|><|rotate_up|>
<|box_start|>107 965 125 976<|box_end|><|ref_start|>page_number<|ref_end|><|rotate_up|>
2026-08-05 17:43:56.697 | DEBUG    | mineru_vl_utils.mineru_client:parse_layout_output:239 - Layout raw output: 
<|box_start|>287 057 709 073<|box_end|><|ref_start|>header<|ref_end|><|rotate_up|>
<|box_start|>149 085 999 180<|box_end|><|ref_start|>equation<|ref_end|><|rotate_up|>
<|box_start|>200 210 270 230<|box_end|><|ref_start|>text<|ref_end|><|rotate_up|>
<|box_start|>147 243 849 299<|box_end|><|ref_start|>text<|ref_end|><|rotate_up|>
<|box_start|>146 310 849 366<|box_end|><|ref_start|>text<|ref_end|><|rotate_up|>
<|box_start|>201 376 535 398<|box_end|><|ref_start|>text<|ref_end|><|rotate_up|>
<|box_start|>202 410 569 432<|box_end|><|ref_start|>text<|ref_end|><|rotate_up|>
<|box_start|>146 443 850 498<|box_end|><|ref_start|>text<|ref_end|><|rotate_up|>
<|box_start|>146 509 850 566<|box_end|><|ref_start|>text<|ref_end|><|rotate_up|>
<|box_start|>202 576 569 598<|box_end|><|ref_start|>text<|ref_end|><|rotate_up|>
<|box_start|>146 609 848 663<|box_end|><|ref_start|>text<|ref_end|><|rotate_up|>
<|box_start|>146 675 848 731<|box_end|><|ref_start|>text<|ref_end|><|rotate_up|>
<|box_start|>146 742 849 798<|box_end|><|ref_start|>text<|ref_end|><|rotate_up|>
<|box_start|>201 808 732 831<|box_end|><|ref_start|>text<|ref_end|><|rotate_up|>
<|box_start|>201 842 545 864<|box_end|><|ref_start|>text<|ref_end|><|rotate_up|>
<|box_start|>201 874 785 898<|box_end|><|ref_start|>text<|ref_end|><|rotate_up|>
<|box_start|>506 942 523 953<|box_end|><|ref_start|>page_number<|ref_end|><|rotate_up|>
2026-08-05 17:43:56.698 | DEBUG    | mineru_vl_utils.mineru_client:parse_layout_output:239 - Layout raw output: 
<|box_start|>395 096 604 133<|box_end|><|ref_start|>equation<|ref_end|><|rotate_up|>
<|box_start|>182 148 369 165<|box_end|><|ref_start|>text<|ref_end|><|rotate_up|>
<|box_start|>148 170 394 190<|box_end|><|ref_start|>text<|ref_end|><|rotate_up|>
<|box_start|>372 200 626 238<|box_end|><|ref_start|>equation<|ref_end|><|rotate_up|>
<|box_start|>148 253 340 271<|box_end|><|ref_start|>text<|ref_end|><|rotate_up|>
<|box_start|>384 282 614 320<|box_end|><|ref_start|>equation<|ref_end|><|rotate_up|>
<|box_start|>147 334 277 350<|box_end|><|ref_start|>title<|ref_end|><|rotate_up|>
<|box_start|>146 357 851 411<|box_end|><|ref_start|>text<|ref_end|><|rotate_up|>
<|box_start|>147 418 715 435<|box_end|><|ref_start|>text<|ref_end|><|rotate_up|>
<|box_start|>370 447 627 485<|box_end|><|ref_start|>equation<|ref_end|><|rotate_up|>
<|box_start|>147 500 678 517<|box_end|><|ref_start|>text<|ref_end|><|rotate_up|>
<|box_start|>383 529 613 567<|box_end|><|ref_start|>equation<|ref_end|><|rotate_up|>
<|box_start|>147 605 275 622<|box_end|><|ref_start|>title<|ref_end|><|rotate_up|>
<|box_start|>182 629 834 645<|box_end|><|ref_start|>text<|ref_end|><|rotate_up|>
<|box_start|>147 652 348 669<|box_end|><|ref_start|>title<|ref_end|><|rotate_up|>
<|box_start|>182 675 524 691<|box_end|><|ref_start|>text<|ref_end|><|rotate_up|>
<|box_start|>416 700 582 745<|box_end|><|ref_start|>equation<|ref_end|><|rotate_up|>
<|box_start|>147 756 374 772<|box_end|><|ref_start|>text<|ref_end|><|rotate_up|>
<|box_start|>147 779 336 796<|box_end|><|ref_start|>title<|ref_end|><|rotate_up|>
<|box_start|>182 802 494 817<|box_end|><|ref_start|>text<|ref_end|><|rotate_up|>
<|box_start|>235 826 761 902<|box_end|><|ref_start|>equation_block<|ref_end|><|rotate_up|>
<|box_start|>235 826 761 874<|box_end|><|ref_start|>equation<|ref_end|><|rotate_up|>
<|box_start|>387 885 612 901<|box_end|><|ref_start|>equation<|ref_end|><|rotate_up|>
<|box_start|>491 929 509 940<|box_end|><|ref_start|>page_number<|ref_end|><|rotate_up|>
2026-08-05 17:43:56.698 | DEBUG    | mineru_vl_utils.mineru_client:parse_layout_output:239 - Layout raw output: 
<|box_start|>156 099 543 113<|box_end|><|ref_start|>header<|ref_end|><|rotate_up|>
<|box_start|>794 099 823 112<|box_end|><|ref_start|>page_number<|ref_end|><|rotate_up|>
<|box_start|>197 136 501 301<|box_end|><|ref_start|>image<|ref_end|><|rotate_up|>
<|box_start|>512 274 747 305<|box_end|><|ref_start|>image_caption<|ref_end|><|rotate_up|>
<|box_start|>199 334 501 500<|box_end|><|ref_start|>image<|ref_end|><|rotate_up|>
<|box_start|>513 458 761 503<|box_end|><|ref_start|>image_caption<|ref_end|><|rotate_up|>
<|box_start|>157 536 830 584<|box_end|><|ref_start|>text<|ref_end|><|rotate_up|>
<|box_start|>160 590 720 692<|box_end|><|ref_start|>equation_block<|ref_end|><|rotate_up|>
<|box_start|>274 590 717 609<|box_end|><|ref_start|>equation<|ref_end|><|rotate_up|>
<|box_start|>277 612 567 631<|box_end|><|ref_start|>equation<|ref_end|><|rotate_up|>
<|box_start|>163 633 717 650<|box_end|><|ref_start|>equation<|ref_end|><|rotate_up|>
<|box_start|>277 653 553 672<|box_end|><|ref_start|>equation<|ref_end|><|rotate_up|>
<|box_start|>343 675 717 692<|box_end|><|ref_start|>equation<|ref_end|><|rotate_up|>
<|box_start|>160 700 614 716<|box_end|><|ref_start|>text<|ref_end|><|rotate_up|>
<|box_start|>160 748 423 767<|box_end|><|ref_start|>title<|ref_end|><|rotate_up|>
<|box_start|>159 771 832 837<|box_end|><|ref_start|>text<|ref_end|><|rotate_up|>
2026-08-05 17:43:56.698 | DEBUG    | mineru_vl_utils.mineru_client:parse_layout_output:239 - Layout raw output: 
<|box_start|>142 108 175 121<|box_end|><|ref_start|>page_number<|ref_end|><|rotate_up|>
<|box_start|>187 108 581 122<|box_end|><|ref_start|>header<|ref_end|><|rotate_up|>
<|box_start|>203 143 756 191<|box_end|><|ref_start|>image<|ref_end|><|rotate_up|>
<|box_start|>210 198 713 214<|box_end|><|ref_start|>image_caption<|ref_end|><|rotate_up|>
<|box_start|>141 229 816 280<|box_end|><|ref_start|>text<|ref_end|><|rotate_up|>
<|box_start|>143 299 353 314<|box_end|><|ref_start|>title<|ref_end|><|rotate_up|>
<|box_start|>142 319 816 416<|box_end|><|ref_start|>text<|ref_end|><|rotate_up|>
<|box_start|>143 417 817 465<|box_end|><|ref_start|>text<|ref_end|><|rotate_up|>
<|box_start|>147 470 705 506<|box_end|><|ref_start|>equation<|ref_end|><|rotate_up|>
<|box_start|>147 507 709 543<|box_end|><|ref_start|>equation<|ref_end|><|rotate_up|>
<|box_start|>143 549 816 613<|box_end|><|ref_start|>text<|ref_end|><|rotate_up|>
<|box_start|>144 614 816 679<|box_end|><|ref_start|>text<|ref_end|><|rotate_up|>
<|box_start|>144 680 817 711<|box_end|><|ref_start|>text<|ref_end|><|rotate_up|>
<|box_start|>147 717 715 751<|box_end|><|ref_start|>equation<|ref_end|><|rotate_up|>
<|box_start|>149 751 679 790<|box_end|><|ref_start|>equation<|ref_end|><|rotate_up|>
<|box_start|>144 796 819 845<|box_end|><|ref_start|>text<|ref_end|><|rotate_up|>
2026-08-05 17:43:56.699 | DEBUG    | mineru_vl_utils.mineru_client:parse_layout_output:239 - Layout raw output: 
<|box_start|>147 100 435 115<|box_end|><|ref_start|>header<|ref_end|><|rotate_up|>
<|box_start|>788 100 818 114<|box_end|><|ref_start|>page_number<|ref_end|><|rotate_up|>
<|box_start|>147 131 515 151<|box_end|><|ref_start|>title<|ref_end|><|rotate_up|>
<|box_start|>165 168 820 200<|box_end|><|ref_start|>text<|ref_end|><|rotate_up|>
<|box_start|>186 201 820 247<|box_end|><|ref_start|>text<|ref_end|><|rotate_up|>
<|box_start|>165 254 820 285<|box_end|><|ref_start|>text<|ref_end|><|rotate_up|>
<|box_start|>372 290 637 322<|box_end|><|ref_start|>equation<|ref_end|><|rotate_up|>
<|box_start|>165 325 750 342<|box_end|><|ref_start|>text<|ref_end|><|rotate_up|>
<|box_start|>148 347 821 393<|box_end|><|ref_start|>text<|ref_end|><|rotate_up|>
<|box_start|>165 398 819 415<|box_end|><|ref_start|>text<|ref_end|><|rotate_up|>
<|box_start|>304 420 717 437<|box_end|><|ref_start|>equation<|ref_end|><|rotate_up|>
<|box_start|>304 440 705 457<|box_end|><|ref_start|>equation<|ref_end|><|rotate_up|>
<|box_start|>298 460 705 476<|box_end|><|ref_start|>equation<|ref_end|><|rotate_up|>
<|box_start|>190 483 436 498<|box_end|><|ref_start|>text<|ref_end|><|rotate_up|>
<|box_start|>166 504 819 521<|box_end|><|ref_start|>text<|ref_end|><|rotate_up|>
<|box_start|>307 526 713 544<|box_end|><|ref_start|>equation<|ref_end|><|rotate_up|>
<|box_start|>307 546 705 615<|box_end|><|ref_start|>equation<|ref_end|><|rotate_up|>
<|box_start|>301 618 597 634<|box_end|><|ref_start|>equation<|ref_end|><|rotate_up|>
<|box_start|>190 640 436 655<|box_end|><|ref_start|>text<|ref_end|><|rotate_up|>
<|box_start|>168 662 820 693<|box_end|><|ref_start|>text<|ref_end|><|rotate_up|>
<|box_start|>297 699 715 735<|box_end|><|ref_start|>equation<|ref_end|><|rotate_up|>
<|box_start|>168 738 822 773<|box_end|><|ref_start|>text<|ref_end|><|rotate_up|>
<|box_start|>168 775 822 807<|box_end|><|ref_start|>text<|ref_end|><|rotate_up|>
2026-08-05 17:43:56.699 | DEBUG    | mineru_vl_utils.mineru_client:parse_layout_output:239 - Layout raw output: 
<|box_start|>453 063 737 077<|box_end|><|ref_start|>header<|ref_end|><|rotate_up|>
<|box_start|>910 062 935 076<|box_end|><|ref_start|>page_number<|ref_end|><|rotate_up|>
<|box_start|>128 156 563 174<|box_end|><|ref_start|>title<|ref_end|><|rotate_up|>
<|box_start|>128 188 737 243<|box_end|><|ref_start|>text<|ref_end|><|rotate_up|>
<|box_start|>151 259 559 278<|box_end|><|ref_start|>equation<|ref_end|><|rotate_up|>
<|box_start|>127 290 737 381<|box_end|><|ref_start|>text<|ref_end|><|rotate_up|>
<|box_start|>150 394 606 414<|box_end|><|ref_start|>equation<|ref_end|><|rotate_up|>
<|box_start|>128 426 737 463<|box_end|><|ref_start|>text<|ref_end|><|rotate_up|>
<|box_start|>151 475 731 495<|box_end|><|ref_start|>equation<|ref_end|><|rotate_up|>
<|box_start|>127 507 737 598<|box_end|><|ref_start|>text<|ref_end|><|rotate_up|>
<|box_start|>150 610 650 630<|box_end|><|ref_start|>equation<|ref_end|><|rotate_up|>
<|box_start|>127 642 737 716<|box_end|><|ref_start|>text<|ref_end|><|rotate_up|>
<|box_start|>150 727 731 746<|box_end|><|ref_start|>equation<|ref_end|><|rotate_up|>
<|box_start|>155 751 207 767<|box_end|><|ref_start|>text<|ref_end|><|rotate_up|>
<|box_start|>094 781 737 837<|box_end|><|ref_start|>text<|ref_end|><|rotate_up|>
<|box_start|>782 162 908 183<|box_end|><|ref_start|>aside_text<|ref_end|><|rotate_up|>
<|box_start|>787 301 902 321<|box_end|><|ref_start|>aside_text<|ref_end|><|rotate_up|>
2026-08-05 17:43:56.699 | DEBUG    | mineru_vl_utils.mineru_client:parse_layout_output:239 - Layout raw output: 
<|box_start|>404 090 588 107<|box_end|><|ref_start|>title<|ref_end|><|rotate_up|>
<|box_start|>148 119 248 134<|box_end|><|ref_start|>text<|ref_end|><|rotate_up|>
<|box_start|>146 147 460 162<|box_end|><|ref_start|>text<|ref_end|><|rotate_up|>
<|box_start|>148 175 248 190<|box_end|><|ref_start|>text<|ref_end|><|rotate_up|>
<|box_start|>148 198 302 213<|box_end|><|ref_start|>text<|ref_end|><|rotate_up|>
<|box_start|>157 223 619 301<|box_end|><|ref_start|>text<|ref_end|><|rotate_up|>
<|box_start|>157 310 763 508<|box_end|><|ref_start|>text<|ref_end|><|rotate_up|>
<|box_start|>157 517 598 564<|box_end|><|ref_start|>text<|ref_end|><|rotate_up|>
<|box_start|>157 573 729 642<|box_end|><|ref_start|>text<|ref_end|><|rotate_up|>
<|box_start|>146 653 848 695<|box_end|><|ref_start|>text<|ref_end|><|rotate_up|>
<|box_start|>146 707 829 738<|box_end|><|ref_start|>text<|ref_end|><|rotate_up|>
<|box_start|>147 747 225 768<|box_end|><|ref_start|>text<|ref_end|><|rotate_up|>
<|box_start|>322 748 399 767<|box_end|><|ref_start|>text<|ref_end|><|rotate_up|>
<|box_start|>498 754 537 767<|box_end|><|ref_start|>text<|ref_end|><|rotate_up|>
<|box_start|>671 754 712 767<|box_end|><|ref_start|>text<|ref_end|><|rotate_up|>
<|box_start|>146 809 734 840<|box_end|><|ref_start|>text<|ref_end|><|rotate_up|>
<|box_start|>490 929 508 939<|box_end|><|ref_start|>page_number<|ref_end|><|rotate_up|>
2026-08-05 17:43:56.700 | DEBUG    | mineru_vl_utils.mineru_client:parse_layout_output:239 - Layout raw output: 
<|box_start|>372 090 621 107<|box_end|><|ref_start|>title<|ref_end|><|rotate_up|>
<|box_start|>148 119 248 134<|box_end|><|ref_start|>text<|ref_end|><|rotate_up|>
<|box_start|>147 146 745 171<|box_end|><|ref_start|>text<|ref_end|><|rotate_up|>
<|box_start|>148 183 517 199<|box_end|><|ref_start|>text<|ref_end|><|rotate_up|>
<|box_start|>146 211 843 260<|box_end|><|ref_start|>text<|ref_end|><|rotate_up|>
<|box_start|>147 276 234 291<|box_end|><|ref_start|>text<|ref_end|><|rotate_up|>
<|box_start|>147 306 513 326<|box_end|><|ref_start|>text<|ref_end|><|rotate_up|>
<|box_start|>147 344 848 393<|box_end|><|ref_start|>text<|ref_end|><|rotate_up|>
<|box_start|>148 406 744 422<|box_end|><|ref_start|>text<|ref_end|><|rotate_up|>
<|box_start|>147 435 848 515<|box_end|><|ref_start|>text<|ref_end|><|rotate_up|>
<|box_start|>147 344 848 515<|box_end|><|ref_start|>list<|ref_end|><|rotate_up|>
<|box_start|>150 526 501 570<|box_end|><|ref_start|>equation<|ref_end|><|rotate_up|>
<|box_start|>148 582 416 597<|box_end|><|ref_start|>text<|ref_end|><|rotate_up|>
<|box_start|>150 614 667 667<|box_end|><|ref_start|>equation<|ref_end|><|rotate_up|>
<|box_start|>147 686 747 706<|box_end|><|ref_start|>text<|ref_end|><|rotate_up|>
<|box_start|>148 752 721 771<|box_end|><|ref_start|>text<|ref_end|><|rotate_up|>
<|box_start|>148 818 804 835<|box_end|><|ref_start|>text<|ref_end|><|rotate_up|>
<|box_start|>490 929 508 939<|box_end|><|ref_start|>page_number<|ref_end|><|rotate_up|>
2026-08-05 17:43:56.700 | DEBUG    | mineru_vl_utils.mineru_client:parse_layout_output:239 - Layout raw output: 
<|box_start|>390 091 600 106<|box_end|><|ref_start|>title<|ref_end|><|rotate_up|>
<|box_start|>148 119 248 134<|box_end|><|ref_start|>text<|ref_end|><|rotate_up|>
<|box_start|>147 147 467 171<|box_end|><|ref_start|>text<|ref_end|><|rotate_up|>
<|box_start|>148 184 248 198<|box_end|><|ref_start|>text<|ref_end|><|rotate_up|>
<|box_start|>149 212 731 255<|box_end|><|ref_start|>text<|ref_end|><|rotate_up|>
<|box_start|>146 269 728 309<|box_end|><|ref_start|>text<|ref_end|><|rotate_up|>
<|box_start|>149 321 695 368<|box_end|><|ref_start|>text<|ref_end|><|rotate_up|>
<|box_start|>149 377 841 533<|box_end|><|ref_start|>text<|ref_end|><|rotate_up|>
<|box_start|>147 545 434 560<|box_end|><|ref_start|>text<|ref_end|><|rotate_up|>
<|box_start|>146 575 816 595<|box_end|><|ref_start|>text<|ref_end|><|rotate_up|>
<|box_start|>149 606 554 660<|box_end|><|ref_start|>text<|ref_end|><|rotate_up|>
<|box_start|>150 664 500 728<|box_end|><|ref_start|>text<|ref_end|><|rotate_up|>
<|box_start|>149 731 430 748<|box_end|><|ref_start|>text<|ref_end|><|rotate_up|>
<|box_start|>550 603 818 752<|box_end|><|ref_start|>image<|ref_end|><|rotate_up|>
<|box_start|>147 758 537 774<|box_end|><|ref_start|>text<|ref_end|><|rotate_up|>
<|box_start|>146 780 677 816<|box_end|><|ref_start|>text<|ref_end|><|rotate_up|>
<|box_start|>490 929 507 939<|box_end|><|ref_start|>page_number<|ref_end|><|rotate_up|>
2026-08-05 17:43:56.701 | DEBUG    | mineru_vl_utils.mineru_client:parse_layout_output:239 - Layout raw output: 
<|box_start|>398 090 592 107<|box_end|><|ref_start|>title<|ref_end|><|rotate_up|>
<|box_start|>148 119 248 134<|box_end|><|ref_start|>text<|ref_end|><|rotate_up|>
<|box_start|>147 148 732 170<|box_end|><|ref_start|>text<|ref_end|><|rotate_up|>
<|box_start|>148 184 248 199<|box_end|><|ref_start|>text<|ref_end|><|rotate_up|>
<|box_start|>147 206 302 221<|box_end|><|ref_start|>text<|ref_end|><|rotate_up|>
<|box_start|>146 232 848 266<|box_end|><|ref_start|>text<|ref_end|><|rotate_up|>
<|box_start|>148 275 775 380<|box_end|><|ref_start|>text<|ref_end|><|rotate_up|>
<|box_start|>146 390 461 406<|box_end|><|ref_start|>text<|ref_end|><|rotate_up|>
<|box_start|>146 415 297 430<|box_end|><|ref_start|>text<|ref_end|><|rotate_up|>
<|box_start|>148 439 831 460<|box_end|><|ref_start|>text<|ref_end|><|rotate_up|>
<|box_start|>148 473 638 508<|box_end|><|ref_start|>text<|ref_end|><|rotate_up|>
<|box_start|>148 518 501 541<|box_end|><|ref_start|>text<|ref_end|><|rotate_up|>
<|box_start|>149 550 798 669<|box_end|><|ref_start|>equation<|ref_end|><|rotate_up|>
<|box_start|>155 679 515 694<|box_end|><|ref_start|>text<|ref_end|><|rotate_up|>
<|box_start|>146 705 731 727<|box_end|><|ref_start|>text<|ref_end|><|rotate_up|>
<|box_start|>146 744 201 761<|box_end|><|ref_start|>text<|ref_end|><|rotate_up|>
<|box_start|>322 744 377 761<|box_end|><|ref_start|>text<|ref_end|><|rotate_up|>
<|box_start|>497 745 537 760<|box_end|><|ref_start|>text<|ref_end|><|rotate_up|>
<|box_start|>671 746 712 760<|box_end|><|ref_start|>text<|ref_end|><|rotate_up|>
<|box_start|>146 807 750 827<|box_end|><|ref_start|>text<|ref_end|><|rotate_up|>
<|box_start|>146 846 191 862<|box_end|><|ref_start|>text<|ref_end|><|rotate_up|>
<|box_start|>322 846 377 863<|box_end|><|ref_start|>text<|ref_end|><|rotate_up|>
<|box_start|>497 848 537 862<|box_end|><|ref_start|>text<|ref_end|><|rotate_up|>
<|box_start|>671 848 714 862<|box_end|><|ref_start|>text<|ref_end|><|rotate_up|>
<|box_start|>487 929 512 940<|box_end|><|ref_start|>page_number<|ref_end|><|rotate_up|>
2026-08-05 17:43:56.701 | DEBUG    | mineru_vl_utils.mineru_client:parse_layout_output:239 - Layout raw output: 
<|box_start|>407 090 584 107<|box_end|><|ref_start|>title<|ref_end|><|rotate_up|>
<|box_start|>148 119 248 134<|box_end|><|ref_start|>title<|ref_end|><|rotate_up|>
<|box_start|>146 147 603 163<|box_end|><|ref_start|>text<|ref_end|><|rotate_up|>
<|box_start|>148 175 248 190<|box_end|><|ref_start|>title<|ref_end|><|rotate_up|>
<|box_start|>146 197 374 212<|box_end|><|ref_start|>text<|ref_end|><|rotate_up|>
<|box_start|>146 221 479 236<|box_end|><|ref_start|>text<|ref_end|><|rotate_up|>
<|box_start|>146 245 834 286<|box_end|><|ref_start|>text<|ref_end|><|rotate_up|>
<|box_start|>146 197 834 286<|box_end|><|ref_start|>list<|ref_end|><|rotate_up|>
<|box_start|>148 297 177 311<|box_end|><|ref_start|>text<|ref_end|><|rotate_up|>
<|box_start|>185 307 791 384<|box_end|><|ref_start|>equation<|ref_end|><|rotate_up|>
<|box_start|>146 393 848 436<|box_end|><|ref_start|>text<|ref_end|><|rotate_up|>
<|box_start|>146 531 848 576<|box_end|><|ref_start|>text<|ref_end|><|rotate_up|>
<|box_start|>146 674 850 724<|box_end|><|ref_start|>text<|ref_end|><|rotate_up|>
<|box_start|>146 795 848 845<|box_end|><|ref_start|>text<|ref_end|><|rotate_up|>
<|box_start|>487 929 511 940<|box_end|><|ref_start|>page_number<|ref_end|><|rotate_up|>
2026-08-05 17:43:56.701 | DEBUG    | mineru_vl_utils.mineru_client:parse_layout_output:239 - Layout raw output: 
<|box_start|>156 123 354 139<|box_end|><|ref_start|>text<|ref_end|><|rotate_up|>
<|box_start|>359 088 583 174<|box_end|><|ref_start|>image<|ref_end|><|rotate_up|>
<|box_start|>148 179 806 250<|box_end|><|ref_start|>text<|ref_end|><|rotate_up|>
<|box_start|>146 256 857 316<|box_end|><|ref_start|>text<|ref_end|><|rotate_up|>
<|box_start|>146 329 384 360<|box_end|><|ref_start|>text<|ref_end|><|rotate_up|>
<|box_start|>149 373 667 501<|box_end|><|ref_start|>equation<|ref_end|><|rotate_up|>
<|box_start|>146 515 785 584<|box_end|><|ref_start|>text<|ref_end|><|rotate_up|>
<|box_start|>146 623 848 678<|box_end|><|ref_start|>text<|ref_end|><|rotate_up|>
<|box_start|>146 745 850 816<|box_end|><|ref_start|>text<|ref_end|><|rotate_up|>
<|box_start|>147 827 226 863<|box_end|><|ref_start|>text<|ref_end|><|rotate_up|>
<|box_start|>322 827 404 862<|box_end|><|ref_start|>text<|ref_end|><|rotate_up|>
<|box_start|>497 827 577 862<|box_end|><|ref_start|>text<|ref_end|><|rotate_up|>
<|box_start|>671 827 745 862<|box_end|><|ref_start|>text<|ref_end|><|rotate_up|>
<|box_start|>487 929 512 940<|box_end|><|ref_start|>page_number<|ref_end|><|rotate_up|>
2026-08-05 17:43:56.702 | DEBUG    | mineru_vl_utils.mineru_client:parse_layout_output:239 - Layout raw output: 
<|box_start|>111 188 451 240<|box_end|><|ref_start|>text<|ref_end|><|rotate_up|>
<|box_start|>233 280 402 330<|box_end|><|ref_start|>equation<|ref_end|><|rotate_up|>
<|box_start|>497 083 862 364<|box_end|><|ref_start|>equation<|ref_end|><|rotate_up|>
<|box_start|>092 357 450 632<|box_end|><|ref_start|>equation<|ref_end|><|rotate_up|>
<|box_start|>160 642 322 690<|box_end|><|ref_start|>text<|ref_end|><|rotate_up|>
<|box_start|>483 376 908 625<|box_end|><|ref_start|>equation<|ref_end|><|rotate_up|>
<|box_start|>582 633 773 682<|box_end|><|ref_start|>text<|ref_end|><|rotate_up|>
<|box_start|>201 723 634 774<|box_end|><|ref_start|>equation<|ref_end|><|rotate_up|>
<|box_start|>264 793 498 842<|box_end|><|ref_start|>text<|ref_end|><|rotate_up|>
<|box_start|>264 849 498 899<|box_end|><|ref_start|>text<|ref_end|><|rotate_up|>
<|box_start|>691 733 899 781<|box_end|><|ref_start|>text<|ref_end|><|rotate_up|>
<|box_start|>688 796 891 846<|box_end|><|ref_start|>text<|ref_end|><|rotate_up|>
2026-08-05 17:43:56.702 | DEBUG    | mineru_vl_utils.mineru_client:parse_layout_output:239 - Layout raw output: 
<|box_start|>088 069 125 084<|box_end|><|ref_start|>text<|ref_end|><|rotate_up|>
<|box_start|>293 069 326 083<|box_end|><|ref_start|>text<|ref_end|><|rotate_up|>
<|box_start|>497 070 532 083<|box_end|><|ref_start|>text<|ref_end|><|rotate_up|>
<|box_start|>702 058 766 083<|box_end|><|ref_start|>text<|ref_end|><|rotate_up|>
<|box_start|>097 103 175 119<|box_end|><|ref_start|>text<|ref_end|><|rotate_up|>
<|box_start|>097 131 152 147<|box_end|><|ref_start|>text<|ref_end|><|rotate_up|>
<|box_start|>095 158 764 175<|box_end|><|ref_start|>text<|ref_end|><|rotate_up|>
<|box_start|>095 185 834 213<|box_end|><|ref_start|>text<|ref_end|><|rotate_up|>
<|box_start|>088 230 688 273<|box_end|><|ref_start|>text<|ref_end|><|rotate_up|>
<|box_start|>086 296 688 323<|box_end|><|ref_start|>text<|ref_end|><|rotate_up|>
<|box_start|>086 343 682 369<|box_end|><|ref_start|>text<|ref_end|><|rotate_up|>
<|box_start|>088 388 691 415<|box_end|><|ref_start|>equation<|ref_end|><|rotate_up|>
<|box_start|>088 430 265 582<|box_end|><|ref_start|>image<|ref_end|><|rotate_up|>
<|box_start|>087 591 158 606<|box_end|><|ref_start|>text<|ref_end|><|rotate_up|>
<|box_start|>086 626 547 645<|box_end|><|ref_start|>title<|ref_end|><|rotate_up|>
<|box_start|>087 669 520 711<|box_end|><|ref_start|>text<|ref_end|><|rotate_up|>
<|box_start|>097 730 172 746<|box_end|><|ref_start|>text<|ref_end|><|rotate_up|>
<|box_start|>097 758 152 774<|box_end|><|ref_start|>text<|ref_end|><|rotate_up|>
<|box_start|>095 792 911 884<|box_end|><|ref_start|>text<|ref_end|><|rotate_up|>
<|box_start|>439 970 559 985<|box_end|><|ref_start|>page_number<|ref_end|><|rotate_up|>
2026-08-05 17:43:56.702 | DEBUG    | mineru_vl_utils.mineru_client:parse_layout_output:239 - Layout raw output: 
<|box_start|>216 120 340 136<|box_end|><|ref_start|>header<|ref_end|><|rotate_up|>
<|box_start|>761 123 781 135<|box_end|><|ref_start|>page_number<|ref_end|><|rotate_up|>
<|box_start|>334 156 667 287<|box_end|><|ref_start|>equation<|ref_end|><|rotate_up|>
<|box_start|>218 292 862 446<|box_end|><|ref_start|>equation_block<|ref_end|><|rotate_up|>
<|box_start|>218 292 862 424<|box_end|><|ref_start|>equation<|ref_end|><|rotate_up|>
<|box_start|>378 429 620 446<|box_end|><|ref_start|>equation<|ref_end|><|rotate_up|>
<|box_start|>217 452 839 584<|box_end|><|ref_start|>text<|ref_end|><|rotate_up|>
<|box_start|>291 594 707 726<|box_end|><|ref_start|>equation<|ref_end|><|rotate_up|>
<|box_start|>215 736 414 751<|box_end|><|ref_start|>text<|ref_end|><|rotate_up|>
<|box_start|>214 767 384 783<|box_end|><|ref_start|>text<|ref_end|><|rotate_up|>
<|box_start|>357 797 640 833<|box_end|><|ref_start|>equation<|ref_end|><|rotate_up|>
.start compile Ascend C operator AddLayerNorm. kernel name is te_addlayernorm_ab0b664b1d59af377188ac56a82fc724b7d13fbeb70788618a32708c6d4abb1b
[2026-08-05 17:44:56] [WARNING] [ascend910b] cube_te In file included from /usr/local/Ascend/cann-9.0.0/opp/built-in/op_impl/ai_core/tbe/impl/ops_nn/dynamic/../ascendc/add_layer_norm/add_layer_norm.cpp:16:
In file included from /usr/local/Ascend/cann-9.0.0/opp/built-in/op_impl/ai_core/tbe/impl/ops_nn/dynamic/../ascendc/add_layer_norm/add_layer_norm_special_kernel.h:19:
In file included from /usr/local/Ascend/cann-9.0.0/opp/built-in/op_impl/ai_core/tbe/impl/ops_nn/dynamic/../ascendc/add_layer_norm/add_layer_norm_base.h:21:
/usr/local/Ascend/cann-9.0.0/aarch64-linux/asc/../tikcpp/tikcfw/impl/dav_c220/kernel_operator_reg_others_impl.h:16:9: warning: impl/basic_api/dav_c220/kernel_operator_reg_others_impl.h is an internal header file and must not be used directly. Functions or variables defined in this file may be removed in the future. Please use "#include "basic_api/kernel_operator_intf.h"" and use public functions or variables defined in interface headers files. [-W#pragma-messages]
#pragma message("impl/basic_api/dav_c220/kernel_operator_reg_others_impl.h is an internal header file and must not be used directly. Functions or variables defined in this file may be removed in the future. Please use \"#include \"basic_api/kernel_operator_intf.h\"\" and use public functions or variables defined in interface headers files.")
        ^
1 warning generated.

[2026-08-05 17:44:56] [WARNING] [ascend910b] vec_te In file included from /usr/local/Ascend/cann-9.0.0/opp/built-in/op_impl/ai_core/tbe/impl/ops_nn/dynamic/../ascendc/add_layer_norm/add_layer_norm.cpp:16:
In file included from /usr/local/Ascend/cann-9.0.0/opp/built-in/op_impl/ai_core/tbe/impl/ops_nn/dynamic/../ascendc/add_layer_norm/add_layer_norm_special_kernel.h:19:
In file included from /usr/local/Ascend/cann-9.0.0/opp/built-in/op_impl/ai_core/tbe/impl/ops_nn/dynamic/../ascendc/add_layer_norm/add_layer_norm_base.h:21:
/usr/local/Ascend/cann-9.0.0/aarch64-linux/asc/../tikcpp/tikcfw/impl/dav_c220/kernel_operator_reg_others_impl.h:16:9: warning: impl/basic_api/dav_c220/kernel_operator_reg_others_impl.h is an internal header file and must not be used directly. Functions or variables defined in this file may be removed in the future. Please use "#include "basic_api/kernel_operator_intf.h"" and use public functions or variables defined in interface headers files. [-W#pragma-messages]
#pragma message("impl/basic_api/dav_c220/kernel_operator_reg_others_impl.h is an internal header file and must not be used directly. Functions or variables defined in this file may be removed in the future. Please use \"#include \"basic_api/kernel_operator_intf.h\"\" and use public functions or variables defined in interface headers files.")
        ^
1 warning generated.

[2026-08-05 17:45:03] [WARNING] [ascend910b] 0_te In file included from /usr/local/Ascend/cann-9.0.0/opp/built-in/op_impl/ai_core/tbe/impl/ops_nn/dynamic/../ascendc/add_layer_norm/add_layer_norm.cpp:16:
In file included from /usr/local/Ascend/cann-9.0.0/opp/built-in/op_impl/ai_core/tbe/impl/ops_nn/dynamic/../ascendc/add_layer_norm/add_layer_norm_special_kernel.h:19:
In file included from /usr/local/Ascend/cann-9.0.0/opp/built-in/op_impl/ai_core/tbe/impl/ops_nn/dynamic/../ascendc/add_layer_norm/add_layer_norm_base.h:21:
/usr/local/Ascend/cann-9.0.0/aarch64-linux/asc/../tikcpp/tikcfw/impl/dav_c220/kernel_operator_reg_others_impl.h:16:9: warning: impl/basic_api/dav_c220/kernel_operator_reg_others_impl.h is an internal header file and must not be used directly. Functions or variables defined in this file may be removed in the future. Please use "#include "basic_api/kernel_operator_intf.h"" and use public functions or variables defined in interface headers files. [-W#pragma-messages]
#pragma message("impl/basic_api/dav_c220/kernel_operator_reg_others_impl.h is an internal header file and must not be used directly. Functions or variables defined in this file may be removed in the future. Please use \"#include \"basic_api/kernel_operator_intf.h\"\" and use public functions or variables defined in interface headers files.")
        ^
1 warning generated.

.[2026-08-05 17:45:06] [WARNING] [ascend910b] 0_te In file included from /usr/local/Ascend/cann-9.0.0/opp/built-in/op_impl/ai_core/tbe/impl/ops_nn/dynamic/../ascendc/add_layer_norm/add_layer_norm.cpp:16:
In file included from /usr/local/Ascend/cann-9.0.0/opp/built-in/op_impl/ai_core/tbe/impl/ops_nn/dynamic/../ascendc/add_layer_norm/add_layer_norm_special_kernel.h:19:
In file included from /usr/local/Ascend/cann-9.0.0/opp/built-in/op_impl/ai_core/tbe/impl/ops_nn/dynamic/../ascendc/add_layer_norm/add_layer_norm_base.h:21:
/usr/local/Ascend/cann-9.0.0/aarch64-linux/asc/../tikcpp/tikcfw/impl/dav_c220/kernel_operator_reg_others_impl.h:16:9: warning: impl/basic_api/dav_c220/kernel_operator_reg_others_impl.h is an internal header file and must not be used directly. Functions or variables defined in this file may be removed in the future. Please use "#include "basic_api/kernel_operator_intf.h"" and use public functions or variables defined in interface headers files. [-W#pragma-messages]
#pragma message("impl/basic_api/dav_c220/kernel_operator_reg_others_impl.h is an internal header file and must not be used directly. Functions or variables defined in this file may be removed in the future. Please use \"#include \"basic_api/kernel_operator_intf.h\"\" and use public functions or variables defined in interface headers files.")
        ^
1 warning generated.

[2026-08-05 17:45:10] [WARNING] [ascend910b] ab0b664b1d59af377188ac56a82fc724b7d13fbeb70788618a32708c6d4abb1b_te In file included from /workspace/repos/paddle_ocr_vl_npu/kernel_meta/kernel_meta_8476981465312688615/kernel_meta/te_addlayernorm_ab0b664b1d59af377188ac56a82fc724b7d13fbeb70788618a32708c6d4abb1b_2874214_kernel.cpp:6:
In file included from /usr/local/Ascend/cann-9.0.0/opp/built-in/op_impl/ai_core/tbe/impl/ops_nn/dynamic/../ascendc/add_layer_norm/add_layer_norm.cpp:16:
In file included from /usr/local/Ascend/cann-9.0.0/opp/built-in/op_impl/ai_core/tbe/impl/ops_nn/dynamic/../ascendc/add_layer_norm/add_layer_norm_special_kernel.h:19:
In file included from /usr/local/Ascend/cann-9.0.0/opp/built-in/op_impl/ai_core/tbe/impl/ops_nn/dynamic/../ascendc/add_layer_norm/add_layer_norm_base.h:21:
/usr/local/Ascend/cann-9.0.0/aarch64-linux/asc/../tikcpp/tikcfw/impl/dav_c220/kernel_operator_reg_others_impl.h:16:9: warning: impl/basic_api/dav_c220/kernel_operator_reg_others_impl.h is an internal header file and must not be used directly. Functions or variables defined in this file may be removed in the future. Please use "#include "basic_api/kernel_operator_intf.h"" and use public functions or variables defined in interface headers files. [-W#pragma-messages]
#pragma message("impl/basic_api/dav_c220/kernel_operator_reg_others_impl.h is an internal header file and must not be used directly. Functions or variables defined in this file may be removed in the future. Please use \"#include \"basic_api/kernel_operator_intf.h\"\" and use public functions or variables defined in interface headers files.")
        ^
1 warning generated.

.start compile Ascend C operator MatMulV3. kernel name is te_matmulv3_32b4f001d16c7b1ef180fc483e3b670e8983d0b4b31f1bc83f252cdb72f773bb
start compile Ascend C operator AddLayerNorm. kernel name is te_addlayernorm_eeda9c4caf2f1d1a7eb7eda640c619b5c2ba5748256bcb037703f84d3e1158b3
[2026-08-05 17:46:11] [WARNING] [ascend910b] cube_te In file included from /usr/local/Ascend/cann-9.0.0/opp/built-in/op_impl/ai_core/tbe/impl/ops_nn/dynamic/../ascendc/add_layer_norm/add_layer_norm.cpp:16:
In file included from /usr/local/Ascend/cann-9.0.0/opp/built-in/op_impl/ai_core/tbe/impl/ops_nn/dynamic/../ascendc/add_layer_norm/add_layer_norm_special_kernel.h:19:
In file included from /usr/local/Ascend/cann-9.0.0/opp/built-in/op_impl/ai_core/tbe/impl/ops_nn/dynamic/../ascendc/add_layer_norm/add_layer_norm_base.h:21:
/usr/local/Ascend/cann-9.0.0/aarch64-linux/asc/../tikcpp/tikcfw/impl/dav_c220/kernel_operator_reg_others_impl.h:16:9: warning: impl/basic_api/dav_c220/kernel_operator_reg_others_impl.h is an internal header file and must not be used directly. Functions or variables defined in this file may be removed in the future. Please use "#include "basic_api/kernel_operator_intf.h"" and use public functions or variables defined in interface headers files. [-W#pragma-messages]
#pragma message("impl/basic_api/dav_c220/kernel_operator_reg_others_impl.h is an internal header file and must not be used directly. Functions or variables defined in this file may be removed in the future. Please use \"#include \"basic_api/kernel_operator_intf.h\"\" and use public functions or variables defined in interface headers files.")
        ^
1 warning generated.

[2026-08-05 17:46:11] [WARNING] [ascend910b] vec_te In file included from /usr/local/Ascend/cann-9.0.0/opp/built-in/op_impl/ai_core/tbe/impl/ops_nn/dynamic/../ascendc/add_layer_norm/add_layer_norm.cpp:16:
In file included from /usr/local/Ascend/cann-9.0.0/opp/built-in/op_impl/ai_core/tbe/impl/ops_nn/dynamic/../ascendc/add_layer_norm/add_layer_norm_special_kernel.h:19:
In file included from /usr/local/Ascend/cann-9.0.0/opp/built-in/op_impl/ai_core/tbe/impl/ops_nn/dynamic/../ascendc/add_layer_norm/add_layer_norm_base.h:21:
/usr/local/Ascend/cann-9.0.0/aarch64-linux/asc/../tikcpp/tikcfw/impl/dav_c220/kernel_operator_reg_others_impl.h:16:9: warning: impl/basic_api/dav_c220/kernel_operator_reg_others_impl.h is an internal header file and must not be used directly. Functions or variables defined in this file may be removed in the future. Please use "#include "basic_api/kernel_operator_intf.h"" and use public functions or variables defined in interface headers files. [-W#pragma-messages]
#pragma message("impl/basic_api/dav_c220/kernel_operator_reg_others_impl.h is an internal header file and must not be used directly. Functions or variables defined in this file may be removed in the future. Please use \"#include \"basic_api/kernel_operator_intf.h\"\" and use public functions or variables defined in interface headers files.")
        ^
1 warning generated.

[2026-08-05 17:46:17] [WARNING] [ascend910b] 0_te In file included from /usr/local/Ascend/cann-9.0.0/opp/built-in/op_impl/ai_core/tbe/impl/ops_nn/dynamic/../ascendc/add_layer_norm/add_layer_norm.cpp:16:
In file included from /usr/local/Ascend/cann-9.0.0/opp/built-in/op_impl/ai_core/tbe/impl/ops_nn/dynamic/../ascendc/add_layer_norm/add_layer_norm_special_kernel.h:19:
In file included from /usr/local/Ascend/cann-9.0.0/opp/built-in/op_impl/ai_core/tbe/impl/ops_nn/dynamic/../ascendc/add_layer_norm/add_layer_norm_base.h:21:
/usr/local/Ascend/cann-9.0.0/aarch64-linux/asc/../tikcpp/tikcfw/impl/dav_c220/kernel_operator_reg_others_impl.h:16:9: warning: impl/basic_api/dav_c220/kernel_operator_reg_others_impl.h is an internal header file and must not be used directly. Functions or variables defined in this file may be removed in the future. Please use "#include "basic_api/kernel_operator_intf.h"" and use public functions or variables defined in interface headers files. [-W#pragma-messages]
#pragma message("impl/basic_api/dav_c220/kernel_operator_reg_others_impl.h is an internal header file and must not be used directly. Functions or variables defined in this file may be removed in the future. Please use \"#include \"basic_api/kernel_operator_intf.h\"\" and use public functions or variables defined in interface headers files.")
        ^
1 warning generated.

.[2026-08-05 17:46:21] [WARNING] [ascend910b] 0_te In file included from /usr/local/Ascend/cann-9.0.0/opp/built-in/op_impl/ai_core/tbe/impl/ops_nn/dynamic/../ascendc/add_layer_norm/add_layer_norm.cpp:16:
In file included from /usr/local/Ascend/cann-9.0.0/opp/built-in/op_impl/ai_core/tbe/impl/ops_nn/dynamic/../ascendc/add_layer_norm/add_layer_norm_special_kernel.h:19:
In file included from /usr/local/Ascend/cann-9.0.0/opp/built-in/op_impl/ai_core/tbe/impl/ops_nn/dynamic/../ascendc/add_layer_norm/add_layer_norm_base.h:21:
/usr/local/Ascend/cann-9.0.0/aarch64-linux/asc/../tikcpp/tikcfw/impl/dav_c220/kernel_operator_reg_others_impl.h:16:9: warning: impl/basic_api/dav_c220/kernel_operator_reg_others_impl.h is an internal header file and must not be used directly. Functions or variables defined in this file may be removed in the future. Please use "#include "basic_api/kernel_operator_intf.h"" and use public functions or variables defined in interface headers files. [-W#pragma-messages]
#pragma message("impl/basic_api/dav_c220/kernel_operator_reg_others_impl.h is an internal header file and must not be used directly. Functions or variables defined in this file may be removed in the future. Please use \"#include \"basic_api/kernel_operator_intf.h\"\" and use public functions or variables defined in interface headers files.")
        ^
1 warning generated.

[2026-08-05 17:46:25] [WARNING] [ascend910b] eeda9c4caf2f1d1a7eb7eda640c619b5c2ba5748256bcb037703f84d3e1158b3_te In file included from /workspace/repos/paddle_ocr_vl_npu/kernel_meta/kernel_meta_8476981465312688615/kernel_meta/te_addlayernorm_eeda9c4caf2f1d1a7eb7eda640c619b5c2ba5748256bcb037703f84d3e1158b3_2874209_kernel.cpp:6:
In file included from /usr/local/Ascend/cann-9.0.0/opp/built-in/op_impl/ai_core/tbe/impl/ops_nn/dynamic/../ascendc/add_layer_norm/add_layer_norm.cpp:16:
In file included from /usr/local/Ascend/cann-9.0.0/opp/built-in/op_impl/ai_core/tbe/impl/ops_nn/dynamic/../ascendc/add_layer_norm/add_layer_norm_special_kernel.h:19:
In file included from /usr/local/Ascend/cann-9.0.0/opp/built-in/op_impl/ai_core/tbe/impl/ops_nn/dynamic/../ascendc/add_layer_norm/add_layer_norm_base.h:21:
/usr/local/Ascend/cann-9.0.0/aarch64-linux/asc/../tikcpp/tikcfw/impl/dav_c220/kernel_operator_reg_others_impl.h:16:9: warning: impl/basic_api/dav_c220/kernel_operator_reg_others_impl.h is an internal header file and must not be used directly. Functions or variables defined in this file may be removed in the future. Please use "#include "basic_api/kernel_operator_intf.h"" and use public functions or variables defined in interface headers files. [-W#pragma-messages]
#pragma message("impl/basic_api/dav_c220/kernel_operator_reg_others_impl.h is an internal header file and must not be used directly. Functions or variables defined in this file may be removed in the future. Please use \"#include \"basic_api/kernel_operator_intf.h\"\" and use public functions or variables defined in interface headers files.")
        ^
1 warning generated.

[group 1/1] DONE pages=32 elapsed_s=218.704 pages_per_s=0.14632 eta_s=0.0
[summary] {"schema_version": 1, "created_at": "2026-08-05T17:43:16.110050+00:00", "git_commit": "9d68ddb47a2996447650de729d9fde5dcdd2f429", "backend": "official_mineru_local-continuous-client", "model": "/workspace/models/MinerU2.5-Pro-2605-1.2B", "dataset_json": "/workspace/datasets/OmniDocBench/OmniDocBench.json", "images_dir": "/workspace/datasets/OmniDocBench/images", "model_hashes": {"config.json": "22097df08750242647a513043636a8dff16820a09757e9271e220bdea378df28"}, "torch": "2.10.0+cpu", "torch_npu": "2.10.0", "transformers": "5.5.4", "mineru_vl_utils": "1.0.5", "dtype": "float16", "attention": "prompt_flash_attention-torchair-prefill-torchair-static-decode", "processor_fast": true, "npu_jit_compile": false, "image_analysis": false, "batch_size": 8, "page_batch_size": 32, "local_compiled_cache_length": 4096, "local_prepare_prefetch_depth": 16, "local_prefill_metrics": true, "local_vision_attention": "prompt_flash_attention", "local_vision_backend": "torchair", "local_vision_buckets": "384,512,768,1024,1536,2048,3072,4224,5632", "local_vision_torchair_cache_dir": ".runtime_cache/11_mineru_2_5_pro_inference/vision_prefill_b1_fp16_9511b2e", "local_torchair_cache_dir": ".runtime_cache/11_mineru_2_5_pro_inference/native_fixed_b8_k4096_fp16", "vllm_enforce_eager": null, "vllm_gpu_memory_utilization": null, "vllm_max_model_len": null, "vllm_max_num_seqs": null, "vllm_max_num_batched_tokens": null, "vllm_full_decode_only": null, "vllm_cudagraph_capture_sizes": null, "vllm_force_tied_embeddings": false, "vllm_raw_multimodal_prompts": false, "offset": 0, "limit": 32, "shard_count": 1, "shard_index": 0, "selected_pages": 32, "shard_pages": 32, "setup_s": 16.36899424204603, "ascend_rt_visible_devices": "7", "pipeline_wall_s": 218.7578872530721, "completed": 32, "skipped": 0, "failed": 0, "measured_page_mean_s": null, "measured_pages_per_s": null, "measured_group_count": 1, "measured_group_wall_s": 218.7040286869742, "measured_group_pages_per_s": 0.1463164633597163, "local_compiled_vision": {"backend": "torchair", "boundary": "32_vision_transformer_blocks", "batch_size": 1, "attention": "prompt_flash_attention", "mask_sparse_mode": 1, "padding": "bucket", "buckets": [384, 512, 768, 1024, 1536, 2048, 3072, 4224, 5632], "overflow": "eager_unpadded", "route_counts": {"5632": 32, "384": 387, "1024": 42, "512": 55, "1536": 23, "768": 41, "2048": 8, "4224": 1, "3072": 3}, "real_tokens": 437836, "physical_tokens": 496640, "useful_token_fraction": 0.8815963273195876, "compile_records": {"5632": {"compile_wrapper_s": 0.00010981201194226742, "first_call_s": 0.7606184780597687, "cache_dir": "/workspace/repos/paddle_ocr_vl_npu/.runtime_cache/11_mineru_2_5_pro_inference/vision_prefill_b1_fp16_9511b2e/mineru_vision_blocks_promptfa_mask_sparse1_bs1_seq5632_dtypefloat16_model22097df08750_torch2.10.0+cpu_torchnpu2.10.0_src2910a67c2383"}, "384": {"compile_wrapper_s": 0.00011865189298987389, "first_call_s": 0.6864743770565838, "cache_dir": "/workspace/repos/paddle_ocr_vl_npu/.runtime_cache/11_mineru_2_5_pro_inference/vision_prefill_b1_fp16_9511b2e/mineru_vision_blocks_promptfa_mask_sparse1_bs1_seq384_dtypefloat16_model22097df08750_torch2.10.0+cpu_torchnpu2.10.0_src2910a67c2383"}, "1024": {"compile_wrapper_s": 8.934107609093189e-05, "first_call_s": 0.6629833781626076, "cache_dir": "/workspace/repos/paddle_ocr_vl_npu/.runtime_cache/11_mineru_2_5_pro_inference/vision_prefill_b1_fp16_9511b2e/mineru_vision_blocks_promptfa_mask_sparse1_bs1_seq1024_dtypefloat16_model22097df08750_torch2.10.0+cpu_torchnpu2.10.0_src2910a67c2383"}, "512": {"compile_wrapper_s": 8.681113831698895e-05, "first_call_s": 0.6591208321042359, "cache_dir": "/workspace/repos/paddle_ocr_vl_npu/.runtime_cache/11_mineru_2_5_pro_inference/vision_prefill_b1_fp16_9511b2e/mineru_vision_blocks_promptfa_mask_sparse1_bs1_seq512_dtypefloat16_model22097df08750_torch2.10.0+cpu_torchnpu2.10.0_src2910a67c2383"}, "1536": {"compile_wrapper_s": 8.519110269844532e-05, "first_call_s": 0.6739725440274924, "cache_dir": "/workspace/repos/paddle_ocr_vl_npu/.runtime_cache/11_mineru_2_5_pro_inference/vision_prefill_b1_fp16_9511b2e/mineru_vision_blocks_promptfa_mask_sparse1_bs1_seq1536_dtypefloat16_model22097df08750_torch2.10.0+cpu_torchnpu2.10.0_src2910a67c2383"}, "768": {"compile_wrapper_s": 0.00011654198169708252, "first_call_s": 0.6612153870519251, "cache_dir": "/workspace/repos/paddle_ocr_vl_npu/.runtime_cache/11_mineru_2_5_pro_inference/vision_prefill_b1_fp16_9511b2e/mineru_vision_blocks_promptfa_mask_sparse1_bs1_seq768_dtypefloat16_model22097df08750_torch2.10.0+cpu_torchnpu2.10.0_src2910a67c2383"}, "2048": {"compile_wrapper_s": 0.0001233820803463459, "first_call_s": 0.680552776902914, "cache_dir": "/workspace/repos/paddle_ocr_vl_npu/.runtime_cache/11_mineru_2_5_pro_inference/vision_prefill_b1_fp16_9511b2e/mineru_vision_blocks_promptfa_mask_sparse1_bs1_seq2048_dtypefloat16_model22097df08750_torch2.10.0+cpu_torchnpu2.10.0_src2910a67c2383"}, "4224": {"compile_wrapper_s": 0.00015345285646617413, "first_call_s": 40.54746014182456, "cache_dir": "/workspace/repos/paddle_ocr_vl_npu/.runtime_cache/11_mineru_2_5_pro_inference/vision_prefill_b1_fp16_9511b2e/mineru_vision_blocks_promptfa_mask_sparse1_bs1_seq4224_dtypefloat16_model22097df08750_torch2.10.0+cpu_torchnpu2.10.0_src2910a67c2383"}, "3072": {"compile_wrapper_s": 0.00012983288615942, "first_call_s": 40.38520906493068, "cache_dir": "/workspace/repos/paddle_ocr_vl_npu/.runtime_cache/11_mineru_2_5_pro_inference/vision_prefill_b1_fp16_9511b2e/mineru_vision_blocks_promptfa_mask_sparse1_bs1_seq3072_dtypefloat16_model22097df08750_torch2.10.0+cpu_torchnpu2.10.0_src2910a67c2383"}}}, "local_compiled_generation": {"calls": 2, "decode_calls": 43773, "raw_decode_token_slots": 49408, "active_decode_token_slots": 43773, "idle_decode_token_slots": 5635, "active_slot_fraction": 0.8859496437823834, "refill_count": 592, "prepare_prefetch_depth": 16, "cpu_prepare_worker_s": 21.364418065175414, "cpu_prepare_wait_s": 0.2681359746493399, "request_h2d_submit_s": 8.703851831611246, "decode_s": 61.77563787950203, "decode_tok_s": 708.5802996544121, "raw_decode_tok_s": 799.7974880708472, "prefill_s": 138.13888405426405, "generation_wall_s": 212.63241175585426, "compile_wrapper_s": 0, "compiled_first_call_s": 0, "prefill_metrics": {"request_count": 592, "raw_vision_tokens": 437836, "merged_vision_tokens": 109459, "text_prefill_tokens": 124259, "token_embedding": 0.1532315999269485, "vision_patch_embed": 9.532491948366165, "vision_position_prepare": 1.0281772234439854, "vision_transformer_blocks": 97.38253731822974, "vision_merger": 0.20499635991454118, "vision_tower_and_merger": 108.26837951850887, "image_embed_scatter": 0.19290002034604553, "mrope_prepare": 1.557211339592935, "text_transformer_prefill": 26.941540206909185, "prefill_lm_head": 0.19775836019217982, "raw_vision_tok_s": 4043.987745518537, "merged_vision_tok_s": 1010.9969363796342, "text_prefill_tok_s": 4612.1713549299475}, "prefill_calls": [{"call_index": 0, "request_count": 32, "prefill_s": 13.667772812070325, "prefill_metrics": {"request_count": 32, "raw_vision_tokens": 175232, "merged_vision_tokens": 43808, "text_prefill_tokens": 44608, "token_embedding": 0.01913609983026981, "vision_patch_embed": 6.994865787506104, "vision_position_prepare": 0.175323603630066, "vision_transformer_blocks": 4.569701721191407, "vision_merger": 0.12147047954797745, "vision_tower_and_merger": 11.867680130004885, "image_embed_scatter": 0.037514900147914886, "mrope_prepare": 0.11441653847694394, "text_transformer_prefill": 1.5535667572021483, "prefill_lm_head": 0.014799300074577332}}, {"call_index": 1, "request_count": 560, "prefill_s": 124.47111124219373, "prefill_metrics": {"request_count": 560, "raw_vision_tokens": 262604, "merged_vision_tokens": 65651, "text_prefill_tokens": 79651, "token_embedding": 0.13409550009667867, "vision_patch_embed": 2.53762616086006, "vision_position_prepare": 0.8528536198139194, "vision_transformer_blocks": 92.81283559703833, "vision_merger": 0.08352588036656372, "vision_tower_and_merger": 96.40069938850398, "image_embed_scatter": 0.15538512019813064, "mrope_prepare": 1.442794801115991, "text_transformer_prefill": 25.387973449707037, "prefill_lm_head": 0.1829590601176025}}]}}
