OCR API ready worker_pid=118996; preparing table crops in RAM
Frozen ALL cohort: 665 tables (121 LaTeX, 544 non-LaTeX)
Scheduled 100 Poisson arrivals at 6 QPS; request limit=100; last scheduled arrival at 16.852s; HTTP endpoint=http://127.0.0.1:8767/v1/ocr
Writing each completion to tmp/19_table_ocr_serving/logging_20260913/detailed/b8/measured/results/results.jsonl
[   0.025s] SEND #00001 table=page_000287_table_box_id_8 lag=   1.2ms active=1
[   0.339s] SEND #00002 table=page_001367_table_51 lag=   1.4ms active=2
[   0.580s] SEND #00003 table=page_000236_table_box_id_1 lag=   2.3ms active=3
[   0.628s] SEND #00004 table=page_000634_table_11 lag=   1.1ms active=4
[   0.742s] SEND #00005 table=page_000272_table_box_id_1 lag=   1.2ms active=5
[   0.843s] SEND #00006 table=page_001172_table_16 lag=   2.3ms active=6
[   1.017s] SEND #00007 table=page_001137_table_2 lag=   0.7ms active=7
[   1.276s] SEND #00008 table=page_001150_table_box_id_9 lag=   1.0ms active=8
[   1.289s] RECV #00003 table=page_000236_table_box_id_1 request= 0.709s scheduled= 0.712s status=ok active=7
[   1.292s] SEND #00009 table=page_000920_table_8 lag=   0.2ms active=8
[   1.297s] SEND #00010 table=page_000524_table_0 lag=   0.9ms active=9
[   1.512s] RECV #00002 table=page_001367_table_51 request= 1.173s scheduled= 1.175s status=ok active=8
[   1.599s] SEND #00011 table=page_000256_table_box_id_8 lag=   1.0ms active=9
[   1.613s] RECV #00006 table=page_001172_table_16 request= 0.770s scheduled= 0.773s status=ok active=8
[   1.693s] SEND #00012 table=page_001166_table_9 lag=   0.5ms active=9
[   1.808s] RECV #00009 table=page_000920_table_8 request= 0.516s scheduled= 0.516s status=ok active=8
[   1.866s] RECV #00004 table=page_000634_table_11 request= 1.238s scheduled= 1.239s status=ok active=7
[   1.933s] SEND #00013 table=page_000211_table_box_id_3 lag=   1.0ms active=8
[   1.933s] SEND #00014 table=page_000933_table_10 lag=   1.0ms active=9
[   2.030s] SEND #00015 table=page_001129_table_8 lag=   0.3ms active=10
[   2.118s] RECV #00011 table=page_000256_table_box_id_8 request= 0.519s scheduled= 0.520s status=ok active=9
[   2.205s] RECV #00012 table=page_001166_table_9 request= 0.513s scheduled= 0.513s status=ok active=8
[   2.244s] SEND #00016 table=page_001375_table_7 lag=   0.6ms active=9
[   2.288s] SEND #00017 table=page_000106_table_box_id_2 lag=   1.4ms active=10
[   2.295s] RECV #00014 table=page_000933_table_10 request= 0.362s scheduled= 0.363s status=ok active=9
[   2.296s] RECV #00008 table=page_001150_table_box_id_9 request= 1.019s scheduled= 1.020s status=ok active=8
[   2.592s] RECV #00016 table=page_001375_table_7 request= 0.348s scheduled= 0.349s status=ok active=7
[   2.606s] RECV #00007 table=page_001137_table_2 request= 1.589s scheduled= 1.590s status=ok active=6
[   2.772s] SEND #00018 table=page_001134_table_10 lag=   0.8ms active=7
[   2.928s] RECV #00010 table=page_000524_table_0 request= 1.630s scheduled= 1.631s status=ok active=6
[   2.966s] RECV #00013 table=page_000211_table_box_id_3 request= 1.033s scheduled= 1.034s status=ok active=5
[   3.100s] RECV #00017 table=page_000106_table_box_id_2 request= 0.812s scheduled= 0.813s status=ok active=4
[   3.157s] SEND #00019 table=page_000642_table_8 lag=   0.4ms active=5
[   3.163s] SEND #00020 table=page_000564_table_7 lag=   1.0ms active=6
[   3.167s] SEND #00021 table=page_001368_table_box_id_242 lag=   0.4ms active=7
[   3.297s] SEND #00022 table=page_000263_table_box_id_7 lag=   0.3ms active=8
[   3.656s] RECV #00021 table=page_001368_table_box_id_242 request= 0.489s scheduled= 0.489s status=ok active=7
[   3.728s] RECV #00020 table=page_000564_table_7 request= 0.565s scheduled= 0.566s status=ok active=6
[   3.763s] SEND #00023 table=page_000746_table_18 lag=   0.3ms active=7
[   3.835s] RECV #00015 table=page_001129_table_8 request= 1.805s scheduled= 1.805s status=ok active=6
[   3.844s] SEND #00024 table=page_000213_table_box_id_5 lag=   1.4ms active=7
[   3.884s] SEND #00025 table=page_000206_table_box_id_1 lag=   0.7ms active=8
[   3.975s] SEND #00026 table=page_000209_table_box_id_1 lag=   0.3ms active=9
[   3.980s] SEND #00027 table=page_001216_table_2 lag=   0.2ms active=10
[   4.022s] SEND #00028 table=page_000188_table_box_id_6 lag=   0.2ms active=11
[   4.118s] SEND #00029 table=page_000921_table_9 lag=   0.8ms active=12
[   4.233s] SEND #00030 table=page_000533_table_8 lag=   0.8ms active=13
[   4.276s] SEND #00031 table=page_001123_table_14 lag=   0.3ms active=14
[   4.320s] SEND #00032 table=page_001503_table_5 lag=   0.3ms active=15
[   4.353s] RECV #00018 table=page_001134_table_10 request= 1.581s scheduled= 1.582s status=ok active=14
[   4.362s] SEND #00033 table=page_001197_table_5 lag=   0.6ms active=15
[   4.464s] SEND #00034 table=page_000542_table_0 lag=   1.0ms active=16
[   4.521s] SEND #00035 table=page_001130_table_1 lag=   0.7ms active=17
[   4.525s] SEND #00036 table=page_001595_table_box_id_9 lag=   0.8ms active=18
[   4.538s] RECV #00001 table=page_000287_table_box_id_8 request= 4.513s scheduled= 4.514s status=ok active=17
[   4.650s] RECV #00025 table=page_000206_table_box_id_1 request= 0.766s scheduled= 0.767s status=ok active=16
[   4.759s] RECV #00026 table=page_000209_table_box_id_1 request= 0.784s scheduled= 0.784s status=ok active=15
[   4.828s] SEND #00037 table=page_001233_table_6 lag=   0.7ms active=16
[   4.850s] RECV #00024 table=page_000213_table_box_id_5 request= 1.006s scheduled= 1.008s status=ok active=15
[   4.963s] SEND #00038 table=page_000585_table_1 lag=   0.3ms active=16
[   4.998s] RECV #00019 table=page_000642_table_8 request= 1.840s scheduled= 1.841s status=ok active=15
[   5.045s] RECV #00028 table=page_000188_table_box_id_6 request= 1.023s scheduled= 1.023s status=ok active=14
[   5.107s] RECV #00029 table=page_000921_table_9 request= 0.988s scheduled= 0.989s status=ok active=13
[   5.135s] SEND #00039 table=page_000821_table_box_id_26 lag=   1.1ms active=14
[   5.169s] SEND #00040 table=page_000566_table_3 lag=   0.5ms active=15
[   5.205s] RECV #00032 table=page_001503_table_5 request= 0.885s scheduled= 0.886s status=ok active=14
[   5.300s] RECV #00023 table=page_000746_table_18 request= 1.537s scheduled= 1.537s status=ok active=13
[   5.400s] RECV #00030 table=page_000533_table_8 request= 1.167s scheduled= 1.168s status=ok active=12
[   5.454s] RECV #00035 table=page_001130_table_1 request= 0.932s scheduled= 0.933s status=ok active=11
[   5.547s] RECV #00036 table=page_001595_table_box_id_9 request= 1.022s scheduled= 1.023s status=ok active=10
[   5.663s] RECV #00031 table=page_001123_table_14 request= 1.386s scheduled= 1.387s status=ok active=9
[   5.757s] RECV #00039 table=page_000821_table_box_id_26 request= 0.622s scheduled= 0.623s status=ok active=8
[   5.947s] RECV #00027 table=page_001216_table_2 request= 1.967s scheduled= 1.968s status=ok active=7
[   5.985s] SEND #00041 table=page_000534_table_4 lag=   0.3ms active=8
[   6.182s] RECV #00034 table=page_000542_table_0 request= 1.718s scheduled= 1.719s status=ok active=7
[   6.287s] RECV #00037 table=page_001233_table_6 request= 1.460s scheduled= 1.460s status=ok active=6
[   6.313s] SEND #00042 table=page_001141_table_13 lag=   0.7ms active=7
[   6.335s] SEND #00043 table=page_000665_table_3 lag=   0.9ms active=8
[   6.401s] SEND #00044 table=page_001417_table_2 lag=   0.2ms active=9
[   6.408s] RECV #00043 table=page_000665_table_3 request= 0.073s scheduled= 0.074s status=ok active=8
[   6.537s] RECV #00044 table=page_001417_table_2 request= 0.135s scheduled= 0.136s status=ok active=7
[   6.595s] RECV #00038 table=page_000585_table_1 request= 1.632s scheduled= 1.632s status=ok active=6
[   6.614s] SEND #00045 table=page_001117_table_box_id_7 lag=   0.2ms active=7
[   6.724s] RECV #00041 table=page_000534_table_4 request= 0.739s scheduled= 0.740s status=ok active=6
[   6.727s] RECV #00040 table=page_000566_table_3 request= 1.558s scheduled= 1.558s status=ok active=5
[   6.821s] RECV #00033 table=page_001197_table_5 request= 2.460s scheduled= 2.460s status=ok active=4
[   6.821s] SEND #00046 table=page_001270_table_box_id_1 lag=   0.3ms active=5
[   6.861s] RECV #00045 table=page_001117_table_box_id_7 request= 0.247s scheduled= 0.247s status=ok active=4
[   7.002s] RECV #00042 table=page_001141_table_13 request= 0.689s scheduled= 0.689s status=ok active=3
[   7.163s] RECV #00022 table=page_000263_table_box_id_7 request= 3.867s scheduled= 3.867s status=ok active=2
[   7.281s] SEND #00047 table=page_000261_table_box_id_3 lag=   0.6ms active=3
[   7.373s] SEND #00048 table=page_000505_table_1 lag=   1.2ms active=4
[   7.668s] SEND #00049 table=page_000682_table_15 lag=   1.0ms active=5
[   7.851s] RECV #00049 table=page_000682_table_15 request= 0.183s scheduled= 0.184s status=ok active=4
[   7.853s] SEND #00050 table=page_000275_table_box_id_1 lag=   1.1ms active=5
[   7.914s] SEND #00051 table=page_000789_table_34 lag=   1.6ms active=6
[   8.052s] RECV #00051 table=page_000789_table_34 request= 0.138s scheduled= 0.140s status=ok active=5
[   8.060s] SEND #00052 table=page_001177_table_2 lag=   0.3ms active=6
[   8.401s] RECV #00005 table=page_000272_table_box_id_1 request= 7.659s scheduled= 7.660s status=ok active=5
[   8.417s] SEND #00053 table=page_001398_table_box-13qv1ztw lag=   0.6ms active=6
[   8.592s] RECV #00046 table=page_001270_table_box_id_1 request= 1.770s scheduled= 1.770s status=ok active=5
[   8.640s] RECV #00053 table=page_001398_table_box-13qv1ztw request= 0.223s scheduled= 0.223s status=ok active=4
[   8.729s] SEND #00054 table=page_001183_table_11 lag=   0.4ms active=5
[   8.738s] RECV #00052 table=page_001177_table_2 request= 0.678s scheduled= 0.678s status=ok active=4
[   8.764s] RECV #00048 table=page_000505_table_1 request= 1.391s scheduled= 1.392s status=ok active=3
[   8.846s] SEND #00055 table=page_000507_table_0 lag=   0.3ms active=4
[   8.995s] SEND #00056 table=page_000710_table_9 lag=   0.9ms active=5
[   9.001s] SEND #00057 table=page_000657_table_6 lag=   0.7ms active=6
[   9.048s] SEND #00058 table=page_001368_table_box_id_227 lag=   1.0ms active=7
[   9.142s] RECV #00057 table=page_000657_table_6 request= 0.141s scheduled= 0.142s status=ok active=6
[   9.221s] RECV #00056 table=page_000710_table_9 request= 0.226s scheduled= 0.227s status=ok active=5
[   9.244s] RECV #00054 table=page_001183_table_11 request= 0.514s scheduled= 0.515s status=ok active=4
[   9.295s] RECV #00055 table=page_000507_table_0 request= 0.449s scheduled= 0.449s status=ok active=3
[   9.315s] SEND #00059 table=page_001176_table_4 lag=   1.9ms active=4
[   9.404s] SEND #00060 table=page_001181_table_6 lag=   1.7ms active=5
[   9.435s] SEND #00061 table=page_000937_table_0 lag=   1.1ms active=6
[   9.567s] SEND #00062 table=page_001368_table_box_id_237 lag=   0.8ms active=7
[   9.769s] SEND #00063 table=page_000217_table_box_id_0 lag=   0.3ms active=8
[   9.957s] SEND #00064 table=page_001159_table_5 lag=   1.2ms active=9
[  10.003s] RECV #00058 table=page_001368_table_box_id_227 request= 0.956s scheduled= 0.957s status=ok active=8
[  10.035s] SEND #00065 table=page_000626_table_box_id_1 lag=   1.0ms active=9
[  10.090s] RECV #00062 table=page_001368_table_box_id_237 request= 0.523s scheduled= 0.523s status=ok active=8
[  10.131s] SEND #00066 table=page_000984_table_2 lag=   0.8ms active=9
[  10.184s] RECV #00061 table=page_000937_table_0 request= 0.750s scheduled= 0.751s status=ok active=8
[  10.231s] RECV #00047 table=page_000261_table_box_id_3 request= 2.950s scheduled= 2.950s status=ok active=7
[  10.250s] SEND #00067 table=page_001082_table_34 lag=   1.9ms active=8
[  10.264s] RECV #00066 table=page_000984_table_2 request= 0.134s scheduled= 0.134s status=ok active=7
[  10.283s] RECV #00063 table=page_000217_table_box_id_0 request= 0.514s scheduled= 0.514s status=ok active=6
[  10.500s] SEND #00068 table=page_000467_table_17 lag=   0.7ms active=7
[  10.623s] SEND #00069 table=page_000866_table_14 lag=   1.0ms active=8
[  10.706s] SEND #00070 table=page_001227_table_10 lag=   0.6ms active=9
[  10.819s] SEND #00071 table=page_000916_table_7 lag=   1.1ms active=10
[  10.823s] SEND #00072 table=page_000251_table_box_id_7 lag=   0.3ms active=11
[  10.831s] SEND #00073 table=page_001131_table_15 lag=   0.6ms active=12
[  10.834s] RECV #00064 table=page_001159_table_5 request= 0.877s scheduled= 0.878s status=ok active=11
[  11.034s] SEND #00074 table=page_001183_table_12 lag=   1.0ms active=12
[  11.036s] RECV #00069 table=page_000866_table_14 request= 0.413s scheduled= 0.414s status=ok active=11
[  11.190s] RECV #00059 table=page_001176_table_4 request= 1.876s scheduled= 1.877s status=ok active=10
[  11.444s] RECV #00067 table=page_001082_table_34 request= 1.193s scheduled= 1.195s status=ok active=9
[  11.581s] RECV #00071 table=page_000916_table_7 request= 0.762s scheduled= 0.763s status=ok active=8
[  11.714s] SEND #00075 table=page_000266_table_box_id_7 lag=   0.5ms active=9
[  11.739s] RECV #00073 table=page_001131_table_15 request= 0.909s scheduled= 0.909s status=ok active=8
[  11.864s] SEND #00076 table=page_000447_table_12 lag=   0.2ms active=9
[  11.895s] RECV #00060 table=page_001181_table_6 request= 2.492s scheduled= 2.493s status=ok active=8
[  11.949s] SEND #00077 table=page_001193_table_4 lag=   1.7ms active=9
[  11.961s] RECV #00075 table=page_000266_table_box_id_7 request= 0.247s scheduled= 0.247s status=ok active=8
[  11.980s] SEND #00078 table=page_001368_table_box_id_239 lag=   2.1ms active=9
[  12.095s] SEND #00079 table=page_000903_table_15 lag=   0.5ms active=10
[  12.121s] RECV #00072 table=page_000251_table_box_id_7 request= 1.298s scheduled= 1.298s status=ok active=9
[  12.209s] RECV #00074 table=page_001183_table_12 request= 1.175s scheduled= 1.176s status=ok active=8
[  12.262s] RECV #00068 table=page_000467_table_17 request= 1.762s scheduled= 1.762s status=ok active=7
[  12.360s] RECV #00079 table=page_000903_table_15 request= 0.265s scheduled= 0.266s status=ok active=6
[  12.368s] RECV #00078 table=page_001368_table_box_id_239 request= 0.388s scheduled= 0.390s status=ok active=5
[  12.396s] RECV #00076 table=page_000447_table_12 request= 0.532s scheduled= 0.532s status=ok active=4
[  12.436s] RECV #00077 table=page_001193_table_4 request= 0.488s scheduled= 0.489s status=ok active=3
[  12.766s] SEND #00080 table=page_001167_table_2 lag=   1.2ms active=4
[  12.781s] RECV #00070 table=page_001227_table_10 request= 2.075s scheduled= 2.076s status=ok active=3
[  13.011s] SEND #00081 table=page_000212_table_box_id_1 lag=   0.9ms active=4
[  13.049s] RECV #00065 table=page_000626_table_box_id_1 request= 3.014s scheduled= 3.015s status=ok active=3
[  13.140s] SEND #00082 table=page_001147_table_10 lag=   1.1ms active=4
[  13.184s] RECV #00080 table=page_001167_table_2 request= 0.418s scheduled= 0.420s status=ok active=3
[  13.468s] SEND #00083 table=page_000223_table_box_id_2 lag=   0.5ms active=4
[  13.511s] SEND #00084 table=page_000716_table_0 lag=   0.2ms active=5
[  13.632s] SEND #00085 table=page_000937_table_1 lag=   0.8ms active=6
[  13.786s] RECV #00084 table=page_000716_table_0 request= 0.274s scheduled= 0.274s status=ok active=5
[  13.946s] RECV #00085 table=page_000937_table_1 request= 0.313s scheduled= 0.314s status=ok active=4
[  14.140s] SEND #00086 table=page_000465_table_10 lag=   1.0ms active=5
[  14.285s] SEND #00087 table=page_000465_table_8 lag=   2.1ms active=6
[  14.386s] SEND #00088 table=page_001179_table_6 lag=   0.5ms active=7
[  14.437s] RECV #00050 table=page_000275_table_box_id_1 request= 6.583s scheduled= 6.584s status=ok active=6
[  14.439s] SEND #00089 table=page_000554_table_12 lag=   1.0ms active=7
[  14.570s] SEND #00090 table=page_000199_table_box_id_0 lag=   0.4ms active=8
[  14.653s] RECV #00081 table=page_000212_table_box_id_1 request= 1.642s scheduled= 1.643s status=ok active=7
[  14.771s] RECV #00089 table=page_000554_table_12 request= 0.332s scheduled= 0.333s status=ok active=6
[  14.808s] RECV #00086 table=page_000465_table_10 request= 0.668s scheduled= 0.669s status=ok active=5
[  14.921s] RECV #00087 table=page_000465_table_8 request= 0.636s scheduled= 0.639s status=ok active=4
[  15.058s] RECV #00083 table=page_000223_table_box_id_2 request= 1.590s scheduled= 1.591s status=ok active=3
[  15.096s] SEND #00091 table=page_000516_table_0 lag=   0.8ms active=4
[  15.096s] SEND #00092 table=page_001214_table_8 lag=   0.4ms active=5
[  15.104s] RECV #00082 table=page_001147_table_10 request= 1.964s scheduled= 1.965s status=ok active=4
[  15.352s] SEND #00093 table=page_001368_table_box_id_161 lag=   1.2ms active=5
[  15.635s] RECV #00092 table=page_001214_table_8 request= 0.539s scheduled= 0.539s status=ok active=4
[  15.637s] SEND #00094 table=page_000577_table_3 lag=   0.3ms active=5
[  15.883s] RECV #00093 table=page_001368_table_box_id_161 request= 0.531s scheduled= 0.532s status=ok active=4
[  15.975s] RECV #00094 table=page_000577_table_3 request= 0.338s scheduled= 0.338s status=ok active=3
[  16.000s] SEND #00095 table=page_000984_table_3 lag=   0.3ms active=4
[  16.225s] SEND #00096 table=page_001187_table_0 lag=   0.4ms active=5
[  16.461s] RECV #00090 table=page_000199_table_box_id_0 request= 1.891s scheduled= 1.891s status=ok active=4
[  16.499s] RECV #00091 table=page_000516_table_0 request= 1.404s scheduled= 1.405s status=ok active=3
[  16.501s] SEND #00097 table=page_000821_table_box_id_14 lag=   0.6ms active=4
[  16.623s] SEND #00098 table=page_000833_table_4 lag=   0.5ms active=5
[  16.635s] RECV #00097 table=page_000821_table_box_id_14 request= 0.134s scheduled= 0.135s status=ok active=4
[  16.710s] RECV #00095 table=page_000984_table_3 request= 0.710s scheduled= 0.710s status=ok active=3
[  16.760s] SEND #00099 table=page_001375_table_31 lag=   0.7ms active=4
[  16.853s] SEND #00100 table=page_000645_table_7 lag=   1.0ms active=5
[  16.865s] RECV #00088 table=page_001179_table_6 request= 2.480s scheduled= 2.480s status=ok active=4
[  16.911s] RECV #00099 table=page_001375_table_31 request= 0.151s scheduled= 0.152s status=ok active=3
[  17.023s] RECV #00098 table=page_000833_table_4 request= 0.400s scheduled= 0.401s status=ok active=2
[  17.036s] RECV #00100 table=page_000645_table_7 request= 0.183s scheduled= 0.184s status=ok active=1
[  19.005s] RECV #00096 table=page_001187_table_0 request= 2.780s scheduled= 2.781s status=ok active=0
DONE completed=100 failed=0 max_active=18 p50=0.799s p95=2.953s max=7.660s
Summary: tmp/19_table_ocr_serving/logging_20260913/detailed/b8/measured/results/summary.json
