2026-07-23 13:08:23 [INFO] [147063] [147063] [time_logger.h:32] DeviceContextEntry  start
2026-07-23 13:08:23 [INFO] [147063] [147066] [parser.cpp:124] notify: no files pattern, don't need to parse
2026-07-23 13:08:23 [INFO] [147063] [147066] [freq_parser.cpp:71] FreqProfileData structCount is : 0
2026-07-23 13:08:23 [INFO] [147063] [147066] [freq_parser.cpp:99] Freq.data parser is completed, begin to save data into dataInventory!
2026-07-23 13:08:23 [INFO] [147063] [147066] [parser.cpp:181] Parser is completed!
2026-07-23 13:08:23 [WARN] [147063] [147065] [load_stream_expand_spec_data.cpp:43] There is no /workspace/repos/paddle_ocr_vl_npu/tmp/09_persistent_page_engine/text_decode_lab/npu_profiles/b64_k1024_p768_pipe_20260723_130821/liteserver-c001-4_146251_20260723130821544_ascend_pt/PROF_000001_20260723130821574_00146251KABPMRMJ/device_2/..///host//sqlite/stream_expand_spec.db
2026-07-23 13:08:23 [INFO] [147063] [147067] [parser.cpp:55] loop: /workspace/repos/paddle_ocr_vl_npu/tmp/09_persistent_page_engine/text_decode_lab/npu_profiles/b64_k1024_p768_pipe_20260723_130821/liteserver-c001-4_146251_20260723130821544_ascend_pt/PROF_000001_20260723130821574_00146251KABPMRMJ/device_2/data/ts_track.data.2.slice_0, file size: 240
2026-07-23 13:08:23 [INFO] [147063] [147067] [parser.cpp:58] total size: 240
2026-07-23 13:08:23 [INFO] [147063] [147067] [parser.cpp:163] Parse filePrefix is: ts_track., the number of files is: 1, and the total size of all files is: 240
2026-07-23 13:08:23 [INFO] [147063] [147067] [parser.cpp:91] Data has been read to the memory successfully!
2026-07-23 13:08:23 [INFO] [147063] [147067] [ts_track_parser.cpp:69] TsTrack structCount: 6
2026-07-23 13:08:23 [INFO] [147063] [147067] [parser.cpp:181] Parser is completed!
2026-07-23 13:08:23 [INFO] [147063] [147064] [process_control.cpp:193] Level[0]Release Data Types: 
2026-07-23 13:08:23 [INFO] [147063] [147070] [freq_persistence.cpp:50] Start to process /workspace/repos/paddle_ocr_vl_npu/tmp/09_persistent_page_engine/text_decode_lab/npu_profiles/b64_k1024_p768_pipe_20260723_130821/liteserver-c001-4_146251_20260723130821544_ascend_pt/PROF_000001_20260723130821574_00146251KABPMRMJ/device_2/sqlite/freq.db.
2026-07-23 13:08:23 [INFO] [147063] [147070] [freq_persistence.cpp:54] The freq is default data no need to persistence!
2026-07-23 13:08:23 [INFO] [147063] [147071] [step_trace_process.cpp:201] Start to process step trace data
2026-07-23 13:08:23 [INFO] [147063] [147069] [parser.cpp:55] loop: /workspace/repos/paddle_ocr_vl_npu/tmp/09_persistent_page_engine/text_decode_lab/npu_profiles/b64_k1024_p768_pipe_20260723_130821/liteserver-c001-4_146251_20260723130821544_ascend_pt/PROF_000001_20260723130821574_00146251KABPMRMJ/device_2/data/stars_soc.data.2.slice_0, file size: 115840
2026-07-23 13:08:23 [INFO] [147063] [147069] [parser.cpp:58] total size: 115840
2026-07-23 13:08:23 [INFO] [147063] [147069] [parser.cpp:163] Parse filePrefix is: stars_soc., the number of files is: 1, and the total size of all files is: 115840
2026-07-23 13:08:23 [INFO] [147063] [147069] [parser.cpp:91] Data has been read to the memory successfully!
2026-07-23 13:08:23 [INFO] [147063] [147069] [stars_soc_parser.cpp:81] StarsSoc structCount: 1810
2026-07-23 13:08:23 [INFO] [147063] [147072] [parser.cpp:55] loop: /workspace/repos/paddle_ocr_vl_npu/tmp/09_persistent_page_engine/text_decode_lab/npu_profiles/b64_k1024_p768_pipe_20260723_130821/liteserver-c001-4_146251_20260723130821544_ascend_pt/PROF_000001_20260723130821574_00146251KABPMRMJ/device_2/data/ffts_profile.data.2.slice_0, file size: 437376
2026-07-23 13:08:23 [INFO] [147063] [147072] [parser.cpp:58] total size: 437376
2026-07-23 13:08:23 [INFO] [147063] [147072] [parser.cpp:163] Parse filePrefix is: ffts_profile, the number of files is: 1, and the total size of all files is: 437376
2026-07-23 13:08:23 [INFO] [147063] [147072] [parser.cpp:91] Data has been read to the memory successfully!
2026-07-23 13:08:23 [INFO] [147063] [147072] [ffts_profile_parser.cpp:83] FftsProfileData structCount is : 3417
2026-07-23 13:08:23 [INFO] [147063] [147069] [parser.cpp:181] Parser is completed!
2026-07-23 13:08:23 [INFO] [147063] [147072] [ffts_profile_parser.cpp:97] Ffts_profile.data parser is completed, begin to save data into dataInventory!
2026-07-23 13:08:23 [INFO] [147063] [147072] [parser.cpp:181] Parser is completed!
2026-07-23 13:08:23 [INFO] [147063] [147064] [process_control.cpp:193] Level[1]Release Data Types: St3mapIjSt6vectorIN8Analysis6Domain14StepTraceTasksESaIS3_EESt4lessIjESaISt4pairIKjS5_EEE 
2026-07-23 13:08:23 [INFO] [147063] [147073] [time_logger.h:32] LogModeling::SplitLogGroups  start
2026-07-23 13:08:23 [INFO] [147063] [147073] [time_logger.h:39] LogModeling::SplitLogGroups  end, cost time = 0 ms
2026-07-23 13:08:23 [INFO] [147063] [147073] [log_modeling.cpp:150] HalLogData size:1810
2026-07-23 13:08:23 [INFO] [147063] [147074] [acc_pmu_persistence.cpp:61] Start to process /workspace/repos/paddle_ocr_vl_npu/tmp/09_persistent_page_engine/text_decode_lab/npu_profiles/b64_k1024_p768_pipe_20260723_130821/liteserver-c001-4_146251_20260723130821544_ascend_pt/PROF_000001_20260723130821574_00146251KABPMRMJ/device_2/sqlite/acc_pmu.db.
2026-07-23 13:08:23 [INFO] [147063] [147073] [log_modeling.cpp:151] acsqS stream:3, total:851
2026-07-23 13:08:23 [INFO] [147063] [147075] [pmu_modeling.cpp:52] PMU modeling has done!
2026-07-23 13:08:23 [INFO] [147063] [147073] [log_modeling.cpp:152] acsqE stream:3, total:851
2026-07-23 13:08:23 [INFO] [147063] [147074] [acc_pmu_persistence.cpp:65] There is no acc pmu data don't need to persistence!
2026-07-23 13:08:23 [INFO] [147063] [147073] [log_modeling.cpp:153] fftsS stream:1, total:54
2026-07-23 13:08:23 [INFO] [147063] [147073] [log_modeling.cpp:154] fftsE stream:1, total:54
2026-07-23 13:08:23 [INFO] [147063] [147073] [time_logger.h:32] LogModeling::AddToDeviceTask  start
2026-07-23 13:08:23 [INFO] [147063] [147073] [log_modeling.cpp:224] ACSQ matched count:851
2026-07-23 13:08:23 [INFO] [147063] [147073] [log_modeling.cpp:234] FFTS matched count:54
2026-07-23 13:08:23 [INFO] [147063] [147073] [time_logger.h:39] LogModeling::AddToDeviceTask  end, cost time = 0 ms
2026-07-23 13:08:23 [INFO] [147063] [147064] [process_control.cpp:193] Level[2]Release Data Types: St6vectorIN8Analysis6Domain10HalLogDataESaIS2_EE St6vectorIN8Analysis6Domain12HalTrackDataESaIS2_EE 
2026-07-23 13:08:23 [INFO] [147063] [147076] [db_runner.h:79] Start query data
2026-07-23 13:08:23 [INFO] [147063] [147076] [db_runner.h:90] Query data success: SELECT stream_id, request_id, batch_id, task_id, context_ids, model_id, task_type, kernel_name, connection_id, device_id FROM HostTask WHERE device_id IN (2)
2026-07-23 13:08:23 [INFO] [147063] [147076] [db_runner.h:79] Start query data
2026-07-23 13:08:23 [INFO] [147063] [147076] [db_runner.h:90] Query data success: SELECT stream_id, batch_id, task_id, context_id, block_num, mix_block_num FROM TaskInfo where device_id = 2
2026-07-23 13:08:23 [INFO] [147063] [147076] [load_host_data.cpp:101] Read host GE info 0 not in table.
2026-07-23 13:08:23 [WARN] [147063] [147076] [load_host_data.cpp:52] There is no /workspace/repos/paddle_ocr_vl_npu/tmp/09_persistent_page_engine/text_decode_lab/npu_profiles/b64_k1024_p768_pipe_20260723_130821/liteserver-c001-4_146251_20260723130821544_ascend_pt/PROF_000001_20260723130821574_00146251KABPMRMJ/device_2/..///host//sqlite/hccl.db
2026-07-23 13:08:23 [WARN] [147063] [147076] [load_host_data.cpp:52] There is no /workspace/repos/paddle_ocr_vl_npu/tmp/09_persistent_page_engine/text_decode_lab/npu_profiles/b64_k1024_p768_pipe_20260723_130821/liteserver-c001-4_146251_20260723130821544_ascend_pt/PROF_000001_20260723130821574_00146251KABPMRMJ/device_2/..///host//sqlite/hccl.db
2026-07-23 13:08:23 [INFO] [147063] [147064] [process_control.cpp:193] Level[3]Release Data Types: 
2026-07-23 13:08:23 [INFO] [147063] [147078] [pmu_association.cpp:42] context pmu count is : 825
2026-07-23 13:08:23 [INFO] [147063] [147078] [pmu_association.cpp:43] block pmu count is : 2592
2026-07-23 13:08:23 [INFO] [147063] [147078] [pmu_association.cpp:250] The acceleratorType of PMU is MIX
2026-07-23 13:08:23 [INFO] [147063] [147078] [pmu_association.cpp:190] Context PMU has been calculated!
2026-07-23 13:08:23 [INFO] [147063] [147077] [ascend_task_association.cpp:188] Found 905 host device matched task, generate 905 topDownTask
2026-07-23 13:08:23 [INFO] [147063] [147064] [process_control.cpp:193] Level[4]Release Data Types: St3mapIN8Analysis6Domain6TaskIdESt6vectorINS1_8HostTaskESaIS4_EESt4lessIS2_ESaISt4pairIKS2_S6_EEE St6vectorIN8Analysis6Domain10HalPmuDataESaIS2_EE St6vectorIN8Analysis6Domain14HalFreqLpmDataESaIS2_EE 
2026-07-23 13:08:23 [INFO] [147063] [147079] [hccl_calculator.cpp:57] Start Hccl calculator ProcessEntry.
2026-07-23 13:08:23 [INFO] [147063] [147079] [hccl_calculator.cpp:87] Start Hccl calculator GetHcclData.
2026-07-23 13:08:23 [INFO] [147063] [147079] [hccl_calculator.cpp:116] Start merge hccl task and ascend task.
2026-07-23 13:08:23 [INFO] [147063] [147080] [metric_summary_persistence.cpp:277] Start to process /workspace/repos/paddle_ocr_vl_npu/tmp/09_persistent_page_engine/text_decode_lab/npu_profiles/b64_k1024_p768_pipe_20260723_130821/liteserver-c001-4_146251_20260723130821544_ascend_pt/PROF_000001_20260723130821574_00146251KABPMRMJ/device_2/sqlite/metric_summary.db.
2026-07-23 13:08:23 [INFO] [147063] [147080] [db_runner.cpp:53] Start create MetricSummary
2026-07-23 13:08:23 [INFO] [147063] [147079] [hccl_calculator.cpp:215] Start merge hccl op data.
2026-07-23 13:08:23 [INFO] [147063] [147079] [hccl_calculator.cpp:284] Start UpdateHcclOpNameByGroupName.
2026-07-23 13:08:23 [INFO] [147063] [147079] [hccl_calculator.cpp:308] Start UpdateHcclBandwidth.
2026-07-23 13:08:23 [INFO] [147063] [147079] [hccl_calculator.cpp:384] Start GetHcclStatisticsData.
2026-07-23 13:08:23 [WARN] [147063] [147079] [hccl_calculator.cpp:386] No op type in hccl data.
2026-07-23 13:08:23 [INFO] [147063] [147079] [hccl_calculator.cpp:438] Start inject hccl data.
2026-07-23 13:08:23 [INFO] [147063] [147080] [db_runner.cpp:66] create MetricSummary success
2026-07-23 13:08:23 [INFO] [147063] [147080] [metric_summary_persistence.cpp:285] Process MetricSummary done!
2026-07-23 13:08:23 [INFO] [147063] [147064] [process_control.cpp:193] Level[5]Release Data Types: St3mapIN8Analysis6Domain6TaskIdESt6vectorINS1_10DeviceTaskESaIS4_EESt4lessIS2_ESaISt4pairIKS2_S6_EEE St6vectorIN8Analysis6Domain8HcclTaskESaIS2_EE 
2026-07-23 13:08:23 [INFO] [147063] [147082] [ascend_task_persistence.cpp:76] Start to process /workspace/repos/paddle_ocr_vl_npu/tmp/09_persistent_page_engine/text_decode_lab/npu_profiles/b64_k1024_p768_pipe_20260723_130821/liteserver-c001-4_146251_20260723130821544_ascend_pt/PROF_000001_20260723130821574_00146251KABPMRMJ/device_2/sqlite/ascend_task.db.
2026-07-23 13:08:23 [INFO] [147063] [147081] [device_hccl_persistence.cpp:133] Start to dump device hccl data.
2026-07-23 13:08:23 [WARN] [147063] [147081] [device_hccl_persistence.cpp:52] Hccl op data is empty.
2026-07-23 13:08:23 [WARN] [147063] [147081] [device_hccl_persistence.cpp:80] Hccl task data is empty.
2026-07-23 13:08:23 [WARN] [147063] [147081] [device_hccl_persistence.cpp:112] Hccl statistics data is empty.
2026-07-23 13:08:23 [INFO] [147063] [147082] [persistence_utils.h:43] Processor Save AscendTask Data.
2026-07-23 13:08:23 [INFO] [147063] [147082] [db_runner.cpp:53] Start create AscendTask
2026-07-23 13:08:23 [INFO] [147063] [147082] [db_runner.cpp:66] create AscendTask success
2026-07-23 13:08:23 [INFO] [147063] [147082] [db_runner.h:61] Start insert data to AscendTask
2026-07-23 13:08:23 [INFO] [147063] [147082] [db_runner.h:72] insert data to AscendTask success
2026-07-23 13:08:23 [INFO] [147063] [147082] [ascend_task_persistence.cpp:85] Process AscendTask done!
2026-07-23 13:08:23 [INFO] [147063] [147064] [process_control.cpp:193] Level[6]Release Data Types: St6vectorI11TopDownTaskSaIS0_EE St6vectorIN8Analysis6Domain14DeviceHcclTaskESaIS2_EE St6vectorIN8Analysis6Domain14HcclStatisticsESaIS2_EE St6vectorIN8Analysis6Domain6HcclOpESaIS2_EE 
2026-07-23 13:08:23 [INFO] [147063] [147063] [device_context.cpp:139] stat info: ===============================================================================
deivce file in /workspace/repos/paddle_ocr_vl_npu/tmp/09_persistent_page_engine/text_decode_lab/npu_profiles/b64_k1024_p768_pipe_20260723_130821/liteserver-c001-4_146251_20260723130821544_ascend_pt/PROF_000001_20260723130821574_00146251KABPMRMJ/device_2
chip id: 5, process levels:7
-------------------------------------------------------------------------------
level[0] generalResult:true, process num:4
	process0[FreqParser]:return: 0x0, mandatory:true
		dependProcessNames: 
		startTime:505408715455 us, duration: 679 us
	process1[LoadStreamExpandSpec]:return: 0x0, mandatory:true
		dependProcessNames: 
		startTime:505408716359 us, duration: 84 us
	process2[TsTrackParser]:return: 0x0, mandatory:true
		dependProcessNames: 
		startTime:505408716950 us, duration: 594 us
	process3[DeviceTaskProcess]:return: 0x0, mandatory:true
		dependProcessNames: 
		startTime:505408716959 us, duration: 22 us
-------------------------------------------------------------------------------
level[1] generalResult:true, process num:4
	process0[FreqPersistence]:return: 0x0, mandatory:true
		dependProcessNames: FreqParser, 
		startTime:505408718131 us, duration: 86 us
	process1[StarsSocParser]:return: 0x0, mandatory:true
		dependProcessNames: LoadStreamExpandSpec, 
		startTime:505408718166 us, duration: 3035 us
	process2[StepTraceProcess]:return: 0x0, mandatory:false
		dependProcessNames: TsTrackParser, 
		startTime:505408718214 us, duration: 167 us
	process3[FftsProfileParser]:return: 0x0, mandatory:true
		dependProcessNames: LoadStreamExpandSpec, 
		startTime:505408718676 us, duration: 4789 us
-------------------------------------------------------------------------------
level[2] generalResult:true, process num:3
	process0[Domain::LogModeling]:return: 0x0, mandatory:true
		dependProcessNames: StarsSocParser, TsTrackParser, 
		startTime:505408723957 us, duration: 793 us
	process1[AccPmuPersistence]:return: 0x0, mandatory:true
		dependProcessNames: StarsSocParser, 
		startTime:505408723986 us, duration: 279 us
	process2[PmuModeling]:return: 0x0, mandatory:true
		dependProcessNames: FftsProfileParser, TsTrackParser, 
		startTime:505408724039 us, duration: 213 us
-------------------------------------------------------------------------------
level[3] generalResult:true, process num:1
	process0[LoadHostData]:return: 0x0, mandatory:false
		dependProcessNames: Domain::LogModeling, 
		startTime:505408725033 us, duration: 2575 us
-------------------------------------------------------------------------------
level[4] generalResult:true, process num:2
	process0[PmuAssociation]:return: 0x0, mandatory:true
		dependProcessNames: LoadHostData, PmuModeling, 
		startTime:505408728087 us, duration: 2728 us
	process1[AscendTaskAssociation]:return: 0x0, mandatory:true
		dependProcessNames: LoadHostData, 
		startTime:505408728136 us, duration: 7279 us
-------------------------------------------------------------------------------
level[5] generalResult:true, process num:2
	process0[HcclCalculator]:return: 0x0, mandatory:true
		dependProcessNames: AscendTaskAssociation, LoadHostData, 
		startTime:505408735976 us, duration: 526 us
	process1[MetricSummaryPersistence]:return: 0x0, mandatory:false
		dependProcessNames: PmuAssociation, 
		startTime:505408735999 us, duration: 5052 us
-------------------------------------------------------------------------------
level[6] generalResult:true, process num:2
	process0[AscendTaskPersistence]:return: 0x0, mandatory:true
		dependProcessNames: HcclCalculator, 
		startTime:505408741612 us, duration: 3169 us
	process1[DeviceHcclPersistence]:return: 0x0, mandatory:true
		dependProcessNames: HcclCalculator, 
		startTime:505408741632 us, duration: 97 us


2026-07-23 13:08:23 [INFO] [147063] [147063] [time_logger.h:39] DeviceContextEntry  end, cost time = 33 ms
