2026-09-06T04:24:39+08:00
	NPU ID                         : 6
	Chip Count                     : 1

	No process in device.
	Chip ID                        : 0

2026-09-06T04:24:45+08:00
	NPU ID                         : 6
	Chip Count                     : 1

	No process in device.
	Chip ID                        : 0

2026-09-06T04:24:50+08:00
	NPU ID                         : 6
	Chip Count                     : 1

	No process in device.
	Chip ID                        : 0

2026-09-06T04:24:56+08:00
	NPU ID                         : 6
	Chip Count                     : 1

	No process in device.
	Chip ID                        : 0

2026-09-06T04:25:01+08:00
	NPU ID                         : 6
	Chip Count                     : 1

	No process in device.
	Chip ID                        : 0

2026-09-06T04:25:07+08:00
	NPU ID                         : 6
	Chip Count                     : 1

	No process in device.
	Chip ID                        : 0

2026-09-06T04:25:12+08:00
	NPU ID                         : 6
	Chip Count                     : 1

	No process in device.
	Chip ID                        : 0

2026-09-06T04:25:18+08:00
	NPU ID                         : 6
	Chip Count                     : 1

	No process in device.
	Chip ID                        : 0

2026-09-06T04:25:23+08:00
	NPU ID                         : 6
	Chip Count                     : 1

	No process in device.
	Chip ID                        : 0

2026-09-06T04:25:29+08:00
	NPU ID                         : 6
	Chip Count                     : 1

	Process id:1833421 Process name:python            Process memory(MB):105
	Chip ID                        : 0

2026-09-06T04:25:34+08:00
	NPU ID                         : 6
	Chip Count                     : 1

	Process id:1833421 Process name:python            Process memory(MB):105
	Chip ID                        : 0

2026-09-06T04:25:40+08:00
	NPU ID                         : 6
	Chip Count                     : 1

	Process id:1833421 Process name:python            Process memory(MB):3855
	Chip ID                        : 0

2026-09-06T04:25:45+08:00
	NPU ID                         : 6
	Chip Count                     : 1

	Process id:1833421 Process name:python            Process memory(MB):3867
	Chip ID                        : 0

2026-09-06T04:25:51+08:00
	NPU ID                         : 6
	Chip Count                     : 1

	Process id:1833421 Process name:python            Process memory(MB):4173
	Chip ID                        : 0

2026-09-06T04:25:56+08:00
	NPU ID                         : 6
	Chip Count                     : 1

	Process id:1833421 Process name:python            Process memory(MB):4363
	Chip ID                        : 0

2026-09-06T04:25:58+08:00
    PID    PPID                  STARTED COMMAND
1833421 1833419 Sun Sep  6 04:25:16 2026 /workspace/venvs/vllm_paddle_ocr_pipeline_py312/bin/python -c from multiprocessing.spawn import spawn_main; spawn_main(tracker_fd=6, pipe_handle=10) --multiprocessing-fork
NSpid:	1833421	2491707
2026-09-06T04:26:02+08:00
	NPU ID                         : 6
	Chip Count                     : 1

	Process id:1833421 Process name:python            Process memory(MB):4363
	Chip ID                        : 0

2026-09-06T04:26:07+08:00
	NPU ID                         : 6
	Chip Count                     : 1

	Process id:1833421 Process name:python            Process memory(MB):7039
	Chip ID                        : 0

2026-09-06T04:26:13+08:00
	NPU ID                         : 6
	Chip Count                     : 1

	Process id:1833421 Process name:python            Process memory(MB):7039
	Chip ID                        : 0

2026-09-06T04:26:18+08:00
	NPU ID                         : 6
	Chip Count                     : 1

	Process id:1833421 Process name:python            Process memory(MB):7039
	Chip ID                        : 0

2026-09-06T04:26:24+08:00
	NPU ID                         : 6
	Chip Count                     : 1

	Process id:1833421 Process name:python            Process memory(MB):7039
	Chip ID                        : 0

2026-09-06T04:26:29+08:00
	NPU ID                         : 6
	Chip Count                     : 1

	Process id:1833421 Process name:python            Process memory(MB):7039
	Chip ID                        : 0

2026-09-06T04:26:35+08:00
	NPU ID                         : 6
	Chip Count                     : 1

	Process id:1833421 Process name:python            Process memory(MB):7039
	Chip ID                        : 0

2026-09-06T04:26:40+08:00
	NPU ID                         : 6
	Chip Count                     : 1

	Process id:1833421 Process name:python            Process memory(MB):7039
	Chip ID                        : 0

2026-09-06T04:26:46+08:00
	NPU ID                         : 6
	Chip Count                     : 1

	Process id:1833421 Process name:python            Process memory(MB):233
	Chip ID                        : 0

2026-09-06T04:26:51+08:00
	NPU ID                         : 6
	Chip Count                     : 1

	No process in device.
	Chip ID                        : 0

2026-09-06T04:26:57+08:00
	NPU ID                         : 6
	Chip Count                     : 1

	No process in device.
	Chip ID                        : 0

2026-09-06T04:27:02+08:00
	NPU ID                         : 6
	Chip Count                     : 1

	No process in device.
	Chip ID                        : 0

2026-09-06T04:27:08+08:00
	NPU ID                         : 6
	Chip Count                     : 1

	No process in device.
	Chip ID                        : 0

2026-09-06T04:27:13+08:00
	NPU ID                         : 6
	Chip Count                     : 1

	No process in device.
	Chip ID                        : 0

2026-09-06T04:27:19+08:00
	NPU ID                         : 6
	Chip Count                     : 1

	No process in device.
	Chip ID                        : 0

2026-09-06T04:27:24+08:00
	NPU ID                         : 6
	Chip Count                     : 1

	No process in device.
	Chip ID                        : 0

2026-09-06T04:27:30+08:00
	NPU ID                         : 6
	Chip Count                     : 1

	No process in device.
	Chip ID                        : 0

2026-09-06T04:27:36+08:00
	NPU ID                         : 6
	Chip Count                     : 1

	No process in device.
	Chip ID                        : 0

2026-09-06T04:27:41+08:00
	NPU ID                         : 6
	Chip Count                     : 1

	No process in device.
	Chip ID                        : 0

2026-09-06T04:27:47+08:00
	NPU ID                         : 6
	Chip Count                     : 1

	No process in device.
	Chip ID                        : 0

2026-09-06T04:27:52+08:00
	NPU ID                         : 6
	Chip Count                     : 1

	No process in device.
	Chip ID                        : 0

2026-09-06T04:27:58+08:00
	NPU ID                         : 6
	Chip Count                     : 1

	No process in device.
	Chip ID                        : 0

2026-09-06T04:28:03+08:00
	NPU ID                         : 6
	Chip Count                     : 1

	No process in device.
	Chip ID                        : 0

2026-09-06T04:28:09+08:00
	NPU ID                         : 6
	Chip Count                     : 1

	Process id:1835350 Process name:python            Process memory(MB):105
	Chip ID                        : 0

2026-09-06T04:28:14+08:00
	NPU ID                         : 6
	Chip Count                     : 1

	Process id:1835350 Process name:python            Process memory(MB):2211
	Chip ID                        : 0

2026-09-06T04:28:20+08:00
	NPU ID                         : 6
	Chip Count                     : 1

	Process id:1835350 Process name:python            Process memory(MB):3855
	Chip ID                        : 0

2026-09-06T04:28:25+08:00
	NPU ID                         : 6
	Chip Count                     : 1

	Process id:1835350 Process name:python            Process memory(MB):3873
	Chip ID                        : 0

2026-09-06T04:28:31+08:00
	NPU ID                         : 6
	Chip Count                     : 1

	Process id:1835350 Process name:python            Process memory(MB):4177
	Chip ID                        : 0

2026-09-06T04:28:36+08:00
	NPU ID                         : 6
	Chip Count                     : 1

	Process id:1835350 Process name:python            Process memory(MB):7039
	Chip ID                        : 0

2026-09-06T04:28:42+08:00
	NPU ID                         : 6
	Chip Count                     : 1

	Process id:1835350 Process name:python            Process memory(MB):7039
	Chip ID                        : 0

2026-09-06T04:28:47+08:00
	NPU ID                         : 6
	Chip Count                     : 1

	Process id:1835350 Process name:python            Process memory(MB):7039
	Chip ID                        : 0

2026-09-06T04:28:53+08:00
	NPU ID                         : 6
	Chip Count                     : 1

	Process id:1835350 Process name:python            Process memory(MB):7039
	Chip ID                        : 0

2026-09-06T04:28:58+08:00
	NPU ID                         : 6
	Chip Count                     : 1

	Process id:1835350 Process name:python            Process memory(MB):7039
	Chip ID                        : 0

2026-09-06T04:29:04+08:00
	NPU ID                         : 6
	Chip Count                     : 1

	Process id:1835350 Process name:python            Process memory(MB):7039
	Chip ID                        : 0

2026-09-06T04:29:09+08:00
	NPU ID                         : 6
	Chip Count                     : 1

	Process id:1835350 Process name:python            Process memory(MB):7039
	Chip ID                        : 0

2026-09-06T04:29:15+08:00
	NPU ID                         : 6
	Chip Count                     : 1

	Process id:1835350 Process name:python            Process memory(MB):7039
	Chip ID                        : 0

2026-09-06T04:29:20+08:00
	NPU ID                         : 6
	Chip Count                     : 1

	Process id:1835350 Process name:python            Process memory(MB):7039
	Chip ID                        : 0

2026-09-06T04:29:26+08:00
	NPU ID                         : 6
	Chip Count                     : 1

	Process id:1835350 Process name:python            Process memory(MB):7039
	Chip ID                        : 0

2026-09-06T04:29:27+08:00
    PID    PPID                  STARTED COMMAND
1835350 1835348 Sun Sep  6 04:27:54 2026 /workspace/venvs/vllm_paddle_ocr_pipeline_py312/bin/python -c from multiprocessing.spawn import spawn_main; spawn_main(tracker_fd=6, pipe_handle=10) --multiprocessing-fork
NSpid:	1835350	2492533
2026-09-06T04:29:31+08:00
	NPU ID                         : 6
	Chip Count                     : 1

	Process id:1835350 Process name:python            Process memory(MB):7105
	Chip ID                        : 0

2026-09-06T04:29:37+08:00
	NPU ID                         : 6
	Chip Count                     : 1

	Process id:1835350 Process name:python            Process memory(MB):7105
	Chip ID                        : 0

2026-09-06T04:29:42+08:00
	NPU ID                         : 6
	Chip Count                     : 1

	Process id:1835350 Process name:python            Process memory(MB):7105
	Chip ID                        : 0

2026-09-06T04:29:48+08:00
	NPU ID                         : 6
	Chip Count                     : 1

	Process id:1835350 Process name:python            Process memory(MB):7105
	Chip ID                        : 0

2026-09-06T04:29:53+08:00
	NPU ID                         : 6
	Chip Count                     : 1

	Process id:1835350 Process name:python            Process memory(MB):7105
	Chip ID                        : 0

2026-09-06T04:29:59+08:00
	NPU ID                         : 6
	Chip Count                     : 1

	Process id:1835350 Process name:python            Process memory(MB):7105
	Chip ID                        : 0

2026-09-06T04:30:04+08:00
	NPU ID                         : 6
	Chip Count                     : 1

	Process id:1835350 Process name:python            Process memory(MB):7131
	Chip ID                        : 0

2026-09-06T04:30:10+08:00
	NPU ID                         : 6
	Chip Count                     : 1

	Process id:1835350 Process name:python            Process memory(MB):7131
	Chip ID                        : 0

2026-09-06T04:30:15+08:00
	NPU ID                         : 6
	Chip Count                     : 1

	Process id:1835350 Process name:python            Process memory(MB):7131
	Chip ID                        : 0

2026-09-06T04:30:21+08:00
	NPU ID                         : 6
	Chip Count                     : 1

	Process id:1835350 Process name:python            Process memory(MB):7131
	Chip ID                        : 0

2026-09-06T04:30:26+08:00
	NPU ID                         : 6
	Chip Count                     : 1

	Process id:1835350 Process name:python            Process memory(MB):7131
	Chip ID                        : 0

2026-09-06T04:30:32+08:00
	NPU ID                         : 6
	Chip Count                     : 1

	Process id:1835350 Process name:python            Process memory(MB):7131
	Chip ID                        : 0

2026-09-06T04:30:38+08:00
	NPU ID                         : 6
	Chip Count                     : 1

	Process id:1835350 Process name:python            Process memory(MB):7131
	Chip ID                        : 0

2026-09-06T04:30:43+08:00
	NPU ID                         : 6
	Chip Count                     : 1

	Process id:1835350 Process name:python            Process memory(MB):7131
	Chip ID                        : 0

2026-09-06T04:30:49+08:00
	NPU ID                         : 6
	Chip Count                     : 1

	Process id:1835350 Process name:python            Process memory(MB):7131
	Chip ID                        : 0

2026-09-06T04:30:54+08:00
	NPU ID                         : 6
	Chip Count                     : 1

	No process in device.
	Chip ID                        : 0

2026-09-06T04:31:00+08:00
	NPU ID                         : 6
	Chip Count                     : 1

	No process in device.
	Chip ID                        : 0

2026-09-06T04:31:05+08:00
	NPU ID                         : 6
	Chip Count                     : 1

	No process in device.
	Chip ID                        : 0

2026-09-06T04:31:11+08:00
	NPU ID                         : 6
	Chip Count                     : 1

	No process in device.
	Chip ID                        : 0

2026-09-06T04:31:16+08:00
	NPU ID                         : 6
	Chip Count                     : 1

	No process in device.
	Chip ID                        : 0

2026-09-06T04:31:22+08:00
	NPU ID                         : 6
	Chip Count                     : 1

	No process in device.
	Chip ID                        : 0

2026-09-06T04:31:27+08:00
	NPU ID                         : 6
	Chip Count                     : 1

	No process in device.
	Chip ID                        : 0

2026-09-06T04:31:33+08:00
	NPU ID                         : 6
	Chip Count                     : 1

	No process in device.
	Chip ID                        : 0

2026-09-06T04:31:38+08:00
	NPU ID                         : 6
	Chip Count                     : 1

	No process in device.
	Chip ID                        : 0

2026-09-06T04:31:44+08:00
	NPU ID                         : 6
	Chip Count                     : 1

	No process in device.
	Chip ID                        : 0

2026-09-06T04:31:49+08:00
	NPU ID                         : 6
	Chip Count                     : 1

	No process in device.
	Chip ID                        : 0

2026-09-06T04:31:55+08:00
	NPU ID                         : 6
	Chip Count                     : 1

	Process id:1838207 Process name:python            Process memory(MB):105
	Chip ID                        : 0

2026-09-06T04:32:00+08:00
	NPU ID                         : 6
	Chip Count                     : 1

	Process id:1838207 Process name:python            Process memory(MB):105
	Chip ID                        : 0

2026-09-06T04:32:06+08:00
	NPU ID                         : 6
	Chip Count                     : 1

	Process id:1838207 Process name:python            Process memory(MB):3855
	Chip ID                        : 0

2026-09-06T04:32:11+08:00
	NPU ID                         : 6
	Chip Count                     : 1

	Process id:1838207 Process name:python            Process memory(MB):3855
	Chip ID                        : 0

2026-09-06T04:32:17+08:00
	NPU ID                         : 6
	Chip Count                     : 1

	Process id:1838207 Process name:python            Process memory(MB):4009
	Chip ID                        : 0

2026-09-06T04:32:22+08:00
	NPU ID                         : 6
	Chip Count                     : 1

	Process id:1838207 Process name:python            Process memory(MB):7039
	Chip ID                        : 0

2026-09-06T04:32:28+08:00
	NPU ID                         : 6
	Chip Count                     : 1

	Process id:1838207 Process name:python            Process memory(MB):7039
	Chip ID                        : 0

2026-09-06T04:32:33+08:00
	NPU ID                         : 6
	Chip Count                     : 1

	Process id:1838207 Process name:python            Process memory(MB):7039
	Chip ID                        : 0

2026-09-06T04:32:39+08:00
	NPU ID                         : 6
	Chip Count                     : 1

	Process id:1838207 Process name:python            Process memory(MB):7039
	Chip ID                        : 0

2026-09-06T04:32:44+08:00
	NPU ID                         : 6
	Chip Count                     : 1

	Process id:1838207 Process name:python            Process memory(MB):7039
	Chip ID                        : 0

2026-09-06T04:32:50+08:00
	NPU ID                         : 6
	Chip Count                     : 1

	Process id:1838207 Process name:python            Process memory(MB):7039
	Chip ID                        : 0

2026-09-06T04:32:51+08:00
    PID    PPID                  STARTED COMMAND
1838207 1838204 Sun Sep  6 04:31:43 2026 /workspace/venvs/vllm_paddle_ocr_pipeline_py312/bin/python -c from multiprocessing.spawn import spawn_main; spawn_main(tracker_fd=6, pipe_handle=10) --multiprocessing-fork
NSpid:	1838207	2493704
2026-09-06T04:32:55+08:00
	NPU ID                         : 6
	Chip Count                     : 1

	Process id:1838207 Process name:python            Process memory(MB):7105
	Chip ID                        : 0

2026-09-06T04:33:01+08:00
	NPU ID                         : 6
	Chip Count                     : 1

	Process id:1838207 Process name:python            Process memory(MB):7105
	Chip ID                        : 0

2026-09-06T04:33:06+08:00
	NPU ID                         : 6
	Chip Count                     : 1

	Process id:1838207 Process name:python            Process memory(MB):7105
	Chip ID                        : 0

2026-09-06T04:33:12+08:00
	NPU ID                         : 6
	Chip Count                     : 1

	Process id:1838207 Process name:python            Process memory(MB):7105
	Chip ID                        : 0

2026-09-06T04:33:18+08:00
	NPU ID                         : 6
	Chip Count                     : 1

	Process id:1838207 Process name:python            Process memory(MB):7105
	Chip ID                        : 0

2026-09-06T04:33:23+08:00
	NPU ID                         : 6
	Chip Count                     : 1

	Process id:1838207 Process name:python            Process memory(MB):7105
	Chip ID                        : 0

2026-09-06T04:33:29+08:00
	NPU ID                         : 6
	Chip Count                     : 1

	Process id:1838207 Process name:python            Process memory(MB):7131
	Chip ID                        : 0

2026-09-06T04:33:34+08:00
	NPU ID                         : 6
	Chip Count                     : 1

	Process id:1838207 Process name:python            Process memory(MB):7131
	Chip ID                        : 0

2026-09-06T04:33:40+08:00
	NPU ID                         : 6
	Chip Count                     : 1

	Process id:1838207 Process name:python            Process memory(MB):7131
	Chip ID                        : 0

2026-09-06T04:33:45+08:00
	NPU ID                         : 6
	Chip Count                     : 1

	Process id:1838207 Process name:python            Process memory(MB):7131
	Chip ID                        : 0

2026-09-06T04:33:51+08:00
	NPU ID                         : 6
	Chip Count                     : 1

	Process id:1838207 Process name:python            Process memory(MB):7131
	Chip ID                        : 0

2026-09-06T04:33:56+08:00
	NPU ID                         : 6
	Chip Count                     : 1

	Process id:1838207 Process name:python            Process memory(MB):7131
	Chip ID                        : 0

2026-09-06T04:34:02+08:00
	NPU ID                         : 6
	Chip Count                     : 1

	Process id:1838207 Process name:python            Process memory(MB):7131
	Chip ID                        : 0

2026-09-06T04:34:07+08:00
	NPU ID                         : 6
	Chip Count                     : 1

	Process id:1838207 Process name:python            Process memory(MB):7131
	Chip ID                        : 0

2026-09-06T04:34:13+08:00
	NPU ID                         : 6
	Chip Count                     : 1

	Process id:1838207 Process name:python            Process memory(MB):7131
	Chip ID                        : 0

2026-09-06T04:34:18+08:00
	NPU ID                         : 6
	Chip Count                     : 1

	Process id:1838207 Process name:python            Process memory(MB):7131
	Chip ID                        : 0

2026-09-06T04:34:24+08:00
	NPU ID                         : 6
	Chip Count                     : 1

	Process id:1838207 Process name:python            Process memory(MB):7131
	Chip ID                        : 0

2026-09-06T04:34:29+08:00
	NPU ID                         : 6
	Chip Count                     : 1

	Process id:1838207 Process name:python            Process memory(MB):7131
	Chip ID                        : 0

2026-09-06T04:34:35+08:00
	NPU ID                         : 6
	Chip Count                     : 1

	Process id:1838207 Process name:python            Process memory(MB):7131
	Chip ID                        : 0

2026-09-06T04:34:40+08:00
	NPU ID                         : 6
	Chip Count                     : 1

	Process id:1838207 Process name:python            Process memory(MB):7131
	Chip ID                        : 0

2026-09-06T04:34:46+08:00
	NPU ID                         : 6
	Chip Count                     : 1

	Process id:1838207 Process name:python            Process memory(MB):7131
	Chip ID                        : 0

2026-09-06T04:34:51+08:00
	NPU ID                         : 6
	Chip Count                     : 1

	Process id:1838207 Process name:python            Process memory(MB):7131
	Chip ID                        : 0

2026-09-06T04:34:57+08:00
	NPU ID                         : 6
	Chip Count                     : 1

	Process id:1838207 Process name:python            Process memory(MB):7131
	Chip ID                        : 0

2026-09-06T04:35:02+08:00
	NPU ID                         : 6
	Chip Count                     : 1

	Process id:1838207 Process name:python            Process memory(MB):7131
	Chip ID                        : 0

2026-09-06T04:35:08+08:00
	NPU ID                         : 6
	Chip Count                     : 1

	Process id:1838207 Process name:python            Process memory(MB):245
	Chip ID                        : 0

2026-09-06T04:35:13+08:00
	NPU ID                         : 6
	Chip Count                     : 1

	No process in device.
	Chip ID                        : 0

2026-09-06T04:35:19+08:00
	NPU ID                         : 6
	Chip Count                     : 1

	No process in device.
	Chip ID                        : 0

2026-09-06T04:35:24+08:00
	NPU ID                         : 6
	Chip Count                     : 1

	No process in device.
	Chip ID                        : 0

2026-09-06T04:35:29+08:00
	NPU ID                         : 6
	Chip Count                     : 1

	No process in device.
	Chip ID                        : 0

    PID    PPID COMMAND
