Waiting for NPU worker pid=2491707
EXP09_SETUP {"stage":"frontend","status":"start"}
EXP09_SETUP {"stage":"frontend","status":"done","elapsed_s":7.242021}
EXP09_SETUP {"stage":"model_load","status":"start"}
EXP09_SETUP {"stage":"model_load","status":"done","elapsed_s":10.115073}
EXP09_SETUP {"stage":"decode_compact_vocab","status":"start"}
EXP09_SETUP {"stage":"decode_compact_vocab","status":"done","elapsed_s":0.02553}
EXP09_SETUP {"stage":"vision_mlp_padding","status":"start"}
EXP09_SETUP {"stage":"vision_mlp_padding","status":"done","elapsed_s":0.028723}
EXP09_SETUP {"stage":"vision_attention_weight_padding","status":"start"}
EXP09_SETUP {"stage":"vision_attention_weight_padding","status":"done","elapsed_s":0.066804}
EXP09_SETUP {"stage":"vision_weight_format","status":"start"}
EXP09_SETUP {"stage":"vision_weight_format","status":"done","elapsed_s":6.3234}
EXP09_SETUP {"stage":"decode_optimization_setup","status":"start"}
EXP09_SETUP {"stage":"decode_optimization_setup","status":"done","elapsed_s":0.530036}
EXP09_SETUP {"stage":"decode_weight_format","status":"start"}
EXP09_SETUP {"stage":"decode_weight_format","status":"done","elapsed_s":0.016744}
EXP09_SETUP {"stage":"vision_runtime","status":"start"}
EXP09_SETUP {"stage":"vision_runtime","status":"done","elapsed_s":6.313523}
EXP09_SETUP {"stage":"text_prefill_runtime","status":"start"}
EXP09_SETUP {"stage":"text_prefill_runtime","status":"done","elapsed_s":3.255374}
EXP09_SETUP {"stage":"text_decode_runtime","status":"start"}
.EXP09_SETUP {"stage":"text_decode_runtime","status":"done","elapsed_s":13.873339}
EXP09_SETUP {"stage":"private_cache_pool","status":"start"}
EXP09_SETUP {"stage":"private_cache_pool","status":"done","elapsed_s":0.006311}
EXP09_SETUP {"stage":"decode_control","status":"start"}
EXP09_SETUP {"stage":"decode_control","status":"done","elapsed_s":0.00397}
EXP09_SETUP {"stage":"recognizer_runtime","status":"done","elapsed_s":48.675532}
READY http://127.0.0.1:8767 worker_pid=2491707
SERVICE_SUMMARY /workspace/repos/paddle_ocr_vl_npu/tmp/09_persistent_page_engine/oracle_admission_20260905/run_37e42bc0/setup_service.json
