OCR API ready worker_pid=None; preparing table crops in RAM
Frozen ALL cohort: 665 tables (121 LaTeX, 544 non-LaTeX)
Scheduled 100 Poisson arrivals at 7 QPS; request limit=100; last scheduled arrival at 14.445s; HTTP endpoint=http://127.0.0.1:18081/v1/chat/completions
Writing each completion to tmp/09_persistent_page_engine/table_vllm_poisson_sweep100_budgets_qps1to8_324dd85a_20260908/budget4096/qps7/measured/results.jsonl
[   0.021s] SEND #00001 table=page_001375_table_1 lag=   0.6ms active=1
[   0.292s] SEND #00002 table=page_000256_table_box_id_1 lag=   2.3ms active=2
[   0.496s] SEND #00003 table=page_000918_table_6 lag=   1.1ms active=3
[   0.538s] SEND #00004 table=page_001130_table_1 lag=   0.8ms active=4
[   0.636s] SEND #00005 table=page_000758_table_21 lag=   1.0ms active=5
[   0.721s] SEND #00006 table=page_001202_table_3 lag=   0.7ms active=6
[   0.872s] SEND #00007 table=page_000636_table_5 lag=   1.3ms active=7
[   1.094s] SEND #00008 table=page_000254_table_box_id_4 lag=   0.6ms active=8
[   1.109s] SEND #00009 table=page_000178_table_box_id_1 lag=   1.8ms active=9
[   1.112s] SEND #00010 table=page_000220_table_box_id_7 lag=   0.9ms active=10
[   1.370s] SEND #00011 table=page_000505_table_1 lag=   0.9ms active=11
[   1.400s] RECV #00005 table=page_000758_table_21 request= 0.764s scheduled= 0.765s status=ok active=10
[   1.451s] SEND #00012 table=page_000418_table_3 lag=   1.1ms active=11
[   1.657s] SEND #00013 table=page_000266_table_box_id_7 lag=   1.0ms active=12
[   1.657s] SEND #00014 table=page_001375_table_4 lag=   1.1ms active=13
[   1.741s] SEND #00015 table=page_001158_table_3 lag=   1.1ms active=14
[   1.923s] SEND #00016 table=page_000930_table_7 lag=   0.5ms active=15
[   1.961s] SEND #00017 table=page_001198_table_8 lag=   1.6ms active=16
[   2.325s] RECV #00004 table=page_001130_table_1 request= 1.787s scheduled= 1.787s status=ok active=15
[   2.358s] RECV #00003 table=page_000918_table_6 request= 1.862s scheduled= 1.863s status=ok active=14
[   2.375s] SEND #00018 table=page_000434_table_15 lag=   0.5ms active=15
[   2.390s] RECV #00002 table=page_000256_table_box_id_1 request= 2.098s scheduled= 2.100s status=ok active=14
[   2.461s] RECV #00007 table=page_000636_table_5 request= 1.589s scheduled= 1.590s status=ok active=13
[   2.707s] SEND #00019 table=page_000534_table_4 lag=   1.0ms active=14
[   2.711s] SEND #00020 table=page_001161_table_3 lag=   0.7ms active=15
[   2.715s] SEND #00021 table=page_000566_table_3 lag=   1.0ms active=16
[   2.826s] SEND #00022 table=page_001200_table_2 lag=   0.9ms active=17
[   3.226s] SEND #00023 table=page_000246_table_box_id_6 lag=   1.0ms active=18
[   3.286s] RECV #00016 table=page_000930_table_7 request= 1.363s scheduled= 1.364s status=ok active=17
[   3.295s] SEND #00024 table=page_001193_table_4 lag=   1.0ms active=18
[   3.330s] SEND #00025 table=page_001270_table_box_id_1 lag=   1.1ms active=19
[   3.408s] SEND #00026 table=page_000592_table_3 lag=   0.7ms active=20
[   3.412s] SEND #00027 table=page_000494_table_7 lag=   0.7ms active=21
[   3.448s] SEND #00028 table=page_000535_table_1 lag=   0.6ms active=22
[   3.531s] SEND #00029 table=page_001186_table_5 lag=   1.2ms active=23
[   3.628s] SEND #00030 table=page_001375_table_31 lag=   1.2ms active=24
[   3.666s] SEND #00031 table=page_000218_table_box_id_4 lag=   0.9ms active=25
[   3.704s] SEND #00032 table=page_001368_table_box_id_278 lag=   1.2ms active=26
[   3.728s] RECV #00013 table=page_000266_table_box_id_7 request= 2.072s scheduled= 2.073s status=ok active=25
[   3.739s] SEND #00033 table=page_001180_table_15 lag=   0.7ms active=26
[   3.827s] SEND #00034 table=page_000266_table_box_id_9 lag=   1.6ms active=27
[   3.875s] SEND #00035 table=page_000762_table_5 lag=   0.5ms active=28
[   3.878s] SEND #00036 table=page_000499_table_0 lag=   0.2ms active=29
[   4.138s] SEND #00037 table=page_000642_table_8 lag=   0.6ms active=30
[   4.254s] SEND #00038 table=page_000659_table_5 lag=   0.8ms active=31
[   4.402s] SEND #00039 table=page_001128_table_2 lag=   1.1ms active=32
[   4.431s] SEND #00040 table=page_001176_table_4 lag=   0.9ms active=33
[   4.502s] RECV #00023 table=page_000246_table_box_id_6 request= 1.275s scheduled= 1.276s status=ok active=32
[   5.131s] SEND #00041 table=page_001154_table_10 lag=   1.0ms active=33
[   5.178s] RECV #00015 table=page_001158_table_3 request= 3.437s scheduled= 3.438s status=ok active=32
[   5.411s] SEND #00042 table=page_000467_table_17 lag=   0.6ms active=33
[   5.431s] SEND #00043 table=page_000647_table_3 lag=   2.0ms active=34
[   5.488s] SEND #00044 table=page_001493_table_box_id_13 lag=   1.1ms active=35
[   5.670s] SEND #00045 table=page_000605_table_3 lag=   0.4ms active=36
[   5.848s] SEND #00046 table=page_001117_table_box_id_17 lag=   0.8ms active=37
[   5.864s] RECV #00018 table=page_000434_table_15 request= 3.488s scheduled= 3.489s status=ok active=36
[   6.242s] SEND #00047 table=page_000509_table_0 lag=   1.3ms active=37
[   6.263s] RECV #00017 table=page_001198_table_8 request= 4.301s scheduled= 4.303s status=ok active=36
[   6.320s] SEND #00048 table=page_000565_table_1 lag=   0.8ms active=37
[   6.573s] SEND #00049 table=page_000841_table_22 lag=   0.9ms active=38
[   6.731s] SEND #00050 table=page_000922_table_12 lag=   0.6ms active=39
[   6.783s] SEND #00051 table=page_001169_table_11 lag=   0.5ms active=40
[   6.909s] SEND #00052 table=page_000287_table_box_id_8 lag=   0.9ms active=41
[   6.936s] RECV #00019 table=page_000534_table_4 request= 4.229s scheduled= 4.230s status=ok active=40
[   7.101s] RECV #00024 table=page_001193_table_4 request= 3.807s scheduled= 3.808s status=ok active=39
[   7.215s] SEND #00053 table=page_000246_table_box_id_6 lag=   0.6ms active=40
[   7.232s] RECV #00012 table=page_000418_table_3 request= 5.781s scheduled= 5.782s status=ok active=39
[   7.482s] SEND #00054 table=page_000737_table_6 lag=   0.4ms active=40
[   7.562s] RECV #00010 table=page_000220_table_box_id_7 request= 6.450s scheduled= 6.451s status=ok active=39
[   7.583s] SEND #00055 table=page_000250_table_box-stnne6dt lag=   0.7ms active=40
[   7.710s] SEND #00056 table=page_000647_table_6 lag=   0.6ms active=41
[   7.715s] SEND #00057 table=page_000652_table_2 lag=   0.4ms active=42
[   7.755s] SEND #00058 table=page_001367_table_70 lag=   0.5ms active=43
[   7.759s] RECV #00030 table=page_001375_table_31 request= 4.130s scheduled= 4.131s status=ok active=42
[   7.922s] RECV #00008 table=page_000254_table_box_id_4 request= 6.829s scheduled= 6.829s status=ok active=41
[   7.983s] SEND #00059 table=page_001368_table_box_id_163 lag=   0.8ms active=42
[   8.060s] SEND #00060 table=page_000468_table_1 lag=   1.1ms active=43
[   8.088s] SEND #00061 table=page_000838_table_4 lag=   1.8ms active=44
[   8.180s] RECV #00029 table=page_001186_table_5 request= 4.649s scheduled= 4.650s status=ok active=43
[   8.200s] SEND #00062 table=page_000665_table_3 lag=   0.4ms active=44
[   8.374s] SEND #00063 table=page_001595_table_box_id_14 lag=   0.8ms active=45
[   8.494s] RECV #00032 table=page_001368_table_box_id_278 request= 4.790s scheduled= 4.792s status=ok active=44
[   8.534s] SEND #00064 table=page_000818_table_1 lag=   0.3ms active=45
[   8.602s] SEND #00065 table=page_000937_table_0 lag=   2.0ms active=46
[   8.684s] SEND #00066 table=page_000222_table_box_id_1 lag=   0.7ms active=47
[   8.786s] SEND #00067 table=page_000744_table_11 lag=   1.1ms active=48
[   9.001s] SEND #00068 table=page_000284_table_box_id_0 lag=   0.9ms active=49
[   9.035s] RECV #00021 table=page_000566_table_3 request= 6.320s scheduled= 6.321s status=ok active=48
[   9.105s] SEND #00069 table=page_000266_table_box_id_1 lag=   0.2ms active=49
[   9.163s] RECV #00027 table=page_000494_table_7 request= 5.751s scheduled= 5.752s status=ok active=48
[   9.177s] SEND #00070 table=page_001368_table_box_id_271 lag=   1.2ms active=49
[   9.273s] SEND #00071 table=page_000467_table_17 lag=   0.9ms active=50
[   9.278s] SEND #00072 table=page_000737_table_0 lag=   0.9ms active=51
[   9.284s] SEND #00073 table=page_000526_table_7 lag=   0.6ms active=52
[   9.289s] RECV #00035 table=page_000762_table_5 request= 5.413s scheduled= 5.414s status=ok active=51
[   9.457s] SEND #00074 table=page_001011_table_30 lag=   0.5ms active=52
[   9.489s] RECV #00038 table=page_000659_table_5 request= 5.235s scheduled= 5.236s status=ok active=51
[   9.870s] RECV #00006 table=page_001202_table_3 request= 9.148s scheduled= 9.149s status=ok active=50
[   9.975s] RECV #00034 table=page_000266_table_box_id_9 request= 6.147s scheduled= 6.149s status=ok active=49
[  10.041s] SEND #00075 table=page_000246_table_box_id_11 lag=   1.0ms active=50
[  10.089s] RECV #00020 table=page_001161_table_3 request= 7.378s scheduled= 7.379s status=ok active=49
[  10.169s] SEND #00076 table=page_000676_table_2 lag=   0.4ms active=50
[  10.241s] SEND #00077 table=page_001368_table_box_id_268 lag=   0.6ms active=51
[  10.268s] SEND #00078 table=page_000190_table_box_id_0 lag=   1.6ms active=52
[  10.353s] RECV #00033 table=page_001180_table_15 request= 6.614s scheduled= 6.615s status=ok active=51
[  10.367s] SEND #00079 table=page_001368_table_box_id_227 lag=   0.7ms active=52
[  10.588s] RECV #00043 table=page_000647_table_3 request= 5.157s scheduled= 5.159s status=ok active=51
[  10.942s] SEND #00080 table=page_001134_table_9 lag=   1.1ms active=52
[  11.048s] RECV #00011 table=page_000505_table_1 request= 9.678s scheduled= 9.679s status=ok active=51
[  11.153s] SEND #00081 table=page_000591_table_3 lag=   1.7ms active=52
[  11.263s] SEND #00082 table=page_000210_table_box_id_4 lag=   1.3ms active=53
[  11.287s] RECV #00045 table=page_000605_table_3 request= 5.618s scheduled= 5.618s status=ok active=52
[  11.425s] RECV #00028 table=page_000535_table_1 request= 7.977s scheduled= 7.978s status=ok active=51
[  11.545s] SEND #00083 table=page_000649_table_8 lag=   1.5ms active=52
[  11.583s] SEND #00084 table=page_000289_table_box_id_4 lag=   2.0ms active=53
[  11.685s] SEND #00085 table=page_001190_table_8 lag=   1.3ms active=54
[  11.896s] RECV #00001 table=page_001375_table_1 request=11.875s scheduled=11.875s status=ok active=53
[  12.004s] RECV #00009 table=page_000178_table_box_id_1 request=10.895s scheduled=10.897s status=ok active=52
[  12.120s] SEND #00086 table=page_000211_table_box_id_3 lag=   0.8ms active=53
[  12.203s] RECV #00046 table=page_001117_table_box_id_17 request= 6.356s scheduled= 6.357s status=ok active=52
[  12.243s] SEND #00087 table=page_001182_table_3 lag=   0.3ms active=53
[  12.332s] SEND #00088 table=page_000242_table_box-mhg591pb lag=   1.5ms active=54
[  12.375s] SEND #00089 table=page_001274_table_4 lag=   0.4ms active=55
[  12.489s] SEND #00090 table=page_001177_table_2 lag=   0.3ms active=56
[  12.501s] RECV #00049 table=page_000841_table_22 request= 5.928s scheduled= 5.929s status=ok active=55
[  12.940s] SEND #00091 table=page_001202_table_3 lag=   1.3ms active=56
[  12.940s] SEND #00092 table=page_001158_table_3 lag=   1.1ms active=57
[  13.098s] RECV #00036 table=page_000499_table_0 request= 9.220s scheduled= 9.220s status=ok active=56
[  13.158s] SEND #00093 table=page_000641_table_8 lag=   0.5ms active=57
[  13.404s] SEND #00094 table=page_000657_table_6 lag=   0.5ms active=58
[  13.546s] RECV #00044 table=page_001493_table_box_id_13 request= 8.058s scheduled= 8.059s status=ok active=57
[  13.648s] RECV #00031 table=page_000218_table_box_id_4 request= 9.982s scheduled= 9.983s status=ok active=56
[  13.714s] SEND #00095 table=page_000626_table_box_id_4 lag=   0.8ms active=57
[  13.903s] RECV #00051 table=page_001169_table_11 request= 7.120s scheduled= 7.121s status=ok active=56
[  13.907s] SEND #00096 table=page_000829_table_4 lag=   0.7ms active=57
[  14.145s] SEND #00097 table=page_000468_table_11 lag=   2.3ms active=58
[  14.191s] RECV #00041 table=page_001154_table_10 request= 9.060s scheduled= 9.061s status=ok active=57
[  14.248s] SEND #00098 table=page_000434_table_16 lag=   0.9ms active=58
[  14.366s] SEND #00099 table=page_001175_table_2 lag=   0.8ms active=59
[  14.445s] SEND #00100 table=page_001230_table_box_id_1 lag=   0.8ms active=60
[  14.593s] RECV #00053 table=page_000246_table_box_id_6 request= 7.378s scheduled= 7.379s status=ok active=59
[  14.706s] RECV #00056 table=page_000647_table_6 request= 6.996s scheduled= 6.997s status=ok active=58
[  15.193s] RECV #00054 table=page_000737_table_6 request= 7.710s scheduled= 7.711s status=ok active=57
[  15.291s] RECV #00050 table=page_000922_table_12 request= 8.560s scheduled= 8.560s status=ok active=56
[  15.538s] RECV #00048 table=page_000565_table_1 request= 9.219s scheduled= 9.220s status=ok active=55
[  15.650s] RECV #00059 table=page_001368_table_box_id_163 request= 7.667s scheduled= 7.668s status=ok active=54
[  15.847s] RECV #00062 table=page_000665_table_3 request= 7.647s scheduled= 7.647s status=ok active=53
[  16.106s] RECV #00022 table=page_001200_table_2 request=13.280s scheduled=13.281s status=ok active=52
[  16.235s] RECV #00061 table=page_000838_table_4 request= 8.147s scheduled= 8.149s status=ok active=51
[  16.613s] RECV #00060 table=page_000468_table_1 request= 8.554s scheduled= 8.555s status=ok active=50
[  16.807s] RECV #00025 table=page_001270_table_box_id_1 request=13.477s scheduled=13.478s status=ok active=49
[  17.083s] RECV #00064 table=page_000818_table_1 request= 8.549s scheduled= 8.549s status=ok active=48
[  17.513s] RECV #00039 table=page_001128_table_2 request=13.112s scheduled=13.113s status=ok active=47
[  17.678s] RECV #00067 table=page_000744_table_11 request= 8.893s scheduled= 8.894s status=ok active=46
[  17.825s] RECV #00026 table=page_000592_table_3 request=14.417s scheduled=14.418s status=ok active=45
[  18.176s] RECV #00058 table=page_001367_table_70 request=10.421s scheduled=10.422s status=ok active=44
[  18.330s] RECV #00057 table=page_000652_table_2 request=10.615s scheduled=10.615s status=ok active=43
[  18.696s] RECV #00065 table=page_000937_table_0 request=10.094s scheduled=10.096s status=ok active=42
[  18.872s] RECV #00037 table=page_000642_table_8 request=14.734s scheduled=14.735s status=ok active=41
[  19.266s] RECV #00070 table=page_001368_table_box_id_271 request=10.089s scheduled=10.090s status=ok active=40
[  19.406s] RECV #00040 table=page_001176_table_4 request=14.975s scheduled=14.976s status=ok active=39
[  19.520s] RECV #00014 table=page_001375_table_4 request=17.863s scheduled=17.864s status=ok active=38
[  19.693s] RECV #00077 table=page_001368_table_box_id_268 request= 9.452s scheduled= 9.453s status=ok active=37
[  19.916s] RECV #00066 table=page_000222_table_box_id_1 request=11.233s scheduled=11.233s status=ok active=36
[  20.020s] RECV #00069 table=page_000266_table_box_id_1 request=10.915s scheduled=10.915s status=ok active=35
[  20.296s] RECV #00073 table=page_000526_table_7 request=11.012s scheduled=11.013s status=ok active=34
[  20.726s] RECV #00063 table=page_001595_table_box_id_14 request=12.352s scheduled=12.353s status=ok active=33
[  20.830s] RECV #00075 table=page_000246_table_box_id_11 request=10.789s scheduled=10.790s status=ok active=32
[  20.985s] RECV #00078 table=page_000190_table_box_id_0 request=10.716s scheduled=10.718s status=ok active=31
[  21.120s] RECV #00042 table=page_000467_table_17 request=15.709s scheduled=15.709s status=ok active=30
[  21.326s] RECV #00047 table=page_000509_table_0 request=15.084s scheduled=15.086s status=ok active=29
[  21.960s] RECV #00082 table=page_000210_table_box_id_4 request=10.696s scheduled=10.697s status=ok active=28
[  22.283s] RECV #00072 table=page_000737_table_0 request=13.005s scheduled=13.006s status=ok active=27
[  22.706s] RECV #00083 table=page_000649_table_8 request=11.161s scheduled=11.163s status=ok active=26
[  22.848s] RECV #00081 table=page_000591_table_3 request=11.695s scheduled=11.697s status=ok active=25
[  24.238s] RECV #00079 table=page_001368_table_box_id_227 request=13.871s scheduled=13.872s status=ok active=24
[  25.066s] RECV #00087 table=page_001182_table_3 request=12.823s scheduled=12.824s status=ok active=23
[  25.198s] RECV #00088 table=page_000242_table_box-mhg591pb request=12.867s scheduled=12.868s status=ok active=22
[  25.355s] RECV #00055 table=page_000250_table_box-stnne6dt request=17.772s scheduled=17.773s status=ok active=21
[  25.356s] RECV #00086 table=page_000211_table_box_id_3 request=13.236s scheduled=13.237s status=ok active=20
[  25.544s] RECV #00094 table=page_000657_table_6 request=12.141s scheduled=12.141s status=ok active=19
[  26.344s] RECV #00074 table=page_001011_table_30 request=16.887s scheduled=16.887s status=ok active=18
[  26.498s] RECV #00093 table=page_000641_table_8 request=13.340s scheduled=13.340s status=ok active=17
[  26.684s] RECV #00096 table=page_000829_table_4 request=12.776s scheduled=12.777s status=ok active=16
[  26.780s] RECV #00097 table=page_000468_table_11 request=12.634s scheduled=12.637s status=ok active=15
[  26.924s] RECV #00085 table=page_001190_table_8 request=15.239s scheduled=15.240s status=ok active=14
[  27.117s] RECV #00090 table=page_001177_table_2 request=14.628s scheduled=14.628s status=ok active=13
[  27.155s] RECV #00092 table=page_001158_table_3 request=14.215s scheduled=14.216s status=ok active=12
[  27.567s] RECV #00071 table=page_000467_table_17 request=18.294s scheduled=18.295s status=ok active=11
[  27.690s] RECV #00076 table=page_000676_table_2 request=17.521s scheduled=17.521s status=ok active=10
[  27.718s] RECV #00098 table=page_000434_table_16 request=13.469s scheduled=13.470s status=ok active=9
[  27.810s] RECV #00080 table=page_001134_table_9 request=16.868s scheduled=16.869s status=ok active=8
[  28.864s] RECV #00100 table=page_001230_table_box_id_1 request=14.419s scheduled=14.420s status=ok active=7
[  29.422s] RECV #00091 table=page_001202_table_3 request=16.482s scheduled=16.484s status=ok active=6
[  30.558s] RECV #00099 table=page_001175_table_2 request=16.192s scheduled=16.193s status=ok active=5
[  34.228s] RECV #00052 table=page_000287_table_box_id_8 request=27.318s scheduled=27.319s status=ok active=4
[  34.674s] RECV #00068 table=page_000284_table_box_id_0 request=25.673s scheduled=25.674s status=ok active=3
[  39.032s] RECV #00095 table=page_000626_table_box_id_4 request=25.318s scheduled=25.318s status=ok active=2
[  44.474s] RECV #00089 table=page_001274_table_4 request=32.098s scheduled=32.099s status=ok active=1
[  46.445s] RECV #00084 table=page_000289_table_box_id_4 request=34.862s scheduled=34.864s status=ok active=0
DONE completed=100 failed=0 max_active=60 p50=10.036s p95=18.646s max=34.864s
Summary: tmp/09_persistent_page_engine/table_vllm_poisson_sweep100_budgets_qps1to8_324dd85a_20260908/budget4096/qps7/measured/summary.json
