b8-uint8 API ready worker_pid=96293; preloading 100 distinct crops for 100 requests
b8-uint8 crops preloaded 50/100
b8-uint8 crops preloaded 100/100
b8-uint8 payloads ready bytes=34840674
SEND b8-uint8 01/100 table=page_000287_table_box_id_8 active=1
SEND b8-uint8 02/100 table=page_001367_table_51 active=2
SEND b8-uint8 03/100 table=page_000236_table_box_id_1 active=3
SEND b8-uint8 04/100 table=page_000634_table_11 active=4
SEND b8-uint8 05/100 table=page_000272_table_box_id_1 active=5
SEND b8-uint8 06/100 table=page_001172_table_16 active=6
SEND b8-uint8 07/100 table=page_001137_table_2 active=7
SEND b8-uint8 08/100 table=page_001150_table_box_id_9 active=8
RECV b8-uint8 03/100 rank=324 id=page_000236_table_box_id_1 latency=0.8648s status=ok active=7
SEND b8-uint8 09/100 table=page_000920_table_8 active=8
RECV b8-uint8 06/100 rank=337 id=page_001172_table_16 latency=0.8812s status=ok active=7
SEND b8-uint8 10/100 table=page_000524_table_0 active=8
RECV b8-uint8 08/100 rank=255 id=page_001150_table_box_id_9 latency=1.1891s status=ok active=7
SEND b8-uint8 11/100 table=page_000256_table_box_id_8 active=8
RECV b8-uint8 04/100 rank=225 id=page_000634_table_11 latency=1.3339s status=ok active=7
SEND b8-uint8 12/100 table=page_001166_table_9 active=8
RECV b8-uint8 09/100 rank=368 id=page_000920_table_8 latency=0.5645s status=ok active=7
SEND b8-uint8 13/100 table=page_000211_table_box_id_3 active=8
RECV b8-uint8 02/100 rank=65 id=page_001367_table_51 latency=1.4404s status=ok active=7
SEND b8-uint8 14/100 table=page_000933_table_10 active=8
RECV b8-uint8 12/100 rank=436 id=page_001166_table_9 latency=0.4325s status=ok active=7
SEND b8-uint8 15/100 table=page_001129_table_8 active=8
RECV b8-uint8 14/100 rank=504 id=page_000933_table_10 latency=0.3406s status=ok active=7
SEND b8-uint8 16/100 table=page_001375_table_7 active=8
RECV b8-uint8 11/100 rank=336 id=page_000256_table_box_id_8 latency=0.6110s status=ok active=7
SEND b8-uint8 17/100 table=page_000106_table_box_id_2 active=8
RECV b8-uint8 07/100 rank=151 id=page_001137_table_2 latency=2.0123s status=ok active=7
SEND b8-uint8 18/100 table=page_001134_table_10 active=8
RECV b8-uint8 16/100 rank=458 id=page_001375_table_7 latency=0.4714s status=ok active=7
SEND b8-uint8 19/100 table=page_000642_table_8 active=8
RECV b8-uint8 13/100 rank=201 id=page_000211_table_box_id_3 latency=1.0946s status=ok active=7
SEND b8-uint8 20/100 table=page_000564_table_7 active=8
RECV b8-uint8 10/100 rank=140 id=page_000524_table_0 latency=1.6615s status=ok active=7
SEND b8-uint8 21/100 table=page_001368_table_box_id_242 active=8
RECV b8-uint8 17/100 rank=208 id=page_000106_table_box_id_2 latency=1.0896s status=ok active=7
SEND b8-uint8 22/100 table=page_000263_table_box_id_7 active=8
RECV b8-uint8 21/100 rank=497 id=page_001368_table_box_id_242 latency=0.3507s status=ok active=7
SEND b8-uint8 23/100 table=page_000746_table_18 active=8
RECV b8-uint8 20/100 rank=334 id=page_000564_table_7 latency=0.5263s status=ok active=7
SEND b8-uint8 24/100 table=page_000213_table_box_id_5 active=8
RECV b8-uint8 18/100 rank=134 id=page_001134_table_10 latency=1.5479s status=ok active=7
SEND b8-uint8 25/100 table=page_000206_table_box_id_1 active=8
RECV b8-uint8 15/100 rank=107 id=page_001129_table_8 latency=1.9129s status=ok active=7
SEND b8-uint8 26/100 table=page_000209_table_box_id_1 active=8
RECV b8-uint8 24/100 rank=215 id=page_000213_table_box_id_5 latency=0.7875s status=ok active=7
SEND b8-uint8 27/100 table=page_001216_table_2 active=8
RECV b8-uint8 19/100 rank=128 id=page_000642_table_8 latency=1.5950s status=ok active=7
SEND b8-uint8 28/100 table=page_000188_table_box_id_6 active=8
RECV b8-uint8 26/100 rank=432 id=page_000209_table_box_id_1 latency=0.3757s status=ok active=7
SEND b8-uint8 29/100 table=page_000921_table_9 active=8
RECV b8-uint8 23/100 rank=161 id=page_000746_table_18 latency=1.2247s status=ok active=7
SEND b8-uint8 30/100 table=page_000533_table_8 active=8
RECV b8-uint8 25/100 rank=309 id=page_000206_table_box_id_1 latency=0.8244s status=ok active=7
SEND b8-uint8 31/100 table=page_001123_table_14 active=8
RECV b8-uint8 29/100 rank=460 id=page_000921_table_9 latency=0.5062s status=ok active=7
SEND b8-uint8 32/100 table=page_001503_table_5 active=8
RECV b8-uint8 28/100 rank=240 id=page_000188_table_box_id_6 latency=0.7493s status=ok active=7
SEND b8-uint8 33/100 table=page_001197_table_5 active=8
RECV b8-uint8 32/100 rank=526 id=page_001503_table_5 latency=0.2078s status=ok active=7
SEND b8-uint8 34/100 table=page_000542_table_0 active=8
RECV b8-uint8 30/100 rank=399 id=page_000533_table_8 latency=0.6764s status=ok active=7
SEND b8-uint8 35/100 table=page_001130_table_1 active=8
RECV b8-uint8 31/100 rank=413 id=page_001123_table_14 latency=0.5619s status=ok active=7
SEND b8-uint8 36/100 table=page_001595_table_box_id_9 active=8
RECV b8-uint8 35/100 rank=572 id=page_001130_table_1 latency=0.2333s status=ok active=7
SEND b8-uint8 37/100 table=page_001233_table_6 active=8
RECV b8-uint8 01/100 rank=24 id=page_000287_table_box_id_8 latency=5.1157s status=ok active=7
SEND b8-uint8 38/100 table=page_000585_table_1 active=8
RECV b8-uint8 36/100 rank=561 id=page_001595_table_box_id_9 latency=0.1857s status=ok active=7
SEND b8-uint8 39/100 table=page_000821_table_box_id_26 active=8
RECV b8-uint8 27/100 rank=186 id=page_001216_table_2 latency=1.3442s status=ok active=7
SEND b8-uint8 40/100 table=page_000566_table_3 active=8
RECV b8-uint8 39/100 rank=617 id=page_000821_table_box_id_26 latency=0.3529s status=ok active=7
SEND b8-uint8 41/100 table=page_000534_table_4 active=8
RECV b8-uint8 34/100 rank=219 id=page_000542_table_0 latency=1.0565s status=ok active=7
SEND b8-uint8 42/100 table=page_001141_table_13 active=8
RECV b8-uint8 37/100 rank=241 id=page_001233_table_6 latency=0.9323s status=ok active=7
SEND b8-uint8 43/100 table=page_000665_table_3 active=8
RECV b8-uint8 43/100 rank=662 id=page_000665_table_3 latency=0.0470s status=ok active=7
SEND b8-uint8 44/100 table=page_001417_table_2 active=8
RECV b8-uint8 44/100 rank=587 id=page_001417_table_2 latency=0.1434s status=ok active=7
SEND b8-uint8 45/100 table=page_001117_table_box_id_7 active=8
RECV b8-uint8 41/100 rank=221 id=page_000534_table_4 latency=0.7739s status=ok active=7
SEND b8-uint8 46/100 table=page_001270_table_box_id_1 active=8
RECV b8-uint8 40/100 rank=167 id=page_000566_table_3 latency=1.2284s status=ok active=7
SEND b8-uint8 47/100 table=page_000261_table_box_id_3 active=8
RECV b8-uint8 38/100 rank=159 id=page_000585_table_1 latency=1.3169s status=ok active=7
SEND b8-uint8 48/100 table=page_000505_table_1 active=8
RECV b8-uint8 45/100 rank=483 id=page_001117_table_box_id_7 latency=0.3256s status=ok active=7
SEND b8-uint8 49/100 table=page_000682_table_15 active=8
RECV b8-uint8 33/100 rank=118 id=page_001197_table_5 latency=1.9273s status=ok active=7
SEND b8-uint8 50/100 table=page_000275_table_box_id_1 active=8
RECV b8-uint8 42/100 rank=280 id=page_001141_table_13 latency=0.7194s status=ok active=7
SEND b8-uint8 51/100 table=page_000789_table_34 active=8
RECV b8-uint8 51/100 rank=639 id=page_000789_table_34 latency=0.3528s status=ok active=7
SEND b8-uint8 52/100 table=page_001177_table_2 active=8
RECV b8-uint8 49/100 rank=507 id=page_000682_table_15 latency=0.5281s status=ok active=7
SEND b8-uint8 53/100 table=page_001398_table_box-13qv1ztw active=8
RECV b8-uint8 22/100 rank=31 id=page_000263_table_box_id_7 latency=4.3054s status=ok active=7
SEND b8-uint8 54/100 table=page_001183_table_11 active=8
RECV b8-uint8 53/100 rank=511 id=page_001398_table_box-13qv1ztw latency=0.2259s status=ok active=7
SEND b8-uint8 55/100 table=page_000507_table_0 active=8
RECV b8-uint8 55/100 rank=396 id=page_000507_table_0 latency=0.3911s status=ok active=7
SEND b8-uint8 56/100 table=page_000710_table_9 active=8
RECV b8-uint8 54/100 rank=395 id=page_001183_table_11 latency=0.4315s status=ok active=7
SEND b8-uint8 57/100 table=page_000657_table_6 active=8
RECV b8-uint8 57/100 rank=659 id=page_000657_table_6 latency=0.1276s status=ok active=7
SEND b8-uint8 58/100 table=page_001368_table_box_id_227 active=8
RECV b8-uint8 52/100 rank=229 id=page_001177_table_2 latency=0.9165s status=ok active=7
SEND b8-uint8 59/100 table=page_001176_table_4 active=8
RECV b8-uint8 56/100 rank=514 id=page_000710_table_9 latency=0.2368s status=ok active=7
SEND b8-uint8 60/100 table=page_001181_table_6 active=8
RECV b8-uint8 48/100 rank=121 id=page_000505_table_1 latency=1.9078s status=ok active=7
SEND b8-uint8 61/100 table=page_000937_table_0 active=8
RECV b8-uint8 05/100 rank=09 id=page_000272_table_box_id_1 latency=8.3979s status=ok active=7
SEND b8-uint8 62/100 table=page_001368_table_box_id_237 active=8
RECV b8-uint8 46/100 rank=95 id=page_001270_table_box_id_1 latency=2.3072s status=ok active=7
SEND b8-uint8 63/100 table=page_000217_table_box_id_0 active=8
RECV b8-uint8 58/100 rank=264 id=page_001368_table_box_id_227 latency=0.9458s status=ok active=7
SEND b8-uint8 64/100 table=page_001159_table_5 active=8
RECV b8-uint8 62/100 rank=468 id=page_001368_table_box_id_237 latency=0.5089s status=ok active=7
SEND b8-uint8 65/100 table=page_000626_table_box_id_1 active=8
RECV b8-uint8 61/100 rank=350 id=page_000937_table_0 latency=0.5900s status=ok active=7
SEND b8-uint8 66/100 table=page_000984_table_2 active=8
RECV b8-uint8 63/100 rank=391 id=page_000217_table_box_id_0 latency=0.5375s status=ok active=7
SEND b8-uint8 67/100 table=page_001082_table_34 active=8
RECV b8-uint8 66/100 rank=625 id=page_000984_table_2 latency=0.1785s status=ok active=7
SEND b8-uint8 68/100 table=page_000467_table_17 active=8
RECV b8-uint8 59/100 rank=122 id=page_001176_table_4 latency=1.7496s status=ok active=7
SEND b8-uint8 69/100 table=page_000866_table_14 active=8
RECV b8-uint8 64/100 rank=224 id=page_001159_table_5 latency=0.8670s status=ok active=7
SEND b8-uint8 70/100 table=page_001227_table_10 active=8
RECV b8-uint8 47/100 rank=54 id=page_000261_table_box_id_3 latency=3.2434s status=ok active=7
SEND b8-uint8 71/100 table=page_000916_table_7 active=8
RECV b8-uint8 69/100 rank=419 id=page_000866_table_14 latency=0.5005s status=ok active=7
SEND b8-uint8 72/100 table=page_000251_table_box_id_7 active=8
RECV b8-uint8 71/100 rank=265 id=page_000916_table_7 latency=0.6090s status=ok active=7
SEND b8-uint8 73/100 table=page_001131_table_15 active=8
RECV b8-uint8 60/100 rank=72 id=page_001181_table_6 latency=2.4897s status=ok active=7
SEND b8-uint8 74/100 table=page_001183_table_12 active=8
RECV b8-uint8 67/100 rank=171 id=page_001082_table_34 latency=1.2690s status=ok active=7
SEND b8-uint8 75/100 table=page_000266_table_box_id_7 active=8
RECV b8-uint8 73/100 rank=469 id=page_001131_table_15 latency=0.3632s status=ok active=7
SEND b8-uint8 76/100 table=page_000447_table_12 active=8
RECV b8-uint8 75/100 rank=509 id=page_000266_table_box_id_7 latency=0.2608s status=ok active=7
SEND b8-uint8 77/100 table=page_001193_table_4 active=8
RECV b8-uint8 68/100 rank=120 id=page_000467_table_17 latency=1.8471s status=ok active=7
SEND b8-uint8 78/100 table=page_001368_table_box_id_239 active=8
RECV b8-uint8 74/100 rank=285 id=page_001183_table_12 latency=0.6793s status=ok active=7
SEND b8-uint8 79/100 table=page_000903_table_15 active=8
RECV b8-uint8 77/100 rank=342 id=page_001193_table_4 latency=0.5115s status=ok active=7
SEND b8-uint8 80/100 table=page_001167_table_2 active=8
RECV b8-uint8 72/100 rank=184 id=page_000251_table_box_id_7 latency=1.0928s status=ok active=7
SEND b8-uint8 81/100 table=page_000212_table_box_id_1 active=8
RECV b8-uint8 76/100 rank=371 id=page_000447_table_12 latency=0.5430s status=ok active=7
SEND b8-uint8 82/100 table=page_001147_table_10 active=8
RECV b8-uint8 79/100 rank=522 id=page_000903_table_15 latency=0.2341s status=ok active=7
SEND b8-uint8 83/100 table=page_000223_table_box_id_2 active=8
RECV b8-uint8 78/100 rank=512 id=page_001368_table_box_id_239 latency=0.3099s status=ok active=7
SEND b8-uint8 84/100 table=page_000716_table_0 active=8
RECV b8-uint8 84/100 rank=588 id=page_000716_table_0 latency=0.3401s status=ok active=7
SEND b8-uint8 85/100 table=page_000937_table_1 active=8
RECV b8-uint8 80/100 rank=422 id=page_001167_table_2 latency=0.6627s status=ok active=7
SEND b8-uint8 86/100 table=page_000465_table_10 active=8
RECV b8-uint8 85/100 rank=415 id=page_000937_table_1 latency=0.3711s status=ok active=7
SEND b8-uint8 87/100 table=page_000465_table_8 active=8
RECV b8-uint8 70/100 rank=75 id=page_001227_table_10 latency=2.5366s status=ok active=7
SEND b8-uint8 88/100 table=page_001179_table_6 active=8
RECV b8-uint8 86/100 rank=339 id=page_000465_table_10 latency=0.5738s status=ok active=7
SEND b8-uint8 89/100 table=page_000554_table_12 active=8
RECV b8-uint8 65/100 rank=44 id=page_000626_table_box_id_1 latency=3.5920s status=ok active=7
SEND b8-uint8 90/100 table=page_000199_table_box_id_0 active=8
RECV b8-uint8 87/100 rank=331 id=page_000465_table_8 latency=0.5687s status=ok active=7
SEND b8-uint8 91/100 table=page_000516_table_0 active=8
RECV b8-uint8 89/100 rank=538 id=page_000554_table_12 latency=0.1954s status=ok active=7
SEND b8-uint8 92/100 table=page_001214_table_8 active=8
RECV b8-uint8 81/100 rank=113 id=page_000212_table_box_id_1 latency=1.8853s status=ok active=7
SEND b8-uint8 93/100 table=page_001368_table_box_id_161 active=8
RECV b8-uint8 83/100 rank=114 id=page_000223_table_box_id_2 latency=1.8737s status=ok active=7
SEND b8-uint8 94/100 table=page_000577_table_3 active=8
RECV b8-uint8 92/100 rank=359 id=page_001214_table_8 latency=0.7175s status=ok active=7
SEND b8-uint8 95/100 table=page_000984_table_3 active=8
RECV b8-uint8 94/100 rank=382 id=page_000577_table_3 latency=0.4429s status=ok active=7
SEND b8-uint8 96/100 table=page_001187_table_0 active=8
RECV b8-uint8 82/100 rank=90 id=page_001147_table_10 latency=2.4279s status=ok active=7
SEND b8-uint8 97/100 table=page_000821_table_box_id_14 active=8
RECV b8-uint8 93/100 rank=332 id=page_001368_table_box_id_161 latency=0.7496s status=ok active=7
SEND b8-uint8 98/100 table=page_000833_table_4 active=8
RECV b8-uint8 97/100 rank=585 id=page_000821_table_box_id_14 latency=0.2895s status=ok active=7
SEND b8-uint8 99/100 table=page_001375_table_31 active=8
RECV b8-uint8 99/100 rank=631 id=page_001375_table_31 latency=0.2100s status=ok active=7
SEND b8-uint8 100/100 table=page_000645_table_7 active=8
RECV b8-uint8 95/100 rank=238 id=page_000984_table_3 latency=0.8648s status=ok active=7
RECV b8-uint8 50/100 rank=12 id=page_000275_table_box_id_1 latency=7.7005s status=ok active=6
RECV b8-uint8 98/100 rank=352 id=page_000833_table_4 latency=0.4574s status=ok active=5
RECV b8-uint8 91/100 rank=125 id=page_000516_table_0 latency=1.7340s status=ok active=4
RECV b8-uint8 100/100 rank=533 id=page_000645_table_7 latency=0.1985s status=ok active=3
RECV b8-uint8 90/100 rank=80 id=page_000199_table_box_id_0 latency=2.1462s status=ok active=2
RECV b8-uint8 88/100 rank=61 id=page_001179_table_6 latency=2.6138s status=ok active=1
RECV b8-uint8 96/100 rank=28 id=page_001187_table_0 latency=2.8667s status=ok active=0
DONE b8-uint8 requests=100 failures=0 max_in_flight=8 wall=16.4541s qps=6.0775 p50=0.7184s p95=3.2608s max=8.3979s
