START_WORKER source /usr/local/bin/npu-setup; export TORCH_DEVICE_BACKEND_AUTOLOAD=0 OMP_NUM_THREADS=1 ASCEND_RT_VISIBLE_DEVICES=7; source /workspace/rwkv_reference/wkv7_build_178d16e6/install/vendors/rwkv_reference/bin/set_env.bash; source /workspace/rwkv_reference/wkv7_endpoint_d7348673/install/vendors/rwkv_endpoint/bin/set_env.bash; export PATH=/usr/local/python3.12.13/bin:$PATH; cd /workspace/repos/rwkv-cpu-reference; exec /workspace/venvs/rwkv_cpu_py312/bin/python -u /workspace/repos/rwkv-cpu-reference/26_rwkv_inference/bench_reranker_sizes.py --models /workspace/rwkv_reference/models --cases-root /workspace/repos/rwkv-cpu-reference/tmp/26_rwkv_inference --upstream /workspace/rwkv_reference/upstream/reranker --reference-build /workspace/rwkv_reference/wkv7_build_178d16e6 --build-root /workspace/rwkv_reference/wkv7_endpoint_d7348673 --download-status /workspace/rwkv_reference/large_models_download/status.json --worker --allow-shared-device --size large --dtype fp16 --batch-size 1 --repeats 10 --bucket 512 --output /workspace/repos/rwkv-cpu-reference/tmp/26_rwkv_inference/reranker_largest_shared_73cb6a8a/probe_t512
npu-status: no free NPU found
ninja: no work to do.
ninja: no work to do.
namespace(head_size=64, n_embd=2048, n_layer=24)
CPU_GATE {"input_ids": [33193, 8872, 59, 36733, 332, 39415, 45, 57129, 33563, 36240, 33944, 21700, 37533, 43927, 63218, 65535], "states": [{"max_abs": 0.0046596527099609375, "normalized_rmse": 0.0005880591925233603, "finite": true}, {"max_abs": 0.09566497802734375, "normalized_rmse": 0.0004969288711436093, "finite": true}], "hidden": {"max_abs": 0.11690902709960938, "normalized_rmse": 0.0011051335604861379, "finite": true}, "logits": {"max_abs": 0.0027704238891601562, "normalized_rmse": 0.0006727067520841956, "finite": true}, "cpu_logits": [-4.11832332611084], "npu_logits": [-4.12109375], "seconds": 17.622962050008937}
WORKER_RESULT {"size": "large", "dtype": "fp16", "batch_size": 1, "gate_only": false, "bucket": 512, "source_commit": "73cb6a8a934d79b4639c1b66394b1cfabd0ba8c9", "physical_npu": "7", "shared_device": true, "all_checks_passed": false, "scope": "Prepared device inputs; uncached backbone plus state-readout head. Synchronized steady calls exclude CPU checks, compile, input transfers and tokenization.", "npu_status_before": "NPU 7: busy HBM=57130/65536MB AICore=2% Health=OK", "allocator_budget_bytes": 6442450944, "device": "Ascend910B2", "torch": "2.10.0+cpu", "torch_npu": "2.10.0.post2", "hbm_before": {"free_bytes": 8758968320, "total_bytes": 65452113920}, "state_dtype": "fp32", "checkpoint_sha256": "be7245cc832b43ed0df4873d49c1a831cb9972d27de3f8cc4950588fc8b9392d", "reranker_sha256": "4ab584f4da09bb6528a027a740b3752711e138188b5885ebd02581edc58cce8a", "architecture": {"backbone_layers": 24, "reranker_layers": 24, "width": 2048, "heads": 32, "head_size": 64, "selected_layers": [0, 1, 2, 3, 4, 5, 6, 7, 8, 9, 10, 11, 12, 13, 14, 15, 16, 17, 18, 19, 20, 21, 22, 23]}, "cases_sha256": "0a5e139202b3386e0dae793cda12c2a0803cf05dbd5b060a3cca084bd17d8dbe", "cpu_gate": {"input_ids": [33193, 8872, 59, 36733, 332, 39415, 45, 57129, 33563, 36240, 33944, 21700, 37533, 43927, 63218, 65535], "states": [{"max_abs": 0.0046596527099609375, "normalized_rmse": 0.0005880591925233603, "finite": true}, {"max_abs": 0.09566497802734375, "normalized_rmse": 0.0004969288711436093, "finite": true}], "hidden": {"max_abs": 0.11690902709960938, "normalized_rmse": 0.0011051335604861379, "finite": true}, "logits": {"max_abs": 0.0027704238891601562, "normalized_rmse": 0.0006727067520841956, "finite": true}, "cpu_logits": [-4.11832332611084], "npu_logits": [-4.12109375], "seconds": 17.622962050008937}, "valid_tokens": [257], "error": "AssertionError: {'max_abs': 0.1147308349609375, 'normalized_rmse': 0.0005839302903041244, 'finite': True}", "total_seconds": 40.860644480009796, "peak_hbm_bytes": {"allocated": 5798991872, "reserved": 6251610112}}
Traceback (most recent call last):
  File "/workspace/repos/rwkv-cpu-reference/26_rwkv_inference/bench_reranker_sizes.py", line 236, in <module>
    if __name__=='__main__':main()
                            ^^^^^^
  File "/workspace/repos/rwkv-cpu-reference/26_rwkv_inference/bench_reranker_sizes.py", line 233, in main
    worker(args) if args.worker else coordinate(args)
    ^^^^^^^^^^^^
  File "/workspace/repos/rwkv-cpu-reference/26_rwkv_inference/bench_reranker_sizes.py", line 120, in worker
    require(batched, x, .02, .005)
  File "/workspace/repos/rwkv-cpu-reference/26_rwkv_inference/run_reranker_smoke.py", line 101, in require
    raise AssertionError(m)
AssertionError: {'max_abs': 0.1147308349609375, 'normalized_rmse': 0.0005839302903041244, 'finite': True}
[ERROR] 2026-10-07-08:06:08 (PID:98104, Device:0, RankID:-1) ERR99999 UNKNOWN applicaiton exception
