OCR API ready worker_pid=None; preparing table crops in RAM
Frozen ALL cohort: 665 tables (121 LaTeX, 544 non-LaTeX)
Scheduled 100 Poisson arrivals at 3 QPS; request limit=100; last scheduled arrival at 33.704s; HTTP endpoint=http://127.0.0.1:18081/v1/chat/completions
Writing each completion to tmp/09_persistent_page_engine/table_vllm_poisson_sweep100_budgets_qps1to8_324dd85a_20260908/budget4096/qps3/measured/results.jsonl
[   0.049s] SEND #00001 table=page_001375_table_1 lag=   1.1ms active=1
[   0.676s] SEND #00002 table=page_000256_table_box_id_1 lag=   1.2ms active=2
[   1.158s] SEND #00003 table=page_000918_table_6 lag=   2.0ms active=3
[   1.255s] SEND #00004 table=page_001130_table_1 lag=   1.2ms active=4
[   1.483s] SEND #00005 table=page_000758_table_21 lag=   0.6ms active=5
[   1.682s] SEND #00006 table=page_001202_table_3 lag=   1.1ms active=6
[   1.691s] RECV #00002 table=page_000256_table_box_id_1 request= 1.015s scheduled= 1.016s status=ok active=5
[   1.980s] RECV #00005 table=page_000758_table_21 request= 0.498s scheduled= 0.498s status=ok active=4
[   2.023s] RECV #00004 table=page_001130_table_1 request= 0.768s scheduled= 0.769s status=ok active=3
[   2.034s] SEND #00007 table=page_000636_table_5 lag=   1.4ms active=4
[   2.040s] RECV #00003 table=page_000918_table_6 request= 0.882s scheduled= 0.884s status=ok active=3
[   2.552s] SEND #00008 table=page_000254_table_box_id_4 lag=   1.5ms active=4
[   2.585s] SEND #00009 table=page_000178_table_box_id_1 lag=   1.1ms active=5
[   2.594s] SEND #00010 table=page_000220_table_box_id_7 lag=   0.7ms active=6
[   2.710s] RECV #00007 table=page_000636_table_5 request= 0.676s scheduled= 0.677s status=ok active=5
[   3.197s] SEND #00011 table=page_000505_table_1 lag=   1.5ms active=6
[   3.385s] SEND #00012 table=page_000418_table_3 lag=   1.1ms active=7
[   3.865s] SEND #00013 table=page_000266_table_box_id_7 lag=   1.6ms active=8
[   3.865s] SEND #00014 table=page_001375_table_4 lag=   1.5ms active=9
[   4.061s] SEND #00015 table=page_001158_table_3 lag=   1.2ms active=10
[   4.488s] SEND #00016 table=page_000930_table_7 lag=   1.4ms active=11
[   4.574s] SEND #00017 table=page_001198_table_8 lag=   0.9ms active=12
[   5.192s] RECV #00013 table=page_000266_table_box_id_7 request= 1.327s scheduled= 1.329s status=ok active=11
[   5.301s] RECV #00016 table=page_000930_table_7 request= 0.813s scheduled= 0.814s status=ok active=10
[   5.543s] SEND #00018 table=page_000434_table_15 lag=   1.1ms active=11
[   6.315s] SEND #00019 table=page_000534_table_4 lag=   1.7ms active=12
[   6.325s] SEND #00020 table=page_001161_table_3 lag=   0.5ms active=13
[   6.334s] SEND #00021 table=page_000566_table_3 lag=   0.9ms active=14
[   6.593s] SEND #00022 table=page_001200_table_2 lag=   0.6ms active=15
[   6.678s] RECV #00015 table=page_001158_table_3 request= 2.616s scheduled= 2.618s status=ok active=14
[   7.527s] SEND #00023 table=page_000246_table_box_id_6 lag=   1.7ms active=15
[   7.687s] SEND #00024 table=page_001193_table_4 lag=   0.9ms active=16
[   7.768s] SEND #00025 table=page_001270_table_box_id_1 lag=   0.6ms active=17
[   7.951s] SEND #00026 table=page_000592_table_3 lag=   1.3ms active=18
[   7.961s] SEND #00027 table=page_000494_table_7 lag=   1.1ms active=19
[   8.044s] SEND #00028 table=page_000535_table_1 lag=   0.6ms active=20
[   8.102s] RECV #00010 table=page_000220_table_box_id_7 request= 5.508s scheduled= 5.509s status=ok active=19
[   8.227s] RECV #00012 table=page_000418_table_3 request= 4.841s scheduled= 4.843s status=ok active=18
[   8.235s] SEND #00029 table=page_001186_table_5 lag=   0.2ms active=19
[   8.457s] RECV #00008 table=page_000254_table_box_id_4 request= 5.905s scheduled= 5.907s status=ok active=18
[   8.464s] SEND #00030 table=page_001375_table_31 lag=   0.6ms active=19
[   8.553s] SEND #00031 table=page_000218_table_box_id_4 lag=   0.9ms active=20
[   8.566s] RECV #00017 table=page_001198_table_8 request= 3.992s scheduled= 3.993s status=ok active=19
[   8.641s] SEND #00032 table=page_001368_table_box_id_278 lag=   1.0ms active=20
[   8.722s] SEND #00033 table=page_001180_table_15 lag=   0.4ms active=21
[   8.770s] RECV #00023 table=page_000246_table_box_id_6 request= 1.242s scheduled= 1.244s status=ok active=20
[   8.928s] SEND #00034 table=page_000266_table_box_id_9 lag=   1.3ms active=21
[   9.042s] SEND #00035 table=page_000762_table_5 lag=   1.0ms active=22
[   9.049s] SEND #00036 table=page_000499_table_0 lag=   0.4ms active=23
[   9.253s] RECV #00018 table=page_000434_table_15 request= 3.710s scheduled= 3.711s status=ok active=22
[   9.503s] RECV #00029 table=page_001186_table_5 request= 1.267s scheduled= 1.267s status=ok active=21
[   9.619s] RECV #00006 table=page_001202_table_3 request= 7.937s scheduled= 7.938s status=ok active=20
[   9.655s] SEND #00037 table=page_000642_table_8 lag=   0.7ms active=21
[   9.861s] RECV #00030 table=page_001375_table_31 request= 1.397s scheduled= 1.398s status=ok active=20
[   9.926s] SEND #00038 table=page_000659_table_5 lag=   0.5ms active=21
[  10.048s] RECV #00001 table=page_001375_table_1 request= 9.999s scheduled=10.000s status=ok active=20
[  10.269s] SEND #00039 table=page_001128_table_2 lag=   1.0ms active=21
[  10.329s] RECV #00032 table=page_001368_table_box_id_278 request= 1.689s scheduled= 1.690s status=ok active=20
[  10.337s] SEND #00040 table=page_001176_table_4 lag=   0.2ms active=21
[  10.899s] RECV #00035 table=page_000762_table_5 request= 1.857s scheduled= 1.858s status=ok active=20
[  11.017s] RECV #00024 table=page_001193_table_4 request= 3.330s scheduled= 3.331s status=ok active=19
[  11.268s] RECV #00019 table=page_000534_table_4 request= 4.952s scheduled= 4.954s status=ok active=18
[  11.461s] RECV #00038 table=page_000659_table_5 request= 1.535s scheduled= 1.536s status=ok active=17
[  11.645s] RECV #00027 table=page_000494_table_7 request= 3.684s scheduled= 3.685s status=ok active=16
[  11.850s] RECV #00034 table=page_000266_table_box_id_9 request= 2.921s scheduled= 2.923s status=ok active=15
[  11.970s] SEND #00041 table=page_001154_table_10 lag=   1.0ms active=16
[  11.972s] RECV #00011 table=page_000505_table_1 request= 8.775s scheduled= 8.777s status=ok active=15
[  12.079s] RECV #00033 table=page_001180_table_15 request= 3.357s scheduled= 3.357s status=ok active=14
[  12.429s] RECV #00009 table=page_000178_table_box_id_1 request= 9.844s scheduled= 9.845s status=ok active=13
[  12.589s] RECV #00028 table=page_000535_table_1 request= 4.545s scheduled= 4.546s status=ok active=12
[  12.625s] SEND #00042 table=page_000467_table_17 lag=   0.4ms active=13
[  12.668s] SEND #00043 table=page_000647_table_3 lag=   0.5ms active=14
[  12.804s] SEND #00044 table=page_001493_table_box_id_13 lag=   1.5ms active=15
[  13.131s] RECV #00043 table=page_000647_table_3 request= 0.463s scheduled= 0.463s status=ok active=14
[  13.220s] RECV #00021 table=page_000566_table_3 request= 6.887s scheduled= 6.888s status=ok active=13
[  13.229s] SEND #00045 table=page_000605_table_3 lag=   0.7ms active=14
[  13.510s] RECV #00045 table=page_000605_table_3 request= 0.281s scheduled= 0.282s status=ok active=13
[  13.643s] SEND #00046 table=page_001117_table_box_id_17 lag=   0.4ms active=14
[  14.008s] RECV #00020 table=page_001161_table_3 request= 7.683s scheduled= 7.683s status=ok active=13
[  14.302s] RECV #00046 table=page_001117_table_box_id_17 request= 0.660s scheduled= 0.660s status=ok active=12
[  14.552s] RECV #00036 table=page_000499_table_0 request= 5.504s scheduled= 5.504s status=ok active=11
[  14.563s] SEND #00047 table=page_000509_table_0 lag=   2.0ms active=12
[  14.744s] SEND #00048 table=page_000565_table_1 lag=   0.8ms active=13
[  15.132s] RECV #00031 table=page_000218_table_box_id_4 request= 6.579s scheduled= 6.580s status=ok active=12
[  15.336s] SEND #00049 table=page_000841_table_22 lag=   1.3ms active=13
[  15.563s] RECV #00044 table=page_001493_table_box_id_13 request= 2.759s scheduled= 2.760s status=ok active=12
[  15.706s] SEND #00050 table=page_000922_table_12 lag=   2.1ms active=13
[  15.752s] RECV #00041 table=page_001154_table_10 request= 3.782s scheduled= 3.783s status=ok active=12
[  15.763s] RECV #00049 table=page_000841_table_22 request= 0.427s scheduled= 0.429s status=ok active=11
[  15.825s] SEND #00051 table=page_001169_table_11 lag=   0.6ms active=12
[  16.121s] SEND #00052 table=page_000287_table_box_id_8 lag=   0.6ms active=13
[  16.836s] SEND #00053 table=page_000246_table_box_id_6 lag=   1.9ms active=14
[  17.189s] RECV #00051 table=page_001169_table_11 request= 1.364s scheduled= 1.364s status=ok active=13
[  17.459s] SEND #00054 table=page_000737_table_6 lag=   1.1ms active=14
[  17.676s] RECV #00053 table=page_000246_table_box_id_6 request= 0.841s scheduled= 0.843s status=ok active=13
[  17.693s] SEND #00055 table=page_000250_table_box-stnne6dt lag=   0.4ms active=14
[  17.990s] SEND #00056 table=page_000647_table_6 lag=   1.2ms active=15
[  18.001s] SEND #00057 table=page_000652_table_2 lag=   0.3ms active=16
[  18.007s] RECV #00048 table=page_000565_table_1 request= 3.262s scheduled= 3.263s status=ok active=15
[  18.093s] SEND #00058 table=page_001367_table_70 lag=   0.2ms active=16
[  18.512s] RECV #00039 table=page_001128_table_2 request= 8.243s scheduled= 8.244s status=ok active=15
[  18.614s] RECV #00056 table=page_000647_table_6 request= 0.624s scheduled= 0.626s status=ok active=14
[  18.626s] SEND #00059 table=page_001368_table_box_id_163 lag=   0.4ms active=15
[  18.785s] RECV #00050 table=page_000922_table_12 request= 3.079s scheduled= 3.081s status=ok active=14
[  18.805s] SEND #00060 table=page_000468_table_1 lag=   1.4ms active=15
[  18.806s] RECV #00026 table=page_000592_table_3 request=10.854s scheduled=10.856s status=ok active=14
[  18.868s] SEND #00061 table=page_000838_table_4 lag=   0.8ms active=15
[  18.940s] RECV #00025 table=page_001270_table_box_id_1 request=11.172s scheduled=11.173s status=ok active=14
[  19.094s] RECV #00059 table=page_001368_table_box_id_163 request= 0.469s scheduled= 0.469s status=ok active=13
[  19.131s] RECV #00022 table=page_001200_table_2 request=12.538s scheduled=12.538s status=ok active=12
[  19.133s] SEND #00062 table=page_000665_table_3 lag=   0.8ms active=13
[  19.340s] RECV #00054 table=page_000737_table_6 request= 1.881s scheduled= 1.883s status=ok active=12
[  19.359s] RECV #00062 table=page_000665_table_3 request= 0.226s scheduled= 0.227s status=ok active=11
[  19.452s] RECV #00061 table=page_000838_table_4 request= 0.584s scheduled= 0.585s status=ok active=10
[  19.484s] RECV #00037 table=page_000642_table_8 request= 9.829s scheduled= 9.830s status=ok active=9
[  19.538s] SEND #00063 table=page_001595_table_box_id_14 lag=   0.6ms active=10
[  19.626s] RECV #00014 table=page_001375_table_4 request=15.761s scheduled=15.763s status=ok active=9
[  19.841s] RECV #00040 table=page_001176_table_4 request= 9.504s scheduled= 9.505s status=ok active=8
[  19.912s] SEND #00064 table=page_000818_table_1 lag=   0.8ms active=9
[  19.954s] RECV #00060 table=page_000468_table_1 request= 1.149s scheduled= 1.150s status=ok active=8
[  20.068s] SEND #00065 table=page_000937_table_0 lag=   0.6ms active=9
[  20.261s] SEND #00066 table=page_000222_table_box_id_1 lag=   0.4ms active=10
[  20.499s] SEND #00067 table=page_000744_table_11 lag=   2.0ms active=11
[  20.902s] RECV #00064 table=page_000818_table_1 request= 0.990s scheduled= 0.991s status=ok active=10
[  21.000s] SEND #00068 table=page_000284_table_box_id_0 lag=   1.0ms active=11
[  21.246s] SEND #00069 table=page_000266_table_box_id_1 lag=   1.0ms active=12
[  21.273s] RECV #00067 table=page_000744_table_11 request= 0.774s scheduled= 0.776s status=ok active=11
[  21.310s] RECV #00058 table=page_001367_table_70 request= 3.216s scheduled= 3.216s status=ok active=10
[  21.412s] SEND #00070 table=page_001368_table_box_id_271 lag=   0.9ms active=11
[  21.560s] RECV #00057 table=page_000652_table_2 request= 3.559s scheduled= 3.559s status=ok active=10
[  21.637s] SEND #00071 table=page_000467_table_17 lag=   1.1ms active=11
[  21.646s] SEND #00072 table=page_000737_table_0 lag=   0.2ms active=12
[  21.661s] SEND #00073 table=page_000526_table_7 lag=   0.4ms active=13
[  22.067s] SEND #00074 table=page_001011_table_30 lag=   1.4ms active=14
[  22.453s] RECV #00042 table=page_000467_table_17 request= 9.828s scheduled= 9.829s status=ok active=13
[  22.648s] RECV #00065 table=page_000937_table_0 request= 2.579s scheduled= 2.580s status=ok active=12
[  22.847s] RECV #00070 table=page_001368_table_box_id_271 request= 1.435s scheduled= 1.436s status=ok active=11
[  23.097s] RECV #00066 table=page_000222_table_box_id_1 request= 2.837s scheduled= 2.837s status=ok active=10
[  23.209s] RECV #00069 table=page_000266_table_box_id_1 request= 1.963s scheduled= 1.964s status=ok active=9
[  23.238s] RECV #00047 table=page_000509_table_0 request= 8.675s scheduled= 8.677s status=ok active=8
[  23.239s] RECV #00073 table=page_000526_table_7 request= 1.578s scheduled= 1.579s status=ok active=7
[  23.428s] SEND #00075 table=page_000246_table_box_id_11 lag=   0.4ms active=8
[  23.728s] SEND #00076 table=page_000676_table_2 lag=   1.0ms active=9
[  23.759s] RECV #00063 table=page_001595_table_box_id_14 request= 4.222s scheduled= 4.222s status=ok active=8
[  23.895s] SEND #00077 table=page_001368_table_box_id_268 lag=   1.6ms active=9
[  23.957s] SEND #00078 table=page_000190_table_box_id_0 lag=   0.5ms active=10
[  24.190s] SEND #00079 table=page_001368_table_box_id_227 lag=   1.4ms active=11
[  24.443s] RECV #00077 table=page_001368_table_box_id_268 request= 0.548s scheduled= 0.549s status=ok active=10
[  24.892s] RECV #00072 table=page_000737_table_0 request= 3.247s scheduled= 3.247s status=ok active=9
[  25.051s] RECV #00075 table=page_000246_table_box_id_11 request= 1.623s scheduled= 1.624s status=ok active=8
[  25.149s] RECV #00078 table=page_000190_table_box_id_0 request= 1.192s scheduled= 1.193s status=ok active=7
[  25.531s] SEND #00080 table=page_001134_table_9 lag=   1.5ms active=8
[  26.021s] SEND #00081 table=page_000591_table_3 lag=   1.2ms active=9
[  26.279s] SEND #00082 table=page_000210_table_box_id_4 lag=   1.2ms active=10
[  26.936s] SEND #00083 table=page_000649_table_8 lag=   1.9ms active=11
[  27.023s] SEND #00084 table=page_000289_table_box_id_4 lag=   1.0ms active=12
[  27.265s] SEND #00085 table=page_001190_table_8 lag=   1.8ms active=13
[  27.753s] RECV #00082 table=page_000210_table_box_id_4 request= 1.473s scheduled= 1.475s status=ok active=12
[  27.882s] RECV #00055 table=page_000250_table_box-stnne6dt request=10.189s scheduled=10.189s status=ok active=11
[  28.002s] RECV #00079 table=page_001368_table_box_id_227 request= 3.812s scheduled= 3.813s status=ok active=10
[  28.280s] SEND #00086 table=page_000211_table_box_id_3 lag=   1.3ms active=11
[  28.384s] RECV #00081 table=page_000591_table_3 request= 2.363s scheduled= 2.365s status=ok active=10
[  28.413s] RECV #00074 table=page_001011_table_30 request= 6.346s scheduled= 6.348s status=ok active=9
[  28.567s] SEND #00087 table=page_001182_table_3 lag=   1.1ms active=10
[  28.619s] RECV #00083 table=page_000649_table_8 request= 1.682s scheduled= 1.684s status=ok active=9
[  28.771s] SEND #00088 table=page_000242_table_box-mhg591pb lag=   0.8ms active=10
[  28.877s] SEND #00089 table=page_001274_table_4 lag=   1.5ms active=11
[  29.140s] SEND #00090 table=page_001177_table_2 lag=   0.6ms active=12
[  30.077s] RECV #00071 table=page_000467_table_17 request= 8.441s scheduled= 8.442s status=ok active=11
[  30.190s] SEND #00091 table=page_001202_table_3 lag=   0.7ms active=12
[  30.192s] SEND #00092 table=page_001158_table_3 lag=   1.0ms active=13
[  30.702s] SEND #00093 table=page_000641_table_8 lag=   0.7ms active=14
[  31.276s] SEND #00094 table=page_000657_table_6 lag=   1.8ms active=15
[  31.488s] RECV #00076 table=page_000676_table_2 request= 7.760s scheduled= 7.761s status=ok active=14
[  31.496s] RECV #00094 table=page_000657_table_6 request= 0.220s scheduled= 0.222s status=ok active=13
[  31.831s] RECV #00093 table=page_000641_table_8 request= 1.129s scheduled= 1.129s status=ok active=12
[  32.000s] SEND #00095 table=page_000626_table_box_id_4 lag=   0.9ms active=13
[  32.097s] RECV #00088 table=page_000242_table_box-mhg591pb request= 3.326s scheduled= 3.327s status=ok active=12
[  32.450s] SEND #00096 table=page_000829_table_4 lag=   1.8ms active=13
[  32.622s] RECV #00087 table=page_001182_table_3 request= 4.055s scheduled= 4.057s status=ok active=12
[  32.761s] RECV #00085 table=page_001190_table_8 request= 5.496s scheduled= 5.498s status=ok active=11
[  32.780s] RECV #00086 table=page_000211_table_box_id_3 request= 4.501s scheduled= 4.502s status=ok active=10
[  32.957s] RECV #00080 table=page_001134_table_9 request= 7.427s scheduled= 7.428s status=ok active=9
[  32.967s] RECV #00092 table=page_001158_table_3 request= 2.774s scheduled= 2.775s status=ok active=8
[  33.001s] SEND #00097 table=page_000468_table_11 lag=   0.9ms active=9
[  33.246s] SEND #00098 table=page_000434_table_16 lag=   1.5ms active=10
[  33.412s] RECV #00090 table=page_001177_table_2 request= 4.272s scheduled= 4.273s status=ok active=9
[  33.519s] SEND #00099 table=page_001175_table_2 lag=   0.4ms active=10
[  33.657s] RECV #00096 table=page_000829_table_4 request= 1.207s scheduled= 1.209s status=ok active=9
[  33.705s] SEND #00100 table=page_001230_table_box_id_1 lag=   1.1ms active=10
[  34.208s] RECV #00097 table=page_000468_table_11 request= 1.207s scheduled= 1.208s status=ok active=9
[  34.636s] RECV #00098 table=page_000434_table_16 request= 1.390s scheduled= 1.392s status=ok active=8
[  35.911s] RECV #00100 table=page_001230_table_box_id_1 request= 2.206s scheduled= 2.207s status=ok active=7
[  36.740s] RECV #00091 table=page_001202_table_3 request= 6.550s scheduled= 6.551s status=ok active=6
[  36.922s] RECV #00052 table=page_000287_table_box_id_8 request=20.801s scheduled=20.802s status=ok active=5
[  37.635s] RECV #00099 table=page_001175_table_2 request= 4.115s scheduled= 4.116s status=ok active=4
[  38.326s] RECV #00068 table=page_000284_table_box_id_0 request=17.325s scheduled=17.326s status=ok active=3
[  45.694s] RECV #00095 table=page_000626_table_box_id_4 request=13.695s scheduled=13.696s status=ok active=2
[  51.103s] RECV #00089 table=page_001274_table_4 request=22.226s scheduled=22.228s status=ok active=1
[  52.556s] RECV #00084 table=page_000289_table_box_id_4 request=25.533s scheduled=25.534s status=ok active=0
DONE completed=100 failed=0 max_active=23 p50=3.232s p95=13.799s max=25.534s
Summary: tmp/09_persistent_page_engine/table_vllm_poisson_sweep100_budgets_qps1to8_324dd85a_20260908/budget4096/qps3/measured/summary.json
