{"timestamp":"2026-09-13T17:24:00.606228+00:00","event":"startup","model_path":"/workspace/models/PaddleOCR-VL-1.6","graph_cache_directory":"/workspace/repos/paddle_ocr_vl_npu/.runtime_cache/19_current_checkpoint_20260913","log_folder":"/workspace/repos/table_step1_be691de1_20260910/tmp/19_table_ocr_serving/logging_20260913/final/basic/b8/service_logs","host":"127.0.0.1","port":8767,"request_timeout_s":3600.0,"shutdown_timeout_s":900.0,"max_image_bytes":67108864,"max_in_flight_requests":64,"device":"npu:0","decode_batch_size":8,"full_decode_lm_head":false,"run_eagerly":false,"metrics_level":"basic"}
{"timestamp":"2026-09-13T17:24:00.608096+00:00","event":"waiting_for_model","worker_pid":121321}
{"timestamp":"2026-09-13T17:24:09.427559+00:00","event":"setup","stage":"frontend","status":"start","elapsed_s":null}
{"timestamp":"2026-09-13T17:24:10.561287+00:00","event":"setup","stage":"frontend","status":"done","elapsed_s":1.5634958100272343}
{"timestamp":"2026-09-13T17:24:10.561487+00:00","event":"setup","stage":"model_load","status":"start","elapsed_s":null}
{"timestamp":"2026-09-13T17:24:21.652692+00:00","event":"setup","stage":"model_load","status":"done","elapsed_s":11.092078919988126}
{"timestamp":"2026-09-13T17:24:21.652917+00:00","event":"setup","stage":"decode_lm_head","status":"start","elapsed_s":null}
{"timestamp":"2026-09-13T17:24:21.725318+00:00","event":"setup","stage":"decode_lm_head","status":"done","elapsed_s":0.07272959998226725}
{"timestamp":"2026-09-13T17:24:21.725461+00:00","event":"setup","stage":"vision_mlp_padding","status":"start","elapsed_s":null}
{"timestamp":"2026-09-13T17:24:21.755044+00:00","event":"setup","stage":"vision_mlp_padding","status":"done","elapsed_s":0.02934917001402937}
{"timestamp":"2026-09-13T17:24:21.755171+00:00","event":"setup","stage":"vision_attention_weight_padding","status":"start","elapsed_s":null}
{"timestamp":"2026-09-13T17:24:21.825912+00:00","event":"setup","stage":"vision_attention_weight_padding","status":"done","elapsed_s":0.07048845000099391}
{"timestamp":"2026-09-13T17:24:21.826049+00:00","event":"setup","stage":"vision_weight_format","status":"start","elapsed_s":null}
{"timestamp":"2026-09-13T17:24:27.670698+00:00","event":"setup","stage":"vision_weight_format","status":"done","elapsed_s":5.845143710001139}
{"timestamp":"2026-09-13T17:24:27.670928+00:00","event":"setup","stage":"decode_optimization_setup","status":"start","elapsed_s":null}
{"timestamp":"2026-09-13T17:24:28.159079+00:00","event":"setup","stage":"decode_optimization_setup","status":"done","elapsed_s":0.48766908000106923}
{"timestamp":"2026-09-13T17:24:28.159290+00:00","event":"setup","stage":"decode_weight_format","status":"start","elapsed_s":null}
{"timestamp":"2026-09-13T17:24:28.176210+00:00","event":"setup","stage":"decode_weight_format","status":"done","elapsed_s":0.018072150007355958}
{"timestamp":"2026-09-13T17:24:28.179330+00:00","event":"setup","stage":"vision_runtime","status":"start","elapsed_s":null}
{"timestamp":"2026-09-13T17:24:29.125205+00:00","event":"setup","stage":"vision graph 1/10, tokens=256","status":"start","elapsed_s":null}
{"timestamp":"2026-09-13T17:24:29.682835+00:00","event":"setup","stage":"vision graph 1/10, tokens=256","status":"done","elapsed_s":0.5514543099852744}
{"timestamp":"2026-09-13T17:24:29.682901+00:00","event":"setup","stage":"vision graph 2/10, tokens=384","status":"start","elapsed_s":null}
{"timestamp":"2026-09-13T17:24:30.201547+00:00","event":"setup","stage":"vision graph 2/10, tokens=384","status":"done","elapsed_s":0.5152352199947927}
{"timestamp":"2026-09-13T17:24:30.201612+00:00","event":"setup","stage":"vision graph 3/10, tokens=512","status":"start","elapsed_s":null}
{"timestamp":"2026-09-13T17:24:30.726903+00:00","event":"setup","stage":"vision graph 3/10, tokens=512","status":"done","elapsed_s":0.5219823700026609}
{"timestamp":"2026-09-13T17:24:30.726964+00:00","event":"setup","stage":"vision graph 4/10, tokens=640","status":"start","elapsed_s":null}
{"timestamp":"2026-09-13T17:24:31.251872+00:00","event":"setup","stage":"vision graph 4/10, tokens=640","status":"done","elapsed_s":0.5216253800317645}
{"timestamp":"2026-09-13T17:24:31.251936+00:00","event":"setup","stage":"vision graph 5/10, tokens=768","status":"start","elapsed_s":null}
{"timestamp":"2026-09-13T17:24:31.782321+00:00","event":"setup","stage":"vision graph 5/10, tokens=768","status":"done","elapsed_s":0.5270664700074121}
{"timestamp":"2026-09-13T17:24:31.782382+00:00","event":"setup","stage":"vision graph 6/10, tokens=1408","status":"start","elapsed_s":null}
{"timestamp":"2026-09-13T17:24:32.320059+00:00","event":"setup","stage":"vision graph 6/10, tokens=1408","status":"done","elapsed_s":0.5342634900007397}
{"timestamp":"2026-09-13T17:24:32.320251+00:00","event":"setup","stage":"vision graph 7/10, tokens=1920","status":"start","elapsed_s":null}
{"timestamp":"2026-09-13T17:24:32.859410+00:00","event":"setup","stage":"vision graph 7/10, tokens=1920","status":"done","elapsed_s":0.5359354100073688}
{"timestamp":"2026-09-13T17:24:32.859599+00:00","event":"setup","stage":"vision graph 8/10, tokens=2048","status":"start","elapsed_s":null}
{"timestamp":"2026-09-13T17:24:33.399889+00:00","event":"setup","stage":"vision graph 8/10, tokens=2048","status":"done","elapsed_s":0.5371499799948651}
{"timestamp":"2026-09-13T17:24:33.399953+00:00","event":"setup","stage":"vision graph 9/10, tokens=2944","status":"start","elapsed_s":null}
{"timestamp":"2026-09-13T17:24:33.952610+00:00","event":"setup","stage":"vision graph 9/10, tokens=2944","status":"done","elapsed_s":0.549300909973681}
{"timestamp":"2026-09-13T17:24:33.952669+00:00","event":"setup","stage":"vision graph 10/10, tokens=4096","status":"start","elapsed_s":null}
{"timestamp":"2026-09-13T17:24:34.518246+00:00","event":"setup","stage":"vision graph 10/10, tokens=4096","status":"done","elapsed_s":0.5643220799975097}
{"timestamp":"2026-09-13T17:24:34.518306+00:00","event":"setup","stage":"vision_runtime","status":"done","elapsed_s":6.3412643799965736}
{"timestamp":"2026-09-13T17:24:34.522540+00:00","event":"setup","stage":"text_prefill_runtime","status":"start","elapsed_s":null}
{"timestamp":"2026-09-13T17:24:34.522632+00:00","event":"setup","stage":"text prefill graph 1/5, tokens=128","status":"start","elapsed_s":null}
{"timestamp":"2026-09-13T17:24:35.175582+00:00","event":"setup","stage":"text prefill graph 1/5, tokens=128","status":"done","elapsed_s":0.6408494999923278}
{"timestamp":"2026-09-13T17:24:35.175787+00:00","event":"setup","stage":"text prefill graph 2/5, tokens=256","status":"start","elapsed_s":null}
{"timestamp":"2026-09-13T17:24:35.824405+00:00","event":"setup","stage":"text prefill graph 2/5, tokens=256","status":"done","elapsed_s":0.644694599963259}
{"timestamp":"2026-09-13T17:24:35.824480+00:00","event":"setup","stage":"text prefill graph 3/5, tokens=512","status":"start","elapsed_s":null}
{"timestamp":"2026-09-13T17:24:36.473016+00:00","event":"setup","stage":"text prefill graph 3/5, tokens=512","status":"done","elapsed_s":0.6444358699955046}
{"timestamp":"2026-09-13T17:24:36.473222+00:00","event":"setup","stage":"text prefill graph 4/5, tokens=1024","status":"start","elapsed_s":null}
{"timestamp":"2026-09-13T17:24:37.126772+00:00","event":"setup","stage":"text prefill graph 4/5, tokens=1024","status":"done","elapsed_s":0.6494408799917437}
{"timestamp":"2026-09-13T17:24:37.126990+00:00","event":"setup","stage":"text prefill graph 5/5, tokens=1152","status":"start","elapsed_s":null}
{"timestamp":"2026-09-13T17:24:37.785149+00:00","event":"setup","stage":"text prefill graph 5/5, tokens=1152","status":"done","elapsed_s":0.6558899100054987}
{"timestamp":"2026-09-13T17:24:37.785369+00:00","event":"setup","stage":"text_prefill_runtime","status":"done","elapsed_s":3.2668207000242546}
{"timestamp":"2026-09-13T17:24:37.785412+00:00","event":"setup","stage":"text_decode_runtime","status":"start","elapsed_s":null}
{"timestamp":"2026-09-13T17:24:38.039075+00:00","event":"setup","stage":"text_decode_runtime","status":"done","elapsed_s":0.21333077998133376}
{"timestamp":"2026-09-13T17:24:38.048790+00:00","event":"setup","stage":"private_cache_pool","status":"start","elapsed_s":null}
{"timestamp":"2026-09-13T17:24:38.054964+00:00","event":"setup","stage":"private_cache_pool","status":"done","elapsed_s":0.006087000016123056}
{"timestamp":"2026-09-13T17:24:38.055007+00:00","event":"setup","stage":"decode_control","status":"start","elapsed_s":null}
{"timestamp":"2026-09-13T17:24:38.453905+00:00","event":"setup","stage":"decode_control","status":"done","elapsed_s":0.006356519996188581}
{"timestamp":"2026-09-13T17:24:38.502770+00:00","event":"setup","stage":"recognizer_runtime","status":"done","elapsed_s":29.067671269993298}
{"timestamp":"2026-09-13T17:24:38.503241+00:00","event":"inference_ready","configuration":{"recognizer_model":"/workspace/models/PaddleOCR-VL-1.6","device":"npu:0","dtype":"torch.float16","decode_backend":"torchair","decode_vocab":{"enabled":true,"path":"/workspace/repos/paddle_ocr_vl_npu/19_table_ocr_serving/presets/table_compact_vocab/native_han_core_60416.json","full_vocab_size":103424,"selected_vocab_size":60416,"token_ids_sha256":"c730b5388f9871ead92e2cb484f8df81ba69518f1e8baeccc5a37f44c1514637","source":null,"selection":"Existing 16384 row order; remaining reviewed native/Han/core IDs ascending; 64 remaining mapped IDs ascending."},"full_decode_lm_head":false,"token_selection":"greedy","cache_length":4096,"max_new_tokens":4096,"batch_size":8,"vision_prefill":{"backend":"torchair","enabled":true,"boundary":"vision_encoder_layers_plus_post_layernorm","buckets":[256,384,512,640,768,1408,1920,2048,2944,4096],"sequence_alignment":128,"padding":"bucket","overflow":"eager_same_stage_unpadded","compile_api":"torchair.inference.cache_compile","dynamic":false,"fullgraph":true,"torchair_ge_cache":true,"compile_wrapper_total_s":0.0007239599945023656,"compile_first_call_total_s":5.357611660001567,"per_bucket":{"256":{"compile_wrapper_s":9.190000128000975e-05,"compile_first_call_s":0.5513624099839944,"torchair_cache_dir":"/workspace/repos/paddle_ocr_vl_npu/.runtime_cache/19_current_checkpoint_20260913/653d42c51f0d/vision_prefill/seq256"},"384":{"compile_wrapper_s":7.854998693801463e-05,"compile_first_call_s":0.5151566700078547,"torchair_cache_dir":"/workspace/repos/paddle_ocr_vl_npu/.runtime_cache/19_current_checkpoint_20260913/653d42c51f0d/vision_prefill/seq384"},"512":{"compile_wrapper_s":6.74600014463067e-05,"compile_first_call_s":0.5219149100012146,"torchair_cache_dir":"/workspace/repos/paddle_ocr_vl_npu/.runtime_cache/19_current_checkpoint_20260913/653d42c51f0d/vision_prefill/seq512"},"640":{"compile_wrapper_s":6.641002255491912e-05,"compile_first_call_s":0.5215589700092096,"torchair_cache_dir":"/workspace/repos/paddle_ocr_vl_npu/.runtime_cache/19_current_checkpoint_20260913/653d42c51f0d/vision_prefill/seq640"},"768":{"compile_wrapper_s":6.767999730072916e-05,"compile_first_call_s":0.5269987900101114,"torchair_cache_dir":"/workspace/repos/paddle_ocr_vl_npu/.runtime_cache/19_current_checkpoint_20260913/653d42c51f0d/vision_prefill/seq768"},"1408":{"compile_wrapper_s":6.551999831572175e-05,"compile_first_call_s":0.534197970002424,"torchair_cache_dir":"/workspace/repos/paddle_ocr_vl_npu/.runtime_cache/19_current_checkpoint_20260913/653d42c51f0d/vision_prefill/seq1408"},"1920":{"compile_wrapper_s":8.055000216700137e-05,"compile_first_call_s":0.5358548600052018,"torchair_cache_dir":"/workspace/repos/paddle_ocr_vl_npu/.runtime_cache/19_current_checkpoint_20260913/653d42c51f0d/vision_prefill/seq1920"},"2048":{"compile_wrapper_s":6.905000191181898e-05,"compile_first_call_s":0.5370809299929533,"torchair_cache_dir":"/workspace/repos/paddle_ocr_vl_npu/.runtime_cache/19_current_checkpoint_20260913/653d42c51f0d/vision_prefill/seq2048"},"2944":{"compile_wrapper_s":6.815997767262161e-05,"compile_first_call_s":0.5492327499960084,"torchair_cache_dir":"/workspace/repos/paddle_ocr_vl_npu/.runtime_cache/19_current_checkpoint_20260913/653d42c51f0d/vision_prefill/seq2944"},"4096":{"compile_wrapper_s":6.868000491522253e-05,"compile_first_call_s":0.5642533999925945,"torchair_cache_dir":"/workspace/repos/paddle_ocr_vl_npu/.runtime_cache/19_current_checkpoint_20260913/653d42c51f0d/vision_prefill/seq4096"}},"cache_key_fields":{"dtype":"torch.float16","torch":"2.10.0+cpu","attention":"prompt_flash_attention","prompt_flash_attention_layout":"bnsd","prompt_flash_attention_mask_sparse_mode":1,"softmax_dtype":"fp32","execution_mode":"inference"}},"vision_mlp":{"source_intermediate_size":4304,"target_intermediate_size":4352,"layer_count":27,"zero_extended":true},"vision_linear_weight_format":{"target_format":"FRACTAL_NZ","target_format_code":29,"linear_weight_count":162,"before_format_histogram":{"2":162},"after_format_histogram":{"29":162},"converted_count":162,"all_after_are_nz":true},"vision_backend":"torchair","vision_attention":"prompt_flash_attention","decode_device_timing":false,"compact_decode_control":false,"vision_sequence_alignment":128,"vision_packing":{"mode":"off","target":1920,"lookahead":32,"grouping":"independent_crops","oversized":"faithful_eager_single_crop_route","batched_runtime":null},"vision_prompt_fa_layout":"bnsd","text_prefill":{"backend":"torchair","enabled":true,"boundary":"text_transformer_plus_in_place_prefill_kv_writes","buckets":[128,256,512,1024,1152],"padding":"bucket","overflow":"eager_same_stage_unpadded","compile_api":"torchair.inference.cache_compile","dynamic":false,"fullgraph":true,"torchair_ge_cache":true,"compile_wrapper_total_s":0.0003777299716603011,"compile_first_call_total_s":3.2349330299766734,"per_bucket":{"128":{"compile_wrapper_s":7.857999298721552e-05,"compile_first_call_s":0.6407709199993405,"torchair_cache_dir":"/workspace/repos/paddle_ocr_vl_npu/.runtime_cache/19_current_checkpoint_20260913/653d42c51f0d/text_prefill/seq128_kv4096"},"256":{"compile_wrapper_s":7.016997551545501e-05,"compile_first_call_s":0.6446244299877435,"torchair_cache_dir":"/workspace/repos/paddle_ocr_vl_npu/.runtime_cache/19_current_checkpoint_20260913/653d42c51f0d/text_prefill/seq256_kv4096"},"512":{"compile_wrapper_s":6.809999467805028e-05,"compile_first_call_s":0.6443677700008266,"torchair_cache_dir":"/workspace/repos/paddle_ocr_vl_npu/.runtime_cache/19_current_checkpoint_20260913/653d42c51f0d/text_prefill/seq512_kv4096"},"1024":{"compile_wrapper_s":8.651000098325312e-05,"compile_first_call_s":0.6493543699907605,"torchair_cache_dir":"/workspace/repos/paddle_ocr_vl_npu/.runtime_cache/19_current_checkpoint_20260913/653d42c51f0d/text_prefill/seq1024_kv4096"},"1152":{"compile_wrapper_s":7.437000749632716e-05,"compile_first_call_s":0.6558155399980024,"torchair_cache_dir":"/workspace/repos/paddle_ocr_vl_npu/.runtime_cache/19_current_checkpoint_20260913/653d42c51f0d/text_prefill/seq1152_kv4096"}},"cache_key_fields":{"cache_length":4096,"torch":"2.10.0+cpu","attention":"manual_causal","softmax_dtype":"fp32","execution_mode":"inference"}},"text_backend":"torchair","text_packing":{"mode":"off","buckets":[128,256,512,1024],"max_members":32,"grouping":"independent_crops","runtime":null},"preprocessor":{"effective_min_pixels":28224,"effective_max_pixels":802816,"patch_size":14,"merge_size":2,"resize_factor":28,"nominal_minimum_projected_image_tokens":36},"cpu_preprocessing":{"execution":"background_thread","workers":1,"max_pending":8,"ordering":"fifo","pin_recognition_inputs":"best_effort"},"prefill_production":"next_crop_h2d_staged_before_ready_yield","prefill_transfer":"dedicated_stream_event_dependencies","decode":"compiled_static_b8","decode_schedule":"run_scoped_persistent_slots_iteration_hot_swap","ready_buffer_capacity":8,"ready_buffer_low_watermark":4,"private_cache_staging_headroom":32,"decode_completion_detection":"queue_depth_one_async_token_copy","private_prefill_cache":{"storage":"zero_once_fixed_arena","capacity":40,"allocated_bytes":3019898880,"acquisitions":0,"reuses":0,"releases":0,"active_slots":0,"free_slots":40,"high_water_active_slots":0},"kv_admission":"full_prefill_cache_foreach_copy_into_fixed_slot","text_decode":{"backend":"torchair","enabled":true,"boundary":"token_embedding_text_transformer_lm_head_static_step","linear_weight_format":"decode_nz","torchair_cache_dir":"/workspace/repos/paddle_ocr_vl_npu/.runtime_cache/19_current_checkpoint_20260913/653d42c51f0d/decode/selected_vocab_60416_c730b5388f98/b8_kv4096","torchair_ge_cache":true,"compile_api":"torchair.inference.cache_compile","cache_key_fields":{"batch_size":8,"cache_length":4096,"torch":"2.10.0+cpu","execution_mode":"inference"},"cache_num_key_value_heads":2,"cache_allocated_bytes":603979776},"linear_weight_format":{"requested_mode":"decode_nz","mode":"decode_nz","effective_mode":"decode_nz","target_format":"FRACTAL_NZ","target_format_code":29,"target_count":164,"cast_count":164,"converted_count":164,"already_nz_count":0,"converted_modules_sample":["model.layers.0.self_attn.q_proj","model.layers.0.self_attn.k_proj","model.layers.0.self_attn.v_proj","model.layers.0.self_attn.o_proj","model.layers.0.self_attn.decode_qkv_proj","model.layers.0.mlp.gate_proj","model.layers.0.mlp.up_proj","model.layers.0.mlp.down_proj","model.layers.0.mlp.decode_gate_up_proj","model.layers.1.self_attn.q_proj","model.layers.1.self_attn.k_proj","model.layers.1.self_attn.v_proj","model.layers.1.self_attn.o_proj","model.layers.1.self_attn.decode_qkv_proj","model.layers.1.mlp.gate_proj","model.layers.1.mlp.up_proj"],"before_formats_sample":{"model.layers.0.self_attn.q_proj":2,"model.layers.0.self_attn.k_proj":2,"model.layers.0.self_attn.v_proj":2,"model.layers.0.self_attn.o_proj":2,"model.layers.0.self_attn.decode_qkv_proj":2,"model.layers.0.mlp.gate_proj":2,"model.layers.0.mlp.up_proj":2,"model.layers.0.mlp.down_proj":2,"model.layers.0.mlp.decode_gate_up_proj":2,"model.layers.1.self_attn.q_proj":2,"model.layers.1.self_attn.k_proj":2,"model.layers.1.self_attn.v_proj":2,"model.layers.1.self_attn.o_proj":2,"model.layers.1.self_attn.decode_qkv_proj":2,"model.layers.1.mlp.gate_proj":2,"model.layers.1.mlp.up_proj":2},"after_formats_sample":{"model.layers.0.self_attn.q_proj":29,"model.layers.0.self_attn.k_proj":29,"model.layers.0.self_attn.v_proj":29,"model.layers.0.self_attn.o_proj":29,"model.layers.0.self_attn.decode_qkv_proj":29,"model.layers.0.mlp.gate_proj":29,"model.layers.0.mlp.up_proj":29,"model.layers.0.mlp.down_proj":29,"model.layers.0.mlp.decode_gate_up_proj":29,"model.layers.1.self_attn.q_proj":29,"model.layers.1.self_attn.k_proj":29,"model.layers.1.self_attn.v_proj":29,"model.layers.1.self_attn.o_proj":29,"model.layers.1.self_attn.decode_qkv_proj":29,"model.layers.1.mlp.gate_proj":29,"model.layers.1.mlp.up_proj":29},"all_after_are_nz":true},"setup_gc":{"enabled":true,"setup_collected":21,"frozen_objects":624958,"gc_remains_enabled":true,"setup_wall_s":0.44138643000042066},"request_scheduling_metrics":false,"metrics_level":"basic"},"worker_pid":121321,"startup_wall_s":37.89782337998622}
{"timestamp":"2026-09-13T17:24:38.503906+00:00","event":"heartbeat","output_tokens_including_eos":0,"active_decode_slots":0,"decode_batch_size":8,"cpu_preparation_or_prefill_waiting":0,"prefilled_waiting_for_decode":0,"unfinished_requests":0,"interval_s":null,"output_tokens_per_s":null,"accepted_since_last_heartbeat":0,"completed_since_last_heartbeat":0,"failed_since_last_heartbeat":0,"rejected_since_last_heartbeat":0,"timed_out_since_last_heartbeat":0,"accepted_requests_per_s":null,"completed_requests_per_s":null,"max_in_flight_requests":64}
{"timestamp":"2026-09-13T17:24:38.507010+00:00","event":"http_ready","url":"http://127.0.0.1:8767","worker_pid":121321}
{"timestamp":"2026-09-13T17:24:39.951138+00:00","event":"request_accepted","request_id":"client-001-page_001272_table_1:a0dbaee5e80f43f4a96f35cd7b95d80e","crop_type":"table","unfinished_requests":1}
{"timestamp":"2026-09-13T17:24:41.845261+00:00","event":"request_finished","request_id":"client-001-page_001272_table_1:a0dbaee5e80f43f4a96f35cd7b95d80e","crop_type":"table","worker_wall_s":1.8937191599979997,"generated_tokens_including_eos":952,"stop_reason":"eos"}
{"timestamp":"2026-09-13T17:24:41.846130+00:00","event":"response_sent","request_id":"client-001-page_001272_table_1:a0dbaee5e80f43f4a96f35cd7b95d80e","http_status":200}
{"timestamp":"2026-09-13T17:24:53.513386+00:00","event":"heartbeat","output_tokens_including_eos":952,"active_decode_slots":0,"decode_batch_size":8,"cpu_preparation_or_prefill_waiting":0,"prefilled_waiting_for_decode":0,"unfinished_requests":0,"interval_s":15.0098488299991,"output_tokens_per_s":63.42502251570358,"accepted_since_last_heartbeat":1,"completed_since_last_heartbeat":1,"failed_since_last_heartbeat":0,"rejected_since_last_heartbeat":0,"timed_out_since_last_heartbeat":0,"accepted_requests_per_s":0.06662292281061301,"completed_requests_per_s":0.06662292281061301,"max_in_flight_requests":64}
{"timestamp":"2026-09-13T17:24:59.283108+00:00","event":"request_accepted","request_id":"load-00001-page_000287_table_box_id_8:9789947c578f492f897dacd589b6166b","crop_type":"table","unfinished_requests":1}
{"timestamp":"2026-09-13T17:24:59.596173+00:00","event":"request_accepted","request_id":"load-00002-page_001367_table_51:ceb80054961249ccae932841c2b4e411","crop_type":"table","unfinished_requests":2}
{"timestamp":"2026-09-13T17:24:59.837113+00:00","event":"request_accepted","request_id":"load-00003-page_000236_table_box_id_1:34e11e521b614be0b03f46d2cdaf34a6","crop_type":"table","unfinished_requests":3}
{"timestamp":"2026-09-13T17:24:59.884872+00:00","event":"request_accepted","request_id":"load-00004-page_000634_table_11:1c304316295c49a18dac192a788eedb6","crop_type":"table","unfinished_requests":4}
{"timestamp":"2026-09-13T17:25:00.000022+00:00","event":"request_accepted","request_id":"load-00005-page_000272_table_box_id_1:36aa836faa3d4f08951ea002626b7267","crop_type":"table","unfinished_requests":5}
{"timestamp":"2026-09-13T17:25:00.098863+00:00","event":"request_accepted","request_id":"load-00006-page_001172_table_16:a4a8261be4a5477b875751bba4715794","crop_type":"table","unfinished_requests":6}
{"timestamp":"2026-09-13T17:25:00.275466+00:00","event":"request_accepted","request_id":"load-00007-page_001137_table_2:0800bbfcc32446c5bfa285bae40235ba","crop_type":"table","unfinished_requests":7}
{"timestamp":"2026-09-13T17:25:00.514354+00:00","event":"request_finished","request_id":"load-00003-page_000236_table_box_id_1:34e11e521b614be0b03f46d2cdaf34a6","crop_type":"table","worker_wall_s":0.6764459399855696,"generated_tokens_including_eos":202,"stop_reason":"eos"}
{"timestamp":"2026-09-13T17:25:00.515515+00:00","event":"response_sent","request_id":"load-00003-page_000236_table_box_id_1:34e11e521b614be0b03f46d2cdaf34a6","http_status":200}
{"timestamp":"2026-09-13T17:25:00.533416+00:00","event":"request_accepted","request_id":"load-00008-page_001150_table_box_id_9:aad20d479c014e1192f7e2839714f0e8","crop_type":"table","unfinished_requests":7}
{"timestamp":"2026-09-13T17:25:00.551522+00:00","event":"request_accepted","request_id":"load-00009-page_000920_table_8:60047b87050c46b5b41fba73ea7f4aba","crop_type":"table","unfinished_requests":8}
{"timestamp":"2026-09-13T17:25:00.554909+00:00","event":"request_accepted","request_id":"load-00010-page_000524_table_0:987a6ed0f0904b2dac4e178e001287f4","crop_type":"table","unfinished_requests":9}
{"timestamp":"2026-09-13T17:25:00.732111+00:00","event":"request_finished","request_id":"load-00002-page_001367_table_51:ceb80054961249ccae932841c2b4e411","crop_type":"table","worker_wall_s":1.1355309299833607,"generated_tokens_including_eos":405,"stop_reason":"eos"}
{"timestamp":"2026-09-13T17:25:00.733037+00:00","event":"response_sent","request_id":"load-00002-page_001367_table_51:ceb80054961249ccae932841c2b4e411","http_status":200}
{"timestamp":"2026-09-13T17:25:00.824270+00:00","event":"request_finished","request_id":"load-00006-page_001172_table_16:a4a8261be4a5477b875751bba4715794","crop_type":"table","worker_wall_s":0.7251031599880662,"generated_tokens_including_eos":212,"stop_reason":"eos"}
{"timestamp":"2026-09-13T17:25:00.825003+00:00","event":"response_sent","request_id":"load-00006-page_001172_table_16:a4a8261be4a5477b875751bba4715794","http_status":200}
{"timestamp":"2026-09-13T17:25:00.855839+00:00","event":"request_accepted","request_id":"load-00011-page_000256_table_box_id_8:47996aba799c465ba2f9bb29ff67a0d8","crop_type":"table","unfinished_requests":8}
{"timestamp":"2026-09-13T17:25:00.949564+00:00","event":"request_accepted","request_id":"load-00012-page_001166_table_9:97e05256e3ca43ec949062c641bc11cb","crop_type":"table","unfinished_requests":9}
{"timestamp":"2026-09-13T17:25:01.044740+00:00","event":"request_finished","request_id":"load-00004-page_000634_table_11:1c304316295c49a18dac192a788eedb6","crop_type":"table","worker_wall_s":1.1595254899875727,"generated_tokens_including_eos":358,"stop_reason":"eos"}
{"timestamp":"2026-09-13T17:25:01.045557+00:00","event":"response_sent","request_id":"load-00004-page_000634_table_11:1c304316295c49a18dac192a788eedb6","http_status":200}
{"timestamp":"2026-09-13T17:25:01.092531+00:00","event":"request_finished","request_id":"load-00009-page_000920_table_8:60047b87050c46b5b41fba73ea7f4aba","crop_type":"table","worker_wall_s":0.5407390200125519,"generated_tokens_including_eos":151,"stop_reason":"eos"}
{"timestamp":"2026-09-13T17:25:01.093270+00:00","event":"response_sent","request_id":"load-00009-page_000920_table_8:60047b87050c46b5b41fba73ea7f4aba","http_status":200}
{"timestamp":"2026-09-13T17:25:01.189990+00:00","event":"request_accepted","request_id":"load-00014-page_000933_table_10:3aef8bc04e47435bbf9060611f9a3340","crop_type":"table","unfinished_requests":8}
{"timestamp":"2026-09-13T17:25:01.190606+00:00","event":"request_accepted","request_id":"load-00013-page_000211_table_box_id_3:9a86afc01d2b4f87bf8a4ccc25e081e9","crop_type":"table","unfinished_requests":9}
{"timestamp":"2026-09-13T17:25:01.288401+00:00","event":"request_accepted","request_id":"load-00015-page_001129_table_8:23b56fec666e4952baf055083d31c8c1","crop_type":"table","unfinished_requests":10}
{"timestamp":"2026-09-13T17:25:01.365295+00:00","event":"request_finished","request_id":"load-00011-page_000256_table_box_id_8:47996aba799c465ba2f9bb29ff67a0d8","crop_type":"table","worker_wall_s":0.5091445599973667,"generated_tokens_including_eos":214,"stop_reason":"eos"}
{"timestamp":"2026-09-13T17:25:01.366161+00:00","event":"response_sent","request_id":"load-00011-page_000256_table_box_id_8:47996aba799c465ba2f9bb29ff67a0d8","http_status":200}
{"timestamp":"2026-09-13T17:25:01.437478+00:00","event":"request_finished","request_id":"load-00012-page_001166_table_9:97e05256e3ca43ec949062c641bc11cb","crop_type":"table","worker_wall_s":0.48763057999894954,"generated_tokens_including_eos":149,"stop_reason":"eos"}
{"timestamp":"2026-09-13T17:25:01.438036+00:00","event":"response_sent","request_id":"load-00012-page_001166_table_9:97e05256e3ca43ec949062c641bc11cb","http_status":200}
{"timestamp":"2026-09-13T17:25:01.500664+00:00","event":"request_accepted","request_id":"load-00016-page_001375_table_7:8cd3430540f2493ab886d5327528faae","crop_type":"table","unfinished_requests":9}
{"timestamp":"2026-09-13T17:25:01.529628+00:00","event":"request_finished","request_id":"load-00008-page_001150_table_box_id_9:aad20d479c014e1192f7e2839714f0e8","crop_type":"table","worker_wall_s":0.9958610699977726,"generated_tokens_including_eos":307,"stop_reason":"eos"}
{"timestamp":"2026-09-13T17:25:01.530270+00:00","event":"response_sent","request_id":"load-00008-page_001150_table_box_id_9:aad20d479c014e1192f7e2839714f0e8","http_status":200}
{"timestamp":"2026-09-13T17:25:01.544001+00:00","event":"request_accepted","request_id":"load-00017-page_000106_table_box_id_2:ec7a75f57114474d96c20d4a88887cc0","crop_type":"table","unfinished_requests":9}
{"timestamp":"2026-09-13T17:25:01.577969+00:00","event":"request_finished","request_id":"load-00014-page_000933_table_10:3aef8bc04e47435bbf9060611f9a3340","crop_type":"table","worker_wall_s":0.38773520998074673,"generated_tokens_including_eos":83,"stop_reason":"eos"}
{"timestamp":"2026-09-13T17:25:01.578512+00:00","event":"response_sent","request_id":"load-00014-page_000933_table_10:3aef8bc04e47435bbf9060611f9a3340","http_status":200}
{"timestamp":"2026-09-13T17:25:01.816933+00:00","event":"request_finished","request_id":"load-00016-page_001375_table_7:8cd3430540f2493ab886d5327528faae","crop_type":"table","worker_wall_s":0.3160110700118821,"generated_tokens_including_eos":122,"stop_reason":"eos"}
{"timestamp":"2026-09-13T17:25:01.817458+00:00","event":"response_sent","request_id":"load-00016-page_001375_table_7:8cd3430540f2493ab886d5327528faae","http_status":200}
{"timestamp":"2026-09-13T17:25:01.843325+00:00","event":"request_finished","request_id":"load-00007-page_001137_table_2:0800bbfcc32446c5bfa285bae40235ba","crop_type":"table","worker_wall_s":1.5675563300028443,"generated_tokens_including_eos":567,"stop_reason":"eos"}
{"timestamp":"2026-09-13T17:25:01.843990+00:00","event":"response_sent","request_id":"load-00007-page_001137_table_2:0800bbfcc32446c5bfa285bae40235ba","http_status":200}
{"timestamp":"2026-09-13T17:25:02.029351+00:00","event":"request_accepted","request_id":"load-00018-page_001134_table_10:a7f2a0e8172b4b359b16280f300b2723","crop_type":"table","unfinished_requests":7}
{"timestamp":"2026-09-13T17:25:02.139605+00:00","event":"request_finished","request_id":"load-00010-page_000524_table_0:987a6ed0f0904b2dac4e178e001287f4","crop_type":"table","worker_wall_s":1.5843251400219742,"generated_tokens_including_eos":569,"stop_reason":"eos"}
{"timestamp":"2026-09-13T17:25:02.140825+00:00","event":"response_sent","request_id":"load-00010-page_000524_table_0:987a6ed0f0904b2dac4e178e001287f4","http_status":200}
{"timestamp":"2026-09-13T17:25:02.209364+00:00","event":"request_finished","request_id":"load-00013-page_000211_table_box_id_3:9a86afc01d2b4f87bf8a4ccc25e081e9","crop_type":"table","worker_wall_s":1.018444939982146,"generated_tokens_including_eos":348,"stop_reason":"eos"}
{"timestamp":"2026-09-13T17:25:02.210037+00:00","event":"response_sent","request_id":"load-00013-page_000211_table_box_id_3:9a86afc01d2b4f87bf8a4ccc25e081e9","http_status":200}
{"timestamp":"2026-09-13T17:25:02.347460+00:00","event":"request_finished","request_id":"load-00017-page_000106_table_box_id_2:ec7a75f57114474d96c20d4a88887cc0","crop_type":"table","worker_wall_s":0.8031631199992262,"generated_tokens_including_eos":405,"stop_reason":"eos"}
{"timestamp":"2026-09-13T17:25:02.348139+00:00","event":"response_sent","request_id":"load-00017-page_000106_table_box_id_2:ec7a75f57114474d96c20d4a88887cc0","http_status":200}
{"timestamp":"2026-09-13T17:25:02.414967+00:00","event":"request_accepted","request_id":"load-00019-page_000642_table_8:03349e8aebb74655bf9bc63bd41c2f66","crop_type":"table","unfinished_requests":5}
{"timestamp":"2026-09-13T17:25:02.419565+00:00","event":"request_accepted","request_id":"load-00020-page_000564_table_7:de9cd3ab6d714e3da724b78749a3ce81","crop_type":"table","unfinished_requests":6}
{"timestamp":"2026-09-13T17:25:02.423991+00:00","event":"request_accepted","request_id":"load-00021-page_001368_table_box_id_242:9d984e5c99ee46c292361442cc163d01","crop_type":"table","unfinished_requests":7}
{"timestamp":"2026-09-13T17:25:02.554090+00:00","event":"request_accepted","request_id":"load-00022-page_000263_table_box_id_7:bf130c115335424c85470cfe8dab06fc","crop_type":"table","unfinished_requests":8}
{"timestamp":"2026-09-13T17:25:02.898615+00:00","event":"request_finished","request_id":"load-00021-page_001368_table_box_id_242:9d984e5c99ee46c292361442cc163d01","crop_type":"table","worker_wall_s":0.4743348699994385,"generated_tokens_including_eos":131,"stop_reason":"eos"}
{"timestamp":"2026-09-13T17:25:02.899203+00:00","event":"response_sent","request_id":"load-00021-page_001368_table_box_id_242:9d984e5c99ee46c292361442cc163d01","http_status":200}
{"timestamp":"2026-09-13T17:25:02.970312+00:00","event":"request_finished","request_id":"load-00020-page_000564_table_7:de9cd3ab6d714e3da724b78749a3ce81","crop_type":"table","worker_wall_s":0.5504809599951841,"generated_tokens_including_eos":176,"stop_reason":"eos"}
{"timestamp":"2026-09-13T17:25:02.970843+00:00","event":"response_sent","request_id":"load-00020-page_000564_table_7:de9cd3ab6d714e3da724b78749a3ce81","http_status":200}
{"timestamp":"2026-09-13T17:25:03.021141+00:00","event":"request_accepted","request_id":"load-00023-page_000746_table_18:8de9e3e586f143e79df9a355b35999f5","crop_type":"table","unfinished_requests":7}
{"timestamp":"2026-09-13T17:25:03.050224+00:00","event":"request_finished","request_id":"load-00015-page_001129_table_8:23b56fec666e4952baf055083d31c8c1","crop_type":"table","worker_wall_s":1.7614243899879511,"generated_tokens_including_eos":723,"stop_reason":"eos"}
{"timestamp":"2026-09-13T17:25:03.051019+00:00","event":"response_sent","request_id":"load-00015-page_001129_table_8:23b56fec666e4952baf055083d31c8c1","http_status":200}
{"timestamp":"2026-09-13T17:25:03.101520+00:00","event":"request_accepted","request_id":"load-00024-page_000213_table_box_id_5:da00b11c82124d4291f384b0e8f14549","crop_type":"table","unfinished_requests":7}
{"timestamp":"2026-09-13T17:25:03.141297+00:00","event":"request_accepted","request_id":"load-00025-page_000206_table_box_id_1:fb332fe5ca654b7994c39887a9aa02b9","crop_type":"table","unfinished_requests":8}
{"timestamp":"2026-09-13T17:25:03.233169+00:00","event":"request_accepted","request_id":"load-00026-page_000209_table_box_id_1:a7c5b24f6a86444cae9bfb38dff54c6d","crop_type":"table","unfinished_requests":9}
{"timestamp":"2026-09-13T17:25:03.237811+00:00","event":"request_accepted","request_id":"load-00027-page_001216_table_2:400d9c7e38fc4f65ac903f7975946fc2","crop_type":"table","unfinished_requests":10}
{"timestamp":"2026-09-13T17:25:03.281970+00:00","event":"request_accepted","request_id":"load-00028-page_000188_table_box_id_6:1764080b6fe040bebab4b46398fb9d5f","crop_type":"table","unfinished_requests":11}
{"timestamp":"2026-09-13T17:25:03.376090+00:00","event":"request_accepted","request_id":"load-00029-page_000921_table_9:a39c74b7efdd4d74bce69d2bf25ef9ec","crop_type":"table","unfinished_requests":12}
{"timestamp":"2026-09-13T17:25:03.489800+00:00","event":"request_accepted","request_id":"load-00030-page_000533_table_8:5bf4e57355474f7fb2c0ee7ec98dfb81","crop_type":"table","unfinished_requests":13}
{"timestamp":"2026-09-13T17:25:03.534393+00:00","event":"request_accepted","request_id":"load-00031-page_001123_table_14:4747ed6178644e3387fdc53d3218cfc4","crop_type":"table","unfinished_requests":14}
{"timestamp":"2026-09-13T17:25:03.581391+00:00","event":"request_accepted","request_id":"load-00032-page_001503_table_5:6437884827b444e0871f2ae5d29912c4","crop_type":"table","unfinished_requests":15}
{"timestamp":"2026-09-13T17:25:03.591341+00:00","event":"request_finished","request_id":"load-00018-page_001134_table_10:a7f2a0e8172b4b359b16280f300b2723","crop_type":"table","worker_wall_s":1.5614556799991988,"generated_tokens_including_eos":635,"stop_reason":"eos"}
{"timestamp":"2026-09-13T17:25:03.592062+00:00","event":"response_sent","request_id":"load-00018-page_001134_table_10:a7f2a0e8172b4b359b16280f300b2723","http_status":200}
{"timestamp":"2026-09-13T17:25:03.619173+00:00","event":"request_accepted","request_id":"load-00033-page_001197_table_5:fb143c5013854db3a79e5bcc26a54e19","crop_type":"table","unfinished_requests":15}
{"timestamp":"2026-09-13T17:25:03.716311+00:00","event":"request_finished","request_id":"load-00001-page_000287_table_box_id_8:9789947c578f492f897dacd589b6166b","crop_type":"table","worker_wall_s":4.432395080017159,"generated_tokens_including_eos":1768,"stop_reason":"eos"}
{"timestamp":"2026-09-13T17:25:03.717627+00:00","event":"response_sent","request_id":"load-00001-page_000287_table_box_id_8:9789947c578f492f897dacd589b6166b","http_status":200}
{"timestamp":"2026-09-13T17:25:03.721141+00:00","event":"request_accepted","request_id":"load-00034-page_000542_table_0:078fb32c61b44d73aebacbb3578d7f92","crop_type":"table","unfinished_requests":15}
{"timestamp":"2026-09-13T17:25:03.778215+00:00","event":"request_accepted","request_id":"load-00035-page_001130_table_1:5ed7c718cbe74a49be1fd7e2a6f208c6","crop_type":"table","unfinished_requests":16}
{"timestamp":"2026-09-13T17:25:03.781845+00:00","event":"request_accepted","request_id":"load-00036-page_001595_table_box_id_9:2863cdf309134770acc818cb2b41f217","crop_type":"table","unfinished_requests":17}
{"timestamp":"2026-09-13T17:25:03.896981+00:00","event":"request_finished","request_id":"load-00025-page_000206_table_box_id_1:fb332fe5ca654b7994c39887a9aa02b9","crop_type":"table","worker_wall_s":0.7553616899822373,"generated_tokens_including_eos":282,"stop_reason":"eos"}
{"timestamp":"2026-09-13T17:25:03.897716+00:00","event":"response_sent","request_id":"load-00025-page_000206_table_box_id_1:fb332fe5ca654b7994c39887a9aa02b9","http_status":200}
{"timestamp":"2026-09-13T17:25:03.998127+00:00","event":"request_finished","request_id":"load-00026-page_000209_table_box_id_1:a7c5b24f6a86444cae9bfb38dff54c6d","crop_type":"table","worker_wall_s":0.7646854899940081,"generated_tokens_including_eos":135,"stop_reason":"eos"}
{"timestamp":"2026-09-13T17:25:03.998653+00:00","event":"response_sent","request_id":"load-00026-page_000209_table_box_id_1:a7c5b24f6a86444cae9bfb38dff54c6d","http_status":200}
{"timestamp":"2026-09-13T17:25:04.084280+00:00","event":"request_accepted","request_id":"load-00037-page_001233_table_6:5488dc01a18742669956455079147c81","crop_type":"table","unfinished_requests":16}
{"timestamp":"2026-09-13T17:25:04.096724+00:00","event":"request_finished","request_id":"load-00024-page_000213_table_box_id_5:da00b11c82124d4291f384b0e8f14549","crop_type":"table","worker_wall_s":0.9948411099903751,"generated_tokens_including_eos":328,"stop_reason":"eos"}
{"timestamp":"2026-09-13T17:25:04.097322+00:00","event":"response_sent","request_id":"load-00024-page_000213_table_box_id_5:da00b11c82124d4291f384b0e8f14549","http_status":200}
{"timestamp":"2026-09-13T17:25:04.220263+00:00","event":"request_accepted","request_id":"load-00038-page_000585_table_1:416f4fae5033472c96302901d88d4727","crop_type":"table","unfinished_requests":16}
{"timestamp":"2026-09-13T17:25:04.230983+00:00","event":"request_finished","request_id":"load-00019-page_000642_table_8:03349e8aebb74655bf9bc63bd41c2f66","crop_type":"table","worker_wall_s":1.8156356299878098,"generated_tokens_including_eos":640,"stop_reason":"eos"}
{"timestamp":"2026-09-13T17:25:04.231630+00:00","event":"response_sent","request_id":"load-00019-page_000642_table_8:03349e8aebb74655bf9bc63bd41c2f66","http_status":200}
{"timestamp":"2026-09-13T17:25:04.291016+00:00","event":"request_finished","request_id":"load-00029-page_000921_table_9:a39c74b7efdd4d74bce69d2bf25ef9ec","crop_type":"table","worker_wall_s":0.9143228000029922,"generated_tokens_including_eos":90,"stop_reason":"eos"}
{"timestamp":"2026-09-13T17:25:04.292198+00:00","event":"response_sent","request_id":"load-00029-page_000921_table_9:a39c74b7efdd4d74bce69d2bf25ef9ec","http_status":200}
{"timestamp":"2026-09-13T17:25:04.350817+00:00","event":"request_finished","request_id":"load-00028-page_000188_table_box_id_6:1764080b6fe040bebab4b46398fb9d5f","crop_type":"table","worker_wall_s":1.0682882399996743,"generated_tokens_including_eos":110,"stop_reason":"eos"}
{"timestamp":"2026-09-13T17:25:04.351369+00:00","event":"response_sent","request_id":"load-00028-page_000188_table_box_id_6:1764080b6fe040bebab4b46398fb9d5f","http_status":200}
{"timestamp":"2026-09-13T17:25:04.391933+00:00","event":"request_accepted","request_id":"load-00039-page_000821_table_box_id_26:674c826e5d4247449d5fad79f0ceb2cf","crop_type":"table","unfinished_requests":14}
{"timestamp":"2026-09-13T17:25:04.425992+00:00","event":"request_accepted","request_id":"load-00040-page_000566_table_3:8248fb0211394cb1a9b9e0b245291a35","crop_type":"table","unfinished_requests":15}
{"timestamp":"2026-09-13T17:25:04.453280+00:00","event":"request_finished","request_id":"load-00032-page_001503_table_5:6437884827b444e0871f2ae5d29912c4","crop_type":"table","worker_wall_s":0.871623710001586,"generated_tokens_including_eos":42,"stop_reason":"eos"}
{"timestamp":"2026-09-13T17:25:04.453989+00:00","event":"response_sent","request_id":"load-00032-page_001503_table_5:6437884827b444e0871f2ae5d29912c4","http_status":200}
{"timestamp":"2026-09-13T17:25:04.550581+00:00","event":"request_finished","request_id":"load-00023-page_000746_table_18:8de9e3e586f143e79df9a355b35999f5","crop_type":"table","worker_wall_s":1.5290282499918249,"generated_tokens_including_eos":458,"stop_reason":"eos"}
{"timestamp":"2026-09-13T17:25:04.551274+00:00","event":"response_sent","request_id":"load-00023-page_000746_table_18:8de9e3e586f143e79df9a355b35999f5","http_status":200}
{"timestamp":"2026-09-13T17:25:04.650100+00:00","event":"request_finished","request_id":"load-00030-page_000533_table_8:5bf4e57355474f7fb2c0ee7ec98dfb81","crop_type":"table","worker_wall_s":1.1600518900086172,"generated_tokens_including_eos":171,"stop_reason":"eos"}
{"timestamp":"2026-09-13T17:25:04.650960+00:00","event":"response_sent","request_id":"load-00030-page_000533_table_8:5bf4e57355474f7fb2c0ee7ec98dfb81","http_status":200}
{"timestamp":"2026-09-13T17:25:04.704137+00:00","event":"request_finished","request_id":"load-00035-page_001130_table_1:5ed7c718cbe74a49be1fd7e2a6f208c6","crop_type":"table","worker_wall_s":0.9256968400150072,"generated_tokens_including_eos":51,"stop_reason":"eos"}
{"timestamp":"2026-09-13T17:25:04.704832+00:00","event":"response_sent","request_id":"load-00035-page_001130_table_1:5ed7c718cbe74a49be1fd7e2a6f208c6","http_status":200}
{"timestamp":"2026-09-13T17:25:04.797989+00:00","event":"request_finished","request_id":"load-00036-page_001595_table_box_id_9:2863cdf309134770acc818cb2b41f217","crop_type":"table","worker_wall_s":1.0159051100199576,"generated_tokens_including_eos":45,"stop_reason":"eos"}
{"timestamp":"2026-09-13T17:25:04.798582+00:00","event":"response_sent","request_id":"load-00036-page_001595_table_box_id_9:2863cdf309134770acc818cb2b41f217","http_status":200}
{"timestamp":"2026-09-13T17:25:04.900654+00:00","event":"request_finished","request_id":"load-00031-page_001123_table_14:4747ed6178644e3387fdc53d3218cfc4","crop_type":"table","worker_wall_s":1.365992200007895,"generated_tokens_including_eos":186,"stop_reason":"eos"}
{"timestamp":"2026-09-13T17:25:04.901371+00:00","event":"response_sent","request_id":"load-00031-page_001123_table_14:4747ed6178644e3387fdc53d3218cfc4","http_status":200}
{"timestamp":"2026-09-13T17:25:04.994886+00:00","event":"request_finished","request_id":"load-00039-page_000821_table_box_id_26:674c826e5d4247449d5fad79f0ceb2cf","crop_type":"table","worker_wall_s":0.6027127900160849,"generated_tokens_including_eos":46,"stop_reason":"eos"}
{"timestamp":"2026-09-13T17:25:04.995372+00:00","event":"response_sent","request_id":"load-00039-page_000821_table_box_id_26:674c826e5d4247449d5fad79f0ceb2cf","http_status":200}
{"timestamp":"2026-09-13T17:25:05.130685+00:00","event":"request_finished","request_id":"load-00027-page_001216_table_2:400d9c7e38fc4f65ac903f7975946fc2","crop_type":"table","worker_wall_s":1.8925544300000183,"generated_tokens_including_eos":446,"stop_reason":"eos"}
{"timestamp":"2026-09-13T17:25:05.131251+00:00","event":"response_sent","request_id":"load-00027-page_001216_table_2:400d9c7e38fc4f65ac903f7975946fc2","http_status":200}
{"timestamp":"2026-09-13T17:25:05.242430+00:00","event":"request_accepted","request_id":"load-00041-page_000534_table_4:0dc731083eb24ad4a92af12555ebb962","crop_type":"table","unfinished_requests":8}
{"timestamp":"2026-09-13T17:25:05.426261+00:00","event":"request_finished","request_id":"load-00034-page_000542_table_0:078fb32c61b44d73aebacbb3578d7f92","crop_type":"table","worker_wall_s":1.7047855099954177,"generated_tokens_including_eos":356,"stop_reason":"eos"}
{"timestamp":"2026-09-13T17:25:05.426923+00:00","event":"response_sent","request_id":"load-00034-page_000542_table_0:078fb32c61b44d73aebacbb3578d7f92","http_status":200}
{"timestamp":"2026-09-13T17:25:05.532479+00:00","event":"request_finished","request_id":"load-00037-page_001233_table_6:5488dc01a18742669956455079147c81","crop_type":"table","worker_wall_s":1.447823900001822,"generated_tokens_including_eos":347,"stop_reason":"eos"}
{"timestamp":"2026-09-13T17:25:05.533071+00:00","event":"response_sent","request_id":"load-00037-page_001233_table_6:5488dc01a18742669956455079147c81","http_status":200}
{"timestamp":"2026-09-13T17:25:05.570368+00:00","event":"request_accepted","request_id":"load-00042-page_001141_table_13:5ea312e806e24829a1e8c452e5672347","crop_type":"table","unfinished_requests":7}
{"timestamp":"2026-09-13T17:25:05.591644+00:00","event":"request_accepted","request_id":"load-00043-page_000665_table_3:1292cb6bed7048a08d9a93f38b0d95f2","crop_type":"table","unfinished_requests":8}
{"timestamp":"2026-09-13T17:25:05.660351+00:00","event":"request_accepted","request_id":"load-00044-page_001417_table_2:75c538764b3743f6964acc6b5c8751cc","crop_type":"table","unfinished_requests":9}
{"timestamp":"2026-09-13T17:25:05.663702+00:00","event":"request_finished","request_id":"load-00043-page_000665_table_3:1292cb6bed7048a08d9a93f38b0d95f2","crop_type":"table","worker_wall_s":0.07179712000652216,"generated_tokens_including_eos":11,"stop_reason":"eos"}
{"timestamp":"2026-09-13T17:25:05.664472+00:00","event":"response_sent","request_id":"load-00043-page_000665_table_3:1292cb6bed7048a08d9a93f38b0d95f2","http_status":200}
{"timestamp":"2026-09-13T17:25:05.795415+00:00","event":"request_finished","request_id":"load-00044-page_001417_table_2:75c538764b3743f6964acc6b5c8751cc","crop_type":"table","worker_wall_s":0.13482527999440208,"generated_tokens_including_eos":68,"stop_reason":"eos"}
{"timestamp":"2026-09-13T17:25:05.795966+00:00","event":"response_sent","request_id":"load-00044-page_001417_table_2:75c538764b3743f6964acc6b5c8751cc","http_status":200}
{"timestamp":"2026-09-13T17:25:05.835368+00:00","event":"request_finished","request_id":"load-00038-page_000585_table_1:416f4fae5033472c96302901d88d4727","crop_type":"table","worker_wall_s":1.6147562100086361,"generated_tokens_including_eos":457,"stop_reason":"eos"}
{"timestamp":"2026-09-13T17:25:05.836045+00:00","event":"response_sent","request_id":"load-00038-page_000585_table_1:416f4fae5033472c96302901d88d4727","http_status":200}
{"timestamp":"2026-09-13T17:25:05.871771+00:00","event":"request_accepted","request_id":"load-00045-page_001117_table_box_id_7:1e615a80824e4be797eaf95ff54a9b03","crop_type":"table","unfinished_requests":7}
{"timestamp":"2026-09-13T17:25:05.953349+00:00","event":"request_finished","request_id":"load-00040-page_000566_table_3:8248fb0211394cb1a9b9e0b245291a35","crop_type":"table","worker_wall_s":1.5270307600148953,"generated_tokens_including_eos":446,"stop_reason":"eos"}
{"timestamp":"2026-09-13T17:25:05.954051+00:00","event":"response_sent","request_id":"load-00040-page_000566_table_3:8248fb0211394cb1a9b9e0b245291a35","http_status":200}
{"timestamp":"2026-09-13T17:25:05.969538+00:00","event":"request_finished","request_id":"load-00041-page_000534_table_4:0dc731083eb24ad4a92af12555ebb962","crop_type":"table","worker_wall_s":0.7268427300150506,"generated_tokens_including_eos":317,"stop_reason":"eos"}
{"timestamp":"2026-09-13T17:25:05.970160+00:00","event":"response_sent","request_id":"load-00041-page_000534_table_4:0dc731083eb24ad4a92af12555ebb962","http_status":200}
{"timestamp":"2026-09-13T17:25:06.054160+00:00","event":"request_finished","request_id":"load-00033-page_001197_table_5:fb143c5013854db3a79e5bcc26a54e19","crop_type":"table","worker_wall_s":2.434684580017347,"generated_tokens_including_eos":727,"stop_reason":"eos"}
{"timestamp":"2026-09-13T17:25:06.054924+00:00","event":"response_sent","request_id":"load-00033-page_001197_table_5:fb143c5013854db3a79e5bcc26a54e19","http_status":200}
{"timestamp":"2026-09-13T17:25:06.078907+00:00","event":"request_accepted","request_id":"load-00046-page_001270_table_box_id_1:44bb7b67f57a4892a6eee9336ccc395f","crop_type":"table","unfinished_requests":5}
{"timestamp":"2026-09-13T17:25:06.109376+00:00","event":"request_finished","request_id":"load-00045-page_001117_table_box_id_7:1e615a80824e4be797eaf95ff54a9b03","crop_type":"table","worker_wall_s":0.2371299100050237,"generated_tokens_including_eos":119,"stop_reason":"eos"}
{"timestamp":"2026-09-13T17:25:06.110437+00:00","event":"response_sent","request_id":"load-00045-page_001117_table_box_id_7:1e615a80824e4be797eaf95ff54a9b03","http_status":200}
{"timestamp":"2026-09-13T17:25:06.245890+00:00","event":"request_finished","request_id":"load-00042-page_001141_table_13:5ea312e806e24829a1e8c452e5672347","crop_type":"table","worker_wall_s":0.6752147400111426,"generated_tokens_including_eos":301,"stop_reason":"eos"}
{"timestamp":"2026-09-13T17:25:06.246539+00:00","event":"response_sent","request_id":"load-00042-page_001141_table_13:5ea312e806e24829a1e8c452e5672347","http_status":200}
{"timestamp":"2026-09-13T17:25:06.389249+00:00","event":"request_finished","request_id":"load-00022-page_000263_table_box_id_7:bf130c115335424c85470cfe8dab06fc","crop_type":"table","worker_wall_s":3.8345828099991195,"generated_tokens_including_eos":1532,"stop_reason":"eos"}
{"timestamp":"2026-09-13T17:25:06.390472+00:00","event":"response_sent","request_id":"load-00022-page_000263_table_box_id_7:bf130c115335424c85470cfe8dab06fc","http_status":200}
{"timestamp":"2026-09-13T17:25:06.539136+00:00","event":"request_accepted","request_id":"load-00047-page_000261_table_box_id_3:8400ffadf3fa4ab4a3c21c9d9287ab15","crop_type":"table","unfinished_requests":3}
{"timestamp":"2026-09-13T17:25:06.630010+00:00","event":"request_accepted","request_id":"load-00048-page_000505_table_1:73f610aef14440478f0fab29345607b0","crop_type":"table","unfinished_requests":4}
{"timestamp":"2026-09-13T17:25:06.924608+00:00","event":"request_accepted","request_id":"load-00049-page_000682_table_15:154c3fb9f0db40c69860b569f96996b2","crop_type":"table","unfinished_requests":5}
{"timestamp":"2026-09-13T17:25:07.105172+00:00","event":"request_finished","request_id":"load-00049-page_000682_table_15:154c3fb9f0db40c69860b569f96996b2","crop_type":"table","worker_wall_s":0.18023733000154607,"generated_tokens_including_eos":63,"stop_reason":"eos"}
{"timestamp":"2026-09-13T17:25:07.105942+00:00","event":"response_sent","request_id":"load-00049-page_000682_table_15:154c3fb9f0db40c69860b569f96996b2","http_status":200}
{"timestamp":"2026-09-13T17:25:07.109669+00:00","event":"request_accepted","request_id":"load-00050-page_000275_table_box_id_1:98e39c22473347e5a7ef3bf871471d7c","crop_type":"table","unfinished_requests":5}
{"timestamp":"2026-09-13T17:25:07.170171+00:00","event":"request_accepted","request_id":"load-00051-page_000789_table_34:95557a0cc1f74b07bf35d8d1dd1ae8b0","crop_type":"table","unfinished_requests":6}
{"timestamp":"2026-09-13T17:25:07.307006+00:00","event":"request_finished","request_id":"load-00051-page_000789_table_34:95557a0cc1f74b07bf35d8d1dd1ae8b0","crop_type":"table","worker_wall_s":0.13652217999333516,"generated_tokens_including_eos":32,"stop_reason":"eos"}
{"timestamp":"2026-09-13T17:25:07.307633+00:00","event":"response_sent","request_id":"load-00051-page_000789_table_34:95557a0cc1f74b07bf35d8d1dd1ae8b0","http_status":200}
{"timestamp":"2026-09-13T17:25:07.319171+00:00","event":"request_accepted","request_id":"load-00052-page_001177_table_2:eedcd4e38d734ba29eaa71518d512972","crop_type":"table","unfinished_requests":6}
{"timestamp":"2026-09-13T17:25:07.573793+00:00","event":"request_finished","request_id":"load-00005-page_000272_table_box_id_1:36aa836faa3d4f08951ea002626b7267","crop_type":"table","worker_wall_s":7.5727203900169116,"generated_tokens_including_eos":3025,"stop_reason":"eos"}
{"timestamp":"2026-09-13T17:25:07.575408+00:00","event":"response_sent","request_id":"load-00005-page_000272_table_box_id_1:36aa836faa3d4f08951ea002626b7267","http_status":200}
{"timestamp":"2026-09-13T17:25:07.674236+00:00","event":"request_accepted","request_id":"load-00053-page_001398_table_box-13qv1ztw:aac4132e4bbc40a2a6ab1ba531493dac","crop_type":"table","unfinished_requests":6}
{"timestamp":"2026-09-13T17:25:07.835417+00:00","event":"request_finished","request_id":"load-00046-page_001270_table_box_id_1:44bb7b67f57a4892a6eee9336ccc395f","crop_type":"table","worker_wall_s":1.7561470699729398,"generated_tokens_including_eos":789,"stop_reason":"eos"}
{"timestamp":"2026-09-13T17:25:07.836374+00:00","event":"response_sent","request_id":"load-00046-page_001270_table_box_id_1:44bb7b67f57a4892a6eee9336ccc395f","http_status":200}
{"timestamp":"2026-09-13T17:25:07.890466+00:00","event":"request_finished","request_id":"load-00053-page_001398_table_box-13qv1ztw:aac4132e4bbc40a2a6ab1ba531493dac","crop_type":"table","worker_wall_s":0.21598830001312308,"generated_tokens_including_eos":114,"stop_reason":"eos"}
{"timestamp":"2026-09-13T17:25:07.891046+00:00","event":"response_sent","request_id":"load-00053-page_001398_table_box-13qv1ztw:aac4132e4bbc40a2a6ab1ba531493dac","http_status":200}
{"timestamp":"2026-09-13T17:25:07.986644+00:00","event":"request_accepted","request_id":"load-00054-page_001183_table_11:d36c470f61434172a342096d1fdcd0ca","crop_type":"table","unfinished_requests":5}
{"timestamp":"2026-09-13T17:25:07.987697+00:00","event":"request_finished","request_id":"load-00052-page_001177_table_2:eedcd4e38d734ba29eaa71518d512972","crop_type":"table","worker_wall_s":0.6682496199791785,"generated_tokens_including_eos":355,"stop_reason":"eos"}
{"timestamp":"2026-09-13T17:25:07.988444+00:00","event":"response_sent","request_id":"load-00052-page_001177_table_2:eedcd4e38d734ba29eaa71518d512972","http_status":200}
{"timestamp":"2026-09-13T17:25:08.011743+00:00","event":"request_finished","request_id":"load-00048-page_000505_table_1:73f610aef14440478f0fab29345607b0","crop_type":"table","worker_wall_s":1.3813307099917438,"generated_tokens_including_eos":630,"stop_reason":"eos"}
{"timestamp":"2026-09-13T17:25:08.012587+00:00","event":"response_sent","request_id":"load-00048-page_000505_table_1:73f610aef14440478f0fab29345607b0","http_status":200}
{"timestamp":"2026-09-13T17:25:08.103298+00:00","event":"request_accepted","request_id":"load-00055-page_000507_table_0:1dba59369a914184aba7d33f351e59ad","crop_type":"table","unfinished_requests":4}
{"timestamp":"2026-09-13T17:25:08.252022+00:00","event":"request_accepted","request_id":"load-00056-page_000710_table_9:6c9650e53b5c43b981bffde499352230","crop_type":"table","unfinished_requests":5}
{"timestamp":"2026-09-13T17:25:08.257640+00:00","event":"request_accepted","request_id":"load-00057-page_000657_table_6:643c20adbc6448b7abce4f051d031762","crop_type":"table","unfinished_requests":6}
{"timestamp":"2026-09-13T17:25:08.304212+00:00","event":"request_accepted","request_id":"load-00058-page_001368_table_box_id_227:7372bcceb71341d3b70b3e1ec40db2ee","crop_type":"table","unfinished_requests":7}
{"timestamp":"2026-09-13T17:25:08.395768+00:00","event":"request_finished","request_id":"load-00057-page_000657_table_6:643c20adbc6448b7abce4f051d031762","crop_type":"table","worker_wall_s":0.13785449997521937,"generated_tokens_including_eos":11,"stop_reason":"eos"}
{"timestamp":"2026-09-13T17:25:08.396471+00:00","event":"response_sent","request_id":"load-00057-page_000657_table_6:643c20adbc6448b7abce4f051d031762","http_status":200}
{"timestamp":"2026-09-13T17:25:08.474078+00:00","event":"request_finished","request_id":"load-00056-page_000710_table_9:6c9650e53b5c43b981bffde499352230","crop_type":"table","worker_wall_s":0.22180922000552528,"generated_tokens_including_eos":60,"stop_reason":"eos"}
{"timestamp":"2026-09-13T17:25:08.474631+00:00","event":"response_sent","request_id":"load-00056-page_000710_table_9:6c9650e53b5c43b981bffde499352230","http_status":200}
{"timestamp":"2026-09-13T17:25:08.495217+00:00","event":"request_finished","request_id":"load-00054-page_001183_table_11:d36c470f61434172a342096d1fdcd0ca","crop_type":"table","worker_wall_s":0.5083049499953631,"generated_tokens_including_eos":169,"stop_reason":"eos"}
{"timestamp":"2026-09-13T17:25:08.495831+00:00","event":"response_sent","request_id":"load-00054-page_001183_table_11:d36c470f61434172a342096d1fdcd0ca","http_status":200}
{"timestamp":"2026-09-13T17:25:08.513978+00:00","event":"heartbeat","output_tokens_including_eos":23096,"active_decode_slots":4,"decode_batch_size":8,"cpu_preparation_or_prefill_waiting":0,"prefilled_waiting_for_decode":0,"unfinished_requests":4,"interval_s":15.00074387001223,"output_tokens_per_s":1476.1934602635108,"accepted_since_last_heartbeat":58,"completed_since_last_heartbeat":54,"failed_since_last_heartbeat":0,"rejected_since_last_heartbeat":0,"timed_out_since_last_heartbeat":0,"accepted_requests_per_s":3.866474923016782,"completed_requests_per_s":3.5998214800501076,"max_in_flight_requests":64}
{"timestamp":"2026-09-13T17:25:08.549631+00:00","event":"request_finished","request_id":"load-00055-page_000507_table_0:1dba59369a914184aba7d33f351e59ad","crop_type":"table","worker_wall_s":0.4460961800068617,"generated_tokens_including_eos":167,"stop_reason":"eos"}
{"timestamp":"2026-09-13T17:25:08.550219+00:00","event":"response_sent","request_id":"load-00055-page_000507_table_0:1dba59369a914184aba7d33f351e59ad","http_status":200}
{"timestamp":"2026-09-13T17:25:08.571163+00:00","event":"request_accepted","request_id":"load-00059-page_001176_table_4:5d098cc42cc24e42a6ecda0a2e727c67","crop_type":"table","unfinished_requests":4}
{"timestamp":"2026-09-13T17:25:08.660690+00:00","event":"request_accepted","request_id":"load-00060-page_001181_table_6:02e69b5fba97498a9b4659daec269a4f","crop_type":"table","unfinished_requests":5}
{"timestamp":"2026-09-13T17:25:08.691425+00:00","event":"request_accepted","request_id":"load-00061-page_000937_table_0:7ef6341bbcbc4122b75a985452b4b267","crop_type":"table","unfinished_requests":6}
{"timestamp":"2026-09-13T17:25:08.823912+00:00","event":"request_accepted","request_id":"load-00062-page_001368_table_box_id_237:6073981fecaa4fde83fcda618588d91b","crop_type":"table","unfinished_requests":7}
{"timestamp":"2026-09-13T17:25:09.026899+00:00","event":"request_accepted","request_id":"load-00063-page_000217_table_box_id_0:b1dde9daf2a8406fbd141743d3f92182","crop_type":"table","unfinished_requests":8}
{"timestamp":"2026-09-13T17:25:09.213943+00:00","event":"request_accepted","request_id":"load-00064-page_001159_table_5:9008a6d0e02044b588c7faa4d66d9508","crop_type":"table","unfinished_requests":9}
{"timestamp":"2026-09-13T17:25:09.252321+00:00","event":"request_finished","request_id":"load-00058-page_001368_table_box_id_227:7372bcceb71341d3b70b3e1ec40db2ee","crop_type":"table","worker_wall_s":0.947681849997025,"generated_tokens_including_eos":345,"stop_reason":"eos"}
{"timestamp":"2026-09-13T17:25:09.253126+00:00","event":"response_sent","request_id":"load-00058-page_001368_table_box_id_227:7372bcceb71341d3b70b3e1ec40db2ee","http_status":200}
{"timestamp":"2026-09-13T17:25:09.292087+00:00","event":"request_accepted","request_id":"load-00065-page_000626_table_box_id_1:332284629f984a47a2c2a26cb3d6af9c","crop_type":"table","unfinished_requests":9}
{"timestamp":"2026-09-13T17:25:09.329378+00:00","event":"request_finished","request_id":"load-00062-page_001368_table_box_id_237:6073981fecaa4fde83fcda618588d91b","crop_type":"table","worker_wall_s":0.5052068200020585,"generated_tokens_including_eos":151,"stop_reason":"eos"}
{"timestamp":"2026-09-13T17:25:09.330090+00:00","event":"response_sent","request_id":"load-00062-page_001368_table_box_id_237:6073981fecaa4fde83fcda618588d91b","http_status":200}
{"timestamp":"2026-09-13T17:25:09.350183+00:00","event":"request_finished","request_id":"load-00061-page_000937_table_0:7ef6341bbcbc4122b75a985452b4b267","crop_type":"table","worker_wall_s":0.658483779989183,"generated_tokens_including_eos":164,"stop_reason":"eos"}
{"timestamp":"2026-09-13T17:25:09.350843+00:00","event":"response_sent","request_id":"load-00061-page_000937_table_0:7ef6341bbcbc4122b75a985452b4b267","http_status":200}
{"timestamp":"2026-09-13T17:25:09.387512+00:00","event":"request_accepted","request_id":"load-00066-page_000984_table_2:663b915de70f4068998ae2e1397a002c","crop_type":"table","unfinished_requests":8}
{"timestamp":"2026-09-13T17:25:09.472183+00:00","event":"request_finished","request_id":"load-00047-page_000261_table_box_id_3:8400ffadf3fa4ab4a3c21c9d9287ab15","crop_type":"table","worker_wall_s":2.9325831799942534,"generated_tokens_including_eos":1106,"stop_reason":"eos"}
{"timestamp":"2026-09-13T17:25:09.473215+00:00","event":"response_sent","request_id":"load-00047-page_000261_table_box_id_3:8400ffadf3fa4ab4a3c21c9d9287ab15","http_status":200}
{"timestamp":"2026-09-13T17:25:09.506557+00:00","event":"request_accepted","request_id":"load-00067-page_001082_table_34:976f05d155974c86beb40a6764179a99","crop_type":"table","unfinished_requests":8}
{"timestamp":"2026-09-13T17:25:09.515831+00:00","event":"request_finished","request_id":"load-00066-page_000984_table_2:663b915de70f4068998ae2e1397a002c","crop_type":"table","worker_wall_s":0.12808773000142537,"generated_tokens_including_eos":32,"stop_reason":"eos"}
{"timestamp":"2026-09-13T17:25:09.516591+00:00","event":"response_sent","request_id":"load-00066-page_000984_table_2:663b915de70f4068998ae2e1397a002c","http_status":200}
{"timestamp":"2026-09-13T17:25:09.529893+00:00","event":"request_finished","request_id":"load-00063-page_000217_table_box_id_0:b1dde9daf2a8406fbd141743d3f92182","crop_type":"table","worker_wall_s":0.5024280599900521,"generated_tokens_including_eos":138,"stop_reason":"eos"}
{"timestamp":"2026-09-13T17:25:09.531492+00:00","event":"response_sent","request_id":"load-00063-page_000217_table_box_id_0:b1dde9daf2a8406fbd141743d3f92182","http_status":200}
{"timestamp":"2026-09-13T17:25:09.757522+00:00","event":"request_accepted","request_id":"load-00068-page_000467_table_17:b21707ab4df148a1815eb52e76fc18e2","crop_type":"table","unfinished_requests":7}
{"timestamp":"2026-09-13T17:25:09.880305+00:00","event":"request_accepted","request_id":"load-00069-page_000866_table_14:3ea94038054d479dad745f5bc7213374","crop_type":"table","unfinished_requests":8}
{"timestamp":"2026-09-13T17:25:09.963747+00:00","event":"request_accepted","request_id":"load-00070-page_001227_table_10:13dcba69fbe24f0dba7a27c98bb4ef35","crop_type":"table","unfinished_requests":9}
{"timestamp":"2026-09-13T17:25:10.076254+00:00","event":"request_finished","request_id":"load-00064-page_001159_table_5:9008a6d0e02044b588c7faa4d66d9508","crop_type":"table","worker_wall_s":0.8619463100039866,"generated_tokens_including_eos":314,"stop_reason":"eos"}
{"timestamp":"2026-09-13T17:25:10.077091+00:00","event":"request_accepted","request_id":"load-00071-page_000916_table_7:808c9e44317541219e7ac9bd02d5b00f","crop_type":"table","unfinished_requests":9}
{"timestamp":"2026-09-13T17:25:10.079307+00:00","event":"response_sent","request_id":"load-00064-page_001159_table_5:9008a6d0e02044b588c7faa4d66d9508","http_status":200}
{"timestamp":"2026-09-13T17:25:10.080914+00:00","event":"request_accepted","request_id":"load-00072-page_000251_table_box_id_7:b8d7b9c362e04ce4988d20dc98e0f00d","crop_type":"table","unfinished_requests":10}
{"timestamp":"2026-09-13T17:25:10.087607+00:00","event":"request_accepted","request_id":"load-00073-page_001131_table_15:c276adc80c484591bf11492fcfedf7f2","crop_type":"table","unfinished_requests":11}
{"timestamp":"2026-09-13T17:25:10.290901+00:00","event":"request_accepted","request_id":"load-00074-page_001183_table_12:0a8f8003997441e5bea3e63e800fe43c","crop_type":"table","unfinished_requests":12}
{"timestamp":"2026-09-13T17:25:10.291455+00:00","event":"request_finished","request_id":"load-00069-page_000866_table_14:3ea94038054d479dad745f5bc7213374","crop_type":"table","worker_wall_s":0.4107674100087024,"generated_tokens_including_eos":167,"stop_reason":"eos"}
{"timestamp":"2026-09-13T17:25:10.292109+00:00","event":"response_sent","request_id":"load-00069-page_000866_table_14:3ea94038054d479dad745f5bc7213374","http_status":200}
{"timestamp":"2026-09-13T17:25:10.430611+00:00","event":"request_finished","request_id":"load-00059-page_001176_table_4:5d098cc42cc24e42a6ecda0a2e727c67","crop_type":"table","worker_wall_s":1.8590016300149728,"generated_tokens_including_eos":630,"stop_reason":"eos"}
{"timestamp":"2026-09-13T17:25:10.431424+00:00","event":"response_sent","request_id":"load-00059-page_001176_table_4:5d098cc42cc24e42a6ecda0a2e727c67","http_status":200}
{"timestamp":"2026-09-13T17:25:10.688250+00:00","event":"request_finished","request_id":"load-00067-page_001082_table_34:976f05d155974c86beb40a6764179a99","crop_type":"table","worker_wall_s":1.1813237800088245,"generated_tokens_including_eos":483,"stop_reason":"eos"}
{"timestamp":"2026-09-13T17:25:10.689052+00:00","event":"response_sent","request_id":"load-00067-page_001082_table_34:976f05d155974c86beb40a6764179a99","http_status":200}
{"timestamp":"2026-09-13T17:25:10.834888+00:00","event":"request_finished","request_id":"load-00071-page_000916_table_7:808c9e44317541219e7ac9bd02d5b00f","crop_type":"table","worker_wall_s":0.757501920015784,"generated_tokens_including_eos":230,"stop_reason":"eos"}
{"timestamp":"2026-09-13T17:25:10.835621+00:00","event":"response_sent","request_id":"load-00071-page_000916_table_7:808c9e44317541219e7ac9bd02d5b00f","http_status":200}
{"timestamp":"2026-09-13T17:25:10.972297+00:00","event":"request_accepted","request_id":"load-00075-page_000266_table_box_id_7:59437b9e0d1e452c99d7005a2fe1343d","crop_type":"table","unfinished_requests":9}
{"timestamp":"2026-09-13T17:25:10.983611+00:00","event":"request_finished","request_id":"load-00073-page_001131_table_15:c276adc80c484591bf11492fcfedf7f2","crop_type":"table","worker_wall_s":0.8956899500044528,"generated_tokens_including_eos":131,"stop_reason":"eos"}
{"timestamp":"2026-09-13T17:25:10.984801+00:00","event":"response_sent","request_id":"load-00073-page_001131_table_15:c276adc80c484591bf11492fcfedf7f2","http_status":200}
{"timestamp":"2026-09-13T17:25:11.121444+00:00","event":"request_accepted","request_id":"load-00076-page_000447_table_12:9149a44d858d4a3b9d49e8cf1d911092","crop_type":"table","unfinished_requests":9}
{"timestamp":"2026-09-13T17:25:11.131414+00:00","event":"request_finished","request_id":"load-00060-page_001181_table_6:02e69b5fba97498a9b4659daec269a4f","crop_type":"table","worker_wall_s":2.4699214700085577,"generated_tokens_including_eos":906,"stop_reason":"eos"}
{"timestamp":"2026-09-13T17:25:11.133223+00:00","event":"response_sent","request_id":"load-00060-page_001181_table_6:02e69b5fba97498a9b4659daec269a4f","http_status":200}
{"timestamp":"2026-09-13T17:25:11.206649+00:00","event":"request_accepted","request_id":"load-00077-page_001193_table_4:360d2885571c4aee9a608e6eb3397edb","crop_type":"table","unfinished_requests":9}
{"timestamp":"2026-09-13T17:25:11.210418+00:00","event":"request_finished","request_id":"load-00075-page_000266_table_box_id_7:59437b9e0d1e452c99d7005a2fe1343d","crop_type":"table","worker_wall_s":0.23781217998475768,"generated_tokens_including_eos":96,"stop_reason":"eos"}
{"timestamp":"2026-09-13T17:25:11.211131+00:00","event":"response_sent","request_id":"load-00075-page_000266_table_box_id_7:59437b9e0d1e452c99d7005a2fe1343d","http_status":200}
{"timestamp":"2026-09-13T17:25:11.236202+00:00","event":"request_accepted","request_id":"load-00078-page_001368_table_box_id_239:2ae4de9fee5748e18e36198cc7fa9daa","crop_type":"table","unfinished_requests":9}
{"timestamp":"2026-09-13T17:25:11.352090+00:00","event":"request_accepted","request_id":"load-00079-page_000903_table_15:3bbdc061962a4bafa76ef21dfda900a0","crop_type":"table","unfinished_requests":10}
{"timestamp":"2026-09-13T17:25:11.357183+00:00","event":"request_finished","request_id":"load-00072-page_000251_table_box_id_7:b8d7b9c362e04ce4988d20dc98e0f00d","crop_type":"table","worker_wall_s":1.2758081799838692,"generated_tokens_including_eos":404,"stop_reason":"eos"}
{"timestamp":"2026-09-13T17:25:11.357989+00:00","event":"response_sent","request_id":"load-00072-page_000251_table_box_id_7:b8d7b9c362e04ce4988d20dc98e0f00d","http_status":200}
{"timestamp":"2026-09-13T17:25:11.460858+00:00","event":"request_finished","request_id":"load-00074-page_001183_table_12:0a8f8003997441e5bea3e63e800fe43c","crop_type":"table","worker_wall_s":1.169619780004723,"generated_tokens_including_eos":268,"stop_reason":"eos"}
{"timestamp":"2026-09-13T17:25:11.461573+00:00","event":"response_sent","request_id":"load-00074-page_001183_table_12:0a8f8003997441e5bea3e63e800fe43c","http_status":200}
{"timestamp":"2026-09-13T17:25:11.507715+00:00","event":"request_finished","request_id":"load-00068-page_000467_table_17:b21707ab4df148a1815eb52e76fc18e2","crop_type":"table","worker_wall_s":1.7498064099927433,"generated_tokens_including_eos":723,"stop_reason":"eos"}
{"timestamp":"2026-09-13T17:25:11.508501+00:00","event":"response_sent","request_id":"load-00068-page_000467_table_17:b21707ab4df148a1815eb52e76fc18e2","http_status":200}
{"timestamp":"2026-09-13T17:25:11.605554+00:00","event":"request_finished","request_id":"load-00078-page_001368_table_box_id_239:2ae4de9fee5748e18e36198cc7fa9daa","crop_type":"table","worker_wall_s":0.3690933000179939,"generated_tokens_including_eos":120,"stop_reason":"eos"}
{"timestamp":"2026-09-13T17:25:11.606158+00:00","event":"response_sent","request_id":"load-00078-page_001368_table_box_id_239:2ae4de9fee5748e18e36198cc7fa9daa","http_status":200}
{"timestamp":"2026-09-13T17:25:11.612221+00:00","event":"request_finished","request_id":"load-00079-page_000903_table_15:3bbdc061962a4bafa76ef21dfda900a0","crop_type":"table","worker_wall_s":0.25990226000430994,"generated_tokens_including_eos":71,"stop_reason":"eos"}
{"timestamp":"2026-09-13T17:25:11.612850+00:00","event":"response_sent","request_id":"load-00079-page_000903_table_15:3bbdc061962a4bafa76ef21dfda900a0","http_status":200}
{"timestamp":"2026-09-13T17:25:11.639804+00:00","event":"request_finished","request_id":"load-00076-page_000447_table_12:9149a44d858d4a3b9d49e8cf1d911092","crop_type":"table","worker_wall_s":0.518101059977198,"generated_tokens_including_eos":221,"stop_reason":"eos"}
{"timestamp":"2026-09-13T17:25:11.640419+00:00","event":"response_sent","request_id":"load-00076-page_000447_table_12:9149a44d858d4a3b9d49e8cf1d911092","http_status":200}
{"timestamp":"2026-09-13T17:25:11.684561+00:00","event":"request_finished","request_id":"load-00077-page_001193_table_4:360d2885571c4aee9a608e6eb3397edb","crop_type":"table","worker_wall_s":0.47763969999505207,"generated_tokens_including_eos":210,"stop_reason":"eos"}
{"timestamp":"2026-09-13T17:25:11.685157+00:00","event":"response_sent","request_id":"load-00077-page_001193_table_4:360d2885571c4aee9a608e6eb3397edb","http_status":200}
{"timestamp":"2026-09-13T17:25:12.022231+00:00","event":"request_accepted","request_id":"load-00080-page_001167_table_2:3db1c4ea989e43f5b9cd401dad9f6d54","crop_type":"table","unfinished_requests":4}
{"timestamp":"2026-09-13T17:25:12.023201+00:00","event":"request_finished","request_id":"load-00070-page_001227_table_10:13dcba69fbe24f0dba7a27c98bb4ef35","crop_type":"table","worker_wall_s":2.059025759983342,"generated_tokens_including_eos":910,"stop_reason":"eos"}
{"timestamp":"2026-09-13T17:25:12.024074+00:00","event":"response_sent","request_id":"load-00070-page_001227_table_10:13dcba69fbe24f0dba7a27c98bb4ef35","http_status":200}
{"timestamp":"2026-09-13T17:25:12.268667+00:00","event":"request_accepted","request_id":"load-00081-page_000212_table_box_id_1:af20cc8e85eb436ba69ec0bb2df15d64","crop_type":"table","unfinished_requests":4}
{"timestamp":"2026-09-13T17:25:12.290725+00:00","event":"request_finished","request_id":"load-00065-page_000626_table_box_id_1:332284629f984a47a2c2a26cb3d6af9c","crop_type":"table","worker_wall_s":2.9981249700067565,"generated_tokens_including_eos":1352,"stop_reason":"eos"}
{"timestamp":"2026-09-13T17:25:12.291829+00:00","event":"response_sent","request_id":"load-00065-page_000626_table_box_id_1:332284629f984a47a2c2a26cb3d6af9c","http_status":200}
{"timestamp":"2026-09-13T17:25:12.398433+00:00","event":"request_accepted","request_id":"load-00082-page_001147_table_10:d4f87acf295747ebafa34c18ffb29e43","crop_type":"table","unfinished_requests":4}
{"timestamp":"2026-09-13T17:25:12.434437+00:00","event":"request_finished","request_id":"load-00080-page_001167_table_2:3db1c4ea989e43f5b9cd401dad9f6d54","crop_type":"table","worker_wall_s":0.4118512100249063,"generated_tokens_including_eos":176,"stop_reason":"eos"}
{"timestamp":"2026-09-13T17:25:12.435197+00:00","event":"response_sent","request_id":"load-00080-page_001167_table_2:3db1c4ea989e43f5b9cd401dad9f6d54","http_status":200}
{"timestamp":"2026-09-13T17:25:12.726137+00:00","event":"request_accepted","request_id":"load-00083-page_000223_table_box_id_2:7ce4eae9cde4450e99c499d90fb3483a","crop_type":"table","unfinished_requests":4}
{"timestamp":"2026-09-13T17:25:12.768895+00:00","event":"request_accepted","request_id":"load-00084-page_000716_table_0:200274ff5d2440679f83d549831db808","crop_type":"table","unfinished_requests":5}
{"timestamp":"2026-09-13T17:25:12.889911+00:00","event":"request_accepted","request_id":"load-00085-page_000937_table_1:2c9aaf9471ff47fcb6503130cec73cb7","crop_type":"table","unfinished_requests":6}
{"timestamp":"2026-09-13T17:25:13.037375+00:00","event":"request_finished","request_id":"load-00084-page_000716_table_0:200274ff5d2440679f83d549831db808","crop_type":"table","worker_wall_s":0.2681358999980148,"generated_tokens_including_eos":57,"stop_reason":"eos"}
{"timestamp":"2026-09-13T17:25:13.038001+00:00","event":"response_sent","request_id":"load-00084-page_000716_table_0:200274ff5d2440679f83d549831db808","http_status":200}
{"timestamp":"2026-09-13T17:25:13.196630+00:00","event":"request_finished","request_id":"load-00085-page_000937_table_1:2c9aaf9471ff47fcb6503130cec73cb7","crop_type":"table","worker_wall_s":0.3064496599836275,"generated_tokens_including_eos":121,"stop_reason":"eos"}
{"timestamp":"2026-09-13T17:25:13.197302+00:00","event":"response_sent","request_id":"load-00085-page_000937_table_1:2c9aaf9471ff47fcb6503130cec73cb7","http_status":200}
{"timestamp":"2026-09-13T17:25:13.397108+00:00","event":"request_accepted","request_id":"load-00086-page_000465_table_10:9ad83e8edc0e441daf65fbe7d3d9a44f","crop_type":"table","unfinished_requests":5}
{"timestamp":"2026-09-13T17:25:13.542194+00:00","event":"request_accepted","request_id":"load-00087-page_000465_table_8:1172f1f0826c4d3482eb5b486c46b70f","crop_type":"table","unfinished_requests":6}
{"timestamp":"2026-09-13T17:25:13.643010+00:00","event":"request_accepted","request_id":"load-00088-page_001179_table_6:441a332463254994b2d24a7b38de74db","crop_type":"table","unfinished_requests":7}
{"timestamp":"2026-09-13T17:25:13.647890+00:00","event":"request_finished","request_id":"load-00050-page_000275_table_box_id_1:98e39c22473347e5a7ef3bf871471d7c","crop_type":"table","worker_wall_s":6.537500900012674,"generated_tokens_including_eos":2852,"stop_reason":"eos"}
{"timestamp":"2026-09-13T17:25:13.649341+00:00","event":"response_sent","request_id":"load-00050-page_000275_table_box_id_1:98e39c22473347e5a7ef3bf871471d7c","http_status":200}
{"timestamp":"2026-09-13T17:25:13.695122+00:00","event":"request_accepted","request_id":"load-00089-page_000554_table_12:69cb786c6e2d455a8c4e07107449d2ec","crop_type":"table","unfinished_requests":7}
{"timestamp":"2026-09-13T17:25:13.828106+00:00","event":"request_accepted","request_id":"load-00090-page_000199_table_box_id_0:1fc6a73dd0684a928496ae0e0530b9de","crop_type":"table","unfinished_requests":8}
{"timestamp":"2026-09-13T17:25:13.885411+00:00","event":"request_finished","request_id":"load-00081-page_000212_table_box_id_1:af20cc8e85eb436ba69ec0bb2df15d64","crop_type":"table","worker_wall_s":1.6158061099995393,"generated_tokens_including_eos":647,"stop_reason":"eos"}
{"timestamp":"2026-09-13T17:25:13.887949+00:00","event":"response_sent","request_id":"load-00081-page_000212_table_box_id_1:af20cc8e85eb436ba69ec0bb2df15d64","http_status":200}
{"timestamp":"2026-09-13T17:25:14.025954+00:00","event":"request_finished","request_id":"load-00089-page_000554_table_12:69cb786c6e2d455a8c4e07107449d2ec","crop_type":"table","worker_wall_s":0.33055158000206575,"generated_tokens_including_eos":93,"stop_reason":"eos"}
{"timestamp":"2026-09-13T17:25:14.026629+00:00","event":"response_sent","request_id":"load-00089-page_000554_table_12:69cb786c6e2d455a8c4e07107449d2ec","http_status":200}
{"timestamp":"2026-09-13T17:25:14.059805+00:00","event":"request_finished","request_id":"load-00086-page_000465_table_10:9ad83e8edc0e441daf65fbe7d3d9a44f","crop_type":"table","worker_wall_s":0.6624471500108484,"generated_tokens_including_eos":230,"stop_reason":"eos"}
{"timestamp":"2026-09-13T17:25:14.060506+00:00","event":"response_sent","request_id":"load-00086-page_000465_table_10:9ad83e8edc0e441daf65fbe7d3d9a44f","http_status":200}
{"timestamp":"2026-09-13T17:25:14.169559+00:00","event":"request_finished","request_id":"load-00087-page_000465_table_8:1172f1f0826c4d3482eb5b486c46b70f","crop_type":"table","worker_wall_s":0.62713131000055,"generated_tokens_including_eos":237,"stop_reason":"eos"}
{"timestamp":"2026-09-13T17:25:14.170154+00:00","event":"response_sent","request_id":"load-00087-page_000465_table_8:1172f1f0826c4d3482eb5b486c46b70f","http_status":200}
{"timestamp":"2026-09-13T17:25:14.297263+00:00","event":"request_finished","request_id":"load-00083-page_000223_table_box_id_2:7ce4eae9cde4450e99c499d90fb3483a","crop_type":"table","worker_wall_s":1.57079886001884,"generated_tokens_including_eos":679,"stop_reason":"eos"}
{"timestamp":"2026-09-13T17:25:14.298001+00:00","event":"response_sent","request_id":"load-00083-page_000223_table_box_id_2:7ce4eae9cde4450e99c499d90fb3483a","http_status":200}
{"timestamp":"2026-09-13T17:25:14.329723+00:00","event":"request_finished","request_id":"load-00082-page_001147_table_10:d4f87acf295747ebafa34c18ffb29e43","crop_type":"table","worker_wall_s":1.9309584199800156,"generated_tokens_including_eos":862,"stop_reason":"eos"}
{"timestamp":"2026-09-13T17:25:14.330584+00:00","event":"response_sent","request_id":"load-00082-page_001147_table_10:d4f87acf295747ebafa34c18ffb29e43","http_status":200}
{"timestamp":"2026-09-13T17:25:14.354271+00:00","event":"request_accepted","request_id":"load-00091-page_000516_table_0:319889a859ba4aeb81a4716052a06c9e","crop_type":"table","unfinished_requests":3}
{"timestamp":"2026-09-13T17:25:14.355042+00:00","event":"request_accepted","request_id":"load-00092-page_001214_table_8:908e34d7982940f780c2d31f2f277209","crop_type":"table","unfinished_requests":4}
{"timestamp":"2026-09-13T17:25:14.609199+00:00","event":"request_accepted","request_id":"load-00093-page_001368_table_box_id_161:368eaf0f1580467eafa8f56fc76dc553","crop_type":"table","unfinished_requests":5}
{"timestamp":"2026-09-13T17:25:14.896102+00:00","event":"request_accepted","request_id":"load-00094-page_000577_table_3:818e44cf8a214fc59ba7a0f79140d3c0","crop_type":"table","unfinished_requests":6}
{"timestamp":"2026-09-13T17:25:14.912184+00:00","event":"request_finished","request_id":"load-00092-page_001214_table_8:908e34d7982940f780c2d31f2f277209","crop_type":"table","worker_wall_s":0.5568405899975915,"generated_tokens_including_eos":232,"stop_reason":"eos"}
{"timestamp":"2026-09-13T17:25:14.912963+00:00","event":"response_sent","request_id":"load-00092-page_001214_table_8:908e34d7982940f780c2d31f2f277209","http_status":200}
{"timestamp":"2026-09-13T17:25:15.135500+00:00","event":"request_finished","request_id":"load-00093-page_001368_table_box_id_161:368eaf0f1580467eafa8f56fc76dc553","crop_type":"table","worker_wall_s":0.5259862600069027,"generated_tokens_including_eos":253,"stop_reason":"eos"}
{"timestamp":"2026-09-13T17:25:15.136154+00:00","event":"response_sent","request_id":"load-00093-page_001368_table_box_id_161:368eaf0f1580467eafa8f56fc76dc553","http_status":200}
{"timestamp":"2026-09-13T17:25:15.229360+00:00","event":"request_finished","request_id":"load-00094-page_000577_table_3:818e44cf8a214fc59ba7a0f79140d3c0","crop_type":"table","worker_wall_s":0.33299982000607997,"generated_tokens_including_eos":139,"stop_reason":"eos"}
{"timestamp":"2026-09-13T17:25:15.229889+00:00","event":"response_sent","request_id":"load-00094-page_000577_table_3:818e44cf8a214fc59ba7a0f79140d3c0","http_status":200}
{"timestamp":"2026-09-13T17:25:15.258645+00:00","event":"request_accepted","request_id":"load-00095-page_000984_table_3:6e46191d337b4a979c09fbf2a1abc9ee","crop_type":"table","unfinished_requests":4}
{"timestamp":"2026-09-13T17:25:15.482902+00:00","event":"request_accepted","request_id":"load-00096-page_001187_table_0:2b1d45ca958b4deda8e0bece7612362a","crop_type":"table","unfinished_requests":5}
{"timestamp":"2026-09-13T17:25:15.704540+00:00","event":"request_finished","request_id":"load-00090-page_000199_table_box_id_0:1fc6a73dd0684a928496ae0e0530b9de","crop_type":"table","worker_wall_s":1.875945830019191,"generated_tokens_including_eos":855,"stop_reason":"eos"}
{"timestamp":"2026-09-13T17:25:15.705373+00:00","event":"response_sent","request_id":"load-00090-page_000199_table_box_id_0:1fc6a73dd0684a928496ae0e0530b9de","http_status":200}
{"timestamp":"2026-09-13T17:25:15.758334+00:00","event":"request_accepted","request_id":"load-00097-page_000821_table_box_id_14:db4dfdbd8f1e4e63acdfd72c22bc218e","crop_type":"table","unfinished_requests":5}
{"timestamp":"2026-09-13T17:25:15.772790+00:00","event":"request_finished","request_id":"load-00091-page_000516_table_0:319889a859ba4aeb81a4716052a06c9e","crop_type":"table","worker_wall_s":1.4180778200097848,"generated_tokens_including_eos":630,"stop_reason":"eos"}
{"timestamp":"2026-09-13T17:25:15.773842+00:00","event":"response_sent","request_id":"load-00091-page_000516_table_0:319889a859ba4aeb81a4716052a06c9e","http_status":200}
{"timestamp":"2026-09-13T17:25:15.881379+00:00","event":"request_accepted","request_id":"load-00098-page_000833_table_4:aa3543af935d4aa4ac848cfc34ca5d16","crop_type":"table","unfinished_requests":5}
{"timestamp":"2026-09-13T17:25:15.903301+00:00","event":"request_finished","request_id":"load-00097-page_000821_table_box_id_14:db4dfdbd8f1e4e63acdfd72c22bc218e","crop_type":"table","worker_wall_s":0.14467539000906982,"generated_tokens_including_eos":59,"stop_reason":"eos"}
{"timestamp":"2026-09-13T17:25:15.903870+00:00","event":"response_sent","request_id":"load-00097-page_000821_table_box_id_14:db4dfdbd8f1e4e63acdfd72c22bc218e","http_status":200}
{"timestamp":"2026-09-13T17:25:15.973656+00:00","event":"request_finished","request_id":"load-00095-page_000984_table_3:6e46191d337b4a979c09fbf2a1abc9ee","crop_type":"table","worker_wall_s":0.7145472400006838,"generated_tokens_including_eos":299,"stop_reason":"eos"}
{"timestamp":"2026-09-13T17:25:15.974342+00:00","event":"response_sent","request_id":"load-00095-page_000984_table_3:6e46191d337b4a979c09fbf2a1abc9ee","http_status":200}
{"timestamp":"2026-09-13T17:25:16.017033+00:00","event":"request_accepted","request_id":"load-00099-page_001375_table_31:43293924d26e491a9b937cf44152edb9","crop_type":"table","unfinished_requests":4}
{"timestamp":"2026-09-13T17:25:16.109815+00:00","event":"request_accepted","request_id":"load-00100-page_000645_table_7:0e8da64c9e4d4feea12832b15657e1bd","crop_type":"table","unfinished_requests":5}
{"timestamp":"2026-09-13T17:25:16.125604+00:00","event":"request_finished","request_id":"load-00088-page_001179_table_6:441a332463254994b2d24a7b38de74db","crop_type":"table","worker_wall_s":2.4820965800026897,"generated_tokens_including_eos":1093,"stop_reason":"eos"}
{"timestamp":"2026-09-13T17:25:16.126463+00:00","event":"response_sent","request_id":"load-00088-page_001179_table_6:441a332463254994b2d24a7b38de74db","http_status":200}
{"timestamp":"2026-09-13T17:25:16.166726+00:00","event":"request_finished","request_id":"load-00099-page_001375_table_31:43293924d26e491a9b937cf44152edb9","crop_type":"table","worker_wall_s":0.1494713900028728,"generated_tokens_including_eos":34,"stop_reason":"eos"}
{"timestamp":"2026-09-13T17:25:16.167242+00:00","event":"response_sent","request_id":"load-00099-page_001375_table_31:43293924d26e491a9b937cf44152edb9","http_status":200}
{"timestamp":"2026-09-13T17:25:16.279171+00:00","event":"request_finished","request_id":"load-00098-page_000833_table_4:aa3543af935d4aa4ac848cfc34ca5d16","crop_type":"table","worker_wall_s":0.39753901000949554,"generated_tokens_including_eos":107,"stop_reason":"eos"}
{"timestamp":"2026-09-13T17:25:16.279701+00:00","event":"response_sent","request_id":"load-00098-page_000833_table_4:aa3543af935d4aa4ac848cfc34ca5d16","http_status":200}
{"timestamp":"2026-09-13T17:25:16.293910+00:00","event":"request_finished","request_id":"load-00100-page_000645_table_7:0e8da64c9e4d4feea12832b15657e1bd","crop_type":"table","worker_wall_s":0.1838874100067187,"generated_tokens_including_eos":89,"stop_reason":"eos"}
{"timestamp":"2026-09-13T17:25:16.294371+00:00","event":"response_sent","request_id":"load-00100-page_000645_table_7:0e8da64c9e4d4feea12832b15657e1bd","http_status":200}
{"timestamp":"2026-09-13T17:25:18.261808+00:00","event":"request_finished","request_id":"load-00096-page_001187_table_0:2b1d45ca958b4deda8e0bece7612362a","crop_type":"table","worker_wall_s":2.7782562100037467,"generated_tokens_including_eos":1553,"stop_reason":"eos"}
{"timestamp":"2026-09-13T17:25:18.262887+00:00","event":"response_sent","request_id":"load-00096-page_001187_table_0:2b1d45ca958b4deda8e0bece7612362a","http_status":200}
{"timestamp":"2026-09-13T17:25:20.364541+00:00","event":"shutdown_started","unfinished_requests":0}
{"timestamp":"2026-09-13T17:25:20.367963+00:00","event":"heartbeat","output_tokens_including_eos":42072,"active_decode_slots":0,"decode_batch_size":8,"cpu_preparation_or_prefill_waiting":0,"prefilled_waiting_for_decode":0,"unfinished_requests":0,"interval_s":11.853482489997987,"output_tokens_per_s":1600.8797428107748,"accepted_since_last_heartbeat":42,"completed_since_last_heartbeat":46,"failed_since_last_heartbeat":0,"rejected_since_last_heartbeat":0,"timed_out_since_last_heartbeat":0,"accepted_requests_per_s":3.5432624998973727,"completed_requests_per_s":3.88071607131617,"max_in_flight_requests":64}
{"timestamp":"2026-09-13T17:25:26.126823+00:00","event":"shutdown_finished","schedule_id":"http:open","batch_size":8,"requests":101,"ready_buffer_capacity":8,"ready_buffer_low_watermark":4,"max_ready_queue_depth":3,"ready_source_refill_count":87,"graph_calls":9455,"initial_admissions":1,"hot_swap_admissions":100,"prefill_only_completions":0,"raw_decode_token_slots":75640,"active_decode_token_slots":42072,"effective_decode_tokens":41971,"idle_decode_token_slots":33568,"lookahead_decode_token_slots":101,"kv_prefix_bytes_copied":1165142016,"initial_kv_prefix_bytes_copied":18671616,"hot_swap_kv_prefix_bytes_copied":1146470400,"timing_s":{"decode_host_exclusive_wall":13.97909149597399,"run_scoped_scheduler_wall":41.86169371000142,"ready_source_wall":27.793511163792573,"completion_callback_wall":0.08909105023485608,"slot_admission_enqueue_wall":0.04218461987329647,"d2h_wait_wall":6.043395659595262,"retire_and_refill_host_wall":6.938155049661873,"hot_swap_safety_sync_wall":0.0827951499959454},"vision_packing":{"mode":"off","target":1920,"lookahead":32,"groups":101,"crops":101,"packed_groups":0,"singleton_groups":101,"eager_overflow_groups":0,"crops_per_group":1.0,"group_size_histogram":{"1":101},"graph_shape_histogram":{"b1_s1408":10,"b1_s1920":10,"b1_s2048":2,"b1_s256":7,"b1_s2944":21,"b1_s384":3,"b1_s4096":41,"b1_s512":2,"b1_s640":2,"b1_s768":3},"ready_window_histogram":{},"router_cpu_s":0.0,"packed_real_vision_tokens":0,"packed_physical_vision_tokens":0,"packed_fill_fraction":null},"text_packing":{"mode":"off","buckets":[128,256,512,1024],"groups":101,"crops":101,"packs":0,"packed_crops":0,"fallback_crops":101,"calls":101,"call_reduction_fraction":0.0,"pack_size_histogram":{},"bucket_histogram":{},"packed_real_text_tokens":0,"packed_physical_text_tokens":0,"packed_fill_fraction":null,"redistributed_kv_bytes":0,"private_cache_pool":{"storage":"zero_once_fixed_arena","capacity":40,"allocated_bytes":3019898880,"acquisitions":101,"reuses":61,"releases":101,"active_slots":0,"free_slots":40,"high_water_active_slots":3}},"rates":{"output_tok_per_s":1005.0238361461313,"effective_fraction":0.5548783712321523,"active_slot_fraction":0.5562136435748282,"scheduler_effective_tok_per_s":1002.6111291806731}}
