[1/2] c++ -MMD -MF bridge.o.d -DTORCH_EXTENSION_NAME=rwkv_reference_wkv7_bridge -DTORCH_API_INCLUDE_EXTENSION_H -I/usr/local/python3.12.13/lib/python3.12/site-packages/torch_npu/include -I/usr/local/python3.12.13/lib/python3.12/site-packages/torch_npu/include/third_party/acl/inc -I/usr/local/python3.12.13/lib/python3.12/site-packages/torch_npu/include/third_party/op-plugin -I/usr/local/python3.12.13/lib/python3.12/site-packages/torch_npu/include/third_party/op-plugin/op_plugin/include -isystem /usr/local/python3.12.13/lib/python3.12/site-packages/torch/include -isystem /usr/local/python3.12.13/lib/python3.12/site-packages/torch/include/torch/csrc/api/include -isystem /usr/local/python3.12.13/include/python3.12 -fPIC -std=c++17 -O3 -std=c++17 -c /workspace/repos/rwkv-nanobeir-large-9d712af2/26_rwkv_inference/wkv7_npu/bridge.cpp -o bridge.o 
In file included from /usr/local/python3.12.13/lib/python3.12/site-packages/torch_npu/include/third_party/op-plugin/op_plugin/include/npu_cpp_extension.h:19,
                 from /workspace/repos/rwkv-nanobeir-large-9d712af2/26_rwkv_inference/wkv7_npu/bridge.cpp:4:
/workspace/repos/rwkv-nanobeir-large-9d712af2/26_rwkv_inference/wkv7_npu/bridge.cpp: In function ‘Pair wkv7(const at::Tensor&, const at::Tensor&, const at::Tensor&, const at::Tensor&, const at::Tensor&, const at::Tensor&, const at::Tensor&)’:
/usr/local/python3.12.13/lib/python3.12/site-packages/torch_npu/include/third_party/op-plugin/op_plugin/utils/op_api_common_base.h:515:98: warning: capture of variable ‘opApiFuncAddr’ with non-automatic storage duration
  515 |         auto acl_call = [converted_params, workspace_addr, workspace_size, acl_stream, executor, opApiFuncAddr]()->int {\
      |                                                                                                  ^~~~~~~~~~~~~
/usr/local/python3.12.13/lib/python3.12/site-packages/torch_npu/include/third_party/op-plugin/op_plugin/utils/op_api_common_base.h:515:98: note: in definition of macro ‘EXEC_NPU_CMD_V1_EXT’
  515 |         auto acl_call = [converted_params, workspace_addr, workspace_size, acl_stream, executor, opApiFuncAddr]()->int {\
      |                                                                                                  ^~~~~~~~~~~~~
/workspace/repos/rwkv-nanobeir-large-9d712af2/26_rwkv_inference/wkv7_npu/bridge.cpp:28:5: note: in expansion of macro ‘EXEC_NPU_CMD_EXT’
   28 |     EXEC_NPU_CMD_EXT(aclnnRwkvReferenceWkv7, k, v, w, r, a, b, hi, out, ht);
      |     ^~~~~~~~~~~~~~~~
/usr/local/python3.12.13/lib/python3.12/site-packages/torch_npu/include/third_party/op-plugin/op_plugin/utils/op_api_common_base.h:491:22: note: ‘void* opApiFuncAddr’ declared here
  491 |         static void* opApiFuncAddr = nullptr;                                                                          \
      |                      ^~~~~~~~~~~~~
/usr/local/python3.12.13/lib/python3.12/site-packages/torch_npu/include/third_party/op-plugin/op_plugin/utils/op_api_common_base.h:491:22: note: in definition of macro ‘EXEC_NPU_CMD_V1_EXT’
  491 |         static void* opApiFuncAddr = nullptr;                                                                          \
      |                      ^~~~~~~~~~~~~
/workspace/repos/rwkv-nanobeir-large-9d712af2/26_rwkv_inference/wkv7_npu/bridge.cpp:28:5: note: in expansion of macro ‘EXEC_NPU_CMD_EXT’
   28 |     EXEC_NPU_CMD_EXT(aclnnRwkvReferenceWkv7, k, v, w, r, a, b, hi, out, ht);
      |     ^~~~~~~~~~~~~~~~
[2/2] c++ bridge.o -shared -L/usr/local/python3.12.13/lib/python3.12/site-packages/torch_npu/lib -ltorch_npu -L/usr/local/python3.12.13/lib/python3.12/site-packages/torch/lib -lc10 -ltorch_cpu -ltorch -ltorch_python -o rwkv_reference_wkv7_bridge.so
ninja: no work to do.
PREFLIGHT {"task": "NanoSCIDOCSRetrieval", "query_id": "a352061134daa2c47861b8c4216ee5482a93be1d", "offset": 32, "length": 349, "backend": "raw_eager_exact_length", "logits": [-5.978794574737549, -5.063931465148926, -8.9673490524292, -3.9530258178710938], "reference_logits": [-5.978794574737549, -5.063931465148926, -8.9673490524292, -3.9530258178710938], "batch_vs_single": {"max_abs": 6.9141387939453125e-06, "normalized_rmse": 8.659962418278155e-07, "finite": true}, "backend_vs_exact_eager": {"max_abs": 0.0, "normalized_rmse": 0.0, "finite": true}}
PREFLIGHT {"task": "NanoSCIDOCSRetrieval", "query_id": "a352061134daa2c47861b8c4216ee5482a93be1d", "offset": 0, "length": 1242, "backend": "raw_eager_exact_length", "logits": [4.1169304847717285, -5.517318248748779, -1.4325973987579346, -3.9010660648345947], "reference_logits": [4.1169304847717285, -5.517318248748779, -1.4325973987579346, -3.9010660648345947], "batch_vs_single": {"max_abs": 8.58306884765625e-06, "normalized_rmse": 1.3774371154795517e-06, "finite": true}, "backend_vs_exact_eager": {"max_abs": 0.0, "normalized_rmse": 0.0, "finite": true}}
PREFLIGHT {"task": "NanoSCIDOCSRetrieval", "query_id": "a352061134daa2c47861b8c4216ee5482a93be1d", "offset": 100, "length": 318, "backend": "raw_eager_exact_length", "logits": [-5.065433502197266, -8.558694839477539, -8.558696746826172, -8.558696746826172], "reference_logits": [-5.065433502197266, -8.558694839477539, -8.558696746826172, -8.558696746826172], "batch_vs_single": {"max_abs": 5.7220458984375e-06, "normalized_rmse": 5.45348427749559e-07, "finite": true}, "backend_vs_exact_eager": {"max_abs": 0.0, "normalized_rmse": 0.0, "finite": true}}
PROGRESS {"done": 102, "total": 28821, "elapsed_seconds": 6.621521769993706, "pairs_per_second": 15.40431392406295, "forward_and_transfer_seconds": 6.607961449975846, "estimated_remaining_seconds": 1593.5467469282366, "task": "NanoSCIDOCSRetrieval", "queries": 1}
PROGRESS {"done": 1016, "total": 28821, "elapsed_seconds": 73.31265834999795, "pairs_per_second": 13.858452590132117, "forward_and_transfer_seconds": 73.18960658997821, "estimated_remaining_seconds": 1572.1707969684405, "task": "NanoSCIDOCSRetrieval", "queries": 10}
PROGRESS {"done": 2033, "total": 28821, "elapsed_seconds": 133.91590546999942, "pairs_per_second": 15.181169054302096, "forward_and_transfer_seconds": 133.6801469999482, "estimated_remaining_seconds": 1500.539504637261, "task": "NanoSCIDOCSRetrieval", "queries": 20}
PROGRESS {"done": 3047, "total": 28821, "elapsed_seconds": 199.07914396999695, "pairs_per_second": 15.30547067481469, "forward_and_transfer_seconds": 198.72225717979018, "estimated_remaining_seconds": 1442.0006470530338, "task": "NanoClimateFeverRetrieval", "queries": 30}
PROGRESS {"done": 4062, "total": 28821, "elapsed_seconds": 282.40909256000305, "pairs_per_second": 14.383389582744943, "forward_and_transfer_seconds": 281.92275939980755, "estimated_remaining_seconds": 1374.4265430072455, "task": "NanoClimateFeverRetrieval", "queries": 40}
PROGRESS {"done": 5118, "total": 28821, "elapsed_seconds": 335.36022343000514, "pairs_per_second": 15.26120166444905, "forward_and_transfer_seconds": 334.7587439998315, "estimated_remaining_seconds": 1296.8214204227106, "task": "NanoDBPediaRetrieval", "queries": 50}
PROGRESS {"done": 6194, "total": 28821, "elapsed_seconds": 373.3347664699977, "pairs_per_second": 16.591007739692436, "forward_and_transfer_seconds": 372.63121137984854, "estimated_remaining_seconds": 1215.6366363095417, "task": "NanoDBPediaRetrieval", "queries": 60}
PROGRESS {"done": 7281, "total": 28821, "elapsed_seconds": 411.387883479998, "pairs_per_second": 17.69862529350359, "forward_and_transfer_seconds": 410.5819365598145, "estimated_remaining_seconds": 1143.6715399391494, "task": "NanoDBPediaRetrieval", "queries": 70}
PROGRESS {"done": 8284, "total": 28821, "elapsed_seconds": 471.62752105000254, "pairs_per_second": 17.564708653042576, "forward_and_transfer_seconds": 470.7083149497921, "estimated_remaining_seconds": 1095.338461089693, "task": "NanoFEVERRetrieval", "queries": 80}
PROGRESS {"done": 9284, "total": 28821, "elapsed_seconds": 535.8080285400065, "pairs_per_second": 17.3271013226462, "forward_and_transfer_seconds": 534.7722089497838, "estimated_remaining_seconds": 1045.568538055968, "task": "NanoFEVERRetrieval", "queries": 90}
PROGRESS {"done": 10285, "total": 28821, "elapsed_seconds": 612.3194583500008, "pairs_per_second": 16.796787787398895, "forward_and_transfer_seconds": 611.1670396598201, "estimated_remaining_seconds": 986.6477865179709, "task": "NanoFiQA2018Retrieval", "queries": 100}
PROGRESS {"done": 11294, "total": 28821, "elapsed_seconds": 698.1636644100072, "pairs_per_second": 16.17672270232532, "forward_and_transfer_seconds": 696.8903000498831, "estimated_remaining_seconds": 914.3867634142617, "task": "NanoFiQA2018Retrieval", "queries": 110}
PROGRESS {"done": 12307, "total": 28821, "elapsed_seconds": 786.0080345799943, "pairs_per_second": 15.65760076050149, "forward_and_transfer_seconds": 784.6051089899847, "estimated_remaining_seconds": 839.3114225687998, "task": "NanoFiQA2018Retrieval", "queries": 120}
PROGRESS {"done": 13308, "total": 28821, "elapsed_seconds": 856.667908079995, "pairs_per_second": 15.534607838674061, "forward_and_transfer_seconds": 855.1559259000787, "estimated_remaining_seconds": 788.0392747566422, "task": "NanoHotpotQARetrieval", "queries": 130}
PROGRESS {"done": 14309, "total": 28821, "elapsed_seconds": 912.1872489999951, "pairs_per_second": 15.686472284814933, "forward_and_transfer_seconds": 910.5859396899614, "estimated_remaining_seconds": 752.4683123824428, "task": "NanoHotpotQARetrieval", "queries": 140}
PROGRESS {"done": 15310, "total": 28821, "elapsed_seconds": 965.2995486699947, "pairs_per_second": 15.860361709579545, "forward_and_transfer_seconds": 963.6082577800116, "estimated_remaining_seconds": 713.2380636739318, "task": "NanoHotpotQARetrieval", "queries": 150}
PROGRESS {"done": 16310, "total": 28821, "elapsed_seconds": 1008.1995887899975, "pairs_per_second": 16.17735236291322, "forward_and_transfer_seconds": 1006.4198320399155, "estimated_remaining_seconds": 666.3120744815584, "task": "NanoMSMARCORetrieval", "queries": 160}
PROGRESS {"done": 17310, "total": 28821, "elapsed_seconds": 1053.40000229, "pairs_per_second": 16.432504236158692, "forward_and_transfer_seconds": 1051.532667479958, "estimated_remaining_seconds": 621.08800111182, "task": "NanoMSMARCORetrieval", "queries": 170}
PROGRESS {"done": 18456, "total": 28821, "elapsed_seconds": 1116.812592849994, "pairs_per_second": 16.525601625696336, "forward_and_transfer_seconds": 1114.8386486398667, "estimated_remaining_seconds": 559.2836631688203, "task": "NanoNFCorpusRetrieval", "queries": 180}
PROGRESS {"done": 19595, "total": 28821, "elapsed_seconds": 1189.1565786800056, "pairs_per_second": 16.478065505680465, "forward_and_transfer_seconds": 1187.0735962998006, "estimated_remaining_seconds": 493.48578135346077, "task": "NanoNFCorpusRetrieval", "queries": 190}
PROGRESS {"done": 21315, "total": 28821, "elapsed_seconds": 1300.5854334299947, "pairs_per_second": 16.388773433965497, "forward_and_transfer_seconds": 1298.3473460199166, "estimated_remaining_seconds": 392.56794929384733, "task": "NanoNFCorpusRetrieval", "queries": 200}
PROGRESS {"done": 22316, "total": 28821, "elapsed_seconds": 1354.0959181600047, "pairs_per_second": 16.480368710012655, "forward_and_transfer_seconds": 1351.7631248899415, "estimated_remaining_seconds": 347.9146912384095, "task": "NanoNQRetrieval", "queries": 210}
PROGRESS {"done": 23318, "total": 28821, "elapsed_seconds": 1407.8271919599938, "pairs_per_second": 16.563112385644718, "forward_and_transfer_seconds": 1405.403345030063, "estimated_remaining_seconds": 303.21138375444707, "task": "NanoNQRetrieval", "queries": 220}
PROGRESS {"done": 24318, "total": 28821, "elapsed_seconds": 1465.9771950499999, "pairs_per_second": 16.588252588179305, "forward_and_transfer_seconds": 1463.4602535500599, "estimated_remaining_seconds": 256.8705723868617, "task": "NanoQuoraRetrieval", "queries": 230}
PROGRESS {"done": 25318, "total": 28821, "elapsed_seconds": 1524.346559690006, "pairs_per_second": 16.609083963917442, "forward_and_transfer_seconds": 1521.7346556900739, "estimated_remaining_seconds": 211.99797998963373, "task": "NanoQuoraRetrieval", "queries": 240}
PROGRESS {"done": 26318, "total": 28821, "elapsed_seconds": 1582.3125349600014, "pairs_per_second": 16.632618031219277, "forward_and_transfer_seconds": 1579.6118199599878, "estimated_remaining_seconds": 164.617578470903, "task": "NanoSciFactRetrieval", "queries": 250}
PROGRESS {"done": 27318, "total": 28821, "elapsed_seconds": 1655.579320439996, "pairs_per_second": 16.50056850960171, "forward_and_transfer_seconds": 1652.7785366100434, "estimated_remaining_seconds": 92.22815651677736, "task": "NanoSciFactRetrieval", "queries": 260}
PROGRESS {"done": 28319, "total": 28821, "elapsed_seconds": 1723.6326644899964, "pairs_per_second": 16.429834838607725, "forward_and_transfer_seconds": 1720.7311028599652, "estimated_remaining_seconds": 26.662081506335333, "task": "NanoSciFactRetrieval", "queries": 270}
PROGRESS {"done": 28821, "total": 28821, "elapsed_seconds": 1752.7764149099967, "pairs_per_second": 16.44305557447835, "forward_and_transfer_seconds": 1749.8235221199575, "estimated_remaining_seconds": -2.254547880559963e-13, "task": "NanoSciFactRetrieval", "queries": 275}
