ninja: no work to do.
PREFLIGHT {"task": "NanoSCIDOCSRetrieval", "query_id": "f4195462f27158c4afd86ca364347dacfd228bdd", "offset": 0, "length": 412, "backend": "raw_eager_exact_length", "logits": [-0.6718361973762512, -0.8618972897529602, 0.023573696613311768, -3.1926474571228027], "reference_logits": [-0.6718361973762512, -0.8618972897529602, 0.023573696613311768, -3.1926474571228027], "batch_vs_single": {"max_abs": 7.450580596923828e-06, "normalized_rmse": 2.7426758606452495e-06, "finite": true}, "backend_vs_exact_eager": {"max_abs": 0.0, "normalized_rmse": 0.0, "finite": true}}
PREFLIGHT {"task": "NanoSCIDOCSRetrieval", "query_id": "f4195462f27158c4afd86ca364347dacfd228bdd", "offset": 32, "length": 1907, "backend": "raw_eager_exact_length", "logits": [-9.091524124145508, -5.668699741363525, -3.1515426635742188, -3.84405255317688], "reference_logits": [-9.091524124145508, -5.668699741363525, -3.1515426635742188, -3.84405255317688], "batch_vs_single": {"max_abs": 3.814697265625e-06, "normalized_rmse": 5.010083441447932e-07, "finite": true}, "backend_vs_exact_eager": {"max_abs": 0.0, "normalized_rmse": 0.0, "finite": true}}
PREFLIGHT {"task": "NanoSCIDOCSRetrieval", "query_id": "f4195462f27158c4afd86ca364347dacfd228bdd", "offset": 100, "length": 334, "backend": "raw_eager_exact_length", "logits": [-6.880746364593506, -4.096436023712158, -4.096443176269531, -4.096433639526367], "reference_logits": [-6.880746364593506, -4.096436023712158, -4.096443176269531, -4.096433639526367], "batch_vs_single": {"max_abs": 1.33514404296875e-05, "normalized_rmse": 1.5324894775403664e-06, "finite": true}, "backend_vs_exact_eager": {"max_abs": 0.0, "normalized_rmse": 0.0, "finite": true}}
PROGRESS {"done": 102, "total": 28867, "elapsed_seconds": 7.871489700002712, "pairs_per_second": 12.958157081748434, "forward_and_transfer_seconds": 7.859413099999074, "estimated_remaining_seconds": 1606.35930317367, "task": "NanoSCIDOCSRetrieval", "queries": 1}
PROGRESS {"done": 1017, "total": 28867, "elapsed_seconds": 57.50730152000324, "pairs_per_second": 17.68471086486728, "forward_and_transfer_seconds": 57.412161080006626, "estimated_remaining_seconds": 1536.7455800315547, "task": "NanoSCIDOCSRetrieval", "queries": 10}
PROGRESS {"done": 2034, "total": 28867, "elapsed_seconds": 115.4451867799944, "pairs_per_second": 17.6187509997816, "forward_and_transfer_seconds": 115.26000943979307, "estimated_remaining_seconds": 1488.8215380401875, "task": "NanoSCIDOCSRetrieval", "queries": 20}
PROGRESS {"done": 3049, "total": 28867, "elapsed_seconds": 179.15417911999975, "pairs_per_second": 17.018860598042433, "forward_and_transfer_seconds": 178.85844978981186, "estimated_remaining_seconds": 1440.6438673699706, "task": "NanoClimateFeverRetrieval", "queries": 30}
PROGRESS {"done": 4062, "total": 28867, "elapsed_seconds": 261.1867093100009, "pairs_per_second": 15.552093024683112, "forward_and_transfer_seconds": 260.79024720976304, "estimated_remaining_seconds": 1382.3112724280259, "task": "NanoClimateFeverRetrieval", "queries": 40}
PROGRESS {"done": 5077, "total": 28867, "elapsed_seconds": 338.74053784999705, "pairs_per_second": 14.987872523979474, "forward_and_transfer_seconds": 338.2474016997876, "estimated_remaining_seconds": 1314.9922321737702, "task": "NanoClimateFeverRetrieval", "queries": 50}
PROGRESS {"done": 6106, "total": 28867, "elapsed_seconds": 403.0596503400011, "pairs_per_second": 15.149122455818343, "forward_and_transfer_seconds": 402.474493059839, "estimated_remaining_seconds": 1243.9220305697527, "task": "NanoDBPediaRetrieval", "queries": 60}
PROGRESS {"done": 7159, "total": 28867, "elapsed_seconds": 443.6702526000008, "pairs_per_second": 16.135857560985343, "forward_and_transfer_seconds": 443.0004485999234, "estimated_remaining_seconds": 1177.5017083067462, "task": "NanoDBPediaRetrieval", "queries": 70}
PROGRESS {"done": 8196, "total": 28867, "elapsed_seconds": 489.0562281099992, "pairs_per_second": 16.758809169395843, "forward_and_transfer_seconds": 488.3006509400584, "estimated_remaining_seconds": 1113.2029536590912, "task": "NanoFEVERRetrieval", "queries": 80}
PROGRESS {"done": 9196, "total": 28867, "elapsed_seconds": 558.5410907400073, "pairs_per_second": 16.464321340827908, "forward_and_transfer_seconds": 557.6968986102729, "estimated_remaining_seconds": 1057.1196158468665, "task": "NanoFEVERRetrieval", "queries": 90}
PROGRESS {"done": 10196, "total": 28867, "elapsed_seconds": 634.2015185500059, "pairs_per_second": 16.076908840129274, "forward_and_transfer_seconds": 633.2658822902449, "estimated_remaining_seconds": 997.7808664362396, "task": "NanoFEVERRetrieval", "queries": 100}
PROGRESS {"done": 11200, "total": 28867, "elapsed_seconds": 709.7631587799988, "pairs_per_second": 15.779911737390698, "forward_and_transfer_seconds": 708.7342188203911, "estimated_remaining_seconds": 933.4930968206398, "task": "NanoFiQA2018Retrieval", "queries": 110}
PROGRESS {"done": 12205, "total": 28867, "elapsed_seconds": 790.9026435800042, "pairs_per_second": 15.431734991748572, "forward_and_transfer_seconds": 789.7768800504855, "estimated_remaining_seconds": 859.826787048969, "task": "NanoFiQA2018Retrieval", "queries": 120}
PROGRESS {"done": 13208, "total": 28867, "elapsed_seconds": 861.8267013000004, "pairs_per_second": 15.325586895923195, "forward_and_transfer_seconds": 860.6060115904693, "estimated_remaining_seconds": 802.6191426779806, "task": "NanoHotpotQARetrieval", "queries": 130}
PROGRESS {"done": 14209, "total": 28867, "elapsed_seconds": 914.6093103099993, "pairs_per_second": 15.535595187833783, "forward_and_transfer_seconds": 913.2964273104153, "estimated_remaining_seconds": 763.892858740686, "task": "NanoHotpotQARetrieval", "queries": 140}
PROGRESS {"done": 15209, "total": 28867, "elapsed_seconds": 966.5407822099951, "pairs_per_second": 15.735497435736367, "forward_and_transfer_seconds": 965.1412309501175, "estimated_remaining_seconds": 723.5164551044428, "task": "NanoHotpotQARetrieval", "queries": 150}
PROGRESS {"done": 16209, "total": 28867, "elapsed_seconds": 1011.4510666099959, "pairs_per_second": 16.025491034703716, "forward_and_transfer_seconds": 1009.9659494001389, "estimated_remaining_seconds": 677.3958263663368, "task": "NanoMSMARCORetrieval", "queries": 160}
PROGRESS {"done": 17209, "total": 28867, "elapsed_seconds": 1062.312087719998, "pairs_per_second": 16.1995709160526, "forward_and_transfer_seconds": 1060.7440447600966, "estimated_remaining_seconds": 634.9363416559496, "task": "NanoMSMARCORetrieval", "queries": 170}
PROGRESS {"done": 18712, "total": 28867, "elapsed_seconds": 1153.4852982800076, "pairs_per_second": 16.222140002912873, "forward_and_transfer_seconds": 1151.783499210229, "estimated_remaining_seconds": 553.0306744534496, "task": "NanoNFCorpusRetrieval", "queries": 180}
PROGRESS {"done": 20145, "total": 28867, "elapsed_seconds": 1243.0879163200007, "pairs_per_second": 16.20561163496516, "forward_and_transfer_seconds": 1241.2545238901366, "estimated_remaining_seconds": 471.7906445176554, "task": "NanoNFCorpusRetrieval", "queries": 190}
PROGRESS {"done": 21363, "total": 28867, "elapsed_seconds": 1318.7760003300064, "pairs_per_second": 16.199111899711696, "forward_and_transfer_seconds": 1316.826095700162, "estimated_remaining_seconds": 401.9964686044972, "task": "NanoNFCorpusRetrieval", "queries": 200}
PROGRESS {"done": 22364, "total": 28867, "elapsed_seconds": 1375.3702177999949, "pairs_per_second": 16.26034918494371, "forward_and_transfer_seconds": 1373.3255606801395, "estimated_remaining_seconds": 356.1223242352279, "task": "NanoNQRetrieval", "queries": 210}
PROGRESS {"done": 23366, "total": 28867, "elapsed_seconds": 1428.8405813900026, "pairs_per_second": 16.353118958357918, "forward_and_transfer_seconds": 1426.7048896402557, "estimated_remaining_seconds": 309.56967739221386, "task": "NanoNQRetrieval", "queries": 220}
PROGRESS {"done": 24366, "total": 28867, "elapsed_seconds": 1486.7741729400004, "pairs_per_second": 16.388500986547136, "forward_and_transfer_seconds": 1484.5486830304435, "estimated_remaining_seconds": 264.15707443673926, "task": "NanoQuoraRetrieval", "queries": 230}
PROGRESS {"done": 25366, "total": 28867, "elapsed_seconds": 1544.9989443100058, "pairs_per_second": 16.418134195766985, "forward_and_transfer_seconds": 1542.686369050498, "estimated_remaining_seconds": 218.42567028429625, "task": "NanoQuoraRetrieval", "queries": 240}
PROGRESS {"done": 26366, "total": 28867, "elapsed_seconds": 1604.9371081400022, "pairs_per_second": 16.428058063007935, "forward_and_transfer_seconds": 1602.542730080313, "estimated_remaining_seconds": 172.1309720835851, "task": "NanoQuoraRetrieval", "queries": 250}
PROGRESS {"done": 27366, "total": 28867, "elapsed_seconds": 1675.6815559100069, "pairs_per_second": 16.331265271424698, "forward_and_transfer_seconds": 1673.1916877504118, "estimated_remaining_seconds": 102.45094442817626, "task": "NanoSciFactRetrieval", "queries": 260}
PROGRESS {"done": 28367, "total": 28867, "elapsed_seconds": 1740.323443870002, "pairs_per_second": 16.29984362959541, "forward_and_transfer_seconds": 1737.741623320253, "estimated_remaining_seconds": 38.292467505300024, "task": "NanoSciFactRetrieval", "queries": 270}
PROGRESS {"done": 28867, "total": 28867, "elapsed_seconds": 1777.7220546300086, "pairs_per_second": 16.238196474424676, "forward_and_transfer_seconds": 1775.0920031602145, "estimated_remaining_seconds": -2.286639760017762e-13, "task": "NanoSciFactRetrieval", "queries": 275}
