npu-status: no free NPU found
Selector found no free device; using user-authorized shared NPU 7
ninja: no work to do.
/workspace/repos/rwkv-cpu-reference/26_rwkv_inference/run_npu_embedding.py:56: UserWarning: Cannot create tensor with interal format while allow_internel_format=False, tensor will be created with base format. (Triggered internally at ../torch_npu/csrc/aten/common/TensorFactories.cpp:340.)
  delta = torch.cat((torch.zeros_like(z[:, :1]), z[:, :-1]), dim=1) - z
BATCH_PREFLIGHT {"passed": true, "shape": [4, 144], "embedding": {"max_abs": 8.314847946166992e-05, "normalized_rmse": 0.0005018552765250206}}
PROGRESS {"group": "queries", "done": 4, "total": 50, "elapsed_seconds": 0.05466658994555473, "forward_seconds": 0.05312643991783261, "texts_per_second": 73.17083439782517, "estimated_remaining_seconds": 0.6286657843738794}
PROGRESS {"group": "queries", "done": 50, "total": 50, "elapsed_seconds": 0.7337041799910367, "forward_seconds": 0.7182581597007811, "texts_per_second": 68.14735606468922, "estimated_remaining_seconds": 0.0}
PROGRESS {"group": "corpus", "done": 4, "total": 2210, "elapsed_seconds": 0.06428469996899366, "forward_seconds": 0.062258230056613684, "texts_per_second": 62.22320399611904, "estimated_remaining_seconds": 35.453012032900006}
PROGRESS {"group": "corpus", "done": 52, "total": 2210, "elapsed_seconds": 0.9711713399738073, "forward_seconds": 0.9445624095387757, "texts_per_second": 53.54358995128754, "estimated_remaining_seconds": 40.303610608913004}
PROGRESS {"group": "corpus", "done": 100, "total": 2210, "elapsed_seconds": 1.8353727599605918, "forward_seconds": 1.7840589196421206, "texts_per_second": 54.48484481274918, "estimated_remaining_seconds": 38.72636523516849}
PROGRESS {"group": "corpus", "done": 152, "total": 2210, "elapsed_seconds": 2.7126575000584126, "forward_seconds": 2.63458658894524, "texts_per_second": 56.033612793626524, "estimated_remaining_seconds": 36.72795483631719}
PROGRESS {"group": "corpus", "done": 200, "total": 2210, "elapsed_seconds": 3.606330499984324, "forward_seconds": 3.503250709269196, "texts_per_second": 55.45803414325707, "estimated_remaining_seconds": 36.24362152484245}
PROGRESS {"group": "corpus", "done": 252, "total": 2210, "elapsed_seconds": 4.509167919866741, "forward_seconds": 4.3813655488193035, "texts_per_second": 55.886142294618146, "estimated_remaining_seconds": 35.03551899642491}
PROGRESS {"group": "corpus", "done": 300, "total": 2210, "elapsed_seconds": 5.347717780154198, "forward_seconds": 5.197887339163572, "texts_per_second": 56.09869711399573, "estimated_remaining_seconds": 34.0471365336484}
PROGRESS {"group": "corpus", "done": 352, "total": 2210, "elapsed_seconds": 6.10681287990883, "forward_seconds": 5.934329559095204, "texts_per_second": 57.640541297419794, "estimated_remaining_seconds": 32.234256621791495}
PROGRESS {"group": "corpus", "done": 400, "total": 2210, "elapsed_seconds": 6.869041020050645, "forward_seconds": 6.676466749515384, "texts_per_second": 58.23229164484606, "estimated_remaining_seconds": 31.082410615729167}
PROGRESS {"group": "corpus", "done": 452, "total": 2210, "elapsed_seconds": 7.708846990019083, "forward_seconds": 7.493204020895064, "texts_per_second": 58.63393067539418, "estimated_remaining_seconds": 29.982639399233513}
PROGRESS {"group": "corpus", "done": 500, "total": 2210, "elapsed_seconds": 8.438351199962199, "forward_seconds": 8.201979901641607, "texts_per_second": 59.253281612910335, "estimated_remaining_seconds": 28.85916110387072}
PROGRESS {"group": "corpus", "done": 552, "total": 2210, "elapsed_seconds": 9.23022342985496, "forward_seconds": 8.971507780253887, "texts_per_second": 59.80353608933971, "estimated_remaining_seconds": 27.724113128078844}
PROGRESS {"group": "corpus", "done": 600, "total": 2210, "elapsed_seconds": 10.02279302990064, "forward_seconds": 9.742150810547173, "texts_per_second": 59.86355282505001, "estimated_remaining_seconds": 26.894494630233385}
PROGRESS {"group": "corpus", "done": 652, "total": 2210, "elapsed_seconds": 10.791354679968208, "forward_seconds": 10.490718611050397, "texts_per_second": 60.418735120465975, "estimated_remaining_seconds": 25.786703361028326}
PROGRESS {"group": "corpus", "done": 700, "total": 2210, "elapsed_seconds": 11.582485469989479, "forward_seconds": 11.260951498989016, "texts_per_second": 60.436078405944755, "estimated_remaining_seconds": 24.98507579954873}
PROGRESS {"group": "corpus", "done": 752, "total": 2210, "elapsed_seconds": 12.474597699940205, "forward_seconds": 12.129130738787353, "texts_per_second": 60.28250514271932, "estimated_remaining_seconds": 24.186121604405344}
PROGRESS {"group": "corpus", "done": 800, "total": 2210, "elapsed_seconds": 13.304492739960551, "forward_seconds": 12.938150228001177, "texts_per_second": 60.13006400440729, "estimated_remaining_seconds": 23.449168454180473}
PROGRESS {"group": "corpus", "done": 852, "total": 2210, "elapsed_seconds": 14.16594491014257, "forward_seconds": 13.77786378795281, "texts_per_second": 60.14424067045346, "estimated_remaining_seconds": 22.57905303752771}
PROGRESS {"group": "corpus", "done": 900, "total": 2210, "elapsed_seconds": 14.992438999935985, "forward_seconds": 14.584264537785202, "texts_per_second": 60.03025925293696, "estimated_remaining_seconds": 21.8223278776846}
PROGRESS {"group": "corpus", "done": 952, "total": 2210, "elapsed_seconds": 15.85325232008472, "forward_seconds": 15.422380187548697, "texts_per_second": 60.050769443308305, "estimated_remaining_seconds": 20.948940565826238}
PROGRESS {"group": "corpus", "done": 1000, "total": 2210, "elapsed_seconds": 16.586875889915973, "forward_seconds": 16.13640745729208, "texts_per_second": 60.28862859026709, "estimated_remaining_seconds": 20.070119826798326}
PROGRESS {"group": "corpus", "done": 1052, "total": 2210, "elapsed_seconds": 17.4458485301584, "forward_seconds": 16.973352727945894, "texts_per_second": 60.30087892723716, "estimated_remaining_seconds": 19.20370018814014}
PROGRESS {"group": "corpus", "done": 1100, "total": 2210, "elapsed_seconds": 18.20408530998975, "forward_seconds": 17.71123824827373, "texts_per_second": 60.42599676218609, "estimated_remaining_seconds": 18.36957699462602}
PROGRESS {"group": "corpus", "done": 1152, "total": 2210, "elapsed_seconds": 19.100923869758844, "forward_seconds": 18.585195298772305, "texts_per_second": 60.311218863286555, "estimated_remaining_seconds": 17.54234154010838}
PROGRESS {"group": "corpus", "done": 1200, "total": 2210, "elapsed_seconds": 19.83138351002708, "forward_seconds": 19.294328540097922, "texts_per_second": 60.5101504589057, "estimated_remaining_seconds": 16.691414454272792}
PROGRESS {"group": "corpus", "done": 1252, "total": 2210, "elapsed_seconds": 20.682680429890752, "forward_seconds": 20.123920710291713, "texts_per_second": 60.53374001711118, "estimated_remaining_seconds": 15.825884865683179}
PROGRESS {"group": "corpus", "done": 1300, "total": 2210, "elapsed_seconds": 21.432885279878974, "forward_seconds": 20.85420438181609, "texts_per_second": 60.65445613243821, "estimated_remaining_seconds": 15.003019695915281}
PROGRESS {"group": "corpus", "done": 1352, "total": 2210, "elapsed_seconds": 22.28097580978647, "forward_seconds": 21.68113874970004, "texts_per_second": 60.679568594395285, "estimated_remaining_seconds": 14.13985003313372}
PROGRESS {"group": "corpus", "done": 1400, "total": 2210, "elapsed_seconds": 23.01783963991329, "forward_seconds": 22.398038011044264, "texts_per_second": 60.82238915125546, "estimated_remaining_seconds": 13.31746436309269}
PROGRESS {"group": "corpus", "done": 1452, "total": 2210, "elapsed_seconds": 23.95372055005282, "forward_seconds": 23.311287831049412, "texts_per_second": 60.61688817676376, "estimated_remaining_seconds": 12.504765962079917}
PROGRESS {"group": "corpus", "done": 1500, "total": 2210, "elapsed_seconds": 24.806684900075197, "forward_seconds": 24.142617800273, "texts_per_second": 60.467571787290815, "estimated_remaining_seconds": 11.74183085270226}
PROGRESS {"group": "corpus", "done": 1552, "total": 2210, "elapsed_seconds": 25.705111839808524, "forward_seconds": 25.017293641343713, "texts_per_second": 60.3770957960384, "estimated_remaining_seconds": 10.89817241661985}
PROGRESS {"group": "corpus", "done": 1600, "total": 2210, "elapsed_seconds": 26.432685730047524, "forward_seconds": 25.72459132084623, "texts_per_second": 60.53111728185796, "estimated_remaining_seconds": 10.077461434580618}
PROGRESS {"group": "corpus", "done": 1652, "total": 2210, "elapsed_seconds": 27.220873179845512, "forward_seconds": 26.490652959328145, "texts_per_second": 60.68872181599046, "estimated_remaining_seconds": 9.194459584959924}
PROGRESS {"group": "corpus", "done": 1700, "total": 2210, "elapsed_seconds": 28.06459329975769, "forward_seconds": 27.314086890313774, "texts_per_second": 60.574546078124634, "estimated_remaining_seconds": 8.419377989927307}
PROGRESS {"group": "corpus", "done": 1752, "total": 2210, "elapsed_seconds": 28.845617219805717, "forward_seconds": 28.07204027986154, "texts_per_second": 60.73712989566601, "estimated_remaining_seconds": 7.5406921727574305}
PROGRESS {"group": "corpus", "done": 1800, "total": 2210, "elapsed_seconds": 29.58574324985966, "forward_seconds": 28.790972310118377, "texts_per_second": 60.840114267149204, "estimated_remaining_seconds": 6.7389748513569225}
PROGRESS {"group": "corpus", "done": 1852, "total": 2210, "elapsed_seconds": 30.439653529785573, "forward_seconds": 29.62351929023862, "texts_per_second": 60.84169119033485, "estimated_remaining_seconds": 5.884123090530904}
PROGRESS {"group": "corpus", "done": 1900, "total": 2210, "elapsed_seconds": 31.14192913006991, "forward_seconds": 30.305273220408708, "texts_per_second": 61.010992352603004, "estimated_remaining_seconds": 5.081051594906143}
PROGRESS {"group": "corpus", "done": 1952, "total": 2210, "elapsed_seconds": 31.98666187003255, "forward_seconds": 31.127098571509123, "texts_per_second": 61.025436412568475, "estimated_remaining_seconds": 4.2277452676579905}
PROGRESS {"group": "corpus", "done": 2000, "total": 2210, "elapsed_seconds": 32.6915103700012, "forward_seconds": 31.812537401448935, "texts_per_second": 61.177962638130836, "estimated_remaining_seconds": 3.4326085888501257}
PROGRESS {"group": "corpus", "done": 2052, "total": 2210, "elapsed_seconds": 33.61151127004996, "forward_seconds": 32.70892888167873, "texts_per_second": 61.05051282917068, "estimated_remaining_seconds": 2.5880208482787004}
PROGRESS {"group": "corpus", "done": 2100, "total": 2210, "elapsed_seconds": 34.45844645984471, "forward_seconds": 33.533606542274356, "texts_per_second": 60.94296800197254, "estimated_remaining_seconds": 1.8049662431347229}
PROGRESS {"group": "corpus", "done": 2152, "total": 2210, "elapsed_seconds": 35.319488959852606, "forward_seconds": 34.3710692320019, "texts_per_second": 60.92953390254774, "estimated_remaining_seconds": 0.9519193121149866}
PROGRESS {"group": "corpus", "done": 2200, "total": 2210, "elapsed_seconds": 36.13962019002065, "forward_seconds": 35.16981641203165, "texts_per_second": 60.87501718148917, "estimated_remaining_seconds": 0.16427100086373023}
PROGRESS {"group": "corpus", "done": 2210, "total": 2210, "elapsed_seconds": 36.33432907983661, "forward_seconds": 35.35889452230185, "texts_per_second": 60.82402113835697, "estimated_remaining_seconds": 0.0}
SUMMARY {"source_commit": "e8a15dad4c29a2240b98cdc6ad6434f98f1cfd7b", "script_sha256": "18a307b476ab86cf2941a2a9b92cdd11f788ec6935b122176f62cf3e7fe215b5", "model_script_sha256": "62ac46e34a38e105870efa530dc83efa099ca8707c3b09fcd986e28bfdde5d09", "checkpoint_sha256": "9033eec92f163d1a710474977fa3fb68b7ee04697e0e961d83434743bd256a15", "data_sha256": "c1be79f83593929a7dd1c9d900ec91534de0f532e19a38293c1352c27112f557", "dataset": "zeta-alpha-ai/NanoSCIDOCS", "revision": "484eb90549fc3f0b9c42b3551e80ceb999515537", "split": "train", "hostname": "liteserver-c001-4", "physical_npu": "7", "backend": "raw_eager", "batch_size": 4, "dense_dtype": "fp16", "state_pointwise_dtype": "float32", "shared_device": true, "context": 2048, "eos_chunk": 512, "instruction": "Instruct: Given a query, retrieve documents that answer the query\nQuery: {query}", "mteb_contract_version": "1.38.60", "mteb_framework_used": false, "corpus_order": "descending document ID", "ignore_identical_ids": false, "stages": {"queries": {"texts": 50, "batches": 13, "forward_seconds": 0.7182581597007811, "wall_seconds": 0.7347805402241647, "prepared_token_slots": 7328}, "corpus": {"texts": 2210, "batches": 553, "forward_seconds": 35.35889452230185, "wall_seconds": 36.33868834981695, "prepared_token_slots": 2405088}}, "all_checks_passed": true, "pytrec_eval": "0.5.10", "device_status": "NPU 0: busy HBM=56948/65536MB AICore=7% Health=OK\nNPU 1: busy HBM=57076/65536MB AICore=7% Health=OK\nNPU 2: busy HBM=57076/65536MB AICore=5% Health=OK\nNPU 3: busy HBM=57077/65536MB AICore=5% Health=OK\nNPU 4: busy HBM=57043/65536MB AICore=0% Health=Alarm\nNPU 5: busy HBM=57042/65536MB AICore=0% Health=Alarm\nNPU 6: busy HBM=57179/65536MB AICore=21% Health=OK\nNPU 7: busy HBM=57178/65536MB AICore=0% Health=OK\n", "hbm_before_model": {"free_bytes": 8708141056, "total_bytes": 65452113920}, "device": "Ascend910B2", "torch": "2.10.0+cpu", "torch_npu": "2.10.0.post2", "setup_seconds": 12.965777010191232, "thresholds": {"layer_normalized_rmse": 0.02, "embedding_max_abs": 0.002, "min_cosine": 0.9995}, "maximum_preflight": {"passed": true, "document_id": "7dfce578644bc101ae4ffcd0184d2227c6d07809", "shape": [1, 2032], "layers": [{"max_abs": 0.0, "normalized_rmse": 0.0}, {"max_abs": 0.002288341522216797, "normalized_rmse": 0.0002500229165889323}, {"max_abs": 0.009793281555175781, "normalized_rmse": 0.0003216842596884817}, {"max_abs": 0.0074672698974609375, "normalized_rmse": 0.0004336510901339352}, {"max_abs": 0.0074024200439453125, "normalized_rmse": 0.00048364236135967076}, {"max_abs": 0.007312774658203125, "normalized_rmse": 0.0005409308942034841}, {"max_abs": 0.030872344970703125, "normalized_rmse": 0.0005159437423571944}, {"max_abs": 0.03087615966796875, "normalized_rmse": 0.0006005234899930656}, {"max_abs": 0.030731201171875, "normalized_rmse": 0.0005537235410884023}, {"max_abs": 0.030796051025390625, "normalized_rmse": 0.0004452762077562511}, {"max_abs": 0.04598236083984375, "normalized_rmse": 0.0004403769562486559}, {"max_abs": 0.06510162353515625, "normalized_rmse": 0.00041765376226976514}, {"max_abs": 0.10919189453125, "normalized_rmse": 0.0007849374087527394}, {"max_abs": 0.2595977783203125, "normalized_rmse": 0.000862692657392472}], "embedding": {"max_abs": 7.625482976436615e-05, "normalized_rmse": 0.0003667068958748132}, "cosine": 1.0, "seconds": 26.696033120155334, "reused_from": "/workspace/repos/rwkv-cpu-reference/tmp/26_rwkv_inference/nanoscidocs_eager_b1_fp16_e8a15dad/probe/result.json"}, "batch_preflight": {"passed": true, "shape": [4, 144], "embedding": {"max_abs": 8.314847946166992e-05, "normalized_rmse": 0.0005018552765250206}}, "preflight_and_warmup_seconds": 8.554755839984864, "ndcg_at_10_unrounded": 0.41057851087252106, "ndcg_at_10": 41.058, "upstream_gpu_bf16_ndcg_at_10": 40.988, "upstream_cpu_fp32_ndcg_at_10": 41.058, "delta_gpu_percentage_points": 0.07000000000000028, "delta_cpu_percentage_points": 0.0, "metric_crosscheck_passed": true, "eval_wall_seconds": 37.56976273981854, "artifacts": {"embeddings.npz": {"sha256": "24471d346782f4af9a58783d7bab6b175be196e54f7575ca355ed109c1f34261", "bytes": 6295212}, "ids.json": {"sha256": "0804bdb7c0bd7b856289eddbb4cb19fba7b24ce1de88bcb023dfbae80dcb59b6", "bytes": 108520}, "batch_timings.json": {"sha256": "e72e49c1c46ebbf88febf16acaf38fc0ad6b808ef45130929ded530d71538e6f", "bytes": 299843}, "per_query_scores.json": {"sha256": "033d05e2f88dd8a438e51d0e5af6ccff095e5be5fd2df719ef8b6333dd6a15f7", "bytes": 4443}, "top100.json": {"sha256": "dcd8a6d3de984c5d0ca47d36e211838cfe496cb13681021e6c960ae0c38c74b6", "bytes": 564622}}}
