2026-07-23 13:07:05 [INFO] [144545] [144545] [time_logger.h:32] DeviceContextEntry  start
2026-07-23 13:07:05 [INFO] [144545] [144548] [parser.cpp:124] notify: no files pattern, don't need to parse
2026-07-23 13:07:05 [INFO] [144545] [144548] [freq_parser.cpp:71] FreqProfileData structCount is : 0
2026-07-23 13:07:05 [INFO] [144545] [144548] [freq_parser.cpp:99] Freq.data parser is completed, begin to save data into dataInventory!
2026-07-23 13:07:05 [INFO] [144545] [144548] [parser.cpp:181] Parser is completed!
2026-07-23 13:07:05 [WARN] [144545] [144549] [load_stream_expand_spec_data.cpp:43] There is no /workspace/repos/paddle_ocr_vl_npu/tmp/09_persistent_page_engine/text_decode_lab/npu_profiles/b16_k1024_p768_pipe_20260723_130703/liteserver-c001-4_143733_20260723130703613_ascend_pt/PROF_000001_20260723130703643_00143733MPGHOEJE/device_2/..///host//sqlite/stream_expand_spec.db
2026-07-23 13:07:05 [INFO] [144545] [144547] [parser.cpp:55] loop: /workspace/repos/paddle_ocr_vl_npu/tmp/09_persistent_page_engine/text_decode_lab/npu_profiles/b16_k1024_p768_pipe_20260723_130703/liteserver-c001-4_143733_20260723130703613_ascend_pt/PROF_000001_20260723130703643_00143733MPGHOEJE/device_2/data/ts_track.data.2.slice_0, file size: 240
2026-07-23 13:07:05 [INFO] [144545] [144547] [parser.cpp:58] total size: 240
2026-07-23 13:07:05 [INFO] [144545] [144547] [parser.cpp:163] Parse filePrefix is: ts_track., the number of files is: 1, and the total size of all files is: 240
2026-07-23 13:07:05 [INFO] [144545] [144547] [parser.cpp:91] Data has been read to the memory successfully!
2026-07-23 13:07:05 [INFO] [144545] [144547] [ts_track_parser.cpp:69] TsTrack structCount: 6
2026-07-23 13:07:05 [INFO] [144545] [144547] [parser.cpp:181] Parser is completed!
2026-07-23 13:07:05 [INFO] [144545] [144546] [process_control.cpp:193] Level[0]Release Data Types: 
2026-07-23 13:07:05 [INFO] [144545] [144552] [freq_persistence.cpp:50] Start to process /workspace/repos/paddle_ocr_vl_npu/tmp/09_persistent_page_engine/text_decode_lab/npu_profiles/b16_k1024_p768_pipe_20260723_130703/liteserver-c001-4_143733_20260723130703613_ascend_pt/PROF_000001_20260723130703643_00143733MPGHOEJE/device_2/sqlite/freq.db.
2026-07-23 13:07:05 [INFO] [144545] [144552] [freq_persistence.cpp:54] The freq is default data no need to persistence!
2026-07-23 13:07:05 [INFO] [144545] [144553] [step_trace_process.cpp:201] Start to process step trace data
2026-07-23 13:07:05 [INFO] [144545] [144554] [parser.cpp:55] loop: /workspace/repos/paddle_ocr_vl_npu/tmp/09_persistent_page_engine/text_decode_lab/npu_profiles/b16_k1024_p768_pipe_20260723_130703/liteserver-c001-4_143733_20260723130703613_ascend_pt/PROF_000001_20260723130703643_00143733MPGHOEJE/device_2/data/stars_soc.data.2.slice_0, file size: 115840
2026-07-23 13:07:05 [INFO] [144545] [144554] [parser.cpp:58] total size: 115840
2026-07-23 13:07:05 [INFO] [144545] [144554] [parser.cpp:163] Parse filePrefix is: stars_soc., the number of files is: 1, and the total size of all files is: 115840
2026-07-23 13:07:05 [INFO] [144545] [144554] [parser.cpp:91] Data has been read to the memory successfully!
2026-07-23 13:07:05 [INFO] [144545] [144551] [parser.cpp:55] loop: /workspace/repos/paddle_ocr_vl_npu/tmp/09_persistent_page_engine/text_decode_lab/npu_profiles/b16_k1024_p768_pipe_20260723_130703/liteserver-c001-4_143733_20260723130703613_ascend_pt/PROF_000001_20260723130703643_00143733MPGHOEJE/device_2/data/ffts_profile.data.2.slice_0, file size: 326784
2026-07-23 13:07:05 [INFO] [144545] [144554] [stars_soc_parser.cpp:81] StarsSoc structCount: 1810
2026-07-23 13:07:05 [INFO] [144545] [144551] [parser.cpp:58] total size: 326784
2026-07-23 13:07:05 [INFO] [144545] [144551] [parser.cpp:163] Parse filePrefix is: ffts_profile, the number of files is: 1, and the total size of all files is: 326784
2026-07-23 13:07:05 [INFO] [144545] [144551] [parser.cpp:91] Data has been read to the memory successfully!
2026-07-23 13:07:05 [INFO] [144545] [144551] [ffts_profile_parser.cpp:83] FftsProfileData structCount is : 2553
2026-07-23 13:07:05 [INFO] [144545] [144554] [parser.cpp:181] Parser is completed!
2026-07-23 13:07:05 [INFO] [144545] [144551] [ffts_profile_parser.cpp:97] Ffts_profile.data parser is completed, begin to save data into dataInventory!
2026-07-23 13:07:05 [INFO] [144545] [144551] [parser.cpp:181] Parser is completed!
2026-07-23 13:07:05 [INFO] [144545] [144546] [process_control.cpp:193] Level[1]Release Data Types: St3mapIjSt6vectorIN8Analysis6Domain14StepTraceTasksESaIS3_EESt4lessIjESaISt4pairIKjS5_EEE 
2026-07-23 13:07:05 [INFO] [144545] [144555] [time_logger.h:32] LogModeling::SplitLogGroups  start
2026-07-23 13:07:05 [INFO] [144545] [144557] [pmu_modeling.cpp:52] PMU modeling has done!
2026-07-23 13:07:05 [INFO] [144545] [144555] [time_logger.h:39] LogModeling::SplitLogGroups  end, cost time = 0 ms
2026-07-23 13:07:05 [INFO] [144545] [144555] [log_modeling.cpp:150] HalLogData size:1810
2026-07-23 13:07:05 [INFO] [144545] [144555] [log_modeling.cpp:151] acsqS stream:3, total:851
2026-07-23 13:07:05 [INFO] [144545] [144555] [log_modeling.cpp:152] acsqE stream:3, total:851
2026-07-23 13:07:05 [INFO] [144545] [144556] [acc_pmu_persistence.cpp:61] Start to process /workspace/repos/paddle_ocr_vl_npu/tmp/09_persistent_page_engine/text_decode_lab/npu_profiles/b16_k1024_p768_pipe_20260723_130703/liteserver-c001-4_143733_20260723130703613_ascend_pt/PROF_000001_20260723130703643_00143733MPGHOEJE/device_2/sqlite/acc_pmu.db.
2026-07-23 13:07:05 [INFO] [144545] [144555] [log_modeling.cpp:153] fftsS stream:1, total:54
2026-07-23 13:07:05 [INFO] [144545] [144555] [log_modeling.cpp:154] fftsE stream:1, total:54
2026-07-23 13:07:05 [INFO] [144545] [144556] [acc_pmu_persistence.cpp:65] There is no acc pmu data don't need to persistence!
2026-07-23 13:07:05 [INFO] [144545] [144555] [time_logger.h:32] LogModeling::AddToDeviceTask  start
2026-07-23 13:07:05 [INFO] [144545] [144555] [log_modeling.cpp:224] ACSQ matched count:851
2026-07-23 13:07:05 [INFO] [144545] [144555] [log_modeling.cpp:234] FFTS matched count:54
2026-07-23 13:07:05 [INFO] [144545] [144555] [time_logger.h:39] LogModeling::AddToDeviceTask  end, cost time = 0 ms
2026-07-23 13:07:05 [INFO] [144545] [144546] [process_control.cpp:193] Level[2]Release Data Types: St6vectorIN8Analysis6Domain10HalLogDataESaIS2_EE St6vectorIN8Analysis6Domain12HalTrackDataESaIS2_EE 
2026-07-23 13:07:05 [INFO] [144545] [144558] [db_runner.h:79] Start query data
2026-07-23 13:07:05 [INFO] [144545] [144558] [db_runner.h:90] Query data success: SELECT stream_id, request_id, batch_id, task_id, context_ids, model_id, task_type, kernel_name, connection_id, device_id FROM HostTask WHERE device_id IN (2)
2026-07-23 13:07:05 [INFO] [144545] [144558] [db_runner.h:79] Start query data
2026-07-23 13:07:05 [INFO] [144545] [144558] [db_runner.h:90] Query data success: SELECT stream_id, batch_id, task_id, context_id, block_num, mix_block_num FROM TaskInfo where device_id = 2
2026-07-23 13:07:05 [INFO] [144545] [144558] [load_host_data.cpp:101] Read host GE info 0 not in table.
2026-07-23 13:07:05 [WARN] [144545] [144558] [load_host_data.cpp:52] There is no /workspace/repos/paddle_ocr_vl_npu/tmp/09_persistent_page_engine/text_decode_lab/npu_profiles/b16_k1024_p768_pipe_20260723_130703/liteserver-c001-4_143733_20260723130703613_ascend_pt/PROF_000001_20260723130703643_00143733MPGHOEJE/device_2/..///host//sqlite/hccl.db
2026-07-23 13:07:05 [WARN] [144545] [144558] [load_host_data.cpp:52] There is no /workspace/repos/paddle_ocr_vl_npu/tmp/09_persistent_page_engine/text_decode_lab/npu_profiles/b16_k1024_p768_pipe_20260723_130703/liteserver-c001-4_143733_20260723130703613_ascend_pt/PROF_000001_20260723130703643_00143733MPGHOEJE/device_2/..///host//sqlite/hccl.db
2026-07-23 13:07:05 [INFO] [144545] [144546] [process_control.cpp:193] Level[3]Release Data Types: 
2026-07-23 13:07:05 [INFO] [144545] [144559] [pmu_association.cpp:42] context pmu count is : 825
2026-07-23 13:07:05 [INFO] [144545] [144559] [pmu_association.cpp:43] block pmu count is : 1728
2026-07-23 13:07:05 [INFO] [144545] [144559] [pmu_association.cpp:250] The acceleratorType of PMU is MIX
2026-07-23 13:07:05 [INFO] [144545] [144559] [pmu_association.cpp:190] Context PMU has been calculated!
2026-07-23 13:07:05 [INFO] [144545] [144560] [ascend_task_association.cpp:188] Found 905 host device matched task, generate 905 topDownTask
2026-07-23 13:07:05 [INFO] [144545] [144546] [process_control.cpp:193] Level[4]Release Data Types: St3mapIN8Analysis6Domain6TaskIdESt6vectorINS1_8HostTaskESaIS4_EESt4lessIS2_ESaISt4pairIKS2_S6_EEE St6vectorIN8Analysis6Domain10HalPmuDataESaIS2_EE St6vectorIN8Analysis6Domain14HalFreqLpmDataESaIS2_EE 
2026-07-23 13:07:05 [INFO] [144545] [144562] [hccl_calculator.cpp:57] Start Hccl calculator ProcessEntry.
2026-07-23 13:07:05 [INFO] [144545] [144562] [hccl_calculator.cpp:87] Start Hccl calculator GetHcclData.
2026-07-23 13:07:05 [INFO] [144545] [144562] [hccl_calculator.cpp:116] Start merge hccl task and ascend task.
2026-07-23 13:07:05 [INFO] [144545] [144561] [metric_summary_persistence.cpp:277] Start to process /workspace/repos/paddle_ocr_vl_npu/tmp/09_persistent_page_engine/text_decode_lab/npu_profiles/b16_k1024_p768_pipe_20260723_130703/liteserver-c001-4_143733_20260723130703613_ascend_pt/PROF_000001_20260723130703643_00143733MPGHOEJE/device_2/sqlite/metric_summary.db.
2026-07-23 13:07:05 [INFO] [144545] [144561] [db_runner.cpp:53] Start create MetricSummary
2026-07-23 13:07:05 [INFO] [144545] [144562] [hccl_calculator.cpp:215] Start merge hccl op data.
2026-07-23 13:07:05 [INFO] [144545] [144562] [hccl_calculator.cpp:284] Start UpdateHcclOpNameByGroupName.
2026-07-23 13:07:05 [INFO] [144545] [144562] [hccl_calculator.cpp:308] Start UpdateHcclBandwidth.
2026-07-23 13:07:05 [INFO] [144545] [144562] [hccl_calculator.cpp:384] Start GetHcclStatisticsData.
2026-07-23 13:07:05 [WARN] [144545] [144562] [hccl_calculator.cpp:386] No op type in hccl data.
2026-07-23 13:07:05 [INFO] [144545] [144562] [hccl_calculator.cpp:438] Start inject hccl data.
2026-07-23 13:07:05 [INFO] [144545] [144561] [db_runner.cpp:66] create MetricSummary success
2026-07-23 13:07:05 [INFO] [144545] [144561] [metric_summary_persistence.cpp:285] Process MetricSummary done!
2026-07-23 13:07:05 [INFO] [144545] [144546] [process_control.cpp:193] Level[5]Release Data Types: St3mapIN8Analysis6Domain6TaskIdESt6vectorINS1_10DeviceTaskESaIS4_EESt4lessIS2_ESaISt4pairIKS2_S6_EEE St6vectorIN8Analysis6Domain8HcclTaskESaIS2_EE 
2026-07-23 13:07:05 [INFO] [144545] [144564] [ascend_task_persistence.cpp:76] Start to process /workspace/repos/paddle_ocr_vl_npu/tmp/09_persistent_page_engine/text_decode_lab/npu_profiles/b16_k1024_p768_pipe_20260723_130703/liteserver-c001-4_143733_20260723130703613_ascend_pt/PROF_000001_20260723130703643_00143733MPGHOEJE/device_2/sqlite/ascend_task.db.
2026-07-23 13:07:05 [INFO] [144545] [144563] [device_hccl_persistence.cpp:133] Start to dump device hccl data.
2026-07-23 13:07:05 [WARN] [144545] [144563] [device_hccl_persistence.cpp:52] Hccl op data is empty.
2026-07-23 13:07:05 [WARN] [144545] [144563] [device_hccl_persistence.cpp:80] Hccl task data is empty.
2026-07-23 13:07:05 [WARN] [144545] [144563] [device_hccl_persistence.cpp:112] Hccl statistics data is empty.
2026-07-23 13:07:05 [INFO] [144545] [144564] [persistence_utils.h:43] Processor Save AscendTask Data.
2026-07-23 13:07:05 [INFO] [144545] [144564] [db_runner.cpp:53] Start create AscendTask
2026-07-23 13:07:05 [INFO] [144545] [144564] [db_runner.cpp:66] create AscendTask success
2026-07-23 13:07:05 [INFO] [144545] [144564] [db_runner.h:61] Start insert data to AscendTask
2026-07-23 13:07:05 [INFO] [144545] [144564] [db_runner.h:72] insert data to AscendTask success
2026-07-23 13:07:05 [INFO] [144545] [144564] [ascend_task_persistence.cpp:85] Process AscendTask done!
2026-07-23 13:07:05 [INFO] [144545] [144546] [process_control.cpp:193] Level[6]Release Data Types: St6vectorI11TopDownTaskSaIS0_EE St6vectorIN8Analysis6Domain14DeviceHcclTaskESaIS2_EE St6vectorIN8Analysis6Domain14HcclStatisticsESaIS2_EE St6vectorIN8Analysis6Domain6HcclOpESaIS2_EE 
2026-07-23 13:07:05 [INFO] [144545] [144545] [device_context.cpp:139] stat info: ===============================================================================
deivce file in /workspace/repos/paddle_ocr_vl_npu/tmp/09_persistent_page_engine/text_decode_lab/npu_profiles/b16_k1024_p768_pipe_20260723_130703/liteserver-c001-4_143733_20260723130703613_ascend_pt/PROF_000001_20260723130703643_00143733MPGHOEJE/device_2
chip id: 5, process levels:7
-------------------------------------------------------------------------------
level[0] generalResult:true, process num:4
	process0[FreqParser]:return: 0x0, mandatory:true
		dependProcessNames: 
		startTime:505330805166 us, duration: 654 us
	process1[LoadStreamExpandSpec]:return: 0x0, mandatory:true
		dependProcessNames: 
		startTime:505330806042 us, duration: 73 us
	process2[TsTrackParser]:return: 0x0, mandatory:true
		dependProcessNames: 
		startTime:505330806624 us, duration: 592 us
	process3[DeviceTaskProcess]:return: 0x0, mandatory:true
		dependProcessNames: 
		startTime:505330806630 us, duration: 17 us
-------------------------------------------------------------------------------
level[1] generalResult:true, process num:4
	process0[FreqPersistence]:return: 0x0, mandatory:true
		dependProcessNames: FreqParser, 
		startTime:505330807716 us, duration: 84 us
	process1[StarsSocParser]:return: 0x0, mandatory:true
		dependProcessNames: LoadStreamExpandSpec, 
		startTime:505330807757 us, duration: 3040 us
	process2[StepTraceProcess]:return: 0x0, mandatory:false
		dependProcessNames: TsTrackParser, 
		startTime:505330807796 us, duration: 177 us
	process3[FftsProfileParser]:return: 0x0, mandatory:true
		dependProcessNames: LoadStreamExpandSpec, 
		startTime:505330808287 us, duration: 3700 us
-------------------------------------------------------------------------------
level[2] generalResult:true, process num:3
	process0[Domain::LogModeling]:return: 0x0, mandatory:true
		dependProcessNames: StarsSocParser, TsTrackParser, 
		startTime:505330812421 us, duration: 729 us
	process1[AccPmuPersistence]:return: 0x0, mandatory:true
		dependProcessNames: StarsSocParser, 
		startTime:505330812440 us, duration: 262 us
	process2[PmuModeling]:return: 0x0, mandatory:true
		dependProcessNames: FftsProfileParser, TsTrackParser, 
		startTime:505330812464 us, duration: 150 us
-------------------------------------------------------------------------------
level[3] generalResult:true, process num:1
	process0[LoadHostData]:return: 0x0, mandatory:false
		dependProcessNames: Domain::LogModeling, 
		startTime:505330813397 us, duration: 2593 us
-------------------------------------------------------------------------------
level[4] generalResult:true, process num:2
	process0[PmuAssociation]:return: 0x0, mandatory:true
		dependProcessNames: LoadHostData, PmuModeling, 
		startTime:505330816423 us, duration: 2582 us
	process1[AscendTaskAssociation]:return: 0x0, mandatory:true
		dependProcessNames: LoadHostData, 
		startTime:505330816448 us, duration: 7215 us
-------------------------------------------------------------------------------
level[5] generalResult:true, process num:2
	process0[HcclCalculator]:return: 0x0, mandatory:true
		dependProcessNames: AscendTaskAssociation, LoadHostData, 
		startTime:505330824134 us, duration: 496 us
	process1[MetricSummaryPersistence]:return: 0x0, mandatory:false
		dependProcessNames: PmuAssociation, 
		startTime:505330824155 us, duration: 4916 us
-------------------------------------------------------------------------------
level[6] generalResult:true, process num:2
	process0[AscendTaskPersistence]:return: 0x0, mandatory:true
		dependProcessNames: HcclCalculator, 
		startTime:505330829579 us, duration: 3311 us
	process1[DeviceHcclPersistence]:return: 0x0, mandatory:true
		dependProcessNames: HcclCalculator, 
		startTime:505330829598 us, duration: 81 us


2026-07-23 13:07:05 [INFO] [144545] [144545] [time_logger.h:39] DeviceContextEntry  end, cost time = 31 ms
