Selected physical NPU 1 as logical npu:0 (health/idle check; not a reservation)
Python: /usr/local/python3.12.13/bin/python3
[1/2] c++ -MMD -MF bridge.o.d -DTORCH_EXTENSION_NAME=rwkv_reference_wkv7_bridge -DTORCH_API_INCLUDE_EXTENSION_H -I/usr/local/python3.12.13/lib/python3.12/site-packages/torch_npu/include -I/usr/local/python3.12.13/lib/python3.12/site-packages/torch_npu/include/third_party/acl/inc -I/usr/local/python3.12.13/lib/python3.12/site-packages/torch_npu/include/third_party/op-plugin -I/usr/local/python3.12.13/lib/python3.12/site-packages/torch_npu/include/third_party/op-plugin/op_plugin/include -isystem /usr/local/python3.12.13/lib/python3.12/site-packages/torch/include -isystem /usr/local/python3.12.13/lib/python3.12/site-packages/torch/include/torch/csrc/api/include -isystem /usr/local/python3.12.13/include/python3.12 -fPIC -std=c++17 -O3 -std=c++17 -c /workspace/repos/rwkv-suite-probe-67a5f3be/26_rwkv_inference/wkv7_npu/bridge.cpp -o bridge.o 
In file included from /usr/local/python3.12.13/lib/python3.12/site-packages/torch_npu/include/third_party/op-plugin/op_plugin/include/npu_cpp_extension.h:19,
                 from /workspace/repos/rwkv-suite-probe-67a5f3be/26_rwkv_inference/wkv7_npu/bridge.cpp:4:
/workspace/repos/rwkv-suite-probe-67a5f3be/26_rwkv_inference/wkv7_npu/bridge.cpp: In function ‘Pair wkv7(const at::Tensor&, const at::Tensor&, const at::Tensor&, const at::Tensor&, const at::Tensor&, const at::Tensor&, const at::Tensor&)’:
/usr/local/python3.12.13/lib/python3.12/site-packages/torch_npu/include/third_party/op-plugin/op_plugin/utils/op_api_common_base.h:515:98: warning: capture of variable ‘opApiFuncAddr’ with non-automatic storage duration
  515 |         auto acl_call = [converted_params, workspace_addr, workspace_size, acl_stream, executor, opApiFuncAddr]()->int {\
      |                                                                                                  ^~~~~~~~~~~~~
/usr/local/python3.12.13/lib/python3.12/site-packages/torch_npu/include/third_party/op-plugin/op_plugin/utils/op_api_common_base.h:515:98: note: in definition of macro ‘EXEC_NPU_CMD_V1_EXT’
  515 |         auto acl_call = [converted_params, workspace_addr, workspace_size, acl_stream, executor, opApiFuncAddr]()->int {\
      |                                                                                                  ^~~~~~~~~~~~~
/workspace/repos/rwkv-suite-probe-67a5f3be/26_rwkv_inference/wkv7_npu/bridge.cpp:28:5: note: in expansion of macro ‘EXEC_NPU_CMD_EXT’
   28 |     EXEC_NPU_CMD_EXT(aclnnRwkvReferenceWkv7, k, v, w, r, a, b, hi, out, ht);
      |     ^~~~~~~~~~~~~~~~
/usr/local/python3.12.13/lib/python3.12/site-packages/torch_npu/include/third_party/op-plugin/op_plugin/utils/op_api_common_base.h:491:22: note: ‘void* opApiFuncAddr’ declared here
  491 |         static void* opApiFuncAddr = nullptr;                                                                          \
      |                      ^~~~~~~~~~~~~
/usr/local/python3.12.13/lib/python3.12/site-packages/torch_npu/include/third_party/op-plugin/op_plugin/utils/op_api_common_base.h:491:22: note: in definition of macro ‘EXEC_NPU_CMD_V1_EXT’
  491 |         static void* opApiFuncAddr = nullptr;                                                                          \
      |                      ^~~~~~~~~~~~~
/workspace/repos/rwkv-suite-probe-67a5f3be/26_rwkv_inference/wkv7_npu/bridge.cpp:28:5: note: in expansion of macro ‘EXEC_NPU_CMD_EXT’
   28 |     EXEC_NPU_CMD_EXT(aclnnRwkvReferenceWkv7, k, v, w, r, a, b, hi, out, ht);
      |     ^~~~~~~~~~~~~~~~
[2/2] c++ bridge.o -shared -L/usr/local/python3.12.13/lib/python3.12/site-packages/torch_npu/lib -ltorch_npu -L/usr/local/python3.12.13/lib/python3.12/site-packages/torch/lib -lc10 -ltorch_cpu -ltorch -ltorch_python -o rwkv_reference_wkv7_bridge.so
ninja: no work to do.
MEASURED {"task": "ArguAna", "suite": "english", "query_id": "test-health-dhgsshbesbc-con02a", "pairs": 100, "forward_transfer_output_seconds": 5.463569789993926, "prepared_length_min": 565, "prepared_length_max": 757, "scores_sha256": "f263bf9b1e70cf16e274bac831d8abc7a4874bbaee21a163f3800a0746b3da18"}
MEASURED {"task": "CQADupstackGamingRetrieval", "suite": "english", "query_id": "151303", "pairs": 100, "forward_transfer_output_seconds": 3.263825980000547, "prepared_length_min": 166, "prepared_length_max": 310, "scores_sha256": "4a2756577df00b66e9bd516e353df1e55256a848c9dbbb3882c5cf94eeccadff"}
MEASURED {"task": "CQADupstackUnixRetrieval", "suite": "english", "query_id": "25690", "pairs": 100, "forward_transfer_output_seconds": 6.430372589995386, "prepared_length_min": 291, "prepared_length_max": 826, "scores_sha256": "aa7955255474b0bdcdf80616f436a3f631fb6bdca7a9cb7097f757de754465e7"}
MEASURED {"task": "ClimateFEVERHardNegatives", "suite": "english", "query_id": "1627", "pairs": 100, "forward_transfer_output_seconds": 6.458667190003325, "prepared_length_min": 605, "prepared_length_max": 789, "scores_sha256": "520bca5a98931c741a74a513e0392b2ec7f18ffc7ac4310ae1b771a1349721da"}
MEASURED {"task": "FEVERHardNegatives", "suite": "english", "query_id": "146157", "pairs": 100, "forward_transfer_output_seconds": 7.287181010004133, "prepared_length_min": 741, "prepared_length_max": 1076, "scores_sha256": "11e7a2b116471982bd8b7bb965543eafe2142e6f2a7089897b3018d277402281"}
MEASURED {"task": "FiQA2018", "suite": "english", "query_id": "4031", "pairs": 100, "forward_transfer_output_seconds": 6.699326109999674, "prepared_length_min": 421, "prepared_length_max": 809, "scores_sha256": "6748b9183f0ff0c634b66d35c99a43c576e38364c75b60adf636fae349d77ff5"}
MEASURED {"task": "HotpotQAHardNegatives", "suite": "english", "query_id": "5a80522b5542996402f6a4c1", "pairs": 100, "forward_transfer_output_seconds": 3.4190513600042323, "prepared_length_min": 181, "prepared_length_max": 363, "scores_sha256": "d9788f000daa1723f1587eafbd926b6f47341aafe6f156d713b5f446161a932a"}
MEASURED {"task": "SCIDOCS", "suite": "english", "query_id": "33812e0c6b8fdc5e414c5eae760e574e5a81190a", "pairs": 100, "forward_transfer_output_seconds": 6.886993630003417, "prepared_length_min": 310, "prepared_length_max": 1625, "scores_sha256": "70f033e6d2c5dd303ee5c008c3e43315e50b10b27b31ba6d7c1936c8a5bec628"}
MEASURED {"task": "TRECCOVID", "suite": "english", "query_id": "22", "pairs": 100, "forward_transfer_output_seconds": 6.5044537499925354, "prepared_length_min": 419, "prepared_length_max": 1194, "scores_sha256": "de09335623789bf8eec605029b09e9b62a9df5cfde3a7b379d83587573f0d722"}
MEASURED {"task": "Touche2020Retrieval.v3", "suite": "english", "query_id": "22", "pairs": 100, "forward_transfer_output_seconds": 14.266226790001383, "prepared_length_min": 1498, "prepared_length_max": 1857, "scores_sha256": "7331eaeb86289501b4ecc7ae32be1f289cbde40e8c3e38059d61d7bb893dff85"}
MEASURED {"task": "VideoRetrieval", "suite": "chinese", "query_id": "22593", "pairs": 100, "forward_transfer_output_seconds": 3.3509503300010692, "prepared_length_min": 48, "prepared_length_max": 95, "scores_sha256": "a3339ee21f5722006ea13a1e30c2febf7f203708812aef285324765e30c90227"}
MEASURED {"task": "MedicalRetrieval", "suite": "chinese", "query_id": "308", "pairs": 100, "forward_transfer_output_seconds": 4.362835449996055, "prepared_length_min": 181, "prepared_length_max": 574, "scores_sha256": "09eead962597f9f434c933e0c2181c6d49c9817bab14f79ed68413a7f9ecbb0c"}
MEASURED {"task": "MMarcoRetrieval", "suite": "chinese", "query_id": "1091765", "pairs": 100, "forward_transfer_output_seconds": 3.3539355300017633, "prepared_length_min": 173, "prepared_length_max": 231, "scores_sha256": "f98c7774ce45944bf365ac536ffb4b6b51bd83f4f3c9061960e6d002a8d367e6"}
MEASURED {"task": "CmedqaRetrieval", "suite": "chinese", "query_id": "3c49077c5b4b5bd990a41e252dfb9d5e", "pairs": 100, "forward_transfer_output_seconds": 4.100118170012138, "prepared_length_min": 191, "prepared_length_max": 648, "scores_sha256": "ea7a27576ef579a9e747576b826479d49ec383adea6bbdba4895bf2f2b4ecc7a"}
MEASURED {"task": "DuRetrieval", "suite": "chinese", "query_id": "3c1c1372362375b26be387dbc04783e2", "pairs": 100, "forward_transfer_output_seconds": 13.340307720005512, "prepared_length_min": 635, "prepared_length_max": 2048, "scores_sha256": "f2795a57fc96603a2577d96e29dc85943279ed439cc6fad82e925d64d0a5e0ba"}
MEASURED {"task": "CovidRetrieval", "suite": "chinese", "query_id": "3f3ee8b39bac3a2668b523d02d07c426", "pairs": 100, "forward_transfer_output_seconds": 16.672982200005208, "prepared_length_min": 865, "prepared_length_max": 2048, "scores_sha256": "a0c99bcefc128b09375f459479e282979457f324ee31bc8871e2706057a8507d"}
MEASURED {"task": "EcomRetrieval", "suite": "chinese", "query_id": "200233", "pairs": 100, "forward_transfer_output_seconds": 3.300389330004691, "prepared_length_min": 60, "prepared_length_max": 87, "scores_sha256": "9d08e64a00b8215fcbba27bbe25fb4e92fbc8f5003cfb55b62cead44aa4c9a20"}
MEASURED {"task": "T2Retrieval", "suite": "chinese", "query_id": "17377", "pairs": 100, "forward_transfer_output_seconds": 16.829612250003265, "prepared_length_min": 1355, "prepared_length_max": 2048, "scores_sha256": "d4451292d72281db84205450770c7260807491430c767c2f1414008c48031135"}
