Loading weights:   0%|          | 0/858 [00:00<?, ?it/s]Loading weights:  60%|█████▉    | 513/858 [00:00<00:00, 5119.64it/s]Loading weights: 100%|██████████| 858/858 [00:00<00:00, 5207.86it/s]
/workspace/repos/paddle_ocr_vl_npu/09_persistent_page_engine/pipeline/layout_frontend.py:305: UserWarning: Cannot create tensor with interal format while allow_internel_format=False, tensor will be created with base format. (Triggered internally at ../torch_npu/csrc/aten/common/TensorFactories.cpp:340.)
  return pixel_values.to(
{
  "implementation": "owned_pp_doclayout_v3_frontend",
  "paddlex_dependency": false,
  "dataset_json": "/workspace/datasets/OmniDocBench/OmniDocBench.json",
  "dataset_sha256": "a45cd84b04ad8b793e775089640e6b681209abea33ead54c1828ddca35fae496",
  "images_dir": "/workspace/datasets/OmniDocBench/images",
  "offset": 0,
  "count": 1,
  "images": [
    "page-d1561665-5359-42fe-920c-d6e3bff81953.png"
  ],
  "layout_model": "/workspace/models/PP-DocLayoutV3_safetensors",
  "layout_model_backend": "transformers_npugraph",
  "device": "npu:0",
  "graph_capture": false,
  "npu_indexput_compat": true,
  "workers": 1,
  "worker_strategy": "serial",
  "setup_s": 2.074798632063903,
  "setup_by_worker_s": [
    2.0628893099492416
  ],
  "npu_memory_allocated_bytes": {
    "before_setup": 0,
    "after_setup": 136682496,
    "setup_delta": 136682496
  },
  "frontend_wall_s": 0.8914180799620226,
  "pages_per_s": 1.1218080746607735,
  "s_per_page": 0.8914180799620226,
  "stage_totals_s": {
    "file_read_s": 0.0004598880186676979,
    "image_decode_s": 0.09102294698823243,
    "layout_device_mask_postprocess_s": 0.00036590000987052915,
    "layout_device_metadata_postprocess_s": 0.030022619247436523,
    "layout_mask_polygon_cpu_s": 0.05684068601112813,
    "layout_mask_wait_and_d2h_s": 0.0005105489399284124,
    "layout_metadata_wait_and_d2h_s": 0.0017274590209126472,
    "layout_model_device_s": 0.51267041015625,
    "layout_model_submit_s": 0.5115244740154594,
    "layout_postprocess_s": 0.09743824601173401,
    "layout_preprocess_h2d_s": 0.14916032494511455,
    "layout_structural_containment_cpu_s": 0.0006028299685567617,
    "layout_structural_format_cpu_s": 0.00013782293535768986,
    "layout_structural_nms_cpu_s": 0.0009019860299304128,
    "layout_structural_order_cpu_s": 6.055098492652178e-05,
    "layout_structural_overlap_filter_cpu_s": 0.00037035695277154446,
    "layout_structural_page_image_filter_cpu_s": 6.776105146855116e-05,
    "layout_structural_polygon_normalize_cpu_s": 0.003745923051610589,
    "layout_structural_postprocess_cpu_s": 0.007143400958739221,
    "layout_structural_result_build_cpu_s": 0.0009503359906375408,
    "layout_structural_sort_cpu_s": 3.145099617540836e-05,
    "layout_structural_threshold_cpu_s": 0.00013717205729335546,
    "page_preparation_s": 0.040872373967431486,
    "page_total_s": 0.8908320409245789
  },
  "requests": 15,
  "requests_per_page": {
    "min": 15,
    "mean": 15.0,
    "max": 15
  },
  "prompt_counts": {
    "Formula Recognition:": 4,
    "OCR:": 11
  },
  "crop_pixels": 1348242,
  "crop_bytes": 4044726,
  "request_manifest": "/workspace/repos/paddle_ocr_vl_npu/tmp/09_persistent_page_engine/layout_indexing_910b_c291c2e/patched_eager/output/requests.jsonl",
  "request_manifest_sha256": "bd2f28a28d5cc2ae97ebcf91c453c5ac9647d92635de233d346a5513972014b5",
  "reference_comparison": {
    "path": "/workspace/repos/paddle_ocr_vl_npu/tmp/09_persistent_page_engine/layout_indexput_patch_910b_f7edd1b/baseline_eager/output/requests.jsonl",
    "sha256": "bd2f28a28d5cc2ae97ebcf91c453c5ac9647d92635de233d346a5513972014b5",
    "exact": true
  },
  "layout_mask_rectangle_fast_path": {
    "calls": 1,
    "detections": 27,
    "rectangle_fast_paths": 20,
    "fallbacks": 7,
    "coverage": 0.7407407407407407,
    "wall_s": 0.056732654,
    "predicate_s": 0.000935977,
    "fallback_s": 0.055521304
  },
  "page_statistics": [
    {
      "page": "page-d1561665-5359-42fe-920c-d6e3bff81953.png",
      "raw_layout_boxes": 15,
      "filtered_layout_boxes": 15,
      "merged_blocks": 15,
      "requests": 15,
      "timing_s": {
        "file_read_s": 0.0004598880186676979,
        "image_decode_s": 0.09102294698823243,
        "layout_preprocess_h2d_s": 0.14916032494511455,
        "layout_model_submit_s": 0.5115244740154594,
        "layout_metadata_wait_and_d2h_s": 0.0017274590209126472,
        "layout_mask_wait_and_d2h_s": 0.0005105489399284124,
        "layout_mask_polygon_cpu_s": 0.05684068601112813,
        "layout_model_device_s": 0.51267041015625,
        "layout_device_metadata_postprocess_s": 0.030022619247436523,
        "layout_device_mask_postprocess_s": 0.00036590000987052915,
        "layout_structural_format_cpu_s": 0.00013782293535768986,
        "layout_structural_threshold_cpu_s": 0.00013717205729335546,
        "layout_structural_nms_cpu_s": 0.0009019860299304128,
        "layout_structural_page_image_filter_cpu_s": 6.776105146855116e-05,
        "layout_structural_containment_cpu_s": 0.0006028299685567617,
        "layout_structural_sort_cpu_s": 3.145099617540836e-05,
        "layout_structural_polygon_normalize_cpu_s": 0.003745923051610589,
        "layout_structural_result_build_cpu_s": 0.0009503359906375408,
        "layout_structural_overlap_filter_cpu_s": 0.00037035695277154446,
        "layout_structural_order_cpu_s": 6.055098492652178e-05,
        "layout_structural_postprocess_cpu_s": 0.007143400958739221,
        "layout_postprocess_s": 0.09743824601173401,
        "page_preparation_s": 0.040872373967431486,
        "page_total_s": 0.8908320409245789
      }
    }
  ],
  "timeline": {
    "enabled": false,
    "event_count": 0,
    "trace_json": null,
    "html": null
  }
}
summary=/workspace/repos/paddle_ocr_vl_npu/tmp/09_persistent_page_engine/layout_indexing_910b_c291c2e/patched_eager/output/run_summary.json
