nohup: ignoring input
2026-09-06T06:49:33+08:00
	NPU ID                         : 6
	Chip Count                     : 1

	No process in device.
	Chip ID                        : 0

2026-09-06T06:49:39+08:00
	NPU ID                         : 6
	Chip Count                     : 1

	No process in device.
	Chip ID                        : 0

2026-09-06T06:49:44+08:00
	NPU ID                         : 6
	Chip Count                     : 1

	No process in device.
	Chip ID                        : 0

2026-09-06T06:49:50+08:00
	NPU ID                         : 6
	Chip Count                     : 1

	No process in device.
	Chip ID                        : 0

2026-09-06T06:49:55+08:00
	NPU ID                         : 6
	Chip Count                     : 1

	No process in device.
	Chip ID                        : 0

2026-09-06T06:50:01+08:00
	NPU ID                         : 6
	Chip Count                     : 1

	No process in device.
	Chip ID                        : 0

2026-09-06T06:50:06+08:00
	NPU ID                         : 6
	Chip Count                     : 1

	No process in device.
	Chip ID                        : 0

2026-09-06T06:50:12+08:00
	NPU ID                         : 6
	Chip Count                     : 1

	No process in device.
	Chip ID                        : 0

2026-09-06T06:50:18+08:00
	NPU ID                         : 6
	Chip Count                     : 1

	No process in device.
	Chip ID                        : 0

2026-09-06T06:50:23+08:00
	NPU ID                         : 6
	Chip Count                     : 1

	No process in device.
	Chip ID                        : 0

2026-09-06T06:50:29+08:00
	NPU ID                         : 6
	Chip Count                     : 1

	No process in device.
	Chip ID                        : 0

2026-09-06T06:50:34+08:00
	NPU ID                         : 6
	Chip Count                     : 1

	Process id:1940352 Process name:python            Process memory(MB):105
	Chip ID                        : 0

2026-09-06T06:50:40+08:00
	NPU ID                         : 6
	Chip Count                     : 1

	Process id:1940352 Process name:python            Process memory(MB):105
	Chip ID                        : 0

2026-09-06T06:50:45+08:00
	NPU ID                         : 6
	Chip Count                     : 1

	Process id:1940352 Process name:python            Process memory(MB):3855
	Chip ID                        : 0

2026-09-06T06:50:51+08:00
	NPU ID                         : 6
	Chip Count                     : 1

	Process id:1940352 Process name:python            Process memory(MB):3855
	Chip ID                        : 0

2026-09-06T06:50:56+08:00
	NPU ID                         : 6
	Chip Count                     : 1

	Process id:1940352 Process name:python            Process memory(MB):3855
	Chip ID                        : 0

2026-09-06T06:51:02+08:00
	NPU ID                         : 6
	Chip Count                     : 1

	Process id:1940352 Process name:python            Process memory(MB):3857
	Chip ID                        : 0

2026-09-06T06:51:07+08:00
	NPU ID                         : 6
	Chip Count                     : 1

	Process id:1940352 Process name:python            Process memory(MB):3857
	Chip ID                        : 0

2026-09-06T06:51:13+08:00
	NPU ID                         : 6
	Chip Count                     : 1

	Process id:1940352 Process name:python            Process memory(MB):3867
	Chip ID                        : 0

2026-09-06T06:51:18+08:00
	NPU ID                         : 6
	Chip Count                     : 1

	Process id:1940352 Process name:python            Process memory(MB):3867
	Chip ID                        : 0

2026-09-06T06:51:24+08:00
	NPU ID                         : 6
	Chip Count                     : 1

	Process id:1940352 Process name:python            Process memory(MB):3867
	Chip ID                        : 0

2026-09-06T06:51:29+08:00
	NPU ID                         : 6
	Chip Count                     : 1

	Process id:1940352 Process name:python            Process memory(MB):3869
	Chip ID                        : 0

2026-09-06T06:51:35+08:00
	NPU ID                         : 6
	Chip Count                     : 1

	Process id:1940352 Process name:python            Process memory(MB):3869
	Chip ID                        : 0

2026-09-06T06:51:40+08:00
	NPU ID                         : 6
	Chip Count                     : 1

	Process id:1940352 Process name:python            Process memory(MB):3869
	Chip ID                        : 0

2026-09-06T06:51:46+08:00
	NPU ID                         : 6
	Chip Count                     : 1

	Process id:1940352 Process name:python            Process memory(MB):3869
	Chip ID                        : 0

2026-09-06T06:51:51+08:00
	NPU ID                         : 6
	Chip Count                     : 1

	Process id:1940352 Process name:python            Process memory(MB):3871
	Chip ID                        : 0

2026-09-06T06:51:57+08:00
	NPU ID                         : 6
	Chip Count                     : 1

	Process id:1940352 Process name:python            Process memory(MB):3871
	Chip ID                        : 0

2026-09-06T06:52:02+08:00
	NPU ID                         : 6
	Chip Count                     : 1

	Process id:1940352 Process name:python            Process memory(MB):3871
	Chip ID                        : 0

2026-09-06T06:52:08+08:00
	NPU ID                         : 6
	Chip Count                     : 1

	Process id:1940352 Process name:python            Process memory(MB):3873
	Chip ID                        : 0

2026-09-06T06:52:13+08:00
	NPU ID                         : 6
	Chip Count                     : 1

	Process id:1940352 Process name:python            Process memory(MB):3873
	Chip ID                        : 0

2026-09-06T06:52:19+08:00
	NPU ID                         : 6
	Chip Count                     : 1

	Process id:1940352 Process name:python            Process memory(MB):3873
	Chip ID                        : 0

2026-09-06T06:52:24+08:00
	NPU ID                         : 6
	Chip Count                     : 1

	Process id:1940352 Process name:python            Process memory(MB):3873
	Chip ID                        : 0

2026-09-06T06:52:30+08:00
	NPU ID                         : 6
	Chip Count                     : 1

	Process id:1940352 Process name:python            Process memory(MB):3875
	Chip ID                        : 0

2026-09-06T06:52:35+08:00
	NPU ID                         : 6
	Chip Count                     : 1

	Process id:1940352 Process name:python            Process memory(MB):3875
	Chip ID                        : 0

2026-09-06T06:52:41+08:00
	NPU ID                         : 6
	Chip Count                     : 1

	Process id:1940352 Process name:python            Process memory(MB):3875
	Chip ID                        : 0

2026-09-06T06:52:46+08:00
	NPU ID                         : 6
	Chip Count                     : 1

	Process id:1940352 Process name:python            Process memory(MB):3875
	Chip ID                        : 0

2026-09-06T06:52:52+08:00
	NPU ID                         : 6
	Chip Count                     : 1

	Process id:1940352 Process name:python            Process memory(MB):3879
	Chip ID                        : 0

2026-09-06T06:52:58+08:00
	NPU ID                         : 6
	Chip Count                     : 1

	Process id:1940352 Process name:python            Process memory(MB):3879
	Chip ID                        : 0

2026-09-06T06:53:03+08:00
	NPU ID                         : 6
	Chip Count                     : 1

	Process id:1940352 Process name:python            Process memory(MB):3879
	Chip ID                        : 0

2026-09-06T06:53:09+08:00
	NPU ID                         : 6
	Chip Count                     : 1

	Process id:1940352 Process name:python            Process memory(MB):3881
	Chip ID                        : 0

2026-09-06T06:53:14+08:00
	NPU ID                         : 6
	Chip Count                     : 1

	Process id:1940352 Process name:python            Process memory(MB):3881
	Chip ID                        : 0

2026-09-06T06:53:20+08:00
	NPU ID                         : 6
	Chip Count                     : 1

	Process id:1940352 Process name:python            Process memory(MB):3881
	Chip ID                        : 0

2026-09-06T06:53:25+08:00
	NPU ID                         : 6
	Chip Count                     : 1

	Process id:1940352 Process name:python            Process memory(MB):3881
	Chip ID                        : 0

2026-09-06T06:53:31+08:00
	NPU ID                         : 6
	Chip Count                     : 1

	Process id:1940352 Process name:python            Process memory(MB):3883
	Chip ID                        : 0

2026-09-06T06:53:36+08:00
	NPU ID                         : 6
	Chip Count                     : 1

	Process id:1940352 Process name:python            Process memory(MB):3883
	Chip ID                        : 0

2026-09-06T06:53:42+08:00
	NPU ID                         : 6
	Chip Count                     : 1

	Process id:1940352 Process name:python            Process memory(MB):3883
	Chip ID                        : 0

2026-09-06T06:53:47+08:00
	NPU ID                         : 6
	Chip Count                     : 1

	Process id:1940352 Process name:python            Process memory(MB):4009
	Chip ID                        : 0

2026-09-06T06:53:53+08:00
	NPU ID                         : 6
	Chip Count                     : 1

	Process id:1940352 Process name:python            Process memory(MB):4009
	Chip ID                        : 0

2026-09-06T06:53:58+08:00
	NPU ID                         : 6
	Chip Count                     : 1

	Process id:1940352 Process name:python            Process memory(MB):4009
	Chip ID                        : 0

2026-09-06T06:54:04+08:00
	NPU ID                         : 6
	Chip Count                     : 1

	Process id:1940352 Process name:python            Process memory(MB):4009
	Chip ID                        : 0

2026-09-06T06:54:09+08:00
	NPU ID                         : 6
	Chip Count                     : 1

	Process id:1940352 Process name:python            Process memory(MB):4179
	Chip ID                        : 0

2026-09-06T06:54:15+08:00
	NPU ID                         : 6
	Chip Count                     : 1

	Process id:1940352 Process name:python            Process memory(MB):6895
	Chip ID                        : 0

2026-09-06T06:54:20+08:00
	NPU ID                         : 6
	Chip Count                     : 1

	Process id:1940352 Process name:python            Process memory(MB):6895
	Chip ID                        : 0

2026-09-06T06:54:26+08:00
	NPU ID                         : 6
	Chip Count                     : 1

	Process id:1940352 Process name:python            Process memory(MB):6895
	Chip ID                        : 0

2026-09-06T06:54:31+08:00
	NPU ID                         : 6
	Chip Count                     : 1

	Process id:1940352 Process name:python            Process memory(MB):6895
	Chip ID                        : 0

2026-09-06T06:54:37+08:00
	NPU ID                         : 6
	Chip Count                     : 1

	Process id:1940352 Process name:python            Process memory(MB):6895
	Chip ID                        : 0

2026-09-06T06:54:42+08:00
	NPU ID                         : 6
	Chip Count                     : 1

	Process id:1940352 Process name:python            Process memory(MB):6895
	Chip ID                        : 0

2026-09-06T06:54:48+08:00
	NPU ID                         : 6
	Chip Count                     : 1

	Process id:1940352 Process name:python            Process memory(MB):6895
	Chip ID                        : 0

2026-09-06T06:54:53+08:00
	NPU ID                         : 6
	Chip Count                     : 1

	Process id:1940352 Process name:python            Process memory(MB):6895
	Chip ID                        : 0

2026-09-06T06:54:59+08:00
	NPU ID                         : 6
	Chip Count                     : 1

	Process id:1940352 Process name:python            Process memory(MB):6895
	Chip ID                        : 0

2026-09-06T06:55:04+08:00
	NPU ID                         : 6
	Chip Count                     : 1

	Process id:1940352 Process name:python            Process memory(MB):6895
	Chip ID                        : 0

2026-09-06T06:55:10+08:00
	NPU ID                         : 6
	Chip Count                     : 1

	Process id:1940352 Process name:python            Process memory(MB):6961
	Chip ID                        : 0

2026-09-06T06:55:15+08:00
	NPU ID                         : 6
	Chip Count                     : 1

	Process id:1940352 Process name:python            Process memory(MB):6961
	Chip ID                        : 0

2026-09-06T06:55:21+08:00
	NPU ID                         : 6
	Chip Count                     : 1

	Process id:1940352 Process name:python            Process memory(MB):6965
	Chip ID                        : 0

2026-09-06T06:55:26+08:00
	NPU ID                         : 6
	Chip Count                     : 1

	Process id:1940352 Process name:python            Process memory(MB):6965
	Chip ID                        : 0

2026-09-06T06:55:32+08:00
	NPU ID                         : 6
	Chip Count                     : 1

	Process id:1940352 Process name:python            Process memory(MB):6965
	Chip ID                        : 0

2026-09-06T06:55:38+08:00
	NPU ID                         : 6
	Chip Count                     : 1

	Process id:1940352 Process name:python            Process memory(MB):6965
	Chip ID                        : 0

2026-09-06T06:55:43+08:00
	NPU ID                         : 6
	Chip Count                     : 1

	Process id:1940352 Process name:python            Process memory(MB):6973
	Chip ID                        : 0

2026-09-06T06:55:49+08:00
	NPU ID                         : 6
	Chip Count                     : 1

	Process id:1940352 Process name:python            Process memory(MB):6973
	Chip ID                        : 0

2026-09-06T06:55:54+08:00
	NPU ID                         : 6
	Chip Count                     : 1

	Process id:1940352 Process name:python            Process memory(MB):6973
	Chip ID                        : 0

2026-09-06T06:56:00+08:00
	NPU ID                         : 6
	Chip Count                     : 1

	Process id:1940352 Process name:python            Process memory(MB):6973
	Chip ID                        : 0

2026-09-06T06:56:05+08:00
	NPU ID                         : 6
	Chip Count                     : 1

	Process id:1940352 Process name:python            Process memory(MB):6973
	Chip ID                        : 0

2026-09-06T06:56:11+08:00
	NPU ID                         : 6
	Chip Count                     : 1

	Process id:1940352 Process name:python            Process memory(MB):6973
	Chip ID                        : 0

2026-09-06T06:56:16+08:00
	NPU ID                         : 6
	Chip Count                     : 1

	Process id:1940352 Process name:python            Process memory(MB):6973
	Chip ID                        : 0

2026-09-06T06:56:22+08:00
	NPU ID                         : 6
	Chip Count                     : 1

	Process id:1940352 Process name:python            Process memory(MB):6973
	Chip ID                        : 0

2026-09-06T06:56:27+08:00
	NPU ID                         : 6
	Chip Count                     : 1

	Process id:1940352 Process name:python            Process memory(MB):6973
	Chip ID                        : 0

2026-09-06T06:56:33+08:00
	NPU ID                         : 6
	Chip Count                     : 1

	Process id:1940352 Process name:python            Process memory(MB):6973
	Chip ID                        : 0

2026-09-06T06:56:38+08:00
	NPU ID                         : 6
	Chip Count                     : 1

	Process id:1940352 Process name:python            Process memory(MB):6973
	Chip ID                        : 0

2026-09-06T06:56:44+08:00
	NPU ID                         : 6
	Chip Count                     : 1

	Process id:1940352 Process name:python            Process memory(MB):6973
	Chip ID                        : 0

2026-09-06T06:56:49+08:00
	NPU ID                         : 6
	Chip Count                     : 1

	Process id:1940352 Process name:python            Process memory(MB):6973
	Chip ID                        : 0

2026-09-06T06:56:55+08:00
	NPU ID                         : 6
	Chip Count                     : 1

	Process id:1940352 Process name:python            Process memory(MB):6973
	Chip ID                        : 0

2026-09-06T06:57:00+08:00
	NPU ID                         : 6
	Chip Count                     : 1

	Process id:1940352 Process name:python            Process memory(MB):6973
	Chip ID                        : 0

2026-09-06T06:57:06+08:00
	NPU ID                         : 6
	Chip Count                     : 1

	Process id:1940352 Process name:python            Process memory(MB):6973
	Chip ID                        : 0

2026-09-06T06:57:11+08:00
	NPU ID                         : 6
	Chip Count                     : 1

	Process id:1940352 Process name:python            Process memory(MB):6973
	Chip ID                        : 0

2026-09-06T06:57:17+08:00
	NPU ID                         : 6
	Chip Count                     : 1

	Process id:1940352 Process name:python            Process memory(MB):6973
	Chip ID                        : 0

2026-09-06T06:57:22+08:00
	NPU ID                         : 6
	Chip Count                     : 1

	Process id:1940352 Process name:python            Process memory(MB):6973
	Chip ID                        : 0

2026-09-06T06:57:28+08:00
	NPU ID                         : 6
	Chip Count                     : 1

	No process in device.
	Chip ID                        : 0

2026-09-06T06:57:33+08:00
	NPU ID                         : 6
	Chip Count                     : 1

	No process in device.
	Chip ID                        : 0

2026-09-06T06:57:39+08:00
	NPU ID                         : 6
	Chip Count                     : 1

	Process id:1948264 Process name:python            Process memory(MB):105
	Chip ID                        : 0

2026-09-06T06:57:44+08:00
	NPU ID                         : 6
	Chip Count                     : 1

	Process id:1948264 Process name:python            Process memory(MB):105
	Chip ID                        : 0

2026-09-06T06:57:50+08:00
	NPU ID                         : 6
	Chip Count                     : 1

	Process id:1948264 Process name:python            Process memory(MB):3855
	Chip ID                        : 0

2026-09-06T06:57:55+08:00
	NPU ID                         : 6
	Chip Count                     : 1

	Process id:1948264 Process name:python            Process memory(MB):3855
	Chip ID                        : 0

2026-09-06T06:58:01+08:00
	NPU ID                         : 6
	Chip Count                     : 1

	Process id:1948264 Process name:python            Process memory(MB):4009
	Chip ID                        : 0

2026-09-06T06:58:06+08:00
	NPU ID                         : 6
	Chip Count                     : 1

	Process id:1948264 Process name:python            Process memory(MB):6895
	Chip ID                        : 0

2026-09-06T06:58:12+08:00
	NPU ID                         : 6
	Chip Count                     : 1

	Process id:1948264 Process name:python            Process memory(MB):6895
	Chip ID                        : 0

2026-09-06T06:58:18+08:00
	NPU ID                         : 6
	Chip Count                     : 1

	Process id:1948264 Process name:python            Process memory(MB):6895
	Chip ID                        : 0

2026-09-06T06:58:23+08:00
	NPU ID                         : 6
	Chip Count                     : 1

	Process id:1948264 Process name:python            Process memory(MB):6895
	Chip ID                        : 0

2026-09-06T06:58:29+08:00
	NPU ID                         : 6
	Chip Count                     : 1

	Process id:1948264 Process name:python            Process memory(MB):6895
	Chip ID                        : 0

2026-09-06T06:58:34+08:00
	NPU ID                         : 6
	Chip Count                     : 1

	Process id:1948264 Process name:python            Process memory(MB):6895
	Chip ID                        : 0

2026-09-06T06:58:40+08:00
	NPU ID                         : 6
	Chip Count                     : 1

	Process id:1948264 Process name:python            Process memory(MB):6953
	Chip ID                        : 0

2026-09-06T06:58:45+08:00
	NPU ID                         : 6
	Chip Count                     : 1

	Process id:1948264 Process name:python            Process memory(MB):6961
	Chip ID                        : 0

2026-09-06T06:58:51+08:00
	NPU ID                         : 6
	Chip Count                     : 1

	Process id:1948264 Process name:python            Process memory(MB):6961
	Chip ID                        : 0

2026-09-06T06:58:56+08:00
	NPU ID                         : 6
	Chip Count                     : 1

	Process id:1948264 Process name:python            Process memory(MB):6961
	Chip ID                        : 0

2026-09-06T06:59:02+08:00
	NPU ID                         : 6
	Chip Count                     : 1

	Process id:1948264 Process name:python            Process memory(MB):6961
	Chip ID                        : 0

2026-09-06T06:59:07+08:00
	NPU ID                         : 6
	Chip Count                     : 1

	Process id:1948264 Process name:python            Process memory(MB):6961
	Chip ID                        : 0

2026-09-06T06:59:13+08:00
	NPU ID                         : 6
	Chip Count                     : 1

	Process id:1948264 Process name:python            Process memory(MB):6961
	Chip ID                        : 0

2026-09-06T06:59:18+08:00
	NPU ID                         : 6
	Chip Count                     : 1

	Process id:1948264 Process name:python            Process memory(MB):6987
	Chip ID                        : 0

2026-09-06T06:59:24+08:00
	NPU ID                         : 6
	Chip Count                     : 1

	Process id:1948264 Process name:python            Process memory(MB):6987
	Chip ID                        : 0

2026-09-06T06:59:29+08:00
	NPU ID                         : 6
	Chip Count                     : 1

	Process id:1948264 Process name:python            Process memory(MB):6987
	Chip ID                        : 0

2026-09-06T06:59:35+08:00
	NPU ID                         : 6
	Chip Count                     : 1

	Process id:1948264 Process name:python            Process memory(MB):6987
	Chip ID                        : 0

2026-09-06T06:59:40+08:00
	NPU ID                         : 6
	Chip Count                     : 1

	Process id:1948264 Process name:python            Process memory(MB):6987
	Chip ID                        : 0

2026-09-06T06:59:46+08:00
	NPU ID                         : 6
	Chip Count                     : 1

	Process id:1948264 Process name:python            Process memory(MB):6987
	Chip ID                        : 0

2026-09-06T06:59:51+08:00
	NPU ID                         : 6
	Chip Count                     : 1

	Process id:1948264 Process name:python            Process memory(MB):6987
	Chip ID                        : 0

2026-09-06T06:59:57+08:00
	NPU ID                         : 6
	Chip Count                     : 1

	Process id:1948264 Process name:python            Process memory(MB):6987
	Chip ID                        : 0

2026-09-06T07:00:02+08:00
	NPU ID                         : 6
	Chip Count                     : 1

	Process id:1948264 Process name:python            Process memory(MB):6987
	Chip ID                        : 0

2026-09-06T07:00:08+08:00
	NPU ID                         : 6
	Chip Count                     : 1

	Process id:1948264 Process name:python            Process memory(MB):6987
	Chip ID                        : 0

2026-09-06T07:00:13+08:00
	NPU ID                         : 6
	Chip Count                     : 1

	Process id:1948264 Process name:python            Process memory(MB):6987
	Chip ID                        : 0

2026-09-06T07:00:19+08:00
	NPU ID                         : 6
	Chip Count                     : 1

	Process id:1948264 Process name:python            Process memory(MB):6987
	Chip ID                        : 0

2026-09-06T07:00:24+08:00
	NPU ID                         : 6
	Chip Count                     : 1

	Process id:1948264 Process name:python            Process memory(MB):6987
	Chip ID                        : 0

2026-09-06T07:00:30+08:00
	NPU ID                         : 6
	Chip Count                     : 1

	Process id:1948264 Process name:python            Process memory(MB):6987
	Chip ID                        : 0

2026-09-06T07:00:35+08:00
	NPU ID                         : 6
	Chip Count                     : 1

	Process id:1948264 Process name:python            Process memory(MB):6987
	Chip ID                        : 0

2026-09-06T07:00:41+08:00
	NPU ID                         : 6
	Chip Count                     : 1

	Process id:1948264 Process name:python            Process memory(MB):6987
	Chip ID                        : 0

2026-09-06T07:00:46+08:00
	NPU ID                         : 6
	Chip Count                     : 1

	Process id:1948264 Process name:python            Process memory(MB):6987
	Chip ID                        : 0

2026-09-06T07:00:52+08:00
	NPU ID                         : 6
	Chip Count                     : 1

	Process id:1948264 Process name:python            Process memory(MB):6987
	Chip ID                        : 0

2026-09-06T07:00:57+08:00
	NPU ID                         : 6
	Chip Count                     : 1

	Process id:1948264 Process name:python            Process memory(MB):6987
	Chip ID                        : 0

2026-09-06T07:01:03+08:00
	NPU ID                         : 6
	Chip Count                     : 1

	Process id:1948264 Process name:python            Process memory(MB):6987
	Chip ID                        : 0

2026-09-06T07:01:08+08:00
	NPU ID                         : 6
	Chip Count                     : 1

	Process id:1948264 Process name:python            Process memory(MB):6987
	Chip ID                        : 0

2026-09-06T07:01:14+08:00
	NPU ID                         : 6
	Chip Count                     : 1

	Process id:1948264 Process name:python            Process memory(MB):6987
	Chip ID                        : 0

2026-09-06T07:01:20+08:00
	NPU ID                         : 6
	Chip Count                     : 1

	Process id:1948264 Process name:python            Process memory(MB):6987
	Chip ID                        : 0

2026-09-06T07:01:25+08:00
	NPU ID                         : 6
	Chip Count                     : 1

	Process id:1948264 Process name:python            Process memory(MB):245
	Chip ID                        : 0

2026-09-06T07:01:31+08:00
	NPU ID                         : 6
	Chip Count                     : 1

	No process in device.
	Chip ID                        : 0

2026-09-06T07:01:36+08:00
	NPU ID                         : 6
	Chip Count                     : 1

	No process in device.
	Chip ID                        : 0

2026-09-06T07:01:42+08:00
	NPU ID                         : 6
	Chip Count                     : 1

	Process id:1951641 Process name:python            Process memory(MB):105
	Chip ID                        : 0

2026-09-06T07:01:47+08:00
	NPU ID                         : 6
	Chip Count                     : 1

	Process id:1951641 Process name:python            Process memory(MB):105
	Chip ID                        : 0

2026-09-06T07:01:53+08:00
	NPU ID                         : 6
	Chip Count                     : 1

	Process id:1951641 Process name:python            Process memory(MB):3855
	Chip ID                        : 0

2026-09-06T07:01:58+08:00
	NPU ID                         : 6
	Chip Count                     : 1

	Process id:1951641 Process name:python            Process memory(MB):3865
	Chip ID                        : 0

2026-09-06T07:02:04+08:00
	NPU ID                         : 6
	Chip Count                     : 1

	Process id:1951641 Process name:python            Process memory(MB):4173
	Chip ID                        : 0

2026-09-06T07:02:09+08:00
	NPU ID                         : 6
	Chip Count                     : 1

	Process id:1951641 Process name:python            Process memory(MB):6895
	Chip ID                        : 0

2026-09-06T07:02:15+08:00
	NPU ID                         : 6
	Chip Count                     : 1

	Process id:1951641 Process name:python            Process memory(MB):6895
	Chip ID                        : 0

2026-09-06T07:02:20+08:00
	NPU ID                         : 6
	Chip Count                     : 1

	Process id:1951641 Process name:python            Process memory(MB):6895
	Chip ID                        : 0

2026-09-06T07:02:26+08:00
	NPU ID                         : 6
	Chip Count                     : 1

	Process id:1951641 Process name:python            Process memory(MB):6895
	Chip ID                        : 0

2026-09-06T07:02:31+08:00
	NPU ID                         : 6
	Chip Count                     : 1

	Process id:1951641 Process name:python            Process memory(MB):6895
	Chip ID                        : 0

2026-09-06T07:02:37+08:00
	NPU ID                         : 6
	Chip Count                     : 1

	Process id:1951641 Process name:python            Process memory(MB):6895
	Chip ID                        : 0

2026-09-06T07:02:42+08:00
	NPU ID                         : 6
	Chip Count                     : 1

	Process id:1951641 Process name:python            Process memory(MB):6927
	Chip ID                        : 0

2026-09-06T07:02:48+08:00
	NPU ID                         : 6
	Chip Count                     : 1

	Process id:1951641 Process name:python            Process memory(MB):6927
	Chip ID                        : 0

2026-09-06T07:02:53+08:00
	NPU ID                         : 6
	Chip Count                     : 1

	Process id:1951641 Process name:python            Process memory(MB):6927
	Chip ID                        : 0

2026-09-06T07:02:59+08:00
	NPU ID                         : 6
	Chip Count                     : 1

	Process id:1951641 Process name:python            Process memory(MB):6927
	Chip ID                        : 0

2026-09-06T07:03:04+08:00
	NPU ID                         : 6
	Chip Count                     : 1

	Process id:1951641 Process name:python            Process memory(MB):6927
	Chip ID                        : 0

2026-09-06T07:03:10+08:00
	NPU ID                         : 6
	Chip Count                     : 1

	Process id:1951641 Process name:python            Process memory(MB):6927
	Chip ID                        : 0

2026-09-06T07:03:15+08:00
	NPU ID                         : 6
	Chip Count                     : 1

	Process id:1951641 Process name:python            Process memory(MB):6927
	Chip ID                        : 0

2026-09-06T07:03:21+08:00
	NPU ID                         : 6
	Chip Count                     : 1

	Process id:1951641 Process name:python            Process memory(MB):6927
	Chip ID                        : 0

2026-09-06T07:03:26+08:00
	NPU ID                         : 6
	Chip Count                     : 1

	Process id:1951641 Process name:python            Process memory(MB):6927
	Chip ID                        : 0

2026-09-06T07:03:32+08:00
	NPU ID                         : 6
	Chip Count                     : 1

	Process id:1951641 Process name:python            Process memory(MB):6927
	Chip ID                        : 0

2026-09-06T07:03:37+08:00
	NPU ID                         : 6
	Chip Count                     : 1

	Process id:1951641 Process name:python            Process memory(MB):6927
	Chip ID                        : 0

2026-09-06T07:03:43+08:00
	NPU ID                         : 6
	Chip Count                     : 1

	Process id:1951641 Process name:python            Process memory(MB):6927
	Chip ID                        : 0

2026-09-06T07:03:48+08:00
	NPU ID                         : 6
	Chip Count                     : 1

	Process id:1951641 Process name:python            Process memory(MB):6927
	Chip ID                        : 0

2026-09-06T07:03:54+08:00
	NPU ID                         : 6
	Chip Count                     : 1

	Process id:1951641 Process name:python            Process memory(MB):6927
	Chip ID                        : 0

2026-09-06T07:04:00+08:00
	NPU ID                         : 6
	Chip Count                     : 1

	Process id:1951641 Process name:python            Process memory(MB):6927
	Chip ID                        : 0

2026-09-06T07:04:05+08:00
	NPU ID                         : 6
	Chip Count                     : 1

	Process id:1951641 Process name:python            Process memory(MB):6927
	Chip ID                        : 0

2026-09-06T07:04:11+08:00
	NPU ID                         : 6
	Chip Count                     : 1

	Process id:1951641 Process name:python            Process memory(MB):6927
	Chip ID                        : 0

2026-09-06T07:04:16+08:00
	NPU ID                         : 6
	Chip Count                     : 1

	Process id:1951641 Process name:python            Process memory(MB):6927
	Chip ID                        : 0

2026-09-06T07:04:22+08:00
	NPU ID                         : 6
	Chip Count                     : 1

	Process id:1951641 Process name:python            Process memory(MB):6927
	Chip ID                        : 0

2026-09-06T07:04:27+08:00
	NPU ID                         : 6
	Chip Count                     : 1

	Process id:1951641 Process name:python            Process memory(MB):6927
	Chip ID                        : 0

2026-09-06T07:04:33+08:00
	NPU ID                         : 6
	Chip Count                     : 1

	Process id:1951641 Process name:python            Process memory(MB):6927
	Chip ID                        : 0

2026-09-06T07:04:38+08:00
	NPU ID                         : 6
	Chip Count                     : 1

	Process id:1951641 Process name:python            Process memory(MB):6927
	Chip ID                        : 0

2026-09-06T07:04:44+08:00
	NPU ID                         : 6
	Chip Count                     : 1

	Process id:1951641 Process name:python            Process memory(MB):6927
	Chip ID                        : 0

2026-09-06T07:04:49+08:00
	NPU ID                         : 6
	Chip Count                     : 1

	Process id:1951641 Process name:python            Process memory(MB):6927
	Chip ID                        : 0

2026-09-06T07:04:55+08:00
	NPU ID                         : 6
	Chip Count                     : 1

	Process id:1951641 Process name:python            Process memory(MB):6927
	Chip ID                        : 0

2026-09-06T07:05:00+08:00
	NPU ID                         : 6
	Chip Count                     : 1

	Process id:1951641 Process name:python            Process memory(MB):6927
	Chip ID                        : 0

2026-09-06T07:05:06+08:00
	NPU ID                         : 6
	Chip Count                     : 1

	Process id:1951641 Process name:python            Process memory(MB):6927
	Chip ID                        : 0

2026-09-06T07:05:11+08:00
	NPU ID                         : 6
	Chip Count                     : 1

	Process id:1951641 Process name:python            Process memory(MB):243
	Chip ID                        : 0

2026-09-06T07:05:17+08:00
	NPU ID                         : 6
	Chip Count                     : 1

	No process in device.
	Chip ID                        : 0

2026-09-06T07:05:22+08:00
	NPU ID                         : 6
	Chip Count                     : 1

	No process in device.
	Chip ID                        : 0

2026-09-06T07:05:28+08:00
	NPU ID                         : 6
	Chip Count                     : 1

	No process in device.
	Chip ID                        : 0

2026-09-06T07:05:33+08:00
	NPU ID                         : 6
	Chip Count                     : 1

	No process in device.
	Chip ID                        : 0

2026-09-06T07:05:39+08:00
	NPU ID                         : 6
	Chip Count                     : 1

	No process in device.
	Chip ID                        : 0

2026-09-06T07:05:44+08:00
	NPU ID                         : 6
	Chip Count                     : 1

	No process in device.
	Chip ID                        : 0

2026-09-06T07:05:50+08:00
	NPU ID                         : 6
	Chip Count                     : 1

	No process in device.
	Chip ID                        : 0

2026-09-06T07:05:55+08:00
	NPU ID                         : 6
	Chip Count                     : 1

	No process in device.
	Chip ID                        : 0

