b2-trimmed API ready worker_pid=79027; preloading 100 distinct crops for 100 requests
b2-trimmed crops preloaded 50/100
b2-trimmed crops preloaded 100/100
b2-trimmed payloads ready bytes=34840674
SEND b2-trimmed 01/100 table=page_000287_table_box_id_8 active=1
SEND b2-trimmed 02/100 table=page_001367_table_51 active=2
RECV b2-trimmed 02/100 rank=65 id=page_001367_table_51 latency=0.6355s status=ok active=1
SEND b2-trimmed 03/100 table=page_000236_table_box_id_1 active=2
RECV b2-trimmed 03/100 rank=324 id=page_000236_table_box_id_1 latency=0.3771s status=ok active=1
SEND b2-trimmed 04/100 table=page_000634_table_11 active=2
RECV b2-trimmed 04/100 rank=225 id=page_000634_table_11 latency=0.5256s status=ok active=1
SEND b2-trimmed 05/100 table=page_000272_table_box_id_1 active=2
RECV b2-trimmed 01/100 rank=24 id=page_000287_table_box_id_8 latency=2.4698s status=ok active=1
SEND b2-trimmed 06/100 table=page_001172_table_16 active=2
RECV b2-trimmed 06/100 rank=337 id=page_001172_table_16 latency=0.3709s status=ok active=1
SEND b2-trimmed 07/100 table=page_001137_table_2 active=2
RECV b2-trimmed 07/100 rank=151 id=page_001137_table_2 latency=0.7784s status=ok active=1
SEND b2-trimmed 08/100 table=page_001150_table_box_id_9 active=2
RECV b2-trimmed 08/100 rank=255 id=page_001150_table_box_id_9 latency=0.4656s status=ok active=1
SEND b2-trimmed 09/100 table=page_000920_table_8 active=2
RECV b2-trimmed 09/100 rank=368 id=page_000920_table_8 latency=0.3445s status=ok active=1
SEND b2-trimmed 10/100 table=page_000524_table_0 active=2
RECV b2-trimmed 10/100 rank=140 id=page_000524_table_0 latency=0.8452s status=ok active=1
SEND b2-trimmed 11/100 table=page_000256_table_box_id_8 active=2
RECV b2-trimmed 11/100 rank=336 id=page_000256_table_box_id_8 latency=0.3688s status=ok active=1
SEND b2-trimmed 12/100 table=page_001166_table_9 active=2
RECV b2-trimmed 05/100 rank=09 id=page_000272_table_box_id_1 latency=4.2772s status=ok active=1
SEND b2-trimmed 13/100 table=page_000211_table_box_id_3 active=2
RECV b2-trimmed 12/100 rank=436 id=page_001166_table_9 latency=0.2741s status=ok active=1
SEND b2-trimmed 14/100 table=page_000933_table_10 active=2
RECV b2-trimmed 14/100 rank=504 id=page_000933_table_10 latency=0.2392s status=ok active=1
SEND b2-trimmed 15/100 table=page_001129_table_8 active=2
RECV b2-trimmed 13/100 rank=201 id=page_000211_table_box_id_3 latency=0.7447s status=ok active=1
SEND b2-trimmed 16/100 table=page_001375_table_7 active=2
RECV b2-trimmed 16/100 rank=458 id=page_001375_table_7 latency=0.2297s status=ok active=1
SEND b2-trimmed 17/100 table=page_000106_table_box_id_2 active=2
RECV b2-trimmed 15/100 rank=107 id=page_001129_table_8 latency=1.1275s status=ok active=1
SEND b2-trimmed 18/100 table=page_001134_table_10 active=2
RECV b2-trimmed 17/100 rank=208 id=page_000106_table_box_id_2 latency=0.6580s status=ok active=1
SEND b2-trimmed 19/100 table=page_000642_table_8 active=2
RECV b2-trimmed 18/100 rank=134 id=page_001134_table_10 latency=0.9601s status=ok active=1
SEND b2-trimmed 20/100 table=page_000564_table_7 active=2
RECV b2-trimmed 19/100 rank=128 id=page_000642_table_8 latency=0.9901s status=ok active=1
SEND b2-trimmed 21/100 table=page_001368_table_box_id_242 active=2
RECV b2-trimmed 21/100 rank=497 id=page_001368_table_box_id_242 latency=0.1872s status=ok active=1
SEND b2-trimmed 22/100 table=page_000263_table_box_id_7 active=2
RECV b2-trimmed 20/100 rank=334 id=page_000564_table_7 latency=0.3967s status=ok active=1
SEND b2-trimmed 23/100 table=page_000746_table_18 active=2
RECV b2-trimmed 23/100 rank=161 id=page_000746_table_18 latency=0.8098s status=ok active=1
SEND b2-trimmed 24/100 table=page_000213_table_box_id_5 active=2
RECV b2-trimmed 24/100 rank=215 id=page_000213_table_box_id_5 latency=0.5508s status=ok active=1
SEND b2-trimmed 25/100 table=page_000206_table_box_id_1 active=2
RECV b2-trimmed 25/100 rank=309 id=page_000206_table_box_id_1 latency=0.3834s status=ok active=1
SEND b2-trimmed 26/100 table=page_000209_table_box_id_1 active=2
RECV b2-trimmed 26/100 rank=432 id=page_000209_table_box_id_1 latency=0.2648s status=ok active=1
SEND b2-trimmed 27/100 table=page_001216_table_2 active=2
RECV b2-trimmed 22/100 rank=31 id=page_000263_table_box_id_7 latency=2.3151s status=ok active=1
SEND b2-trimmed 28/100 table=page_000188_table_box_id_6 active=2
RECV b2-trimmed 27/100 rank=186 id=page_001216_table_2 latency=0.7594s status=ok active=1
SEND b2-trimmed 29/100 table=page_000921_table_9 active=2
RECV b2-trimmed 28/100 rank=240 id=page_000188_table_box_id_6 latency=0.6313s status=ok active=1
SEND b2-trimmed 30/100 table=page_000533_table_8 active=2
RECV b2-trimmed 29/100 rank=460 id=page_000921_table_9 latency=0.2991s status=ok active=1
SEND b2-trimmed 31/100 table=page_001123_table_14 active=2
RECV b2-trimmed 30/100 rank=399 id=page_000533_table_8 latency=0.3535s status=ok active=1
SEND b2-trimmed 32/100 table=page_001503_table_5 active=2
RECV b2-trimmed 31/100 rank=413 id=page_001123_table_14 latency=0.3602s status=ok active=1
SEND b2-trimmed 33/100 table=page_001197_table_5 active=2
RECV b2-trimmed 32/100 rank=526 id=page_001503_table_5 latency=0.1714s status=ok active=1
SEND b2-trimmed 34/100 table=page_000542_table_0 active=2
RECV b2-trimmed 34/100 rank=219 id=page_000542_table_0 latency=0.5465s status=ok active=1
SEND b2-trimmed 35/100 table=page_001130_table_1 active=2
RECV b2-trimmed 35/100 rank=572 id=page_001130_table_1 latency=0.1312s status=ok active=1
SEND b2-trimmed 36/100 table=page_001595_table_box_id_9 active=2
RECV b2-trimmed 36/100 rank=561 id=page_001595_table_box_id_9 latency=0.1316s status=ok active=1
SEND b2-trimmed 37/100 table=page_001233_table_6 active=2
RECV b2-trimmed 33/100 rank=118 id=page_001197_table_5 latency=1.1392s status=ok active=1
SEND b2-trimmed 38/100 table=page_000585_table_1 active=2
RECV b2-trimmed 37/100 rank=241 id=page_001233_table_6 latency=0.5800s status=ok active=1
SEND b2-trimmed 39/100 table=page_000821_table_box_id_26 active=2
RECV b2-trimmed 39/100 rank=617 id=page_000821_table_box_id_26 latency=0.0900s status=ok active=1
SEND b2-trimmed 40/100 table=page_000566_table_3 active=2
RECV b2-trimmed 38/100 rank=159 id=page_000585_table_1 latency=0.8815s status=ok active=1
SEND b2-trimmed 41/100 table=page_000534_table_4 active=2
RECV b2-trimmed 40/100 rank=167 id=page_000566_table_3 latency=0.8250s status=ok active=1
SEND b2-trimmed 42/100 table=page_001141_table_13 active=2
RECV b2-trimmed 41/100 rank=221 id=page_000534_table_4 latency=0.5840s status=ok active=1
SEND b2-trimmed 43/100 table=page_000665_table_3 active=2
RECV b2-trimmed 43/100 rank=662 id=page_000665_table_3 latency=0.0451s status=ok active=1
SEND b2-trimmed 44/100 table=page_001417_table_2 active=2
RECV b2-trimmed 44/100 rank=587 id=page_001417_table_2 latency=0.1143s status=ok active=1
SEND b2-trimmed 45/100 table=page_001117_table_box_id_7 active=2
RECV b2-trimmed 42/100 rank=280 id=page_001141_table_13 latency=0.5125s status=ok active=1
SEND b2-trimmed 46/100 table=page_001270_table_box_id_1 active=2
RECV b2-trimmed 45/100 rank=483 id=page_001117_table_box_id_7 latency=0.2869s status=ok active=1
SEND b2-trimmed 47/100 table=page_000261_table_box_id_3 active=2
RECV b2-trimmed 46/100 rank=95 id=page_001270_table_box_id_1 latency=1.1700s status=ok active=1
SEND b2-trimmed 48/100 table=page_000505_table_1 active=2
RECV b2-trimmed 47/100 rank=54 id=page_000261_table_box_id_3 latency=1.6188s status=ok active=1
SEND b2-trimmed 49/100 table=page_000682_table_15 active=2
RECV b2-trimmed 49/100 rank=507 id=page_000682_table_15 latency=0.1867s status=ok active=1
SEND b2-trimmed 50/100 table=page_000275_table_box_id_1 active=2
RECV b2-trimmed 48/100 rank=121 id=page_000505_table_1 latency=1.0784s status=ok active=1
SEND b2-trimmed 51/100 table=page_000789_table_34 active=2
RECV b2-trimmed 51/100 rank=639 id=page_000789_table_34 latency=0.0699s status=ok active=1
SEND b2-trimmed 52/100 table=page_001177_table_2 active=2
RECV b2-trimmed 52/100 rank=229 id=page_001177_table_2 latency=0.5146s status=ok active=1
SEND b2-trimmed 53/100 table=page_001398_table_box-13qv1ztw active=2
RECV b2-trimmed 53/100 rank=511 id=page_001398_table_box-13qv1ztw latency=0.1717s status=ok active=1
SEND b2-trimmed 54/100 table=page_001183_table_11 active=2
RECV b2-trimmed 54/100 rank=395 id=page_001183_table_11 latency=0.3150s status=ok active=1
SEND b2-trimmed 55/100 table=page_000507_table_0 active=2
RECV b2-trimmed 55/100 rank=396 id=page_000507_table_0 latency=0.3096s status=ok active=1
SEND b2-trimmed 56/100 table=page_000710_table_9 active=2
RECV b2-trimmed 56/100 rank=514 id=page_000710_table_9 latency=0.1805s status=ok active=1
SEND b2-trimmed 57/100 table=page_000657_table_6 active=2
RECV b2-trimmed 57/100 rank=659 id=page_000657_table_6 latency=0.0447s status=ok active=1
SEND b2-trimmed 58/100 table=page_001368_table_box_id_227 active=2
RECV b2-trimmed 58/100 rank=264 id=page_001368_table_box_id_227 latency=0.4326s status=ok active=1
SEND b2-trimmed 59/100 table=page_001176_table_4 active=2
RECV b2-trimmed 59/100 rank=122 id=page_001176_table_4 latency=0.8980s status=ok active=1
SEND b2-trimmed 60/100 table=page_001181_table_6 active=2
RECV b2-trimmed 50/100 rank=12 id=page_000275_table_box_id_1 latency=4.0254s status=ok active=1
SEND b2-trimmed 61/100 table=page_000937_table_0 active=2
RECV b2-trimmed 61/100 rank=350 id=page_000937_table_0 latency=0.3606s status=ok active=1
SEND b2-trimmed 62/100 table=page_001368_table_box_id_237 active=2
RECV b2-trimmed 60/100 rank=72 id=page_001181_table_6 latency=1.3842s status=ok active=1
SEND b2-trimmed 63/100 table=page_000217_table_box_id_0 active=2
RECV b2-trimmed 62/100 rank=468 id=page_001368_table_box_id_237 latency=0.2157s status=ok active=1
SEND b2-trimmed 64/100 table=page_001159_table_5 active=2
RECV b2-trimmed 63/100 rank=391 id=page_000217_table_box_id_0 latency=0.3879s status=ok active=1
SEND b2-trimmed 65/100 table=page_000626_table_box_id_1 active=2
RECV b2-trimmed 64/100 rank=224 id=page_001159_table_5 latency=0.6346s status=ok active=1
SEND b2-trimmed 66/100 table=page_000984_table_2 active=2
RECV b2-trimmed 66/100 rank=625 id=page_000984_table_2 latency=0.0813s status=ok active=1
SEND b2-trimmed 67/100 table=page_001082_table_34 active=2
RECV b2-trimmed 67/100 rank=171 id=page_001082_table_34 latency=0.7092s status=ok active=1
SEND b2-trimmed 68/100 table=page_000467_table_17 active=2
RECV b2-trimmed 65/100 rank=44 id=page_000626_table_box_id_1 latency=1.8734s status=ok active=1
SEND b2-trimmed 69/100 table=page_000866_table_14 active=2
RECV b2-trimmed 68/100 rank=120 id=page_000467_table_17 latency=0.9612s status=ok active=1
SEND b2-trimmed 70/100 table=page_001227_table_10 active=2
RECV b2-trimmed 69/100 rank=419 id=page_000866_table_14 latency=0.3692s status=ok active=1
SEND b2-trimmed 71/100 table=page_000916_table_7 active=2
RECV b2-trimmed 71/100 rank=265 id=page_000916_table_7 latency=0.4537s status=ok active=1
SEND b2-trimmed 72/100 table=page_000251_table_box_id_7 active=2
RECV b2-trimmed 72/100 rank=184 id=page_000251_table_box_id_7 latency=0.6394s status=ok active=1
SEND b2-trimmed 73/100 table=page_001131_table_15 active=2
RECV b2-trimmed 70/100 rank=75 id=page_001227_table_10 latency=1.4499s status=ok active=1
SEND b2-trimmed 74/100 table=page_001183_table_12 active=2
RECV b2-trimmed 73/100 rank=469 id=page_001131_table_15 latency=0.2830s status=ok active=1
SEND b2-trimmed 75/100 table=page_000266_table_box_id_7 active=2
RECV b2-trimmed 75/100 rank=509 id=page_000266_table_box_id_7 latency=0.1785s status=ok active=1
SEND b2-trimmed 76/100 table=page_000447_table_12 active=2
RECV b2-trimmed 74/100 rank=285 id=page_001183_table_12 latency=0.5057s status=ok active=1
SEND b2-trimmed 77/100 table=page_001193_table_4 active=2
RECV b2-trimmed 76/100 rank=371 id=page_000447_table_12 latency=0.3921s status=ok active=1
SEND b2-trimmed 78/100 table=page_001368_table_box_id_239 active=2
RECV b2-trimmed 78/100 rank=512 id=page_001368_table_box_id_239 latency=0.1705s status=ok active=1
SEND b2-trimmed 79/100 table=page_000903_table_15 active=2
RECV b2-trimmed 77/100 rank=342 id=page_001193_table_4 latency=0.3857s status=ok active=1
SEND b2-trimmed 80/100 table=page_001167_table_2 active=2
RECV b2-trimmed 79/100 rank=522 id=page_000903_table_15 latency=0.2066s status=ok active=1
SEND b2-trimmed 81/100 table=page_000212_table_box_id_1 active=2
RECV b2-trimmed 80/100 rank=422 id=page_001167_table_2 latency=0.3223s status=ok active=1
SEND b2-trimmed 82/100 table=page_001147_table_10 active=2
RECV b2-trimmed 81/100 rank=113 id=page_000212_table_box_id_1 latency=1.0387s status=ok active=1
SEND b2-trimmed 83/100 table=page_000223_table_box_id_2 active=2
RECV b2-trimmed 82/100 rank=90 id=page_001147_table_10 latency=1.2842s status=ok active=1
SEND b2-trimmed 84/100 table=page_000716_table_0 active=2
RECV b2-trimmed 84/100 rank=588 id=page_000716_table_0 latency=0.1127s status=ok active=1
SEND b2-trimmed 85/100 table=page_000937_table_1 active=2
RECV b2-trimmed 85/100 rank=415 id=page_000937_table_1 latency=0.2994s status=ok active=1
SEND b2-trimmed 86/100 table=page_000465_table_10 active=2
RECV b2-trimmed 83/100 rank=114 id=page_000223_table_box_id_2 latency=1.1364s status=ok active=1
SEND b2-trimmed 87/100 table=page_000465_table_8 active=2
RECV b2-trimmed 86/100 rank=339 id=page_000465_table_10 latency=0.3644s status=ok active=1
SEND b2-trimmed 88/100 table=page_001179_table_6 active=2
RECV b2-trimmed 87/100 rank=331 id=page_000465_table_8 latency=0.4503s status=ok active=1
SEND b2-trimmed 89/100 table=page_000554_table_12 active=2
RECV b2-trimmed 89/100 rank=538 id=page_000554_table_12 latency=0.1491s status=ok active=1
SEND b2-trimmed 90/100 table=page_000199_table_box_id_0 active=2
RECV b2-trimmed 88/100 rank=61 id=page_001179_table_6 latency=1.5913s status=ok active=1
SEND b2-trimmed 91/100 table=page_000516_table_0 active=2
RECV b2-trimmed 90/100 rank=80 id=page_000199_table_box_id_0 latency=1.3010s status=ok active=1
SEND b2-trimmed 92/100 table=page_001214_table_8 active=2
RECV b2-trimmed 92/100 rank=359 id=page_001214_table_8 latency=0.3532s status=ok active=1
SEND b2-trimmed 93/100 table=page_001368_table_box_id_161 active=2
RECV b2-trimmed 91/100 rank=125 id=page_000516_table_0 latency=0.9901s status=ok active=1
SEND b2-trimmed 94/100 table=page_000577_table_3 active=2
RECV b2-trimmed 93/100 rank=332 id=page_001368_table_box_id_161 latency=0.3622s status=ok active=1
SEND b2-trimmed 95/100 table=page_000984_table_3 active=2
RECV b2-trimmed 94/100 rank=382 id=page_000577_table_3 latency=0.3860s status=ok active=1
SEND b2-trimmed 96/100 table=page_001187_table_0 active=2
RECV b2-trimmed 95/100 rank=238 id=page_000984_table_3 latency=0.6479s status=ok active=1
SEND b2-trimmed 97/100 table=page_000821_table_box_id_14 active=2
RECV b2-trimmed 97/100 rank=585 id=page_000821_table_box_id_14 latency=0.1168s status=ok active=1
SEND b2-trimmed 98/100 table=page_000833_table_4 active=2
RECV b2-trimmed 98/100 rank=352 id=page_000833_table_4 latency=0.3689s status=ok active=1
SEND b2-trimmed 99/100 table=page_001375_table_31 active=2
RECV b2-trimmed 99/100 rank=631 id=page_001375_table_31 latency=0.0711s status=ok active=1
SEND b2-trimmed 100/100 table=page_000645_table_7 active=2
RECV b2-trimmed 100/100 rank=533 id=page_000645_table_7 latency=0.1505s status=ok active=1
RECV b2-trimmed 96/100 rank=28 id=page_001187_table_0 latency=2.1891s status=ok active=0
DONE b2-trimmed requests=100 failures=0 max_in_flight=2 wall=33.8100s qps=2.9577 p50=0.3944s p95=1.8892s max=4.2772s
