[2026-07-23-13:08:22.313] [INFO] [AscendProfiler_ProfilingParser:97] Profiler logger initialized at: /workspace/repos/paddle_ocr_vl_npu/tmp/09_persistent_page_engine/text_decode_lab/npu_profiles/b64_k1024_p768_pipe_20260723_130821/liteserver-c001-4_146251_20260723130821544_ascend_pt/logs/profiler_20260723130822_146867_ProfilingParser.log
[2026-07-23-13:08:22.360] [INFO] [AscendProfiler_ProfilingParser:100] TorchOpParser start.
[2026-07-23-13:08:22.361] [INFO] [AscendProfiler_ProfilingParser:82] TaskQueueParser start.
[2026-07-23-13:08:22.416] [INFO] [AscendProfiler_ProfilingParser:162] CANNTimelineParser start.
[2026-07-23-13:08:22.420] [INFO] [AscendProfiler_ProfilingParser:88] TaskQueueParser finish.
[2026-07-23-13:08:22.422] [INFO] [AscendProfiler_ProfilingParser:106] TorchOpParser finish.
[2026-07-23-13:08:22.427] [INFO] [AscendProfiler_ProfilingParser:118] DbPreParser start.
[2026-07-23-13:08:22.481] [INFO] [AscendProfiler_ProfilingParser:62] TreeBuildParser start.
[2026-07-23-13:08:22.489] [INFO] [AscendProfiler_ProfilingParser:70] TreeBuildParser finish.
[2026-07-23-13:08:22.500] [INFO] [AscendProfiler_ProfilingParser:62] MemoryPrepareParser start.
[2026-07-23-13:08:22.545] [INFO] [AscendProfiler_ProfilingParser:129] DbPreParser finish.
[2026-07-23-13:08:22.546] [INFO] [AscendProfiler_ProfilingParser:75] MemoryPrepareParser finish.
[2026-07-23-13:08:23.924] [INFO] [AscendProfiler_ProfilingParser:172] CANNTimelineParser finish.
[2026-07-23-13:08:23.976] [INFO] [AscendProfiler_ProfilingParser:31] RelationParser start.
[2026-07-23-13:08:24.064] [INFO] [AscendProfiler_ProfilingParser:38] RelationParser finish.
[2026-07-23-13:08:25.036] [INFO] [AscendProfiler_ProfilingParser:40] DbParser start.
[2026-07-23-13:08:25.082] [INFO] [AscendProfiler_ProfilingParser:27] BasicDbParser start.
[2026-07-23-13:08:25.087] [INFO] [AscendProfiler_ProfilingParser:40] BasicDbParser finish.
[2026-07-23-13:08:25.088] [INFO] [AscendProfiler_ProfilingParser:27] FwkApiDbParser start.
[2026-07-23-13:08:25.088] [INFO] [AscendProfiler_ProfilingParser:32] FwkApiDbParser get fwk api data finish.
[2026-07-23-13:08:25.090] [INFO] [AscendProfiler_ProfilingParser:34] FwkApiDbParser get api data for db finish.
[2026-07-23-13:08:25.117] [INFO] [AscendProfiler_ProfilingParser:36] FwkApiDbParser save api data to db finish.
[2026-07-23-13:08:25.117] [INFO] [AscendProfiler_ProfilingParser:40] FwkApiDbParser finish.
[2026-07-23-13:08:25.117] [INFO] [AscendProfiler_ProfilingParser:82] MemoryDbParser start.
[2026-07-23-13:08:25.118] [INFO] [AscendProfiler_ProfilingParser:95] MemoryDbParser finish.
[2026-07-23-13:08:25.118] [INFO] [AscendProfiler_ProfilingParser:33] GCRecordDbParser start.
[2026-07-23-13:08:25.118] [INFO] [AscendProfiler_ProfilingParser:41] GCRecordDbParser finish.
[2026-07-23-13:08:25.119] [INFO] [AscendProfiler_ProfilingParser:36] StepInfoDbParser start.
[2026-07-23-13:08:25.123] [INFO] [AscendProfiler_ProfilingParser:43] StepInfoDbParser finish.
[2026-07-23-13:08:25.123] [INFO] [AscendProfiler_ProfilingParser:80] CommunicationDbParser start.
[2026-07-23-13:08:25.125] [INFO] [AscendProfiler_ProfilingParser:88] CommunicationDbParser finish.
[2026-07-23-13:08:25.125] [INFO] [AscendProfiler_ProfilingParser:74] TraceStepTimeDbParser start.
[2026-07-23-13:08:25.137] [INFO] [AscendProfiler_ProfilingParser:83] TraceStepTimeDbParser finish.
[2026-07-23-13:08:25.138] [INFO] [AscendProfiler_ProfilingParser:64] DbParser finish.
[2026-07-23-13:08:25.691] [INFO] [AscendProfiler_ProfilingParser:473] ============================================================
[2026-07-23-13:08:25.691] [INFO] [AscendProfiler_ProfilingParser:474] Task execution completed
[2026-07-23-13:08:25.691] [INFO] [AscendProfiler_ProfilingParser:475] ============================================================
[2026-07-23-13:08:25.691] [INFO] [AscendProfiler_ProfilingParser:478] torch_op                  | PTHREAD         | Succeed    | 0.062s | deps: None
[2026-07-23-13:08:25.691] [INFO] [AscendProfiler_ProfilingParser:478] task_queue                | PTHREAD         | Succeed    | 0.062s | deps: None
[2026-07-23-13:08:25.692] [INFO] [AscendProfiler_ProfilingParser:478] trace_prepare             | SUB_PROCESS     | Succeed    | 0.155s | deps: torch_op, task_queue
[2026-07-23-13:08:25.692] [INFO] [AscendProfiler_ProfilingParser:478] build_tree                | PTHREAD         | Succeed    | 0.009s | deps: torch_op, task_queue
[2026-07-23-13:08:25.692] [INFO] [AscendProfiler_ProfilingParser:478] export                    | SUB_PROCESS     | Succeed    | 2.097s | deps: None
[2026-07-23-13:08:25.692] [INFO] [AscendProfiler_ProfilingParser:478] timeline                  | PTHREAD|NON_BLOCKING | Succeed    | 1.510s | deps: None
[2026-07-23-13:08:25.692] [INFO] [AscendProfiler_ProfilingParser:478] relation                  | PTHREAD         | Succeed    | 0.089s | deps: task_queue, timeline
[2026-07-23-13:08:25.692] [INFO] [AscendProfiler_ProfilingParser:478] memory_prepare            | PTHREAD         | Succeed    | 0.057s | deps: build_tree, task_queue, torch_op
[2026-07-23-13:08:25.692] [INFO] [AscendProfiler_ProfilingParser:478] analyze                   | SUB_PROCESS     | Succeed    | 1.111s | deps: timeline
[2026-07-23-13:08:25.692] [INFO] [AscendProfiler_ProfilingParser:478] operator                  | SUB_PROCESS     | Succeed    | 0.123s | deps: build_tree, timeline, relation, torch_op
[2026-07-23-13:08:25.692] [INFO] [AscendProfiler_ProfilingParser:478] trace                     | SUB_PROCESS     | Succeed    | 0.210s | deps: build_tree, trace_prepare, timeline, task_queue, torch_op
[2026-07-23-13:08:25.692] [INFO] [AscendProfiler_ProfilingParser:478] kernel                    | SUB_PROCESS     | Succeed    | 0.095s | deps: build_tree, export, relation
[2026-07-23-13:08:25.692] [INFO] [AscendProfiler_ProfilingParser:478] step_time                 | SUB_PROCESS     | Succeed    | 0.126s | deps: build_tree, timeline, relation, torch_op
[2026-07-23-13:08:25.692] [INFO] [AscendProfiler_ProfilingParser:478] memory                    | SUB_PROCESS     | Succeed    | 0.097s | deps: export, memory_prepare
[2026-07-23-13:08:25.692] [INFO] [AscendProfiler_ProfilingParser:478] integrate                 | SUB_PROCESS     | Succeed    | 0.186s | deps: export
[2026-07-23-13:08:25.692] [INFO] [AscendProfiler_ProfilingParser:478] communication             | SUB_PROCESS     | Succeed    | 0.063s | deps: build_tree, analyze, relation
[2026-07-23-13:08:25.692] [INFO] [AscendProfiler_ProfilingParser:478] db_prepare                | PTHREAD         | Succeed    | 0.124s | deps: torch_op, task_queue
[2026-07-23-13:08:25.692] [INFO] [AscendProfiler_ProfilingParser:478] torch_db                  | PTHREAD         | Succeed    | 0.102s | deps: export, memory_prepare, build_tree, analyze, db_prepare
