npu-status: no free NPU found
Selector found no free device; using user-authorized shared NPU 7
ninja: no work to do.
/workspace/repos/rwkv-cpu-reference/26_rwkv_inference/run_npu_embedding.py:56: UserWarning: Cannot create tensor with interal format while allow_internel_format=False, tensor will be created with base format. (Triggered internally at ../torch_npu/csrc/aten/common/TensorFactories.cpp:340.)
  delta = torch.cat((torch.zeros_like(z[:, :1]), z[:, :-1]), dim=1) - z
BATCH_PREFLIGHT {"passed": true, "shape": [16, 144], "embedding": {"max_abs": 0.00025522708892822266, "normalized_rmse": 0.000531475932803005}}
PROGRESS {"group": "queries", "done": 16, "total": 50, "elapsed_seconds": 0.05215683998540044, "forward_seconds": 0.050304969772696495, "texts_per_second": 306.7670511572147, "estimated_remaining_seconds": 0.11083328496897593}
PROGRESS {"group": "queries", "done": 50, "total": 50, "elapsed_seconds": 0.2229699301533401, "forward_seconds": 0.21604353981092572, "texts_per_second": 224.24548442749287, "estimated_remaining_seconds": 0.0}
PROGRESS {"group": "corpus", "done": 16, "total": 2210, "elapsed_seconds": 0.4542755098082125, "forward_seconds": 0.45021681021898985, "texts_per_second": 35.22091694257287, "estimated_remaining_seconds": 62.29252928245114}
PROGRESS {"group": "corpus", "done": 64, "total": 2210, "elapsed_seconds": 1.7711470602080226, "forward_seconds": 1.7520486004650593, "texts_per_second": 36.134774710623496, "estimated_remaining_seconds": 59.38877486260026}
PROGRESS {"group": "corpus", "done": 112, "total": 2210, "elapsed_seconds": 2.7636598800309002, "forward_seconds": 2.7305125505663455, "texts_per_second": 40.52597094500201, "estimated_remaining_seconds": 51.76927168129311}
PROGRESS {"group": "corpus", "done": 160, "total": 2210, "elapsed_seconds": 3.7094538300298154, "forward_seconds": 3.6623652204871178, "texts_per_second": 43.13303449276628, "estimated_remaining_seconds": 47.52737719725701}
PROGRESS {"group": "corpus", "done": 208, "total": 2210, "elapsed_seconds": 5.148389030247927, "forward_seconds": 5.085837970487773, "texts_per_second": 40.40098733369874, "estimated_remaining_seconds": 49.553244416136295}
PROGRESS {"group": "corpus", "done": 256, "total": 2210, "elapsed_seconds": 6.0205949898809195, "forward_seconds": 5.945925540756434, "texts_per_second": 42.520714386247626, "estimated_remaining_seconds": 45.954072696200456}
PROGRESS {"group": "corpus", "done": 304, "total": 2210, "elapsed_seconds": 7.1151485298760235, "forward_seconds": 7.027749490458518, "texts_per_second": 42.72574194671056, "estimated_remaining_seconds": 44.610108874814806}
PROGRESS {"group": "corpus", "done": 352, "total": 2210, "elapsed_seconds": 7.958590209949762, "forward_seconds": 7.858894890639931, "texts_per_second": 44.22893888416727, "estimated_remaining_seconds": 42.008694915018914}
PROGRESS {"group": "corpus", "done": 400, "total": 2210, "elapsed_seconds": 8.886639810167253, "forward_seconds": 8.774695220403373, "texts_per_second": 45.01138884264869, "estimated_remaining_seconds": 40.21204514100682}
PROGRESS {"group": "corpus", "done": 464, "total": 2210, "elapsed_seconds": 10.304267439991236, "forward_seconds": 10.172557560261339, "texts_per_second": 45.02988715133685, "estimated_remaining_seconds": 38.774247737553225}
PROGRESS {"group": "corpus", "done": 512, "total": 2210, "elapsed_seconds": 11.186314629856497, "forward_seconds": 11.0404630205594, "texts_per_second": 45.77021270557345, "estimated_remaining_seconds": 37.09836375292252}
PROGRESS {"group": "corpus", "done": 560, "total": 2210, "elapsed_seconds": 12.290778989903629, "forward_seconds": 12.131293139886111, "texts_per_second": 45.562612464191005, "estimated_remaining_seconds": 36.21390238096605}
PROGRESS {"group": "corpus", "done": 608, "total": 2210, "elapsed_seconds": 13.371545210015029, "forward_seconds": 13.198637749999762, "texts_per_second": 45.469688839298826, "estimated_remaining_seconds": 35.232262214546175}
PROGRESS {"group": "corpus", "done": 656, "total": 2210, "elapsed_seconds": 14.321078250184655, "forward_seconds": 14.137375819962472, "texts_per_second": 45.806606774985084, "estimated_remaining_seconds": 33.925237196321575}
PROGRESS {"group": "corpus", "done": 704, "total": 2210, "elapsed_seconds": 15.522829920053482, "forward_seconds": 15.325054820626974, "texts_per_second": 45.35255514785506, "estimated_remaining_seconds": 33.20650832329623}
PROGRESS {"group": "corpus", "done": 752, "total": 2210, "elapsed_seconds": 16.80688393022865, "forward_seconds": 16.594023890327662, "texts_per_second": 44.743570736956315, "estimated_remaining_seconds": 32.58568719451247}
PROGRESS {"group": "corpus", "done": 800, "total": 2210, "elapsed_seconds": 18.027118610218167, "forward_seconds": 17.799782890360802, "texts_per_second": 44.37758564180869, "estimated_remaining_seconds": 31.77279655050952}
PROGRESS {"group": "corpus", "done": 864, "total": 2210, "elapsed_seconds": 19.68509723013267, "forward_seconds": 19.438301141373813, "texts_per_second": 43.89107099138148, "estimated_remaining_seconds": 30.666829712683533}
PROGRESS {"group": "corpus", "done": 912, "total": 2210, "elapsed_seconds": 20.636478340253234, "forward_seconds": 20.37519724154845, "texts_per_second": 44.19358695621361, "estimated_remaining_seconds": 29.370777286895503}
PROGRESS {"group": "corpus", "done": 960, "total": 2210, "elapsed_seconds": 21.825227410066873, "forward_seconds": 21.54934593150392, "texts_per_second": 43.9857959765038, "estimated_remaining_seconds": 28.418264856857906}
PROGRESS {"group": "corpus", "done": 1008, "total": 2210, "elapsed_seconds": 22.9434083099477, "forward_seconds": 22.65282143186778, "texts_per_second": 43.93418738762348, "estimated_remaining_seconds": 27.35910395690192}
PROGRESS {"group": "corpus", "done": 1056, "total": 2210, "elapsed_seconds": 24.14547593984753, "forward_seconds": 23.841114042326808, "texts_per_second": 43.7349010071602, "estimated_remaining_seconds": 26.38624927517429}
PROGRESS {"group": "corpus", "done": 1104, "total": 2210, "elapsed_seconds": 25.47507655993104, "forward_seconds": 25.156058481894433, "texts_per_second": 43.336474275270575, "estimated_remaining_seconds": 25.521227060945407}
PROGRESS {"group": "corpus", "done": 1152, "total": 2210, "elapsed_seconds": 26.801633390132338, "forward_seconds": 26.46781060146168, "texts_per_second": 42.98245495829132, "estimated_remaining_seconds": 24.61469455447918}
PROGRESS {"group": "corpus", "done": 1200, "total": 2210, "elapsed_seconds": 27.844715460203588, "forward_seconds": 27.495306241326034, "texts_per_second": 43.09614877246895, "estimated_remaining_seconds": 23.435968845671354}
PROGRESS {"group": "corpus", "done": 1264, "total": 2210, "elapsed_seconds": 29.447946609929204, "forward_seconds": 29.080740411300212, "texts_per_second": 42.92319653872935, "estimated_remaining_seconds": 22.039365105216003}
PROGRESS {"group": "corpus", "done": 1312, "total": 2210, "elapsed_seconds": 30.410887559875846, "forward_seconds": 30.030178521759808, "texts_per_second": 43.142443554691056, "estimated_remaining_seconds": 20.814769076805266}
PROGRESS {"group": "corpus", "done": 1360, "total": 2210, "elapsed_seconds": 31.648957409895957, "forward_seconds": 31.254316092003137, "texts_per_second": 42.9713997332107, "estimated_remaining_seconds": 19.780598381184973}
PROGRESS {"group": "corpus", "done": 1408, "total": 2210, "elapsed_seconds": 32.72722531994805, "forward_seconds": 32.318739301525056, "texts_per_second": 43.02228454245981, "estimated_remaining_seconds": 18.641501922299952}
PROGRESS {"group": "corpus", "done": 1456, "total": 2210, "elapsed_seconds": 34.06112331012264, "forward_seconds": 33.63856016192585, "texts_per_second": 42.74668180327719, "estimated_remaining_seconds": 17.638795999884938}
PROGRESS {"group": "corpus", "done": 1504, "total": 2210, "elapsed_seconds": 35.346523920074105, "forward_seconds": 34.90975384134799, "texts_per_second": 42.550152976877136, "estimated_remaining_seconds": 16.592184765673085}
PROGRESS {"group": "corpus", "done": 1552, "total": 2210, "elapsed_seconds": 36.66351900016889, "forward_seconds": 36.210742390714586, "texts_per_second": 42.330906642999835, "estimated_remaining_seconds": 15.544198132803563}
PROGRESS {"group": "corpus", "done": 1600, "total": 2210, "elapsed_seconds": 37.66282358998433, "forward_seconds": 37.19563155062497, "texts_per_second": 42.48221050599849, "estimated_remaining_seconds": 14.358951493681525}
PROGRESS {"group": "corpus", "done": 1664, "total": 2210, "elapsed_seconds": 38.98290611989796, "forward_seconds": 38.4976464305073, "texts_per_second": 42.68537586402898, "estimated_remaining_seconds": 12.791266070591519}
PROGRESS {"group": "corpus", "done": 1712, "total": 2210, "elapsed_seconds": 40.198055809829384, "forward_seconds": 39.69840228045359, "texts_per_second": 42.58912441186708, "estimated_remaining_seconds": 11.693126047485416}
PROGRESS {"group": "corpus", "done": 1760, "total": 2210, "elapsed_seconds": 41.20744558982551, "forward_seconds": 40.692813330329955, "texts_per_second": 42.71072799607263, "estimated_remaining_seconds": 10.535994611034932}
PROGRESS {"group": "corpus", "done": 1808, "total": 2210, "elapsed_seconds": 42.368056550156325, "forward_seconds": 41.83835308998823, "texts_per_second": 42.67365905395368, "estimated_remaining_seconds": 9.420331157722812}
PROGRESS {"group": "corpus", "done": 1856, "total": 2210, "elapsed_seconds": 43.71958559984341, "forward_seconds": 43.175493829883635, "texts_per_second": 42.452369448045445, "estimated_remaining_seconds": 8.338757167211513}
PROGRESS {"group": "corpus", "done": 1904, "total": 2210, "elapsed_seconds": 44.86254541017115, "forward_seconds": 44.30397837981582, "texts_per_second": 42.44074834791538, "estimated_remaining_seconds": 7.210051940920364}
PROGRESS {"group": "corpus", "done": 1952, "total": 2210, "elapsed_seconds": 45.920663699973375, "forward_seconds": 45.34778441954404, "texts_per_second": 42.50809641501614, "estimated_remaining_seconds": 6.069431984935005}
PROGRESS {"group": "corpus", "done": 2000, "total": 2210, "elapsed_seconds": 46.854724689852446, "forward_seconds": 46.26898811990395, "texts_per_second": 42.68512969052083, "estimated_remaining_seconds": 4.919746092434507}
PROGRESS {"group": "corpus", "done": 2064, "total": 2210, "elapsed_seconds": 48.56230534007773, "forward_seconds": 47.95610528998077, "texts_per_second": 42.50210086909965, "estimated_remaining_seconds": 3.4351243118465833}
PROGRESS {"group": "corpus", "done": 2112, "total": 2210, "elapsed_seconds": 49.97610326996073, "forward_seconds": 49.354040910024196, "texts_per_second": 42.26019761067417, "estimated_remaining_seconds": 2.3189669130947688}
PROGRESS {"group": "corpus", "done": 2160, "total": 2210, "elapsed_seconds": 50.99972002999857, "forward_seconds": 50.362973960116506, "texts_per_second": 42.353173678786185, "estimated_remaining_seconds": 1.1805490747684855}
PROGRESS {"group": "corpus", "done": 2208, "total": 2210, "elapsed_seconds": 52.30967557011172, "forward_seconds": 51.657649920322, "texts_per_second": 42.210164294377485, "estimated_remaining_seconds": 0.04738195250915917}
PROGRESS {"group": "corpus", "done": 2210, "total": 2210, "elapsed_seconds": 52.36973705980927, "forward_seconds": 51.71528306044638, "texts_per_second": 42.199944549579314, "estimated_remaining_seconds": 0.0}
SUMMARY {"source_commit": "e6bd192dbe39468855a1bbc88d0bc51d82baf8b1", "script_sha256": "cfe314faf56ef2791438496789aa93e476622e62b9381e503cddfd0c0ac3192a", "model_script_sha256": "62ac46e34a38e105870efa530dc83efa099ca8707c3b09fcd986e28bfdde5d09", "checkpoint_sha256": "9033eec92f163d1a710474977fa3fb68b7ee04697e0e961d83434743bd256a15", "data_sha256": "c1be79f83593929a7dd1c9d900ec91534de0f532e19a38293c1352c27112f557", "dataset": "zeta-alpha-ai/NanoSCIDOCS", "revision": "484eb90549fc3f0b9c42b3551e80ceb999515537", "split": "train", "hostname": "liteserver-c001-4", "physical_npu": "7", "backend": "raw_eager", "batch_size": 16, "dense_dtype": "fp16", "state_pointwise_dtype": "float32", "shared_device": true, "context": 2048, "eos_chunk": 512, "instruction": "Instruct: Given a query, retrieve documents that answer the query\nQuery: {query}", "mteb_contract_version": "1.38.60", "mteb_framework_used": false, "corpus_order": "descending document ID", "ignore_identical_ids": false, "stages": {"queries": {"texts": 50, "batches": 4, "forward_seconds": 0.21604353981092572, "wall_seconds": 0.2237940700724721, "prepared_token_slots": 7968}, "corpus": {"texts": 2210, "batches": 139, "forward_seconds": 51.71528306044638, "wall_seconds": 52.373578359838575, "prepared_token_slots": 3165088}}, "all_checks_passed": true, "pytrec_eval": "0.5.10", "device_status": "NPU 0: busy HBM=56947/65536MB AICore=5% Health=OK\nNPU 1: busy HBM=57076/65536MB AICore=4% Health=OK\nNPU 2: busy HBM=57077/65536MB AICore=5% Health=OK\nNPU 3: busy HBM=57078/65536MB AICore=5% Health=OK\nNPU 4: busy HBM=57047/65536MB AICore=17% Health=Alarm\nNPU 5: busy HBM=57046/65536MB AICore=16% Health=Alarm\nNPU 6: busy HBM=57183/65536MB AICore=16% Health=OK\nNPU 7: busy HBM=57182/65536MB AICore=17% Health=OK\n", "hbm_before_model": {"free_bytes": 8703840256, "total_bytes": 65452113920}, "device": "Ascend910B2", "torch": "2.10.0+cpu", "torch_npu": "2.10.0.post2", "setup_seconds": 12.74919258011505, "thresholds": {"layer_normalized_rmse": 0.02, "embedding_max_abs": 0.002, "min_cosine": 0.9995}, "maximum_preflight": {"passed": true, "document_id": "7dfce578644bc101ae4ffcd0184d2227c6d07809", "shape": [1, 2032], "layers": [{"max_abs": 0.0, "normalized_rmse": 0.0}, {"max_abs": 0.002288341522216797, "normalized_rmse": 0.0002500229165889323}, {"max_abs": 0.009793281555175781, "normalized_rmse": 0.0003216842596884817}, {"max_abs": 0.0074672698974609375, "normalized_rmse": 0.0004336510901339352}, {"max_abs": 0.0074024200439453125, "normalized_rmse": 0.00048364236135967076}, {"max_abs": 0.007312774658203125, "normalized_rmse": 0.0005409308942034841}, {"max_abs": 0.030872344970703125, "normalized_rmse": 0.0005159437423571944}, {"max_abs": 0.03087615966796875, "normalized_rmse": 0.0006005234899930656}, {"max_abs": 0.030731201171875, "normalized_rmse": 0.0005537235410884023}, {"max_abs": 0.030796051025390625, "normalized_rmse": 0.0004452762077562511}, {"max_abs": 0.04598236083984375, "normalized_rmse": 0.0004403769562486559}, {"max_abs": 0.06510162353515625, "normalized_rmse": 0.00041765376226976514}, {"max_abs": 0.10919189453125, "normalized_rmse": 0.0007849374087527394}, {"max_abs": 0.2595977783203125, "normalized_rmse": 0.000862692657392472}], "embedding": {"max_abs": 7.625482976436615e-05, "normalized_rmse": 0.0003667068958748132}, "cosine": 1.0, "seconds": 26.696033120155334, "reused_from": "/workspace/repos/rwkv-cpu-reference/tmp/26_rwkv_inference/nanoscidocs_eager_b1_fp16_e8a15dad/probe/result.json"}, "batch_preflight": {"passed": true, "shape": [16, 144], "embedding": {"max_abs": 0.00025522708892822266, "normalized_rmse": 0.000531475932803005}}, "preflight_and_warmup_seconds": 29.1087255300954, "ndcg_at_10_unrounded": 0.40572029953927696, "ndcg_at_10": 40.572, "upstream_gpu_bf16_ndcg_at_10": 40.988, "upstream_cpu_fp32_ndcg_at_10": 41.058, "delta_gpu_percentage_points": -0.4159999999999968, "delta_cpu_percentage_points": -0.4859999999999971, "metric_crosscheck_passed": true, "eval_wall_seconds": 53.0918525098823, "artifacts": {"embeddings.npz": {"sha256": "1e395fd41090ce447f96ba1ff608789ec600b1bdc3e73919cfe777808431b906", "bytes": 6399467}, "ids.json": {"sha256": "0804bdb7c0bd7b856289eddbb4cb19fba7b24ce1de88bcb023dfbae80dcb59b6", "bytes": 108520}, "batch_timings.json": {"sha256": "0a8fd00786d878f58852ce1af05e768610cde25a638d80fd7f6439c207d9f6f1", "bytes": 160318}, "per_query_scores.json": {"sha256": "07037345e3cb949bf394b501ceaa82887c705c763c7380b18d8027c7b57507c0", "bytes": 4443}, "top100.json": {"sha256": "37f85b85d0bad8b38619e532a7b9452137ab8d2452b6a45c7be206c6af6aadd2", "bytes": 564705}}, "peak_hbm_allocated_bytes": 2799109120, "peak_hbm_reserved_bytes": 7597981696}
