b2-full API ready worker_pid=80882; preloading 100 distinct crops for 100 requests
b2-full crops preloaded 50/100
b2-full crops preloaded 100/100
b2-full payloads ready bytes=34840674
SEND b2-full 01/100 table=page_000287_table_box_id_8 active=1
SEND b2-full 02/100 table=page_001367_table_51 active=2
RECV b2-full 02/100 rank=65 id=page_001367_table_51 latency=0.6489s status=ok active=1
SEND b2-full 03/100 table=page_000236_table_box_id_1 active=2
RECV b2-full 03/100 rank=324 id=page_000236_table_box_id_1 latency=0.3949s status=ok active=1
SEND b2-full 04/100 table=page_000634_table_11 active=2
RECV b2-full 04/100 rank=225 id=page_000634_table_11 latency=0.5545s status=ok active=1
SEND b2-full 05/100 table=page_000272_table_box_id_1 active=2
RECV b2-full 01/100 rank=24 id=page_000287_table_box_id_8 latency=2.6279s status=ok active=1
SEND b2-full 06/100 table=page_001172_table_16 active=2
RECV b2-full 06/100 rank=337 id=page_001172_table_16 latency=0.3787s status=ok active=1
SEND b2-full 07/100 table=page_001137_table_2 active=2
RECV b2-full 07/100 rank=151 id=page_001137_table_2 latency=0.8129s status=ok active=1
SEND b2-full 08/100 table=page_001150_table_box_id_9 active=2
RECV b2-full 08/100 rank=255 id=page_001150_table_box_id_9 latency=0.4842s status=ok active=1
SEND b2-full 09/100 table=page_000920_table_8 active=2
RECV b2-full 09/100 rank=368 id=page_000920_table_8 latency=0.3512s status=ok active=1
SEND b2-full 10/100 table=page_000524_table_0 active=2
RECV b2-full 10/100 rank=140 id=page_000524_table_0 latency=0.8755s status=ok active=1
SEND b2-full 11/100 table=page_000256_table_box_id_8 active=2
RECV b2-full 11/100 rank=336 id=page_000256_table_box_id_8 latency=0.3774s status=ok active=1
SEND b2-full 12/100 table=page_001166_table_9 active=2
RECV b2-full 05/100 rank=09 id=page_000272_table_box_id_1 latency=4.4464s status=ok active=1
SEND b2-full 13/100 table=page_000211_table_box_id_3 active=2
RECV b2-full 12/100 rank=436 id=page_001166_table_9 latency=0.3675s status=ok active=1
SEND b2-full 14/100 table=page_000933_table_10 active=2
RECV b2-full 14/100 rank=504 id=page_000933_table_10 latency=0.1929s status=ok active=1
SEND b2-full 15/100 table=page_001129_table_8 active=2
RECV b2-full 13/100 rank=201 id=page_000211_table_box_id_3 latency=0.7751s status=ok active=1
SEND b2-full 16/100 table=page_001375_table_7 active=2
RECV b2-full 16/100 rank=458 id=page_001375_table_7 latency=0.2356s status=ok active=1
SEND b2-full 17/100 table=page_000106_table_box_id_2 active=2
RECV b2-full 15/100 rank=107 id=page_001129_table_8 latency=1.1717s status=ok active=1
SEND b2-full 18/100 table=page_001134_table_10 active=2
RECV b2-full 17/100 rank=208 id=page_000106_table_box_id_2 latency=0.6221s status=ok active=1
SEND b2-full 19/100 table=page_000642_table_8 active=2
RECV b2-full 18/100 rank=134 id=page_001134_table_10 latency=0.9816s status=ok active=1
SEND b2-full 20/100 table=page_000564_table_7 active=2
RECV b2-full 19/100 rank=128 id=page_000642_table_8 latency=0.9504s status=ok active=1
SEND b2-full 21/100 table=page_001368_table_box_id_242 active=2
RECV b2-full 21/100 rank=497 id=page_001368_table_box_id_242 latency=0.3329s status=ok active=1
SEND b2-full 22/100 table=page_000263_table_box_id_7 active=2
RECV b2-full 20/100 rank=334 id=page_000564_table_7 latency=0.4013s status=ok active=1
SEND b2-full 23/100 table=page_000746_table_18 active=2
RECV b2-full 23/100 rank=161 id=page_000746_table_18 latency=0.7979s status=ok active=1
SEND b2-full 24/100 table=page_000213_table_box_id_5 active=2
RECV b2-full 24/100 rank=215 id=page_000213_table_box_id_5 latency=0.5698s status=ok active=1
SEND b2-full 25/100 table=page_000206_table_box_id_1 active=2
RECV b2-full 25/100 rank=309 id=page_000206_table_box_id_1 latency=0.4045s status=ok active=1
SEND b2-full 26/100 table=page_000209_table_box_id_1 active=2
RECV b2-full 26/100 rank=432 id=page_000209_table_box_id_1 latency=0.2777s status=ok active=1
SEND b2-full 27/100 table=page_001216_table_2 active=2
RECV b2-full 22/100 rank=31 id=page_000263_table_box_id_7 latency=2.4049s status=ok active=1
SEND b2-full 28/100 table=page_000188_table_box_id_6 active=2
RECV b2-full 27/100 rank=186 id=page_001216_table_2 latency=0.7812s status=ok active=1
SEND b2-full 29/100 table=page_000921_table_9 active=2
RECV b2-full 28/100 rank=240 id=page_000188_table_box_id_6 latency=0.6488s status=ok active=1
SEND b2-full 30/100 table=page_000533_table_8 active=2
RECV b2-full 29/100 rank=460 id=page_000921_table_9 latency=0.3038s status=ok active=1
SEND b2-full 31/100 table=page_001123_table_14 active=2
RECV b2-full 30/100 rank=399 id=page_000533_table_8 latency=0.3620s status=ok active=1
SEND b2-full 32/100 table=page_001503_table_5 active=2
RECV b2-full 31/100 rank=413 id=page_001123_table_14 latency=0.3678s status=ok active=1
SEND b2-full 33/100 table=page_001197_table_5 active=2
RECV b2-full 32/100 rank=526 id=page_001503_table_5 latency=0.1791s status=ok active=1
SEND b2-full 34/100 table=page_000542_table_0 active=2
RECV b2-full 34/100 rank=219 id=page_000542_table_0 latency=0.5711s status=ok active=1
SEND b2-full 35/100 table=page_001130_table_1 active=2
RECV b2-full 35/100 rank=572 id=page_001130_table_1 latency=0.1336s status=ok active=1
SEND b2-full 36/100 table=page_001595_table_box_id_9 active=2
RECV b2-full 36/100 rank=561 id=page_001595_table_box_id_9 latency=0.1384s status=ok active=1
SEND b2-full 37/100 table=page_001233_table_6 active=2
RECV b2-full 33/100 rank=118 id=page_001197_table_5 latency=1.1855s status=ok active=1
SEND b2-full 38/100 table=page_000585_table_1 active=2
RECV b2-full 37/100 rank=241 id=page_001233_table_6 latency=0.5984s status=ok active=1
SEND b2-full 39/100 table=page_000821_table_box_id_26 active=2
RECV b2-full 39/100 rank=617 id=page_000821_table_box_id_26 latency=0.0941s status=ok active=1
SEND b2-full 40/100 table=page_000566_table_3 active=2
RECV b2-full 38/100 rank=159 id=page_000585_table_1 latency=0.8993s status=ok active=1
SEND b2-full 41/100 table=page_000534_table_4 active=2
RECV b2-full 40/100 rank=167 id=page_000566_table_3 latency=0.8450s status=ok active=1
SEND b2-full 42/100 table=page_001141_table_13 active=2
RECV b2-full 41/100 rank=221 id=page_000534_table_4 latency=0.6049s status=ok active=1
SEND b2-full 43/100 table=page_000665_table_3 active=2
RECV b2-full 43/100 rank=662 id=page_000665_table_3 latency=0.0443s status=ok active=1
SEND b2-full 44/100 table=page_001417_table_2 active=2
RECV b2-full 44/100 rank=587 id=page_001417_table_2 latency=0.1191s status=ok active=1
SEND b2-full 45/100 table=page_001117_table_box_id_7 active=2
RECV b2-full 42/100 rank=280 id=page_001141_table_13 latency=0.5329s status=ok active=1
SEND b2-full 46/100 table=page_001270_table_box_id_1 active=2
RECV b2-full 45/100 rank=483 id=page_001117_table_box_id_7 latency=0.2982s status=ok active=1
SEND b2-full 47/100 table=page_000261_table_box_id_3 active=2
RECV b2-full 46/100 rank=95 id=page_001270_table_box_id_1 latency=1.2290s status=ok active=1
SEND b2-full 48/100 table=page_000505_table_1 active=2
RECV b2-full 47/100 rank=54 id=page_000261_table_box_id_3 latency=1.6929s status=ok active=1
SEND b2-full 49/100 table=page_000682_table_15 active=2
RECV b2-full 49/100 rank=507 id=page_000682_table_15 latency=0.1883s status=ok active=1
SEND b2-full 50/100 table=page_000275_table_box_id_1 active=2
RECV b2-full 48/100 rank=121 id=page_000505_table_1 latency=1.1143s status=ok active=1
SEND b2-full 51/100 table=page_000789_table_34 active=2
RECV b2-full 51/100 rank=639 id=page_000789_table_34 latency=0.0718s status=ok active=1
SEND b2-full 52/100 table=page_001177_table_2 active=2
RECV b2-full 52/100 rank=229 id=page_001177_table_2 latency=0.5448s status=ok active=1
SEND b2-full 53/100 table=page_001398_table_box-13qv1ztw active=2
RECV b2-full 53/100 rank=511 id=page_001398_table_box-13qv1ztw latency=0.1823s status=ok active=1
SEND b2-full 54/100 table=page_001183_table_11 active=2
RECV b2-full 54/100 rank=395 id=page_001183_table_11 latency=0.3288s status=ok active=1
SEND b2-full 55/100 table=page_000507_table_0 active=2
RECV b2-full 55/100 rank=396 id=page_000507_table_0 latency=0.3192s status=ok active=1
SEND b2-full 56/100 table=page_000710_table_9 active=2
RECV b2-full 56/100 rank=514 id=page_000710_table_9 latency=0.1847s status=ok active=1
SEND b2-full 57/100 table=page_000657_table_6 active=2
RECV b2-full 57/100 rank=659 id=page_000657_table_6 latency=0.0456s status=ok active=1
SEND b2-full 58/100 table=page_001368_table_box_id_227 active=2
RECV b2-full 58/100 rank=264 id=page_001368_table_box_id_227 latency=0.4629s status=ok active=1
SEND b2-full 59/100 table=page_001176_table_4 active=2
RECV b2-full 59/100 rank=122 id=page_001176_table_4 latency=0.9587s status=ok active=1
SEND b2-full 60/100 table=page_001181_table_6 active=2
RECV b2-full 50/100 rank=12 id=page_000275_table_box_id_1 latency=4.2558s status=ok active=1
SEND b2-full 61/100 table=page_000937_table_0 active=2
RECV b2-full 61/100 rank=350 id=page_000937_table_0 latency=0.3706s status=ok active=1
SEND b2-full 62/100 table=page_001368_table_box_id_237 active=2
RECV b2-full 60/100 rank=72 id=page_001181_table_6 latency=1.4492s status=ok active=1
SEND b2-full 63/100 table=page_000217_table_box_id_0 active=2
RECV b2-full 62/100 rank=468 id=page_001368_table_box_id_237 latency=0.2262s status=ok active=1
SEND b2-full 64/100 table=page_001159_table_5 active=2
RECV b2-full 63/100 rank=391 id=page_000217_table_box_id_0 latency=0.4075s status=ok active=1
SEND b2-full 65/100 table=page_000626_table_box_id_1 active=2
RECV b2-full 64/100 rank=224 id=page_001159_table_5 latency=0.6621s status=ok active=1
SEND b2-full 66/100 table=page_000984_table_2 active=2
RECV b2-full 66/100 rank=625 id=page_000984_table_2 latency=0.0848s status=ok active=1
SEND b2-full 67/100 table=page_001082_table_34 active=2
RECV b2-full 67/100 rank=171 id=page_001082_table_34 latency=0.7414s status=ok active=1
SEND b2-full 68/100 table=page_000467_table_17 active=2
RECV b2-full 65/100 rank=44 id=page_000626_table_box_id_1 latency=1.9764s status=ok active=1
SEND b2-full 69/100 table=page_000866_table_14 active=2
RECV b2-full 68/100 rank=120 id=page_000467_table_17 latency=1.0186s status=ok active=1
SEND b2-full 70/100 table=page_001227_table_10 active=2
RECV b2-full 69/100 rank=419 id=page_000866_table_14 latency=0.3821s status=ok active=1
SEND b2-full 71/100 table=page_000916_table_7 active=2
RECV b2-full 71/100 rank=265 id=page_000916_table_7 latency=0.4709s status=ok active=1
SEND b2-full 72/100 table=page_000251_table_box_id_7 active=2
RECV b2-full 72/100 rank=184 id=page_000251_table_box_id_7 latency=0.6731s status=ok active=1
SEND b2-full 73/100 table=page_001131_table_15 active=2
RECV b2-full 70/100 rank=75 id=page_001227_table_10 latency=1.5116s status=ok active=1
SEND b2-full 74/100 table=page_001183_table_12 active=2
RECV b2-full 73/100 rank=469 id=page_001131_table_15 latency=0.2910s status=ok active=1
SEND b2-full 75/100 table=page_000266_table_box_id_7 active=2
RECV b2-full 75/100 rank=509 id=page_000266_table_box_id_7 latency=0.1861s status=ok active=1
SEND b2-full 76/100 table=page_000447_table_12 active=2
RECV b2-full 74/100 rank=285 id=page_001183_table_12 latency=0.5266s status=ok active=1
SEND b2-full 77/100 table=page_001193_table_4 active=2
RECV b2-full 76/100 rank=371 id=page_000447_table_12 latency=0.4154s status=ok active=1
SEND b2-full 78/100 table=page_001368_table_box_id_239 active=2
RECV b2-full 78/100 rank=512 id=page_001368_table_box_id_239 latency=0.1788s status=ok active=1
SEND b2-full 79/100 table=page_000903_table_15 active=2
RECV b2-full 77/100 rank=342 id=page_001193_table_4 latency=0.4092s status=ok active=1
SEND b2-full 80/100 table=page_001167_table_2 active=2
RECV b2-full 79/100 rank=522 id=page_000903_table_15 latency=0.2153s status=ok active=1
SEND b2-full 81/100 table=page_000212_table_box_id_1 active=2
RECV b2-full 80/100 rank=422 id=page_001167_table_2 latency=0.4202s status=ok active=1
SEND b2-full 82/100 table=page_001147_table_10 active=2
RECV b2-full 81/100 rank=113 id=page_000212_table_box_id_1 latency=1.0884s status=ok active=1
SEND b2-full 83/100 table=page_000223_table_box_id_2 active=2
RECV b2-full 82/100 rank=90 id=page_001147_table_10 latency=1.2670s status=ok active=1
SEND b2-full 84/100 table=page_000716_table_0 active=2
RECV b2-full 84/100 rank=588 id=page_000716_table_0 latency=0.1166s status=ok active=1
SEND b2-full 85/100 table=page_000937_table_1 active=2
RECV b2-full 85/100 rank=415 id=page_000937_table_1 latency=0.3011s status=ok active=1
SEND b2-full 86/100 table=page_000465_table_10 active=2
RECV b2-full 83/100 rank=114 id=page_000223_table_box_id_2 latency=1.1847s status=ok active=1
SEND b2-full 87/100 table=page_000465_table_8 active=2
RECV b2-full 86/100 rank=339 id=page_000465_table_10 latency=0.3797s status=ok active=1
SEND b2-full 88/100 table=page_001179_table_6 active=2
RECV b2-full 87/100 rank=331 id=page_000465_table_8 latency=0.4671s status=ok active=1
SEND b2-full 89/100 table=page_000554_table_12 active=2
RECV b2-full 89/100 rank=538 id=page_000554_table_12 latency=0.1571s status=ok active=1
SEND b2-full 90/100 table=page_000199_table_box_id_0 active=2
RECV b2-full 88/100 rank=61 id=page_001179_table_6 latency=1.6676s status=ok active=1
SEND b2-full 91/100 table=page_000516_table_0 active=2
RECV b2-full 90/100 rank=80 id=page_000199_table_box_id_0 latency=1.3551s status=ok active=1
SEND b2-full 92/100 table=page_001214_table_8 active=2
RECV b2-full 92/100 rank=359 id=page_001214_table_8 latency=0.3666s status=ok active=1
SEND b2-full 93/100 table=page_001368_table_box_id_161 active=2
RECV b2-full 91/100 rank=125 id=page_000516_table_0 latency=1.0347s status=ok active=1
SEND b2-full 94/100 table=page_000577_table_3 active=2
RECV b2-full 93/100 rank=332 id=page_001368_table_box_id_161 latency=0.3792s status=ok active=1
SEND b2-full 95/100 table=page_000984_table_3 active=2
RECV b2-full 94/100 rank=382 id=page_000577_table_3 latency=0.4045s status=ok active=1
SEND b2-full 96/100 table=page_001187_table_0 active=2
RECV b2-full 95/100 rank=238 id=page_000984_table_3 latency=0.6860s status=ok active=1
SEND b2-full 97/100 table=page_000821_table_box_id_14 active=2
RECV b2-full 97/100 rank=585 id=page_000821_table_box_id_14 latency=0.1216s status=ok active=1
SEND b2-full 98/100 table=page_000833_table_4 active=2
RECV b2-full 98/100 rank=352 id=page_000833_table_4 latency=0.3793s status=ok active=1
SEND b2-full 99/100 table=page_001375_table_31 active=2
RECV b2-full 99/100 rank=631 id=page_001375_table_31 latency=0.0741s status=ok active=1
SEND b2-full 100/100 table=page_000645_table_7 active=2
RECV b2-full 100/100 rank=533 id=page_000645_table_7 latency=0.1568s status=ok active=1
RECV b2-full 96/100 rank=28 id=page_001187_table_0 latency=2.3230s status=ok active=0
DONE b2-full requests=100 failures=0 max_in_flight=2 wall=35.2982s qps=2.8330 p50=0.4178s p95=1.9938s max=4.4464s
