{"timestamp":"2026-09-13T17:16:40.118819+00:00","event":"startup","model_path":"/workspace/models/PaddleOCR-VL-1.6","graph_cache_directory":"/workspace/repos/paddle_ocr_vl_npu/.runtime_cache/19_current_checkpoint_20260913","log_folder":"/workspace/repos/table_step1_be691de1_20260910/tmp/19_table_ocr_serving/logging_20260913/basic/b8/service_logs","host":"127.0.0.1","port":8767,"request_timeout_s":3600.0,"shutdown_timeout_s":900.0,"max_image_bytes":67108864,"max_in_flight_requests":64,"device":"npu:0","decode_batch_size":8,"full_decode_lm_head":false,"run_eagerly":false,"metrics_level":"basic"}
{"timestamp":"2026-09-13T17:16:40.120845+00:00","event":"waiting_for_model","worker_pid":118006}
{"timestamp":"2026-09-13T17:16:49.117523+00:00","event":"setup","stage":"frontend","status":"start","elapsed_s":null}
{"timestamp":"2026-09-13T17:16:50.274884+00:00","event":"setup","stage":"frontend","status":"done","elapsed_s":1.588914649997605}
{"timestamp":"2026-09-13T17:16:50.275084+00:00","event":"setup","stage":"model_load","status":"start","elapsed_s":null}
{"timestamp":"2026-09-13T17:17:01.376564+00:00","event":"setup","stage":"model_load","status":"done","elapsed_s":11.10297996000736}
{"timestamp":"2026-09-13T17:17:01.376762+00:00","event":"setup","stage":"decode_lm_head","status":"start","elapsed_s":null}
{"timestamp":"2026-09-13T17:17:01.451526+00:00","event":"setup","stage":"decode_lm_head","status":"done","elapsed_s":0.07500394998351112}
{"timestamp":"2026-09-13T17:17:01.451641+00:00","event":"setup","stage":"vision_mlp_padding","status":"start","elapsed_s":null}
{"timestamp":"2026-09-13T17:17:01.480441+00:00","event":"setup","stage":"vision_mlp_padding","status":"done","elapsed_s":0.02853176000644453}
{"timestamp":"2026-09-13T17:17:01.480483+00:00","event":"setup","stage":"vision_attention_weight_padding","status":"start","elapsed_s":null}
{"timestamp":"2026-09-13T17:17:01.550153+00:00","event":"setup","stage":"vision_attention_weight_padding","status":"done","elapsed_s":0.06926394000765868}
{"timestamp":"2026-09-13T17:17:01.550263+00:00","event":"setup","stage":"vision_weight_format","status":"start","elapsed_s":null}
{"timestamp":"2026-09-13T17:17:07.484632+00:00","event":"setup","stage":"vision_weight_format","status":"done","elapsed_s":5.93494690998341}
{"timestamp":"2026-09-13T17:17:07.484876+00:00","event":"setup","stage":"decode_optimization_setup","status":"start","elapsed_s":null}
{"timestamp":"2026-09-13T17:17:07.979253+00:00","event":"setup","stage":"decode_optimization_setup","status":"done","elapsed_s":0.4938740700017661}
{"timestamp":"2026-09-13T17:17:07.979484+00:00","event":"setup","stage":"decode_weight_format","status":"start","elapsed_s":null}
{"timestamp":"2026-09-13T17:17:07.996529+00:00","event":"setup","stage":"decode_weight_format","status":"done","elapsed_s":0.018169250019127503}
{"timestamp":"2026-09-13T17:17:07.999615+00:00","event":"setup","stage":"vision_runtime","status":"start","elapsed_s":null}
{"timestamp":"2026-09-13T17:17:08.952192+00:00","event":"setup","stage":"vision graph 1/10, tokens=256","status":"start","elapsed_s":null}
{"timestamp":"2026-09-13T17:17:09.484860+00:00","event":"setup","stage":"vision graph 1/10, tokens=256","status":"done","elapsed_s":0.5258728500048164}
{"timestamp":"2026-09-13T17:17:09.485049+00:00","event":"setup","stage":"vision graph 2/10, tokens=384","status":"start","elapsed_s":null}
{"timestamp":"2026-09-13T17:17:10.002160+00:00","event":"setup","stage":"vision graph 2/10, tokens=384","status":"done","elapsed_s":0.513861720013665}
{"timestamp":"2026-09-13T17:17:10.002349+00:00","event":"setup","stage":"vision graph 3/10, tokens=512","status":"start","elapsed_s":null}
{"timestamp":"2026-09-13T17:17:10.525214+00:00","event":"setup","stage":"vision graph 3/10, tokens=512","status":"done","elapsed_s":0.5196127699746285}
{"timestamp":"2026-09-13T17:17:10.525401+00:00","event":"setup","stage":"vision graph 4/10, tokens=640","status":"start","elapsed_s":null}
{"timestamp":"2026-09-13T17:17:11.050151+00:00","event":"setup","stage":"vision graph 4/10, tokens=640","status":"done","elapsed_s":0.5215624600241426}
{"timestamp":"2026-09-13T17:17:11.050340+00:00","event":"setup","stage":"vision graph 5/10, tokens=768","status":"start","elapsed_s":null}
{"timestamp":"2026-09-13T17:17:11.581694+00:00","event":"setup","stage":"vision graph 5/10, tokens=768","status":"done","elapsed_s":0.5281448599998839}
{"timestamp":"2026-09-13T17:17:11.581898+00:00","event":"setup","stage":"vision graph 6/10, tokens=1408","status":"start","elapsed_s":null}
{"timestamp":"2026-09-13T17:17:12.119040+00:00","event":"setup","stage":"vision graph 6/10, tokens=1408","status":"done","elapsed_s":0.5337998300092295}
{"timestamp":"2026-09-13T17:17:12.119226+00:00","event":"setup","stage":"vision graph 7/10, tokens=1920","status":"start","elapsed_s":null}
{"timestamp":"2026-09-13T17:17:12.659199+00:00","event":"setup","stage":"vision graph 7/10, tokens=1920","status":"done","elapsed_s":0.5367829700117}
{"timestamp":"2026-09-13T17:17:12.659405+00:00","event":"setup","stage":"vision graph 8/10, tokens=2048","status":"start","elapsed_s":null}
{"timestamp":"2026-09-13T17:17:13.211766+00:00","event":"setup","stage":"vision graph 8/10, tokens=2048","status":"done","elapsed_s":0.5491315599938389}
{"timestamp":"2026-09-13T17:17:13.211948+00:00","event":"setup","stage":"vision graph 9/10, tokens=2944","status":"start","elapsed_s":null}
{"timestamp":"2026-09-13T17:17:13.766911+00:00","event":"setup","stage":"vision graph 9/10, tokens=2944","status":"done","elapsed_s":0.5515320400008932}
{"timestamp":"2026-09-13T17:17:13.767099+00:00","event":"setup","stage":"vision graph 10/10, tokens=4096","status":"start","elapsed_s":null}
{"timestamp":"2026-09-13T17:17:14.332842+00:00","event":"setup","stage":"vision graph 10/10, tokens=4096","status":"done","elapsed_s":0.564635590009857}
{"timestamp":"2026-09-13T17:17:14.333029+00:00","event":"setup","stage":"vision_runtime","status":"done","elapsed_s":6.335570459981682}
{"timestamp":"2026-09-13T17:17:14.336959+00:00","event":"setup","stage":"text_prefill_runtime","status":"start","elapsed_s":null}
{"timestamp":"2026-09-13T17:17:14.337050+00:00","event":"setup","stage":"text prefill graph 1/5, tokens=128","status":"start","elapsed_s":null}
{"timestamp":"2026-09-13T17:17:14.999246+00:00","event":"setup","stage":"text prefill graph 1/5, tokens=128","status":"done","elapsed_s":0.6501613399595954}
{"timestamp":"2026-09-13T17:17:14.999446+00:00","event":"setup","stage":"text prefill graph 2/5, tokens=256","status":"start","elapsed_s":null}
{"timestamp":"2026-09-13T17:17:15.653963+00:00","event":"setup","stage":"text prefill graph 2/5, tokens=256","status":"done","elapsed_s":0.6506163099838886}
{"timestamp":"2026-09-13T17:17:15.654187+00:00","event":"setup","stage":"text prefill graph 3/5, tokens=512","status":"start","elapsed_s":null}
{"timestamp":"2026-09-13T17:17:16.309758+00:00","event":"setup","stage":"text prefill graph 3/5, tokens=512","status":"done","elapsed_s":0.651749220007332}
{"timestamp":"2026-09-13T17:17:16.309958+00:00","event":"setup","stage":"text prefill graph 4/5, tokens=1024","status":"start","elapsed_s":null}
{"timestamp":"2026-09-13T17:17:16.970922+00:00","event":"setup","stage":"text prefill graph 4/5, tokens=1024","status":"done","elapsed_s":0.6571514600072987}
{"timestamp":"2026-09-13T17:17:16.971134+00:00","event":"setup","stage":"text prefill graph 5/5, tokens=1152","status":"start","elapsed_s":null}
{"timestamp":"2026-09-13T17:17:17.638839+00:00","event":"setup","stage":"text prefill graph 5/5, tokens=1152","status":"done","elapsed_s":0.6657309599977452}
{"timestamp":"2026-09-13T17:17:17.639071+00:00","event":"setup","stage":"text_prefill_runtime","status":"done","elapsed_s":3.305901799991261}
{"timestamp":"2026-09-13T17:17:17.639116+00:00","event":"setup","stage":"text_decode_runtime","status":"start","elapsed_s":null}
{"timestamp":"2026-09-13T17:17:17.893027+00:00","event":"setup","stage":"text_decode_runtime","status":"done","elapsed_s":0.21309236998786218}
{"timestamp":"2026-09-13T17:17:17.902794+00:00","event":"setup","stage":"private_cache_pool","status":"start","elapsed_s":null}
{"timestamp":"2026-09-13T17:17:17.909066+00:00","event":"setup","stage":"private_cache_pool","status":"done","elapsed_s":0.006197520007845014}
{"timestamp":"2026-09-13T17:17:17.909111+00:00","event":"setup","stage":"decode_control","status":"start","elapsed_s":null}
{"timestamp":"2026-09-13T17:17:18.306431+00:00","event":"setup","stage":"decode_control","status":"done","elapsed_s":0.006917799997609109}
{"timestamp":"2026-09-13T17:17:18.355135+00:00","event":"setup","stage":"recognizer_runtime","status":"done","elapsed_s":29.241394399985438}
{"timestamp":"2026-09-13T17:17:18.355603+00:00","event":"inference_ready","configuration":{"recognizer_model":"/workspace/models/PaddleOCR-VL-1.6","device":"npu:0","dtype":"torch.float16","decode_backend":"torchair","decode_vocab":{"enabled":true,"path":"/workspace/repos/paddle_ocr_vl_npu/19_table_ocr_serving/presets/table_compact_vocab/native_han_core_60416.json","full_vocab_size":103424,"selected_vocab_size":60416,"token_ids_sha256":"c730b5388f9871ead92e2cb484f8df81ba69518f1e8baeccc5a37f44c1514637","source":null,"selection":"Existing 16384 row order; remaining reviewed native/Han/core IDs ascending; 64 remaining mapped IDs ascending."},"full_decode_lm_head":false,"token_selection":"greedy","cache_length":4096,"max_new_tokens":4096,"batch_size":8,"vision_prefill":{"backend":"torchair","enabled":true,"boundary":"vision_encoder_layers_plus_post_layernorm","buckets":[256,384,512,640,768,1408,1920,2048,2944,4096],"sequence_alignment":128,"padding":"bucket","overflow":"eager_same_stage_unpadded","compile_api":"torchair.inference.cache_compile","dynamic":false,"fullgraph":true,"torchair_ge_cache":true,"compile_wrapper_total_s":0.0007072799489833415,"compile_first_call_total_s":5.344229370093672,"per_bucket":{"256":{"compile_wrapper_s":9.374998626299202e-05,"compile_first_call_s":0.5257791000185534,"torchair_cache_dir":"/workspace/repos/paddle_ocr_vl_npu/.runtime_cache/19_current_checkpoint_20260913/653d42c51f0d/vision_prefill/seq256"},"384":{"compile_wrapper_s":7.500001811422408e-05,"compile_first_call_s":0.5137867199955508,"torchair_cache_dir":"/workspace/repos/paddle_ocr_vl_npu/.runtime_cache/19_current_checkpoint_20260913/653d42c51f0d/vision_prefill/seq384"},"512":{"compile_wrapper_s":6.67999847792089e-05,"compile_first_call_s":0.5195459699898493,"torchair_cache_dir":"/workspace/repos/paddle_ocr_vl_npu/.runtime_cache/19_current_checkpoint_20260913/653d42c51f0d/vision_prefill/seq512"},"640":{"compile_wrapper_s":6.330999894998968e-05,"compile_first_call_s":0.5214991500251926,"torchair_cache_dir":"/workspace/repos/paddle_ocr_vl_npu/.runtime_cache/19_current_checkpoint_20260913/653d42c51f0d/vision_prefill/seq640"},"768":{"compile_wrapper_s":6.634998135268688e-05,"compile_first_call_s":0.5280785100185312,"torchair_cache_dir":"/workspace/repos/paddle_ocr_vl_npu/.runtime_cache/19_current_checkpoint_20260913/653d42c51f0d/vision_prefill/seq768"},"1408":{"compile_wrapper_s":6.528000812977552e-05,"compile_first_call_s":0.5337345500010997,"torchair_cache_dir":"/workspace/repos/paddle_ocr_vl_npu/.runtime_cache/19_current_checkpoint_20260913/653d42c51f0d/vision_prefill/seq1408"},"1920":{"compile_wrapper_s":7.07400031387806e-05,"compile_first_call_s":0.5367122300085612,"torchair_cache_dir":"/workspace/repos/paddle_ocr_vl_npu/.runtime_cache/19_current_checkpoint_20260913/653d42c51f0d/vision_prefill/seq1920"},"2048":{"compile_wrapper_s":6.35799951851368e-05,"compile_first_call_s":0.5490679799986538,"torchair_cache_dir":"/workspace/repos/paddle_ocr_vl_npu/.runtime_cache/19_current_checkpoint_20260913/653d42c51f0d/vision_prefill/seq2048"},"2944":{"compile_wrapper_s":6.867997581139207e-05,"compile_first_call_s":0.5514633600250818,"torchair_cache_dir":"/workspace/repos/paddle_ocr_vl_npu/.runtime_cache/19_current_checkpoint_20260913/653d42c51f0d/vision_prefill/seq2944"},"4096":{"compile_wrapper_s":7.378999725915492e-05,"compile_first_call_s":0.5645618000125978,"torchair_cache_dir":"/workspace/repos/paddle_ocr_vl_npu/.runtime_cache/19_current_checkpoint_20260913/653d42c51f0d/vision_prefill/seq4096"}},"cache_key_fields":{"dtype":"torch.float16","torch":"2.10.0+cpu","attention":"prompt_flash_attention","prompt_flash_attention_layout":"bnsd","prompt_flash_attention_mask_sparse_mode":1,"softmax_dtype":"fp32","execution_mode":"inference"}},"vision_mlp":{"source_intermediate_size":4304,"target_intermediate_size":4352,"layer_count":27,"zero_extended":true},"vision_linear_weight_format":{"target_format":"FRACTAL_NZ","target_format_code":29,"linear_weight_count":162,"before_format_histogram":{"2":162},"after_format_histogram":{"29":162},"converted_count":162,"all_after_are_nz":true},"vision_backend":"torchair","vision_attention":"prompt_flash_attention","decode_device_timing":false,"compact_decode_control":false,"vision_sequence_alignment":128,"vision_packing":{"mode":"off","target":1920,"lookahead":32,"grouping":"independent_crops","oversized":"faithful_eager_single_crop_route","batched_runtime":null},"vision_prompt_fa_layout":"bnsd","text_prefill":{"backend":"torchair","enabled":true,"boundary":"text_transformer_plus_in_place_prefill_kv_writes","buckets":[128,256,512,1024,1152],"padding":"bucket","overflow":"eager_same_stage_unpadded","compile_api":"torchair.inference.cache_compile","dynamic":false,"fullgraph":true,"torchair_ge_cache":true,"compile_wrapper_total_s":0.00033802000689320266,"compile_first_call_total_s":3.275071269948967,"per_bucket":{"128":{"compile_wrapper_s":7.09699816070497e-05,"compile_first_call_s":0.6500903699779883,"torchair_cache_dir":"/workspace/repos/paddle_ocr_vl_npu/.runtime_cache/19_current_checkpoint_20260913/653d42c51f0d/text_prefill/seq128_kv4096"},"256":{"compile_wrapper_s":7.007000385783613e-05,"compile_first_call_s":0.6505462399800308,"torchair_cache_dir":"/workspace/repos/paddle_ocr_vl_npu/.runtime_cache/19_current_checkpoint_20260913/653d42c51f0d/text_prefill/seq256_kv4096"},"512":{"compile_wrapper_s":6.518000736832619e-05,"compile_first_call_s":0.6516840399999637,"torchair_cache_dir":"/workspace/repos/paddle_ocr_vl_npu/.runtime_cache/19_current_checkpoint_20260913/653d42c51f0d/text_prefill/seq512_kv4096"},"1024":{"compile_wrapper_s":6.54500036034733e-05,"compile_first_call_s":0.6570860100036953,"torchair_cache_dir":"/workspace/repos/paddle_ocr_vl_npu/.runtime_cache/19_current_checkpoint_20260913/653d42c51f0d/text_prefill/seq1024_kv4096"},"1152":{"compile_wrapper_s":6.635001045651734e-05,"compile_first_call_s":0.6656646099872887,"torchair_cache_dir":"/workspace/repos/paddle_ocr_vl_npu/.runtime_cache/19_current_checkpoint_20260913/653d42c51f0d/text_prefill/seq1152_kv4096"}},"cache_key_fields":{"cache_length":4096,"torch":"2.10.0+cpu","attention":"manual_causal","softmax_dtype":"fp32","execution_mode":"inference"}},"text_backend":"torchair","text_packing":{"mode":"off","buckets":[128,256,512,1024],"max_members":32,"grouping":"independent_crops","runtime":null},"preprocessor":{"effective_min_pixels":28224,"effective_max_pixels":802816,"patch_size":14,"merge_size":2,"resize_factor":28,"nominal_minimum_projected_image_tokens":36},"cpu_preprocessing":{"execution":"background_thread","workers":1,"max_pending":8,"ordering":"fifo","pin_recognition_inputs":"best_effort"},"prefill_production":"next_crop_h2d_staged_before_ready_yield","prefill_transfer":"dedicated_stream_event_dependencies","decode":"compiled_static_b8","decode_schedule":"run_scoped_persistent_slots_iteration_hot_swap","ready_buffer_capacity":8,"ready_buffer_low_watermark":4,"private_cache_staging_headroom":32,"decode_completion_detection":"queue_depth_one_async_token_copy","private_prefill_cache":{"storage":"zero_once_fixed_arena","capacity":40,"allocated_bytes":3019898880,"acquisitions":0,"reuses":0,"releases":0,"active_slots":0,"free_slots":40,"high_water_active_slots":0},"kv_admission":"full_prefill_cache_foreach_copy_into_fixed_slot","text_decode":{"backend":"torchair","enabled":true,"boundary":"token_embedding_text_transformer_lm_head_static_step","linear_weight_format":"decode_nz","torchair_cache_dir":"/workspace/repos/paddle_ocr_vl_npu/.runtime_cache/19_current_checkpoint_20260913/653d42c51f0d/decode/selected_vocab_60416_c730b5388f98/b8_kv4096","torchair_ge_cache":true,"compile_api":"torchair.inference.cache_compile","cache_key_fields":{"batch_size":8,"cache_length":4096,"torch":"2.10.0+cpu","execution_mode":"inference"},"cache_num_key_value_heads":2,"cache_allocated_bytes":603979776},"linear_weight_format":{"requested_mode":"decode_nz","mode":"decode_nz","effective_mode":"decode_nz","target_format":"FRACTAL_NZ","target_format_code":29,"target_count":164,"cast_count":164,"converted_count":164,"already_nz_count":0,"converted_modules_sample":["model.layers.0.self_attn.q_proj","model.layers.0.self_attn.k_proj","model.layers.0.self_attn.v_proj","model.layers.0.self_attn.o_proj","model.layers.0.self_attn.decode_qkv_proj","model.layers.0.mlp.gate_proj","model.layers.0.mlp.up_proj","model.layers.0.mlp.down_proj","model.layers.0.mlp.decode_gate_up_proj","model.layers.1.self_attn.q_proj","model.layers.1.self_attn.k_proj","model.layers.1.self_attn.v_proj","model.layers.1.self_attn.o_proj","model.layers.1.self_attn.decode_qkv_proj","model.layers.1.mlp.gate_proj","model.layers.1.mlp.up_proj"],"before_formats_sample":{"model.layers.0.self_attn.q_proj":2,"model.layers.0.self_attn.k_proj":2,"model.layers.0.self_attn.v_proj":2,"model.layers.0.self_attn.o_proj":2,"model.layers.0.self_attn.decode_qkv_proj":2,"model.layers.0.mlp.gate_proj":2,"model.layers.0.mlp.up_proj":2,"model.layers.0.mlp.down_proj":2,"model.layers.0.mlp.decode_gate_up_proj":2,"model.layers.1.self_attn.q_proj":2,"model.layers.1.self_attn.k_proj":2,"model.layers.1.self_attn.v_proj":2,"model.layers.1.self_attn.o_proj":2,"model.layers.1.self_attn.decode_qkv_proj":2,"model.layers.1.mlp.gate_proj":2,"model.layers.1.mlp.up_proj":2},"after_formats_sample":{"model.layers.0.self_attn.q_proj":29,"model.layers.0.self_attn.k_proj":29,"model.layers.0.self_attn.v_proj":29,"model.layers.0.self_attn.o_proj":29,"model.layers.0.self_attn.decode_qkv_proj":29,"model.layers.0.mlp.gate_proj":29,"model.layers.0.mlp.up_proj":29,"model.layers.0.mlp.down_proj":29,"model.layers.0.mlp.decode_gate_up_proj":29,"model.layers.1.self_attn.q_proj":29,"model.layers.1.self_attn.k_proj":29,"model.layers.1.self_attn.v_proj":29,"model.layers.1.self_attn.o_proj":29,"model.layers.1.self_attn.decode_qkv_proj":29,"model.layers.1.mlp.gate_proj":29,"model.layers.1.mlp.up_proj":29},"all_after_are_nz":true},"setup_gc":{"enabled":true,"setup_collected":21,"frozen_objects":624959,"gc_remains_enabled":true,"setup_wall_s":0.4390857700200286},"request_scheduling_metrics":false,"metrics_level":"basic"},"worker_pid":118006,"startup_wall_s":38.237950740003726}
{"timestamp":"2026-09-13T17:17:18.356277+00:00","event":"heartbeat","output_tokens_including_eos":0,"active_decode_slots":0,"decode_batch_size":8,"cpu_preparation_or_prefill_waiting":0,"prefilled_waiting_for_decode":0,"unfinished_requests":0,"interval_s":null,"output_tokens_per_s":null,"accepted_since_last_heartbeat":0,"completed_since_last_heartbeat":0,"failed_since_last_heartbeat":0,"rejected_since_last_heartbeat":0,"timed_out_since_last_heartbeat":0,"accepted_requests_per_s":null,"completed_requests_per_s":null,"max_in_flight_requests":64}
{"timestamp":"2026-09-13T17:17:18.359434+00:00","event":"http_ready","url":"http://127.0.0.1:8767","worker_pid":118006}
{"timestamp":"2026-09-13T17:17:19.578387+00:00","event":"request_accepted","request_id":"client-001-page_001272_table_1:aacea7e7a49e4c55be2c923253fd94e0","crop_type":"table","unfinished_requests":1}
{"timestamp":"2026-09-13T17:17:21.472911+00:00","event":"request_finished","request_id":"client-001-page_001272_table_1:aacea7e7a49e4c55be2c923253fd94e0","crop_type":"table","worker_wall_s":1.8943528399977367,"generated_tokens_including_eos":952,"stop_reason":"eos"}
{"timestamp":"2026-09-13T17:17:21.473754+00:00","event":"response_sent","request_id":"client-001-page_001272_table_1:aacea7e7a49e4c55be2c923253fd94e0","http_status":200}
{"timestamp":"2026-09-13T17:17:33.364786+00:00","event":"heartbeat","output_tokens_including_eos":952,"active_decode_slots":0,"decode_batch_size":8,"cpu_preparation_or_prefill_waiting":0,"prefilled_waiting_for_decode":0,"unfinished_requests":0,"interval_s":15.008798060007393,"output_tokens_per_s":63.429462918600365,"accepted_since_last_heartbeat":1,"completed_since_last_heartbeat":1,"failed_since_last_heartbeat":0,"rejected_since_last_heartbeat":0,"timed_out_since_last_heartbeat":0,"accepted_requests_per_s":0.06662758709937013,"completed_requests_per_s":0.06662758709937013,"max_in_flight_requests":64}
{"timestamp":"2026-09-13T17:17:38.830911+00:00","event":"request_accepted","request_id":"load-00001-page_000287_table_box_id_8:8844843b4c2f4790be38fd507b3efefd","crop_type":"table","unfinished_requests":1}
{"timestamp":"2026-09-13T17:17:39.143396+00:00","event":"request_accepted","request_id":"load-00002-page_001367_table_51:1f3749be3e814fc7841f04130b2a24ae","crop_type":"table","unfinished_requests":2}
{"timestamp":"2026-09-13T17:17:39.384288+00:00","event":"request_accepted","request_id":"load-00003-page_000236_table_box_id_1:40110008899349088b12d0a512f4c973","crop_type":"table","unfinished_requests":3}
{"timestamp":"2026-09-13T17:17:39.433323+00:00","event":"request_accepted","request_id":"load-00004-page_000634_table_11:42230e80644e4bb2a94d214091fad6af","crop_type":"table","unfinished_requests":4}
{"timestamp":"2026-09-13T17:17:39.547529+00:00","event":"request_accepted","request_id":"load-00005-page_000272_table_box_id_1:18b9dcdcbcc0486b98a6f2c21f15d4cb","crop_type":"table","unfinished_requests":5}
{"timestamp":"2026-09-13T17:17:39.648299+00:00","event":"request_accepted","request_id":"load-00006-page_001172_table_16:cde18f25958e41b49b63c4f34d5cb2d2","crop_type":"table","unfinished_requests":6}
{"timestamp":"2026-09-13T17:17:39.823507+00:00","event":"request_accepted","request_id":"load-00007-page_001137_table_2:b22f6dbff0a94dfc8a3e96e225af87ba","crop_type":"table","unfinished_requests":7}
{"timestamp":"2026-09-13T17:17:40.066282+00:00","event":"request_finished","request_id":"load-00003-page_000236_table_box_id_1:40110008899349088b12d0a512f4c973","crop_type":"table","worker_wall_s":0.6811873900005594,"generated_tokens_including_eos":202,"stop_reason":"eos"}
{"timestamp":"2026-09-13T17:17:40.067339+00:00","event":"response_sent","request_id":"load-00003-page_000236_table_box_id_1:40110008899349088b12d0a512f4c973","http_status":200}
{"timestamp":"2026-09-13T17:17:40.081522+00:00","event":"request_accepted","request_id":"load-00008-page_001150_table_box_id_9:5bb47de00c3c417bbaeeb3dc401ed46f","crop_type":"table","unfinished_requests":7}
{"timestamp":"2026-09-13T17:17:40.099439+00:00","event":"request_accepted","request_id":"load-00009-page_000920_table_8:d8c9ec2f01d845399c91c7175a4474cc","crop_type":"table","unfinished_requests":8}
{"timestamp":"2026-09-13T17:17:40.102575+00:00","event":"request_accepted","request_id":"load-00010-page_000524_table_0:a2065fd70878465b8ca12b1019fcc17f","crop_type":"table","unfinished_requests":9}
{"timestamp":"2026-09-13T17:17:40.288837+00:00","event":"request_finished","request_id":"load-00002-page_001367_table_51:1f3749be3e814fc7841f04130b2a24ae","crop_type":"table","worker_wall_s":1.1450233999930788,"generated_tokens_including_eos":405,"stop_reason":"eos"}
{"timestamp":"2026-09-13T17:17:40.289698+00:00","event":"response_sent","request_id":"load-00002-page_001367_table_51:1f3749be3e814fc7841f04130b2a24ae","http_status":200}
{"timestamp":"2026-09-13T17:17:40.379145+00:00","event":"request_finished","request_id":"load-00006-page_001172_table_16:cde18f25958e41b49b63c4f34d5cb2d2","crop_type":"table","worker_wall_s":0.7305824600043707,"generated_tokens_including_eos":212,"stop_reason":"eos"}
{"timestamp":"2026-09-13T17:17:40.379862+00:00","event":"response_sent","request_id":"load-00006-page_001172_table_16:cde18f25958e41b49b63c4f34d5cb2d2","http_status":200}
{"timestamp":"2026-09-13T17:17:40.403837+00:00","event":"request_accepted","request_id":"load-00011-page_000256_table_box_id_8:24fb9c640df34440bc7247c07b5eedea","crop_type":"table","unfinished_requests":8}
{"timestamp":"2026-09-13T17:17:40.497614+00:00","event":"request_accepted","request_id":"load-00012-page_001166_table_9:6207e9e000da4d73add6cbe01ee1ecf8","crop_type":"table","unfinished_requests":9}
{"timestamp":"2026-09-13T17:17:40.602316+00:00","event":"request_finished","request_id":"load-00004-page_000634_table_11:42230e80644e4bb2a94d214091fad6af","crop_type":"table","worker_wall_s":1.1686906199902296,"generated_tokens_including_eos":358,"stop_reason":"eos"}
{"timestamp":"2026-09-13T17:17:40.603093+00:00","event":"response_sent","request_id":"load-00004-page_000634_table_11:42230e80644e4bb2a94d214091fad6af","http_status":200}
{"timestamp":"2026-09-13T17:17:40.651503+00:00","event":"request_finished","request_id":"load-00009-page_000920_table_8:d8c9ec2f01d845399c91c7175a4474cc","crop_type":"table","worker_wall_s":0.5518638000066858,"generated_tokens_including_eos":151,"stop_reason":"eos"}
{"timestamp":"2026-09-13T17:17:40.652111+00:00","event":"response_sent","request_id":"load-00009-page_000920_table_8:d8c9ec2f01d845399c91c7175a4474cc","http_status":200}
{"timestamp":"2026-09-13T17:17:40.738031+00:00","event":"request_accepted","request_id":"load-00014-page_000933_table_10:7cd3ed42431b41ed80be60bba7eee0b5","crop_type":"table","unfinished_requests":8}
{"timestamp":"2026-09-13T17:17:40.738457+00:00","event":"request_accepted","request_id":"load-00013-page_000211_table_box_id_3:0a1961e7ec66429da1c0b5fa3818d220","crop_type":"table","unfinished_requests":9}
{"timestamp":"2026-09-13T17:17:40.836545+00:00","event":"request_accepted","request_id":"load-00015-page_001129_table_8:3ad76ef5ed5f40fca63c5da05d9fbb2d","crop_type":"table","unfinished_requests":10}
{"timestamp":"2026-09-13T17:17:40.916285+00:00","event":"request_finished","request_id":"load-00011-page_000256_table_box_id_8:24fb9c640df34440bc7247c07b5eedea","crop_type":"table","worker_wall_s":0.5121493799961172,"generated_tokens_including_eos":214,"stop_reason":"eos"}
{"timestamp":"2026-09-13T17:17:40.917104+00:00","event":"response_sent","request_id":"load-00011-page_000256_table_box_id_8:24fb9c640df34440bc7247c07b5eedea","http_status":200}
{"timestamp":"2026-09-13T17:17:40.996337+00:00","event":"request_finished","request_id":"load-00012-page_001166_table_9:6207e9e000da4d73add6cbe01ee1ecf8","crop_type":"table","worker_wall_s":0.4984194500138983,"generated_tokens_including_eos":149,"stop_reason":"eos"}
{"timestamp":"2026-09-13T17:17:40.996896+00:00","event":"response_sent","request_id":"load-00012-page_001166_table_9:6207e9e000da4d73add6cbe01ee1ecf8","http_status":200}
{"timestamp":"2026-09-13T17:17:41.048713+00:00","event":"request_accepted","request_id":"load-00016-page_001375_table_7:8df35aa777e04165a95a5e0faf893211","crop_type":"table","unfinished_requests":9}
{"timestamp":"2026-09-13T17:17:41.089920+00:00","event":"request_finished","request_id":"load-00014-page_000933_table_10:7cd3ed42431b41ed80be60bba7eee0b5","crop_type":"table","worker_wall_s":0.351601260015741,"generated_tokens_including_eos":83,"stop_reason":"eos"}
{"timestamp":"2026-09-13T17:17:41.090424+00:00","event":"response_sent","request_id":"load-00014-page_000933_table_10:7cd3ed42431b41ed80be60bba7eee0b5","http_status":200}
{"timestamp":"2026-09-13T17:17:41.092144+00:00","event":"request_accepted","request_id":"load-00017-page_000106_table_box_id_2:ba5b810cf3c3497b937f296a030efa72","crop_type":"table","unfinished_requests":9}
{"timestamp":"2026-09-13T17:17:41.092581+00:00","event":"request_finished","request_id":"load-00008-page_001150_table_box_id_9:5bb47de00c3c417bbaeeb3dc401ed46f","crop_type":"table","worker_wall_s":1.0103940799890552,"generated_tokens_including_eos":307,"stop_reason":"eos"}
{"timestamp":"2026-09-13T17:17:41.093110+00:00","event":"response_sent","request_id":"load-00008-page_001150_table_box_id_9:5bb47de00c3c417bbaeeb3dc401ed46f","http_status":200}
{"timestamp":"2026-09-13T17:17:41.381095+00:00","event":"request_finished","request_id":"load-00016-page_001375_table_7:8df35aa777e04165a95a5e0faf893211","crop_type":"table","worker_wall_s":0.33212005998939276,"generated_tokens_including_eos":122,"stop_reason":"eos"}
{"timestamp":"2026-09-13T17:17:41.381615+00:00","event":"response_sent","request_id":"load-00016-page_001375_table_7:8df35aa777e04165a95a5e0faf893211","http_status":200}
{"timestamp":"2026-09-13T17:17:41.405918+00:00","event":"request_finished","request_id":"load-00007-page_001137_table_2:b22f6dbff0a94dfc8a3e96e225af87ba","crop_type":"table","worker_wall_s":1.582127900008345,"generated_tokens_including_eos":567,"stop_reason":"eos"}
{"timestamp":"2026-09-13T17:17:41.406545+00:00","event":"response_sent","request_id":"load-00007-page_001137_table_2:b22f6dbff0a94dfc8a3e96e225af87ba","http_status":200}
{"timestamp":"2026-09-13T17:17:41.576866+00:00","event":"request_accepted","request_id":"load-00018-page_001134_table_10:e807e336df22401591c7c1b11ee8160c","crop_type":"table","unfinished_requests":7}
{"timestamp":"2026-09-13T17:17:41.649664+00:00","event":"request_finished","request_id":"load-00010-page_000524_table_0:a2065fd70878465b8ca12b1019fcc17f","crop_type":"table","worker_wall_s":1.5465575999987777,"generated_tokens_including_eos":569,"stop_reason":"eos"}
{"timestamp":"2026-09-13T17:17:41.651161+00:00","event":"response_sent","request_id":"load-00010-page_000524_table_0:a2065fd70878465b8ca12b1019fcc17f","http_status":200}
{"timestamp":"2026-09-13T17:17:41.767618+00:00","event":"request_finished","request_id":"load-00013-page_000211_table_box_id_3:0a1961e7ec66429da1c0b5fa3818d220","crop_type":"table","worker_wall_s":1.0288006599876098,"generated_tokens_including_eos":348,"stop_reason":"eos"}
{"timestamp":"2026-09-13T17:17:41.768389+00:00","event":"response_sent","request_id":"load-00013-page_000211_table_box_id_3:0a1961e7ec66429da1c0b5fa3818d220","http_status":200}
{"timestamp":"2026-09-13T17:17:41.891863+00:00","event":"request_finished","request_id":"load-00017-page_000106_table_box_id_2:ba5b810cf3c3497b937f296a030efa72","crop_type":"table","worker_wall_s":0.7994332399975974,"generated_tokens_including_eos":405,"stop_reason":"eos"}
{"timestamp":"2026-09-13T17:17:41.892506+00:00","event":"response_sent","request_id":"load-00017-page_000106_table_box_id_2:ba5b810cf3c3497b937f296a030efa72","http_status":200}
{"timestamp":"2026-09-13T17:17:41.962637+00:00","event":"request_accepted","request_id":"load-00019-page_000642_table_8:370c0e7d12f547258c2fe21b6d47478f","crop_type":"table","unfinished_requests":5}
{"timestamp":"2026-09-13T17:17:41.968331+00:00","event":"request_accepted","request_id":"load-00020-page_000564_table_7:2e9c91e436e84740a976160c619c316e","crop_type":"table","unfinished_requests":6}
{"timestamp":"2026-09-13T17:17:41.971691+00:00","event":"request_accepted","request_id":"load-00021-page_001368_table_box_id_242:68427abde9d94804939b0a6afdf11407","crop_type":"table","unfinished_requests":7}
{"timestamp":"2026-09-13T17:17:42.101712+00:00","event":"request_accepted","request_id":"load-00022-page_000263_table_box_id_7:7a515799c5dc458cb15a135c3db09fe9","crop_type":"table","unfinished_requests":8}
{"timestamp":"2026-09-13T17:17:42.455365+00:00","event":"request_finished","request_id":"load-00021-page_001368_table_box_id_242:68427abde9d94804939b0a6afdf11407","crop_type":"table","worker_wall_s":0.48339102999307215,"generated_tokens_including_eos":131,"stop_reason":"eos"}
{"timestamp":"2026-09-13T17:17:42.455919+00:00","event":"response_sent","request_id":"load-00021-page_001368_table_box_id_242:68427abde9d94804939b0a6afdf11407","http_status":200}
{"timestamp":"2026-09-13T17:17:42.527405+00:00","event":"request_finished","request_id":"load-00020-page_000564_table_7:2e9c91e436e84740a976160c619c316e","crop_type":"table","worker_wall_s":0.5588226300023962,"generated_tokens_including_eos":176,"stop_reason":"eos"}
{"timestamp":"2026-09-13T17:17:42.527938+00:00","event":"response_sent","request_id":"load-00020-page_000564_table_7:2e9c91e436e84740a976160c619c316e","http_status":200}
{"timestamp":"2026-09-13T17:17:42.569316+00:00","event":"request_accepted","request_id":"load-00023-page_000746_table_18:995f82351a4443dda491a8db48696ab7","crop_type":"table","unfinished_requests":7}
{"timestamp":"2026-09-13T17:17:42.622835+00:00","event":"request_finished","request_id":"load-00015-page_001129_table_8:3ad76ef5ed5f40fca63c5da05d9fbb2d","crop_type":"table","worker_wall_s":1.7859157499915455,"generated_tokens_including_eos":723,"stop_reason":"eos"}
{"timestamp":"2026-09-13T17:17:42.623535+00:00","event":"response_sent","request_id":"load-00015-page_001129_table_8:3ad76ef5ed5f40fca63c5da05d9fbb2d","http_status":200}
{"timestamp":"2026-09-13T17:17:42.650404+00:00","event":"request_accepted","request_id":"load-00024-page_000213_table_box_id_5:6efec80ae29b4f7ab14016f00b91c73d","crop_type":"table","unfinished_requests":7}
{"timestamp":"2026-09-13T17:17:42.689274+00:00","event":"request_accepted","request_id":"load-00025-page_000206_table_box_id_1:a5ca39a1a53b4cdd9d7dd642703dab86","crop_type":"table","unfinished_requests":8}
{"timestamp":"2026-09-13T17:17:42.781133+00:00","event":"request_accepted","request_id":"load-00026-page_000209_table_box_id_1:864e58bd61f94bc0879820c3e4e3af15","crop_type":"table","unfinished_requests":9}
{"timestamp":"2026-09-13T17:17:42.785874+00:00","event":"request_accepted","request_id":"load-00027-page_001216_table_2:a6ac041805434365bb8c85fa16508208","crop_type":"table","unfinished_requests":10}
{"timestamp":"2026-09-13T17:17:42.830211+00:00","event":"request_accepted","request_id":"load-00028-page_000188_table_box_id_6:698ee1c5e7394de0b13ea0a102f1b686","crop_type":"table","unfinished_requests":11}
{"timestamp":"2026-09-13T17:17:42.924415+00:00","event":"request_accepted","request_id":"load-00029-page_000921_table_9:7f726e2db29b4a2a8ec28adc7e947ec1","crop_type":"table","unfinished_requests":12}
{"timestamp":"2026-09-13T17:17:43.038184+00:00","event":"request_accepted","request_id":"load-00030-page_000533_table_8:6e8881dc8fe74bd2a68b97d5cf177d03","crop_type":"table","unfinished_requests":13}
{"timestamp":"2026-09-13T17:17:43.081999+00:00","event":"request_accepted","request_id":"load-00031-page_001123_table_14:758a79f73b6b4d9e904dd44fda399c97","crop_type":"table","unfinished_requests":14}
{"timestamp":"2026-09-13T17:17:43.128017+00:00","event":"request_accepted","request_id":"load-00032-page_001503_table_5:81bc8b76034a46e49a10ecab528e88b5","crop_type":"table","unfinished_requests":15}
{"timestamp":"2026-09-13T17:17:43.167042+00:00","event":"request_accepted","request_id":"load-00033-page_001197_table_5:63e8f779f3f84513ba989634575e486e","crop_type":"table","unfinished_requests":16}
{"timestamp":"2026-09-13T17:17:43.189714+00:00","event":"request_finished","request_id":"load-00018-page_001134_table_10:e807e336df22401591c7c1b11ee8160c","crop_type":"table","worker_wall_s":1.6123121499840636,"generated_tokens_including_eos":635,"stop_reason":"eos"}
{"timestamp":"2026-09-13T17:17:43.190455+00:00","event":"response_sent","request_id":"load-00018-page_001134_table_10:e807e336df22401591c7c1b11ee8160c","http_status":200}
{"timestamp":"2026-09-13T17:17:43.269624+00:00","event":"request_accepted","request_id":"load-00034-page_000542_table_0:2908e47745304b37a6781aec0b02fdb7","crop_type":"table","unfinished_requests":16}
{"timestamp":"2026-09-13T17:17:43.293037+00:00","event":"request_finished","request_id":"load-00001-page_000287_table_box_id_8:8844843b4c2f4790be38fd507b3efefd","crop_type":"table","worker_wall_s":4.461422849999508,"generated_tokens_including_eos":1768,"stop_reason":"eos"}
{"timestamp":"2026-09-13T17:17:43.294230+00:00","event":"response_sent","request_id":"load-00001-page_000287_table_box_id_8:8844843b4c2f4790be38fd507b3efefd","http_status":200}
{"timestamp":"2026-09-13T17:17:43.325766+00:00","event":"request_accepted","request_id":"load-00035-page_001130_table_1:d0e29aeb6d464289851c486d0ca0d36c","crop_type":"table","unfinished_requests":16}
{"timestamp":"2026-09-13T17:17:43.329905+00:00","event":"request_accepted","request_id":"load-00036-page_001595_table_box_id_9:d2853a281807435e819bfba8d0775568","crop_type":"table","unfinished_requests":17}
{"timestamp":"2026-09-13T17:17:43.447734+00:00","event":"request_finished","request_id":"load-00025-page_000206_table_box_id_1:a5ca39a1a53b4cdd9d7dd642703dab86","crop_type":"table","worker_wall_s":0.7581900400109589,"generated_tokens_including_eos":282,"stop_reason":"eos"}
{"timestamp":"2026-09-13T17:17:43.448322+00:00","event":"response_sent","request_id":"load-00025-page_000206_table_box_id_1:a5ca39a1a53b4cdd9d7dd642703dab86","http_status":200}
{"timestamp":"2026-09-13T17:17:43.592026+00:00","event":"request_finished","request_id":"load-00026-page_000209_table_box_id_1:864e58bd61f94bc0879820c3e4e3af15","crop_type":"table","worker_wall_s":0.8106810399913229,"generated_tokens_including_eos":135,"stop_reason":"eos"}
{"timestamp":"2026-09-13T17:17:43.592613+00:00","event":"response_sent","request_id":"load-00026-page_000209_table_box_id_1:864e58bd61f94bc0879820c3e4e3af15","http_status":200}
{"timestamp":"2026-09-13T17:17:43.592912+00:00","event":"request_finished","request_id":"load-00024-page_000213_table_box_id_5:6efec80ae29b4f7ab14016f00b91c73d","crop_type":"table","worker_wall_s":0.9422756900021341,"generated_tokens_including_eos":328,"stop_reason":"eos"}
{"timestamp":"2026-09-13T17:17:43.593730+00:00","event":"response_sent","request_id":"load-00024-page_000213_table_box_id_5:6efec80ae29b4f7ab14016f00b91c73d","http_status":200}
{"timestamp":"2026-09-13T17:17:43.632507+00:00","event":"request_accepted","request_id":"load-00037-page_001233_table_6:8039c80f25b14cb587be71ed1cf454d0","crop_type":"table","unfinished_requests":15}
{"timestamp":"2026-09-13T17:17:43.768494+00:00","event":"request_accepted","request_id":"load-00038-page_000585_table_1:9a155d00d39f482caef114ddc05e8139","crop_type":"table","unfinished_requests":16}
{"timestamp":"2026-09-13T17:17:43.792512+00:00","event":"request_finished","request_id":"load-00019-page_000642_table_8:370c0e7d12f547258c2fe21b6d47478f","crop_type":"table","worker_wall_s":1.8294321199937258,"generated_tokens_including_eos":640,"stop_reason":"eos"}
{"timestamp":"2026-09-13T17:17:43.793145+00:00","event":"response_sent","request_id":"load-00019-page_000642_table_8:370c0e7d12f547258c2fe21b6d47478f","http_status":200}
{"timestamp":"2026-09-13T17:17:43.845932+00:00","event":"request_finished","request_id":"load-00028-page_000188_table_box_id_6:698ee1c5e7394de0b13ea0a102f1b686","crop_type":"table","worker_wall_s":1.0152773199952208,"generated_tokens_including_eos":110,"stop_reason":"eos"}
{"timestamp":"2026-09-13T17:17:43.846525+00:00","event":"response_sent","request_id":"load-00028-page_000188_table_box_id_6:698ee1c5e7394de0b13ea0a102f1b686","http_status":200}
{"timestamp":"2026-09-13T17:17:43.939281+00:00","event":"request_accepted","request_id":"load-00039-page_000821_table_box_id_26:76bced63ee9447c4b4f6db00a0b53d64","crop_type":"table","unfinished_requests":15}
{"timestamp":"2026-09-13T17:17:43.942666+00:00","event":"request_finished","request_id":"load-00029-page_000921_table_9:7f726e2db29b4a2a8ec28adc7e947ec1","crop_type":"table","worker_wall_s":1.018017999973381,"generated_tokens_including_eos":90,"stop_reason":"eos"}
{"timestamp":"2026-09-13T17:17:43.943134+00:00","event":"response_sent","request_id":"load-00029-page_000921_table_9:7f726e2db29b4a2a8ec28adc7e947ec1","http_status":200}
{"timestamp":"2026-09-13T17:17:43.974241+00:00","event":"request_accepted","request_id":"load-00040-page_000566_table_3:4590520eb2ee4a66b7b8c8395f26af0a","crop_type":"table","unfinished_requests":15}
{"timestamp":"2026-09-13T17:17:44.009022+00:00","event":"request_finished","request_id":"load-00032-page_001503_table_5:81bc8b76034a46e49a10ecab528e88b5","crop_type":"table","worker_wall_s":0.8807954899966717,"generated_tokens_including_eos":42,"stop_reason":"eos"}
{"timestamp":"2026-09-13T17:17:44.009697+00:00","event":"response_sent","request_id":"load-00032-page_001503_table_5:81bc8b76034a46e49a10ecab528e88b5","http_status":200}
{"timestamp":"2026-09-13T17:17:44.106889+00:00","event":"request_finished","request_id":"load-00023-page_000746_table_18:995f82351a4443dda491a8db48696ab7","crop_type":"table","worker_wall_s":1.5372225400060415,"generated_tokens_including_eos":458,"stop_reason":"eos"}
{"timestamp":"2026-09-13T17:17:44.107552+00:00","event":"response_sent","request_id":"load-00023-page_000746_table_18:995f82351a4443dda491a8db48696ab7","http_status":200}
{"timestamp":"2026-09-13T17:17:44.206394+00:00","event":"request_finished","request_id":"load-00030-page_000533_table_8:6e8881dc8fe74bd2a68b97d5cf177d03","crop_type":"table","worker_wall_s":1.1679847600171342,"generated_tokens_including_eos":171,"stop_reason":"eos"}
{"timestamp":"2026-09-13T17:17:44.207167+00:00","event":"response_sent","request_id":"load-00030-page_000533_table_8:6e8881dc8fe74bd2a68b97d5cf177d03","http_status":200}
{"timestamp":"2026-09-13T17:17:44.260308+00:00","event":"request_finished","request_id":"load-00035-page_001130_table_1:d0e29aeb6d464289851c486d0ca0d36c","crop_type":"table","worker_wall_s":0.934338460006984,"generated_tokens_including_eos":51,"stop_reason":"eos"}
{"timestamp":"2026-09-13T17:17:44.260880+00:00","event":"response_sent","request_id":"load-00035-page_001130_table_1:d0e29aeb6d464289851c486d0ca0d36c","http_status":200}
{"timestamp":"2026-09-13T17:17:44.354901+00:00","event":"request_finished","request_id":"load-00036-page_001595_table_box_id_9:d2853a281807435e819bfba8d0775568","crop_type":"table","worker_wall_s":1.0247895700158551,"generated_tokens_including_eos":45,"stop_reason":"eos"}
{"timestamp":"2026-09-13T17:17:44.355343+00:00","event":"response_sent","request_id":"load-00036-page_001595_table_box_id_9:d2853a281807435e819bfba8d0775568","http_status":200}
{"timestamp":"2026-09-13T17:17:44.467357+00:00","event":"request_finished","request_id":"load-00031-page_001123_table_14:758a79f73b6b4d9e904dd44fda399c97","crop_type":"table","worker_wall_s":1.3851181999780238,"generated_tokens_including_eos":186,"stop_reason":"eos"}
{"timestamp":"2026-09-13T17:17:44.468253+00:00","event":"response_sent","request_id":"load-00031-page_001123_table_14:758a79f73b6b4d9e904dd44fda399c97","http_status":200}
{"timestamp":"2026-09-13T17:17:44.562069+00:00","event":"request_finished","request_id":"load-00039-page_000821_table_box_id_26:76bced63ee9447c4b4f6db00a0b53d64","crop_type":"table","worker_wall_s":0.6225930899963714,"generated_tokens_including_eos":46,"stop_reason":"eos"}
{"timestamp":"2026-09-13T17:17:44.562540+00:00","event":"response_sent","request_id":"load-00039-page_000821_table_box_id_26:76bced63ee9447c4b4f6db00a0b53d64","http_status":200}
{"timestamp":"2026-09-13T17:17:44.714221+00:00","event":"request_finished","request_id":"load-00027-page_001216_table_2:a6ac041805434365bb8c85fa16508208","crop_type":"table","worker_wall_s":1.9280677899951115,"generated_tokens_including_eos":446,"stop_reason":"eos"}
{"timestamp":"2026-09-13T17:17:44.714767+00:00","event":"response_sent","request_id":"load-00027-page_001216_table_2:a6ac041805434365bb8c85fa16508208","http_status":200}
{"timestamp":"2026-09-13T17:17:44.790872+00:00","event":"request_accepted","request_id":"load-00041-page_000534_table_4:1865c974fc38410284bfe425a0079872","crop_type":"table","unfinished_requests":8}
{"timestamp":"2026-09-13T17:17:44.989424+00:00","event":"request_finished","request_id":"load-00034-page_000542_table_0:2908e47745304b37a6781aec0b02fdb7","crop_type":"table","worker_wall_s":1.7194753699877765,"generated_tokens_including_eos":356,"stop_reason":"eos"}
{"timestamp":"2026-09-13T17:17:44.990121+00:00","event":"response_sent","request_id":"load-00034-page_000542_table_0:2908e47745304b37a6781aec0b02fdb7","http_status":200}
{"timestamp":"2026-09-13T17:17:45.094430+00:00","event":"request_finished","request_id":"load-00037-page_001233_table_6:8039c80f25b14cb587be71ed1cf454d0","crop_type":"table","worker_wall_s":1.4616595199913718,"generated_tokens_including_eos":347,"stop_reason":"eos"}
{"timestamp":"2026-09-13T17:17:45.095018+00:00","event":"response_sent","request_id":"load-00037-page_001233_table_6:8039c80f25b14cb587be71ed1cf454d0","http_status":200}
{"timestamp":"2026-09-13T17:17:45.117894+00:00","event":"request_accepted","request_id":"load-00042-page_001141_table_13:fe5d7e27466f43a8838b5a2d772a76ff","crop_type":"table","unfinished_requests":7}
{"timestamp":"2026-09-13T17:17:45.139470+00:00","event":"request_accepted","request_id":"load-00043-page_000665_table_3:651e52fb4fa347d49ae9df5459f97922","crop_type":"table","unfinished_requests":8}
{"timestamp":"2026-09-13T17:17:45.208156+00:00","event":"request_accepted","request_id":"load-00044-page_001417_table_2:0a3d4e9723f649e4aa85d5315b2d6ecf","crop_type":"table","unfinished_requests":9}
{"timestamp":"2026-09-13T17:17:45.214143+00:00","event":"request_finished","request_id":"load-00043-page_000665_table_3:651e52fb4fa347d49ae9df5459f97922","crop_type":"table","worker_wall_s":0.07438867000746541,"generated_tokens_including_eos":11,"stop_reason":"eos"}
{"timestamp":"2026-09-13T17:17:45.214608+00:00","event":"response_sent","request_id":"load-00043-page_000665_table_3:651e52fb4fa347d49ae9df5459f97922","http_status":200}
{"timestamp":"2026-09-13T17:17:45.345004+00:00","event":"request_finished","request_id":"load-00044-page_001417_table_2:0a3d4e9723f649e4aa85d5315b2d6ecf","crop_type":"table","worker_wall_s":0.13656450001872145,"generated_tokens_including_eos":68,"stop_reason":"eos"}
{"timestamp":"2026-09-13T17:17:45.345531+00:00","event":"response_sent","request_id":"load-00044-page_001417_table_2:0a3d4e9723f649e4aa85d5315b2d6ecf","http_status":200}
{"timestamp":"2026-09-13T17:17:45.400892+00:00","event":"request_finished","request_id":"load-00038-page_000585_table_1:9a155d00d39f482caef114ddc05e8139","crop_type":"table","worker_wall_s":1.6320713699969929,"generated_tokens_including_eos":457,"stop_reason":"eos"}
{"timestamp":"2026-09-13T17:17:45.401531+00:00","event":"response_sent","request_id":"load-00038-page_000585_table_1:9a155d00d39f482caef114ddc05e8139","http_status":200}
{"timestamp":"2026-09-13T17:17:45.419391+00:00","event":"request_accepted","request_id":"load-00045-page_001117_table_box_id_7:64e23b3536094f6abef0f9311568e9d2","crop_type":"table","unfinished_requests":7}
{"timestamp":"2026-09-13T17:17:45.527978+00:00","event":"request_finished","request_id":"load-00041-page_000534_table_4:1865c974fc38410284bfe425a0079872","crop_type":"table","worker_wall_s":0.7368077200080734,"generated_tokens_including_eos":317,"stop_reason":"eos"}
{"timestamp":"2026-09-13T17:17:45.528612+00:00","event":"response_sent","request_id":"load-00041-page_000534_table_4:1865c974fc38410284bfe425a0079872","http_status":200}
{"timestamp":"2026-09-13T17:17:45.530368+00:00","event":"request_finished","request_id":"load-00040-page_000566_table_3:4590520eb2ee4a66b7b8c8395f26af0a","crop_type":"table","worker_wall_s":1.5558539399935398,"generated_tokens_including_eos":446,"stop_reason":"eos"}
{"timestamp":"2026-09-13T17:17:45.530952+00:00","event":"response_sent","request_id":"load-00040-page_000566_table_3:4590520eb2ee4a66b7b8c8395f26af0a","http_status":200}
{"timestamp":"2026-09-13T17:17:45.626919+00:00","event":"request_accepted","request_id":"load-00046-page_001270_table_box_id_1:da881f6e647f493081b8dae40de0ce34","crop_type":"table","unfinished_requests":6}
{"timestamp":"2026-09-13T17:17:45.658439+00:00","event":"request_finished","request_id":"load-00045-page_001117_table_box_id_7:64e23b3536094f6abef0f9311568e9d2","crop_type":"table","worker_wall_s":0.23879610997391865,"generated_tokens_including_eos":119,"stop_reason":"eos"}
{"timestamp":"2026-09-13T17:17:45.658949+00:00","event":"response_sent","request_id":"load-00045-page_001117_table_box_id_7:64e23b3536094f6abef0f9311568e9d2","http_status":200}
{"timestamp":"2026-09-13T17:17:45.664396+00:00","event":"request_finished","request_id":"load-00033-page_001197_table_5:63e8f779f3f84513ba989634575e486e","crop_type":"table","worker_wall_s":2.497060360008618,"generated_tokens_including_eos":727,"stop_reason":"eos"}
{"timestamp":"2026-09-13T17:17:45.665024+00:00","event":"response_sent","request_id":"load-00033-page_001197_table_5:63e8f779f3f84513ba989634575e486e","http_status":200}
{"timestamp":"2026-09-13T17:17:45.801605+00:00","event":"request_finished","request_id":"load-00042-page_001141_table_13:fe5d7e27466f43a8838b5a2d772a76ff","crop_type":"table","worker_wall_s":0.6834513500216417,"generated_tokens_including_eos":301,"stop_reason":"eos"}
{"timestamp":"2026-09-13T17:17:45.802117+00:00","event":"response_sent","request_id":"load-00042-page_001141_table_13:fe5d7e27466f43a8838b5a2d772a76ff","http_status":200}
{"timestamp":"2026-09-13T17:17:45.967689+00:00","event":"request_finished","request_id":"load-00022-page_000263_table_box_id_7:7a515799c5dc458cb15a135c3db09fe9","crop_type":"table","worker_wall_s":3.8655342900019605,"generated_tokens_including_eos":1532,"stop_reason":"eos"}
{"timestamp":"2026-09-13T17:17:45.968681+00:00","event":"response_sent","request_id":"load-00022-page_000263_table_box_id_7:7a515799c5dc458cb15a135c3db09fe9","http_status":200}
{"timestamp":"2026-09-13T17:17:46.086477+00:00","event":"request_accepted","request_id":"load-00047-page_000261_table_box_id_3:824e5eacc1e9408aac91e97fe02fd4b2","crop_type":"table","unfinished_requests":3}
{"timestamp":"2026-09-13T17:17:46.178393+00:00","event":"request_accepted","request_id":"load-00048-page_000505_table_1:5e4747c0f2814712a44b379d5a287dde","crop_type":"table","unfinished_requests":4}
{"timestamp":"2026-09-13T17:17:46.473203+00:00","event":"request_accepted","request_id":"load-00049-page_000682_table_15:1150393512534a818b7c118414ff1b41","crop_type":"table","unfinished_requests":5}
{"timestamp":"2026-09-13T17:17:46.653624+00:00","event":"request_finished","request_id":"load-00049-page_000682_table_15:1150393512534a818b7c118414ff1b41","crop_type":"table","worker_wall_s":0.1801240900240373,"generated_tokens_including_eos":63,"stop_reason":"eos"}
{"timestamp":"2026-09-13T17:17:46.654199+00:00","event":"response_sent","request_id":"load-00049-page_000682_table_15:1150393512534a818b7c118414ff1b41","http_status":200}
{"timestamp":"2026-09-13T17:17:46.658119+00:00","event":"request_accepted","request_id":"load-00050-page_000275_table_box_id_1:0528a9a63a2e48f6a2c7699ae3efacaa","crop_type":"table","unfinished_requests":5}
{"timestamp":"2026-09-13T17:17:46.718613+00:00","event":"request_accepted","request_id":"load-00051-page_000789_table_34:1fc4aa0d44814deaae5e502c9b7585a4","crop_type":"table","unfinished_requests":6}
{"timestamp":"2026-09-13T17:17:46.854579+00:00","event":"request_finished","request_id":"load-00051-page_000789_table_34:1fc4aa0d44814deaae5e502c9b7585a4","crop_type":"table","worker_wall_s":0.13568956998642534,"generated_tokens_including_eos":32,"stop_reason":"eos"}
{"timestamp":"2026-09-13T17:17:46.855098+00:00","event":"response_sent","request_id":"load-00051-page_000789_table_34:1fc4aa0d44814deaae5e502c9b7585a4","http_status":200}
{"timestamp":"2026-09-13T17:17:46.866756+00:00","event":"request_accepted","request_id":"load-00052-page_001177_table_2:cfb9918c7fe9428dacf4c41c44aeffe1","crop_type":"table","unfinished_requests":6}
{"timestamp":"2026-09-13T17:17:47.173102+00:00","event":"request_finished","request_id":"load-00005-page_000272_table_box_id_1:18b9dcdcbcc0486b98a6f2c21f15d4cb","crop_type":"table","worker_wall_s":7.6245369800017215,"generated_tokens_including_eos":3025,"stop_reason":"eos"}
{"timestamp":"2026-09-13T17:17:47.174601+00:00","event":"response_sent","request_id":"load-00005-page_000272_table_box_id_1:18b9dcdcbcc0486b98a6f2c21f15d4cb","http_status":200}
{"timestamp":"2026-09-13T17:17:47.222517+00:00","event":"request_accepted","request_id":"load-00053-page_001398_table_box-13qv1ztw:1cddea05af714c84963bd6884a8f854d","crop_type":"table","unfinished_requests":6}
{"timestamp":"2026-09-13T17:17:47.391761+00:00","event":"request_finished","request_id":"load-00046-page_001270_table_box_id_1:da881f6e647f493081b8dae40de0ce34","crop_type":"table","worker_wall_s":1.7644349399779458,"generated_tokens_including_eos":789,"stop_reason":"eos"}
{"timestamp":"2026-09-13T17:17:47.392558+00:00","event":"response_sent","request_id":"load-00046-page_001270_table_box_id_1:da881f6e647f493081b8dae40de0ce34","http_status":200}
{"timestamp":"2026-09-13T17:17:47.440572+00:00","event":"request_finished","request_id":"load-00053-page_001398_table_box-13qv1ztw:1cddea05af714c84963bd6884a8f854d","crop_type":"table","worker_wall_s":0.21775951000745408,"generated_tokens_including_eos":114,"stop_reason":"eos"}
{"timestamp":"2026-09-13T17:17:47.441055+00:00","event":"response_sent","request_id":"load-00053-page_001398_table_box-13qv1ztw:1cddea05af714c84963bd6884a8f854d","http_status":200}
{"timestamp":"2026-09-13T17:17:47.534811+00:00","event":"request_accepted","request_id":"load-00054-page_001183_table_11:88e79738c89f471d93df2a84688f4e47","crop_type":"table","unfinished_requests":5}
{"timestamp":"2026-09-13T17:17:47.536615+00:00","event":"request_finished","request_id":"load-00052-page_001177_table_2:cfb9918c7fe9428dacf4c41c44aeffe1","crop_type":"table","worker_wall_s":0.6695625400170684,"generated_tokens_including_eos":355,"stop_reason":"eos"}
{"timestamp":"2026-09-13T17:17:47.537225+00:00","event":"response_sent","request_id":"load-00052-page_001177_table_2:cfb9918c7fe9428dacf4c41c44aeffe1","http_status":200}
{"timestamp":"2026-09-13T17:17:47.570081+00:00","event":"request_finished","request_id":"load-00048-page_000505_table_1:5e4747c0f2814712a44b379d5a287dde","crop_type":"table","worker_wall_s":1.3912657299952116,"generated_tokens_including_eos":630,"stop_reason":"eos"}
{"timestamp":"2026-09-13T17:17:47.570764+00:00","event":"response_sent","request_id":"load-00048-page_000505_table_1:5e4747c0f2814712a44b379d5a287dde","http_status":200}
{"timestamp":"2026-09-13T17:17:47.651651+00:00","event":"request_accepted","request_id":"load-00055-page_000507_table_0:40a772b9b898465cb6843e2a8d6c5fda","crop_type":"table","unfinished_requests":4}
{"timestamp":"2026-09-13T17:17:47.800484+00:00","event":"request_accepted","request_id":"load-00056-page_000710_table_9:a685250ba4ff4e79b2778c6e60ad1fce","crop_type":"table","unfinished_requests":5}
{"timestamp":"2026-09-13T17:17:47.805992+00:00","event":"request_accepted","request_id":"load-00057-page_000657_table_6:070d4a812a4645f4bf1f84359859a2b7","crop_type":"table","unfinished_requests":6}
{"timestamp":"2026-09-13T17:17:47.851819+00:00","event":"request_accepted","request_id":"load-00058-page_001368_table_box_id_227:28be0baf595248a0bd0e5f2efac103d1","crop_type":"table","unfinished_requests":7}
{"timestamp":"2026-09-13T17:17:47.951531+00:00","event":"request_finished","request_id":"load-00057-page_000657_table_6:070d4a812a4645f4bf1f84359859a2b7","crop_type":"table","worker_wall_s":0.14517706001061015,"generated_tokens_including_eos":11,"stop_reason":"eos"}
{"timestamp":"2026-09-13T17:17:47.952028+00:00","event":"response_sent","request_id":"load-00057-page_000657_table_6:070d4a812a4645f4bf1f84359859a2b7","http_status":200}
{"timestamp":"2026-09-13T17:17:48.029935+00:00","event":"request_finished","request_id":"load-00056-page_000710_table_9:a685250ba4ff4e79b2778c6e60ad1fce","crop_type":"table","worker_wall_s":0.2292186499980744,"generated_tokens_including_eos":60,"stop_reason":"eos"}
{"timestamp":"2026-09-13T17:17:48.030377+00:00","event":"response_sent","request_id":"load-00056-page_000710_table_9:a685250ba4ff4e79b2778c6e60ad1fce","http_status":200}
{"timestamp":"2026-09-13T17:17:48.051188+00:00","event":"request_finished","request_id":"load-00054-page_001183_table_11:88e79738c89f471d93df2a84688f4e47","crop_type":"table","worker_wall_s":0.5161301800108049,"generated_tokens_including_eos":169,"stop_reason":"eos"}
{"timestamp":"2026-09-13T17:17:48.051657+00:00","event":"response_sent","request_id":"load-00054-page_001183_table_11:88e79738c89f471d93df2a84688f4e47","http_status":200}
{"timestamp":"2026-09-13T17:17:48.104335+00:00","event":"request_finished","request_id":"load-00055-page_000507_table_0:40a772b9b898465cb6843e2a8d6c5fda","crop_type":"table","worker_wall_s":0.45246933001908474,"generated_tokens_including_eos":167,"stop_reason":"eos"}
{"timestamp":"2026-09-13T17:17:48.104836+00:00","event":"response_sent","request_id":"load-00055-page_000507_table_0:40a772b9b898465cb6843e2a8d6c5fda","http_status":200}
{"timestamp":"2026-09-13T17:17:48.118865+00:00","event":"request_accepted","request_id":"load-00059-page_001176_table_4:94d2b7e183034a5cbfc7c0ef8ce1ef8d","crop_type":"table","unfinished_requests":4}
{"timestamp":"2026-09-13T17:17:48.208176+00:00","event":"request_accepted","request_id":"load-00060-page_001181_table_6:6e9f9098efdd466eb17d36965e4c898a","crop_type":"table","unfinished_requests":5}
{"timestamp":"2026-09-13T17:17:48.239948+00:00","event":"request_accepted","request_id":"load-00061-page_000937_table_0:84ed7f690343421fa6d57c6ba9700d54","crop_type":"table","unfinished_requests":6}
{"timestamp":"2026-09-13T17:17:48.371381+00:00","event":"request_accepted","request_id":"load-00062-page_001368_table_box_id_237:ba38312000ca4ec694041cec4bdebb57","crop_type":"table","unfinished_requests":7}
{"timestamp":"2026-09-13T17:17:48.398845+00:00","event":"heartbeat","output_tokens_including_eos":23473,"active_decode_slots":4,"decode_batch_size":8,"cpu_preparation_or_prefill_waiting":1,"prefilled_waiting_for_decode":1,"unfinished_requests":7,"interval_s":15.034169510006905,"output_tokens_per_s":1497.9876331053592,"accepted_since_last_heartbeat":62,"completed_since_last_heartbeat":55,"failed_since_last_heartbeat":0,"rejected_since_last_heartbeat":0,"timed_out_since_last_heartbeat":0,"accepted_requests_per_s":4.123939134697938,"completed_requests_per_s":3.658333103361074,"max_in_flight_requests":64}
{"timestamp":"2026-09-13T17:17:48.574411+00:00","event":"request_accepted","request_id":"load-00063-page_000217_table_box_id_0:a37299efdc6446099848e0baf6a7fd85","crop_type":"table","unfinished_requests":8}
{"timestamp":"2026-09-13T17:17:48.761528+00:00","event":"request_accepted","request_id":"load-00064-page_001159_table_5:28d7256e9cb1497481925a3bcd5f61ce","crop_type":"table","unfinished_requests":9}
{"timestamp":"2026-09-13T17:17:48.804544+00:00","event":"request_finished","request_id":"load-00062-page_001368_table_box_id_237:ba38312000ca4ec694041cec4bdebb57","crop_type":"table","worker_wall_s":0.4327690099889878,"generated_tokens_including_eos":151,"stop_reason":"eos"}
{"timestamp":"2026-09-13T17:17:48.805080+00:00","event":"response_sent","request_id":"load-00062-page_001368_table_box_id_237:ba38312000ca4ec694041cec4bdebb57","http_status":200}
{"timestamp":"2026-09-13T17:17:48.840039+00:00","event":"request_accepted","request_id":"load-00065-page_000626_table_box_id_1:2aecdb0ab03e4b268520244241fd2fa2","crop_type":"table","unfinished_requests":9}
{"timestamp":"2026-09-13T17:17:48.881467+00:00","event":"request_finished","request_id":"load-00058-page_001368_table_box_id_227:28be0baf595248a0bd0e5f2efac103d1","crop_type":"table","worker_wall_s":1.0293191900127567,"generated_tokens_including_eos":345,"stop_reason":"eos"}
{"timestamp":"2026-09-13T17:17:48.882064+00:00","event":"response_sent","request_id":"load-00058-page_001368_table_box_id_227:28be0baf595248a0bd0e5f2efac103d1","http_status":200}
{"timestamp":"2026-09-13T17:17:48.897501+00:00","event":"request_finished","request_id":"load-00061-page_000937_table_0:84ed7f690343421fa6d57c6ba9700d54","crop_type":"table","worker_wall_s":0.6572560800123028,"generated_tokens_including_eos":164,"stop_reason":"eos"}
{"timestamp":"2026-09-13T17:17:48.898057+00:00","event":"response_sent","request_id":"load-00061-page_000937_table_0:84ed7f690343421fa6d57c6ba9700d54","http_status":200}
{"timestamp":"2026-09-13T17:17:48.936956+00:00","event":"request_accepted","request_id":"load-00066-page_000984_table_2:e1ee6b96ec944879a0b92d9e657124c0","crop_type":"table","unfinished_requests":8}
{"timestamp":"2026-09-13T17:17:49.037484+00:00","event":"request_finished","request_id":"load-00047-page_000261_table_box_id_3:824e5eacc1e9408aac91e97fe02fd4b2","crop_type":"table","worker_wall_s":2.950524050014792,"generated_tokens_including_eos":1106,"stop_reason":"eos"}
{"timestamp":"2026-09-13T17:17:49.038332+00:00","event":"response_sent","request_id":"load-00047-page_000261_table_box_id_3:824e5eacc1e9408aac91e97fe02fd4b2","http_status":200}
{"timestamp":"2026-09-13T17:17:49.054843+00:00","event":"request_accepted","request_id":"load-00067-page_001082_table_34:bdf4087e4a8a4bcaa0137c9df1cf6a95","crop_type":"table","unfinished_requests":8}
{"timestamp":"2026-09-13T17:17:49.062377+00:00","event":"request_finished","request_id":"load-00066-page_000984_table_2:e1ee6b96ec944879a0b92d9e657124c0","crop_type":"table","worker_wall_s":0.12519893000717275,"generated_tokens_including_eos":32,"stop_reason":"eos"}
{"timestamp":"2026-09-13T17:17:49.062851+00:00","event":"response_sent","request_id":"load-00066-page_000984_table_2:e1ee6b96ec944879a0b92d9e657124c0","http_status":200}
{"timestamp":"2026-09-13T17:17:49.076058+00:00","event":"request_finished","request_id":"load-00063-page_000217_table_box_id_0:a37299efdc6446099848e0baf6a7fd85","crop_type":"table","worker_wall_s":0.5012221399811096,"generated_tokens_including_eos":138,"stop_reason":"eos"}
{"timestamp":"2026-09-13T17:17:49.078078+00:00","event":"response_sent","request_id":"load-00063-page_000217_table_box_id_0:a37299efdc6446099848e0baf6a7fd85","http_status":200}
{"timestamp":"2026-09-13T17:17:49.305520+00:00","event":"request_accepted","request_id":"load-00068-page_000467_table_17:3d7c90f9429a4354bf7b414757ff2fb1","crop_type":"table","unfinished_requests":7}
{"timestamp":"2026-09-13T17:17:49.428600+00:00","event":"request_accepted","request_id":"load-00069-page_000866_table_14:ac9afee9f65547d19f8badba89797684","crop_type":"table","unfinished_requests":8}
{"timestamp":"2026-09-13T17:17:49.512200+00:00","event":"request_accepted","request_id":"load-00070-page_001227_table_10:f5294aa0ae5141eea598fea0013ac66d","crop_type":"table","unfinished_requests":9}
{"timestamp":"2026-09-13T17:17:49.624823+00:00","event":"request_accepted","request_id":"load-00071-page_000916_table_7:327f3e5b5dc44709868f8eca07c81625","crop_type":"table","unfinished_requests":10}
{"timestamp":"2026-09-13T17:17:49.628124+00:00","event":"request_finished","request_id":"load-00064-page_001159_table_5:28d7256e9cb1497481925a3bcd5f61ce","crop_type":"table","worker_wall_s":0.8661747600126546,"generated_tokens_including_eos":314,"stop_reason":"eos"}
{"timestamp":"2026-09-13T17:17:49.628839+00:00","event":"request_accepted","request_id":"load-00072-page_000251_table_box_id_7:f8b9692291194da399ad98101da79be0","crop_type":"table","unfinished_requests":10}
{"timestamp":"2026-09-13T17:17:49.628868+00:00","event":"response_sent","request_id":"load-00064-page_001159_table_5:28d7256e9cb1497481925a3bcd5f61ce","http_status":200}
{"timestamp":"2026-09-13T17:17:49.635649+00:00","event":"request_accepted","request_id":"load-00073-page_001131_table_15:afe8066a125a40f58672b066e986450d","crop_type":"table","unfinished_requests":11}
{"timestamp":"2026-09-13T17:17:49.838268+00:00","event":"request_finished","request_id":"load-00069-page_000866_table_14:ac9afee9f65547d19f8badba89797684","crop_type":"table","worker_wall_s":0.4093581000051927,"generated_tokens_including_eos":167,"stop_reason":"eos"}
{"timestamp":"2026-09-13T17:17:49.839306+00:00","event":"response_sent","request_id":"load-00069-page_000866_table_14:ac9afee9f65547d19f8badba89797684","http_status":200}
{"timestamp":"2026-09-13T17:17:49.839602+00:00","event":"request_accepted","request_id":"load-00074-page_001183_table_12:1c80f1113ece4113949211d595f98aff","crop_type":"table","unfinished_requests":11}
{"timestamp":"2026-09-13T17:17:49.977128+00:00","event":"request_finished","request_id":"load-00059-page_001176_table_4:94d2b7e183034a5cbfc7c0ef8ce1ef8d","crop_type":"table","worker_wall_s":1.8578395000076853,"generated_tokens_including_eos":630,"stop_reason":"eos"}
{"timestamp":"2026-09-13T17:17:49.977817+00:00","event":"response_sent","request_id":"load-00059-page_001176_table_4:94d2b7e183034a5cbfc7c0ef8ce1ef8d","http_status":200}
{"timestamp":"2026-09-13T17:17:50.233418+00:00","event":"request_finished","request_id":"load-00067-page_001082_table_34:bdf4087e4a8a4bcaa0137c9df1cf6a95","crop_type":"table","worker_wall_s":1.1782302600040566,"generated_tokens_including_eos":483,"stop_reason":"eos"}
{"timestamp":"2026-09-13T17:17:50.234024+00:00","event":"response_sent","request_id":"load-00067-page_001082_table_34:bdf4087e4a8a4bcaa0137c9df1cf6a95","http_status":200}
{"timestamp":"2026-09-13T17:17:50.381811+00:00","event":"request_finished","request_id":"load-00071-page_000916_table_7:327f3e5b5dc44709868f8eca07c81625","crop_type":"table","worker_wall_s":0.7567197399912402,"generated_tokens_including_eos":230,"stop_reason":"eos"}
{"timestamp":"2026-09-13T17:17:50.382376+00:00","event":"response_sent","request_id":"load-00071-page_000916_table_7:327f3e5b5dc44709868f8eca07c81625","http_status":200}
{"timestamp":"2026-09-13T17:17:50.519165+00:00","event":"request_accepted","request_id":"load-00075-page_000266_table_box_id_7:34e36f81b21243e0971d9430b3a2d7a3","crop_type":"table","unfinished_requests":9}
{"timestamp":"2026-09-13T17:17:50.529400+00:00","event":"request_finished","request_id":"load-00073-page_001131_table_15:afe8066a125a40f58672b066e986450d","crop_type":"table","worker_wall_s":0.8933467299793847,"generated_tokens_including_eos":131,"stop_reason":"eos"}
{"timestamp":"2026-09-13T17:17:50.529959+00:00","event":"response_sent","request_id":"load-00073-page_001131_table_15:afe8066a125a40f58672b066e986450d","http_status":200}
{"timestamp":"2026-09-13T17:17:50.669767+00:00","event":"request_accepted","request_id":"load-00076-page_000447_table_12:40574b1409e44b72841204ac3b0e6177","crop_type":"table","unfinished_requests":9}
{"timestamp":"2026-09-13T17:17:50.677290+00:00","event":"request_finished","request_id":"load-00060-page_001181_table_6:6e9f9098efdd466eb17d36965e4c898a","crop_type":"table","worker_wall_s":2.468683700019028,"generated_tokens_including_eos":906,"stop_reason":"eos"}
{"timestamp":"2026-09-13T17:17:50.677987+00:00","event":"response_sent","request_id":"load-00060-page_001181_table_6:6e9f9098efdd466eb17d36965e4c898a","http_status":200}
{"timestamp":"2026-09-13T17:17:50.753285+00:00","event":"request_accepted","request_id":"load-00077-page_001193_table_4:c8bba08c5d454fec862d4c0f9a2dec4a","crop_type":"table","unfinished_requests":9}
{"timestamp":"2026-09-13T17:17:50.755522+00:00","event":"request_finished","request_id":"load-00075-page_000266_table_box_id_7:34e36f81b21243e0971d9430b3a2d7a3","crop_type":"table","worker_wall_s":0.23609267998836003,"generated_tokens_including_eos":96,"stop_reason":"eos"}
{"timestamp":"2026-09-13T17:17:50.756000+00:00","event":"response_sent","request_id":"load-00075-page_000266_table_box_id_7:34e36f81b21243e0971d9430b3a2d7a3","http_status":200}
{"timestamp":"2026-09-13T17:17:50.784687+00:00","event":"request_accepted","request_id":"load-00078-page_001368_table_box_id_239:23c86f7bf6724d969220e6c8435c7501","crop_type":"table","unfinished_requests":9}
{"timestamp":"2026-09-13T17:17:50.900717+00:00","event":"request_accepted","request_id":"load-00079-page_000903_table_15:19ddcc3c41434364b4c9bfa529e0ae7f","crop_type":"table","unfinished_requests":10}
{"timestamp":"2026-09-13T17:17:50.904907+00:00","event":"request_finished","request_id":"load-00072-page_000251_table_box_id_7:f8b9692291194da399ad98101da79be0","crop_type":"table","worker_wall_s":1.2756542400165927,"generated_tokens_including_eos":404,"stop_reason":"eos"}
{"timestamp":"2026-09-13T17:17:50.905635+00:00","event":"response_sent","request_id":"load-00072-page_000251_table_box_id_7:f8b9692291194da399ad98101da79be0","http_status":200}
{"timestamp":"2026-09-13T17:17:51.008177+00:00","event":"request_finished","request_id":"load-00074-page_001183_table_12:1c80f1113ece4113949211d595f98aff","crop_type":"table","worker_wall_s":1.1682607700058725,"generated_tokens_including_eos":268,"stop_reason":"eos"}
{"timestamp":"2026-09-13T17:17:51.008762+00:00","event":"response_sent","request_id":"load-00074-page_001183_table_12:1c80f1113ece4113949211d595f98aff","http_status":200}
{"timestamp":"2026-09-13T17:17:51.053303+00:00","event":"request_finished","request_id":"load-00068-page_000467_table_17:3d7c90f9429a4354bf7b414757ff2fb1","crop_type":"table","worker_wall_s":1.7474530600011349,"generated_tokens_including_eos":723,"stop_reason":"eos"}
{"timestamp":"2026-09-13T17:17:51.053971+00:00","event":"response_sent","request_id":"load-00068-page_000467_table_17:3d7c90f9429a4354bf7b414757ff2fb1","http_status":200}
{"timestamp":"2026-09-13T17:17:51.153177+00:00","event":"request_finished","request_id":"load-00078-page_001368_table_box_id_239:23c86f7bf6724d969220e6c8435c7501","crop_type":"table","worker_wall_s":0.3682538800057955,"generated_tokens_including_eos":120,"stop_reason":"eos"}
{"timestamp":"2026-09-13T17:17:51.153654+00:00","event":"response_sent","request_id":"load-00078-page_001368_table_box_id_239:23c86f7bf6724d969220e6c8435c7501","http_status":200}
{"timestamp":"2026-09-13T17:17:51.159835+00:00","event":"request_finished","request_id":"load-00079-page_000903_table_15:19ddcc3c41434364b4c9bfa529e0ae7f","crop_type":"table","worker_wall_s":0.258919940009946,"generated_tokens_including_eos":71,"stop_reason":"eos"}
{"timestamp":"2026-09-13T17:17:51.160259+00:00","event":"response_sent","request_id":"load-00079-page_000903_table_15:19ddcc3c41434364b4c9bfa529e0ae7f","http_status":200}
{"timestamp":"2026-09-13T17:17:51.192244+00:00","event":"request_finished","request_id":"load-00076-page_000447_table_12:40574b1409e44b72841204ac3b0e6177","crop_type":"table","worker_wall_s":0.5222598199907225,"generated_tokens_including_eos":221,"stop_reason":"eos"}
{"timestamp":"2026-09-13T17:17:51.192720+00:00","event":"response_sent","request_id":"load-00076-page_000447_table_12:40574b1409e44b72841204ac3b0e6177","http_status":200}
{"timestamp":"2026-09-13T17:17:51.237146+00:00","event":"request_finished","request_id":"load-00077-page_001193_table_4:c8bba08c5d454fec862d4c0f9a2dec4a","crop_type":"table","worker_wall_s":0.4836135699879378,"generated_tokens_including_eos":210,"stop_reason":"eos"}
{"timestamp":"2026-09-13T17:17:51.237650+00:00","event":"response_sent","request_id":"load-00077-page_001193_table_4:c8bba08c5d454fec862d4c0f9a2dec4a","http_status":200}
{"timestamp":"2026-09-13T17:17:51.570805+00:00","event":"request_accepted","request_id":"load-00080-page_001167_table_2:f969686e05584d389b179c5f7338d208","crop_type":"table","unfinished_requests":4}
{"timestamp":"2026-09-13T17:17:51.573796+00:00","event":"request_finished","request_id":"load-00070-page_001227_table_10:f5294aa0ae5141eea598fea0013ac66d","crop_type":"table","worker_wall_s":2.061213859997224,"generated_tokens_including_eos":910,"stop_reason":"eos"}
{"timestamp":"2026-09-13T17:17:51.574469+00:00","event":"response_sent","request_id":"load-00070-page_001227_table_10:f5294aa0ae5141eea598fea0013ac66d","http_status":200}
{"timestamp":"2026-09-13T17:17:51.817155+00:00","event":"request_accepted","request_id":"load-00081-page_000212_table_box_id_1:688a256f56314c608413ede6a3594609","crop_type":"table","unfinished_requests":4}
{"timestamp":"2026-09-13T17:17:51.839021+00:00","event":"request_finished","request_id":"load-00065-page_000626_table_box_id_1:2aecdb0ab03e4b268520244241fd2fa2","crop_type":"table","worker_wall_s":2.9984998400032055,"generated_tokens_including_eos":1352,"stop_reason":"eos"}
{"timestamp":"2026-09-13T17:17:51.839790+00:00","event":"response_sent","request_id":"load-00065-page_000626_table_box_id_1:2aecdb0ab03e4b268520244241fd2fa2","http_status":200}
{"timestamp":"2026-09-13T17:17:51.946429+00:00","event":"request_accepted","request_id":"load-00082-page_001147_table_10:c571bf80cb0840179ea493913593b321","crop_type":"table","unfinished_requests":4}
{"timestamp":"2026-09-13T17:17:51.988730+00:00","event":"request_finished","request_id":"load-00080-page_001167_table_2:f969686e05584d389b179c5f7338d208","crop_type":"table","worker_wall_s":0.41755392000777647,"generated_tokens_including_eos":176,"stop_reason":"eos"}
{"timestamp":"2026-09-13T17:17:51.989308+00:00","event":"response_sent","request_id":"load-00080-page_001167_table_2:f969686e05584d389b179c5f7338d208","http_status":200}
{"timestamp":"2026-09-13T17:17:52.273333+00:00","event":"request_accepted","request_id":"load-00083-page_000223_table_box_id_2:98c3ee542cce422486cb7a0a39c24f52","crop_type":"table","unfinished_requests":4}
{"timestamp":"2026-09-13T17:17:52.317076+00:00","event":"request_accepted","request_id":"load-00084-page_000716_table_0:0e871fd5cf124966ace0cf4262b9dbe1","crop_type":"table","unfinished_requests":5}
{"timestamp":"2026-09-13T17:17:52.438291+00:00","event":"request_accepted","request_id":"load-00085-page_000937_table_1:fc76d94db11744f6a9ce5854053942f6","crop_type":"table","unfinished_requests":6}
{"timestamp":"2026-09-13T17:17:52.586106+00:00","event":"request_finished","request_id":"load-00084-page_000716_table_0:0e871fd5cf124966ace0cf4262b9dbe1","crop_type":"table","worker_wall_s":0.26872644998366013,"generated_tokens_including_eos":57,"stop_reason":"eos"}
{"timestamp":"2026-09-13T17:17:52.586647+00:00","event":"response_sent","request_id":"load-00084-page_000716_table_0:0e871fd5cf124966ace0cf4262b9dbe1","http_status":200}
{"timestamp":"2026-09-13T17:17:52.745853+00:00","event":"request_finished","request_id":"load-00085-page_000937_table_1:fc76d94db11744f6a9ce5854053942f6","crop_type":"table","worker_wall_s":0.30734262001351453,"generated_tokens_including_eos":121,"stop_reason":"eos"}
{"timestamp":"2026-09-13T17:17:52.746352+00:00","event":"response_sent","request_id":"load-00085-page_000937_table_1:fc76d94db11744f6a9ce5854053942f6","http_status":200}
{"timestamp":"2026-09-13T17:17:52.945331+00:00","event":"request_accepted","request_id":"load-00086-page_000465_table_10:3c3a77ad1e954b438896db216008c022","crop_type":"table","unfinished_requests":5}
{"timestamp":"2026-09-13T17:17:53.090202+00:00","event":"request_accepted","request_id":"load-00087-page_000465_table_8:3e86b1b446814a789129687180f0faff","crop_type":"table","unfinished_requests":6}
{"timestamp":"2026-09-13T17:17:53.191141+00:00","event":"request_accepted","request_id":"load-00088-page_001179_table_6:fad080013db7413abeb86cbdf768d8c1","crop_type":"table","unfinished_requests":7}
{"timestamp":"2026-09-13T17:17:53.215508+00:00","event":"request_finished","request_id":"load-00050-page_000275_table_box_id_1:0528a9a63a2e48f6a2c7699ae3efacaa","crop_type":"table","worker_wall_s":6.556460050021997,"generated_tokens_including_eos":2852,"stop_reason":"eos"}
{"timestamp":"2026-09-13T17:17:53.216716+00:00","event":"response_sent","request_id":"load-00050-page_000275_table_box_id_1:0528a9a63a2e48f6a2c7699ae3efacaa","http_status":200}
{"timestamp":"2026-09-13T17:17:53.243538+00:00","event":"request_accepted","request_id":"load-00089-page_000554_table_12:b5c5ea3f87474e1183984f969424141e","crop_type":"table","unfinished_requests":7}
{"timestamp":"2026-09-13T17:17:53.375633+00:00","event":"request_accepted","request_id":"load-00090-page_000199_table_box_id_0:974fc1d92f844c63917d07eb2ad13a53","crop_type":"table","unfinished_requests":8}
{"timestamp":"2026-09-13T17:17:53.435958+00:00","event":"request_finished","request_id":"load-00081-page_000212_table_box_id_1:688a256f56314c608413ede6a3594609","crop_type":"table","worker_wall_s":1.6178721800097264,"generated_tokens_including_eos":647,"stop_reason":"eos"}
{"timestamp":"2026-09-13T17:17:53.437431+00:00","event":"response_sent","request_id":"load-00081-page_000212_table_box_id_1:688a256f56314c608413ede6a3594609","http_status":200}
{"timestamp":"2026-09-13T17:17:53.570064+00:00","event":"request_finished","request_id":"load-00089-page_000554_table_12:b5c5ea3f87474e1183984f969424141e","crop_type":"table","worker_wall_s":0.3262386900023557,"generated_tokens_including_eos":93,"stop_reason":"eos"}
{"timestamp":"2026-09-13T17:17:53.570666+00:00","event":"response_sent","request_id":"load-00089-page_000554_table_12:b5c5ea3f87474e1183984f969424141e","http_status":200}
{"timestamp":"2026-09-13T17:17:53.602488+00:00","event":"request_finished","request_id":"load-00086-page_000465_table_10:3c3a77ad1e954b438896db216008c022","crop_type":"table","worker_wall_s":0.656912629987346,"generated_tokens_including_eos":230,"stop_reason":"eos"}
{"timestamp":"2026-09-13T17:17:53.603064+00:00","event":"response_sent","request_id":"load-00086-page_000465_table_10:3c3a77ad1e954b438896db216008c022","http_status":200}
{"timestamp":"2026-09-13T17:17:53.715746+00:00","event":"request_finished","request_id":"load-00087-page_000465_table_8:3e86b1b446814a789129687180f0faff","crop_type":"table","worker_wall_s":0.6253135199949611,"generated_tokens_including_eos":237,"stop_reason":"eos"}
{"timestamp":"2026-09-13T17:17:53.716316+00:00","event":"response_sent","request_id":"load-00087-page_000465_table_8:3e86b1b446814a789129687180f0faff","http_status":200}
{"timestamp":"2026-09-13T17:17:53.847183+00:00","event":"request_finished","request_id":"load-00083-page_000223_table_box_id_2:98c3ee542cce422486cb7a0a39c24f52","crop_type":"table","worker_wall_s":1.5735160699987318,"generated_tokens_including_eos":679,"stop_reason":"eos"}
{"timestamp":"2026-09-13T17:17:53.847918+00:00","event":"response_sent","request_id":"load-00083-page_000223_table_box_id_2:98c3ee542cce422486cb7a0a39c24f52","http_status":200}
{"timestamp":"2026-09-13T17:17:53.881393+00:00","event":"request_finished","request_id":"load-00082-page_001147_table_10:c571bf80cb0840179ea493913593b321","crop_type":"table","worker_wall_s":1.9345838200242724,"generated_tokens_including_eos":862,"stop_reason":"eos"}
{"timestamp":"2026-09-13T17:17:53.882151+00:00","event":"response_sent","request_id":"load-00082-page_001147_table_10:c571bf80cb0840179ea493913593b321","http_status":200}
{"timestamp":"2026-09-13T17:17:53.900749+00:00","event":"request_accepted","request_id":"load-00091-page_000516_table_0:0e586834062e49acbeb5fb85211de93e","crop_type":"table","unfinished_requests":3}
{"timestamp":"2026-09-13T17:17:53.901215+00:00","event":"request_accepted","request_id":"load-00092-page_001214_table_8:05768dec67264c84b93bec4ac526d11b","crop_type":"table","unfinished_requests":4}
{"timestamp":"2026-09-13T17:17:54.156844+00:00","event":"request_accepted","request_id":"load-00093-page_001368_table_box_id_161:0f687c1629e14ca39293d38b2a44db3b","crop_type":"table","unfinished_requests":5}
{"timestamp":"2026-09-13T17:17:54.443892+00:00","event":"request_accepted","request_id":"load-00094-page_000577_table_3:58bd66a5a82444a7abe8f61c62d2d0cf","crop_type":"table","unfinished_requests":6}
{"timestamp":"2026-09-13T17:17:54.459573+00:00","event":"request_finished","request_id":"load-00092-page_001214_table_8:05768dec67264c84b93bec4ac526d11b","crop_type":"table","worker_wall_s":0.5580472500005271,"generated_tokens_including_eos":232,"stop_reason":"eos"}
{"timestamp":"2026-09-13T17:17:54.460157+00:00","event":"response_sent","request_id":"load-00092-page_001214_table_8:05768dec67264c84b93bec4ac526d11b","http_status":200}
{"timestamp":"2026-09-13T17:17:54.682277+00:00","event":"request_finished","request_id":"load-00093-page_001368_table_box_id_161:0f687c1629e14ca39293d38b2a44db3b","crop_type":"table","worker_wall_s":0.5251211099966895,"generated_tokens_including_eos":253,"stop_reason":"eos"}
{"timestamp":"2026-09-13T17:17:54.682821+00:00","event":"response_sent","request_id":"load-00093-page_001368_table_box_id_161:0f687c1629e14ca39293d38b2a44db3b","http_status":200}
{"timestamp":"2026-09-13T17:17:54.778167+00:00","event":"request_finished","request_id":"load-00094-page_000577_table_3:58bd66a5a82444a7abe8f61c62d2d0cf","crop_type":"table","worker_wall_s":0.3340210900059901,"generated_tokens_including_eos":139,"stop_reason":"eos"}
{"timestamp":"2026-09-13T17:17:54.778667+00:00","event":"response_sent","request_id":"load-00094-page_000577_table_3:58bd66a5a82444a7abe8f61c62d2d0cf","http_status":200}
{"timestamp":"2026-09-13T17:17:54.805678+00:00","event":"request_accepted","request_id":"load-00095-page_000984_table_3:7546ba68788241a4a2ba133f8fd2b407","crop_type":"table","unfinished_requests":4}
{"timestamp":"2026-09-13T17:17:55.031152+00:00","event":"request_accepted","request_id":"load-00096-page_001187_table_0:4102b5dbf6ed4ddfb4cb9e6345547c97","crop_type":"table","unfinished_requests":5}
{"timestamp":"2026-09-13T17:17:55.264433+00:00","event":"request_finished","request_id":"load-00090-page_000199_table_box_id_0:974fc1d92f844c63917d07eb2ad13a53","crop_type":"table","worker_wall_s":1.88831507001305,"generated_tokens_including_eos":855,"stop_reason":"eos"}
{"timestamp":"2026-09-13T17:17:55.265240+00:00","event":"response_sent","request_id":"load-00090-page_000199_table_box_id_0:974fc1d92f844c63917d07eb2ad13a53","http_status":200}
{"timestamp":"2026-09-13T17:17:55.306294+00:00","event":"request_accepted","request_id":"load-00097-page_000821_table_box_id_14:e718ca6924314bc395ee29f535594096","crop_type":"table","unfinished_requests":5}
{"timestamp":"2026-09-13T17:17:55.347580+00:00","event":"request_finished","request_id":"load-00091-page_000516_table_0:0e586834062e49acbeb5fb85211de93e","crop_type":"table","worker_wall_s":1.4464531100238673,"generated_tokens_including_eos":630,"stop_reason":"eos"}
{"timestamp":"2026-09-13T17:17:55.348239+00:00","event":"response_sent","request_id":"load-00091-page_000516_table_0:0e586834062e49acbeb5fb85211de93e","http_status":200}
{"timestamp":"2026-09-13T17:17:55.428824+00:00","event":"request_accepted","request_id":"load-00098-page_000833_table_4:999ea82267d5424cada45da81b5cbafc","crop_type":"table","unfinished_requests":5}
{"timestamp":"2026-09-13T17:17:55.439983+00:00","event":"request_finished","request_id":"load-00097-page_000821_table_box_id_14:e718ca6924314bc395ee29f535594096","crop_type":"table","worker_wall_s":0.13347798000904731,"generated_tokens_including_eos":59,"stop_reason":"eos"}
{"timestamp":"2026-09-13T17:17:55.440445+00:00","event":"response_sent","request_id":"load-00097-page_000821_table_box_id_14:e718ca6924314bc395ee29f535594096","http_status":200}
{"timestamp":"2026-09-13T17:17:55.508766+00:00","event":"request_finished","request_id":"load-00095-page_000984_table_3:7546ba68788241a4a2ba133f8fd2b407","crop_type":"table","worker_wall_s":0.6968667899782304,"generated_tokens_including_eos":299,"stop_reason":"eos"}
{"timestamp":"2026-09-13T17:17:55.509286+00:00","event":"response_sent","request_id":"load-00095-page_000984_table_3:7546ba68788241a4a2ba133f8fd2b407","http_status":200}
{"timestamp":"2026-09-13T17:17:55.564950+00:00","event":"request_accepted","request_id":"load-00099-page_001375_table_31:d3e577e33c5e4b7ba3eea6db5a72cbe8","crop_type":"table","unfinished_requests":4}
{"timestamp":"2026-09-13T17:17:55.657930+00:00","event":"request_accepted","request_id":"load-00100-page_000645_table_7:63331ab4f9394f0ca0ae7f2f9082a2f4","crop_type":"table","unfinished_requests":5}
{"timestamp":"2026-09-13T17:17:55.667791+00:00","event":"request_finished","request_id":"load-00088-page_001179_table_6:fad080013db7413abeb86cbdf768d8c1","crop_type":"table","worker_wall_s":2.4760343300004024,"generated_tokens_including_eos":1093,"stop_reason":"eos"}
{"timestamp":"2026-09-13T17:17:55.668555+00:00","event":"response_sent","request_id":"load-00088-page_001179_table_6:fad080013db7413abeb86cbdf768d8c1","http_status":200}
{"timestamp":"2026-09-13T17:17:55.714504+00:00","event":"request_finished","request_id":"load-00099-page_001375_table_31:d3e577e33c5e4b7ba3eea6db5a72cbe8","crop_type":"table","worker_wall_s":0.14933824000763707,"generated_tokens_including_eos":34,"stop_reason":"eos"}
{"timestamp":"2026-09-13T17:17:55.714933+00:00","event":"response_sent","request_id":"load-00099-page_001375_table_31:d3e577e33c5e4b7ba3eea6db5a72cbe8","http_status":200}
{"timestamp":"2026-09-13T17:17:55.825984+00:00","event":"request_finished","request_id":"load-00098-page_000833_table_4:999ea82267d5424cada45da81b5cbafc","crop_type":"table","worker_wall_s":0.396952440001769,"generated_tokens_including_eos":107,"stop_reason":"eos"}
{"timestamp":"2026-09-13T17:17:55.826417+00:00","event":"response_sent","request_id":"load-00098-page_000833_table_4:999ea82267d5424cada45da81b5cbafc","http_status":200}
{"timestamp":"2026-09-13T17:17:55.839182+00:00","event":"request_finished","request_id":"load-00100-page_000645_table_7:63331ab4f9394f0ca0ae7f2f9082a2f4","crop_type":"table","worker_wall_s":0.18104584998218343,"generated_tokens_including_eos":89,"stop_reason":"eos"}
{"timestamp":"2026-09-13T17:17:55.839596+00:00","event":"response_sent","request_id":"load-00100-page_000645_table_7:63331ab4f9394f0ca0ae7f2f9082a2f4","http_status":200}
{"timestamp":"2026-09-13T17:17:57.804222+00:00","event":"request_finished","request_id":"load-00096-page_001187_table_0:4102b5dbf6ed4ddfb4cb9e6345547c97","crop_type":"table","worker_wall_s":2.7724729500187095,"generated_tokens_including_eos":1553,"stop_reason":"eos"}
{"timestamp":"2026-09-13T17:17:57.805240+00:00","event":"response_sent","request_id":"load-00096-page_001187_table_0:4102b5dbf6ed4ddfb4cb9e6345547c97","http_status":200}
{"timestamp":"2026-09-13T17:17:59.912514+00:00","event":"shutdown_started","unfinished_requests":0}
{"timestamp":"2026-09-13T17:17:59.915907+00:00","event":"heartbeat","output_tokens_including_eos":42072,"active_decode_slots":0,"decode_batch_size":8,"cpu_preparation_or_prefill_waiting":0,"prefilled_waiting_for_decode":0,"unfinished_requests":0,"interval_s":11.516591799998423,"output_tokens_per_s":1614.9743190518002,"accepted_since_last_heartbeat":38,"completed_since_last_heartbeat":45,"failed_since_last_heartbeat":0,"rejected_since_last_heartbeat":0,"timed_out_since_last_heartbeat":0,"accepted_requests_per_s":3.2995872963045545,"completed_requests_per_s":3.9074060087817095,"max_in_flight_requests":64}
{"timestamp":"2026-09-13T17:18:05.172866+00:00","event":"inference_failed","error":"inference service stopped before returning a result"}
{"timestamp":"2026-09-13T17:18:05.174621+00:00","event":"shutdown_finished","schedule_id":"http:open","batch_size":8,"requests":101,"ready_buffer_capacity":8,"ready_buffer_low_watermark":4,"max_ready_queue_depth":3,"ready_source_refill_count":85,"graph_calls":9406,"initial_admissions":1,"hot_swap_admissions":100,"prefill_only_completions":0,"raw_decode_token_slots":75248,"active_decode_token_slots":42072,"effective_decode_tokens":41971,"idle_decode_token_slots":33176,"lookahead_decode_token_slots":101,"kv_prefix_bytes_copied":1165142016,"initial_kv_prefix_bytes_copied":18671616,"hot_swap_kv_prefix_bytes_copied":1146470400,"timing_s":{"decode_host_exclusive_wall":13.99025033621001,"run_scoped_scheduler_wall":41.55733050999697,"ready_source_wall":27.480595563771203,"completion_callback_wall":0.08648461001575924,"slot_admission_enqueue_wall":0.03724423999665305,"d2h_wait_wall":5.935823990119388,"retire_and_refill_host_wall":6.9253489086113404,"hot_swap_safety_sync_wall":0.08879889993113466},"vision_packing":{"mode":"off","target":1920,"lookahead":32,"groups":101,"crops":101,"packed_groups":0,"singleton_groups":101,"eager_overflow_groups":0,"crops_per_group":1.0,"group_size_histogram":{"1":101},"graph_shape_histogram":{"b1_s1408":10,"b1_s1920":10,"b1_s2048":2,"b1_s256":7,"b1_s2944":21,"b1_s384":3,"b1_s4096":41,"b1_s512":2,"b1_s640":2,"b1_s768":3},"ready_window_histogram":{},"router_cpu_s":0.0,"packed_real_vision_tokens":0,"packed_physical_vision_tokens":0,"packed_fill_fraction":null},"text_packing":{"mode":"off","buckets":[128,256,512,1024],"groups":101,"crops":101,"packs":0,"packed_crops":0,"fallback_crops":101,"calls":101,"call_reduction_fraction":0.0,"pack_size_histogram":{},"bucket_histogram":{},"packed_real_text_tokens":0,"packed_physical_text_tokens":0,"packed_fill_fraction":null,"redistributed_kv_bytes":0,"private_cache_pool":{"storage":"zero_once_fixed_arena","capacity":40,"allocated_bytes":3019898880,"acquisitions":101,"reuses":61,"releases":101,"active_slots":0,"free_slots":40,"high_water_active_slots":3}},"rates":{"output_tok_per_s":1012.3845656996476,"effective_fraction":0.5577689772485648,"active_slot_fraction":0.5591112056134382,"scheduler_effective_tok_per_s":1009.9541882244702}}
