/workspace/repos/paddle_ocr_vl_npu/09_persistent_page_engine/paddleocr_vl/model/vision_prefill.py:845: UserWarning: Cannot create tensor with interal format while allow_internel_format=False, tensor will be created with base format. (Triggered internally at ../torch_npu/csrc/aten/common/TensorFactories.cpp:340.)
  image_pids = torch.arange(int(real_seq_len), device=device, dtype=torch.int64) % int(h * w)
[2026-07-30 04:33:29] [INFO] [674825] profiler.py: Start parsing profiling data in sync mode at: /workspace/repos/paddle_ocr_vl_npu/.runtime_cache/09_persistent_page_engine_vision_matmul_profiles/matmul_only_metric_910b2_fb9ad7b/liteserver-c001-4_674255_20260730043328946_ascend_pt
|/-\[2026-07-30 04:33:33] [INFO] [674851] profiler.py: CANN profiling data parsed in a total time of 0:00:03.035781
|[2026-07-30 04:33:34] [INFO] [674825] profiler.py: All profiling data parsed in a total time of 0:00:05.028991
{
  "summary": "/workspace/repos/paddle_ocr_vl_npu/tmp/09_persistent_page_engine/vision_matmul_lab/matmul_only_metric_910b2_fb9ad7b/result/run_summary.json",
  "status": "completed",
  "shape": {
    "batch_size": 1,
    "sequence_length": 2048,
    "physical_tokens_per_call": 2048,
    "hidden_size": 1152,
    "source_intermediate_size": 4304,
    "candidate_intermediate_size": 4304,
    "layers": 27,
    "linear_calls_per_layer": 6,
    "linear_calls_per_full_stack": 162
  },
  "weight_format": {
    "requested": "native",
    "target_format": "unchanged",
    "target_format_code": null,
    "linear_weight_count": 162,
    "before_format_histogram": {
      "2": 162
    },
    "converted_count": 0,
    "status": "ready",
    "failures": [],
    "after_format_histogram": {
      "2": 162
    },
    "all_after_are_nz": false,
    "runtime_gate": {
      "torch_npu_allow_internal_format_enabled_before_npu_allocation": false,
      "mm_bmm_format_nd": true,
      "manual_cast_after_model_load": false
    }
  },
  "device_median_ms": 31.554370117187503,
  "physical_tokens_per_s": 64903.846674615284,
  "linear_tflop_per_s": 53.36010873583793,
  "dispatch": {
    "counts": {
      "MatMulV3": 162,
      "MatMulV2": 324
    },
    "duration_us": {
      "MatMulV3": 16168.780000000002,
      "MatMulV2": 7782.899999999998
    }
  },
  "matmul_only": {
    "active_profiled_full_stack_calls": 3,
    "matmul_kernels_per_full_stack_call": 162,
    "observed_matmul_kernel_count": 486,
    "total_matmul_kernel_duration_us": 23951.68,
    "matmul_kernel_duration_per_full_stack_call_ms": 7.9838933333333335,
    "linear_flops_per_full_stack_call": 1683744620544,
    "matmul_only_linear_tflop_per_s": 210.89267481997086
  }
}
