OCR API ready worker_pid=None; preparing table crops in RAM
Frozen ALL cohort: 665 tables (121 LaTeX, 544 non-LaTeX)
Scheduled 100 Poisson arrivals at 2 QPS; request limit=100; last scheduled arrival at 50.556s; HTTP endpoint=http://127.0.0.1:18081/v1/chat/completions
Writing each completion to tmp/09_persistent_page_engine/table_vllm_poisson_sweep100_budgets_qps1to8_324dd85a_20260908/budget16384/qps2/measured/results.jsonl
[   0.074s] SEND #00001 table=page_001375_table_1 lag=   1.7ms active=1
[   1.014s] SEND #00002 table=page_000256_table_box_id_1 lag=   1.9ms active=2
[   1.735s] SEND #00003 table=page_000918_table_6 lag=   1.5ms active=3
[   1.773s] RECV #00002 table=page_000256_table_box_id_1 request= 0.759s scheduled= 0.761s status=ok active=2
[   1.881s] SEND #00004 table=page_001130_table_1 lag=   0.6ms active=3
[   2.224s] SEND #00005 table=page_000758_table_21 lag=   1.1ms active=4
[   2.523s] SEND #00006 table=page_001202_table_3 lag=   1.1ms active=5
[   2.530s] RECV #00003 table=page_000918_table_6 request= 0.795s scheduled= 0.796s status=ok active=4
[   2.565s] RECV #00004 table=page_001130_table_1 request= 0.684s scheduled= 0.684s status=ok active=3
[   2.729s] RECV #00005 table=page_000758_table_21 request= 0.505s scheduled= 0.506s status=ok active=2
[   3.050s] SEND #00007 table=page_000636_table_5 lag=   1.4ms active=3
[   3.700s] RECV #00007 table=page_000636_table_5 request= 0.650s scheduled= 0.651s status=ok active=2
[   3.827s] SEND #00008 table=page_000254_table_box_id_4 lag=   0.6ms active=3
[   3.876s] SEND #00009 table=page_000178_table_box_id_1 lag=   0.8ms active=4
[   3.891s] SEND #00010 table=page_000220_table_box_id_7 lag=   1.8ms active=5
[   4.794s] SEND #00011 table=page_000505_table_1 lag=   1.5ms active=6
[   5.077s] SEND #00012 table=page_000418_table_3 lag=   0.7ms active=7
[   5.796s] SEND #00013 table=page_000266_table_box_id_7 lag=   1.5ms active=8
[   5.797s] SEND #00014 table=page_001375_table_4 lag=   1.1ms active=9
[   6.091s] SEND #00015 table=page_001158_table_3 lag=   0.8ms active=10
[   6.730s] SEND #00016 table=page_000930_table_7 lag=   0.8ms active=11
[   6.860s] SEND #00017 table=page_001198_table_8 lag=   0.4ms active=12
[   7.185s] RECV #00013 table=page_000266_table_box_id_7 request= 1.389s scheduled= 1.391s status=ok active=11
[   7.573s] RECV #00016 table=page_000930_table_7 request= 0.842s scheduled= 0.843s status=ok active=10
[   8.303s] RECV #00001 table=page_001375_table_1 request= 8.229s scheduled= 8.231s status=ok active=9
[   8.313s] SEND #00018 table=page_000434_table_15 lag=   1.3ms active=10
[   8.572s] RECV #00015 table=page_001158_table_3 request= 2.481s scheduled= 2.481s status=ok active=9
[   8.740s] RECV #00010 table=page_000220_table_box_id_7 request= 4.849s scheduled= 4.851s status=ok active=8
[   8.913s] RECV #00008 table=page_000254_table_box_id_4 request= 5.086s scheduled= 5.087s status=ok active=7
[   9.067s] RECV #00006 table=page_001202_table_3 request= 6.544s scheduled= 6.546s status=ok active=6
[   9.238s] RECV #00012 table=page_000418_table_3 request= 4.161s scheduled= 4.162s status=ok active=5
[   9.472s] SEND #00019 table=page_000534_table_4 lag=   1.1ms active=6
[   9.487s] SEND #00020 table=page_001161_table_3 lag=   0.7ms active=7
[   9.500s] SEND #00021 table=page_000566_table_3 lag=   0.8ms active=8
[   9.890s] SEND #00022 table=page_001200_table_2 lag=   1.5ms active=9
[  10.302s] RECV #00017 table=page_001198_table_8 request= 3.442s scheduled= 3.442s status=ok active=8
[  11.229s] RECV #00018 table=page_000434_table_15 request= 2.916s scheduled= 2.917s status=ok active=7
[  11.290s] SEND #00023 table=page_000246_table_box_id_6 lag=   1.6ms active=8
[  11.530s] SEND #00024 table=page_001193_table_4 lag=   1.9ms active=9
[  11.652s] SEND #00025 table=page_001270_table_box_id_1 lag=   1.2ms active=10
[  11.925s] SEND #00026 table=page_000592_table_3 lag=   0.5ms active=11
[  11.938s] RECV #00009 table=page_000178_table_box_id_1 request= 8.062s scheduled= 8.063s status=ok active=10
[  11.940s] SEND #00027 table=page_000494_table_7 lag=   0.4ms active=11
[  12.009s] RECV #00011 table=page_000505_table_1 request= 7.214s scheduled= 7.216s status=ok active=10
[  12.066s] SEND #00028 table=page_000535_table_1 lag=   0.7ms active=11
[  12.355s] SEND #00029 table=page_001186_table_5 lag=   2.3ms active=12
[  12.597s] RECV #00023 table=page_000246_table_box_id_6 request= 1.307s scheduled= 1.309s status=ok active=11
[  12.696s] SEND #00030 table=page_001375_table_31 lag=   0.5ms active=12
[  12.829s] SEND #00031 table=page_000218_table_box_id_4 lag=   0.9ms active=13
[  12.960s] SEND #00032 table=page_001368_table_box_id_278 lag=   1.1ms active=14
[  13.084s] SEND #00033 table=page_001180_table_15 lag=   0.9ms active=15
[  13.391s] SEND #00034 table=page_000266_table_box_id_9 lag=   0.7ms active=16
[  13.417s] RECV #00030 table=page_001375_table_31 request= 0.721s scheduled= 0.722s status=ok active=15
[  13.417s] RECV #00029 table=page_001186_table_5 request= 1.062s scheduled= 1.064s status=ok active=14
[  13.563s] SEND #00035 table=page_000762_table_5 lag=   1.3ms active=15
[  13.574s] SEND #00036 table=page_000499_table_0 lag=   1.7ms active=16
[  14.020s] RECV #00032 table=page_001368_table_box_id_278 request= 1.059s scheduled= 1.060s status=ok active=15
[  14.272s] RECV #00019 table=page_000534_table_4 request= 4.800s scheduled= 4.801s status=ok active=14
[  14.281s] RECV #00035 table=page_000762_table_5 request= 0.718s scheduled= 0.720s status=ok active=13
[  14.482s] SEND #00037 table=page_000642_table_8 lag=   0.6ms active=14
[  14.888s] SEND #00038 table=page_000659_table_5 lag=   0.7ms active=15
[  15.049s] RECV #00024 table=page_001193_table_4 request= 3.519s scheduled= 3.520s status=ok active=14
[  15.088s] RECV #00034 table=page_000266_table_box_id_9 request= 1.697s scheduled= 1.698s status=ok active=13
[  15.117s] RECV #00038 table=page_000659_table_5 request= 0.229s scheduled= 0.229s status=ok active=12
[  15.251s] RECV #00033 table=page_001180_table_15 request= 2.168s scheduled= 2.169s status=ok active=11
[  15.395s] RECV #00027 table=page_000494_table_7 request= 3.455s scheduled= 3.456s status=ok active=10
[  15.402s] SEND #00039 table=page_001128_table_2 lag=   0.3ms active=11
[  15.505s] SEND #00040 table=page_001176_table_4 lag=   0.8ms active=12
[  15.926s] RECV #00021 table=page_000566_table_3 request= 6.426s scheduled= 6.427s status=ok active=11
[  16.252s] RECV #00028 table=page_000535_table_1 request= 4.187s scheduled= 4.188s status=ok active=10
[  16.495s] RECV #00020 table=page_001161_table_3 request= 7.008s scheduled= 7.009s status=ok active=9
[  16.755s] RECV #00036 table=page_000499_table_0 request= 3.181s scheduled= 3.183s status=ok active=8
[  17.707s] RECV #00031 table=page_000218_table_box_id_4 request= 4.878s scheduled= 4.879s status=ok active=7
[  17.955s] SEND #00041 table=page_001154_table_10 lag=   1.4ms active=8
[  18.938s] SEND #00042 table=page_000467_table_17 lag=   1.8ms active=9
[  19.002s] SEND #00043 table=page_000647_table_3 lag=   0.5ms active=10
[  19.204s] SEND #00044 table=page_001493_table_box_id_13 lag=   0.5ms active=11
[  19.420s] RECV #00043 table=page_000647_table_3 request= 0.418s scheduled= 0.419s status=ok active=10
[  19.575s] RECV #00014 table=page_001375_table_4 request=13.779s scheduled=13.780s status=ok active=9
[  19.845s] SEND #00045 table=page_000605_table_3 lag=   2.2ms active=10
[  20.123s] RECV #00045 table=page_000605_table_3 request= 0.279s scheduled= 0.281s status=ok active=9
[  20.464s] SEND #00046 table=page_001117_table_box_id_17 lag=   0.4ms active=10
[  20.669s] RECV #00022 table=page_001200_table_2 request=10.779s scheduled=10.780s status=ok active=9
[  21.041s] RECV #00026 table=page_000592_table_3 request= 9.116s scheduled= 9.116s status=ok active=8
[  21.061s] RECV #00025 table=page_001270_table_box_id_1 request= 9.409s scheduled= 9.410s status=ok active=7
[  21.098s] RECV #00046 table=page_001117_table_box_id_17 request= 0.634s scheduled= 0.634s status=ok active=6
[  21.151s] RECV #00039 table=page_001128_table_2 request= 5.750s scheduled= 5.750s status=ok active=5
[  21.228s] RECV #00041 table=page_001154_table_10 request= 3.273s scheduled= 3.274s status=ok active=4
[  21.279s] RECV #00037 table=page_000642_table_8 request= 6.797s scheduled= 6.798s status=ok active=3
[  21.513s] RECV #00044 table=page_001493_table_box_id_13 request= 2.309s scheduled= 2.310s status=ok active=2
[  21.843s] SEND #00047 table=page_000509_table_0 lag=   1.2ms active=3
[  21.919s] RECV #00040 table=page_001176_table_4 request= 6.413s scheduled= 6.414s status=ok active=2
[  22.117s] SEND #00048 table=page_000565_table_1 lag=   1.3ms active=3
[  23.003s] SEND #00049 table=page_000841_table_22 lag=   1.4ms active=4
[  23.392s] RECV #00049 table=page_000841_table_22 request= 0.389s scheduled= 0.391s status=ok active=3
[  23.558s] SEND #00050 table=page_000922_table_12 lag=   1.3ms active=4
[  23.738s] SEND #00051 table=page_001169_table_11 lag=   1.1ms active=5
[  24.181s] SEND #00052 table=page_000287_table_box_id_8 lag=   0.6ms active=6
[  24.851s] RECV #00048 table=page_000565_table_1 request= 2.734s scheduled= 2.735s status=ok active=5
[  24.876s] RECV #00051 table=page_001169_table_11 request= 1.138s scheduled= 1.139s status=ok active=4
[  25.251s] SEND #00053 table=page_000246_table_box_id_6 lag=   0.7ms active=5
[  25.929s] RECV #00053 table=page_000246_table_box_id_6 request= 0.678s scheduled= 0.679s status=ok active=4
[  25.946s] RECV #00050 table=page_000922_table_12 request= 2.389s scheduled= 2.390s status=ok active=3
[  26.187s] SEND #00054 table=page_000737_table_6 lag=   0.5ms active=4
[  26.468s] RECV #00042 table=page_000467_table_17 request= 7.529s scheduled= 7.531s status=ok active=3
[  26.541s] SEND #00055 table=page_000250_table_box-stnne6dt lag=   2.0ms active=4
[  26.984s] SEND #00056 table=page_000647_table_6 lag=   0.6ms active=5
[  27.002s] SEND #00057 table=page_000652_table_2 lag=   1.1ms active=6
[  27.141s] SEND #00058 table=page_001367_table_70 lag=   1.2ms active=7
[  27.608s] RECV #00056 table=page_000647_table_6 request= 0.624s scheduled= 0.625s status=ok active=6
[  27.659s] RECV #00054 table=page_000737_table_6 request= 1.472s scheduled= 1.472s status=ok active=5
[  27.939s] SEND #00059 table=page_001368_table_box_id_163 lag=   0.8ms active=6
[  28.206s] SEND #00060 table=page_000468_table_1 lag=   0.6ms active=7
[  28.221s] RECV #00059 table=page_001368_table_box_id_163 request= 0.282s scheduled= 0.283s status=ok active=6
[  28.301s] SEND #00061 table=page_000838_table_4 lag=   0.9ms active=7
[  28.700s] SEND #00062 table=page_000665_table_3 lag=   1.5ms active=8
[  28.825s] RECV #00061 table=page_000838_table_4 request= 0.524s scheduled= 0.525s status=ok active=7
[  28.914s] RECV #00047 table=page_000509_table_0 request= 7.071s scheduled= 7.073s status=ok active=6
[  28.922s] RECV #00062 table=page_000665_table_3 request= 0.222s scheduled= 0.224s status=ok active=5
[  29.213s] RECV #00060 table=page_000468_table_1 request= 1.007s scheduled= 1.007s status=ok active=4
[  29.307s] SEND #00063 table=page_001595_table_box_id_14 lag=   1.1ms active=5
[  29.737s] RECV #00058 table=page_001367_table_70 request= 2.596s scheduled= 2.597s status=ok active=4
[  29.806s] RECV #00057 table=page_000652_table_2 request= 2.804s scheduled= 2.805s status=ok active=3
[  29.867s] SEND #00064 table=page_000818_table_1 lag=   0.7ms active=4
[  30.103s] SEND #00065 table=page_000937_table_0 lag=   1.4ms active=5
[  30.393s] SEND #00066 table=page_000222_table_box_id_1 lag=   2.2ms active=6
[  30.746s] SEND #00067 table=page_000744_table_11 lag=   0.7ms active=7
[  30.757s] RECV #00064 table=page_000818_table_1 request= 0.889s scheduled= 0.890s status=ok active=6
[  31.382s] RECV #00067 table=page_000744_table_11 request= 0.636s scheduled= 0.636s status=ok active=5
[  31.499s] SEND #00068 table=page_000284_table_box_id_0 lag=   0.5ms active=6
[  31.868s] SEND #00069 table=page_000266_table_box_id_1 lag=   0.8ms active=7
[  32.118s] SEND #00070 table=page_001368_table_box_id_271 lag=   1.4ms active=8
[  32.132s] RECV #00065 table=page_000937_table_0 request= 2.029s scheduled= 2.030s status=ok active=7
[  32.454s] SEND #00071 table=page_000467_table_17 lag=   0.7ms active=8
[  32.469s] SEND #00072 table=page_000737_table_0 lag=   0.8ms active=9
[  32.491s] SEND #00073 table=page_000526_table_7 lag=   0.7ms active=10
[  33.019s] RECV #00066 table=page_000222_table_box_id_1 request= 2.626s scheduled= 2.628s status=ok active=9
[  33.098s] SEND #00074 table=page_001011_table_30 lag=   0.4ms active=10
[  33.218s] RECV #00063 table=page_001595_table_box_id_14 request= 3.911s scheduled= 3.912s status=ok active=9
[  33.520s] RECV #00070 table=page_001368_table_box_id_271 request= 1.402s scheduled= 1.404s status=ok active=8
[  33.781s] RECV #00069 table=page_000266_table_box_id_1 request= 1.913s scheduled= 1.914s status=ok active=7
[  34.015s] RECV #00073 table=page_000526_table_7 request= 1.524s scheduled= 1.524s status=ok active=6
[  35.143s] SEND #00075 table=page_000246_table_box_id_11 lag=   1.7ms active=7
[  35.182s] RECV #00072 table=page_000737_table_0 request= 2.714s scheduled= 2.714s status=ok active=6
[  35.517s] RECV #00055 table=page_000250_table_box-stnne6dt request= 8.977s scheduled= 8.979s status=ok active=5
[  35.591s] SEND #00076 table=page_000676_table_2 lag=   0.7ms active=6
[  35.841s] SEND #00077 table=page_001368_table_box_id_268 lag=   0.7ms active=7
[  35.934s] SEND #00078 table=page_000190_table_box_id_0 lag=   0.4ms active=8
[  36.208s] RECV #00077 table=page_001368_table_box_id_268 request= 0.366s scheduled= 0.367s status=ok active=7
[  36.284s] SEND #00079 table=page_001368_table_box_id_227 lag=   1.2ms active=8
[  36.690s] RECV #00075 table=page_000246_table_box_id_11 request= 1.547s scheduled= 1.549s status=ok active=7
[  37.007s] RECV #00078 table=page_000190_table_box_id_0 request= 1.072s scheduled= 1.073s status=ok active=6
[  38.296s] SEND #00080 table=page_001134_table_9 lag=   2.2ms active=7
[  38.720s] RECV #00074 table=page_001011_table_30 request= 5.621s scheduled= 5.622s status=ok active=6
[  39.031s] SEND #00081 table=page_000591_table_3 lag=   1.5ms active=7
[  39.419s] SEND #00082 table=page_000210_table_box_id_4 lag=   1.0ms active=8
[  39.599s] RECV #00079 table=page_001368_table_box_id_227 request= 3.315s scheduled= 3.316s status=ok active=7
[  39.854s] RECV #00071 table=page_000467_table_17 request= 7.400s scheduled= 7.401s status=ok active=6
[  40.403s] SEND #00083 table=page_000649_table_8 lag=   0.9ms active=7
[  40.535s] SEND #00084 table=page_000289_table_box_id_4 lag=   1.2ms active=8
[  40.719s] RECV #00082 table=page_000210_table_box_id_4 request= 1.301s scheduled= 1.302s status=ok active=7
[  40.896s] SEND #00085 table=page_001190_table_8 lag=   1.8ms active=8
[  41.390s] RECV #00081 table=page_000591_table_3 request= 2.359s scheduled= 2.361s status=ok active=7
[  41.964s] RECV #00083 table=page_000649_table_8 request= 1.562s scheduled= 1.563s status=ok active=6
[  42.264s] RECV #00076 table=page_000676_table_2 request= 6.673s scheduled= 6.674s status=ok active=5
[  42.418s] SEND #00086 table=page_000211_table_box_id_3 lag=   1.0ms active=6
[  42.803s] RECV #00052 table=page_000287_table_box_id_8 request=18.622s scheduled=18.623s status=ok active=5
[  42.849s] SEND #00087 table=page_001182_table_3 lag=   0.9ms active=6
[  43.157s] SEND #00088 table=page_000242_table_box-mhg591pb lag=   0.8ms active=7
[  43.314s] SEND #00089 table=page_001274_table_4 lag=   1.3ms active=8
[  43.711s] SEND #00090 table=page_001177_table_2 lag=   1.3ms active=9
[  44.949s] RECV #00080 table=page_001134_table_9 request= 6.654s scheduled= 6.656s status=ok active=8
[  45.286s] SEND #00091 table=page_001202_table_3 lag=   1.3ms active=9
[  45.288s] SEND #00092 table=page_001158_table_3 lag=   0.4ms active=10
[  45.831s] RECV #00085 table=page_001190_table_8 request= 4.935s scheduled= 4.937s status=ok active=9
[  46.053s] SEND #00093 table=page_000641_table_8 lag=   0.6ms active=10
[  46.282s] RECV #00088 table=page_000242_table_box-mhg591pb request= 3.126s scheduled= 3.127s status=ok active=9
[  46.491s] RECV #00086 table=page_000211_table_box_id_3 request= 4.072s scheduled= 4.073s status=ok active=8
[  46.500s] RECV #00087 table=page_001182_table_3 request= 3.651s scheduled= 3.651s status=ok active=7
[  46.914s] SEND #00094 table=page_000657_table_6 lag=   2.6ms active=8
[  47.120s] RECV #00093 table=page_000641_table_8 request= 1.067s scheduled= 1.067s status=ok active=7
[  47.129s] RECV #00094 table=page_000657_table_6 request= 0.215s scheduled= 0.218s status=ok active=6
[  47.431s] RECV #00090 table=page_001177_table_2 request= 3.720s scheduled= 3.721s status=ok active=5
[  47.719s] RECV #00092 table=page_001158_table_3 request= 2.431s scheduled= 2.432s status=ok active=4
[  47.746s] RECV #00068 table=page_000284_table_box_id_0 request=16.246s scheduled=16.247s status=ok active=3
[  47.999s] SEND #00095 table=page_000626_table_box_id_4 lag=   1.4ms active=4
[  48.674s] SEND #00096 table=page_000829_table_4 lag=   1.8ms active=5
[  49.503s] SEND #00097 table=page_000468_table_11 lag=   2.8ms active=6
[  49.755s] RECV #00096 table=page_000829_table_4 request= 1.081s scheduled= 1.082s status=ok active=5
[  49.867s] SEND #00098 table=page_000434_table_16 lag=   0.4ms active=6
[  50.280s] SEND #00099 table=page_001175_table_2 lag=   1.6ms active=7
[  50.557s] SEND #00100 table=page_001230_table_box_id_1 lag=   1.0ms active=8
[  50.593s] RECV #00097 table=page_000468_table_11 request= 1.090s scheduled= 1.093s status=ok active=7
[  51.208s] RECV #00098 table=page_000434_table_16 request= 1.341s scheduled= 1.342s status=ok active=6
[  51.527s] RECV #00091 table=page_001202_table_3 request= 6.242s scheduled= 6.243s status=ok active=5
[  52.625s] RECV #00100 table=page_001230_table_box_id_1 request= 2.068s scheduled= 2.070s status=ok active=4
[  54.225s] RECV #00099 table=page_001175_table_2 request= 3.945s scheduled= 3.947s status=ok active=3
[  61.062s] RECV #00095 table=page_000626_table_box_id_4 request=13.063s scheduled=13.064s status=ok active=2
[  64.551s] RECV #00089 table=page_001274_table_4 request=21.237s scheduled=21.239s status=ok active=1
[  65.089s] RECV #00084 table=page_000289_table_box_id_4 request=24.554s scheduled=24.556s status=ok active=0
DONE completed=100 failed=0 max_active=16 p50=2.613s p95=13.100s max=24.556s
Summary: tmp/09_persistent_page_engine/table_vllm_poisson_sweep100_budgets_qps1to8_324dd85a_20260908/budget16384/qps2/measured/summary.json
