client API ready worker_pid=2556954; preloading 665 distinct crops for 665 requests
client crops preloaded 50/665
client crops preloaded 100/665
client crops preloaded 150/665
client crops preloaded 200/665
client crops preloaded 250/665
client crops preloaded 300/665
client crops preloaded 350/665
client crops preloaded 400/665
client crops preloaded 450/665
client crops preloaded 500/665
client crops preloaded 550/665
client crops preloaded 600/665
client crops preloaded 650/665
client crops preloaded 665/665
client payloads ready bytes=206256404
SEND client 01/665 table=page_000600_table_1 active=1
RECV client 01/665 rank=582 id=page_000600_table_1 latency=0.1488s status=ok active=0
SEND client 02/665 table=page_001368_table_box_id_244 active=1
RECV client 02/665 rank=444 id=page_001368_table_box_id_244 latency=0.2272s status=ok active=0
SEND client 03/665 table=page_001220_table_8 active=1
RECV client 03/665 rank=94 id=page_001220_table_8 latency=1.0239s status=ok active=0
SEND client 04/665 table=page_000284_table_box_id_0 active=1
RECV client 04/665 rank=30 id=page_000284_table_box_id_0 latency=1.8489s status=ok active=0
SEND client 05/665 table=page_000900_table_4 active=1
RECV client 05/665 rank=602 id=page_000900_table_4 latency=0.1129s status=ok active=0
SEND client 06/665 table=page_001368_table_box_id_280 active=1
RECV client 06/665 rank=661 id=page_001368_table_box_id_280 latency=0.0403s status=ok active=0
SEND client 07/665 table=page_001153_table_0 active=1
RECV client 07/665 rank=91 id=page_001153_table_0 latency=1.0727s status=ok active=0
SEND client 08/665 table=page_001417_table_2 active=1
RECV client 08/665 rank=587 id=page_001417_table_2 latency=0.1118s status=ok active=0
SEND client 09/665 table=page_001368_table_box_id_159 active=1
RECV client 09/665 rank=630 id=page_001368_table_box_id_159 latency=0.0667s status=ok active=0
SEND client 10/665 table=page_000238_table_box_id_2 active=1
RECV client 10/665 rank=345 id=page_000238_table_box_id_2 latency=0.3433s status=ok active=0
SEND client 11/665 table=page_001375_table_3 active=1
RECV client 11/665 rank=565 id=page_001375_table_3 latency=0.1220s status=ok active=0
SEND client 12/665 table=page_000200_table_box_id_2 active=1
RECV client 12/665 rank=291 id=page_000200_table_box_id_2 latency=0.3980s status=ok active=0
SEND client 13/665 table=page_001147_table_10 active=1
RECV client 13/665 rank=90 id=page_001147_table_10 latency=1.0690s status=ok active=0
SEND client 14/665 table=page_000638_table_1 active=1
RECV client 14/665 rank=254 id=page_000638_table_1 latency=0.4502s status=ok active=0
SEND client 15/665 table=page_001231_table_5 active=1
RECV client 15/665 rank=56 id=page_001231_table_5 latency=1.4395s status=ok active=0
SEND client 16/665 table=page_000591_table_3 active=1
RECV client 16/665 rank=322 id=page_000591_table_3 latency=0.3653s status=ok active=0
SEND client 17/665 table=page_000509_table_0 active=1
RECV client 17/665 rank=117 id=page_000509_table_0 latency=0.9031s status=ok active=0
SEND client 18/665 table=page_001148_table_3 active=1
RECV client 18/665 rank=88 id=page_001148_table_3 latency=1.0546s status=ok active=0
SEND client 19/665 table=page_001215_table_5 active=1
RECV client 19/665 rank=68 id=page_001215_table_5 latency=1.1810s status=ok active=0
SEND client 20/665 table=page_001230_table_box_id_1 active=1
RECV client 20/665 rank=365 id=page_001230_table_box_id_1 latency=0.3253s status=ok active=0
SEND client 21/665 table=page_001155_table_4 active=1
RECV client 21/665 rank=558 id=page_001155_table_4 latency=0.1290s status=ok active=0
SEND client 22/665 table=page_000940_table_1 active=1
RECV client 22/665 rank=564 id=page_000940_table_1 latency=0.1278s status=ok active=0
SEND client 23/665 table=page_000343_table_0 active=1
RECV client 23/665 rank=615 id=page_000343_table_0 latency=0.0904s status=ok active=0
SEND client 24/665 table=page_000577_table_3 active=1
RECV client 24/665 rank=382 id=page_000577_table_3 latency=0.3065s status=ok active=0
SEND client 25/665 table=page_000355_table_3 active=1
RECV client 25/665 rank=586 id=page_000355_table_3 latency=0.1117s status=ok active=0
SEND client 26/665 table=page_001194_table_3 active=1
RECV client 26/665 rank=269 id=page_001194_table_3 latency=0.4312s status=ok active=0
SEND client 27/665 table=page_000933_table_10 active=1
RECV client 27/665 rank=504 id=page_000933_table_10 latency=0.1805s status=ok active=0
SEND client 28/665 table=page_000201_table_box_id_3 active=1
RECV client 28/665 rank=463 id=page_000201_table_box_id_3 latency=0.2160s status=ok active=0
SEND client 29/665 table=page_000236_table_box_id_5 active=1
RECV client 29/665 rank=349 id=page_000236_table_box_id_5 latency=0.3472s status=ok active=0
SEND client 30/665 table=page_000433_table_13 active=1
RECV client 30/665 rank=525 id=page_000433_table_13 latency=0.1539s status=ok active=0
SEND client 31/665 table=page_001368_table_box_id_242 active=1
RECV client 31/665 rank=497 id=page_001368_table_box_id_242 latency=0.1774s status=ok active=0
SEND client 32/665 table=page_000222_table_box_id_3 active=1
RECV client 32/665 rank=258 id=page_000222_table_box_id_3 latency=0.4455s status=ok active=0
SEND client 33/665 table=page_000702_table_5 active=1
RECV client 33/665 rank=552 id=page_000702_table_5 latency=0.1348s status=ok active=0
SEND client 34/665 table=page_000213_table_box_id_5 active=1
RECV client 34/665 rank=215 id=page_000213_table_box_id_5 latency=0.5254s status=ok active=0
SEND client 35/665 table=page_000645_table_7 active=1
RECV client 35/665 rank=533 id=page_000645_table_7 latency=0.1446s status=ok active=0
SEND client 36/665 table=page_001152_table_0 active=1
RECV client 36/665 rank=78 id=page_001152_table_0 latency=1.1382s status=ok active=0
SEND client 37/665 table=page_001368_table_box_id_255 active=1
RECV client 37/665 rank=496 id=page_001368_table_box_id_255 latency=0.1764s status=ok active=0
SEND client 38/665 table=page_000929_table_0 active=1
RECV client 38/665 rank=307 id=page_000929_table_0 latency=0.3803s status=ok active=0
SEND client 39/665 table=page_001125_table_4 active=1
RECV client 39/665 rank=218 id=page_001125_table_4 latency=0.5190s status=ok active=0
SEND client 40/665 table=page_000938_table_5 active=1
RECV client 40/665 rank=402 id=page_000938_table_5 latency=0.2970s status=ok active=0
SEND client 41/665 table=page_001367_table_71 active=1
RECV client 41/665 rank=612 id=page_001367_table_71 latency=0.0849s status=ok active=0
SEND client 42/665 table=page_001134_table_11 active=1
RECV client 42/665 rank=149 id=page_001134_table_11 latency=0.7564s status=ok active=0
SEND client 43/665 table=page_000287_table_box_id_8 active=1
RECV client 43/665 rank=24 id=page_000287_table_box_id_8 latency=2.1156s status=ok active=0
SEND client 44/665 table=page_000864_table_30 active=1
RECV client 44/665 rank=620 id=page_000864_table_30 latency=0.0840s status=ok active=0
SEND client 45/665 table=page_000258_table_box_id_5 active=1
RECV client 45/665 rank=470 id=page_000258_table_box_id_5 latency=0.2047s status=ok active=0
SEND client 46/665 table=page_000218_table_box_id_4 active=1
RECV client 46/665 rank=180 id=page_000218_table_box_id_4 latency=0.6240s status=ok active=0
SEND client 47/665 table=page_000289_table_box_id_4 active=1
RECV client 47/665 rank=14 id=page_000289_table_box_id_4 latency=3.1313s status=ok active=0
SEND client 48/665 table=page_001171_table_6 active=1
RECV client 48/665 rank=374 id=page_001171_table_6 latency=0.3063s status=ok active=0
SEND client 49/665 table=page_000533_table_5 active=1
RECV client 49/665 rank=441 id=page_000533_table_5 latency=0.2364s status=ok active=0
SEND client 50/665 table=page_000637_table_6 active=1
RECV client 50/665 rank=33 id=page_000637_table_6 latency=1.8526s status=ok active=0
SEND client 51/665 table=page_001129_table_10 active=1
RECV client 51/665 rank=192 id=page_001129_table_10 latency=0.5976s status=ok active=0
SEND client 52/665 table=page_001398_table_box-5zkimf1o active=1
RECV client 52/665 rank=518 id=page_001398_table_box-5zkimf1o latency=0.1611s status=ok active=0
SEND client 53/665 table=page_001122_table_2 active=1
RECV client 53/665 rank=426 id=page_001122_table_2 latency=0.2586s status=ok active=0
SEND client 54/665 table=page_001183_table_11 active=1
RECV client 54/665 rank=395 id=page_001183_table_11 latency=0.2981s status=ok active=0
SEND client 55/665 table=page_000928_table_17 active=1
RECV client 55/665 rank=607 id=page_000928_table_17 latency=0.0922s status=ok active=0
SEND client 56/665 table=page_001367_table_66 active=1
RECV client 56/665 rank=253 id=page_001367_table_66 latency=0.4425s status=ok active=0
SEND client 57/665 table=page_000829_table_4 active=1
RECV client 57/665 rank=491 id=page_000829_table_4 latency=0.1910s status=ok active=0
SEND client 58/665 table=page_001204_table_4 active=1
RECV client 58/665 rank=196 id=page_001204_table_4 latency=0.5967s status=ok active=0
SEND client 59/665 table=page_001368_table_box_id_218 active=1
RECV client 59/665 rank=251 id=page_001368_table_box_id_218 latency=0.4500s status=ok active=0
SEND client 60/665 table=page_001011_table_18 active=1
RECV client 60/665 rank=387 id=page_001011_table_18 latency=0.3007s status=ok active=0
SEND client 61/665 table=page_001368_table_box_id_167 active=1
RECV client 61/665 rank=644 id=page_001368_table_box_id_167 latency=0.0566s status=ok active=0
SEND client 62/665 table=page_001419_table_10 active=1
RECV client 62/665 rank=464 id=page_001419_table_10 latency=0.2052s status=ok active=0
SEND client 63/665 table=page_000793_table_8 active=1
RECV client 63/665 rank=616 id=page_000793_table_8 latency=0.0865s status=ok active=0
SEND client 64/665 table=page_000211_table_box_id_3 active=1
RECV client 64/665 rank=201 id=page_000211_table_box_id_3 latency=0.5782s status=ok active=0
SEND client 65/665 table=page_000652_table_0 active=1
RECV client 65/665 rank=505 id=page_000652_table_0 latency=0.1721s status=ok active=0
SEND client 66/665 table=page_000447_table_12 active=1
RECV client 66/665 rank=371 id=page_000447_table_12 latency=0.3146s status=ok active=0
SEND client 67/665 table=page_000766_table_2 active=1
RECV client 67/665 rank=35 id=page_000766_table_2 latency=1.9752s status=ok active=0
SEND client 68/665 table=page_001216_table_2 active=1
RECV client 68/665 rank=186 id=page_001216_table_2 latency=0.5927s status=ok active=0
SEND client 69/665 table=page_001367_table_68 active=1
RECV client 69/665 rank=235 id=page_001367_table_68 latency=0.4772s status=ok active=0
SEND client 70/665 table=page_001367_table_51 active=1
RECV client 70/665 rank=65 id=page_001367_table_51 latency=0.4983s status=ok active=0
SEND client 71/665 table=page_000265_table_box_id_3 active=1
RECV client 71/665 rank=165 id=page_000265_table_box_id_3 latency=0.6872s status=ok active=0
SEND client 72/665 table=page_000526_table_4 active=1
RECV client 72/665 rank=410 id=page_000526_table_4 latency=0.2895s status=ok active=0
SEND client 73/665 table=page_001395_table_7 active=1
RECV client 73/665 rank=357 id=page_001395_table_7 latency=0.3366s status=ok active=0
SEND client 74/665 table=page_000642_table_6 active=1
RECV client 74/665 rank=170 id=page_000642_table_6 latency=0.6755s status=ok active=0
SEND client 75/665 table=page_000658_table_32 active=1
RECV client 75/665 rank=658 id=page_000658_table_32 latency=0.0396s status=ok active=0
SEND client 76/665 table=page_000279_table_box_id_0 active=1
RECV client 76/665 rank=01 id=page_000279_table_box_id_0 latency=3.5974s status=ok active=0
SEND client 77/665 table=page_000236_table_box_id_1 active=1
RECV client 77/665 rank=324 id=page_000236_table_box_id_1 latency=0.3648s status=ok active=0
SEND client 78/665 table=page_001161_table_3 active=1
RECV client 78/665 rank=168 id=page_001161_table_3 latency=0.6803s status=ok active=0
SEND client 79/665 table=page_001163_table_0 active=1
RECV client 79/665 rank=126 id=page_001163_table_0 latency=0.8568s status=ok active=0
SEND client 80/665 table=page_000253_table_box_id_2 active=1
RECV client 80/665 rank=236 id=page_000253_table_box_id_2 latency=0.4733s status=ok active=0
SEND client 81/665 table=page_000821_table_box_id_14 active=1
RECV client 81/665 rank=585 id=page_000821_table_box_id_14 latency=0.1121s status=ok active=0
SEND client 82/665 table=page_000239_table_box_id_1 active=1
RECV client 82/665 rank=204 id=page_000239_table_box_id_1 latency=0.5661s status=ok active=0
SEND client 83/665 table=page_001035_table_28 active=1
RECV client 83/665 rank=230 id=page_001035_table_28 latency=0.4961s status=ok active=0
SEND client 84/665 table=page_001432_table_3 active=1
RECV client 84/665 rank=559 id=page_001432_table_3 latency=0.1244s status=ok active=0
SEND client 85/665 table=page_000205_table_box_id_11 active=1
RECV client 85/665 rank=317 id=page_000205_table_box_id_11 latency=0.3721s status=ok active=0
SEND client 86/665 table=page_000676_table_2 active=1
RECV client 86/665 rank=112 id=page_000676_table_2 latency=0.9187s status=ok active=0
SEND client 87/665 table=page_001378_table_box_id_1 active=1
RECV client 87/665 rank=398 id=page_001378_table_box_id_1 latency=0.2898s status=ok active=0
SEND client 88/665 table=page_001089_table_box_id_16 active=1
RECV client 88/665 rank=256 id=page_001089_table_box_id_16 latency=0.4882s status=ok active=0
SEND client 89/665 table=page_000273_table_box_id_1 active=1
RECV client 89/665 rank=22 id=page_000273_table_box_id_1 latency=2.4025s status=ok active=0
SEND client 90/665 table=page_000223_table_box_id_4 active=1
RECV client 90/665 rank=606 id=page_000223_table_box_id_4 latency=0.0986s status=ok active=0
SEND client 91/665 table=page_000224_table_box_id_6 active=1
RECV client 91/665 rank=202 id=page_000224_table_box_id_6 latency=0.6099s status=ok active=0
SEND client 92/665 table=page_000918_table_5 active=1
RECV client 92/665 rank=513 id=page_000918_table_5 latency=0.1785s status=ok active=0
SEND client 93/665 table=page_000781_table_0 active=1
RECV client 93/665 rank=619 id=page_000781_table_0 latency=0.0848s status=ok active=0
SEND client 94/665 table=page_001498_table_14 active=1
RECV client 94/665 rank=443 id=page_001498_table_14 latency=0.2494s status=ok active=0
SEND client 95/665 table=page_000652_table_3 active=1
RECV client 95/665 rank=626 id=page_000652_table_3 latency=0.0782s status=ok active=0
SEND client 96/665 table=page_001181_table_6 active=1
RECV client 96/665 rank=72 id=page_001181_table_6 latency=1.1877s status=ok active=0
SEND client 97/665 table=page_000593_table_0 active=1
RECV client 97/665 rank=158 id=page_000593_table_0 latency=0.7077s status=ok active=0
SEND client 98/665 table=page_001375_table_1 active=1
RECV client 98/665 rank=111 id=page_001375_table_1 latency=0.9158s status=ok active=0
SEND client 99/665 table=page_000720_table_3 active=1
RECV client 99/665 rank=574 id=page_000720_table_3 latency=0.1196s status=ok active=0
SEND client 100/665 table=page_000182_table_box_id_2 active=1
RECV client 100/665 rank=297 id=page_000182_table_box_id_2 latency=0.3808s status=ok active=0
SEND client 101/665 table=page_000245_table_box_id_0 active=1
RECV client 101/665 rank=177 id=page_000245_table_box_id_0 latency=0.6245s status=ok active=0
SEND client 102/665 table=page_000266_table_box_id_7 active=1
RECV client 102/665 rank=509 id=page_000266_table_box_id_7 latency=0.1735s status=ok active=0
SEND client 103/665 table=page_001208_table_12 active=1
RECV client 103/665 rank=388 id=page_001208_table_12 latency=0.2977s status=ok active=0
SEND client 104/665 table=page_000214_table_box_id_6 active=1
RECV client 104/665 rank=141 id=page_000214_table_box_id_6 latency=0.7917s status=ok active=0
SEND client 105/665 table=page_000514_table_8 active=1
RECV client 105/665 rank=411 id=page_000514_table_8 latency=0.2757s status=ok active=0
SEND client 106/665 table=page_001398_table_box-13qv1ztw active=1
RECV client 106/665 rank=511 id=page_001398_table_box-13qv1ztw latency=0.1626s status=ok active=0
SEND client 107/665 table=page_000668_table_15 active=1
RECV client 107/665 rank=613 id=page_000668_table_15 latency=0.0841s status=ok active=0
SEND client 108/665 table=page_000641_table_8 active=1
RECV client 108/665 rank=539 id=page_000641_table_8 latency=0.1387s status=ok active=0
SEND client 109/665 table=page_000419_table_4 active=1
RECV client 109/665 rank=160 id=page_000419_table_4 latency=0.7073s status=ok active=0
SEND client 110/665 table=page_001398_table_box-l1p3lf8a active=1
RECV client 110/665 rank=534 id=page_001398_table_box-l1p3lf8a latency=0.1404s status=ok active=0
SEND client 111/665 table=page_000800_table_12 active=1
RECV client 111/665 rank=655 id=page_000800_table_12 latency=0.0396s status=ok active=0
SEND client 112/665 table=page_000742_table_5 active=1
RECV client 112/665 rank=327 id=page_000742_table_5 latency=0.3570s status=ok active=0
SEND client 113/665 table=page_000844_table_6 active=1
RECV client 113/665 rank=341 id=page_000844_table_6 latency=0.3415s status=ok active=0
SEND client 114/665 table=page_000291_table_box_id_0 active=1
RECV client 114/665 rank=07 id=page_000291_table_box_id_0 latency=3.5344s status=ok active=0
SEND client 115/665 table=page_001274_table_4 active=1
RECV client 115/665 rank=17 id=page_001274_table_4 latency=2.7583s status=ok active=0
SEND client 116/665 table=page_000918_table_6 active=1
RECV client 116/665 rank=577 id=page_000918_table_6 latency=0.1179s status=ok active=0
SEND client 117/665 table=page_001142_table_13 active=1
RECV client 117/665 rank=459 id=page_001142_table_13 latency=0.2182s status=ok active=0
SEND client 118/665 table=page_001192_table_2 active=1
RECV client 118/665 rank=81 id=page_001192_table_2 latency=1.1115s status=ok active=0
SEND client 119/665 table=page_001368_table_box_id_257 active=1
RECV client 119/665 rank=473 id=page_001368_table_box_id_257 latency=0.1909s status=ok active=0
SEND client 120/665 table=page_000264_table_box_id_5 active=1
RECV client 120/665 rank=36 id=page_000264_table_box_id_5 latency=1.7719s status=ok active=0
SEND client 121/665 table=page_001368_table_box_id_263 active=1
RECV client 121/665 rank=191 id=page_001368_table_box_id_263 latency=0.5936s status=ok active=0
SEND client 122/665 table=page_000647_table_5 active=1
RECV client 122/665 rank=302 id=page_000647_table_5 latency=0.3882s status=ok active=0
SEND client 123/665 table=page_001127_table_4 active=1
RECV client 123/665 rank=273 id=page_001127_table_4 latency=0.4214s status=ok active=0
SEND client 124/665 table=page_001637_table_5 active=1
RECV client 124/665 rank=603 id=page_001637_table_5 latency=0.0999s status=ok active=0
SEND client 125/665 table=page_001368_table_box_id_268 active=1
RECV client 125/665 rank=665 id=page_001368_table_box_id_268 latency=0.0387s status=ok active=0
SEND client 126/665 table=page_001130_table_13 active=1
RECV client 126/665 rank=531 id=page_001130_table_13 latency=0.1493s status=ok active=0
SEND client 127/665 table=page_001368_table_box_id_273 active=1
RECV client 127/665 rank=570 id=page_001368_table_box_id_273 latency=0.1180s status=ok active=0
SEND client 128/665 table=page_001193_table_4 active=1
RECV client 128/665 rank=342 id=page_001193_table_4 latency=0.3491s status=ok active=0
SEND client 129/665 table=page_000710_table_9 active=1
RECV client 129/665 rank=514 id=page_000710_table_9 latency=0.1746s status=ok active=0
SEND client 130/665 table=page_001368_table_box_id_165 active=1
RECV client 130/665 rank=604 id=page_001368_table_box_id_165 latency=0.0923s status=ok active=0
SEND client 131/665 table=page_000195_table_box_id_0 active=1
RECV client 131/665 rank=169 id=page_000195_table_box_id_0 latency=0.6857s status=ok active=0
SEND client 132/665 table=page_001342_table_2 active=1
RECV client 132/665 rank=185 id=page_001342_table_2 latency=0.6134s status=ok active=0
SEND client 133/665 table=page_000743_table_4 active=1
RECV client 133/665 rank=581 id=page_000743_table_4 latency=0.1194s status=ok active=0
SEND client 134/665 table=page_001367_table_3 active=1
RECV client 134/665 rank=101 id=page_001367_table_3 latency=1.0180s status=ok active=0
SEND client 135/665 table=page_001209_table_4 active=1
RECV client 135/665 rank=524 id=page_001209_table_4 latency=0.1620s status=ok active=0
SEND client 136/665 table=page_000287_table_box_id_1 active=1
RECV client 136/665 rank=154 id=page_000287_table_box_id_1 latency=0.7418s status=ok active=0
SEND client 137/665 table=page_000233_table_box_id_2 active=1
RECV client 137/665 rank=38 id=page_000233_table_box_id_2 latency=2.0035s status=ok active=0
SEND client 138/665 table=page_000789_table_34 active=1
RECV client 138/665 rank=639 id=page_000789_table_34 latency=0.0729s status=ok active=0
SEND client 139/665 table=page_001147_table_5 active=1
RECV client 139/665 rank=47 id=page_001147_table_5 latency=1.4609s status=ok active=0
SEND client 140/665 table=page_000833_table_4 active=1
RECV client 140/665 rank=352 id=page_000833_table_4 latency=0.3538s status=ok active=0
SEND client 141/665 table=page_001186_table_10 active=1
RECV client 141/665 rank=372 id=page_001186_table_10 latency=0.3043s status=ok active=0
SEND client 142/665 table=page_001271_table_4 active=1
RECV client 142/665 rank=27 id=page_001271_table_4 latency=1.8448s status=ok active=0
SEND client 143/665 table=page_001167_table_2 active=1
RECV client 143/665 rank=422 id=page_001167_table_2 latency=0.2547s status=ok active=0
SEND client 144/665 table=page_000206_table_box_id_1 active=1
RECV client 144/665 rank=309 id=page_000206_table_box_id_1 latency=0.3555s status=ok active=0
SEND client 145/665 table=page_000234_table_box_id_5 active=1
RECV client 145/665 rank=97 id=page_000234_table_box_id_5 latency=1.0092s status=ok active=0
SEND client 146/665 table=page_000205_table_box_id_13 active=1
RECV client 146/665 rank=282 id=page_000205_table_box_id_13 latency=0.3957s status=ok active=0
SEND client 147/665 table=page_001595_table_box_id_14 active=1
RECV client 147/665 rank=214 id=page_001595_table_box_id_14 latency=0.5167s status=ok active=0
SEND client 148/665 table=page_000632_table_0 active=1
RECV client 148/665 rank=55 id=page_000632_table_0 latency=1.3975s status=ok active=0
SEND client 149/665 table=page_001140_table_12 active=1
RECV client 149/665 rank=401 id=page_001140_table_12 latency=0.2878s status=ok active=0
SEND client 150/665 table=page_000683_table_8 active=1
RECV client 150/665 rank=589 id=page_000683_table_8 latency=0.1115s status=ok active=0
SEND client 151/665 table=page_000755_table_3 active=1
RECV client 151/665 rank=553 id=page_000755_table_3 latency=0.1324s status=ok active=0
SEND client 152/665 table=page_000495_table_9 active=1
RECV client 152/665 rank=164 id=page_000495_table_9 latency=0.6951s status=ok active=0
SEND client 153/665 table=page_000861_table_17 active=1
RECV client 153/665 rank=156 id=page_000861_table_17 latency=0.7671s status=ok active=0
SEND client 154/665 table=page_000503_table_1 active=1
RECV client 154/665 rank=206 id=page_000503_table_1 latency=0.5346s status=ok active=0
SEND client 155/665 table=page_000420_table_0 active=1
RECV client 155/665 rank=305 id=page_000420_table_0 latency=0.3819s status=ok active=0
SEND client 156/665 table=page_000920_table_8 active=1
RECV client 156/665 rank=368 id=page_000920_table_8 latency=0.3283s status=ok active=0
SEND client 157/665 table=page_001176_table_4 active=1
RECV client 157/665 rank=122 id=page_001176_table_4 latency=0.8687s status=ok active=0
SEND client 158/665 table=page_001123_table_14 active=1
RECV client 158/665 rank=413 id=page_001123_table_14 latency=0.2758s status=ok active=0
SEND client 159/665 table=page_000683_table_5 active=1
RECV client 159/665 rank=596 id=page_000683_table_5 latency=0.1028s status=ok active=0
SEND client 160/665 table=page_000286_table_box_id_1 active=1
RECV client 160/665 rank=15 id=page_000286_table_box_id_1 latency=2.9985s status=ok active=0
SEND client 161/665 table=page_000324_table_0 active=1
RECV client 161/665 rank=414 id=page_000324_table_0 latency=0.2944s status=ok active=0
SEND client 162/665 table=page_000937_table_1 active=1
RECV client 162/665 rank=415 id=page_000937_table_1 latency=0.2819s status=ok active=0
SEND client 163/665 table=page_000507_table_6 active=1
RECV client 163/665 rank=176 id=page_000507_table_6 latency=0.6580s status=ok active=0
SEND client 164/665 table=page_000227_table_box_id_1 active=1
RECV client 164/665 rank=124 id=page_000227_table_box_id_1 latency=0.9042s status=ok active=0
SEND client 165/665 table=page_001368_table_box_id_250 active=1
RECV client 165/665 rank=486 id=page_001368_table_box_id_250 latency=0.1884s status=ok active=0
SEND client 166/665 table=page_001011_table_30 active=1
RECV client 166/665 rank=142 id=page_001011_table_30 latency=0.8201s status=ok active=0
SEND client 167/665 table=page_001506_table_14 active=1
RECV client 167/665 rank=549 id=page_001506_table_14 latency=0.1426s status=ok active=0
SEND client 168/665 table=page_001164_table_9 active=1
RECV client 168/665 rank=45 id=page_001164_table_9 latency=1.6740s status=ok active=0
SEND client 169/665 table=page_001376_table_5 active=1
RECV client 169/665 rank=437 id=page_001376_table_5 latency=0.2542s status=ok active=0
SEND client 170/665 table=page_000814_table_0 active=1
RECV client 170/665 rank=614 id=page_000814_table_0 latency=0.0900s status=ok active=0
SEND client 171/665 table=page_000866_table_1 active=1
RECV client 171/665 rank=434 id=page_000866_table_1 latency=0.2589s status=ok active=0
SEND client 172/665 table=page_001522_table_8 active=1
RECV client 172/665 rank=234 id=page_001522_table_8 latency=0.5089s status=ok active=0
SEND client 173/665 table=page_000418_table_3 active=1
RECV client 173/665 rank=205 id=page_000418_table_3 latency=0.5895s status=ok active=0
SEND client 174/665 table=page_000631_table_0 active=1
RECV client 174/665 rank=147 id=page_000631_table_0 latency=0.8052s status=ok active=0
SEND client 175/665 table=page_000267_table_box_id_1 active=1
RECV client 175/665 rank=62 id=page_000267_table_box_id_1 latency=1.4494s status=ok active=0
SEND client 176/665 table=page_001368_table_box_id_239 active=1
RECV client 176/665 rank=512 id=page_001368_table_box_id_239 latency=0.1690s status=ok active=0
SEND client 177/665 table=page_000946_table_14 active=1
RECV client 177/665 rank=461 id=page_000946_table_14 latency=0.2335s status=ok active=0
SEND client 178/665 table=page_001375_table_7 active=1
RECV client 178/665 rank=458 id=page_001375_table_7 latency=0.2241s status=ok active=0
SEND client 179/665 table=page_000274_table_box_id_0 active=1
RECV client 179/665 rank=139 id=page_000274_table_box_id_0 latency=0.8677s status=ok active=0
SEND client 180/665 table=page_001637_table_4 active=1
RECV client 180/665 rank=599 id=page_001637_table_4 latency=0.1032s status=ok active=0
SEND client 181/665 table=page_000256_table_box_id_3 active=1
RECV client 181/665 rank=353 id=page_000256_table_box_id_3 latency=0.3613s status=ok active=0
SEND client 182/665 table=page_001413_table_7 active=1
RECV client 182/665 rank=484 id=page_001413_table_7 latency=0.1988s status=ok active=0
SEND client 183/665 table=page_001368_table_box_id_276 active=1
RECV client 183/665 rank=638 id=page_001368_table_box_id_276 latency=0.0657s status=ok active=0
SEND client 184/665 table=page_000763_table_7 active=1
RECV client 184/665 rank=647 id=page_000763_table_7 latency=0.0562s status=ok active=0
SEND client 185/665 table=page_000826_table_32 active=1
RECV client 185/665 rank=578 id=page_000826_table_32 latency=0.1196s status=ok active=0
SEND client 186/665 table=page_000225_table_box_id_13 active=1
RECV client 186/665 rank=200 id=page_000225_table_box_id_13 latency=0.6070s status=ok active=0
SEND client 187/665 table=page_000226_table_box_id_5 active=1
RECV client 187/665 rank=405 id=page_000226_table_box_id_5 latency=0.3110s status=ok active=0
SEND client 188/665 table=page_000697_table_9 active=1
RECV client 188/665 rank=489 id=page_000697_table_9 latency=0.2003s status=ok active=0
SEND client 189/665 table=page_000434_table_15 active=1
RECV client 189/665 rank=267 id=page_000434_table_15 latency=0.4459s status=ok active=0
SEND client 190/665 table=page_000451_table_12 active=1
RECV client 190/665 rank=74 id=page_000451_table_12 latency=0.7152s status=ok active=0
SEND client 191/665 table=page_000799_table_6 active=1
RECV client 191/665 rank=400 id=page_000799_table_6 latency=0.3133s status=ok active=0
SEND client 192/665 table=page_001117_table_box_id_7 active=1
RECV client 192/665 rank=483 id=page_001117_table_box_id_7 latency=0.2019s status=ok active=0
SEND client 193/665 table=page_000268_table_box_id_2 active=1
RECV client 193/665 rank=133 id=page_000268_table_box_id_2 latency=0.8853s status=ok active=0
SEND client 194/665 table=page_000534_table_4 active=1
RECV client 194/665 rank=221 id=page_000534_table_4 latency=0.5433s status=ok active=0
SEND client 195/665 table=page_000984_table_3 active=1
RECV client 195/665 rank=238 id=page_000984_table_3 latency=0.5057s status=ok active=0
SEND client 196/665 table=page_001125_table_2 active=1
RECV client 196/665 rank=261 id=page_001125_table_2 latency=0.4011s status=ok active=0
SEND client 197/665 table=page_000250_table_box_id_4 active=1
RECV client 197/665 rank=86 id=page_000250_table_box_id_4 latency=1.0770s status=ok active=0
SEND client 198/665 table=page_000220_table_box_id_10 active=1
RECV client 198/665 rank=406 id=page_000220_table_box_id_10 latency=0.2987s status=ok active=0
SEND client 199/665 table=page_000465_table_8 active=1
RECV client 199/665 rank=331 id=page_000465_table_8 latency=0.3615s status=ok active=0
SEND client 200/665 table=page_000903_table_15 active=1
RECV client 200/665 rank=522 id=page_000903_table_15 latency=0.1678s status=ok active=0
SEND client 201/665 table=page_001493_table_box_id_19 active=1
RECV client 201/665 rank=536 id=page_001493_table_box_id_19 latency=0.1503s status=ok active=0
SEND client 202/665 table=page_000266_table_box_id_9 active=1
RECV client 202/665 rank=479 id=page_000266_table_box_id_9 latency=0.2028s status=ok active=0
SEND client 203/665 table=page_001133_table_3 active=1
RECV client 203/665 rank=123 id=page_001133_table_3 latency=0.8767s status=ok active=0
SEND client 204/665 table=page_001164_table_2 active=1
RECV client 204/665 rank=40 id=page_001164_table_2 latency=1.6922s status=ok active=0
SEND client 205/665 table=page_000552_table_9 active=1
RECV client 205/665 rank=579 id=page_000552_table_9 latency=0.1218s status=ok active=0
SEND client 206/665 table=page_000288_table_box_id_1 active=1
RECV client 206/665 rank=08 id=page_000288_table_box_id_1 latency=3.6971s status=ok active=0
SEND client 207/665 table=page_000268_table_box_id_4 active=1
RECV client 207/665 rank=361 id=page_000268_table_box_id_4 latency=0.3545s status=ok active=0
SEND client 208/665 table=page_000937_table_0 active=1
RECV client 208/665 rank=350 id=page_000937_table_0 latency=0.3534s status=ok active=0
SEND client 209/665 table=page_001189_table_box_id_2 active=1
RECV client 209/665 rank=423 id=page_001189_table_box_id_2 latency=0.2699s status=ok active=0
SEND client 210/665 table=page_000202_table_box_id_0 active=1
RECV client 210/665 rank=326 id=page_000202_table_box_id_0 latency=0.3716s status=ok active=0
SEND client 211/665 table=page_000641_table_5 active=1
RECV client 211/665 rank=485 id=page_000641_table_5 latency=0.1934s status=ok active=0
SEND client 212/665 table=page_000256_table_box_id_12 active=1
RECV client 212/665 rank=369 id=page_000256_table_box_id_12 latency=0.3404s status=ok active=0
SEND client 213/665 table=page_000425_table_3 active=1
RECV client 213/665 rank=138 id=page_000425_table_3 latency=0.8383s status=ok active=0
SEND client 214/665 table=page_000984_table_2 active=1
RECV client 214/665 rank=625 id=page_000984_table_2 latency=0.0785s status=ok active=0
SEND client 215/665 table=page_001119_table_box_id_2 active=1
RECV client 215/665 rank=272 id=page_001119_table_box_id_2 latency=0.4451s status=ok active=0
SEND client 216/665 table=page_001121_table_7 active=1
RECV client 216/665 rank=427 id=page_001121_table_7 latency=0.2633s status=ok active=0
SEND client 217/665 table=page_000661_table_4 active=1
RECV client 217/665 rank=663 id=page_000661_table_4 latency=0.0398s status=ok active=0
SEND client 218/665 table=page_000255_table_box_id_2 active=1
RECV client 218/665 rank=42 id=page_000255_table_box_id_2 latency=1.7156s status=ok active=0
SEND client 219/665 table=page_001128_table_2 active=1
RECV client 219/665 rank=144 id=page_001128_table_2 latency=0.7793s status=ok active=0
SEND client 220/665 table=page_000292_table_box_id_1 active=1
RECV client 220/665 rank=25 id=page_000292_table_box_id_1 latency=2.0450s status=ok active=0
SEND client 221/665 table=page_000465_table_10 active=1
RECV client 221/665 rank=339 id=page_000465_table_10 latency=0.3453s status=ok active=0
SEND client 222/665 table=page_001132_table_box_id_10 active=1
RECV client 222/665 rank=227 id=page_001132_table_box_id_10 latency=0.5008s status=ok active=0
SEND client 223/665 table=page_001082_table_23 active=1
RECV client 223/665 rank=316 id=page_001082_table_23 latency=0.3702s status=ok active=0
SEND client 224/665 table=page_000758_table_21 active=1
RECV client 224/665 rank=636 id=page_000758_table_21 latency=0.0649s status=ok active=0
SEND client 225/665 table=page_001219_table_box_id_1 active=1
RECV client 225/665 rank=50 id=page_001219_table_box_id_1 latency=1.5336s status=ok active=0
SEND client 226/665 table=page_000982_table_16 active=1
RECV client 226/665 rank=495 id=page_000982_table_16 latency=0.1985s status=ok active=0
SEND client 227/665 table=page_001233_table_6 active=1
RECV client 227/665 rank=241 id=page_001233_table_6 latency=0.5033s status=ok active=0
SEND client 228/665 table=page_000466_table_0 active=1
RECV client 228/665 rank=51 id=page_000466_table_0 latency=1.5987s status=ok active=0
SEND client 229/665 table=page_000677_table_23 active=1
RECV client 229/665 rank=642 id=page_000677_table_23 latency=0.0640s status=ok active=0
SEND client 230/665 table=page_000237_table_box_id_3 active=1
RECV client 230/665 rank=108 id=page_000237_table_box_id_3 latency=0.8982s status=ok active=0
SEND client 231/665 table=page_000526_table_7 active=1
RECV client 231/665 rank=438 id=page_000526_table_7 latency=0.2387s status=ok active=0
SEND client 232/665 table=page_000298_table_5 active=1
RECV client 232/665 rank=274 id=page_000298_table_5 latency=0.4329s status=ok active=0
SEND client 233/665 table=page_001499_table_12 active=1
RECV client 233/665 rank=321 id=page_001499_table_12 latency=0.3729s status=ok active=0
SEND client 234/665 table=page_001432_table_20 active=1
RECV client 234/665 rank=560 id=page_001432_table_20 latency=0.1266s status=ok active=0
SEND client 235/665 table=page_001136_table_4 active=1
RECV client 235/665 rank=407 id=page_001136_table_4 latency=0.2952s status=ok active=0
SEND client 236/665 table=page_001368_table_box_id_237 active=1
RECV client 236/665 rank=468 id=page_001368_table_box_id_237 latency=0.2040s status=ok active=0
SEND client 237/665 table=page_000467_table_17 active=1
RECV client 237/665 rank=120 id=page_000467_table_17 latency=0.9162s status=ok active=0
SEND client 238/665 table=page_000745_table_2 active=1
RECV client 238/665 rank=455 id=page_000745_table_2 latency=0.2329s status=ok active=0
SEND client 239/665 table=page_000523_table_1 active=1
RECV client 239/665 rank=471 id=page_000523_table_1 latency=0.2079s status=ok active=0
SEND client 240/665 table=page_000297_table_5 active=1
RECV client 240/665 rank=175 id=page_000297_table_5 latency=0.6551s status=ok active=0
SEND client 241/665 table=page_000524_table_0 active=1
RECV client 241/665 rank=140 id=page_000524_table_0 latency=0.8206s status=ok active=0
SEND client 242/665 table=page_000657_table_6 active=1
RECV client 242/665 rank=659 id=page_000657_table_6 latency=0.0415s status=ok active=0
SEND client 243/665 table=page_000520_table_6 active=1
RECV client 243/665 rank=378 id=page_000520_table_6 latency=0.3217s status=ok active=0
SEND client 244/665 table=page_000203_table_box_id_3 active=1
RECV client 244/665 rank=64 id=page_000203_table_box_id_3 latency=1.3547s status=ok active=0
SEND client 245/665 table=page_000522_table_1 active=1
RECV client 245/665 rank=452 id=page_000522_table_1 latency=0.2320s status=ok active=0
SEND client 246/665 table=page_000246_table_box_id_6 active=1
RECV client 246/665 rank=575 id=page_000246_table_box_id_6 latency=0.1183s status=ok active=0
SEND client 247/665 table=page_000261_table_box_id_3 active=1
RECV client 247/665 rank=54 id=page_000261_table_box_id_3 latency=1.4736s status=ok active=0
SEND client 248/665 table=page_000106_table_box_id_2 active=1
RECV client 248/665 rank=208 id=page_000106_table_box_id_2 latency=0.5718s status=ok active=0
SEND client 249/665 table=page_000603_table_7 active=1
RECV client 249/665 rank=403 id=page_000603_table_7 latency=0.3003s status=ok active=0
SEND client 250/665 table=page_000721_table_19 active=1
RECV client 250/665 rank=583 id=page_000721_table_19 latency=0.1171s status=ok active=0
SEND client 251/665 table=page_000634_table_11 active=1
RECV client 251/665 rank=225 id=page_000634_table_11 latency=0.5205s status=ok active=0
SEND client 252/665 table=page_001149_table_0 active=1
RECV client 252/665 rank=223 id=page_001149_table_0 latency=0.5142s status=ok active=0
SEND client 253/665 table=page_001368_table_box_id_220 active=1
RECV client 253/665 rank=530 id=page_001368_table_box_id_220 latency=0.1466s status=ok active=0
SEND client 254/665 table=page_000841_table_28 active=1
RECV client 254/665 rank=633 id=page_000841_table_28 latency=0.0697s status=ok active=0
SEND client 255/665 table=page_001158_table_3 active=1
RECV client 255/665 rank=325 id=page_001158_table_3 latency=0.3669s status=ok active=0
SEND client 256/665 table=page_000201_table_box-w2ehqidz active=1
RECV client 256/665 rank=228 id=page_000201_table_box-w2ehqidz latency=0.5145s status=ok active=0
SEND client 257/665 table=page_000913_table_11 active=1
RECV client 257/665 rank=510 id=page_000913_table_11 latency=0.1802s status=ok active=0
SEND client 258/665 table=page_000554_table_0 active=1
RECV client 258/665 rank=566 id=page_000554_table_0 latency=0.1289s status=ok active=0
SEND client 259/665 table=page_001190_table_8 active=1
RECV client 259/665 rank=193 id=page_001190_table_8 latency=0.5862s status=ok active=0
SEND client 260/665 table=page_000785_table_7 active=1
RECV client 260/665 rank=545 id=page_000785_table_7 latency=0.1334s status=ok active=0
SEND client 261/665 table=page_000915_table_2 active=1
RECV client 261/665 rank=611 id=page_000915_table_2 latency=0.0899s status=ok active=0
SEND client 262/665 table=page_001172_table_16 active=1
RECV client 262/665 rank=337 id=page_001172_table_16 latency=0.3545s status=ok active=0
SEND client 263/665 table=page_000295_table_box_id_1 active=1
RECV client 263/665 rank=10 id=page_000295_table_box_id_1 latency=3.5665s status=ok active=0
SEND client 264/665 table=page_000647_table_6 active=1
RECV client 264/665 rank=563 id=page_000647_table_6 latency=0.1358s status=ok active=0
SEND client 265/665 table=page_001129_table_9 active=1
RECV client 265/665 rank=362 id=page_001129_table_9 latency=0.3503s status=ok active=0
SEND client 266/665 table=page_000268_table_box_id_6 active=1
RECV client 266/665 rank=375 id=page_000268_table_box_id_6 latency=0.3337s status=ok active=0
SEND client 267/665 table=page_000216_table_box_id_0 active=1
RECV client 267/665 rank=23 id=page_000216_table_box_id_0 latency=2.1983s status=ok active=0
SEND client 268/665 table=page_001125_table_9 active=1
RECV client 268/665 rank=89 id=page_001125_table_9 latency=1.1123s status=ok active=0
SEND client 269/665 table=page_000294_table_box_id_1 active=1
RECV client 269/665 rank=84 id=page_000294_table_box_id_1 latency=1.0751s status=ok active=0
SEND client 270/665 table=page_001134_table_10 active=1
RECV client 270/665 rank=134 id=page_001134_table_10 latency=0.8946s status=ok active=0
SEND client 271/665 table=page_000277_table_box_id_1 active=1
RECV client 271/665 rank=13 id=page_000277_table_box_id_1 latency=3.3883s status=ok active=0
SEND client 272/665 table=page_000206_table_box_id_9 active=1
RECV client 272/665 rank=293 id=page_000206_table_box_id_9 latency=0.4233s status=ok active=0
SEND client 273/665 table=page_001375_table_31 active=1
RECV client 273/665 rank=631 id=page_001375_table_31 latency=0.0714s status=ok active=0
SEND client 274/665 table=page_000823_table_8 active=1
RECV client 274/665 rank=637 id=page_000823_table_8 latency=0.0651s status=ok active=0
SEND client 275/665 table=page_000635_table_0 active=1
RECV client 275/665 rank=179 id=page_000635_table_0 latency=0.6277s status=ok active=0
SEND client 276/665 table=page_000260_table_box_id_0 active=1
RECV client 276/665 rank=183 id=page_000260_table_box_id_0 latency=0.6592s status=ok active=0
SEND client 277/665 table=page_000532_table_5 active=1
RECV client 277/665 rank=404 id=page_000532_table_5 latency=0.2960s status=ok active=0
SEND client 278/665 table=page_000665_table_7 active=1
RECV client 278/665 rank=664 id=page_000665_table_7 latency=0.0402s status=ok active=0
SEND client 279/665 table=page_000208_table_box_id_7 active=1
RECV client 279/665 rank=292 id=page_000208_table_box_id_7 latency=0.4092s status=ok active=0
SEND client 280/665 table=page_000178_table_box_id_1 active=1
RECV client 280/665 rank=103 id=page_000178_table_box_id_1 latency=1.0521s status=ok active=0
SEND client 281/665 table=page_000612_table_6 active=1
RECV client 281/665 rank=295 id=page_000612_table_6 latency=0.4033s status=ok active=0
SEND client 282/665 table=page_000942_table_3 active=1
RECV client 282/665 rank=279 id=page_000942_table_3 latency=0.4444s status=ok active=0
SEND client 283/665 table=page_001166_table_5 active=1
RECV client 283/665 rank=472 id=page_001166_table_5 latency=0.2025s status=ok active=0
SEND client 284/665 table=page_000250_table_box-stnne6dt active=1
RECV client 284/665 rank=93 id=page_000250_table_box-stnne6dt latency=1.0341s status=ok active=0
SEND client 285/665 table=page_001270_table_box_id_1 active=1
RECV client 285/665 rank=95 id=page_001270_table_box_id_1 latency=0.9881s status=ok active=0
SEND client 286/665 table=page_001169_table_11 active=1
RECV client 286/665 rank=521 id=page_001169_table_11 latency=0.1566s status=ok active=0
SEND client 287/665 table=page_001154_table_10 active=1
RECV client 287/665 rank=245 id=page_001154_table_10 latency=0.4634s status=ok active=0
SEND client 288/665 table=page_000938_table_3 active=1
RECV client 288/665 rank=347 id=page_000938_table_3 latency=0.3751s status=ok active=0
SEND client 289/665 table=page_000190_table_box_id_0 active=1
RECV client 289/665 rank=430 id=page_000190_table_box_id_0 latency=0.2639s status=ok active=0
SEND client 290/665 table=page_000640_table_8 active=1
RECV client 290/665 rank=211 id=page_000640_table_8 latency=0.5496s status=ok active=0
SEND client 291/665 table=page_000643_table_4 active=1
RECV client 291/665 rank=39 id=page_000643_table_4 latency=1.8286s status=ok active=0
SEND client 292/665 table=page_001368_table_box_id_161 active=1
RECV client 292/665 rank=332 id=page_001368_table_box_id_161 latency=0.3720s status=ok active=0
SEND client 293/665 table=page_000210_table_box_id_0 active=1
RECV client 293/665 rank=222 id=page_000210_table_box_id_0 latency=0.5681s status=ok active=0
SEND client 294/665 table=page_000715_table_14 active=1
RECV client 294/665 rank=618 id=page_000715_table_14 latency=0.0824s status=ok active=0
SEND client 295/665 table=page_000230_table_box_id_7 active=1
RECV client 295/665 rank=87 id=page_000230_table_box_id_7 latency=1.0119s status=ok active=0
SEND client 296/665 table=page_000934_table_1 active=1
RECV client 296/665 rank=567 id=page_000934_table_1 latency=0.1393s status=ok active=0
SEND client 297/665 table=page_001367_table_73 active=1
RECV client 297/665 rank=555 id=page_001367_table_73 latency=0.1340s status=ok active=0
SEND client 298/665 table=page_000280_table_box_id_1 active=1
RECV client 298/665 rank=29 id=page_000280_table_box_id_1 latency=1.8432s status=ok active=0
SEND client 299/665 table=page_000647_table_4 active=1
RECV client 299/665 rank=650 id=page_000647_table_4 latency=0.0549s status=ok active=0
SEND client 300/665 table=page_001166_table_9 active=1
RECV client 300/665 rank=436 id=page_001166_table_9 latency=0.2417s status=ok active=0
SEND client 301/665 table=page_001398_table_box-1nnly5de active=1
RECV client 301/665 rank=386 id=page_001398_table_box-1nnly5de latency=0.3166s status=ok active=0
SEND client 302/665 table=page_000494_table_7 active=1
RECV client 302/665 rank=354 id=page_000494_table_7 latency=0.3519s status=ok active=0
SEND client 303/665 table=page_000945_table_4 active=1
RECV client 303/665 rank=306 id=page_000945_table_4 latency=0.3965s status=ok active=0
SEND client 304/665 table=page_000921_table_2 active=1
RECV client 304/665 rank=439 id=page_000921_table_2 latency=0.2481s status=ok active=0
SEND client 305/665 table=page_001183_table_12 active=1
RECV client 305/665 rank=285 id=page_001183_table_12 latency=0.4135s status=ok active=0
SEND client 306/665 table=page_001367_table_70 active=1
RECV client 306/665 rank=392 id=page_001367_table_70 latency=0.2801s status=ok active=0
SEND client 307/665 table=page_001376_table_13 active=1
RECV client 307/665 rank=449 id=page_001376_table_13 latency=0.2305s status=ok active=0
SEND client 308/665 table=page_000916_table_7 active=1
RECV client 308/665 rank=265 id=page_000916_table_7 latency=0.5093s status=ok active=0
SEND client 309/665 table=page_001182_table_3 active=1
RECV client 309/665 rank=250 id=page_001182_table_3 latency=0.4794s status=ok active=0
SEND client 310/665 table=page_000290_table_box_id_1 active=1
RECV client 310/665 rank=02 id=page_000290_table_box_id_1 latency=3.5580s status=ok active=0
SEND client 311/665 table=page_001404_table_7 active=1
RECV client 311/665 rank=445 id=page_001404_table_7 latency=0.2226s status=ok active=0
SEND client 312/665 table=page_000106_table_box_id_4 active=1
RECV client 312/665 rank=598 id=page_000106_table_box_id_4 latency=0.1026s status=ok active=0
SEND client 313/665 table=page_000626_table_box_id_4 active=1
RECV client 313/665 rank=37 id=page_000626_table_box_id_4 latency=1.7661s status=ok active=0
SEND client 314/665 table=page_001493_table_box_id_13 active=1
RECV client 314/665 rank=384 id=page_001493_table_box_id_13 latency=0.3005s status=ok active=0
SEND client 315/665 table=page_000659_table_5 active=1
RECV client 315/665 rank=657 id=page_000659_table_5 latency=0.0396s status=ok active=0
SEND client 316/665 table=page_000516_table_0 active=1
RECV client 316/665 rank=125 id=page_000516_table_0 latency=0.9732s status=ok active=0
SEND client 317/665 table=page_001210_table_4 active=1
RECV client 317/665 rank=152 id=page_001210_table_4 latency=0.8315s status=ok active=0
SEND client 318/665 table=page_001121_table_10 active=1
RECV client 318/665 rank=135 id=page_001121_table_10 latency=0.8146s status=ok active=0
SEND client 319/665 table=page_001367_table_72 active=1
RECV client 319/665 rank=590 id=page_001367_table_72 latency=0.0999s status=ok active=0
SEND client 320/665 table=page_001449_table_1 active=1
RECV client 320/665 rank=418 id=page_001449_table_1 latency=0.2769s status=ok active=0
SEND client 321/665 table=page_000716_table_2 active=1
RECV client 321/665 rank=623 id=page_000716_table_2 latency=0.0793s status=ok active=0
SEND client 322/665 table=page_001636_table_1 active=1
RECV client 322/665 rank=252 id=page_001636_table_1 latency=0.4914s status=ok active=0
SEND client 323/665 table=page_000639_table_4 active=1
RECV client 323/665 rank=110 id=page_000639_table_4 latency=1.0578s status=ok active=0
SEND client 324/665 table=page_001368_table_box_id_26 active=1
RECV client 324/665 rank=259 id=page_001368_table_box_id_26 latency=0.4594s status=ok active=0
SEND client 325/665 table=page_000209_table_box_id_1 active=1
RECV client 325/665 rank=432 id=page_000209_table_box_id_1 latency=0.2441s status=ok active=0
SEND client 326/665 table=page_000595_table_25 active=1
RECV client 326/665 rank=654 id=page_000595_table_25 latency=0.0394s status=ok active=0
SEND client 327/665 table=page_000434_table_16 active=1
RECV client 327/665 rank=482 id=page_000434_table_16 latency=0.1837s status=ok active=0
SEND client 328/665 table=page_000010_table_box_id_1 active=1
RECV client 328/665 rank=48 id=page_000010_table_box_id_1 latency=0.1940s status=ok active=0
SEND client 329/665 table=page_000210_table_box_id_4 active=1
RECV client 329/665 rank=466 id=page_000210_table_box_id_4 latency=0.2034s status=ok active=0
SEND client 330/665 table=page_001214_table_8 active=1
RECV client 330/665 rank=359 id=page_001214_table_8 latency=0.3192s status=ok active=0
SEND client 331/665 table=page_000925_table_10 active=1
RECV client 331/665 rank=278 id=page_000925_table_10 latency=0.4066s status=ok active=0
SEND client 332/665 table=page_000235_table_box_id_16 active=1
RECV client 332/665 rank=417 id=page_000235_table_box_id_16 latency=0.2553s status=ok active=0
SEND client 333/665 table=page_000803_table_12 active=1
RECV client 333/665 rank=632 id=page_000803_table_12 latency=0.0658s status=ok active=0
SEND client 334/665 table=page_000217_table_box_id_0 active=1
RECV client 334/665 rank=391 id=page_000217_table_box_id_0 latency=0.2957s status=ok active=0
SEND client 335/665 table=page_000623_table_7 active=1
RECV client 335/665 rank=143 id=page_000623_table_7 latency=0.7450s status=ok active=0
SEND client 336/665 table=page_000944_table_0 active=1
RECV client 336/665 rank=213 id=page_000944_table_0 latency=0.5174s status=ok active=0
SEND client 337/665 table=page_000223_table_box_id_2 active=1
RECV client 337/665 rank=114 id=page_000223_table_box_id_2 latency=0.9033s status=ok active=0
SEND client 338/665 table=page_000636_table_5 active=1
RECV client 338/665 rank=569 id=page_000636_table_5 latency=0.1311s status=ok active=0
SEND client 339/665 table=page_000911_table_box_id_5 active=1
RECV client 339/665 rank=356 id=page_000911_table_box_id_5 latency=0.3475s status=ok active=0
SEND client 340/665 table=page_000626_table_box_id_7 active=1
RECV client 340/665 rank=43 id=page_000626_table_box_id_7 latency=1.7267s status=ok active=0
SEND client 341/665 table=page_001132_table_box_id_18 active=1
RECV client 341/665 rank=546 id=page_001132_table_box_id_18 latency=0.1470s status=ok active=0
SEND client 342/665 table=page_000246_table_box_id_11 active=1
RECV client 342/665 rank=451 id=page_000246_table_box_id_11 latency=0.2379s status=ok active=0
SEND client 343/665 table=page_001117_table_box_id_17 active=1
RECV client 343/665 rank=146 id=page_001117_table_box_id_17 latency=0.1029s status=ok active=0
SEND client 344/665 table=page_001242_table_4 active=1
RECV client 344/665 rank=376 id=page_001242_table_4 latency=0.3150s status=ok active=0
SEND client 345/665 table=page_000468_table_1 active=1
RECV client 345/665 rank=544 id=page_000468_table_1 latency=0.1402s status=ok active=0
SEND client 346/665 table=page_000510_table_10 active=1
RECV client 346/665 rank=548 id=page_000510_table_10 latency=0.1439s status=ok active=0
SEND client 347/665 table=page_000512_table_0 active=1
RECV client 347/665 rank=85 id=page_000512_table_0 latency=1.1058s status=ok active=0
SEND client 348/665 table=page_001357_table_3 active=1
RECV client 348/665 rank=557 id=page_001357_table_3 latency=0.1370s status=ok active=0
SEND client 349/665 table=page_001595_table_box_id_5 active=1
RECV client 349/665 rank=129 id=page_001595_table_box_id_5 latency=0.8708s status=ok active=0
SEND client 350/665 table=page_000499_table_5 active=1
RECV client 350/665 rank=448 id=page_000499_table_5 latency=0.2348s status=ok active=0
SEND client 351/665 table=page_001170_table_7 active=1
RECV client 351/665 rank=394 id=page_001170_table_7 latency=0.2968s status=ok active=0
SEND client 352/665 table=page_001137_table_10 active=1
RECV client 352/665 rank=49 id=page_001137_table_10 latency=1.5095s status=ok active=0
SEND client 353/665 table=page_000451_table_7 active=1
RECV client 353/665 rank=136 id=page_000451_table_7 latency=0.8041s status=ok active=0
SEND client 354/665 table=page_000532_table_4 active=1
RECV client 354/665 rank=447 id=page_000532_table_4 latency=0.2396s status=ok active=0
SEND client 355/665 table=page_000763_table_26 active=1
RECV client 355/665 rank=645 id=page_000763_table_26 latency=0.0590s status=ok active=0
SEND client 356/665 table=page_000821_table_box_id_29 active=1
RECV client 356/665 rank=490 id=page_000821_table_box_id_29 latency=0.1842s status=ok active=0
SEND client 357/665 table=page_000652_table_2 active=1
RECV client 357/665 rank=319 id=page_000652_table_2 latency=0.3677s status=ok active=0
SEND client 358/665 table=page_000011_table_box_id_1 active=1
RECV client 358/665 rank=194 id=page_000011_table_box_id_1 latency=0.5790s status=ok active=0
SEND client 359/665 table=page_000507_table_0 active=1
RECV client 359/665 rank=396 id=page_000507_table_0 latency=0.2988s status=ok active=0
SEND client 360/665 table=page_001180_table_15 active=1
RECV client 360/665 rank=457 id=page_001180_table_15 latency=0.2150s status=ok active=0
SEND client 361/665 table=page_001368_table_box_id_271 active=1
RECV client 361/665 rank=528 id=page_001368_table_box_id_271 latency=0.1442s status=ok active=0
SEND client 362/665 table=page_000253_table_box_id_7 active=1
RECV client 362/665 rank=421 id=page_000253_table_box_id_7 latency=0.2669s status=ok active=0
SEND client 363/665 table=page_001201_table_14 active=1
RECV client 363/665 rank=393 id=page_001201_table_14 latency=0.3005s status=ok active=0
SEND client 364/665 table=page_000506_table_7 active=1
RECV client 364/665 rank=155 id=page_000506_table_7 latency=0.7350s status=ok active=0
SEND client 365/665 table=page_000565_table_1 active=1
RECV client 365/665 rank=248 id=page_000565_table_1 latency=0.4656s status=ok active=0
SEND client 366/665 table=page_001200_table_2 active=1
RECV client 366/665 rank=73 id=page_001200_table_2 latency=1.2122s status=ok active=0
SEND client 367/665 table=page_000696_table_0 active=1
RECV client 367/665 rank=355 id=page_000696_table_0 latency=0.3495s status=ok active=0
SEND client 368/665 table=page_001184_table_6 active=1
RECV client 368/665 rank=542 id=page_001184_table_6 latency=0.1505s status=ok active=0
SEND client 369/665 table=page_001174_table_box_id_2 active=1
RECV client 369/665 rank=363 id=page_001174_table_box_id_2 latency=0.3422s status=ok active=0
SEND client 370/665 table=page_001177_table_2 active=1
RECV client 370/665 rank=229 id=page_001177_table_2 latency=0.5060s status=ok active=0
SEND client 371/665 table=page_000505_table_1 active=1
RECV client 371/665 rank=121 id=page_000505_table_1 latency=0.8869s status=ok active=0
SEND client 372/665 table=page_000629_table_14 active=1
RECV client 372/665 rank=288 id=page_000629_table_14 latency=0.4055s status=ok active=0
SEND client 373/665 table=page_001207_table_4 active=1
RECV client 373/665 rank=383 id=page_001207_table_4 latency=0.3111s status=ok active=0
SEND client 374/665 table=page_001124_table_21 active=1
RECV client 374/665 rank=554 id=page_001124_table_21 latency=0.1336s status=ok active=0
SEND client 375/665 table=page_001082_table_34 active=1
RECV client 375/665 rank=171 id=page_001082_table_34 latency=0.6930s status=ok active=0
SEND client 376/665 table=page_001141_table_19 active=1
RECV client 376/665 rank=480 id=page_001141_table_19 latency=0.1964s status=ok active=0
SEND client 377/665 table=page_000188_table_box_id_6 active=1
RECV client 377/665 rank=240 id=page_000188_table_box_id_6 latency=0.5390s status=ok active=0
SEND client 378/665 table=page_000927_table_2 active=1
RECV client 378/665 rank=429 id=page_000927_table_2 latency=0.2511s status=ok active=0
SEND client 379/665 table=page_001137_table_4 active=1
RECV client 379/665 rank=212 id=page_001137_table_4 latency=0.5457s status=ok active=0
SEND client 380/665 table=page_001375_table_4 active=1
RECV client 380/665 rank=60 id=page_001375_table_4 latency=1.4421s status=ok active=0
SEND client 381/665 table=page_001150_table_box_id_9 active=1
RECV client 381/665 rank=255 id=page_001150_table_box_id_9 latency=0.4613s status=ok active=0
SEND client 382/665 table=page_000818_table_1 active=1
RECV client 382/665 rank=551 id=page_000818_table_1 latency=0.1381s status=ok active=0
SEND client 383/665 table=page_000528_table_7 active=1
RECV client 383/665 rank=519 id=page_000528_table_7 latency=0.1753s status=ok active=0
SEND client 384/665 table=page_001143_table_4 active=1
RECV client 384/665 rank=397 id=page_001143_table_4 latency=0.3031s status=ok active=0
SEND client 385/665 table=page_000531_table_5 active=1
RECV client 385/665 rank=263 id=page_000531_table_5 latency=0.4382s status=ok active=0
SEND client 386/665 table=page_001124_table_17 active=1
RECV client 386/665 rank=364 id=page_001124_table_17 latency=0.3382s status=ok active=0
SEND client 387/665 table=page_000200_table_box_id_7 active=1
RECV client 387/665 rank=477 id=page_000200_table_box_id_7 latency=0.2049s status=ok active=0
SEND client 388/665 table=page_000446_table_3 active=1
RECV client 388/665 rank=32 id=page_000446_table_3 latency=1.9448s status=ok active=0
SEND client 389/665 table=page_000930_table_7 active=1
RECV client 389/665 rank=523 id=page_000930_table_7 latency=0.1764s status=ok active=0
SEND client 390/665 table=page_000285_table_box_id_1 active=1
RECV client 390/665 rank=52 id=page_000285_table_box_id_1 latency=1.6794s status=ok active=0
SEND client 391/665 table=page_000832_table_4 active=1
RECV client 391/665 rank=593 id=page_000832_table_4 latency=0.1132s status=ok active=0
SEND client 392/665 table=page_001131_table_15 active=1
RECV client 392/665 rank=469 id=page_001131_table_15 latency=0.2286s status=ok active=0
SEND client 393/665 table=page_001195_table_7 active=1
RECV client 393/665 rank=82 id=page_001195_table_7 latency=1.2929s status=ok active=0
SEND client 394/665 table=page_001134_table_1 active=1
RECV client 394/665 rank=77 id=page_001134_table_1 latency=1.1013s status=ok active=0
SEND client 395/665 table=page_000506_table_9 active=1
RECV client 395/665 rank=157 id=page_000506_table_9 latency=0.7216s status=ok active=0
SEND client 396/665 table=page_000229_table_box_id_3 active=1
RECV client 396/665 rank=370 id=page_000229_table_box_id_3 latency=0.3239s status=ok active=0
SEND client 397/665 table=page_001403_table_9 active=1
RECV client 397/665 rank=487 id=page_001403_table_9 latency=0.1848s status=ok active=0
SEND client 398/665 table=page_001147_table_8 active=1
RECV client 398/665 rank=162 id=page_001147_table_8 latency=0.7118s status=ok active=0
SEND client 399/665 table=page_001223_table_9 active=1
RECV client 399/665 rank=106 id=page_001223_table_9 latency=0.9728s status=ok active=0
SEND client 400/665 table=page_000866_table_10 active=1
RECV client 400/665 rank=629 id=page_000866_table_10 latency=0.0784s status=ok active=0
SEND client 401/665 table=page_000242_table_box-mhg591pb active=1
RECV client 401/665 rank=277 id=page_000242_table_box-mhg591pb latency=0.4204s status=ok active=0
SEND client 402/665 table=page_000272_table_box_id_1 active=1
RECV client 402/665 rank=09 id=page_000272_table_box_id_1 latency=3.5425s status=ok active=0
SEND client 403/665 table=page_001011_table_35 active=1
RECV client 403/665 rank=465 id=page_001011_table_35 latency=0.2085s status=ok active=0
SEND client 404/665 table=page_000665_table_38 active=1
RECV client 404/665 rank=660 id=page_000665_table_38 latency=0.0414s status=ok active=0
SEND client 405/665 table=page_000224_table_box-3str9h9p active=1
RECV client 405/665 rank=203 id=page_000224_table_box-3str9h9p latency=0.5709s status=ok active=0
SEND client 406/665 table=page_000226_table_box_id_0 active=1
RECV client 406/665 rank=367 id=page_000226_table_box_id_0 latency=0.3295s status=ok active=0
SEND client 407/665 table=page_000641_table_6 active=1
RECV client 407/665 rank=281 id=page_000641_table_6 latency=0.4008s status=ok active=0
SEND client 408/665 table=page_000682_table_15 active=1
RECV client 408/665 rank=507 id=page_000682_table_15 latency=0.1802s status=ok active=0
SEND client 409/665 table=page_000199_table_box_id_0 active=1
RECV client 409/665 rank=80 id=page_000199_table_box_id_0 latency=1.1462s status=ok active=0
SEND client 410/665 table=page_000853_table_2 active=1
RECV client 410/665 rank=529 id=page_000853_table_2 latency=0.1508s status=ok active=0
SEND client 411/665 table=page_001137_table_9 active=1
RECV client 411/665 rank=67 id=page_001137_table_9 latency=1.2445s status=ok active=0
SEND client 412/665 table=page_000647_table_1 active=1
RECV client 412/665 rank=597 id=page_000647_table_1 latency=0.1110s status=ok active=0
SEND client 413/665 table=page_000838_table_18 active=1
RECV client 413/665 rank=627 id=page_000838_table_18 latency=0.0693s status=ok active=0
SEND client 414/665 table=page_001368_table_box_id_266 active=1
RECV client 414/665 rank=648 id=page_001368_table_box_id_266 latency=0.0514s status=ok active=0
SEND client 415/665 table=page_000790_table_9 active=1
RECV client 415/665 rank=346 id=page_000790_table_9 latency=0.3481s status=ok active=0
SEND client 416/665 table=page_001368_table_box_id_227 active=1
RECV client 416/665 rank=264 id=page_001368_table_box_id_227 latency=0.4269s status=ok active=0
SEND client 417/665 table=page_001139_table_5 active=1
RECV client 417/665 rank=79 id=page_001139_table_5 latency=1.1401s status=ok active=0
SEND client 418/665 table=page_000275_table_box_id_1 active=1
RECV client 418/665 rank=12 id=page_000275_table_box_id_1 latency=3.2862s status=ok active=0
SEND client 419/665 table=page_001368_table_box_id_278 active=1
RECV client 419/665 rank=621 id=page_001368_table_box_id_278 latency=0.0801s status=ok active=0
SEND client 420/665 table=page_000468_table_11 active=1
RECV client 420/665 rank=547 id=page_000468_table_11 latency=0.1349s status=ok active=0
SEND client 421/665 table=page_001198_table_8 active=1
RECV client 421/665 rank=260 id=page_001198_table_8 latency=0.4420s status=ok active=0
SEND client 422/665 table=page_000242_table_box_id_3 active=1
RECV client 422/665 rank=132 id=page_000242_table_box_id_3 latency=0.8278s status=ok active=0
SEND client 423/665 table=page_001196_table_13 active=1
RECV client 423/665 rank=199 id=page_001196_table_13 latency=0.5834s status=ok active=0
SEND client 424/665 table=page_000244_table_box_id_8 active=1
RECV client 424/665 rank=348 id=page_000244_table_box_id_8 latency=0.3365s status=ok active=0
SEND client 425/665 table=page_000806_table_29 active=1
RECV client 425/665 rank=320 id=page_000806_table_29 latency=0.4033s status=ok active=0
SEND client 426/665 table=page_001141_table_13 active=1
RECV client 426/665 rank=280 id=page_001141_table_13 latency=0.3977s status=ok active=0
SEND client 427/665 table=page_000655_table_5 active=1
RECV client 427/665 rank=562 id=page_000655_table_5 latency=0.1261s status=ok active=0
SEND client 428/665 table=page_001494_table_9 active=1
RECV client 428/665 rank=532 id=page_001494_table_9 latency=0.1470s status=ok active=0
SEND client 429/665 table=page_000292_table_box_id_5 active=1
RECV client 429/665 rank=646 id=page_000292_table_box_id_5 latency=0.0500s status=ok active=0
SEND client 430/665 table=page_000281_table_box_id_1 active=1
RECV client 430/665 rank=57 id=page_000281_table_box_id_1 latency=1.4250s status=ok active=0
SEND client 431/665 table=page_000715_table_10 active=1
RECV client 431/665 rank=643 id=page_000715_table_10 latency=0.0600s status=ok active=0
SEND client 432/665 table=page_000496_table_3 active=1
RECV client 432/665 rank=163 id=page_000496_table_3 latency=0.6935s status=ok active=0
SEND client 433/665 table=page_000827_table_8 active=1
RECV client 433/665 rank=635 id=page_000827_table_8 latency=0.0671s status=ok active=0
SEND client 434/665 table=page_000920_table_3 active=1
RECV client 434/665 rank=478 id=page_000920_table_3 latency=0.2093s status=ok active=0
SEND client 435/665 table=page_001211_table_7 active=1
RECV client 435/665 rank=462 id=page_001211_table_7 latency=0.2083s status=ok active=0
SEND client 436/665 table=page_000841_table_22 active=1
RECV client 436/665 rank=640 id=page_000841_table_22 latency=0.0624s status=ok active=0
SEND client 437/665 table=page_001137_table_11 active=1
RECV client 437/665 rank=243 id=page_001137_table_11 latency=0.4630s status=ok active=0
SEND client 438/665 table=page_001137_table_2 active=1
RECV client 438/665 rank=151 id=page_001137_table_2 latency=0.7418s status=ok active=0
SEND client 439/665 table=page_001406_table_8 active=1
RECV client 439/665 rank=380 id=page_001406_table_8 latency=0.3054s status=ok active=0
SEND client 440/665 table=page_000921_table_8 active=1
RECV client 440/665 rank=541 id=page_000921_table_8 latency=0.1428s status=ok active=0
SEND client 441/665 table=page_000248_table_box_id_1 active=1
RECV client 441/665 rank=119 id=page_000248_table_box_id_1 latency=0.5220s status=ok active=0
SEND client 442/665 table=page_001129_table_8 active=1
RECV client 442/665 rank=107 id=page_001129_table_8 latency=0.9272s status=ok active=0
SEND client 443/665 table=page_000566_table_3 active=1
RECV client 443/665 rank=167 id=page_000566_table_3 latency=0.6744s status=ok active=0
SEND client 444/665 table=page_001275_table_3 active=1
RECV client 444/665 rank=63 id=page_001275_table_3 latency=1.3067s status=ok active=0
SEND client 445/665 table=page_000861_table_5 active=1
RECV client 445/665 rank=153 id=page_000861_table_5 latency=0.7801s status=ok active=0
SEND client 446/665 table=page_000204_table_box_id_6 active=1
RECV client 446/665 rank=344 id=page_000204_table_box_id_6 latency=0.3308s status=ok active=0
SEND client 447/665 table=page_000554_table_12 active=1
RECV client 447/665 rank=538 id=page_000554_table_12 latency=0.1384s status=ok active=0
SEND client 448/665 table=page_000533_table_8 active=1
RECV client 448/665 rank=399 id=page_000533_table_8 latency=0.2922s status=ok active=0
SEND client 449/665 table=page_001273_table_8 active=1
RECV client 449/665 rank=76 id=page_001273_table_8 latency=1.1346s status=ok active=0
SEND client 450/665 table=page_000642_table_8 active=1
RECV client 450/665 rank=128 id=page_000642_table_8 latency=0.8447s status=ok active=0
SEND client 451/665 table=page_001408_table_16 active=1
RECV client 451/665 rank=652 id=page_001408_table_16 latency=0.0473s status=ok active=0
SEND client 452/665 table=page_000417_table_3 active=1
RECV client 452/665 rank=189 id=page_000417_table_3 latency=0.6150s status=ok active=0
SEND client 453/665 table=page_000737_table_6 active=1
RECV client 453/665 rank=454 id=page_000737_table_6 latency=0.2281s status=ok active=0
SEND client 454/665 table=page_000632_table_6 active=1
RECV client 454/665 rank=501 id=page_000632_table_6 latency=0.1759s status=ok active=0
SEND client 455/665 table=page_000259_table_box_id_1 active=1
RECV client 455/665 rank=127 id=page_000259_table_box_id_1 latency=0.8669s status=ok active=0
SEND client 456/665 table=page_000769_table_3 active=1
RECV client 456/665 rank=540 id=page_000769_table_3 latency=0.1395s status=ok active=0
SEND client 457/665 table=page_000256_table_box_id_1 active=1
RECV client 457/665 rank=527 id=page_000256_table_box_id_1 latency=0.1532s status=ok active=0
SEND client 458/665 table=page_001138_table_1 active=1
RECV client 458/665 rank=59 id=page_001138_table_1 latency=1.3803s status=ok active=0
SEND client 459/665 table=page_001186_table_5 active=1
RECV client 459/665 rank=595 id=page_001186_table_5 latency=0.1002s status=ok active=0
SEND client 460/665 table=page_000252_table_box_id_1 active=1
RECV client 460/665 rank=197 id=page_000252_table_box_id_1 latency=0.5903s status=ok active=0
SEND client 461/665 table=page_001129_table_11 active=1
RECV client 461/665 rank=181 id=page_001129_table_11 latency=0.6119s status=ok active=0
SEND client 462/665 table=page_000266_table_box_id_1 active=1
RECV client 462/665 rank=420 id=page_000266_table_box_id_1 latency=0.2697s status=ok active=0
SEND client 463/665 table=page_000680_table_11 active=1
RECV client 463/665 rank=271 id=page_000680_table_11 latency=0.4154s status=ok active=0
SEND client 464/665 table=page_000256_table_box_id_8 active=1
RECV client 464/665 rank=336 id=page_000256_table_box_id_8 latency=0.3517s status=ok active=0
SEND client 465/665 table=page_000279_table_box-fy04hrwa active=1
RECV client 465/665 rank=19 id=page_000279_table_box-fy04hrwa latency=2.5367s status=ok active=0
SEND client 466/665 table=page_000232_table_box_id_8 active=1
RECV client 466/665 rank=379 id=page_000232_table_box_id_8 latency=0.3155s status=ok active=0
SEND client 467/665 table=page_001202_table_3 active=1
RECV client 467/665 rank=145 id=page_001202_table_3 latency=0.7758s status=ok active=0
SEND client 468/665 table=page_000545_table_14 active=1
RECV client 468/665 rank=488 id=page_000545_table_14 latency=0.1889s status=ok active=0
SEND client 469/665 table=page_000221_table_box_id_3 active=1
RECV client 469/665 rank=190 id=page_000221_table_box_id_3 latency=0.5980s status=ok active=0
SEND client 470/665 table=page_001595_table_box_id_1 active=1
RECV client 470/665 rank=11 id=page_001595_table_box_id_1 latency=3.3778s status=ok active=0
SEND client 471/665 table=page_001356_table_3 active=1
RECV client 471/665 rank=433 id=page_001356_table_3 latency=0.2447s status=ok active=0
SEND client 472/665 table=page_000293_table_box_id_1 active=1
RECV client 472/665 rank=21 id=page_000293_table_box_id_1 latency=2.2220s status=ok active=0
SEND client 473/665 table=page_001168_table_0 active=1
RECV client 473/665 rank=216 id=page_001168_table_0 latency=0.5114s status=ok active=0
SEND client 474/665 table=page_000626_table_box_id_1 active=1
RECV client 474/665 rank=44 id=page_000626_table_box_id_1 latency=1.8292s status=ok active=0
SEND client 475/665 table=page_000283_table_box_id_1 active=1
RECV client 475/665 rank=03 id=page_000283_table_box_id_1 latency=3.8471s status=ok active=0
SEND client 476/665 table=page_000465_table_9 active=1
RECV client 476/665 rank=335 id=page_000465_table_9 latency=0.3771s status=ok active=0
SEND client 477/665 table=page_000762_table_5 active=1
RECV client 477/665 rank=610 id=page_000762_table_5 latency=0.0901s status=ok active=0
SEND client 478/665 table=page_000220_table_box_id_7 active=1
RECV client 478/665 rank=187 id=page_000220_table_box_id_7 latency=0.6508s status=ok active=0
SEND client 479/665 table=page_001146_table_11 active=1
RECV client 479/665 rank=385 id=page_001146_table_11 latency=0.3240s status=ok active=0
SEND client 480/665 table=page_001026_table_box_id_12 active=1
RECV client 480/665 rank=373 id=page_001026_table_box_id_12 latency=0.3305s status=ok active=0
SEND client 481/665 table=page_000220_table_box_id_3 active=1
RECV client 481/665 rank=358 id=page_000220_table_box_id_3 latency=0.3641s status=ok active=0
SEND client 482/665 table=page_001368_table_box_id_252 active=1
RECV client 482/665 rank=520 id=page_001368_table_box_id_252 latency=0.1718s status=ok active=0
SEND client 483/665 table=page_000207_table_box_id_1 active=1
RECV client 483/665 rank=102 id=page_000207_table_box_id_1 latency=1.0539s status=ok active=0
SEND client 484/665 table=page_000800_table_10 active=1
RECV client 484/665 rank=653 id=page_000800_table_10 latency=0.0445s status=ok active=0
SEND client 485/665 table=page_000501_table_6 active=1
RECV client 485/665 rank=83 id=page_000501_table_6 latency=1.2200s status=ok active=0
SEND client 486/665 table=page_000605_table_3 active=1
RECV client 486/665 rank=649 id=page_000605_table_3 latency=0.0542s status=ok active=0
SEND client 487/665 table=page_001130_table_1 active=1
RECV client 487/665 rank=572 id=page_001130_table_1 latency=0.1279s status=ok active=0
SEND client 488/665 table=page_000835_table_2 active=1
RECV client 488/665 rank=601 id=page_000835_table_2 latency=0.0999s status=ok active=0
SEND client 489/665 table=page_000299_table_box_id_5 active=1
RECV client 489/665 rank=116 id=page_000299_table_box_id_5 latency=0.9959s status=ok active=0
SEND client 490/665 table=page_000634_table_1 active=1
RECV client 490/665 rank=276 id=page_000634_table_1 latency=0.4315s status=ok active=0
SEND client 491/665 table=page_000932_table_3 active=1
RECV client 491/665 rank=381 id=page_000932_table_3 latency=0.3145s status=ok active=0
SEND client 492/665 table=page_001367_table_52 active=1
RECV client 492/665 rank=231 id=page_001367_table_52 latency=0.5179s status=ok active=0
SEND client 493/665 table=page_000633_table_5 active=1
RECV client 493/665 rank=53 id=page_000633_table_5 latency=1.5481s status=ok active=0
SEND client 494/665 table=page_000219_table_box_id_3 active=1
RECV client 494/665 rank=300 id=page_000219_table_box_id_3 latency=0.4056s status=ok active=0
SEND client 495/665 table=page_001124_table_12 active=1
RECV client 495/665 rank=481 id=page_001124_table_12 latency=0.2089s status=ok active=0
SEND client 496/665 table=page_000282_table_box_id_1 active=1
RECV client 496/665 rank=06 id=page_000282_table_box_id_1 latency=3.8546s status=ok active=0
SEND client 497/665 table=page_000744_table_11 active=1
RECV client 497/665 rank=594 id=page_000744_table_11 latency=0.1057s status=ok active=0
SEND client 498/665 table=page_000231_table_box_id_2 active=1
RECV client 498/665 rank=105 id=page_000231_table_box_id_2 latency=0.9528s status=ok active=0
SEND client 499/665 table=page_001144_table_11 active=1
RECV client 499/665 rank=242 id=page_001144_table_11 latency=0.4501s status=ok active=0
SEND client 500/665 table=page_000243_table_box-xkm41jlm active=1
RECV client 500/665 rank=389 id=page_000243_table_box-xkm41jlm latency=0.2943s status=ok active=0
SEND client 501/665 table=page_000511_table_1 active=1
RECV client 501/665 rank=71 id=page_000511_table_1 latency=1.1843s status=ok active=0
SEND client 502/665 table=page_000307_table_2 active=1
RECV client 502/665 rank=109 id=page_000307_table_2 latency=0.9105s status=ok active=0
SEND client 503/665 table=page_001145_table_3 active=1
RECV client 503/665 rank=323 id=page_001145_table_3 latency=0.3527s status=ok active=0
SEND client 504/665 table=page_000428_table_6 active=1
RECV client 504/665 rank=416 id=page_000428_table_6 latency=0.2750s status=ok active=0
SEND client 505/665 table=page_000465_table_5 active=1
RECV client 505/665 rank=340 id=page_000465_table_5 latency=0.3434s status=ok active=0
SEND client 506/665 table=page_000792_table_25 active=1
RECV client 506/665 rank=498 id=page_000792_table_25 latency=0.1897s status=ok active=0
SEND client 507/665 table=page_001272_table_1 active=1
RECV client 507/665 rank=66 id=page_001272_table_1 latency=1.3424s status=ok active=0
SEND client 508/665 table=page_000147_table_box_id_3 active=1
RECV client 508/665 rank=641 id=page_000147_table_box_id_3 latency=0.0646s status=ok active=0
SEND client 509/665 table=page_001175_table_2 active=1
RECV client 509/665 rank=178 id=page_001175_table_2 latency=0.6185s status=ok active=0
SEND client 510/665 table=page_000824_table_0 active=1
RECV client 510/665 rank=268 id=page_000824_table_0 latency=0.4176s status=ok active=0
SEND client 511/665 table=page_000858_table_1 active=1
RECV client 511/665 rank=592 id=page_000858_table_1 latency=0.1049s status=ok active=0
SEND client 512/665 table=page_000226_table_box_id_3 active=1
RECV client 512/665 rank=244 id=page_000226_table_box_id_3 latency=0.4604s status=ok active=0
SEND client 513/665 table=page_001199_table_15 active=1
RECV client 513/665 rank=290 id=page_001199_table_15 latency=0.3917s status=ok active=0
SEND client 514/665 table=page_001167_table_8 active=1
RECV client 514/665 rank=450 id=page_001167_table_8 latency=0.2301s status=ok active=0
SEND client 515/665 table=page_000254_table_box_id_4 active=1
RECV client 515/665 rank=174 id=page_000254_table_box_id_4 latency=0.6689s status=ok active=0
SEND client 516/665 table=page_000628_table_14 active=1
RECV client 516/665 rank=286 id=page_000628_table_14 latency=0.4037s status=ok active=0
SEND client 517/665 table=page_000247_table_box_id_0 active=1
RECV client 517/665 rank=609 id=page_000247_table_box_id_0 latency=0.0910s status=ok active=0
SEND client 518/665 table=page_000838_table_1 active=1
RECV client 518/665 rank=556 id=page_000838_table_1 latency=0.1302s status=ok active=0
SEND client 519/665 table=page_000649_table_8 active=1
RECV client 519/665 rank=442 id=page_000649_table_8 latency=0.2427s status=ok active=0
SEND client 520/665 table=page_000515_table_7 active=1
RECV client 520/665 rank=301 id=page_000515_table_7 latency=0.3833s status=ok active=0
SEND client 521/665 table=page_001368_table_box_id_229 active=1
RECV client 521/665 rank=310 id=page_001368_table_box_id_229 latency=0.3679s status=ok active=0
SEND client 522/665 table=page_000639_table_11 active=1
RECV client 522/665 rank=130 id=page_000639_table_11 latency=0.8607s status=ok active=0
SEND client 523/665 table=page_000271_table_box_id_1 active=1
RECV client 523/665 rank=04 id=page_000271_table_box_id_1 latency=3.6060s status=ok active=0
SEND client 524/665 table=page_001232_table_box_id_1 active=1
RECV client 524/665 rank=313 id=page_001232_table_box_id_1 latency=0.3714s status=ok active=0
SEND client 525/665 table=page_001134_table_9 active=1
RECV client 525/665 rank=137 id=page_001134_table_9 latency=0.8232s status=ok active=0
SEND client 526/665 table=page_001035_table_31 active=1
RECV client 526/665 rank=247 id=page_001035_table_31 latency=0.4519s status=ok active=0
SEND client 527/665 table=page_000499_table_0 active=1
RECV client 527/665 rank=246 id=page_000499_table_0 latency=0.4972s status=ok active=0
SEND client 528/665 table=page_001193_table_8 active=1
RECV client 528/665 rank=262 id=page_001193_table_8 latency=0.4531s status=ok active=0
SEND client 529/665 table=page_000592_table_3 active=1
RECV client 529/665 rank=92 id=page_000592_table_3 latency=1.0954s status=ok active=0
SEND client 530/665 table=page_000853_table_9 active=1
RECV client 530/665 rank=584 id=page_000853_table_9 latency=0.1183s status=ok active=0
SEND client 531/665 table=page_000921_table_9 active=1
RECV client 531/665 rank=460 id=page_000921_table_9 latency=0.2258s status=ok active=0
SEND client 532/665 table=page_000922_table_12 active=1
RECV client 532/665 rank=294 id=page_000922_table_12 latency=0.4011s status=ok active=0
SEND client 533/665 table=page_001219_table_box_id_4 active=1
RECV client 533/665 rank=408 id=page_001219_table_box_id_4 latency=0.2918s status=ok active=0
SEND client 534/665 table=page_000709_table_12 active=1
RECV client 534/665 rank=634 id=page_000709_table_12 latency=0.0661s status=ok active=0
SEND client 535/665 table=page_001367_table_69 active=1
RECV client 535/665 rank=446 id=page_001367_table_69 latency=0.2331s status=ok active=0
SEND client 536/665 table=page_000225_table_box_id_9 active=1
RECV client 536/665 rank=431 id=page_000225_table_box_id_9 latency=0.2627s status=ok active=0
SEND client 537/665 table=page_000647_table_3 active=1
RECV client 537/665 rank=608 id=page_000647_table_3 latency=0.0970s status=ok active=0
SEND client 538/665 table=page_000763_table_2 active=1
RECV client 538/665 rank=624 id=page_000763_table_2 latency=0.0776s status=ok active=0
SEND client 539/665 table=page_001157_table_5 active=1
RECV client 539/665 rank=333 id=page_001157_table_5 latency=0.3597s status=ok active=0
SEND client 540/665 table=page_001026_table_box_id_25 active=1
RECV client 540/665 rank=275 id=page_001026_table_box_id_25 latency=0.4374s status=ok active=0
SEND client 541/665 table=page_001368_table_box_id_163 active=1
RECV client 541/665 rank=651 id=page_001368_table_box_id_163 latency=0.0537s status=ok active=0
SEND client 542/665 table=page_001140_table_11 active=1
RECV client 542/665 rank=148 id=page_001140_table_11 latency=0.8036s status=ok active=0
SEND client 543/665 table=page_000266_table_box_id_5 active=1
RECV client 543/665 rank=453 id=page_000266_table_box_id_5 latency=0.2426s status=ok active=0
SEND client 544/665 table=page_000142_table_box_id_2 active=1
RECV client 544/665 rank=580 id=page_000142_table_box_id_2 latency=0.1411s status=ok active=0
SEND client 545/665 table=page_001135_table_6 active=1
RECV client 545/665 rank=299 id=page_001135_table_6 latency=0.4028s status=ok active=0
SEND client 546/665 table=page_001189_table_box_id_3 active=1
RECV client 546/665 rank=338 id=page_001189_table_box_id_3 latency=0.3613s status=ok active=0
SEND client 547/665 table=page_001227_table_10 active=1
RECV client 547/665 rank=75 id=page_001227_table_10 latency=1.2194s status=ok active=0
SEND client 548/665 table=page_001225_table_14 active=1
RECV client 548/665 rank=428 id=page_001225_table_14 latency=0.2618s status=ok active=0
SEND client 549/665 table=page_001230_table_box_id_3 active=1
RECV client 549/665 rank=499 id=page_001230_table_box_id_3 latency=0.1843s status=ok active=0
SEND client 550/665 table=page_001143_table_8 active=1
RECV client 550/665 rank=188 id=page_001143_table_8 latency=0.6274s status=ok active=0
SEND client 551/665 table=page_001180_table_16 active=1
RECV client 551/665 rank=390 id=page_001180_table_16 latency=0.3137s status=ok active=0
SEND client 552/665 table=page_000278_table_box_id_1 active=1
RECV client 552/665 rank=05 id=page_000278_table_box_id_1 latency=3.7014s status=ok active=0
SEND client 553/665 table=page_000228_table_box_id_1 active=1
RECV client 553/665 rank=150 id=page_000228_table_box_id_1 latency=0.7595s status=ok active=0
SEND client 554/665 table=page_000673_table_1 active=1
RECV client 554/665 rank=493 id=page_000673_table_1 latency=0.1906s status=ok active=0
SEND client 555/665 table=page_001197_table_4 active=1
RECV client 555/665 rank=131 id=page_001197_table_4 latency=0.8863s status=ok active=0
SEND client 556/665 table=page_001197_table_5 active=1
RECV client 556/665 rank=118 id=page_001197_table_5 latency=0.9228s status=ok active=0
SEND client 557/665 table=page_001162_table_3 active=1
RECV client 557/665 rank=257 id=page_001162_table_3 latency=0.4507s status=ok active=0
SEND client 558/665 table=page_000536_table_4 active=1
RECV client 558/665 rank=303 id=page_000536_table_4 latency=0.3867s status=ok active=0
SEND client 559/665 table=page_001125_table_3 active=1
RECV client 559/665 rank=308 id=page_001125_table_3 latency=0.3828s status=ok active=0
SEND client 560/665 table=page_000215_table_box_id_4 active=1
RECV client 560/665 rank=343 id=page_000215_table_box_id_4 latency=0.3521s status=ok active=0
SEND client 561/665 table=page_000465_table_4 active=1
RECV client 561/665 rank=328 id=page_000465_table_4 latency=0.3625s status=ok active=0
SEND client 562/665 table=page_001306_table_1 active=1
RECV client 562/665 rank=270 id=page_001306_table_1 latency=0.4384s status=ok active=0
SEND client 563/665 table=page_001276_table_2 active=1
RECV client 563/665 rank=18 id=page_001276_table_2 latency=2.6334s status=ok active=0
SEND client 564/665 table=page_000229_table_box-pug9otka active=1
RECV client 564/665 rank=503 id=page_000229_table_box-pug9otka latency=0.1824s status=ok active=0
SEND client 565/665 table=page_000243_table_box_id_1 active=1
RECV client 565/665 rank=330 id=page_000243_table_box_id_1 latency=0.3608s status=ok active=0
SEND client 566/665 table=page_000918_table_0 active=1
RECV client 566/665 rank=456 id=page_000918_table_0 latency=0.2286s status=ok active=0
SEND client 567/665 table=page_000535_table_1 active=1
RECV client 567/665 rank=239 id=page_000535_table_1 latency=0.4808s status=ok active=0
SEND client 568/665 table=page_001126_table_18 active=1
RECV client 568/665 rank=543 id=page_001126_table_18 latency=0.1419s status=ok active=0
SEND client 569/665 table=page_000776_table_4 active=1
RECV client 569/665 rank=600 id=page_000776_table_4 latency=0.0975s status=ok active=0
SEND client 570/665 table=page_000821_table_box_id_26 active=1
RECV client 570/665 rank=617 id=page_000821_table_box_id_26 latency=0.0835s status=ok active=0
SEND client 571/665 table=page_000222_table_box_id_1 active=1
RECV client 571/665 rank=311 id=page_000222_table_box_id_1 latency=0.3804s status=ok active=0
SEND client 572/665 table=page_000520_table_0 active=1
RECV client 572/665 rank=550 id=page_000520_table_0 latency=0.1365s status=ok active=0
SEND client 573/665 table=page_000523_table_0 active=1
RECV client 573/665 rank=312 id=page_000523_table_0 latency=0.3814s status=ok active=0
SEND client 574/665 table=page_001156_table_6 active=1
RECV client 574/665 rank=217 id=page_001156_table_6 latency=0.5277s status=ok active=0
SEND client 575/665 table=page_001185_table_10 active=1
RECV client 575/665 rank=304 id=page_001185_table_10 latency=0.3922s status=ok active=0
SEND client 576/665 table=page_000585_table_1 active=1
RECV client 576/665 rank=159 id=page_000585_table_1 latency=0.7321s status=ok active=0
SEND client 577/665 table=page_001188_table_2 active=1
RECV client 577/665 rank=20 id=page_001188_table_2 latency=2.2981s status=ok active=0
SEND client 578/665 table=page_000665_table_3 active=1
RECV client 578/665 rank=662 id=page_000665_table_3 latency=0.0401s status=ok active=0
SEND client 579/665 table=page_000521_table_2 active=1
RECV client 579/665 rank=173 id=page_000521_table_2 latency=0.6613s status=ok active=0
SEND client 580/665 table=page_000276_table_box_id_5 active=1
RECV client 580/665 rank=16 id=page_000276_table_box_id_5 latency=3.1576s status=ok active=0
SEND client 581/665 table=page_000737_table_0 active=1
RECV client 581/665 rank=249 id=page_000737_table_0 latency=0.4449s status=ok active=0
SEND client 582/665 table=page_000760_table_1 active=1
RECV client 582/665 rank=475 id=page_000760_table_1 latency=0.2052s status=ok active=0
SEND client 583/665 table=page_000239_table_box_id_7 active=1
RECV client 583/665 rank=494 id=page_000239_table_box_id_7 latency=0.1702s status=ok active=0
SEND client 584/665 table=page_000647_table_2 active=1
RECV client 584/665 rank=622 id=page_000647_table_2 latency=0.0836s status=ok active=0
SEND client 585/665 table=page_000300_table_1 active=1
RECV client 585/665 rank=467 id=page_000300_table_1 latency=0.2118s status=ok active=0
SEND client 586/665 table=page_001178_table_0 active=1
RECV client 586/665 rank=98 id=page_001178_table_0 latency=0.9585s status=ok active=0
SEND client 587/665 table=page_000518_table_11 active=1
RECV client 587/665 rank=424 id=page_000518_table_11 latency=0.2783s status=ok active=0
SEND client 588/665 table=page_001222_table_2 active=1
RECV client 588/665 rank=70 id=page_001222_table_2 latency=1.1676s status=ok active=0
SEND client 589/665 table=page_000935_table_11 active=1
RECV client 589/665 rank=516 id=page_000935_table_11 latency=0.1677s status=ok active=0
SEND client 590/665 table=page_000229_table_box_id_7 active=1
RECV client 590/665 rank=474 id=page_000229_table_box_id_7 latency=0.1992s status=ok active=0
SEND client 591/665 table=page_001367_table_60 active=1
RECV client 591/665 rank=26 id=page_001367_table_60 latency=1.9350s status=ok active=0
SEND client 592/665 table=page_000270_table_box_id_0 active=1
RECV client 592/665 rank=41 id=page_000270_table_box_id_0 latency=1.8724s status=ok active=0
SEND client 593/665 table=page_001159_table_5 active=1
RECV client 593/665 rank=224 id=page_001159_table_5 latency=0.5436s status=ok active=0
SEND client 594/665 table=page_000257_table_box_id_20 active=1
RECV client 594/665 rank=226 id=page_000257_table_box_id_20 latency=0.5512s status=ok active=0
SEND client 595/665 table=page_001173_table_6 active=1
RECV client 595/665 rank=58 id=page_001173_table_6 latency=1.4466s status=ok active=0
SEND client 596/665 table=page_000240_table_box_id_9 active=1
RECV client 596/665 rank=266 id=page_000240_table_box_id_9 latency=0.4104s status=ok active=0
SEND client 597/665 table=page_000519_table_8 active=1
RECV client 597/665 rank=289 id=page_000519_table_8 latency=0.3840s status=ok active=0
SEND client 598/665 table=page_000263_table_box_id_7 active=1
RECV client 598/665 rank=31 id=page_000263_table_box_id_7 latency=1.7339s status=ok active=0
SEND client 599/665 table=page_000500_table_3 active=1
RECV client 599/665 rank=182 id=page_000500_table_3 latency=0.6488s status=ok active=0
SEND client 600/665 table=page_001165_table_13 active=1
RECV client 600/665 rank=425 id=page_001165_table_13 latency=0.2932s status=ok active=0
SEND client 601/665 table=page_001367_table_50 active=1
RECV client 601/665 rank=233 id=page_001367_table_50 latency=0.5085s status=ok active=0
SEND client 602/665 table=page_001248_table_0 active=1
RECV client 602/665 rank=287 id=page_001248_table_0 latency=0.3920s status=ok active=0
SEND client 603/665 table=page_001516_table_17 active=1
RECV client 603/665 rank=314 id=page_001516_table_17 latency=0.3541s status=ok active=0
SEND client 604/665 table=page_000628_table_6 active=1
RECV client 604/665 rank=207 id=page_000628_table_6 latency=0.5336s status=ok active=0
SEND client 605/665 table=page_001197_table_3 active=1
RECV client 605/665 rank=46 id=page_001197_table_3 latency=1.4815s status=ok active=0
SEND client 606/665 table=page_001496_table_3 active=1
RECV client 606/665 rank=232 id=page_001496_table_3 latency=0.5059s status=ok active=0
SEND client 607/665 table=page_001398_table_box-bfny2f1z active=1
RECV client 607/665 rank=329 id=page_001398_table_box-bfny2f1z latency=0.3552s status=ok active=0
SEND client 608/665 table=page_000534_table_3 active=1
RECV client 608/665 rank=508 id=page_000534_table_3 latency=0.1842s status=ok active=0
SEND client 609/665 table=page_001595_table_box_id_9 active=1
RECV client 609/665 rank=561 id=page_001595_table_box_id_9 latency=0.1369s status=ok active=0
SEND client 610/665 table=page_001036_table_box_id_4 active=1
RECV client 610/665 rank=172 id=page_001036_table_box_id_4 latency=0.6821s status=ok active=0
SEND client 611/665 table=page_000649_table_3 active=1
RECV client 611/665 rank=412 id=page_000649_table_3 latency=0.3035s status=ok active=0
SEND client 612/665 table=page_001395_table_6 active=1
RECV client 612/665 rank=351 id=page_001395_table_6 latency=0.3651s status=ok active=0
SEND client 613/665 table=page_001503_table_5 active=1
RECV client 613/665 rank=526 id=page_001503_table_5 latency=0.1644s status=ok active=0
SEND client 614/665 table=page_000508_table_4 active=1
RECV client 614/665 rank=366 id=page_000508_table_4 latency=0.3297s status=ok active=0
SEND client 615/665 table=page_000941_table_1 active=1
RECV client 615/665 rank=298 id=page_000941_table_1 latency=0.3886s status=ok active=0
SEND client 616/665 table=page_000249_table_box_id_4 active=1
RECV client 616/665 rank=210 id=page_000249_table_box_id_4 latency=0.5703s status=ok active=0
SEND client 617/665 table=page_000266_table_box_id_11 active=1
RECV client 617/665 rank=500 id=page_000266_table_box_id_11 latency=0.1875s status=ok active=0
SEND client 618/665 table=page_000246_table_box_id_14 active=1
RECV client 618/665 rank=502 id=page_000246_table_box_id_14 latency=0.1779s status=ok active=0
SEND client 619/665 table=page_001160_table_6 active=1
RECV client 619/665 rank=284 id=page_001160_table_6 latency=0.4163s status=ok active=0
SEND client 620/665 table=page_000519_table_1 active=1
RECV client 620/665 rank=220 id=page_000519_table_1 latency=0.5289s status=ok active=0
SEND client 621/665 table=page_001131_table_10 active=1
RECV client 621/665 rank=283 id=page_001131_table_10 latency=0.4096s status=ok active=0
SEND client 622/665 table=page_001147_table_9 active=1
RECV client 622/665 rank=69 id=page_001147_table_9 latency=1.2480s status=ok active=0
SEND client 623/665 table=page_001367_table_67 active=1
RECV client 623/665 rank=237 id=page_001367_table_67 latency=0.4832s status=ok active=0
SEND client 624/665 table=page_000542_table_0 active=1
RECV client 624/665 rank=219 id=page_000542_table_0 latency=0.5212s status=ok active=0
SEND client 625/665 table=page_000627_table_14 active=1
RECV client 625/665 rank=318 id=page_000627_table_14 latency=0.3736s status=ok active=0
SEND client 626/665 table=page_000654_table_0 active=1
RECV client 626/665 rank=568 id=page_000654_table_0 latency=0.1190s status=ok active=0
SEND client 627/665 table=page_000754_table_7 active=1
RECV client 627/665 rank=435 id=page_000754_table_7 latency=0.2500s status=ok active=0
SEND client 628/665 table=page_000269_table_box_id_1 active=1
RECV client 628/665 rank=537 id=page_000269_table_box_id_1 latency=0.1520s status=ok active=0
SEND client 629/665 table=page_000251_table_box_id_7 active=1
RECV client 629/665 rank=184 id=page_000251_table_box_id_7 latency=0.6181s status=ok active=0
SEND client 630/665 table=page_000500_table_5 active=1
RECV client 630/665 rank=96 id=page_000500_table_5 latency=1.0396s status=ok active=0
SEND client 631/665 table=page_000712_table_4 active=1
RECV client 631/665 rank=535 id=page_000712_table_4 latency=0.1447s status=ok active=0
SEND client 632/665 table=page_000356_table_1 active=1
RECV client 632/665 rank=409 id=page_000356_table_1 latency=0.2877s status=ok active=0
SEND client 633/665 table=page_000249_table_box-gjm9bkso active=1
RECV client 633/665 rank=100 id=page_000249_table_box-gjm9bkso latency=1.0141s status=ok active=0
SEND client 634/665 table=page_000212_table_box_id_1 active=1
RECV client 634/665 rank=113 id=page_000212_table_box_id_1 latency=0.9837s status=ok active=0
SEND client 635/665 table=page_000716_table_0 active=1
RECV client 635/665 rank=588 id=page_000716_table_0 latency=0.1108s status=ok active=0
SEND client 636/665 table=page_000543_table_8 active=1
RECV client 636/665 rank=476 id=page_000543_table_8 latency=0.2133s status=ok active=0
SEND client 637/665 table=page_001179_table_6 active=1
RECV client 637/665 rank=61 id=page_001179_table_6 latency=1.4384s status=ok active=0
SEND client 638/665 table=page_001595_table_box_id_7 active=1
RECV client 638/665 rank=195 id=page_001595_table_box_id_7 latency=0.6081s status=ok active=0
SEND client 639/665 table=page_000792_table_4 active=1
RECV client 639/665 rank=506 id=page_000792_table_4 latency=0.1844s status=ok active=0
SEND client 640/665 table=page_000564_table_7 active=1
RECV client 640/665 rank=334 id=page_000564_table_7 latency=0.3591s status=ok active=0
SEND client 641/665 table=page_000553_table_8 active=1
RECV client 641/665 rank=166 id=page_000553_table_8 latency=0.7218s status=ok active=0
SEND client 642/665 table=page_000775_table_2 active=1
RECV client 642/665 rank=591 id=page_000775_table_2 latency=0.1093s status=ok active=0
SEND client 643/665 table=page_001632_table_box_id_1 active=1
RECV client 643/665 rank=517 id=page_001632_table_box_id_1 latency=0.1728s status=ok active=0
SEND client 644/665 table=page_000496_table_4 active=1
RECV client 644/665 rank=34 id=page_000496_table_4 latency=1.9105s status=ok active=0
SEND client 645/665 table=page_000746_table_18 active=1
RECV client 645/665 rank=161 id=page_000746_table_18 latency=0.7314s status=ok active=0
SEND client 646/665 table=page_000838_table_4 active=1
RECV client 646/665 rank=628 id=page_000838_table_4 latency=0.0701s status=ok active=0
SEND client 647/665 table=page_000513_table_1 active=1
RECV client 647/665 rank=198 id=page_000513_table_1 latency=0.5987s status=ok active=0
SEND client 648/665 table=page_001398_table_box-7mwax454 active=1
RECV client 648/665 rank=377 id=page_001398_table_box-7mwax454 latency=0.3127s status=ok active=0
SEND client 649/665 table=page_000182_table_box-tn22tc2f active=1
RECV client 649/665 rank=492 id=page_000182_table_box-tn22tc2f latency=0.1910s status=ok active=0
SEND client 650/665 table=page_001480_table_4 active=1
RECV client 650/665 rank=440 id=page_001480_table_4 latency=0.2510s status=ok active=0
SEND client 651/665 table=page_000292_table_box_id_2 active=1
RECV client 651/665 rank=99 id=page_000292_table_box_id_2 latency=1.0399s status=ok active=0
SEND client 652/665 table=page_000514_table_6 active=1
RECV client 652/665 rank=209 id=page_000514_table_6 latency=0.5697s status=ok active=0
SEND client 653/665 table=page_001184_table_10 active=1
RECV client 653/665 rank=573 id=page_001184_table_10 latency=0.1280s status=ok active=0
SEND client 654/665 table=page_000451_table_10 active=1
RECV client 654/665 rank=115 id=page_000451_table_10 latency=0.9761s status=ok active=0
SEND client 655/665 table=page_000244_table_box-fkrm6qrz active=1
RECV client 655/665 rank=360 id=page_000244_table_box-fkrm6qrz latency=0.3580s status=ok active=0
SEND client 656/665 table=page_000715_table_2 active=1
RECV client 656/665 rank=576 id=page_000715_table_2 latency=0.1245s status=ok active=0
SEND client 657/665 table=page_000262_table_box_id_1 active=1
RECV client 657/665 rank=296 id=page_000262_table_box_id_1 latency=0.3994s status=ok active=0
SEND client 658/665 table=page_000241_table_box_id_2 active=1
RECV client 658/665 rank=315 id=page_000241_table_box_id_2 latency=0.3830s status=ok active=0
SEND client 659/665 table=page_000866_table_14 active=1
RECV client 659/665 rank=419 id=page_000866_table_14 latency=0.2781s status=ok active=0
SEND client 660/665 table=page_000656_table_19 active=1
RECV client 660/665 rank=656 id=page_000656_table_19 latency=0.0405s status=ok active=0
SEND client 661/665 table=page_000630_table_2 active=1
RECV client 661/665 rank=104 id=page_000630_table_2 latency=1.0270s status=ok active=0
SEND client 662/665 table=page_000660_table_4 active=1
RECV client 662/665 rank=605 id=page_000660_table_4 latency=0.0962s status=ok active=0
SEND client 663/665 table=page_001187_table_0 active=1
RECV client 663/665 rank=28 id=page_001187_table_0 latency=1.9594s status=ok active=0
SEND client 664/665 table=page_000266_table_box_id_3 active=1
RECV client 664/665 rank=571 id=page_000266_table_box_id_3 latency=0.1240s status=ok active=0
SEND client 665/665 table=page_001191_table_2 active=1
RECV client 665/665 rank=515 id=page_001191_table_2 latency=0.1668s status=ok active=0
DONE client requests=665 failures=0 max_in_flight=1 wall=379.5884s qps=1.7519 p50=0.3591s p95=1.8481s max=3.8546s
