2026-09-06T18:14:37+08:00
	NPU ID                         : 6
	Chip Count                     : 1

	No process in device.
	Chip ID                        : 0

2026-09-06T18:14:40+08:00
	NPU ID                         : 6
	Chip Count                     : 1

	No process in device.
	Chip ID                        : 0

2026-09-06T18:14:44+08:00
	NPU ID                         : 6
	Chip Count                     : 1

	No process in device.
	Chip ID                        : 0

2026-09-06T18:14:47+08:00
	NPU ID                         : 6
	Chip Count                     : 1

	No process in device.
	Chip ID                        : 0

2026-09-06T18:14:51+08:00
	NPU ID                         : 6
	Chip Count                     : 1

	Process id:3240087 Process name:python            Process memory(MB):105
	Chip ID                        : 0

2026-09-06T18:14:54+08:00
	NPU ID                         : 6
	Chip Count                     : 1

	Process id:3240087 Process name:python            Process memory(MB):105
	Chip ID                        : 0

2026-09-06T18:14:58+08:00
	NPU ID                         : 6
	Chip Count                     : 1

	Process id:3240087 Process name:python            Process memory(MB):105
	Chip ID                        : 0

2026-09-06T18:15:01+08:00
	NPU ID                         : 6
	Chip Count                     : 1

	Process id:3240087 Process name:python            Process memory(MB):3855
	Chip ID                        : 0

2026-09-06T18:15:05+08:00
	NPU ID                         : 6
	Chip Count                     : 1

	Process id:3240087 Process name:python            Process memory(MB):3855
	Chip ID                        : 0

2026-09-06T18:15:08+08:00
	NPU ID                         : 6
	Chip Count                     : 1

	Process id:3240087 Process name:python            Process memory(MB):3855
	Chip ID                        : 0

2026-09-06T18:15:12+08:00
	NPU ID                         : 6
	Chip Count                     : 1

	Process id:3240087 Process name:python            Process memory(MB):3879
	Chip ID                        : 0

2026-09-06T18:15:15+08:00
	NPU ID                         : 6
	Chip Count                     : 1

	Process id:3240087 Process name:python            Process memory(MB):4173
	Chip ID                        : 0

2026-09-06T18:15:19+08:00
	NPU ID                         : 6
	Chip Count                     : 1

	Process id:3240087 Process name:python            Process memory(MB):4363
	Chip ID                        : 0

2026-09-06T18:15:23+08:00
	NPU ID                         : 6
	Chip Count                     : 1

	Process id:3240087 Process name:python            Process memory(MB):4363
	Chip ID                        : 0

2026-09-06T18:15:26+08:00
	NPU ID                         : 6
	Chip Count                     : 1

	Process id:3240087 Process name:python            Process memory(MB):4363
	Chip ID                        : 0

2026-09-06T18:15:30+08:00
	NPU ID                         : 6
	Chip Count                     : 1

	Process id:3240087 Process name:python            Process memory(MB):4363
	Chip ID                        : 0

2026-09-06T18:15:33+08:00
	NPU ID                         : 6
	Chip Count                     : 1

	Process id:3240087 Process name:python            Process memory(MB):6823
	Chip ID                        : 0

2026-09-06T18:15:37+08:00
	NPU ID                         : 6
	Chip Count                     : 1

	Process id:3240087 Process name:python            Process memory(MB):6823
	Chip ID                        : 0

2026-09-06T18:15:40+08:00
	NPU ID                         : 6
	Chip Count                     : 1

	Process id:3240087 Process name:python            Process memory(MB):6823
	Chip ID                        : 0

2026-09-06T18:15:44+08:00
	NPU ID                         : 6
	Chip Count                     : 1

	Process id:3240087 Process name:python            Process memory(MB):6823
	Chip ID                        : 0

2026-09-06T18:15:47+08:00
	NPU ID                         : 6
	Chip Count                     : 1

	Process id:3240087 Process name:python            Process memory(MB):6823
	Chip ID                        : 0

2026-09-06T18:15:51+08:00
	NPU ID                         : 6
	Chip Count                     : 1

	Process id:3240087 Process name:python            Process memory(MB):6823
	Chip ID                        : 0

2026-09-06T18:15:54+08:00
	NPU ID                         : 6
	Chip Count                     : 1

	Process id:3240087 Process name:python            Process memory(MB):6823
	Chip ID                        : 0

2026-09-06T18:15:58+08:00
	NPU ID                         : 6
	Chip Count                     : 1

	Process id:3240087 Process name:python            Process memory(MB):6823
	Chip ID                        : 0

2026-09-06T18:16:01+08:00
	NPU ID                         : 6
	Chip Count                     : 1

	Process id:3240087 Process name:python            Process memory(MB):6823
	Chip ID                        : 0

2026-09-06T18:16:05+08:00
	NPU ID                         : 6
	Chip Count                     : 1

	Process id:3240087 Process name:python            Process memory(MB):6855
	Chip ID                        : 0

2026-09-06T18:16:08+08:00
	NPU ID                         : 6
	Chip Count                     : 1

	Process id:3240087 Process name:python            Process memory(MB):6855
	Chip ID                        : 0

2026-09-06T18:16:12+08:00
	NPU ID                         : 6
	Chip Count                     : 1

	Process id:3240087 Process name:python            Process memory(MB):6855
	Chip ID                        : 0

2026-09-06T18:16:15+08:00
	NPU ID                         : 6
	Chip Count                     : 1

	Process id:3240087 Process name:python            Process memory(MB):6855
	Chip ID                        : 0

2026-09-06T18:16:19+08:00
	NPU ID                         : 6
	Chip Count                     : 1

	Process id:3240087 Process name:python            Process memory(MB):6855
	Chip ID                        : 0

2026-09-06T18:16:22+08:00
	NPU ID                         : 6
	Chip Count                     : 1

	Process id:3240087 Process name:python            Process memory(MB):6855
	Chip ID                        : 0

2026-09-06T18:16:26+08:00
	NPU ID                         : 6
	Chip Count                     : 1

	Process id:3240087 Process name:python            Process memory(MB):6855
	Chip ID                        : 0

2026-09-06T18:16:29+08:00
	NPU ID                         : 6
	Chip Count                     : 1

	Process id:3240087 Process name:python            Process memory(MB):6855
	Chip ID                        : 0

2026-09-06T18:16:33+08:00
	NPU ID                         : 6
	Chip Count                     : 1

	Process id:3240087 Process name:python            Process memory(MB):6855
	Chip ID                        : 0

2026-09-06T18:16:36+08:00
	NPU ID                         : 6
	Chip Count                     : 1

	Process id:3240087 Process name:python            Process memory(MB):6855
	Chip ID                        : 0

2026-09-06T18:16:40+08:00
	NPU ID                         : 6
	Chip Count                     : 1

	Process id:3240087 Process name:python            Process memory(MB):6855
	Chip ID                        : 0

2026-09-06T18:16:44+08:00
	NPU ID                         : 6
	Chip Count                     : 1

	Process id:3240087 Process name:python            Process memory(MB):6855
	Chip ID                        : 0

2026-09-06T18:16:47+08:00
	NPU ID                         : 6
	Chip Count                     : 1

	Process id:3240087 Process name:python            Process memory(MB):6855
	Chip ID                        : 0

2026-09-06T18:16:51+08:00
	NPU ID                         : 6
	Chip Count                     : 1

	Process id:3240087 Process name:python            Process memory(MB):6855
	Chip ID                        : 0

2026-09-06T18:16:54+08:00
	NPU ID                         : 6
	Chip Count                     : 1

	Process id:3240087 Process name:python            Process memory(MB):6855
	Chip ID                        : 0

2026-09-06T18:16:58+08:00
	NPU ID                         : 6
	Chip Count                     : 1

	Process id:3240087 Process name:python            Process memory(MB):6855
	Chip ID                        : 0

2026-09-06T18:17:01+08:00
	NPU ID                         : 6
	Chip Count                     : 1

	Process id:3240087 Process name:python            Process memory(MB):6855
	Chip ID                        : 0

2026-09-06T18:17:05+08:00
	NPU ID                         : 6
	Chip Count                     : 1

	Process id:3240087 Process name:python            Process memory(MB):6855
	Chip ID                        : 0

2026-09-06T18:17:08+08:00
	NPU ID                         : 6
	Chip Count                     : 1

	Process id:3240087 Process name:python            Process memory(MB):6855
	Chip ID                        : 0

2026-09-06T18:17:12+08:00
	NPU ID                         : 6
	Chip Count                     : 1

	Process id:3240087 Process name:python            Process memory(MB):6855
	Chip ID                        : 0

2026-09-06T18:17:15+08:00
	NPU ID                         : 6
	Chip Count                     : 1

	Process id:3240087 Process name:python            Process memory(MB):6855
	Chip ID                        : 0

2026-09-06T18:17:19+08:00
	NPU ID                         : 6
	Chip Count                     : 1

	Process id:3240087 Process name:python            Process memory(MB):6855
	Chip ID                        : 0

2026-09-06T18:17:22+08:00
	NPU ID                         : 6
	Chip Count                     : 1

	Process id:3240087 Process name:python            Process memory(MB):6855
	Chip ID                        : 0

2026-09-06T18:17:26+08:00
	NPU ID                         : 6
	Chip Count                     : 1

	Process id:3240087 Process name:python            Process memory(MB):6855
	Chip ID                        : 0

2026-09-06T18:17:29+08:00
	NPU ID                         : 6
	Chip Count                     : 1

	Process id:3240087 Process name:python            Process memory(MB):6855
	Chip ID                        : 0

2026-09-06T18:17:33+08:00
	NPU ID                         : 6
	Chip Count                     : 1

	Process id:3240087 Process name:python            Process memory(MB):6855
	Chip ID                        : 0

2026-09-06T18:17:36+08:00
	NPU ID                         : 6
	Chip Count                     : 1

	Process id:3240087 Process name:python            Process memory(MB):6855
	Chip ID                        : 0

2026-09-06T18:17:40+08:00
	NPU ID                         : 6
	Chip Count                     : 1

	Process id:3240087 Process name:python            Process memory(MB):6855
	Chip ID                        : 0

2026-09-06T18:17:43+08:00
	NPU ID                         : 6
	Chip Count                     : 1

	Process id:3240087 Process name:python            Process memory(MB):6855
	Chip ID                        : 0

2026-09-06T18:17:47+08:00
	NPU ID                         : 6
	Chip Count                     : 1

	Process id:3240087 Process name:python            Process memory(MB):6855
	Chip ID                        : 0

2026-09-06T18:17:50+08:00
	NPU ID                         : 6
	Chip Count                     : 1

	Process id:3240087 Process name:python            Process memory(MB):6855
	Chip ID                        : 0

2026-09-06T18:17:54+08:00
	NPU ID                         : 6
	Chip Count                     : 1

	Process id:3240087 Process name:python            Process memory(MB):6855
	Chip ID                        : 0

2026-09-06T18:17:57+08:00
	NPU ID                         : 6
	Chip Count                     : 1

	Process id:3240087 Process name:python            Process memory(MB):6855
	Chip ID                        : 0

2026-09-06T18:18:01+08:00
	NPU ID                         : 6
	Chip Count                     : 1

	Process id:3240087 Process name:python            Process memory(MB):6855
	Chip ID                        : 0

2026-09-06T18:18:05+08:00
	NPU ID                         : 6
	Chip Count                     : 1

	Process id:3240087 Process name:python            Process memory(MB):6855
	Chip ID                        : 0

2026-09-06T18:18:08+08:00
	NPU ID                         : 6
	Chip Count                     : 1

	Process id:3240087 Process name:python            Process memory(MB):6855
	Chip ID                        : 0

2026-09-06T18:18:12+08:00
	NPU ID                         : 6
	Chip Count                     : 1

	Process id:3240087 Process name:python            Process memory(MB):6855
	Chip ID                        : 0

2026-09-06T18:18:15+08:00
	NPU ID                         : 6
	Chip Count                     : 1

	Process id:3240087 Process name:python            Process memory(MB):6855
	Chip ID                        : 0

2026-09-06T18:18:19+08:00
	NPU ID                         : 6
	Chip Count                     : 1

	Process id:3240087 Process name:python            Process memory(MB):6855
	Chip ID                        : 0

2026-09-06T18:18:22+08:00
	NPU ID                         : 6
	Chip Count                     : 1

	Process id:3240087 Process name:python            Process memory(MB):6855
	Chip ID                        : 0

2026-09-06T18:18:26+08:00
	NPU ID                         : 6
	Chip Count                     : 1

	Process id:3240087 Process name:python            Process memory(MB):6855
	Chip ID                        : 0

2026-09-06T18:18:29+08:00
	NPU ID                         : 6
	Chip Count                     : 1

	Process id:3240087 Process name:python            Process memory(MB):6855
	Chip ID                        : 0

2026-09-06T18:18:33+08:00
	NPU ID                         : 6
	Chip Count                     : 1

	Process id:3240087 Process name:python            Process memory(MB):6855
	Chip ID                        : 0

2026-09-06T18:18:36+08:00
	NPU ID                         : 6
	Chip Count                     : 1

	Process id:3240087 Process name:python            Process memory(MB):6855
	Chip ID                        : 0

2026-09-06T18:18:40+08:00
	NPU ID                         : 6
	Chip Count                     : 1

	Process id:3240087 Process name:python            Process memory(MB):6855
	Chip ID                        : 0

2026-09-06T18:18:43+08:00
	NPU ID                         : 6
	Chip Count                     : 1

	Process id:3240087 Process name:python            Process memory(MB):6855
	Chip ID                        : 0

2026-09-06T18:18:47+08:00
	NPU ID                         : 6
	Chip Count                     : 1

	Process id:3240087 Process name:python            Process memory(MB):6855
	Chip ID                        : 0

2026-09-06T18:18:50+08:00
	NPU ID                         : 6
	Chip Count                     : 1

	Process id:3240087 Process name:python            Process memory(MB):6855
	Chip ID                        : 0

2026-09-06T18:18:54+08:00
	NPU ID                         : 6
	Chip Count                     : 1

	Process id:3240087 Process name:python            Process memory(MB):6855
	Chip ID                        : 0

2026-09-06T18:18:57+08:00
	NPU ID                         : 6
	Chip Count                     : 1

	Process id:3240087 Process name:python            Process memory(MB):6855
	Chip ID                        : 0

2026-09-06T18:19:01+08:00
	NPU ID                         : 6
	Chip Count                     : 1

	Process id:3240087 Process name:python            Process memory(MB):6855
	Chip ID                        : 0

2026-09-06T18:19:04+08:00
	NPU ID                         : 6
	Chip Count                     : 1

	Process id:3240087 Process name:python            Process memory(MB):6855
	Chip ID                        : 0

2026-09-06T18:19:08+08:00
	NPU ID                         : 6
	Chip Count                     : 1

	Process id:3240087 Process name:python            Process memory(MB):6855
	Chip ID                        : 0

2026-09-06T18:19:11+08:00
	NPU ID                         : 6
	Chip Count                     : 1

	Process id:3240087 Process name:python            Process memory(MB):6855
	Chip ID                        : 0

2026-09-06T18:19:15+08:00
	NPU ID                         : 6
	Chip Count                     : 1

	Process id:3240087 Process name:python            Process memory(MB):6855
	Chip ID                        : 0

2026-09-06T18:19:18+08:00
	NPU ID                         : 6
	Chip Count                     : 1

	Process id:3240087 Process name:python            Process memory(MB):6855
	Chip ID                        : 0

2026-09-06T18:19:22+08:00
	NPU ID                         : 6
	Chip Count                     : 1

	Process id:3240087 Process name:python            Process memory(MB):6855
	Chip ID                        : 0

2026-09-06T18:19:25+08:00
	NPU ID                         : 6
	Chip Count                     : 1

	Process id:3240087 Process name:python            Process memory(MB):6855
	Chip ID                        : 0

2026-09-06T18:19:29+08:00
	NPU ID                         : 6
	Chip Count                     : 1

	Process id:3240087 Process name:python            Process memory(MB):6855
	Chip ID                        : 0

2026-09-06T18:19:33+08:00
	NPU ID                         : 6
	Chip Count                     : 1

	Process id:3240087 Process name:python            Process memory(MB):6855
	Chip ID                        : 0

2026-09-06T18:19:36+08:00
	NPU ID                         : 6
	Chip Count                     : 1

	Process id:3240087 Process name:python            Process memory(MB):6855
	Chip ID                        : 0

2026-09-06T18:19:40+08:00
	NPU ID                         : 6
	Chip Count                     : 1

	Process id:3240087 Process name:python            Process memory(MB):6855
	Chip ID                        : 0

2026-09-06T18:19:43+08:00
	NPU ID                         : 6
	Chip Count                     : 1

	Process id:3240087 Process name:python            Process memory(MB):6855
	Chip ID                        : 0

2026-09-06T18:19:47+08:00
	NPU ID                         : 6
	Chip Count                     : 1

	Process id:3240087 Process name:python            Process memory(MB):6855
	Chip ID                        : 0

2026-09-06T18:19:50+08:00
	NPU ID                         : 6
	Chip Count                     : 1

	Process id:3240087 Process name:python            Process memory(MB):6855
	Chip ID                        : 0

2026-09-06T18:19:54+08:00
	NPU ID                         : 6
	Chip Count                     : 1

	Process id:3240087 Process name:python            Process memory(MB):6855
	Chip ID                        : 0

2026-09-06T18:19:57+08:00
	NPU ID                         : 6
	Chip Count                     : 1

	Process id:3240087 Process name:python            Process memory(MB):6855
	Chip ID                        : 0

2026-09-06T18:20:01+08:00
	NPU ID                         : 6
	Chip Count                     : 1

	Process id:3240087 Process name:python            Process memory(MB):6855
	Chip ID                        : 0

2026-09-06T18:20:04+08:00
	NPU ID                         : 6
	Chip Count                     : 1

	Process id:3240087 Process name:python            Process memory(MB):6855
	Chip ID                        : 0

2026-09-06T18:20:08+08:00
	NPU ID                         : 6
	Chip Count                     : 1

	Process id:3240087 Process name:python            Process memory(MB):6855
	Chip ID                        : 0

2026-09-06T18:20:11+08:00
	NPU ID                         : 6
	Chip Count                     : 1

	Process id:3240087 Process name:python            Process memory(MB):6855
	Chip ID                        : 0

2026-09-06T18:20:15+08:00
	NPU ID                         : 6
	Chip Count                     : 1

	Process id:3240087 Process name:python            Process memory(MB):6855
	Chip ID                        : 0

2026-09-06T18:20:18+08:00
	NPU ID                         : 6
	Chip Count                     : 1

	Process id:3240087 Process name:python            Process memory(MB):6855
	Chip ID                        : 0

2026-09-06T18:20:22+08:00
	NPU ID                         : 6
	Chip Count                     : 1

	Process id:3240087 Process name:python            Process memory(MB):6855
	Chip ID                        : 0

2026-09-06T18:20:25+08:00
	NPU ID                         : 6
	Chip Count                     : 1

	Process id:3240087 Process name:python            Process memory(MB):6855
	Chip ID                        : 0

2026-09-06T18:20:29+08:00
	NPU ID                         : 6
	Chip Count                     : 1

	Process id:3240087 Process name:python            Process memory(MB):6855
	Chip ID                        : 0

2026-09-06T18:20:33+08:00
	NPU ID                         : 6
	Chip Count                     : 1

	Process id:3240087 Process name:python            Process memory(MB):6855
	Chip ID                        : 0

2026-09-06T18:20:36+08:00
	NPU ID                         : 6
	Chip Count                     : 1

	Process id:3240087 Process name:python            Process memory(MB):6855
	Chip ID                        : 0

2026-09-06T18:20:40+08:00
	NPU ID                         : 6
	Chip Count                     : 1

	Process id:3240087 Process name:python            Process memory(MB):6855
	Chip ID                        : 0

2026-09-06T18:20:43+08:00
	NPU ID                         : 6
	Chip Count                     : 1

	Process id:3240087 Process name:python            Process memory(MB):6855
	Chip ID                        : 0

2026-09-06T18:20:47+08:00
	NPU ID                         : 6
	Chip Count                     : 1

	Process id:3240087 Process name:python            Process memory(MB):6855
	Chip ID                        : 0

2026-09-06T18:20:50+08:00
	NPU ID                         : 6
	Chip Count                     : 1

	Process id:3240087 Process name:python            Process memory(MB):6855
	Chip ID                        : 0

2026-09-06T18:20:54+08:00
	NPU ID                         : 6
	Chip Count                     : 1

	Process id:3240087 Process name:python            Process memory(MB):6855
	Chip ID                        : 0

2026-09-06T18:20:57+08:00
	NPU ID                         : 6
	Chip Count                     : 1

	Process id:3240087 Process name:python            Process memory(MB):6855
	Chip ID                        : 0

2026-09-06T18:21:01+08:00
	NPU ID                         : 6
	Chip Count                     : 1

	Process id:3240087 Process name:python            Process memory(MB):6855
	Chip ID                        : 0

2026-09-06T18:21:04+08:00
	NPU ID                         : 6
	Chip Count                     : 1

	Process id:3240087 Process name:python            Process memory(MB):6855
	Chip ID                        : 0

2026-09-06T18:21:08+08:00
	NPU ID                         : 6
	Chip Count                     : 1

	Process id:3240087 Process name:python            Process memory(MB):6855
	Chip ID                        : 0

2026-09-06T18:21:11+08:00
	NPU ID                         : 6
	Chip Count                     : 1

	Process id:3240087 Process name:python            Process memory(MB):6855
	Chip ID                        : 0

2026-09-06T18:21:15+08:00
	NPU ID                         : 6
	Chip Count                     : 1

	Process id:3240087 Process name:python            Process memory(MB):6855
	Chip ID                        : 0

2026-09-06T18:21:18+08:00
	NPU ID                         : 6
	Chip Count                     : 1

	Process id:3240087 Process name:python            Process memory(MB):6855
	Chip ID                        : 0

2026-09-06T18:21:22+08:00
	NPU ID                         : 6
	Chip Count                     : 1

	Process id:3240087 Process name:python            Process memory(MB):6855
	Chip ID                        : 0

2026-09-06T18:21:25+08:00
	NPU ID                         : 6
	Chip Count                     : 1

	Process id:3240087 Process name:python            Process memory(MB):6855
	Chip ID                        : 0

2026-09-06T18:21:29+08:00
	NPU ID                         : 6
	Chip Count                     : 1

	Process id:3240087 Process name:python            Process memory(MB):6855
	Chip ID                        : 0

2026-09-06T18:21:32+08:00
	NPU ID                         : 6
	Chip Count                     : 1

	Process id:3240087 Process name:python            Process memory(MB):6855
	Chip ID                        : 0

2026-09-06T18:21:36+08:00
	NPU ID                         : 6
	Chip Count                     : 1

	Process id:3240087 Process name:python            Process memory(MB):6855
	Chip ID                        : 0

2026-09-06T18:21:39+08:00
	NPU ID                         : 6
	Chip Count                     : 1

	Process id:3240087 Process name:python            Process memory(MB):6855
	Chip ID                        : 0

2026-09-06T18:21:43+08:00
	NPU ID                         : 6
	Chip Count                     : 1

	Process id:3240087 Process name:python            Process memory(MB):6855
	Chip ID                        : 0

2026-09-06T18:21:46+08:00
	NPU ID                         : 6
	Chip Count                     : 1

	Process id:3240087 Process name:python            Process memory(MB):6855
	Chip ID                        : 0

2026-09-06T18:21:50+08:00
	NPU ID                         : 6
	Chip Count                     : 1

	Process id:3240087 Process name:python            Process memory(MB):6855
	Chip ID                        : 0

2026-09-06T18:21:53+08:00
	NPU ID                         : 6
	Chip Count                     : 1

	Process id:3240087 Process name:python            Process memory(MB):6855
	Chip ID                        : 0

2026-09-06T18:21:57+08:00
	NPU ID                         : 6
	Chip Count                     : 1

	Process id:3240087 Process name:python            Process memory(MB):6855
	Chip ID                        : 0

2026-09-06T18:22:00+08:00
	NPU ID                         : 6
	Chip Count                     : 1

	Process id:3240087 Process name:python            Process memory(MB):6855
	Chip ID                        : 0

2026-09-06T18:22:04+08:00
	NPU ID                         : 6
	Chip Count                     : 1

	Process id:3240087 Process name:python            Process memory(MB):6855
	Chip ID                        : 0

2026-09-06T18:22:08+08:00
	NPU ID                         : 6
	Chip Count                     : 1

	Process id:3240087 Process name:python            Process memory(MB):6855
	Chip ID                        : 0

2026-09-06T18:22:11+08:00
	NPU ID                         : 6
	Chip Count                     : 1

	Process id:3240087 Process name:python            Process memory(MB):6855
	Chip ID                        : 0

2026-09-06T18:22:15+08:00
	NPU ID                         : 6
	Chip Count                     : 1

	Process id:3240087 Process name:python            Process memory(MB):6855
	Chip ID                        : 0

2026-09-06T18:22:18+08:00
	NPU ID                         : 6
	Chip Count                     : 1

	Process id:3240087 Process name:python            Process memory(MB):6855
	Chip ID                        : 0

2026-09-06T18:22:22+08:00
	NPU ID                         : 6
	Chip Count                     : 1

	Process id:3240087 Process name:python            Process memory(MB):6855
	Chip ID                        : 0

2026-09-06T18:22:25+08:00
	NPU ID                         : 6
	Chip Count                     : 1

	Process id:3240087 Process name:python            Process memory(MB):6855
	Chip ID                        : 0

2026-09-06T18:22:29+08:00
	NPU ID                         : 6
	Chip Count                     : 1

	Process id:3240087 Process name:python            Process memory(MB):6855
	Chip ID                        : 0

2026-09-06T18:22:32+08:00
	NPU ID                         : 6
	Chip Count                     : 1

	Process id:3240087 Process name:python            Process memory(MB):6855
	Chip ID                        : 0

2026-09-06T18:22:36+08:00
	NPU ID                         : 6
	Chip Count                     : 1

	Process id:3240087 Process name:python            Process memory(MB):6855
	Chip ID                        : 0

2026-09-06T18:22:39+08:00
	NPU ID                         : 6
	Chip Count                     : 1

	Process id:3240087 Process name:python            Process memory(MB):6855
	Chip ID                        : 0

2026-09-06T18:22:43+08:00
	NPU ID                         : 6
	Chip Count                     : 1

	Process id:3240087 Process name:python            Process memory(MB):6855
	Chip ID                        : 0

2026-09-06T18:22:46+08:00
	NPU ID                         : 6
	Chip Count                     : 1

	Process id:3240087 Process name:python            Process memory(MB):6855
	Chip ID                        : 0

2026-09-06T18:22:50+08:00
	NPU ID                         : 6
	Chip Count                     : 1

	Process id:3240087 Process name:python            Process memory(MB):6855
	Chip ID                        : 0

2026-09-06T18:22:53+08:00
	NPU ID                         : 6
	Chip Count                     : 1

	Process id:3240087 Process name:python            Process memory(MB):6855
	Chip ID                        : 0

2026-09-06T18:22:57+08:00
	NPU ID                         : 6
	Chip Count                     : 1

	Process id:3240087 Process name:python            Process memory(MB):6855
	Chip ID                        : 0

2026-09-06T18:23:00+08:00
	NPU ID                         : 6
	Chip Count                     : 1

	Process id:3240087 Process name:python            Process memory(MB):6855
	Chip ID                        : 0

2026-09-06T18:23:04+08:00
	NPU ID                         : 6
	Chip Count                     : 1

	Process id:3240087 Process name:python            Process memory(MB):6855
	Chip ID                        : 0

2026-09-06T18:23:07+08:00
	NPU ID                         : 6
	Chip Count                     : 1

	Process id:3240087 Process name:python            Process memory(MB):6855
	Chip ID                        : 0

2026-09-06T18:23:11+08:00
	NPU ID                         : 6
	Chip Count                     : 1

	Process id:3240087 Process name:python            Process memory(MB):6855
	Chip ID                        : 0

2026-09-06T18:23:14+08:00
	NPU ID                         : 6
	Chip Count                     : 1

	Process id:3240087 Process name:python            Process memory(MB):6855
	Chip ID                        : 0

2026-09-06T18:23:18+08:00
	NPU ID                         : 6
	Chip Count                     : 1

	Process id:3240087 Process name:python            Process memory(MB):6855
	Chip ID                        : 0

2026-09-06T18:23:21+08:00
	NPU ID                         : 6
	Chip Count                     : 1

	Process id:3240087 Process name:python            Process memory(MB):6855
	Chip ID                        : 0

2026-09-06T18:23:25+08:00
	NPU ID                         : 6
	Chip Count                     : 1

	Process id:3240087 Process name:python            Process memory(MB):6855
	Chip ID                        : 0

2026-09-06T18:23:28+08:00
	NPU ID                         : 6
	Chip Count                     : 1

	Process id:3240087 Process name:python            Process memory(MB):6855
	Chip ID                        : 0

2026-09-06T18:23:32+08:00
	NPU ID                         : 6
	Chip Count                     : 1

	Process id:3240087 Process name:python            Process memory(MB):6855
	Chip ID                        : 0

2026-09-06T18:23:35+08:00
	NPU ID                         : 6
	Chip Count                     : 1

	Process id:3240087 Process name:python            Process memory(MB):6855
	Chip ID                        : 0

2026-09-06T18:23:39+08:00
	NPU ID                         : 6
	Chip Count                     : 1

	Process id:3240087 Process name:python            Process memory(MB):6855
	Chip ID                        : 0

2026-09-06T18:23:43+08:00
	NPU ID                         : 6
	Chip Count                     : 1

	Process id:3240087 Process name:python            Process memory(MB):6855
	Chip ID                        : 0

2026-09-06T18:23:46+08:00
	NPU ID                         : 6
	Chip Count                     : 1

	Process id:3240087 Process name:python            Process memory(MB):6855
	Chip ID                        : 0

2026-09-06T18:23:50+08:00
	NPU ID                         : 6
	Chip Count                     : 1

	Process id:3240087 Process name:python            Process memory(MB):6855
	Chip ID                        : 0

2026-09-06T18:23:53+08:00
	NPU ID                         : 6
	Chip Count                     : 1

	Process id:3240087 Process name:python            Process memory(MB):6855
	Chip ID                        : 0

2026-09-06T18:23:57+08:00
	NPU ID                         : 6
	Chip Count                     : 1

	Process id:3240087 Process name:python            Process memory(MB):6855
	Chip ID                        : 0

2026-09-06T18:24:00+08:00
	NPU ID                         : 6
	Chip Count                     : 1

	Process id:3240087 Process name:python            Process memory(MB):6151
	Chip ID                        : 0

2026-09-06T18:24:04+08:00
	NPU ID                         : 6
	Chip Count                     : 1

	No process in device.
	Chip ID                        : 0

2026-09-06T18:24:07+08:00
	NPU ID                         : 6
	Chip Count                     : 1

	No process in device.
	Chip ID                        : 0

2026-09-06T18:24:11+08:00
	NPU ID                         : 6
	Chip Count                     : 1

	No process in device.
	Chip ID                        : 0

2026-09-06T18:24:14+08:00
	NPU ID                         : 6
	Chip Count                     : 1

	No process in device.
	Chip ID                        : 0

2026-09-06T18:24:18+08:00
	NPU ID                         : 6
	Chip Count                     : 1

	No process in device.
	Chip ID                        : 0

2026-09-06T18:24:21+08:00
	NPU ID                         : 6
	Chip Count                     : 1

	No process in device.
	Chip ID                        : 0

2026-09-06T18:24:25+08:00
	NPU ID                         : 6
	Chip Count                     : 1

	No process in device.
	Chip ID                        : 0

2026-09-06T18:24:28+08:00
	NPU ID                         : 6
	Chip Count                     : 1

	No process in device.
	Chip ID                        : 0

