2026-08-05 18:21:28 [INFO] [2919388] [2919388] [export_manager.cpp:123] Start to load data!
2026-08-05 18:21:28 [INFO] [2919388] [2919388] [data_processor.cpp:31] HASH_INIT Run. Dir is /workspace/repos/paddle_ocr_vl_npu/tmp/09_persistent_page_engine/text_decode_lab/mineru_paddle_b1_k4096_compare/paddle_combined_profile/b1_k4096_p2048_pipe_20260805_182126/liteserver-c001-4_2918463_20260805182126154_ascend_pt/PROF_000001_20260805182126183_02918463FLKJRCHB
2026-08-05 18:21:28 [INFO] [2919388] [2919388] [data_processor.cpp:58] Check /workspace/repos/paddle_ocr_vl_npu/tmp/09_persistent_page_engine/text_decode_lab/mineru_paddle_b1_k4096_compare/paddle_combined_profile/b1_k4096_p2048_pipe_20260805_182126/liteserver-c001-4_2918463_20260805182126154_ascend_pt/PROF_000001_20260805182126183_02918463FLKJRCHB/host/sqlite/ge_logic_stream_info.db and GeLogicStreamInfo success.
2026-08-05 18:21:28 [INFO] [2919388] [2919388] [db_runner.h:79] Start query data
2026-08-05 18:21:28 [INFO] [2919388] [2919388] [db_runner.h:90] Query data success: SELECT physic_stream, logic_stream FROM GeLogicStreamInfo
2026-08-05 18:21:28 [INFO] [2919388] [2919388] [hash_init_processor.cpp:59] Init Hash data, dir is /workspace/repos/paddle_ocr_vl_npu/tmp/09_persistent_page_engine/text_decode_lab/mineru_paddle_b1_k4096_compare/paddle_combined_profile/b1_k4096_p2048_pipe_20260805_182126/liteserver-c001-4_2918463_20260805182126154_ascend_pt/PROF_000001_20260805182126183_02918463FLKJRCHB
2026-08-05 18:21:28 [INFO] [2919388] [2919388] [data_processor.cpp:58] Check /workspace/repos/paddle_ocr_vl_npu/tmp/09_persistent_page_engine/text_decode_lab/mineru_paddle_b1_k4096_compare/paddle_combined_profile/b1_k4096_p2048_pipe_20260805_182126/liteserver-c001-4_2918463_20260805182126154_ascend_pt/PROF_000001_20260805182126183_02918463FLKJRCHB/host/sqlite/ge_hash.db and GeHashInfo success.
2026-08-05 18:21:28 [INFO] [2919388] [2919388] [db_runner.h:79] Start query data
2026-08-05 18:21:28 [INFO] [2919388] [2919388] [db_runner.h:90] Query data success: SELECT hash_key, hash_value FROM GeHashInfo
2026-08-05 18:21:28 [INFO] [2919388] [2919390] [data_processor.cpp:31] ACC_PMU Run. Dir is /workspace/repos/paddle_ocr_vl_npu/tmp/09_persistent_page_engine/text_decode_lab/mineru_paddle_b1_k4096_compare/paddle_combined_profile/b1_k4096_p2048_pipe_20260805_182126/liteserver-c001-4_2918463_20260805182126154_ascend_pt/PROF_000001_20260805182126183_02918463FLKJRCHB
2026-08-05 18:21:28 [WARN] [2919388] [2919390] [data_processor.cpp:42] Can't find the db, the path is /workspace/repos/paddle_ocr_vl_npu/tmp/09_persistent_page_engine/text_decode_lab/mineru_paddle_b1_k4096_compare/paddle_combined_profile/b1_k4096_p2048_pipe_20260805_182126/liteserver-c001-4_2918463_20260805182126154_ascend_pt/PROF_000001_20260805182126183_02918463FLKJRCHB/device_6/sqlite/acc_pmu.db.
2026-08-05 18:21:28 [INFO] [2919388] [2919390] [data_processor.h:80] Save ACC_PMU data into dataInventory
2026-08-05 18:21:28 [WARN] [2919388] [2919390] [data_processor.h:82] ACC_PMU no data to inject to dataInventory
2026-08-05 18:21:28 [INFO] [2919388] [2919393] [data_processor.cpp:31] AICORE_FREQ Run. Dir is /workspace/repos/paddle_ocr_vl_npu/tmp/09_persistent_page_engine/text_decode_lab/mineru_paddle_b1_k4096_compare/paddle_combined_profile/b1_k4096_p2048_pipe_20260805_182126/liteserver-c001-4_2918463_20260805182126154_ascend_pt/PROF_000001_20260805182126183_02918463FLKJRCHB
2026-08-05 18:21:28 [INFO] [2919388] [2919389] [data_processor.cpp:31] API Run. Dir is /workspace/repos/paddle_ocr_vl_npu/tmp/09_persistent_page_engine/text_decode_lab/mineru_paddle_b1_k4096_compare/paddle_combined_profile/b1_k4096_p2048_pipe_20260805_182126/liteserver-c001-4_2918463_20260805182126154_ascend_pt/PROF_000001_20260805182126183_02918463FLKJRCHB
2026-08-05 18:21:28 [INFO] [2919388] [2919390] [data_processor.cpp:31] COMMUNICATION_STATISTIC Run. Dir is /workspace/repos/paddle_ocr_vl_npu/tmp/09_persistent_page_engine/text_decode_lab/mineru_paddle_b1_k4096_compare/paddle_combined_profile/b1_k4096_p2048_pipe_20260805_182126/liteserver-c001-4_2918463_20260805182126154_ascend_pt/PROF_000001_20260805182126183_02918463FLKJRCHB
2026-08-05 18:21:28 [INFO] [2919388] [2919392] [data_processor.cpp:31] COMMUNICATION Run. Dir is /workspace/repos/paddle_ocr_vl_npu/tmp/09_persistent_page_engine/text_decode_lab/mineru_paddle_b1_k4096_compare/paddle_combined_profile/b1_k4096_p2048_pipe_20260805_182126/liteserver-c001-4_2918463_20260805182126154_ascend_pt/PROF_000001_20260805182126183_02918463FLKJRCHB
2026-08-05 18:21:28 [WARN] [2919388] [2919390] [data_processor.cpp:42] Can't find the db, the path is /workspace/repos/paddle_ocr_vl_npu/tmp/09_persistent_page_engine/text_decode_lab/mineru_paddle_b1_k4096_compare/paddle_combined_profile/b1_k4096_p2048_pipe_20260805_182126/liteserver-c001-4_2918463_20260805182126154_ascend_pt/PROF_000001_20260805182126183_02918463FLKJRCHB/device_6/sqlite/hccl_single_device.db.
2026-08-05 18:21:28 [INFO] [2919388] [2919390] [data_processor.h:80] Save COMMUNICATION_STATISTIC data into dataInventory
2026-08-05 18:21:28 [WARN] [2919388] [2919390] [data_processor.h:82] COMMUNICATION_STATISTIC no data to inject to dataInventory
2026-08-05 18:21:28 [INFO] [2919388] [2919391] [data_processor.cpp:31] COMPUTE_TASK_INFO Run. Dir is /workspace/repos/paddle_ocr_vl_npu/tmp/09_persistent_page_engine/text_decode_lab/mineru_paddle_b1_k4096_compare/paddle_combined_profile/b1_k4096_p2048_pipe_20260805_182126/liteserver-c001-4_2918463_20260805182126154_ascend_pt/PROF_000001_20260805182126183_02918463FLKJRCHB
2026-08-05 18:21:28 [WARN] [2919388] [2919392] [data_processor.cpp:42] Can't find the db, the path is /workspace/repos/paddle_ocr_vl_npu/tmp/09_persistent_page_engine/text_decode_lab/mineru_paddle_b1_k4096_compare/paddle_combined_profile/b1_k4096_p2048_pipe_20260805_182126/liteserver-c001-4_2918463_20260805182126154_ascend_pt/PROF_000001_20260805182126183_02918463FLKJRCHB/device_6/sqlite/hccl_single_device.db.
2026-08-05 18:21:28 [WARN] [2919388] [2919392] [data_processor.cpp:42] Can't find the db, the path is /workspace/repos/paddle_ocr_vl_npu/tmp/09_persistent_page_engine/text_decode_lab/mineru_paddle_b1_k4096_compare/paddle_combined_profile/b1_k4096_p2048_pipe_20260805_182126/liteserver-c001-4_2918463_20260805182126154_ascend_pt/PROF_000001_20260805182126183_02918463FLKJRCHB/device_6/sqlite/hccl_single_device.db.
2026-08-05 18:21:28 [INFO] [2919388] [2919392] [data_processor.h:68] There are 0 records before COMMUNICATION_TASK_INFO data filtering, filterTime is 1785954086194341000.
2026-08-05 18:21:28 [INFO] [2919388] [2919392] [data_processor.h:73] There are 0 records after COMMUNICATION_TASK_INFO data filtering.
2026-08-05 18:21:28 [INFO] [2919388] [2919392] [data_processor.h:68] There are 0 records before COMMUNICATION_TASK_INFO data filtering, filterTime is 1785954086194341000.
2026-08-05 18:21:28 [INFO] [2919388] [2919392] [data_processor.h:73] There are 0 records after COMMUNICATION_TASK_INFO data filtering.
2026-08-05 18:21:28 [INFO] [2919388] [2919392] [data_processor.h:80] Save COMMUNICATION_TASK_INFO data into dataInventory
2026-08-05 18:21:28 [INFO] [2919388] [2919396] [data_processor.cpp:31] CPU_USAGE Run. Dir is /workspace/repos/paddle_ocr_vl_npu/tmp/09_persistent_page_engine/text_decode_lab/mineru_paddle_b1_k4096_compare/paddle_combined_profile/b1_k4096_p2048_pipe_20260805_182126/liteserver-c001-4_2918463_20260805182126154_ascend_pt/PROF_000001_20260805182126183_02918463FLKJRCHB
2026-08-05 18:21:28 [WARN] [2919388] [2919392] [data_processor.h:82] COMMUNICATION_TASK_INFO no data to inject to dataInventory
2026-08-05 18:21:28 [INFO] [2919388] [2919392] [data_processor.h:80] Save COMMUNICATION_OP data into dataInventory
2026-08-05 18:21:28 [WARN] [2919388] [2919392] [data_processor.h:82] COMMUNICATION_OP no data to inject to dataInventory
2026-08-05 18:21:28 [INFO] [2919388] [2919396] [host_usage_processor.cpp:27] Start process CPU_USAGE.
2026-08-05 18:21:28 [INFO] [2919388] [2919394] [data_processor.cpp:31] DDR Run. Dir is /workspace/repos/paddle_ocr_vl_npu/tmp/09_persistent_page_engine/text_decode_lab/mineru_paddle_b1_k4096_compare/paddle_combined_profile/b1_k4096_p2048_pipe_20260805_182126/liteserver-c001-4_2918463_20260805182126154_ascend_pt/PROF_000001_20260805182126183_02918463FLKJRCHB
2026-08-05 18:21:28 [WARN] [2919388] [2919396] [data_processor.cpp:42] Can't find the db, the path is /workspace/repos/paddle_ocr_vl_npu/tmp/09_persistent_page_engine/text_decode_lab/mineru_paddle_b1_k4096_compare/paddle_combined_profile/b1_k4096_p2048_pipe_20260805_182126/liteserver-c001-4_2918463_20260805182126154_ascend_pt/PROF_000001_20260805182126183_02918463FLKJRCHB/host/sqlite/host_cpu_usage.db.
2026-08-05 18:21:28 [INFO] [2919388] [2919390] [data_processor.cpp:31] DISK_USAGE Run. Dir is /workspace/repos/paddle_ocr_vl_npu/tmp/09_persistent_page_engine/text_decode_lab/mineru_paddle_b1_k4096_compare/paddle_combined_profile/b1_k4096_p2048_pipe_20260805_182126/liteserver-c001-4_2918463_20260805182126154_ascend_pt/PROF_000001_20260805182126183_02918463FLKJRCHB
2026-08-05 18:21:28 [INFO] [2919388] [2919392] [data_processor.cpp:31] FUSION_OP Run. Dir is /workspace/repos/paddle_ocr_vl_npu/tmp/09_persistent_page_engine/text_decode_lab/mineru_paddle_b1_k4096_compare/paddle_combined_profile/b1_k4096_p2048_pipe_20260805_182126/liteserver-c001-4_2918463_20260805182126154_ascend_pt/PROF_000001_20260805182126183_02918463FLKJRCHB
2026-08-05 18:21:28 [INFO] [2919388] [2919390] [host_usage_processor.cpp:27] Start process DISK_USAGE.
2026-08-05 18:21:28 [WARN] [2919388] [2919390] [data_processor.cpp:42] Can't find the db, the path is /workspace/repos/paddle_ocr_vl_npu/tmp/09_persistent_page_engine/text_decode_lab/mineru_paddle_b1_k4096_compare/paddle_combined_profile/b1_k4096_p2048_pipe_20260805_182126/liteserver-c001-4_2918463_20260805182126154_ascend_pt/PROF_000001_20260805182126183_02918463FLKJRCHB/host/sqlite/host_disk_usage.db.
2026-08-05 18:21:28 [INFO] [2919388] [2919398] [data_processor.cpp:31] DEVICE_MSTX Run. Dir is /workspace/repos/paddle_ocr_vl_npu/tmp/09_persistent_page_engine/text_decode_lab/mineru_paddle_b1_k4096_compare/paddle_combined_profile/b1_k4096_p2048_pipe_20260805_182126/liteserver-c001-4_2918463_20260805182126154_ascend_pt/PROF_000001_20260805182126183_02918463FLKJRCHB
2026-08-05 18:21:28 [WARN] [2919388] [2919394] [data_processor.cpp:42] Can't find the db, the path is /workspace/repos/paddle_ocr_vl_npu/tmp/09_persistent_page_engine/text_decode_lab/mineru_paddle_b1_k4096_compare/paddle_combined_profile/b1_k4096_p2048_pipe_20260805_182126/liteserver-c001-4_2918463_20260805182126154_ascend_pt/PROF_000001_20260805182126183_02918463FLKJRCHB/device_6/sqlite/ddr.db.
2026-08-05 18:21:28 [INFO] [2919388] [2919394] [data_processor.h:80] Save DDR data into dataInventory
2026-08-05 18:21:28 [WARN] [2919388] [2919394] [data_processor.h:82] DDR no data to inject to dataInventory
2026-08-05 18:21:28 [INFO] [2919388] [2919397] [data_processor.cpp:31] HBM Run. Dir is /workspace/repos/paddle_ocr_vl_npu/tmp/09_persistent_page_engine/text_decode_lab/mineru_paddle_b1_k4096_compare/paddle_combined_profile/b1_k4096_p2048_pipe_20260805_182126/liteserver-c001-4_2918463_20260805182126154_ascend_pt/PROF_000001_20260805182126183_02918463FLKJRCHB
2026-08-05 18:21:28 [INFO] [2919388] [2919390] [data_processor.cpp:31] HOST_TASK Run. Dir is /workspace/repos/paddle_ocr_vl_npu/tmp/09_persistent_page_engine/text_decode_lab/mineru_paddle_b1_k4096_compare/paddle_combined_profile/b1_k4096_p2048_pipe_20260805_182126/liteserver-c001-4_2918463_20260805182126154_ascend_pt/PROF_000001_20260805182126183_02918463FLKJRCHB
2026-08-05 18:21:28 [INFO] [2919388] [2919394] [data_processor.cpp:31] KFC_COMM Run. Dir is /workspace/repos/paddle_ocr_vl_npu/tmp/09_persistent_page_engine/text_decode_lab/mineru_paddle_b1_k4096_compare/paddle_combined_profile/b1_k4096_p2048_pipe_20260805_182126/liteserver-c001-4_2918463_20260805182126154_ascend_pt/PROF_000001_20260805182126183_02918463FLKJRCHB
2026-08-05 18:21:28 [INFO] [2919388] [2919395] [data_processor.cpp:31] HCCS Run. Dir is /workspace/repos/paddle_ocr_vl_npu/tmp/09_persistent_page_engine/text_decode_lab/mineru_paddle_b1_k4096_compare/paddle_combined_profile/b1_k4096_p2048_pipe_20260805_182126/liteserver-c001-4_2918463_20260805182126154_ascend_pt/PROF_000001_20260805182126183_02918463FLKJRCHB
2026-08-05 18:21:28 [INFO] [2919388] [2919396] [data_processor.cpp:31] KFC_TASK Run. Dir is /workspace/repos/paddle_ocr_vl_npu/tmp/09_persistent_page_engine/text_decode_lab/mineru_paddle_b1_k4096_compare/paddle_combined_profile/b1_k4096_p2048_pipe_20260805_182126/liteserver-c001-4_2918463_20260805182126154_ascend_pt/PROF_000001_20260805182126183_02918463FLKJRCHB
2026-08-05 18:21:28 [WARN] [2919388] [2919397] [data_processor.cpp:42] Can't find the db, the path is /workspace/repos/paddle_ocr_vl_npu/tmp/09_persistent_page_engine/text_decode_lab/mineru_paddle_b1_k4096_compare/paddle_combined_profile/b1_k4096_p2048_pipe_20260805_182126/liteserver-c001-4_2918463_20260805182126154_ascend_pt/PROF_000001_20260805182126183_02918463FLKJRCHB/device_6/sqlite/hbm.db.
2026-08-05 18:21:28 [INFO] [2919388] [2919397] [data_processor.h:80] Save HBM data into dataInventory
2026-08-05 18:21:28 [WARN] [2919388] [2919394] [data_processor.cpp:42] Can't find the db, the path is /workspace/repos/paddle_ocr_vl_npu/tmp/09_persistent_page_engine/text_decode_lab/mineru_paddle_b1_k4096_compare/paddle_combined_profile/b1_k4096_p2048_pipe_20260805_182126/liteserver-c001-4_2918463_20260805182126154_ascend_pt/PROF_000001_20260805182126183_02918463FLKJRCHB/device_6/sqlite/hccl_single_device.db.
2026-08-05 18:21:28 [WARN] [2919388] [2919397] [data_processor.h:82] HBM no data to inject to dataInventory
2026-08-05 18:21:28 [WARN] [2919388] [2919394] [data_processor.cpp:42] Can't find the db, the path is /workspace/repos/paddle_ocr_vl_npu/tmp/09_persistent_page_engine/text_decode_lab/mineru_paddle_b1_k4096_compare/paddle_combined_profile/b1_k4096_p2048_pipe_20260805_182126/liteserver-c001-4_2918463_20260805182126154_ascend_pt/PROF_000001_20260805182126183_02918463FLKJRCHB/device_6/sqlite/hccl_single_device.db.
2026-08-05 18:21:28 [INFO] [2919388] [2919397] [data_processor.h:80] Save HBM data into dataInventory
2026-08-05 18:21:28 [INFO] [2919388] [2919394] [data_processor.h:80] Save KFC_COMM data into dataInventory
2026-08-05 18:21:28 [WARN] [2919388] [2919397] [data_processor.h:82] HBM no data to inject to dataInventory
2026-08-05 18:21:28 [WARN] [2919388] [2919394] [data_processor.h:82] KFC_COMM no data to inject to dataInventory
2026-08-05 18:21:28 [INFO] [2919388] [2919394] [data_processor.h:80] Save KFC_COMM data into dataInventory
2026-08-05 18:21:28 [INFO] [2919388] [2919397] [data_processor.cpp:31] LLC Run. Dir is /workspace/repos/paddle_ocr_vl_npu/tmp/09_persistent_page_engine/text_decode_lab/mineru_paddle_b1_k4096_compare/paddle_combined_profile/b1_k4096_p2048_pipe_20260805_182126/liteserver-c001-4_2918463_20260805182126154_ascend_pt/PROF_000001_20260805182126183_02918463FLKJRCHB
2026-08-05 18:21:28 [WARN] [2919388] [2919394] [data_processor.h:82] KFC_COMM no data to inject to dataInventory
2026-08-05 18:21:28 [WARN] [2919388] [2919395] [data_processor.cpp:42] Can't find the db, the path is /workspace/repos/paddle_ocr_vl_npu/tmp/09_persistent_page_engine/text_decode_lab/mineru_paddle_b1_k4096_compare/paddle_combined_profile/b1_k4096_p2048_pipe_20260805_182126/liteserver-c001-4_2918463_20260805182126154_ascend_pt/PROF_000001_20260805182126183_02918463FLKJRCHB/device_6/sqlite/hccs.db.
2026-08-05 18:21:28 [INFO] [2919388] [2919395] [data_processor.h:80] Save HCCS data into dataInventory
2026-08-05 18:21:28 [INFO] [2919388] [2919394] [data_processor.cpp:31] MC2_COMM_INFO Run. Dir is /workspace/repos/paddle_ocr_vl_npu/tmp/09_persistent_page_engine/text_decode_lab/mineru_paddle_b1_k4096_compare/paddle_combined_profile/b1_k4096_p2048_pipe_20260805_182126/liteserver-c001-4_2918463_20260805182126154_ascend_pt/PROF_000001_20260805182126183_02918463FLKJRCHB
2026-08-05 18:21:28 [WARN] [2919388] [2919395] [data_processor.h:82] HCCS no data to inject to dataInventory
2026-08-05 18:21:28 [WARN] [2919388] [2919394] [data_processor.cpp:42] Can't find the db, the path is /workspace/repos/paddle_ocr_vl_npu/tmp/09_persistent_page_engine/text_decode_lab/mineru_paddle_b1_k4096_compare/paddle_combined_profile/b1_k4096_p2048_pipe_20260805_182126/liteserver-c001-4_2918463_20260805182126154_ascend_pt/PROF_000001_20260805182126183_02918463FLKJRCHB/host/sqlite/mc2_comm_info.db.
2026-08-05 18:21:28 [INFO] [2919388] [2919395] [data_processor.h:80] Save HCCS data into dataInventory
2026-08-05 18:21:28 [INFO] [2919388] [2919394] [data_processor.cpp:31] MEMCPY_INFO Run. Dir is /workspace/repos/paddle_ocr_vl_npu/tmp/09_persistent_page_engine/text_decode_lab/mineru_paddle_b1_k4096_compare/paddle_combined_profile/b1_k4096_p2048_pipe_20260805_182126/liteserver-c001-4_2918463_20260805182126154_ascend_pt/PROF_000001_20260805182126183_02918463FLKJRCHB
2026-08-05 18:21:28 [WARN] [2919388] [2919395] [data_processor.h:82] HCCS no data to inject to dataInventory
2026-08-05 18:21:28 [WARN] [2919388] [2919396] [data_processor.cpp:42] Can't find the db, the path is /workspace/repos/paddle_ocr_vl_npu/tmp/09_persistent_page_engine/text_decode_lab/mineru_paddle_b1_k4096_compare/paddle_combined_profile/b1_k4096_p2048_pipe_20260805_182126/liteserver-c001-4_2918463_20260805182126154_ascend_pt/PROF_000001_20260805182126183_02918463FLKJRCHB/device_6/sqlite/kfc_info.db.
2026-08-05 18:21:28 [INFO] [2919388] [2919395] [data_processor.cpp:31] MEM_USAGE Run. Dir is /workspace/repos/paddle_ocr_vl_npu/tmp/09_persistent_page_engine/text_decode_lab/mineru_paddle_b1_k4096_compare/paddle_combined_profile/b1_k4096_p2048_pipe_20260805_182126/liteserver-c001-4_2918463_20260805182126154_ascend_pt/PROF_000001_20260805182126183_02918463FLKJRCHB
2026-08-05 18:21:28 [WARN] [2919388] [2919396] [data_processor.cpp:42] Can't find the db, the path is /workspace/repos/paddle_ocr_vl_npu/tmp/09_persistent_page_engine/text_decode_lab/mineru_paddle_b1_k4096_compare/paddle_combined_profile/b1_k4096_p2048_pipe_20260805_182126/liteserver-c001-4_2918463_20260805182126154_ascend_pt/PROF_000001_20260805182126183_02918463FLKJRCHB/device_6/sqlite/kfc_info.db.
2026-08-05 18:21:28 [INFO] [2919388] [2919395] [host_usage_processor.cpp:27] Start process MEM_USAGE.
2026-08-05 18:21:28 [INFO] [2919388] [2919396] [data_processor.h:80] Save KFC_TASK data into dataInventory
2026-08-05 18:21:28 [WARN] [2919388] [2919396] [data_processor.h:82] KFC_TASK no data to inject to dataInventory
2026-08-05 18:21:28 [INFO] [2919388] [2919396] [data_processor.cpp:31] MODEL_NAME Run. Dir is /workspace/repos/paddle_ocr_vl_npu/tmp/09_persistent_page_engine/text_decode_lab/mineru_paddle_b1_k4096_compare/paddle_combined_profile/b1_k4096_p2048_pipe_20260805_182126/liteserver-c001-4_2918463_20260805182126154_ascend_pt/PROF_000001_20260805182126183_02918463FLKJRCHB
2026-08-05 18:21:28 [WARN] [2919388] [2919397] [data_processor.cpp:42] Can't find the db, the path is /workspace/repos/paddle_ocr_vl_npu/tmp/09_persistent_page_engine/text_decode_lab/mineru_paddle_b1_k4096_compare/paddle_combined_profile/b1_k4096_p2048_pipe_20260805_182126/liteserver-c001-4_2918463_20260805182126154_ascend_pt/PROF_000001_20260805182126183_02918463FLKJRCHB/device_6/sqlite/llc.db.
2026-08-05 18:21:28 [INFO] [2919388] [2919397] [data_processor.h:80] Save LLC data into dataInventory
2026-08-05 18:21:28 [WARN] [2919388] [2919395] [data_processor.cpp:42] Can't find the db, the path is /workspace/repos/paddle_ocr_vl_npu/tmp/09_persistent_page_engine/text_decode_lab/mineru_paddle_b1_k4096_compare/paddle_combined_profile/b1_k4096_p2048_pipe_20260805_182126/liteserver-c001-4_2918463_20260805182126154_ascend_pt/PROF_000001_20260805182126183_02918463FLKJRCHB/host/sqlite/host_mem_usage.db.
2026-08-05 18:21:28 [WARN] [2919388] [2919397] [data_processor.h:82] LLC no data to inject to dataInventory
2026-08-05 18:21:28 [INFO] [2919388] [2919397] [data_processor.h:80] Save LLC data into dataInventory
2026-08-05 18:21:28 [INFO] [2919388] [2919395] [data_processor.cpp:31] MSTX Run. Dir is /workspace/repos/paddle_ocr_vl_npu/tmp/09_persistent_page_engine/text_decode_lab/mineru_paddle_b1_k4096_compare/paddle_combined_profile/b1_k4096_p2048_pipe_20260805_182126/liteserver-c001-4_2918463_20260805182126154_ascend_pt/PROF_000001_20260805182126183_02918463FLKJRCHB
2026-08-05 18:21:28 [WARN] [2919388] [2919397] [data_processor.h:82] LLC no data to inject to dataInventory
2026-08-05 18:21:28 [INFO] [2919388] [2919397] [data_processor.cpp:31] NETDEV_STATS Run. Dir is /workspace/repos/paddle_ocr_vl_npu/tmp/09_persistent_page_engine/text_decode_lab/mineru_paddle_b1_k4096_compare/paddle_combined_profile/b1_k4096_p2048_pipe_20260805_182126/liteserver-c001-4_2918463_20260805182126154_ascend_pt/PROF_000001_20260805182126183_02918463FLKJRCHB
2026-08-05 18:21:28 [WARN] [2919388] [2919397] [data_processor.cpp:42] Can't find the db, the path is /workspace/repos/paddle_ocr_vl_npu/tmp/09_persistent_page_engine/text_decode_lab/mineru_paddle_b1_k4096_compare/paddle_combined_profile/b1_k4096_p2048_pipe_20260805_182126/liteserver-c001-4_2918463_20260805182126154_ascend_pt/PROF_000001_20260805182126183_02918463FLKJRCHB/device_6/sqlite/netdev_stats.db.
2026-08-05 18:21:28 [INFO] [2919388] [2919397] [data_processor.h:80] Save NETDEV_STATS data into dataInventory
2026-08-05 18:21:28 [WARN] [2919388] [2919397] [data_processor.h:82] NETDEV_STATS no data to inject to dataInventory
2026-08-05 18:21:28 [INFO] [2919388] [2919397] [data_processor.cpp:31] NETWORK_USAGE Run. Dir is /workspace/repos/paddle_ocr_vl_npu/tmp/09_persistent_page_engine/text_decode_lab/mineru_paddle_b1_k4096_compare/paddle_combined_profile/b1_k4096_p2048_pipe_20260805_182126/liteserver-c001-4_2918463_20260805182126154_ascend_pt/PROF_000001_20260805182126183_02918463FLKJRCHB
2026-08-05 18:21:28 [INFO] [2919388] [2919397] [host_usage_processor.cpp:27] Start process NETWORK_USAGE.
2026-08-05 18:21:28 [WARN] [2919388] [2919395] [data_processor.cpp:42] Can't find the db, the path is /workspace/repos/paddle_ocr_vl_npu/tmp/09_persistent_page_engine/text_decode_lab/mineru_paddle_b1_k4096_compare/paddle_combined_profile/b1_k4096_p2048_pipe_20260805_182126/liteserver-c001-4_2918463_20260805182126154_ascend_pt/PROF_000001_20260805182126183_02918463FLKJRCHB/host/sqlite/msproftx.db.
2026-08-05 18:21:28 [WARN] [2919388] [2919395] [data_processor.cpp:42] Can't find the db, the path is /workspace/repos/paddle_ocr_vl_npu/tmp/09_persistent_page_engine/text_decode_lab/mineru_paddle_b1_k4096_compare/paddle_combined_profile/b1_k4096_p2048_pipe_20260805_182126/liteserver-c001-4_2918463_20260805182126154_ascend_pt/PROF_000001_20260805182126183_02918463FLKJRCHB/host/sqlite/msproftx.db.
2026-08-05 18:21:28 [WARN] [2919388] [2919395] [msproftx_host_processor.cpp:83] msprofTx in /workspace/repos/paddle_ocr_vl_npu/tmp/09_persistent_page_engine/text_decode_lab/mineru_paddle_b1_k4096_compare/paddle_combined_profile/b1_k4096_p2048_pipe_20260805_182126/liteserver-c001-4_2918463_20260805182126154_ascend_pt/PROF_000001_20260805182126183_02918463FLKJRCHB is not exists, return
2026-08-05 18:21:28 [INFO] [2919388] [2919395] [data_processor.cpp:31] NIC Run. Dir is /workspace/repos/paddle_ocr_vl_npu/tmp/09_persistent_page_engine/text_decode_lab/mineru_paddle_b1_k4096_compare/paddle_combined_profile/b1_k4096_p2048_pipe_20260805_182126/liteserver-c001-4_2918463_20260805182126154_ascend_pt/PROF_000001_20260805182126183_02918463FLKJRCHB
2026-08-05 18:21:28 [WARN] [2919388] [2919397] [data_processor.cpp:42] Can't find the db, the path is /workspace/repos/paddle_ocr_vl_npu/tmp/09_persistent_page_engine/text_decode_lab/mineru_paddle_b1_k4096_compare/paddle_combined_profile/b1_k4096_p2048_pipe_20260805_182126/liteserver-c001-4_2918463_20260805182126154_ascend_pt/PROF_000001_20260805182126183_02918463FLKJRCHB/host/sqlite/host_network_usage.db.
2026-08-05 18:21:28 [INFO] [2919388] [2919397] [data_processor.cpp:31] NPU_MEM Run. Dir is /workspace/repos/paddle_ocr_vl_npu/tmp/09_persistent_page_engine/text_decode_lab/mineru_paddle_b1_k4096_compare/paddle_combined_profile/b1_k4096_p2048_pipe_20260805_182126/liteserver-c001-4_2918463_20260805182126154_ascend_pt/PROF_000001_20260805182126183_02918463FLKJRCHB
2026-08-05 18:21:28 [WARN] [2919388] [2919395] [data_processor.cpp:42] Can't find the db, the path is /workspace/repos/paddle_ocr_vl_npu/tmp/09_persistent_page_engine/text_decode_lab/mineru_paddle_b1_k4096_compare/paddle_combined_profile/b1_k4096_p2048_pipe_20260805_182126/liteserver-c001-4_2918463_20260805182126154_ascend_pt/PROF_000001_20260805182126183_02918463FLKJRCHB/device_6/sqlite/nic.db.
2026-08-05 18:21:28 [WARN] [2919388] [2919395] [data_processor.cpp:42] Can't find the db, the path is /workspace/repos/paddle_ocr_vl_npu/tmp/09_persistent_page_engine/text_decode_lab/mineru_paddle_b1_k4096_compare/paddle_combined_profile/b1_k4096_p2048_pipe_20260805_182126/liteserver-c001-4_2918463_20260805182126154_ascend_pt/PROF_000001_20260805182126183_02918463FLKJRCHB/device_6/sqlite/nic.db.
2026-08-05 18:21:28 [INFO] [2919388] [2919395] [data_processor.cpp:31] NPU_MODULE_MEM Run. Dir is /workspace/repos/paddle_ocr_vl_npu/tmp/09_persistent_page_engine/text_decode_lab/mineru_paddle_b1_k4096_compare/paddle_combined_profile/b1_k4096_p2048_pipe_20260805_182126/liteserver-c001-4_2918463_20260805182126154_ascend_pt/PROF_000001_20260805182126183_02918463FLKJRCHB
2026-08-05 18:21:28 [WARN] [2919388] [2919397] [data_processor.cpp:42] Can't find the db, the path is /workspace/repos/paddle_ocr_vl_npu/tmp/09_persistent_page_engine/text_decode_lab/mineru_paddle_b1_k4096_compare/paddle_combined_profile/b1_k4096_p2048_pipe_20260805_182126/liteserver-c001-4_2918463_20260805182126154_ascend_pt/PROF_000001_20260805182126183_02918463FLKJRCHB/device_6/sqlite/npu_mem.db.
2026-08-05 18:21:28 [INFO] [2919388] [2919397] [data_processor.h:80] Save NPU_MEM data into dataInventory
2026-08-05 18:21:28 [WARN] [2919388] [2919397] [data_processor.h:82] NPU_MEM no data to inject to dataInventory
2026-08-05 18:21:28 [INFO] [2919388] [2919397] [data_processor.cpp:31] NPU_OP_MEM Run. Dir is /workspace/repos/paddle_ocr_vl_npu/tmp/09_persistent_page_engine/text_decode_lab/mineru_paddle_b1_k4096_compare/paddle_combined_profile/b1_k4096_p2048_pipe_20260805_182126/liteserver-c001-4_2918463_20260805182126154_ascend_pt/PROF_000001_20260805182126183_02918463FLKJRCHB
2026-08-05 18:21:28 [WARN] [2919388] [2919397] [data_processor.cpp:42] Can't find the db, the path is /workspace/repos/paddle_ocr_vl_npu/tmp/09_persistent_page_engine/text_decode_lab/mineru_paddle_b1_k4096_compare/paddle_combined_profile/b1_k4096_p2048_pipe_20260805_182126/liteserver-c001-4_2918463_20260805182126154_ascend_pt/PROF_000001_20260805182126183_02918463FLKJRCHB/host/sqlite/task_memory.db.
2026-08-05 18:21:28 [INFO] [2919388] [2919397] [data_processor.cpp:31] OP_STATISTIC Run. Dir is /workspace/repos/paddle_ocr_vl_npu/tmp/09_persistent_page_engine/text_decode_lab/mineru_paddle_b1_k4096_compare/paddle_combined_profile/b1_k4096_p2048_pipe_20260805_182126/liteserver-c001-4_2918463_20260805182126154_ascend_pt/PROF_000001_20260805182126183_02918463FLKJRCHB
2026-08-05 18:21:28 [WARN] [2919388] [2919395] [data_processor.cpp:42] Can't find the db, the path is /workspace/repos/paddle_ocr_vl_npu/tmp/09_persistent_page_engine/text_decode_lab/mineru_paddle_b1_k4096_compare/paddle_combined_profile/b1_k4096_p2048_pipe_20260805_182126/liteserver-c001-4_2918463_20260805182126154_ascend_pt/PROF_000001_20260805182126183_02918463FLKJRCHB/device_6/sqlite/npu_module_mem.db.
2026-08-05 18:21:28 [INFO] [2919388] [2919395] [data_processor.h:80] Save NPU_MODULE_MEM data into dataInventory
2026-08-05 18:21:28 [WARN] [2919388] [2919395] [data_processor.h:82] NPU_MODULE_MEM no data to inject to dataInventory
2026-08-05 18:21:28 [INFO] [2919388] [2919395] [data_processor.cpp:31] OSRT_API Run. Dir is /workspace/repos/paddle_ocr_vl_npu/tmp/09_persistent_page_engine/text_decode_lab/mineru_paddle_b1_k4096_compare/paddle_combined_profile/b1_k4096_p2048_pipe_20260805_182126/liteserver-c001-4_2918463_20260805182126154_ascend_pt/PROF_000001_20260805182126183_02918463FLKJRCHB
2026-08-05 18:21:28 [INFO] [2919388] [2919395] [host_usage_processor.cpp:27] Start process OSRT_API.
2026-08-05 18:21:28 [WARN] [2919388] [2919395] [data_processor.cpp:42] Can't find the db, the path is /workspace/repos/paddle_ocr_vl_npu/tmp/09_persistent_page_engine/text_decode_lab/mineru_paddle_b1_k4096_compare/paddle_combined_profile/b1_k4096_p2048_pipe_20260805_182126/liteserver-c001-4_2918463_20260805182126154_ascend_pt/PROF_000001_20260805182126183_02918463FLKJRCHB/host/sqlite/host_runtime_api.db.
2026-08-05 18:21:28 [INFO] [2919388] [2919395] [data_processor.cpp:31] PCIE Run. Dir is /workspace/repos/paddle_ocr_vl_npu/tmp/09_persistent_page_engine/text_decode_lab/mineru_paddle_b1_k4096_compare/paddle_combined_profile/b1_k4096_p2048_pipe_20260805_182126/liteserver-c001-4_2918463_20260805182126154_ascend_pt/PROF_000001_20260805182126183_02918463FLKJRCHB
2026-08-05 18:21:28 [INFO] [2919388] [2919395] [pcie_processor.cpp:51] PCIeProcessor Process, dir is /workspace/repos/paddle_ocr_vl_npu/tmp/09_persistent_page_engine/text_decode_lab/mineru_paddle_b1_k4096_compare/paddle_combined_profile/b1_k4096_p2048_pipe_20260805_182126/liteserver-c001-4_2918463_20260805182126154_ascend_pt/PROF_000001_20260805182126183_02918463FLKJRCHB
2026-08-05 18:21:28 [WARN] [2919388] [2919395] [data_processor.cpp:42] Can't find the db, the path is /workspace/repos/paddle_ocr_vl_npu/tmp/09_persistent_page_engine/text_decode_lab/mineru_paddle_b1_k4096_compare/paddle_combined_profile/b1_k4096_p2048_pipe_20260805_182126/liteserver-c001-4_2918463_20260805182126154_ascend_pt/PROF_000001_20260805182126183_02918463FLKJRCHB/device_6/sqlite/pcie.db.
2026-08-05 18:21:28 [INFO] [2919388] [2919395] [data_processor.h:80] Save PCIE data into dataInventory
2026-08-05 18:21:28 [WARN] [2919388] [2919395] [data_processor.h:82] PCIE no data to inject to dataInventory
2026-08-05 18:21:28 [INFO] [2919388] [2919395] [data_processor.cpp:31] PMU Run. Dir is /workspace/repos/paddle_ocr_vl_npu/tmp/09_persistent_page_engine/text_decode_lab/mineru_paddle_b1_k4096_compare/paddle_combined_profile/b1_k4096_p2048_pipe_20260805_182126/liteserver-c001-4_2918463_20260805182126154_ascend_pt/PROF_000001_20260805182126183_02918463FLKJRCHB
2026-08-05 18:21:28 [INFO] [2919388] [2919395] [metric_processor.cpp:86] TaskBasedProcess, dir is /workspace/repos/paddle_ocr_vl_npu/tmp/09_persistent_page_engine/text_decode_lab/mineru_paddle_b1_k4096_compare/paddle_combined_profile/b1_k4096_p2048_pipe_20260805_182126/liteserver-c001-4_2918463_20260805182126154_ascend_pt/PROF_000001_20260805182126183_02918463FLKJRCHB
2026-08-05 18:21:28 [INFO] [2919388] [2919389] [data_processor.cpp:58] Check /workspace/repos/paddle_ocr_vl_npu/tmp/09_persistent_page_engine/text_decode_lab/mineru_paddle_b1_k4096_compare/paddle_combined_profile/b1_k4096_p2048_pipe_20260805_182126/liteserver-c001-4_2918463_20260805182126154_ascend_pt/PROF_000001_20260805182126183_02918463FLKJRCHB/host/sqlite/api_event.db and ApiData success.
2026-08-05 18:21:28 [INFO] [2919388] [2919389] [db_runner.h:79] Start query data
2026-08-05 18:21:28 [INFO] [2919388] [2919393] [data_processor.cpp:58] Check /workspace/repos/paddle_ocr_vl_npu/tmp/09_persistent_page_engine/text_decode_lab/mineru_paddle_b1_k4096_compare/paddle_combined_profile/b1_k4096_p2048_pipe_20260805_182126/liteserver-c001-4_2918463_20260805182126154_ascend_pt/PROF_000001_20260805182126183_02918463FLKJRCHB/device_6/sqlite/freq.db and FreqParse success.
2026-08-05 18:21:28 [INFO] [2919388] [2919393] [aicore_freq_processor.cpp:100] AicoreFreqProcessor GetData, dir is /workspace/repos/paddle_ocr_vl_npu/tmp/09_persistent_page_engine/text_decode_lab/mineru_paddle_b1_k4096_compare/paddle_combined_profile/b1_k4096_p2048_pipe_20260805_182126/liteserver-c001-4_2918463_20260805182126154_ascend_pt/PROF_000001_20260805182126183_02918463FLKJRCHB/device_6/sqlite/freq.db
2026-08-05 18:21:28 [INFO] [2919388] [2919393] [db_runner.h:79] Start query data
2026-08-05 18:21:28 [INFO] [2919388] [2919391] [data_processor.cpp:58] Check /workspace/repos/paddle_ocr_vl_npu/tmp/09_persistent_page_engine/text_decode_lab/mineru_paddle_b1_k4096_compare/paddle_combined_profile/b1_k4096_p2048_pipe_20260805_182126/liteserver-c001-4_2918463_20260805182126154_ascend_pt/PROF_000001_20260805182126183_02918463FLKJRCHB/host/sqlite/ge_info.db and TaskInfo success.
2026-08-05 18:21:28 [INFO] [2919388] [2919391] [db_runner.h:79] Start query data
2026-08-05 18:21:28 [WARN] [2919388] [2919392] [data_processor.cpp:54] Check GeFusionOpInfo not exists
2026-08-05 18:21:28 [INFO] [2919388] [2919392] [data_processor.cpp:31] QOS Run. Dir is /workspace/repos/paddle_ocr_vl_npu/tmp/09_persistent_page_engine/text_decode_lab/mineru_paddle_b1_k4096_compare/paddle_combined_profile/b1_k4096_p2048_pipe_20260805_182126/liteserver-c001-4_2918463_20260805182126154_ascend_pt/PROF_000001_20260805182126183_02918463FLKJRCHB
2026-08-05 18:21:28 [WARN] [2919388] [2919392] [data_processor.cpp:42] Can't find the db, the path is /workspace/repos/paddle_ocr_vl_npu/tmp/09_persistent_page_engine/text_decode_lab/mineru_paddle_b1_k4096_compare/paddle_combined_profile/b1_k4096_p2048_pipe_20260805_182126/liteserver-c001-4_2918463_20260805182126154_ascend_pt/PROF_000001_20260805182126183_02918463FLKJRCHB/device_6/sqlite/qos.db.
2026-08-05 18:21:28 [INFO] [2919388] [2919392] [data_processor.h:80] Save QOS data into dataInventory
2026-08-05 18:21:28 [WARN] [2919388] [2919392] [data_processor.h:82] QOS no data to inject to dataInventory
2026-08-05 18:21:28 [INFO] [2919388] [2919392] [data_processor.cpp:31] ROCE Run. Dir is /workspace/repos/paddle_ocr_vl_npu/tmp/09_persistent_page_engine/text_decode_lab/mineru_paddle_b1_k4096_compare/paddle_combined_profile/b1_k4096_p2048_pipe_20260805_182126/liteserver-c001-4_2918463_20260805182126154_ascend_pt/PROF_000001_20260805182126183_02918463FLKJRCHB
2026-08-05 18:21:28 [WARN] [2919388] [2919392] [data_processor.cpp:42] Can't find the db, the path is /workspace/repos/paddle_ocr_vl_npu/tmp/09_persistent_page_engine/text_decode_lab/mineru_paddle_b1_k4096_compare/paddle_combined_profile/b1_k4096_p2048_pipe_20260805_182126/liteserver-c001-4_2918463_20260805182126154_ascend_pt/PROF_000001_20260805182126183_02918463FLKJRCHB/device_6/sqlite/roce.db.
2026-08-05 18:21:28 [WARN] [2919388] [2919392] [data_processor.cpp:42] Can't find the db, the path is /workspace/repos/paddle_ocr_vl_npu/tmp/09_persistent_page_engine/text_decode_lab/mineru_paddle_b1_k4096_compare/paddle_combined_profile/b1_k4096_p2048_pipe_20260805_182126/liteserver-c001-4_2918463_20260805182126154_ascend_pt/PROF_000001_20260805182126183_02918463FLKJRCHB/device_6/sqlite/roce.db.
2026-08-05 18:21:28 [INFO] [2919388] [2919392] [data_processor.cpp:31] SIO Run. Dir is /workspace/repos/paddle_ocr_vl_npu/tmp/09_persistent_page_engine/text_decode_lab/mineru_paddle_b1_k4096_compare/paddle_combined_profile/b1_k4096_p2048_pipe_20260805_182126/liteserver-c001-4_2918463_20260805182126154_ascend_pt/PROF_000001_20260805182126183_02918463FLKJRCHB
2026-08-05 18:21:28 [INFO] [2919388] [2919396] [data_processor.cpp:58] Check /workspace/repos/paddle_ocr_vl_npu/tmp/09_persistent_page_engine/text_decode_lab/mineru_paddle_b1_k4096_compare/paddle_combined_profile/b1_k4096_p2048_pipe_20260805_182126/liteserver-c001-4_2918463_20260805182126154_ascend_pt/PROF_000001_20260805182126183_02918463FLKJRCHB/host/sqlite/ge_model_info.db and ModelName success.
2026-08-05 18:21:28 [INFO] [2919388] [2919396] [db_runner.h:79] Start query data
2026-08-05 18:21:28 [WARN] [2919388] [2919392] [data_processor.cpp:42] Can't find the db, the path is /workspace/repos/paddle_ocr_vl_npu/tmp/09_persistent_page_engine/text_decode_lab/mineru_paddle_b1_k4096_compare/paddle_combined_profile/b1_k4096_p2048_pipe_20260805_182126/liteserver-c001-4_2918463_20260805182126154_ascend_pt/PROF_000001_20260805182126183_02918463FLKJRCHB/device_6/sqlite/sio.db.
2026-08-05 18:21:28 [INFO] [2919388] [2919392] [data_processor.h:80] Save SIO data into dataInventory
2026-08-05 18:21:28 [WARN] [2919388] [2919392] [data_processor.h:82] SIO no data to inject to dataInventory
2026-08-05 18:21:28 [INFO] [2919388] [2919392] [data_processor.cpp:31] SOC Run. Dir is /workspace/repos/paddle_ocr_vl_npu/tmp/09_persistent_page_engine/text_decode_lab/mineru_paddle_b1_k4096_compare/paddle_combined_profile/b1_k4096_p2048_pipe_20260805_182126/liteserver-c001-4_2918463_20260805182126154_ascend_pt/PROF_000001_20260805182126183_02918463FLKJRCHB
2026-08-05 18:21:28 [WARN] [2919388] [2919392] [data_processor.cpp:42] Can't find the db, the path is /workspace/repos/paddle_ocr_vl_npu/tmp/09_persistent_page_engine/text_decode_lab/mineru_paddle_b1_k4096_compare/paddle_combined_profile/b1_k4096_p2048_pipe_20260805_182126/liteserver-c001-4_2918463_20260805182126154_ascend_pt/PROF_000001_20260805182126183_02918463FLKJRCHB/device_6/sqlite/soc_profiler.db.
2026-08-05 18:21:28 [INFO] [2919388] [2919392] [data_processor.h:80] Save SOC data into dataInventory
2026-08-05 18:21:28 [WARN] [2919388] [2919392] [data_processor.h:82] SOC no data to inject to dataInventory
2026-08-05 18:21:28 [INFO] [2919388] [2919392] [data_processor.cpp:31] STEP_TRACE Run. Dir is /workspace/repos/paddle_ocr_vl_npu/tmp/09_persistent_page_engine/text_decode_lab/mineru_paddle_b1_k4096_compare/paddle_combined_profile/b1_k4096_p2048_pipe_20260805_182126/liteserver-c001-4_2918463_20260805182126154_ascend_pt/PROF_000001_20260805182126183_02918463FLKJRCHB
2026-08-05 18:21:28 [WARN] [2919388] [2919394] [data_processor.cpp:54] Check MemcpyInfo not exists
2026-08-05 18:21:28 [INFO] [2919388] [2919394] [data_processor.cpp:31] TASK Run. Dir is /workspace/repos/paddle_ocr_vl_npu/tmp/09_persistent_page_engine/text_decode_lab/mineru_paddle_b1_k4096_compare/paddle_combined_profile/b1_k4096_p2048_pipe_20260805_182126/liteserver-c001-4_2918463_20260805182126154_ascend_pt/PROF_000001_20260805182126183_02918463FLKJRCHB
2026-08-05 18:21:28 [INFO] [2919388] [2919398] [data_processor.cpp:58] Check /workspace/repos/paddle_ocr_vl_npu/tmp/09_persistent_page_engine/text_decode_lab/mineru_paddle_b1_k4096_compare/paddle_combined_profile/b1_k4096_p2048_pipe_20260805_182126/liteserver-c001-4_2918463_20260805182126154_ascend_pt/PROF_000001_20260805182126183_02918463FLKJRCHB/device_6/sqlite/step_trace.db and StepTrace success.
2026-08-05 18:21:28 [INFO] [2919388] [2919398] [db_runner.h:79] Start query data
2026-08-05 18:21:28 [INFO] [2919388] [2919393] [db_runner.h:90] Query data success: SELECT syscnt, freq FROM FreqParse
2026-08-05 18:21:28 [INFO] [2919388] [2919390] [db_runner.h:79] Start query data
2026-08-05 18:21:28 [INFO] [2919388] [2919397] [data_processor.cpp:58] Check /workspace/repos/paddle_ocr_vl_npu/tmp/09_persistent_page_engine/text_decode_lab/mineru_paddle_b1_k4096_compare/paddle_combined_profile/b1_k4096_p2048_pipe_20260805_182126/liteserver-c001-4_2918463_20260805182126154_ascend_pt/PROF_000001_20260805182126183_02918463FLKJRCHB/device_6/sqlite/op_counter.db and op_report success.
2026-08-05 18:21:28 [INFO] [2919388] [2919395] [data_processor.cpp:58] Check /workspace/repos/paddle_ocr_vl_npu/tmp/09_persistent_page_engine/text_decode_lab/mineru_paddle_b1_k4096_compare/paddle_combined_profile/b1_k4096_p2048_pipe_20260805_182126/liteserver-c001-4_2918463_20260805182126154_ascend_pt/PROF_000001_20260805182126183_02918463FLKJRCHB/device_6/sqlite/metric_summary.db and MetricSummary success.
2026-08-05 18:21:28 [INFO] [2919388] [2919397] [db_runner.h:79] Start query data
2026-08-05 18:21:28 [INFO] [2919388] [2919395] [metric_processor.cpp:134] GetAndCheckTableColumns.
2026-08-05 18:21:28 [INFO] [2919388] [2919395] [db_runner.cpp:152] Start get MetricSummary headers
2026-08-05 18:21:28 [INFO] [2919388] [2919389] [db_runner.h:90] Query data success: SELECT struct_type, id, level, thread_id, item_id, start, end, connection_id FROM ApiData
2026-08-05 18:21:28 [INFO] [2919388] [2919393] [aicore_freq_processor.cpp:119] AicoreFreqProcessor FormatData.
2026-08-05 18:21:28 [INFO] [2919388] [2919393] [data_processor.h:80] Save AICORE_FREQ data into dataInventory
2026-08-05 18:21:28 [INFO] [2919388] [2919393] [data_processor.cpp:31] UNIFIED_PMU Run. Dir is /workspace/repos/paddle_ocr_vl_npu/tmp/09_persistent_page_engine/text_decode_lab/mineru_paddle_b1_k4096_compare/paddle_combined_profile/b1_k4096_p2048_pipe_20260805_182126/liteserver-c001-4_2918463_20260805182126154_ascend_pt/PROF_000001_20260805182126183_02918463FLKJRCHB
2026-08-05 18:21:28 [INFO] [2919388] [2919393] [unified_pmu_processor.cpp:85] TaskBasedProcess, dir is /workspace/repos/paddle_ocr_vl_npu/tmp/09_persistent_page_engine/text_decode_lab/mineru_paddle_b1_k4096_compare/paddle_combined_profile/b1_k4096_p2048_pipe_20260805_182126/liteserver-c001-4_2918463_20260805182126154_ascend_pt/PROF_000001_20260805182126183_02918463FLKJRCHB
2026-08-05 18:21:28 [INFO] [2919388] [2919396] [db_runner.h:90] Query data success: SELECT model_id, model_name FROM ModelName
2026-08-05 18:21:28 [INFO] [2919388] [2919396] [data_processor.h:80] Save MODEL_NAME data into dataInventory
2026-08-05 18:21:28 [INFO] [2919388] [2919398] [db_runner.h:90] Query data success: SELECT model_id, index_id, stream_id, task_id, timestamp FROM StepTrace WHERE tag_id = 11
2026-08-05 18:21:28 [INFO] [2919388] [2919394] [data_processor.cpp:58] Check /workspace/repos/paddle_ocr_vl_npu/tmp/09_persistent_page_engine/text_decode_lab/mineru_paddle_b1_k4096_compare/paddle_combined_profile/b1_k4096_p2048_pipe_20260805_182126/liteserver-c001-4_2918463_20260805182126154_ascend_pt/PROF_000001_20260805182126183_02918463FLKJRCHB/device_6/sqlite/ascend_task.db and AscendTask success.
2026-08-05 18:21:28 [WARN] [2919388] [2919398] [msproftx_device_processor.cpp:57] StepTrace for msprofTx original data is empty. DBPath is /workspace/repos/paddle_ocr_vl_npu/tmp/09_persistent_page_engine/text_decode_lab/mineru_paddle_b1_k4096_compare/paddle_combined_profile/b1_k4096_p2048_pipe_20260805_182126/liteserver-c001-4_2918463_20260805182126154_ascend_pt/PROF_000001_20260805182126183_02918463FLKJRCHB/device_6/sqlite/step_trace.db
2026-08-05 18:21:28 [INFO] [2919388] [2919392] [data_processor.cpp:58] Check /workspace/repos/paddle_ocr_vl_npu/tmp/09_persistent_page_engine/text_decode_lab/mineru_paddle_b1_k4096_compare/paddle_combined_profile/b1_k4096_p2048_pipe_20260805_182126/liteserver-c001-4_2918463_20260805182126154_ascend_pt/PROF_000001_20260805182126183_02918463FLKJRCHB/device_6/sqlite/trace.db and training_trace success.
2026-08-05 18:21:28 [INFO] [2919388] [2919398] [data_processor.h:80] Save TASK data into dataInventory
2026-08-05 18:21:28 [INFO] [2919388] [2919392] [db_runner.h:79] Start query data
2026-08-05 18:21:28 [WARN] [2919388] [2919398] [data_processor.h:82] TASK no data to inject to dataInventory
2026-08-05 18:21:28 [INFO] [2919388] [2919394] [db_runner.h:79] Start query data
2026-08-05 18:21:28 [INFO] [2919388] [2919390] [db_runner.h:90] Query data success: SELECT stream_id, request_id, batch_id, task_id, context_ids, model_id, task_type, kernel_name, connection_id, device_id FROM HostTask
2026-08-05 18:21:28 [INFO] [2919388] [2919395] [db_runner.cpp:165] Get MetricSummary columns success
2026-08-05 18:21:28 [INFO] [2919388] [2919391] [db_runner.h:90] Query data success: SELECT hashid, model_id, op_name, stream_id, task_id, block_num, mix_block_num, task_type, op_type, op_flag, batch_id, IFNULL(input_formats, 'NULL'), IFNULL(input_data_types, 'NULL'), IFNULL(input_shapes, 'NULL'), IFNULL(output_formats, 'NULL'), IFNULL(output_data_types, 'NULL'), IFNULL(output_shapes, 'NULL'), device_id, context_id, (case when op_state is 'N/A' then 'N/A' when op_state is '1' then 'dynamic' when op_state is '0' then 'static' end) FROM TaskInfo
2026-08-05 18:21:28 [INFO] [2919388] [2919393] [data_processor.cpp:58] Check /workspace/repos/paddle_ocr_vl_npu/tmp/09_persistent_page_engine/text_decode_lab/mineru_paddle_b1_k4096_compare/paddle_combined_profile/b1_k4096_p2048_pipe_20260805_182126/liteserver-c001-4_2918463_20260805182126154_ascend_pt/PROF_000001_20260805182126183_02918463FLKJRCHB/device_6/sqlite/metric_summary.db and MetricSummary success.
2026-08-05 18:21:28 [INFO] [2919388] [2919393] [unified_pmu_processor.cpp:130] GetAndCheckTableColumns.
2026-08-05 18:21:28 [INFO] [2919388] [2919393] [db_runner.cpp:152] Start get MetricSummary headers
2026-08-05 18:21:28 [INFO] [2919388] [2919390] [data_processor.h:80] Save HOST_TASK data into dataInventory
2026-08-05 18:21:28 [INFO] [2919388] [2919395] [db_runner.h:79] Start query data
2026-08-05 18:21:28 [INFO] [2919388] [2919397] [db_runner.h:90] Query data success: SELECT op_type, core_type, occurrences,  round(total_time/1000.0, 3), round(min/1000.0, 3), round(avg/1000.0, 3), round(max/1000.0, 3), round(ratio, 3) FROM op_report WHERE op_type != 'N/A' and core_type not in ('WRITE_BACK', 'INVALID')
2026-08-05 18:21:28 [INFO] [2919388] [2919392] [db_runner.h:90] Query data success: SELECT model_id, iteration_id, FP_start, BP_end, iteration_end, iteration_time, fp_bp_time, grad_refresh_bound, data_aug_bound FROM training_trace
2026-08-05 18:21:28 [INFO] [2919388] [2919391] [data_processor.h:80] Save COMPUTE_TASK_INFO data into dataInventory
2026-08-05 18:21:28 [INFO] [2919388] [2919397] [data_processor.h:80] Save OP_STATISTIC data into dataInventory
2026-08-05 18:21:28 [INFO] [2919388] [2919393] [db_runner.cpp:165] Get MetricSummary columns success
2026-08-05 18:21:28 [INFO] [2919388] [2919392] [data_processor.h:68] There are 2 records before STEP_TRACE data filtering, filterTime is 1785954086194341000.
2026-08-05 18:21:28 [INFO] [2919388] [2919392] [data_processor.h:73] There are 2 records after STEP_TRACE data filtering.
2026-08-05 18:21:28 [INFO] [2919388] [2919393] [unified_pmu_processor.cpp:176] This column[task_id] does not need to be processed.
2026-08-05 18:21:28 [INFO] [2919388] [2919393] [unified_pmu_processor.cpp:176] This column[stream_id] does not need to be processed.
2026-08-05 18:21:28 [INFO] [2919388] [2919393] [unified_pmu_processor.cpp:176] This column[subtask_id] does not need to be processed.
2026-08-05 18:21:28 [INFO] [2919388] [2919393] [unified_pmu_processor.cpp:176] This column[batch_id] does not need to be processed.
2026-08-05 18:21:28 [INFO] [2919388] [2919393] [unified_pmu_processor.cpp:190] GetTaskBasedData, dbPath is /workspace/repos/paddle_ocr_vl_npu/tmp/09_persistent_page_engine/text_decode_lab/mineru_paddle_b1_k4096_compare/paddle_combined_profile/b1_k4096_p2048_pipe_20260805_182126/liteserver-c001-4_2918463_20260805182126154_ascend_pt/PROF_000001_20260805182126183_02918463FLKJRCHB/device_6/sqlite/metric_summary.db, column name is aic_total_time.
2026-08-05 18:21:28 [INFO] [2919388] [2919393] [db_runner.h:79] Start query data
2026-08-05 18:21:28 [INFO] [2919388] [2919394] [db_runner.h:90] Query data success: SELECT a.start_time, a.duration, a.model_id, a.index_id, a.stream_id, a.task_id, a.context_id,a.batch_id, a.connection_id, a.host_task_type, a.device_task_type FROM AscendTask a WHERE a.device_task_type != 'UNKNOWN'
2026-08-05 18:21:28 [INFO] [2919388] [2919392] [data_processor.cpp:58] Check /workspace/repos/paddle_ocr_vl_npu/tmp/09_persistent_page_engine/text_decode_lab/mineru_paddle_b1_k4096_compare/paddle_combined_profile/b1_k4096_p2048_pipe_20260805_182126/liteserver-c001-4_2918463_20260805182126154_ascend_pt/PROF_000001_20260805182126183_02918463FLKJRCHB/device_6/sqlite/trace.db and get_next success.
2026-08-05 18:21:28 [INFO] [2919388] [2919392] [db_runner.h:79] Start query data
2026-08-05 18:21:28 [INFO] [2919388] [2919392] [db_runner.h:90] Query data success: SELECT model_id, index_id, start_time, end_time FROM get_next
2026-08-05 18:21:28 [INFO] [2919388] [2919393] [db_runner.h:90] Query data success: SELECT stream_id, task_id, subtask_id,  batch_id, aic_total_time FROM MetricSummary
2026-08-05 18:21:28 [WARN] [2919388] [2919392] [step_trace_processor.h:79] get_next, has no data
2026-08-05 18:21:28 [INFO] [2919388] [2919393] [unified_pmu_processor.cpp:239] FormatTaskBasedData.
2026-08-05 18:21:28 [INFO] [2919388] [2919392] [data_processor.h:68] There are 0 records before STEP_TRACE data filtering, filterTime is 1785954086194341000.
2026-08-05 18:21:28 [INFO] [2919388] [2919392] [data_processor.h:73] There are 0 records after STEP_TRACE data filtering.
2026-08-05 18:21:28 [INFO] [2919388] [2919393] [unified_pmu_processor.cpp:190] GetTaskBasedData, dbPath is /workspace/repos/paddle_ocr_vl_npu/tmp/09_persistent_page_engine/text_decode_lab/mineru_paddle_b1_k4096_compare/paddle_combined_profile/b1_k4096_p2048_pipe_20260805_182126/liteserver-c001-4_2918463_20260805182126154_ascend_pt/PROF_000001_20260805182126183_02918463FLKJRCHB/device_6/sqlite/metric_summary.db, column name is aic_total_cycles.
2026-08-05 18:21:28 [INFO] [2919388] [2919389] [data_processor.h:68] There are 351 records before API data filtering, filterTime is 1785954086184627000.
2026-08-05 18:21:28 [INFO] [2919388] [2919389] [data_processor.h:73] There are 351 records after API data filtering.
2026-08-05 18:21:28 [INFO] [2919388] [2919389] [data_processor.h:80] Save API data into dataInventory
2026-08-05 18:21:28 [INFO] [2919388] [2919393] [db_runner.h:79] Start query data
2026-08-05 18:21:28 [INFO] [2919388] [2919392] [data_processor.cpp:58] Check /workspace/repos/paddle_ocr_vl_npu/tmp/09_persistent_page_engine/text_decode_lab/mineru_paddle_b1_k4096_compare/paddle_combined_profile/b1_k4096_p2048_pipe_20260805_182126/liteserver-c001-4_2918463_20260805182126154_ascend_pt/PROF_000001_20260805182126183_02918463FLKJRCHB/device_6/sqlite/trace.db and all_reduce success.
2026-08-05 18:21:28 [INFO] [2919388] [2919392] [db_runner.h:79] Start query data
2026-08-05 18:21:28 [INFO] [2919388] [2919395] [db_runner.h:90] Query data success: SELECT ROUND(aic_total_time, 3) FROM MetricSummary
2026-08-05 18:21:28 [INFO] [2919388] [2919393] [db_runner.h:90] Query data success: SELECT stream_id, task_id, subtask_id,  batch_id, aic_total_cycles FROM MetricSummary
2026-08-05 18:21:28 [INFO] [2919388] [2919392] [db_runner.h:90] Query data success: SELECT model_id, index_id, iteration_end, start, end FROM all_reduce
2026-08-05 18:21:28 [INFO] [2919388] [2919393] [unified_pmu_processor.cpp:239] FormatTaskBasedData.
2026-08-05 18:21:28 [INFO] [2919388] [2919395] [db_runner.h:79] Start query data
2026-08-05 18:21:28 [WARN] [2919388] [2919392] [step_trace_processor.h:79] all_reduce, has no data
2026-08-05 18:21:28 [INFO] [2919388] [2919392] [data_processor.h:68] There are 0 records before STEP_TRACE data filtering, filterTime is 1785954086194341000.
2026-08-05 18:21:28 [INFO] [2919388] [2919393] [unified_pmu_processor.cpp:190] GetTaskBasedData, dbPath is /workspace/repos/paddle_ocr_vl_npu/tmp/09_persistent_page_engine/text_decode_lab/mineru_paddle_b1_k4096_compare/paddle_combined_profile/b1_k4096_p2048_pipe_20260805_182126/liteserver-c001-4_2918463_20260805182126154_ascend_pt/PROF_000001_20260805182126183_02918463FLKJRCHB/device_6/sqlite/metric_summary.db, column name is aic_mac_time.
2026-08-05 18:21:28 [INFO] [2919388] [2919392] [data_processor.h:73] There are 0 records after STEP_TRACE data filtering.
2026-08-05 18:21:28 [INFO] [2919388] [2919392] [data_processor.h:80] Save STEP_TRACE data into dataInventory
2026-08-05 18:21:28 [INFO] [2919388] [2919392] [data_processor.h:80] Save STEP_TRACE data into dataInventory
2026-08-05 18:21:28 [WARN] [2919388] [2919392] [data_processor.h:82] STEP_TRACE no data to inject to dataInventory
2026-08-05 18:21:28 [INFO] [2919388] [2919392] [data_processor.h:80] Save STEP_TRACE data into dataInventory
2026-08-05 18:21:28 [WARN] [2919388] [2919392] [data_processor.h:82] STEP_TRACE no data to inject to dataInventory
2026-08-05 18:21:28 [INFO] [2919388] [2919393] [db_runner.h:79] Start query data
2026-08-05 18:21:28 [INFO] [2919388] [2919395] [db_runner.h:90] Query data success: SELECT aic_total_cycles FROM MetricSummary
2026-08-05 18:21:28 [INFO] [2919388] [2919395] [db_runner.h:79] Start query data
2026-08-05 18:21:28 [INFO] [2919388] [2919393] [db_runner.h:90] Query data success: SELECT stream_id, task_id, subtask_id,  batch_id, aic_mac_time FROM MetricSummary
2026-08-05 18:21:28 [INFO] [2919388] [2919393] [unified_pmu_processor.cpp:239] FormatTaskBasedData.
2026-08-05 18:21:28 [INFO] [2919388] [2919393] [unified_pmu_processor.cpp:190] GetTaskBasedData, dbPath is /workspace/repos/paddle_ocr_vl_npu/tmp/09_persistent_page_engine/text_decode_lab/mineru_paddle_b1_k4096_compare/paddle_combined_profile/b1_k4096_p2048_pipe_20260805_182126/liteserver-c001-4_2918463_20260805182126154_ascend_pt/PROF_000001_20260805182126183_02918463FLKJRCHB/device_6/sqlite/metric_summary.db, column name is aic_mac_ratio_extra.
2026-08-05 18:21:28 [INFO] [2919388] [2919393] [db_runner.h:79] Start query data
2026-08-05 18:21:28 [INFO] [2919388] [2919393] [db_runner.h:90] Query data success: SELECT stream_id, task_id, subtask_id,  batch_id, aic_mac_ratio_extra FROM MetricSummary
2026-08-05 18:21:28 [INFO] [2919388] [2919393] [unified_pmu_processor.cpp:239] FormatTaskBasedData.
2026-08-05 18:21:28 [INFO] [2919388] [2919393] [unified_pmu_processor.cpp:190] GetTaskBasedData, dbPath is /workspace/repos/paddle_ocr_vl_npu/tmp/09_persistent_page_engine/text_decode_lab/mineru_paddle_b1_k4096_compare/paddle_combined_profile/b1_k4096_p2048_pipe_20260805_182126/liteserver-c001-4_2918463_20260805182126154_ascend_pt/PROF_000001_20260805182126183_02918463FLKJRCHB/device_6/sqlite/metric_summary.db, column name is aic_scalar_time.
2026-08-05 18:21:28 [INFO] [2919388] [2919393] [db_runner.h:79] Start query data
2026-08-05 18:21:28 [INFO] [2919388] [2919395] [db_runner.h:90] Query data success: SELECT ROUND(aic_mac_time, 3) FROM MetricSummary
2026-08-05 18:21:28 [INFO] [2919388] [2919395] [db_runner.h:79] Start query data
2026-08-05 18:21:28 [INFO] [2919388] [2919393] [db_runner.h:90] Query data success: SELECT stream_id, task_id, subtask_id,  batch_id, aic_scalar_time FROM MetricSummary
2026-08-05 18:21:28 [INFO] [2919388] [2919393] [unified_pmu_processor.cpp:239] FormatTaskBasedData.
2026-08-05 18:21:28 [INFO] [2919388] [2919393] [unified_pmu_processor.cpp:190] GetTaskBasedData, dbPath is /workspace/repos/paddle_ocr_vl_npu/tmp/09_persistent_page_engine/text_decode_lab/mineru_paddle_b1_k4096_compare/paddle_combined_profile/b1_k4096_p2048_pipe_20260805_182126/liteserver-c001-4_2918463_20260805182126154_ascend_pt/PROF_000001_20260805182126183_02918463FLKJRCHB/device_6/sqlite/metric_summary.db, column name is aic_scalar_ratio.
2026-08-05 18:21:28 [INFO] [2919388] [2919393] [db_runner.h:79] Start query data
2026-08-05 18:21:28 [INFO] [2919388] [2919393] [db_runner.h:90] Query data success: SELECT stream_id, task_id, subtask_id,  batch_id, aic_scalar_ratio FROM MetricSummary
2026-08-05 18:21:28 [INFO] [2919388] [2919393] [unified_pmu_processor.cpp:239] FormatTaskBasedData.
2026-08-05 18:21:28 [INFO] [2919388] [2919393] [unified_pmu_processor.cpp:190] GetTaskBasedData, dbPath is /workspace/repos/paddle_ocr_vl_npu/tmp/09_persistent_page_engine/text_decode_lab/mineru_paddle_b1_k4096_compare/paddle_combined_profile/b1_k4096_p2048_pipe_20260805_182126/liteserver-c001-4_2918463_20260805182126154_ascend_pt/PROF_000001_20260805182126183_02918463FLKJRCHB/device_6/sqlite/metric_summary.db, column name is aic_mte1_time.
2026-08-05 18:21:28 [INFO] [2919388] [2919394] [data_processor.h:68] There are 604 records before TASK data filtering, filterTime is 1785954086194341000.
2026-08-05 18:21:28 [INFO] [2919388] [2919394] [data_processor.h:73] There are 604 records after TASK data filtering.
2026-08-05 18:21:28 [INFO] [2919388] [2919393] [db_runner.h:79] Start query data
2026-08-05 18:21:28 [INFO] [2919388] [2919394] [data_processor.h:80] Save TASK data into dataInventory
2026-08-05 18:21:28 [INFO] [2919388] [2919395] [db_runner.h:90] Query data success: SELECT ROUND(aic_mac_ratio_extra, 3) FROM MetricSummary
2026-08-05 18:21:28 [INFO] [2919388] [2919395] [db_runner.h:79] Start query data
2026-08-05 18:21:28 [INFO] [2919388] [2919393] [db_runner.h:90] Query data success: SELECT stream_id, task_id, subtask_id,  batch_id, aic_mte1_time FROM MetricSummary
2026-08-05 18:21:28 [INFO] [2919388] [2919393] [unified_pmu_processor.cpp:239] FormatTaskBasedData.
2026-08-05 18:21:28 [INFO] [2919388] [2919393] [unified_pmu_processor.cpp:190] GetTaskBasedData, dbPath is /workspace/repos/paddle_ocr_vl_npu/tmp/09_persistent_page_engine/text_decode_lab/mineru_paddle_b1_k4096_compare/paddle_combined_profile/b1_k4096_p2048_pipe_20260805_182126/liteserver-c001-4_2918463_20260805182126154_ascend_pt/PROF_000001_20260805182126183_02918463FLKJRCHB/device_6/sqlite/metric_summary.db, column name is aic_mte1_ratio_extra.
2026-08-05 18:21:28 [INFO] [2919388] [2919393] [db_runner.h:79] Start query data
2026-08-05 18:21:28 [INFO] [2919388] [2919393] [db_runner.h:90] Query data success: SELECT stream_id, task_id, subtask_id,  batch_id, aic_mte1_ratio_extra FROM MetricSummary
2026-08-05 18:21:28 [INFO] [2919388] [2919393] [unified_pmu_processor.cpp:239] FormatTaskBasedData.
2026-08-05 18:21:28 [INFO] [2919388] [2919393] [unified_pmu_processor.cpp:190] GetTaskBasedData, dbPath is /workspace/repos/paddle_ocr_vl_npu/tmp/09_persistent_page_engine/text_decode_lab/mineru_paddle_b1_k4096_compare/paddle_combined_profile/b1_k4096_p2048_pipe_20260805_182126/liteserver-c001-4_2918463_20260805182126154_ascend_pt/PROF_000001_20260805182126183_02918463FLKJRCHB/device_6/sqlite/metric_summary.db, column name is aic_mte2_time.
2026-08-05 18:21:28 [INFO] [2919388] [2919393] [db_runner.h:79] Start query data
2026-08-05 18:21:28 [INFO] [2919388] [2919395] [db_runner.h:90] Query data success: SELECT ROUND(aic_scalar_time, 3) FROM MetricSummary
2026-08-05 18:21:28 [INFO] [2919388] [2919395] [db_runner.h:79] Start query data
2026-08-05 18:21:28 [INFO] [2919388] [2919393] [db_runner.h:90] Query data success: SELECT stream_id, task_id, subtask_id,  batch_id, aic_mte2_time FROM MetricSummary
2026-08-05 18:21:28 [INFO] [2919388] [2919393] [unified_pmu_processor.cpp:239] FormatTaskBasedData.
2026-08-05 18:21:28 [INFO] [2919388] [2919393] [unified_pmu_processor.cpp:190] GetTaskBasedData, dbPath is /workspace/repos/paddle_ocr_vl_npu/tmp/09_persistent_page_engine/text_decode_lab/mineru_paddle_b1_k4096_compare/paddle_combined_profile/b1_k4096_p2048_pipe_20260805_182126/liteserver-c001-4_2918463_20260805182126154_ascend_pt/PROF_000001_20260805182126183_02918463FLKJRCHB/device_6/sqlite/metric_summary.db, column name is aic_mte2_ratio.
2026-08-05 18:21:28 [INFO] [2919388] [2919393] [db_runner.h:79] Start query data
2026-08-05 18:21:28 [INFO] [2919388] [2919393] [db_runner.h:90] Query data success: SELECT stream_id, task_id, subtask_id,  batch_id, aic_mte2_ratio FROM MetricSummary
2026-08-05 18:21:28 [INFO] [2919388] [2919393] [unified_pmu_processor.cpp:239] FormatTaskBasedData.
2026-08-05 18:21:28 [INFO] [2919388] [2919393] [unified_pmu_processor.cpp:190] GetTaskBasedData, dbPath is /workspace/repos/paddle_ocr_vl_npu/tmp/09_persistent_page_engine/text_decode_lab/mineru_paddle_b1_k4096_compare/paddle_combined_profile/b1_k4096_p2048_pipe_20260805_182126/liteserver-c001-4_2918463_20260805182126154_ascend_pt/PROF_000001_20260805182126183_02918463FLKJRCHB/device_6/sqlite/metric_summary.db, column name is aic_fixpipe_time.
2026-08-05 18:21:28 [INFO] [2919388] [2919393] [db_runner.h:79] Start query data
2026-08-05 18:21:28 [INFO] [2919388] [2919395] [db_runner.h:90] Query data success: SELECT ROUND(aic_scalar_ratio, 3) FROM MetricSummary
2026-08-05 18:21:28 [INFO] [2919388] [2919395] [db_runner.h:79] Start query data
2026-08-05 18:21:28 [INFO] [2919388] [2919393] [db_runner.h:90] Query data success: SELECT stream_id, task_id, subtask_id,  batch_id, aic_fixpipe_time FROM MetricSummary
2026-08-05 18:21:28 [INFO] [2919388] [2919393] [unified_pmu_processor.cpp:239] FormatTaskBasedData.
2026-08-05 18:21:28 [INFO] [2919388] [2919393] [unified_pmu_processor.cpp:190] GetTaskBasedData, dbPath is /workspace/repos/paddle_ocr_vl_npu/tmp/09_persistent_page_engine/text_decode_lab/mineru_paddle_b1_k4096_compare/paddle_combined_profile/b1_k4096_p2048_pipe_20260805_182126/liteserver-c001-4_2918463_20260805182126154_ascend_pt/PROF_000001_20260805182126183_02918463FLKJRCHB/device_6/sqlite/metric_summary.db, column name is aic_fixpipe_ratio.
2026-08-05 18:21:28 [INFO] [2919388] [2919393] [db_runner.h:79] Start query data
2026-08-05 18:21:28 [INFO] [2919388] [2919393] [db_runner.h:90] Query data success: SELECT stream_id, task_id, subtask_id,  batch_id, aic_fixpipe_ratio FROM MetricSummary
2026-08-05 18:21:28 [INFO] [2919388] [2919393] [unified_pmu_processor.cpp:239] FormatTaskBasedData.
2026-08-05 18:21:28 [INFO] [2919388] [2919393] [unified_pmu_processor.cpp:190] GetTaskBasedData, dbPath is /workspace/repos/paddle_ocr_vl_npu/tmp/09_persistent_page_engine/text_decode_lab/mineru_paddle_b1_k4096_compare/paddle_combined_profile/b1_k4096_p2048_pipe_20260805_182126/liteserver-c001-4_2918463_20260805182126154_ascend_pt/PROF_000001_20260805182126183_02918463FLKJRCHB/device_6/sqlite/metric_summary.db, column name is aic_icache_miss_rate.
2026-08-05 18:21:28 [INFO] [2919388] [2919393] [db_runner.h:79] Start query data
2026-08-05 18:21:28 [INFO] [2919388] [2919395] [db_runner.h:90] Query data success: SELECT ROUND(aic_mte1_time, 3) FROM MetricSummary
2026-08-05 18:21:28 [INFO] [2919388] [2919395] [db_runner.h:79] Start query data
2026-08-05 18:21:28 [INFO] [2919388] [2919393] [db_runner.h:90] Query data success: SELECT stream_id, task_id, subtask_id,  batch_id, aic_icache_miss_rate FROM MetricSummary
2026-08-05 18:21:28 [INFO] [2919388] [2919393] [unified_pmu_processor.cpp:239] FormatTaskBasedData.
2026-08-05 18:21:28 [INFO] [2919388] [2919393] [unified_pmu_processor.cpp:190] GetTaskBasedData, dbPath is /workspace/repos/paddle_ocr_vl_npu/tmp/09_persistent_page_engine/text_decode_lab/mineru_paddle_b1_k4096_compare/paddle_combined_profile/b1_k4096_p2048_pipe_20260805_182126/liteserver-c001-4_2918463_20260805182126154_ascend_pt/PROF_000001_20260805182126183_02918463FLKJRCHB/device_6/sqlite/metric_summary.db, column name is aiv_total_time.
2026-08-05 18:21:28 [INFO] [2919388] [2919393] [db_runner.h:79] Start query data
2026-08-05 18:21:28 [INFO] [2919388] [2919393] [db_runner.h:90] Query data success: SELECT stream_id, task_id, subtask_id,  batch_id, aiv_total_time FROM MetricSummary
2026-08-05 18:21:28 [INFO] [2919388] [2919393] [unified_pmu_processor.cpp:239] FormatTaskBasedData.
2026-08-05 18:21:28 [INFO] [2919388] [2919393] [unified_pmu_processor.cpp:190] GetTaskBasedData, dbPath is /workspace/repos/paddle_ocr_vl_npu/tmp/09_persistent_page_engine/text_decode_lab/mineru_paddle_b1_k4096_compare/paddle_combined_profile/b1_k4096_p2048_pipe_20260805_182126/liteserver-c001-4_2918463_20260805182126154_ascend_pt/PROF_000001_20260805182126183_02918463FLKJRCHB/device_6/sqlite/metric_summary.db, column name is aiv_total_cycles.
2026-08-05 18:21:28 [INFO] [2919388] [2919393] [db_runner.h:79] Start query data
2026-08-05 18:21:28 [INFO] [2919388] [2919395] [db_runner.h:90] Query data success: SELECT ROUND(aic_mte1_ratio_extra, 3) FROM MetricSummary
2026-08-05 18:21:28 [INFO] [2919388] [2919393] [db_runner.h:90] Query data success: SELECT stream_id, task_id, subtask_id,  batch_id, aiv_total_cycles FROM MetricSummary
2026-08-05 18:21:28 [INFO] [2919388] [2919393] [unified_pmu_processor.cpp:239] FormatTaskBasedData.
2026-08-05 18:21:28 [INFO] [2919388] [2919395] [db_runner.h:79] Start query data
2026-08-05 18:21:28 [INFO] [2919388] [2919393] [unified_pmu_processor.cpp:190] GetTaskBasedData, dbPath is /workspace/repos/paddle_ocr_vl_npu/tmp/09_persistent_page_engine/text_decode_lab/mineru_paddle_b1_k4096_compare/paddle_combined_profile/b1_k4096_p2048_pipe_20260805_182126/liteserver-c001-4_2918463_20260805182126154_ascend_pt/PROF_000001_20260805182126183_02918463FLKJRCHB/device_6/sqlite/metric_summary.db, column name is aiv_vec_time.
2026-08-05 18:21:28 [INFO] [2919388] [2919393] [db_runner.h:79] Start query data
2026-08-05 18:21:28 [INFO] [2919388] [2919393] [db_runner.h:90] Query data success: SELECT stream_id, task_id, subtask_id,  batch_id, aiv_vec_time FROM MetricSummary
2026-08-05 18:21:28 [INFO] [2919388] [2919393] [unified_pmu_processor.cpp:239] FormatTaskBasedData.
2026-08-05 18:21:28 [INFO] [2919388] [2919393] [unified_pmu_processor.cpp:190] GetTaskBasedData, dbPath is /workspace/repos/paddle_ocr_vl_npu/tmp/09_persistent_page_engine/text_decode_lab/mineru_paddle_b1_k4096_compare/paddle_combined_profile/b1_k4096_p2048_pipe_20260805_182126/liteserver-c001-4_2918463_20260805182126154_ascend_pt/PROF_000001_20260805182126183_02918463FLKJRCHB/device_6/sqlite/metric_summary.db, column name is aiv_vec_ratio.
2026-08-05 18:21:28 [INFO] [2919388] [2919393] [db_runner.h:79] Start query data
2026-08-05 18:21:28 [INFO] [2919388] [2919395] [db_runner.h:90] Query data success: SELECT ROUND(aic_mte2_time, 3) FROM MetricSummary
2026-08-05 18:21:28 [INFO] [2919388] [2919393] [db_runner.h:90] Query data success: SELECT stream_id, task_id, subtask_id,  batch_id, aiv_vec_ratio FROM MetricSummary
2026-08-05 18:21:28 [INFO] [2919388] [2919395] [db_runner.h:79] Start query data
2026-08-05 18:21:28 [INFO] [2919388] [2919393] [unified_pmu_processor.cpp:239] FormatTaskBasedData.
2026-08-05 18:21:28 [INFO] [2919388] [2919393] [unified_pmu_processor.cpp:190] GetTaskBasedData, dbPath is /workspace/repos/paddle_ocr_vl_npu/tmp/09_persistent_page_engine/text_decode_lab/mineru_paddle_b1_k4096_compare/paddle_combined_profile/b1_k4096_p2048_pipe_20260805_182126/liteserver-c001-4_2918463_20260805182126154_ascend_pt/PROF_000001_20260805182126183_02918463FLKJRCHB/device_6/sqlite/metric_summary.db, column name is aiv_mac_time.
2026-08-05 18:21:28 [INFO] [2919388] [2919393] [db_runner.h:79] Start query data
2026-08-05 18:21:28 [INFO] [2919388] [2919393] [db_runner.h:90] Query data success: SELECT stream_id, task_id, subtask_id,  batch_id, aiv_mac_time FROM MetricSummary
2026-08-05 18:21:28 [INFO] [2919388] [2919393] [unified_pmu_processor.cpp:239] FormatTaskBasedData.
2026-08-05 18:21:28 [INFO] [2919388] [2919393] [unified_pmu_processor.cpp:190] GetTaskBasedData, dbPath is /workspace/repos/paddle_ocr_vl_npu/tmp/09_persistent_page_engine/text_decode_lab/mineru_paddle_b1_k4096_compare/paddle_combined_profile/b1_k4096_p2048_pipe_20260805_182126/liteserver-c001-4_2918463_20260805182126154_ascend_pt/PROF_000001_20260805182126183_02918463FLKJRCHB/device_6/sqlite/metric_summary.db, column name is aiv_mac_ratio.
2026-08-05 18:21:28 [INFO] [2919388] [2919393] [db_runner.h:79] Start query data
2026-08-05 18:21:28 [INFO] [2919388] [2919395] [db_runner.h:90] Query data success: SELECT ROUND(aic_mte2_ratio, 3) FROM MetricSummary
2026-08-05 18:21:28 [INFO] [2919388] [2919395] [db_runner.h:79] Start query data
2026-08-05 18:21:28 [INFO] [2919388] [2919393] [db_runner.h:90] Query data success: SELECT stream_id, task_id, subtask_id,  batch_id, aiv_mac_ratio FROM MetricSummary
2026-08-05 18:21:28 [INFO] [2919388] [2919393] [unified_pmu_processor.cpp:239] FormatTaskBasedData.
2026-08-05 18:21:28 [INFO] [2919388] [2919393] [unified_pmu_processor.cpp:190] GetTaskBasedData, dbPath is /workspace/repos/paddle_ocr_vl_npu/tmp/09_persistent_page_engine/text_decode_lab/mineru_paddle_b1_k4096_compare/paddle_combined_profile/b1_k4096_p2048_pipe_20260805_182126/liteserver-c001-4_2918463_20260805182126154_ascend_pt/PROF_000001_20260805182126183_02918463FLKJRCHB/device_6/sqlite/metric_summary.db, column name is aiv_scalar_time.
2026-08-05 18:21:28 [INFO] [2919388] [2919393] [db_runner.h:79] Start query data
2026-08-05 18:21:28 [INFO] [2919388] [2919393] [db_runner.h:90] Query data success: SELECT stream_id, task_id, subtask_id,  batch_id, aiv_scalar_time FROM MetricSummary
2026-08-05 18:21:28 [INFO] [2919388] [2919393] [unified_pmu_processor.cpp:239] FormatTaskBasedData.
2026-08-05 18:21:28 [INFO] [2919388] [2919393] [unified_pmu_processor.cpp:190] GetTaskBasedData, dbPath is /workspace/repos/paddle_ocr_vl_npu/tmp/09_persistent_page_engine/text_decode_lab/mineru_paddle_b1_k4096_compare/paddle_combined_profile/b1_k4096_p2048_pipe_20260805_182126/liteserver-c001-4_2918463_20260805182126154_ascend_pt/PROF_000001_20260805182126183_02918463FLKJRCHB/device_6/sqlite/metric_summary.db, column name is aiv_scalar_ratio.
2026-08-05 18:21:28 [INFO] [2919388] [2919393] [db_runner.h:79] Start query data
2026-08-05 18:21:28 [INFO] [2919388] [2919395] [db_runner.h:90] Query data success: SELECT ROUND(aic_fixpipe_time, 3) FROM MetricSummary
2026-08-05 18:21:28 [INFO] [2919388] [2919395] [db_runner.h:79] Start query data
2026-08-05 18:21:28 [INFO] [2919388] [2919393] [db_runner.h:90] Query data success: SELECT stream_id, task_id, subtask_id,  batch_id, aiv_scalar_ratio FROM MetricSummary
2026-08-05 18:21:28 [INFO] [2919388] [2919393] [unified_pmu_processor.cpp:239] FormatTaskBasedData.
2026-08-05 18:21:28 [INFO] [2919388] [2919393] [unified_pmu_processor.cpp:190] GetTaskBasedData, dbPath is /workspace/repos/paddle_ocr_vl_npu/tmp/09_persistent_page_engine/text_decode_lab/mineru_paddle_b1_k4096_compare/paddle_combined_profile/b1_k4096_p2048_pipe_20260805_182126/liteserver-c001-4_2918463_20260805182126154_ascend_pt/PROF_000001_20260805182126183_02918463FLKJRCHB/device_6/sqlite/metric_summary.db, column name is aiv_mte1_time.
2026-08-05 18:21:28 [INFO] [2919388] [2919393] [db_runner.h:79] Start query data
2026-08-05 18:21:28 [INFO] [2919388] [2919393] [db_runner.h:90] Query data success: SELECT stream_id, task_id, subtask_id,  batch_id, aiv_mte1_time FROM MetricSummary
2026-08-05 18:21:28 [INFO] [2919388] [2919393] [unified_pmu_processor.cpp:239] FormatTaskBasedData.
2026-08-05 18:21:28 [INFO] [2919388] [2919393] [unified_pmu_processor.cpp:190] GetTaskBasedData, dbPath is /workspace/repos/paddle_ocr_vl_npu/tmp/09_persistent_page_engine/text_decode_lab/mineru_paddle_b1_k4096_compare/paddle_combined_profile/b1_k4096_p2048_pipe_20260805_182126/liteserver-c001-4_2918463_20260805182126154_ascend_pt/PROF_000001_20260805182126183_02918463FLKJRCHB/device_6/sqlite/metric_summary.db, column name is aiv_mte1_ratio.
2026-08-05 18:21:28 [INFO] [2919388] [2919393] [db_runner.h:79] Start query data
2026-08-05 18:21:28 [INFO] [2919388] [2919395] [db_runner.h:90] Query data success: SELECT ROUND(aic_fixpipe_ratio, 3) FROM MetricSummary
2026-08-05 18:21:28 [INFO] [2919388] [2919395] [db_runner.h:79] Start query data
2026-08-05 18:21:28 [INFO] [2919388] [2919393] [db_runner.h:90] Query data success: SELECT stream_id, task_id, subtask_id,  batch_id, aiv_mte1_ratio FROM MetricSummary
2026-08-05 18:21:28 [INFO] [2919388] [2919393] [unified_pmu_processor.cpp:239] FormatTaskBasedData.
2026-08-05 18:21:28 [INFO] [2919388] [2919393] [unified_pmu_processor.cpp:190] GetTaskBasedData, dbPath is /workspace/repos/paddle_ocr_vl_npu/tmp/09_persistent_page_engine/text_decode_lab/mineru_paddle_b1_k4096_compare/paddle_combined_profile/b1_k4096_p2048_pipe_20260805_182126/liteserver-c001-4_2918463_20260805182126154_ascend_pt/PROF_000001_20260805182126183_02918463FLKJRCHB/device_6/sqlite/metric_summary.db, column name is aiv_mte2_time.
2026-08-05 18:21:28 [INFO] [2919388] [2919393] [db_runner.h:79] Start query data
2026-08-05 18:21:28 [INFO] [2919388] [2919393] [db_runner.h:90] Query data success: SELECT stream_id, task_id, subtask_id,  batch_id, aiv_mte2_time FROM MetricSummary
2026-08-05 18:21:28 [INFO] [2919388] [2919393] [unified_pmu_processor.cpp:239] FormatTaskBasedData.
2026-08-05 18:21:28 [INFO] [2919388] [2919393] [unified_pmu_processor.cpp:190] GetTaskBasedData, dbPath is /workspace/repos/paddle_ocr_vl_npu/tmp/09_persistent_page_engine/text_decode_lab/mineru_paddle_b1_k4096_compare/paddle_combined_profile/b1_k4096_p2048_pipe_20260805_182126/liteserver-c001-4_2918463_20260805182126154_ascend_pt/PROF_000001_20260805182126183_02918463FLKJRCHB/device_6/sqlite/metric_summary.db, column name is aiv_mte2_ratio.
2026-08-05 18:21:28 [INFO] [2919388] [2919393] [db_runner.h:79] Start query data
2026-08-05 18:21:28 [INFO] [2919388] [2919395] [db_runner.h:90] Query data success: SELECT ROUND(aic_icache_miss_rate, 3) FROM MetricSummary
2026-08-05 18:21:28 [INFO] [2919388] [2919395] [db_runner.h:79] Start query data
2026-08-05 18:21:28 [INFO] [2919388] [2919393] [db_runner.h:90] Query data success: SELECT stream_id, task_id, subtask_id,  batch_id, aiv_mte2_ratio FROM MetricSummary
2026-08-05 18:21:28 [INFO] [2919388] [2919393] [unified_pmu_processor.cpp:239] FormatTaskBasedData.
2026-08-05 18:21:28 [INFO] [2919388] [2919393] [unified_pmu_processor.cpp:190] GetTaskBasedData, dbPath is /workspace/repos/paddle_ocr_vl_npu/tmp/09_persistent_page_engine/text_decode_lab/mineru_paddle_b1_k4096_compare/paddle_combined_profile/b1_k4096_p2048_pipe_20260805_182126/liteserver-c001-4_2918463_20260805182126154_ascend_pt/PROF_000001_20260805182126183_02918463FLKJRCHB/device_6/sqlite/metric_summary.db, column name is aiv_mte3_time.
2026-08-05 18:21:28 [INFO] [2919388] [2919393] [db_runner.h:79] Start query data
2026-08-05 18:21:28 [INFO] [2919388] [2919393] [db_runner.h:90] Query data success: SELECT stream_id, task_id, subtask_id,  batch_id, aiv_mte3_time FROM MetricSummary
2026-08-05 18:21:28 [INFO] [2919388] [2919393] [unified_pmu_processor.cpp:239] FormatTaskBasedData.
2026-08-05 18:21:28 [INFO] [2919388] [2919393] [unified_pmu_processor.cpp:190] GetTaskBasedData, dbPath is /workspace/repos/paddle_ocr_vl_npu/tmp/09_persistent_page_engine/text_decode_lab/mineru_paddle_b1_k4096_compare/paddle_combined_profile/b1_k4096_p2048_pipe_20260805_182126/liteserver-c001-4_2918463_20260805182126154_ascend_pt/PROF_000001_20260805182126183_02918463FLKJRCHB/device_6/sqlite/metric_summary.db, column name is aiv_mte3_ratio.
2026-08-05 18:21:28 [INFO] [2919388] [2919393] [db_runner.h:79] Start query data
2026-08-05 18:21:28 [INFO] [2919388] [2919395] [db_runner.h:90] Query data success: SELECT ROUND(aiv_total_time, 3) FROM MetricSummary
2026-08-05 18:21:28 [INFO] [2919388] [2919395] [db_runner.h:79] Start query data
2026-08-05 18:21:28 [INFO] [2919388] [2919393] [db_runner.h:90] Query data success: SELECT stream_id, task_id, subtask_id,  batch_id, aiv_mte3_ratio FROM MetricSummary
2026-08-05 18:21:28 [INFO] [2919388] [2919393] [unified_pmu_processor.cpp:239] FormatTaskBasedData.
2026-08-05 18:21:28 [INFO] [2919388] [2919393] [unified_pmu_processor.cpp:190] GetTaskBasedData, dbPath is /workspace/repos/paddle_ocr_vl_npu/tmp/09_persistent_page_engine/text_decode_lab/mineru_paddle_b1_k4096_compare/paddle_combined_profile/b1_k4096_p2048_pipe_20260805_182126/liteserver-c001-4_2918463_20260805182126154_ascend_pt/PROF_000001_20260805182126183_02918463FLKJRCHB/device_6/sqlite/metric_summary.db, column name is aiv_icache_miss_rate.
2026-08-05 18:21:28 [INFO] [2919388] [2919395] [db_runner.h:90] Query data success: SELECT aiv_total_cycles FROM MetricSummary
2026-08-05 18:21:28 [INFO] [2919388] [2919393] [db_runner.h:79] Start query data
2026-08-05 18:21:28 [INFO] [2919388] [2919395] [db_runner.h:79] Start query data
2026-08-05 18:21:28 [INFO] [2919388] [2919393] [db_runner.h:90] Query data success: SELECT stream_id, task_id, subtask_id,  batch_id, aiv_icache_miss_rate FROM MetricSummary
2026-08-05 18:21:28 [INFO] [2919388] [2919393] [unified_pmu_processor.cpp:239] FormatTaskBasedData.
2026-08-05 18:21:28 [INFO] [2919388] [2919393] [data_processor.h:80] Save TASK_PMU_INFO data into dataInventory
2026-08-05 18:21:28 [INFO] [2919388] [2919395] [db_runner.h:90] Query data success: SELECT ROUND(aiv_vec_time, 3) FROM MetricSummary
2026-08-05 18:21:28 [INFO] [2919388] [2919395] [db_runner.h:79] Start query data
2026-08-05 18:21:28 [INFO] [2919388] [2919395] [db_runner.h:90] Query data success: SELECT ROUND(aiv_vec_ratio, 3) FROM MetricSummary
2026-08-05 18:21:28 [INFO] [2919388] [2919395] [db_runner.h:79] Start query data
2026-08-05 18:21:28 [INFO] [2919388] [2919395] [db_runner.h:90] Query data success: SELECT ROUND(aiv_scalar_time, 3) FROM MetricSummary
2026-08-05 18:21:28 [INFO] [2919388] [2919395] [db_runner.h:79] Start query data
2026-08-05 18:21:28 [INFO] [2919388] [2919395] [db_runner.h:90] Query data success: SELECT ROUND(aiv_scalar_ratio, 3) FROM MetricSummary
2026-08-05 18:21:28 [INFO] [2919388] [2919395] [db_runner.h:79] Start query data
2026-08-05 18:21:28 [INFO] [2919388] [2919395] [db_runner.h:90] Query data success: SELECT ROUND(aiv_mte2_time, 3) FROM MetricSummary
2026-08-05 18:21:28 [INFO] [2919388] [2919395] [db_runner.h:79] Start query data
2026-08-05 18:21:28 [INFO] [2919388] [2919395] [db_runner.h:90] Query data success: SELECT ROUND(aiv_mte2_ratio, 3) FROM MetricSummary
2026-08-05 18:21:28 [INFO] [2919388] [2919395] [db_runner.h:79] Start query data
2026-08-05 18:21:28 [INFO] [2919388] [2919395] [db_runner.h:90] Query data success: SELECT ROUND(aiv_mte3_time, 3) FROM MetricSummary
2026-08-05 18:21:28 [INFO] [2919388] [2919395] [db_runner.h:79] Start query data
2026-08-05 18:21:28 [INFO] [2919388] [2919395] [db_runner.h:90] Query data success: SELECT ROUND(aiv_mte3_ratio, 3) FROM MetricSummary
2026-08-05 18:21:28 [INFO] [2919388] [2919395] [db_runner.h:79] Start query data
2026-08-05 18:21:28 [INFO] [2919388] [2919395] [db_runner.h:90] Query data success: SELECT ROUND(aiv_icache_miss_rate, 3) FROM MetricSummary
2026-08-05 18:21:28 [INFO] [2919388] [2919395] [db_runner.h:79] Start query data
2026-08-05 18:21:28 [INFO] [2919388] [2919395] [db_runner.h:90] Query data success: SELECT subtask_id FROM MetricSummary
2026-08-05 18:21:28 [INFO] [2919388] [2919395] [db_runner.h:79] Start query data
2026-08-05 18:21:28 [INFO] [2919388] [2919395] [db_runner.h:90] Query data success: SELECT stream_id FROM MetricSummary
2026-08-05 18:21:28 [INFO] [2919388] [2919395] [db_runner.h:79] Start query data
2026-08-05 18:21:28 [INFO] [2919388] [2919395] [db_runner.h:90] Query data success: SELECT task_id FROM MetricSummary
2026-08-05 18:21:28 [INFO] [2919388] [2919395] [db_runner.h:79] Start query data
2026-08-05 18:21:28 [INFO] [2919388] [2919395] [db_runner.h:90] Query data success: SELECT batch_id FROM MetricSummary
2026-08-05 18:21:28 [INFO] [2919388] [2919395] [metric_processor.cpp:298] FormatTaskBasedData.
2026-08-05 18:21:28 [INFO] [2919388] [2919395] [metric_processor.cpp:356] Calculating memory bound...
2026-08-05 18:21:28 [INFO] [2919388] [2919395] [metric_processor.cpp:359] can't find memory bound needed column, no memory bound data added.
2026-08-05 18:21:28 [INFO] [2919388] [2919395] [metric_processor.cpp:464] Add cube usage
2026-08-05 18:21:28 [INFO] [2919388] [2919395] [metric_processor.cpp:455] Get freq (1800) and coreNum (24), path is /workspace/repos/paddle_ocr_vl_npu/tmp/09_persistent_page_engine/text_decode_lab/mineru_paddle_b1_k4096_compare/paddle_combined_profile/b1_k4096_p2048_pipe_20260805_182126/liteserver-c001-4_2918463_20260805182126154_ascend_pt/PROF_000001_20260805182126183_02918463FLKJRCHB, deviceId is 6.
2026-08-05 18:21:28 [INFO] [2919388] [2919399] [summary_manager.cpp:58] Start exporting summary!
2026-08-05 18:21:28 [INFO] [2919388] [2919400] [db_assembler.cpp:1235] Start exporting db!
2026-08-05 18:21:28 [INFO] [2919388] [2919402] [summary_assembler.h:37] Begin to Assemble OP_SUMMARY data
2026-08-05 18:21:28 [INFO] [2919388] [2919405] [summary_assembler.h:37] Begin to Assemble COMMUNICATION_STATISTIC data
2026-08-05 18:21:28 [INFO] [2919388] [2919404] [summary_assembler.h:37] Begin to Assemble OP_STATISTIC data
2026-08-05 18:21:28 [INFO] [2919388] [2919403] [summary_assembler.h:37] Begin to Assemble NPU_MEM data
2026-08-05 18:21:28 [WARN] [2919388] [2919403] [npu_memory_assembler.cpp:36] No data to export npu memory summary
2026-08-05 18:21:28 [WARN] [2919388] [2919403] [summary_assembler.h:43] No need to Export NPU_MEM data
2026-08-05 18:21:28 [INFO] [2919388] [2919403] [summary_assembler.h:37] Begin to Assemble API data
2026-08-05 18:21:28 [INFO] [2919388] [2919406] [summary_assembler.h:37] Begin to Assemble NPU_MODULE_MEM data
2026-08-05 18:21:28 [WARN] [2919388] [2919406] [npu_module_mem_assembler.cpp:45] No data to export npu module memory summary
2026-08-05 18:21:28 [WARN] [2919388] [2919406] [summary_assembler.h:43] No need to Export NPU_MODULE_MEM data
2026-08-05 18:21:28 [INFO] [2919388] [2919406] [summary_assembler.h:37] Begin to Assemble FUSION_OP data
2026-08-05 18:21:28 [WARN] [2919388] [2919406] [fusion_op_assembler.cpp:72] fusion op data not exist.
2026-08-05 18:21:28 [WARN] [2919388] [2919406] [summary_assembler.h:43] No need to Export FUSION_OP data
2026-08-05 18:21:28 [WARN] [2919388] [2919405] [comm_statistic_assembler.cpp:60] Communication Statistic data not exist.
2026-08-05 18:21:28 [INFO] [2919388] [2919406] [summary_assembler.h:37] Begin to Assemble TASK_TIME_SUMMARY data
2026-08-05 18:21:28 [WARN] [2919388] [2919405] [summary_assembler.h:43] No need to Export COMMUNICATION_STATISTIC data
2026-08-05 18:21:28 [INFO] [2919388] [2919405] [summary_assembler.h:37] Begin to Assemble STEP_TRACE data
2026-08-05 18:21:28 [WARN] [2919388] [2919405] [summary_step_trace_assembler.cpp:69] No all reduce data collected, maybe the all_reduce table is not created, now try to export data with no all reduce
2026-08-05 18:21:28 [INFO] [2919388] [2919405] [csv_writer.cpp:81] Start dump /workspace/repos/paddle_ocr_vl_npu/tmp/09_persistent_page_engine/text_decode_lab/mineru_paddle_b1_k4096_compare/paddle_combined_profile/b1_k4096_p2048_pipe_20260805_182126/liteserver-c001-4_2918463_20260805182126154_ascend_pt/PROF_000001_20260805182126183_02918463FLKJRCHB/mindstudio_profiler_output/step_trace.csv, timestamp is 20260805182128.
2026-08-05 18:21:28 [INFO] [2919388] [2919404] [csv_writer.cpp:81] Start dump /workspace/repos/paddle_ocr_vl_npu/tmp/09_persistent_page_engine/text_decode_lab/mineru_paddle_b1_k4096_compare/paddle_combined_profile/b1_k4096_p2048_pipe_20260805_182126/liteserver-c001-4_2918463_20260805182126154_ascend_pt/PROF_000001_20260805182126183_02918463FLKJRCHB/mindstudio_profiler_output/op_statistic.csv, timestamp is 20260805182128.
2026-08-05 18:21:28 [INFO] [2919388] [2919405] [file.cpp:399] The file not exists: /workspace/repos/paddle_ocr_vl_npu/tmp/09_persistent_page_engine/text_decode_lab/mineru_paddle_b1_k4096_compare/paddle_combined_profile/b1_k4096_p2048_pipe_20260805_182126/liteserver-c001-4_2918463_20260805182126154_ascend_pt/PROF_000001_20260805182126183_02918463FLKJRCHB/mindstudio_profiler_output/step_trace_20260805182128.csv.
2026-08-05 18:21:28 [INFO] [2919388] [2919400] [db_assembler.cpp:1168] Find completed msprof db, /workspace/repos/paddle_ocr_vl_npu/tmp/09_persistent_page_engine/text_decode_lab/mineru_paddle_b1_k4096_compare/paddle_combined_profile/b1_k4096_p2048_pipe_20260805_182126/liteserver-c001-4_2918463_20260805182126154_ascend_pt/PROF_000001_20260805182126183_02918463FLKJRCHB/msprof_20260805182127.db.
2026-08-05 18:21:28 [INFO] [2919388] [2919404] [file.cpp:399] The file not exists: /workspace/repos/paddle_ocr_vl_npu/tmp/09_persistent_page_engine/text_decode_lab/mineru_paddle_b1_k4096_compare/paddle_combined_profile/b1_k4096_p2048_pipe_20260805_182126/liteserver-c001-4_2918463_20260805182126154_ascend_pt/PROF_000001_20260805182126183_02918463FLKJRCHB/mindstudio_profiler_output/op_statistic_20260805182128.csv.
2026-08-05 18:21:28 [INFO] [2919388] [2919403] [csv_writer.cpp:81] Start dump /workspace/repos/paddle_ocr_vl_npu/tmp/09_persistent_page_engine/text_decode_lab/mineru_paddle_b1_k4096_compare/paddle_combined_profile/b1_k4096_p2048_pipe_20260805_182126/liteserver-c001-4_2918463_20260805182126154_ascend_pt/PROF_000001_20260805182126183_02918463FLKJRCHB/mindstudio_profiler_output/api_statistic.csv, timestamp is 20260805182128.
2026-08-05 18:21:28 [INFO] [2919388] [2919405] [csv_writer.cpp:88] Generate /workspace/repos/paddle_ocr_vl_npu/tmp/09_persistent_page_engine/text_decode_lab/mineru_paddle_b1_k4096_compare/paddle_combined_profile/b1_k4096_p2048_pipe_20260805_182126/liteserver-c001-4_2918463_20260805182126154_ascend_pt/PROF_000001_20260805182126183_02918463FLKJRCHB/mindstudio_profiler_output/step_trace.csv finished, timestamp is 20260805182128.
2026-08-05 18:21:28 [INFO] [2919388] [2919405] [summary_assembler.h:40] Assemble and export STEP_TRACE data success
2026-08-05 18:21:28 [INFO] [2919388] [2919403] [file.cpp:399] The file not exists: /workspace/repos/paddle_ocr_vl_npu/tmp/09_persistent_page_engine/text_decode_lab/mineru_paddle_b1_k4096_compare/paddle_combined_profile/b1_k4096_p2048_pipe_20260805_182126/liteserver-c001-4_2918463_20260805182126154_ascend_pt/PROF_000001_20260805182126183_02918463FLKJRCHB/mindstudio_profiler_output/api_statistic_20260805182128.csv.
2026-08-05 18:21:28 [INFO] [2919388] [2919404] [csv_writer.cpp:88] Generate /workspace/repos/paddle_ocr_vl_npu/tmp/09_persistent_page_engine/text_decode_lab/mineru_paddle_b1_k4096_compare/paddle_combined_profile/b1_k4096_p2048_pipe_20260805_182126/liteserver-c001-4_2918463_20260805182126154_ascend_pt/PROF_000001_20260805182126183_02918463FLKJRCHB/mindstudio_profiler_output/op_statistic.csv finished, timestamp is 20260805182128.
2026-08-05 18:21:28 [INFO] [2919388] [2919404] [summary_assembler.h:40] Assemble and export OP_STATISTIC data success
2026-08-05 18:21:28 [INFO] [2919388] [2919403] [csv_writer.cpp:88] Generate /workspace/repos/paddle_ocr_vl_npu/tmp/09_persistent_page_engine/text_decode_lab/mineru_paddle_b1_k4096_compare/paddle_combined_profile/b1_k4096_p2048_pipe_20260805_182126/liteserver-c001-4_2918463_20260805182126154_ascend_pt/PROF_000001_20260805182126183_02918463FLKJRCHB/mindstudio_profiler_output/api_statistic.csv finished, timestamp is 20260805182128.
2026-08-05 18:21:28 [INFO] [2919388] [2919403] [summary_assembler.h:40] Assemble and export API data success
2026-08-05 18:21:28 [INFO] [2919388] [2919406] [csv_writer.cpp:81] Start dump /workspace/repos/paddle_ocr_vl_npu/tmp/09_persistent_page_engine/text_decode_lab/mineru_paddle_b1_k4096_compare/paddle_combined_profile/b1_k4096_p2048_pipe_20260805_182126/liteserver-c001-4_2918463_20260805182126154_ascend_pt/PROF_000001_20260805182126183_02918463FLKJRCHB/mindstudio_profiler_output/task_time.csv, timestamp is 20260805182128.
2026-08-05 18:21:28 [INFO] [2919388] [2919406] [file.cpp:399] The file not exists: /workspace/repos/paddle_ocr_vl_npu/tmp/09_persistent_page_engine/text_decode_lab/mineru_paddle_b1_k4096_compare/paddle_combined_profile/b1_k4096_p2048_pipe_20260805_182126/liteserver-c001-4_2918463_20260805182126154_ascend_pt/PROF_000001_20260805182126183_02918463FLKJRCHB/mindstudio_profiler_output/task_time_20260805182128.csv.
2026-08-05 18:21:28 [INFO] [2919388] [2919406] [csv_writer.cpp:88] Generate /workspace/repos/paddle_ocr_vl_npu/tmp/09_persistent_page_engine/text_decode_lab/mineru_paddle_b1_k4096_compare/paddle_combined_profile/b1_k4096_p2048_pipe_20260805_182126/liteserver-c001-4_2918463_20260805182126154_ascend_pt/PROF_000001_20260805182126183_02918463FLKJRCHB/mindstudio_profiler_output/task_time.csv finished, timestamp is 20260805182128.
2026-08-05 18:21:28 [INFO] [2919388] [2919406] [summary_assembler.h:40] Assemble and export TASK_TIME_SUMMARY data success
2026-08-05 18:21:28 [INFO] [2919388] [2919402] [csv_writer.cpp:81] Start dump /workspace/repos/paddle_ocr_vl_npu/tmp/09_persistent_page_engine/text_decode_lab/mineru_paddle_b1_k4096_compare/paddle_combined_profile/b1_k4096_p2048_pipe_20260805_182126/liteserver-c001-4_2918463_20260805182126154_ascend_pt/PROF_000001_20260805182126183_02918463FLKJRCHB/mindstudio_profiler_output/op_summary.csv, timestamp is 20260805182128.
2026-08-05 18:21:28 [INFO] [2919388] [2919402] [file.cpp:399] The file not exists: /workspace/repos/paddle_ocr_vl_npu/tmp/09_persistent_page_engine/text_decode_lab/mineru_paddle_b1_k4096_compare/paddle_combined_profile/b1_k4096_p2048_pipe_20260805_182126/liteserver-c001-4_2918463_20260805182126154_ascend_pt/PROF_000001_20260805182126183_02918463FLKJRCHB/mindstudio_profiler_output/op_summary_20260805182128.csv.
2026-08-05 18:21:28 [INFO] [2919388] [2919402] [csv_writer.cpp:88] Generate /workspace/repos/paddle_ocr_vl_npu/tmp/09_persistent_page_engine/text_decode_lab/mineru_paddle_b1_k4096_compare/paddle_combined_profile/b1_k4096_p2048_pipe_20260805_182126/liteserver-c001-4_2918463_20260805182126154_ascend_pt/PROF_000001_20260805182126183_02918463FLKJRCHB/mindstudio_profiler_output/op_summary.csv finished, timestamp is 20260805182128.
2026-08-05 18:21:28 [INFO] [2919388] [2919402] [summary_assembler.h:40] Assemble and export OP_SUMMARY data success
