Waiting for NPU worker pid=83398
EXP09_SETUP {"stage":"frontend","status":"start"}
EXP09_SETUP {"stage":"frontend","status":"done","elapsed_s":0.893276}
EXP09_SETUP {"stage":"model_load","status":"start"}
EXP09_SETUP {"stage":"model_load","status":"done","elapsed_s":11.275566}
EXP09_SETUP {"stage":"decode_lm_head","status":"start"}
EXP09_SETUP {"stage":"decode_lm_head","status":"done","elapsed_s":0.000114}
EXP09_SETUP {"stage":"vision_mlp_padding","status":"start"}
EXP09_SETUP {"stage":"vision_mlp_padding","status":"done","elapsed_s":0.028862}
EXP09_SETUP {"stage":"vision_attention_weight_padding","status":"start"}
EXP09_SETUP {"stage":"vision_attention_weight_padding","status":"done","elapsed_s":0.069103}
EXP09_SETUP {"stage":"vision_weight_format","status":"start"}
EXP09_SETUP {"stage":"vision_weight_format","status":"done","elapsed_s":5.986567}
EXP09_SETUP {"stage":"decode_optimization_setup","status":"start"}
EXP09_SETUP {"stage":"decode_optimization_setup","status":"done","elapsed_s":0.536619}
EXP09_SETUP {"stage":"decode_weight_format","status":"start"}
EXP09_SETUP {"stage":"decode_weight_format","status":"done","elapsed_s":0.019339}
EXP09_SETUP {"stage":"vision_runtime","status":"start"}
EXP09_SETUP {"stage":"vision_runtime","status":"done","elapsed_s":6.387457}
EXP09_SETUP {"stage":"text_prefill_runtime","status":"start"}
EXP09_SETUP {"stage":"text_prefill_runtime","status":"done","elapsed_s":3.304715}
EXP09_SETUP {"stage":"text_decode_runtime","status":"start"}
..EXP09_SETUP {"stage":"text_decode_runtime","status":"done","elapsed_s":21.003296}
EXP09_SETUP {"stage":"private_cache_pool","status":"start"}
EXP09_SETUP {"stage":"private_cache_pool","status":"done","elapsed_s":0.006493}
EXP09_SETUP {"stage":"decode_control","status":"start"}
EXP09_SETUP {"stage":"decode_control","status":"done","elapsed_s":0.003392}
EXP09_SETUP {"stage":"recognizer_runtime","status":"done","elapsed_s":50.354531}
EXP09_SETUP_GC {"enabled": true, "setup_collected": 31357, "frozen_objects": 677697, "gc_remains_enabled": true, "setup_wall_s": 0.46515168999940215}
READY http://127.0.0.1:8767 worker_pid=83398
HTTP 127.0.0.1 "GET /ready HTTP/1.1" 200 -
HTTP 127.0.0.1 "GET /ready HTTP/1.1" 200 -
HTTP 127.0.0.1 "POST /v1/ocr?crop_type=table&request_id=client-001-page_001272_table_1&source_request_id=page_001272_table_1 HTTP/1.1" 200 -
SERVICE_SUMMARY /workspace/repos/table_step1_be691de1_20260910/tmp/19_table_ocr_serving/lm_head_ab_20260911/b8_full_compile_warm/b8/service.json
