4cf871c9433b6120a0741cd42d1021243e3d482b
physical_device=7
python=/workspace/venvs/vllm_paddle_ocr_pipeline_py312/bin/python
model=/workspace/models/unirec-0.1b
layout_model=/workspace/models/PP-DocLayoutV2_safetensors
compile_cache=/workspace/repos/paddle_ocr_vl_npu/.runtime_cache/12_unirec_0_1b_inference/opendoc_batched_decode_a372dbf
torch=2.10.0+cpu
torch_npu=2.10.0
+------------------------------------------------------------------------------------------------+
| npu-smi 25.0.rc1.1               Version: 25.0.rc1.1                                           |
+---------------------------+---------------+----------------------------------------------------+
| NPU   Name                | Health        | Power(W)    Temp(C)           Hugepages-Usage(page)|
| Chip                      | Bus-Id        | AICore(%)   Memory-Usage(MB)  HBM-Usage(MB)        |
+===========================+===============+====================================================+
| 0     910B2               | OK            | 107.5       47                0    / 0             |
| 0                         | 0000:C1:00.0  | 0           0    / 0          3432 / 65536         |
+===========================+===============+====================================================+
| 1     910B2               | OK            | 102.2       47                0    / 0             |
| 0                         | 0000:01:00.0  | 0           0    / 0          3417 / 65536         |
+===========================+===============+====================================================+
| 2     910B2               | OK            | 103.5       48                0    / 0             |
| 0                         | 0000:C2:00.0  | 0           0    / 0          47133/ 65536         |
+===========================+===============+====================================================+
| 3     910B2               | OK            | 101.9       47                0    / 0             |
| 0                         | 0000:02:00.0  | 0           0    / 0          3424 / 65536         |
+===========================+===============+====================================================+
| 4     910B2               | OK            | 102.3       47                0    / 0             |
| 0                         | 0000:81:00.0  | 0           0    / 0          3421 / 65536         |
+===========================+===============+====================================================+
| 5     910B2               | OK            | 102.2       47                0    / 0             |
| 0                         | 0000:41:00.0  | 0           0    / 0          3426 / 65536         |
+===========================+===============+====================================================+
| 6     910B2               | OK            | 102.9       48                0    / 0             |
| 0                         | 0000:82:00.0  | 0           0    / 0          3426 / 65536         |
+===========================+===============+====================================================+
| 7     910B2               | OK            | 102.3       48                0    / 0             |
| 0                         | 0000:42:00.0  | 0           0    / 0          3425 / 65536         |
+===========================+===============+====================================================+
+---------------------------+---------------+----------------------------------------------------+
| NPU     Chip              | Process id    | Process name             | Process memory(MB)      |
+===========================+===============+====================================================+
| No running processes found in NPU 0                                                            |
+===========================+===============+====================================================+
| No running processes found in NPU 1                                                            |
+===========================+===============+====================================================+
| 2       0                 | 89617         |                          | 43627                   |
+===========================+===============+====================================================+
| No running processes found in NPU 3                                                            |
+===========================+===============+====================================================+
| No running processes found in NPU 4                                                            |
+===========================+===============+====================================================+
| No running processes found in NPU 5                                                            |
+===========================+===============+====================================================+
| No running processes found in NPU 6                                                            |
+===========================+===============+====================================================+
| No running processes found in NPU 7                                                            |
+===========================+===============+====================================================+
