[start] 2026-08-04T15:25:09
[stage 01 +0.802s total=0.802s]	loading runner and model
loading checkpoint shard 1/5: model-00001-of-00005.safetensors
loading checkpoint shard 2/5: model-00002-of-00005.safetensors
loading checkpoint shard 3/5: model-00003-of-00005.safetensors
loading checkpoint shard 4/5: model-00004-of-00005.safetensors
loading checkpoint shard 5/5: model-00005-of-00005.safetensors
memory after_load: alloc=15.26GiB reserved=16.91GiB max_alloc=16.42GiB max_reserved=16.91GiB free=43.69GiB/60.96GiB
[stage 02 +5.003s total=5.805s]	building benchmark input ids
[stage 03 +0.043s total=5.848s]	running prefill benchmark
[stage 04 +0.000s total=5.848s]	warming up prefill: runs=0
[stage 05 +0.000s total=5.848s]	timing prefill: repeats=0
prefill: mean=0.000000s min=0.000000s max=0.000000s tok/s=0.00 batch/s=0.00
memory after_prefill_benchmark: alloc=15.26GiB reserved=16.91GiB max_alloc=16.42GiB max_reserved=16.91GiB free=43.69GiB/60.96GiB
[stage 06 +0.004s total=5.852s]	running decode benchmark
[stage 07 +0.000s total=5.852s]	checking compiled/eager decode parity: steps=32
/workspace/repos/paddle_ocr_vl_npu/10_qwen3_8b_inference/local_modeling_qwen3_0.py:170: UserWarning: Cannot create tensor with interal format while allow_internel_format=False, tensor will be created with base format. (Triggered internally at ../torch_npu/csrc/aten/common/TensorFactories.cpp:340.)
  value_caches.append(torch.zeros_like(key_cache))
..[stage 08 +74.559s total=80.412s]	warming up decode: runs=1 steps=32
[stage 09 +0.545s total=80.957s]	timing decode: repeats=3 steps=32
decode: mean=0.464231s min=0.464210s max=0.464250s tok/s=68.93 batch/s=68.93
decode: compile_first_call=71.710964s
dynamo counters:
  stats: calls_captured=3523, unique_graphs=1
memory after_decode_benchmark: alloc=15.27GiB reserved=16.96GiB max_alloc=16.42GiB max_reserved=16.96GiB free=43.62GiB/60.96GiB
[stage 10 +1.623s total=82.579s]	wrote json output to tmp/10_qwen3_8b_inference/decode_batch_sweep_kv64_f82af52/b1_compiled/result.json
[stage 11 +0.000s total=82.580s]	benchmark complete
