[2026-07-23-13:07:04.388] [INFO] [AscendProfiler_ProfilingParser:97] Profiler logger initialized at: /workspace/repos/paddle_ocr_vl_npu/tmp/09_persistent_page_engine/text_decode_lab/npu_profiles/b16_k1024_p768_pipe_20260723_130703/liteserver-c001-4_143733_20260723130703613_ascend_pt/logs/profiler_20260723130704_144349_ProfilingParser.log
[2026-07-23-13:07:04.438] [INFO] [AscendProfiler_ProfilingParser:100] TorchOpParser start.
[2026-07-23-13:07:04.438] [INFO] [AscendProfiler_ProfilingParser:82] TaskQueueParser start.
[2026-07-23-13:07:04.488] [INFO] [AscendProfiler_ProfilingParser:162] CANNTimelineParser start.
[2026-07-23-13:07:04.491] [INFO] [AscendProfiler_ProfilingParser:88] TaskQueueParser finish.
[2026-07-23-13:07:04.493] [INFO] [AscendProfiler_ProfilingParser:106] TorchOpParser finish.
[2026-07-23-13:07:04.542] [INFO] [AscendProfiler_ProfilingParser:118] DbPreParser start.
[2026-07-23-13:07:04.543] [INFO] [AscendProfiler_ProfilingParser:62] TreeBuildParser start.
[2026-07-23-13:07:04.546] [INFO] [AscendProfiler_ProfilingParser:70] TreeBuildParser finish.
[2026-07-23-13:07:04.551] [INFO] [AscendProfiler_ProfilingParser:62] MemoryPrepareParser start.
[2026-07-23-13:07:04.599] [INFO] [AscendProfiler_ProfilingParser:75] MemoryPrepareParser finish.
[2026-07-23-13:07:04.599] [INFO] [AscendProfiler_ProfilingParser:129] DbPreParser finish.
[2026-07-23-13:07:06.001] [INFO] [AscendProfiler_ProfilingParser:172] CANNTimelineParser finish.
[2026-07-23-13:07:06.001] [INFO] [AscendProfiler_ProfilingParser:31] RelationParser start.
[2026-07-23-13:07:06.128] [INFO] [AscendProfiler_ProfilingParser:38] RelationParser finish.
[2026-07-23-13:07:07.154] [INFO] [AscendProfiler_ProfilingParser:40] DbParser start.
[2026-07-23-13:07:07.200] [INFO] [AscendProfiler_ProfilingParser:27] BasicDbParser start.
[2026-07-23-13:07:07.206] [INFO] [AscendProfiler_ProfilingParser:40] BasicDbParser finish.
[2026-07-23-13:07:07.206] [INFO] [AscendProfiler_ProfilingParser:27] FwkApiDbParser start.
[2026-07-23-13:07:07.206] [INFO] [AscendProfiler_ProfilingParser:32] FwkApiDbParser get fwk api data finish.
[2026-07-23-13:07:07.208] [INFO] [AscendProfiler_ProfilingParser:34] FwkApiDbParser get api data for db finish.
[2026-07-23-13:07:07.230] [INFO] [AscendProfiler_ProfilingParser:36] FwkApiDbParser save api data to db finish.
[2026-07-23-13:07:07.230] [INFO] [AscendProfiler_ProfilingParser:40] FwkApiDbParser finish.
[2026-07-23-13:07:07.231] [INFO] [AscendProfiler_ProfilingParser:82] MemoryDbParser start.
[2026-07-23-13:07:07.231] [INFO] [AscendProfiler_ProfilingParser:95] MemoryDbParser finish.
[2026-07-23-13:07:07.231] [INFO] [AscendProfiler_ProfilingParser:33] GCRecordDbParser start.
[2026-07-23-13:07:07.232] [INFO] [AscendProfiler_ProfilingParser:41] GCRecordDbParser finish.
[2026-07-23-13:07:07.232] [INFO] [AscendProfiler_ProfilingParser:36] StepInfoDbParser start.
[2026-07-23-13:07:07.236] [INFO] [AscendProfiler_ProfilingParser:43] StepInfoDbParser finish.
[2026-07-23-13:07:07.236] [INFO] [AscendProfiler_ProfilingParser:80] CommunicationDbParser start.
[2026-07-23-13:07:07.237] [INFO] [AscendProfiler_ProfilingParser:88] CommunicationDbParser finish.
[2026-07-23-13:07:07.237] [INFO] [AscendProfiler_ProfilingParser:74] TraceStepTimeDbParser start.
[2026-07-23-13:07:07.246] [INFO] [AscendProfiler_ProfilingParser:83] TraceStepTimeDbParser finish.
[2026-07-23-13:07:07.246] [INFO] [AscendProfiler_ProfilingParser:64] DbParser finish.
[2026-07-23-13:07:07.789] [INFO] [AscendProfiler_ProfilingParser:473] ============================================================
[2026-07-23-13:07:07.789] [INFO] [AscendProfiler_ProfilingParser:474] Task execution completed
[2026-07-23-13:07:07.789] [INFO] [AscendProfiler_ProfilingParser:475] ============================================================
[2026-07-23-13:07:07.789] [INFO] [AscendProfiler_ProfilingParser:478] torch_op                  | PTHREAD         | Succeed    | 0.056s | deps: None
[2026-07-23-13:07:07.789] [INFO] [AscendProfiler_ProfilingParser:478] task_queue                | PTHREAD         | Succeed    | 0.056s | deps: None
[2026-07-23-13:07:07.789] [INFO] [AscendProfiler_ProfilingParser:478] trace_prepare             | SUB_PROCESS     | Succeed    | 0.136s | deps: torch_op, task_queue
[2026-07-23-13:07:07.789] [INFO] [AscendProfiler_ProfilingParser:478] build_tree                | PTHREAD         | Succeed    | 0.008s | deps: torch_op, task_queue
[2026-07-23-13:07:07.789] [INFO] [AscendProfiler_ProfilingParser:478] export                    | SUB_PROCESS     | Succeed    | 2.092s | deps: None
[2026-07-23-13:07:07.789] [INFO] [AscendProfiler_ProfilingParser:478] timeline                  | PTHREAD|NON_BLOCKING | Succeed    | 1.514s | deps: None
[2026-07-23-13:07:07.789] [INFO] [AscendProfiler_ProfilingParser:478] relation                  | PTHREAD         | Succeed    | 0.127s | deps: task_queue, timeline
[2026-07-23-13:07:07.789] [INFO] [AscendProfiler_ProfilingParser:478] memory_prepare            | PTHREAD         | Succeed    | 0.049s | deps: build_tree, task_queue, torch_op
[2026-07-23-13:07:07.790] [INFO] [AscendProfiler_ProfilingParser:478] analyze                   | SUB_PROCESS     | Succeed    | 1.106s | deps: timeline
[2026-07-23-13:07:07.790] [INFO] [AscendProfiler_ProfilingParser:478] operator                  | SUB_PROCESS     | Succeed    | 0.092s | deps: build_tree, timeline, relation, torch_op
[2026-07-23-13:07:07.790] [INFO] [AscendProfiler_ProfilingParser:478] trace                     | SUB_PROCESS     | Succeed    | 0.126s | deps: build_tree, trace_prepare, timeline, task_queue, torch_op
[2026-07-23-13:07:07.790] [INFO] [AscendProfiler_ProfilingParser:478] kernel                    | SUB_PROCESS     | Succeed    | 0.234s | deps: build_tree, export, relation
[2026-07-23-13:07:07.790] [INFO] [AscendProfiler_ProfilingParser:478] step_time                 | SUB_PROCESS     | Succeed    | 0.101s | deps: build_tree, timeline, relation, torch_op
[2026-07-23-13:07:07.790] [INFO] [AscendProfiler_ProfilingParser:478] memory                    | SUB_PROCESS     | Succeed    | 0.144s | deps: export, memory_prepare
[2026-07-23-13:07:07.790] [INFO] [AscendProfiler_ProfilingParser:478] integrate                 | SUB_PROCESS     | Succeed    | 0.188s | deps: export
[2026-07-23-13:07:07.790] [INFO] [AscendProfiler_ProfilingParser:478] communication             | SUB_PROCESS     | Succeed    | 0.064s | deps: build_tree, analyze, relation
[2026-07-23-13:07:07.790] [INFO] [AscendProfiler_ProfilingParser:478] db_prepare                | PTHREAD         | Succeed    | 0.058s | deps: torch_op, task_queue
[2026-07-23-13:07:07.790] [INFO] [AscendProfiler_ProfilingParser:478] torch_db                  | PTHREAD         | Succeed    | 0.093s | deps: export, memory_prepare, build_tree, analyze, db_prepare
