/workspace/repos/paddle_ocr_vl_npu/09_persistent_page_engine/scripts/probes/probe_packed_last_token_gather.py:336: UserWarning: Cannot create tensor with interal format while allow_internel_format=False, tensor will be created with base format. (Triggered internally at ../torch_npu/csrc/aten/common/TensorFactories.cpp:340.)
  .remainder(257)
{
  "mode": "run",
  "status": "passed",
  "backend": "torchair",
  "selection": "failed",
  "index_variant": "recorded",
  "graph_call": 7,
  "trace_path": "/workspace/repos/paddle_ocr_vl_npu/tmp/09_persistent_page_engine/910b_page9_graph_trace_902a5b2_scoped/exact_310p_call7_events.jsonl",
  "call": {
    "graph_call": 7,
    "status": "passed",
    "physical_seq_len": 512,
    "real_seq_len": 478,
    "padding_tokens": 34,
    "segment_count": 6,
    "max_members": 32,
    "hidden_size": 1024,
    "dtype": "torch.float16",
    "segment_lengths": [
      133,
      109,
      69,
      58,
      58,
      51
    ],
    "segment_offsets": [
      0,
      133,
      242,
      311,
      369,
      427
    ],
    "last_token_indices": [
      132,
      241,
      310,
      368,
      426,
      477,
      0,
      0,
      0,
      0,
      0,
      0,
      0,
      0,
      0,
      0,
      0,
      0,
      0,
      0,
      0,
      0,
      0,
      0,
      0,
      0,
      0,
      0,
      0,
      0,
      0,
      0
    ],
    "active_last_token_indices": [
      132,
      241,
      310,
      368,
      426,
      477
    ],
    "last_active_index": 477,
    "last_index_hits_physical_boundary": false,
    "indices_in_bounds": true,
    "offsets_match_lengths": true,
    "output": {
      "shape": [
        1,
        32,
        1024
      ],
      "strides": [
        32768,
        1024,
        1
      ],
      "storage_offset": 0,
      "minimum_storage_element": 0,
      "maximum_storage_element": 32767,
      "numel": 32768,
      "element_size": 2,
      "dtype": "torch.float16",
      "device": "npu:0",
      "is_contiguous": true,
      "data_ptr": 20622916586496,
      "storage_data_ptr": 20622916586496,
      "storage_nbytes": 65536,
      "storage_elements": 32768,
      "view_within_storage": true,
      "npu_format": 2
    }
  },
  "effective_last_token_indices": [
    132,
    241,
    310,
    368,
    426,
    477,
    0,
    0,
    0,
    0,
    0,
    0,
    0,
    0,
    0,
    0,
    0,
    0,
    0,
    0,
    0,
    0,
    0,
    0,
    0,
    0,
    0,
    0,
    0,
    0,
    0,
    0
  ],
  "device": "npu:0",
  "cache_dir": "/workspace/repos/paddle_ocr_vl_npu/.runtime_cache/910b_exact_gather_s512_902a5b2",
  "cache_was_warm": true,
  "warm_call_s": 3.9736177639570087,
  "warm_output_shape": [
    1,
    32,
    1024
  ],
  "target_call_s": 0.00043365685269236565,
  "exact": true,
  "max_abs_error": 0.0,
  "output_shape": [
    1,
    32,
    1024
  ],
  "output_sum": 3689.375
}
