OCR API ready worker_pid=98889; preparing table crops in RAM
Frozen ALL cohort: 665 tables (121 LaTeX, 544 non-LaTeX)
Scheduled 100 Poisson arrivals at 6 QPS; request limit=100; last scheduled arrival at 16.852s; HTTP endpoint=http://127.0.0.1:8767/v1/ocr
Writing each completion to tmp/19_table_ocr_serving/preprocess_poisson100_20260911/b8_both_measured/b8/measured/results/results.jsonl
[   0.024s] SEND #00001 table=page_000287_table_box_id_8 lag=   0.4ms active=1
[   0.339s] SEND #00002 table=page_001367_table_51 lag=   1.2ms active=2
[   0.580s] SEND #00003 table=page_000236_table_box_id_1 lag=   1.8ms active=3
[   0.628s] SEND #00004 table=page_000634_table_11 lag=   0.5ms active=4
[   0.741s] SEND #00005 table=page_000272_table_box_id_1 lag=   0.4ms active=5
[   0.841s] SEND #00006 table=page_001172_table_16 lag=   0.9ms active=6
[   1.018s] SEND #00007 table=page_001137_table_2 lag=   2.2ms active=7
[   1.276s] SEND #00008 table=page_001150_table_box_id_9 lag=   0.9ms active=8
[   1.282s] RECV #00003 table=page_000236_table_box_id_1 request= 0.702s scheduled= 0.704s status=ok active=7
[   1.293s] SEND #00009 table=page_000920_table_8 lag=   1.1ms active=8
[   1.298s] SEND #00010 table=page_000524_table_0 lag=   1.1ms active=9
[   1.511s] RECV #00002 table=page_001367_table_51 request= 1.173s scheduled= 1.174s status=ok active=8
[   1.598s] SEND #00011 table=page_000256_table_box_id_8 lag=   0.3ms active=9
[   1.600s] RECV #00006 table=page_001172_table_16 request= 0.759s scheduled= 0.760s status=ok active=8
[   1.693s] SEND #00012 table=page_001166_table_9 lag=   0.9ms active=9
[   1.817s] RECV #00009 table=page_000920_table_8 request= 0.524s scheduled= 0.525s status=ok active=8
[   1.864s] RECV #00004 table=page_000634_table_11 request= 1.237s scheduled= 1.237s status=ok active=7
[   1.933s] SEND #00013 table=page_000211_table_box_id_3 lag=   1.4ms active=8
[   1.933s] SEND #00014 table=page_000933_table_10 lag=   1.4ms active=9
[   2.031s] SEND #00015 table=page_001129_table_8 lag=   0.8ms active=10
[   2.160s] RECV #00011 table=page_000256_table_box_id_8 request= 0.562s scheduled= 0.562s status=ok active=9
[   2.224s] RECV #00012 table=page_001166_table_9 request= 0.531s scheduled= 0.532s status=ok active=8
[   2.244s] SEND #00016 table=page_001375_table_7 lag=   0.4ms active=9
[   2.287s] SEND #00017 table=page_000106_table_box_id_2 lag=   0.9ms active=10
[   2.310s] RECV #00008 table=page_001150_table_box_id_9 request= 1.034s scheduled= 1.035s status=ok active=9
[   2.448s] RECV #00014 table=page_000933_table_10 request= 0.515s scheduled= 0.517s status=ok active=8
[   2.613s] RECV #00016 table=page_001375_table_7 request= 0.370s scheduled= 0.370s status=ok active=7
[   2.635s] RECV #00007 table=page_001137_table_2 request= 1.616s scheduled= 1.618s status=ok active=6
[   2.771s] SEND #00018 table=page_001134_table_10 lag=   0.6ms active=7
[   2.870s] RECV #00013 table=page_000211_table_box_id_3 request= 0.937s scheduled= 0.939s status=ok active=6
[   2.962s] RECV #00010 table=page_000524_table_0 request= 1.664s scheduled= 1.665s status=ok active=5
[   3.158s] SEND #00019 table=page_000642_table_8 lag=   0.8ms active=6
[   3.163s] SEND #00020 table=page_000564_table_7 lag=   0.4ms active=7
[   3.167s] SEND #00021 table=page_001368_table_box_id_242 lag=   0.9ms active=8
[   3.297s] SEND #00022 table=page_000263_table_box_id_7 lag=   0.6ms active=9
[   3.400s] RECV #00017 table=page_000106_table_box_id_2 request= 1.113s scheduled= 1.113s status=ok active=8
[   3.658s] RECV #00021 table=page_001368_table_box_id_242 request= 0.491s scheduled= 0.492s status=ok active=7
[   3.731s] RECV #00020 table=page_000564_table_7 request= 0.569s scheduled= 0.569s status=ok active=6
[   3.764s] SEND #00023 table=page_000746_table_18 lag=   1.1ms active=7
[   3.843s] SEND #00024 table=page_000213_table_box_id_5 lag=   0.2ms active=8
[   3.884s] SEND #00025 table=page_000206_table_box_id_1 lag=   0.4ms active=9
[   3.976s] SEND #00026 table=page_000209_table_box_id_1 lag=   1.2ms active=10
[   3.981s] SEND #00027 table=page_001216_table_2 lag=   1.0ms active=11
[   4.023s] SEND #00028 table=page_000188_table_box_id_6 lag=   1.0ms active=12
[   4.049s] RECV #00015 table=page_001129_table_8 request= 2.018s scheduled= 2.019s status=ok active=11
[   4.118s] SEND #00029 table=page_000921_table_9 lag=   0.4ms active=12
[   4.233s] SEND #00030 table=page_000533_table_8 lag=   1.2ms active=13
[   4.277s] SEND #00031 table=page_001123_table_14 lag=   0.6ms active=14
[   4.320s] SEND #00032 table=page_001503_table_5 lag=   0.7ms active=15
[   4.361s] SEND #00033 table=page_001197_table_5 lag=   0.5ms active=16
[   4.464s] SEND #00034 table=page_000542_table_0 lag=   0.9ms active=17
[   4.466s] RECV #00018 table=page_001134_table_10 request= 1.694s scheduled= 1.695s status=ok active=16
[   4.522s] SEND #00035 table=page_001130_table_1 lag=   1.0ms active=17
[   4.525s] SEND #00036 table=page_001595_table_box_id_9 lag=   1.1ms active=18
[   4.587s] RECV #00001 table=page_000287_table_box_id_8 request= 4.562s scheduled= 4.563s status=ok active=17
[   4.689s] RECV #00025 table=page_000206_table_box_id_1 request= 0.805s scheduled= 0.806s status=ok active=16
[   4.805s] RECV #00024 table=page_000213_table_box_id_5 request= 0.962s scheduled= 0.962s status=ok active=15
[   4.828s] SEND #00037 table=page_001233_table_6 lag=   0.8ms active=16
[   4.932s] RECV #00026 table=page_000209_table_box_id_1 request= 0.956s scheduled= 0.957s status=ok active=15
[   4.963s] SEND #00038 table=page_000585_table_1 lag=   0.8ms active=16
[   5.025s] RECV #00019 table=page_000642_table_8 request= 1.868s scheduled= 1.868s status=ok active=15
[   5.093s] RECV #00028 table=page_000188_table_box_id_6 request= 1.070s scheduled= 1.071s status=ok active=14
[   5.134s] SEND #00039 table=page_000821_table_box_id_26 lag=   0.5ms active=15
[   5.162s] RECV #00029 table=page_000921_table_9 request= 1.044s scheduled= 1.044s status=ok active=14
[   5.169s] SEND #00040 table=page_000566_table_3 lag=   1.1ms active=15
[   5.266s] RECV #00032 table=page_001503_table_5 request= 0.945s scheduled= 0.946s status=ok active=14
[   5.331s] RECV #00023 table=page_000746_table_18 request= 1.567s scheduled= 1.568s status=ok active=13
[   5.448s] RECV #00035 table=page_001130_table_1 request= 0.927s scheduled= 0.928s status=ok active=12
[   5.542s] RECV #00030 table=page_000533_table_8 request= 1.309s scheduled= 1.310s status=ok active=11
[   5.602s] RECV #00036 table=page_001595_table_box_id_9 request= 1.076s scheduled= 1.078s status=ok active=10
[   5.715s] RECV #00031 table=page_001123_table_14 request= 1.438s scheduled= 1.439s status=ok active=9
[   5.811s] RECV #00039 table=page_000821_table_box_id_26 request= 0.677s scheduled= 0.678s status=ok active=8
[   5.985s] SEND #00041 table=page_000534_table_4 lag=   0.4ms active=9
[   6.045s] RECV #00027 table=page_001216_table_2 request= 2.064s scheduled= 2.065s status=ok active=8
[   6.264s] RECV #00034 table=page_000542_table_0 request= 1.800s scheduled= 1.801s status=ok active=7
[   6.313s] SEND #00042 table=page_001141_table_13 lag=   0.7ms active=8
[   6.335s] SEND #00043 table=page_000665_table_3 lag=   1.1ms active=9
[   6.401s] SEND #00044 table=page_001417_table_2 lag=   0.3ms active=10
[   6.430s] RECV #00037 table=page_001233_table_6 request= 1.602s scheduled= 1.603s status=ok active=9
[   6.467s] RECV #00043 table=page_000665_table_3 request= 0.132s scheduled= 0.134s status=ok active=8
[   6.600s] RECV #00044 table=page_001417_table_2 request= 0.199s scheduled= 0.199s status=ok active=7
[   6.614s] SEND #00045 table=page_001117_table_box_id_7 lag=   0.3ms active=8
[   6.707s] RECV #00038 table=page_000585_table_1 request= 1.744s scheduled= 1.745s status=ok active=7
[   6.751s] RECV #00041 table=page_000534_table_4 request= 0.766s scheduled= 0.766s status=ok active=6
[   6.805s] RECV #00040 table=page_000566_table_3 request= 1.636s scheduled= 1.637s status=ok active=5
[   6.821s] SEND #00046 table=page_001270_table_box_id_1 lag=   0.2ms active=6
[   6.869s] RECV #00045 table=page_001117_table_box_id_7 request= 0.255s scheduled= 0.255s status=ok active=5
[   7.005s] RECV #00033 table=page_001197_table_5 request= 2.643s scheduled= 2.644s status=ok active=4
[   7.019s] RECV #00042 table=page_001141_table_13 request= 0.706s scheduled= 0.707s status=ok active=3
[   7.261s] RECV #00022 table=page_000263_table_box_id_7 request= 3.964s scheduled= 3.965s status=ok active=2
[   7.281s] SEND #00047 table=page_000261_table_box_id_3 lag=   0.3ms active=3
[   7.373s] SEND #00048 table=page_000505_table_1 lag=   0.8ms active=4
[   7.668s] SEND #00049 table=page_000682_table_15 lag=   0.6ms active=5
[   7.853s] SEND #00050 table=page_000275_table_box_id_1 lag=   0.5ms active=6
[   7.855s] RECV #00049 table=page_000682_table_15 request= 0.187s scheduled= 0.188s status=ok active=5
[   7.913s] SEND #00051 table=page_000789_table_34 lag=   0.3ms active=6
[   8.059s] RECV #00051 table=page_000789_table_34 request= 0.146s scheduled= 0.146s status=ok active=5
[   8.061s] SEND #00052 table=page_001177_table_2 lag=   1.0ms active=6
[   8.418s] SEND #00053 table=page_001398_table_box-13qv1ztw lag=   1.1ms active=7
[   8.577s] RECV #00005 table=page_000272_table_box_id_1 request= 7.836s scheduled= 7.836s status=ok active=6
[   8.636s] RECV #00046 table=page_001270_table_box_id_1 request= 1.815s scheduled= 1.815s status=ok active=5
[   8.650s] RECV #00053 table=page_001398_table_box-13qv1ztw request= 0.232s scheduled= 0.233s status=ok active=4
[   8.730s] SEND #00054 table=page_001183_table_11 lag=   0.9ms active=5
[   8.754s] RECV #00052 table=page_001177_table_2 request= 0.693s scheduled= 0.694s status=ok active=4
[   8.847s] SEND #00055 table=page_000507_table_0 lag=   0.4ms active=5
[   8.862s] RECV #00048 table=page_000505_table_1 request= 1.489s scheduled= 1.490s status=ok active=4
[   8.995s] SEND #00056 table=page_000710_table_9 lag=   1.0ms active=5
[   9.001s] SEND #00057 table=page_000657_table_6 lag=   0.8ms active=6
[   9.048s] SEND #00058 table=page_001368_table_box_id_227 lag=   1.1ms active=7
[   9.152s] RECV #00057 table=page_000657_table_6 request= 0.151s scheduled= 0.151s status=ok active=6
[   9.232s] RECV #00056 table=page_000710_table_9 request= 0.236s scheduled= 0.237s status=ok active=5
[   9.268s] RECV #00054 table=page_001183_table_11 request= 0.538s scheduled= 0.539s status=ok active=4
[   9.314s] SEND #00059 table=page_001176_table_4 lag=   0.9ms active=5
[   9.317s] RECV #00055 table=page_000507_table_0 request= 0.471s scheduled= 0.471s status=ok active=4
[   9.403s] SEND #00060 table=page_001181_table_6 lag=   1.1ms active=5
[   9.434s] SEND #00061 table=page_000937_table_0 lag=   0.4ms active=6
[   9.567s] SEND #00062 table=page_001368_table_box_id_237 lag=   0.8ms active=7
[   9.769s] SEND #00063 table=page_000217_table_box_id_0 lag=   0.9ms active=8
[   9.956s] SEND #00064 table=page_001159_table_5 lag=   0.8ms active=9
[  10.034s] SEND #00065 table=page_000626_table_box_id_1 lag=   0.6ms active=10
[  10.036s] RECV #00062 table=page_001368_table_box_id_237 request= 0.469s scheduled= 0.470s status=ok active=9
[  10.114s] RECV #00058 table=page_001368_table_box_id_227 request= 1.067s scheduled= 1.068s status=ok active=8
[  10.131s] SEND #00066 table=page_000984_table_2 lag=   1.1ms active=9
[  10.132s] RECV #00061 table=page_000937_table_0 request= 0.698s scheduled= 0.698s status=ok active=8
[  10.249s] SEND #00067 table=page_001082_table_34 lag=   1.0ms active=9
[  10.294s] RECV #00063 table=page_000217_table_box_id_0 request= 0.525s scheduled= 0.526s status=ok active=8
[  10.369s] RECV #00066 table=page_000984_table_2 request= 0.238s scheduled= 0.239s status=ok active=7
[  10.400s] RECV #00047 table=page_000261_table_box_id_3 request= 3.119s scheduled= 3.119s status=ok active=6
[  10.501s] SEND #00068 table=page_000467_table_17 lag=   1.2ms active=7
[  10.623s] SEND #00069 table=page_000866_table_14 lag=   0.4ms active=8
[  10.706s] SEND #00070 table=page_001227_table_10 lag=   0.9ms active=9
[  10.818s] SEND #00071 table=page_000916_table_7 lag=   0.6ms active=10
[  10.823s] SEND #00072 table=page_000251_table_box_id_7 lag=   0.7ms active=11
[  10.831s] SEND #00073 table=page_001131_table_15 lag=   1.0ms active=12
[  10.897s] RECV #00064 table=page_001159_table_5 request= 0.940s scheduled= 0.941s status=ok active=11
[  11.033s] SEND #00074 table=page_001183_table_12 lag=   0.5ms active=12
[  11.048s] RECV #00069 table=page_000866_table_14 request= 0.426s scheduled= 0.426s status=ok active=11
[  11.239s] RECV #00059 table=page_001176_table_4 request= 1.926s scheduled= 1.927s status=ok active=10
[  11.469s] RECV #00067 table=page_001082_table_34 request= 1.220s scheduled= 1.221s status=ok active=9
[  11.601s] RECV #00071 table=page_000916_table_7 request= 0.783s scheduled= 0.783s status=ok active=8
[  11.715s] SEND #00075 table=page_000266_table_box_id_7 lag=   1.0ms active=9
[  11.772s] RECV #00073 table=page_001131_table_15 request= 0.941s scheduled= 0.942s status=ok active=8
[  11.864s] SEND #00076 table=page_000447_table_12 lag=   1.0ms active=9
[  11.947s] SEND #00077 table=page_001193_table_4 lag=   0.4ms active=10
[  11.959s] RECV #00060 table=page_001181_table_6 request= 2.556s scheduled= 2.557s status=ok active=9
[  11.979s] SEND #00078 table=page_001368_table_box_id_239 lag=   0.5ms active=10
[  12.000s] RECV #00075 table=page_000266_table_box_id_7 request= 0.286s scheduled= 0.287s status=ok active=9
[  12.095s] SEND #00079 table=page_000903_table_15 lag=   0.4ms active=10
[  12.189s] RECV #00072 table=page_000251_table_box_id_7 request= 1.365s scheduled= 1.366s status=ok active=9
[  12.244s] RECV #00074 table=page_001183_table_12 request= 1.211s scheduled= 1.211s status=ok active=8
[  12.301s] RECV #00068 table=page_000467_table_17 request= 1.800s scheduled= 1.802s status=ok active=7
[  12.399s] RECV #00079 table=page_000903_table_15 request= 0.304s scheduled= 0.305s status=ok active=6
[  12.445s] RECV #00078 table=page_001368_table_box_id_239 request= 0.466s scheduled= 0.467s status=ok active=5
[  12.461s] RECV #00077 table=page_001193_table_4 request= 0.514s scheduled= 0.514s status=ok active=4
[  12.474s] RECV #00076 table=page_000447_table_12 request= 0.609s scheduled= 0.610s status=ok active=3
[  12.765s] SEND #00080 table=page_001167_table_2 lag=   0.7ms active=4
[  12.918s] RECV #00070 table=page_001227_table_10 request= 2.211s scheduled= 2.212s status=ok active=3
[  13.010s] SEND #00081 table=page_000212_table_box_id_1 lag=   0.6ms active=4
[  13.140s] SEND #00082 table=page_001147_table_10 lag=   0.4ms active=5
[  13.215s] RECV #00080 table=page_001167_table_2 request= 0.449s scheduled= 0.450s status=ok active=4
[  13.314s] RECV #00065 table=page_000626_table_box_id_1 request= 3.280s scheduled= 3.280s status=ok active=3
[  13.468s] SEND #00083 table=page_000223_table_box_id_2 lag=   0.9ms active=4
[  13.512s] SEND #00084 table=page_000716_table_0 lag=   0.7ms active=5
[  13.633s] SEND #00085 table=page_000937_table_1 lag=   1.3ms active=6
[  13.789s] RECV #00084 table=page_000716_table_0 request= 0.277s scheduled= 0.278s status=ok active=5
[  13.954s] RECV #00085 table=page_000937_table_1 request= 0.321s scheduled= 0.323s status=ok active=4
[  14.140s] SEND #00086 table=page_000465_table_10 lag=   0.5ms active=5
[  14.284s] SEND #00087 table=page_000465_table_8 lag=   1.6ms active=6
[  14.386s] SEND #00088 table=page_001179_table_6 lag=   1.0ms active=7
[  14.439s] SEND #00089 table=page_000554_table_12 lag=   1.0ms active=8
[  14.570s] SEND #00090 table=page_000199_table_box_id_0 lag=   0.5ms active=9
[  14.695s] RECV #00081 table=page_000212_table_box_id_1 request= 1.685s scheduled= 1.686s status=ok active=8
[  14.779s] RECV #00089 table=page_000554_table_12 request= 0.340s scheduled= 0.341s status=ok active=7
[  14.807s] RECV #00050 table=page_000275_table_box_id_1 request= 6.955s scheduled= 6.955s status=ok active=6
[  14.824s] RECV #00086 table=page_000465_table_10 request= 0.685s scheduled= 0.685s status=ok active=5
[  14.938s] RECV #00087 table=page_000465_table_8 request= 0.653s scheduled= 0.655s status=ok active=4
[  15.085s] RECV #00083 table=page_000223_table_box_id_2 request= 1.617s scheduled= 1.618s status=ok active=3
[  15.096s] SEND #00091 table=page_000516_table_0 lag=   0.8ms active=4
[  15.096s] SEND #00092 table=page_001214_table_8 lag=   0.3ms active=5
[  15.275s] RECV #00082 table=page_001147_table_10 request= 2.135s scheduled= 2.136s status=ok active=4
[  15.352s] SEND #00093 table=page_001368_table_box_id_161 lag=   0.6ms active=5
[  15.639s] SEND #00094 table=page_000577_table_3 lag=   1.4ms active=6
[  15.656s] RECV #00092 table=page_001214_table_8 request= 0.560s scheduled= 0.560s status=ok active=5
[  15.895s] RECV #00093 table=page_001368_table_box_id_161 request= 0.544s scheduled= 0.545s status=ok active=4
[  15.986s] RECV #00094 table=page_000577_table_3 request= 0.347s scheduled= 0.348s status=ok active=3
[  16.000s] SEND #00095 table=page_000984_table_3 lag=   0.7ms active=4
[  16.225s] SEND #00096 table=page_001187_table_0 lag=   0.9ms active=5
[  16.501s] SEND #00097 table=page_000821_table_box_id_14 lag=   1.2ms active=6
[  16.573s] RECV #00091 table=page_000516_table_0 request= 1.477s scheduled= 1.478s status=ok active=5
[  16.585s] RECV #00090 table=page_000199_table_box_id_0 request= 2.015s scheduled= 2.015s status=ok active=4
[  16.623s] SEND #00098 table=page_000833_table_4 lag=   0.7ms active=5
[  16.649s] RECV #00097 table=page_000821_table_box_id_14 request= 0.147s scheduled= 0.148s status=ok active=4
[  16.733s] RECV #00095 table=page_000984_table_3 request= 0.733s scheduled= 0.734s status=ok active=3
[  16.761s] SEND #00099 table=page_001375_table_31 lag=   1.1ms active=4
[  16.853s] SEND #00100 table=page_000645_table_7 lag=   0.7ms active=5
[  16.936s] RECV #00099 table=page_001375_table_31 request= 0.176s scheduled= 0.177s status=ok active=4
[  16.972s] RECV #00088 table=page_001179_table_6 request= 2.586s scheduled= 2.587s status=ok active=3
[  17.042s] RECV #00100 table=page_000645_table_7 request= 0.189s scheduled= 0.190s status=ok active=2
[  17.049s] RECV #00098 table=page_000833_table_4 request= 0.426s scheduled= 0.427s status=ok active=1
[  19.073s] RECV #00096 table=page_001187_table_0 request= 2.848s scheduled= 2.849s status=ok active=0
DONE completed=100 failed=0 max_active=18 p50=0.933s p95=3.128s max=7.836s
Summary: tmp/19_table_ocr_serving/preprocess_poisson100_20260911/b8_both_measured/b8/measured/results/summary.json
