[npu] set torch.npu compile mode: jit_compile=False
[npu] patched torch.nn.functional.conv3d -> torch_npu.npu_conv3d
The `use_fast` parameter is deprecated and will be removed in a future version. Use `backend="torchvision"` instead of `use_fast=True`, or `backend="pil"` instead of `use_fast=False`.
[W805 14:58:38.827593667 OpInterface.cpp:19419] Warning: torch_npu.npu_conv3d is deprecated and will be removed in future version. Use torch.nn.functional.conv3d instead. (function operator())
[W805 14:58:38.827754580 TensorFactories.cpp:340] Warning: Cannot create tensor with interal format while allow_internel_format=False, tensor will be created with base format. (function operator())
.{
  "experiment": "11_mineru_2_5_pro_inference_batch_decode",
  "scope": "Fixed-step compiled batched recognition decode only; sequential per-crop prefill is outside measured decode.",
  "model": "/workspace/models/MinerU2.5-Pro-2605-1.2B",
  "model_identity": {
    "model_dir": "/workspace/models/MinerU2.5-Pro-2605-1.2B",
    "snapshot_revision": "MinerU2.5-Pro-2605-1.2B",
    "config_json": {
      "name": "config.json",
      "size_bytes": 2840,
      "sha256": "22097df08750242647a513043636a8dff16820a09757e9271e220bdea378df28"
    },
    "safetensors": [
      {
        "name": "model.safetensors",
        "size_bytes": 2312126640
      }
    ],
    "safetensors_sha256_computed": false
  },
  "processor": "/workspace/models/MinerU2.5-Pro-2605-1.2B",
  "device": "npu:0",
  "dtype": "float16",
  "npu_jit_compile": "off",
  "npu_conv3d_mode": "auto",
  "use_fast": false,
  "batch_size": 1,
  "cache_length": 4096,
  "measure_steps": 512,
  "warmup_steps_requested": 16,
  "warmup_steps_after_compile_call": 15,
  "validation_steps": 0,
  "decode_weight_format": {
    "requested_mode": "none",
    "effective_mode": "none",
    "target_format": null,
    "target_format_id": null,
    "decoder_linear_count": 0,
    "converted_decoder_linear_count": 0,
    "already_nz_decoder_linear_count": 0,
    "lm_head_copy": null,
    "skipped_reason": null,
    "setup_s": 9.457208216190338e-05
  },
  "decode_rotary_impl": {
    "requested_mode": "manual",
    "effective_mode": "manual",
    "rotary_mode": null,
    "scope": "decode_static_only",
    "prefill_rotary_impl": "manual",
    "updated_attention_layers": 24,
    "skipped_reason": null,
    "setup_s": 0.0012456909753382206
  },
  "compile": {
    "backend": "torchair",
    "compile_api": "torchair.inference.cache_compile",
    "fullgraph": true,
    "dynamic": false,
    "torchair_cache_dir": "/workspace/repos/paddle_ocr_vl_npu/.runtime_cache/11_mineru_2_5_pro_inference/isolated_fp16_k4096_b1_b8/mineru_manual_attention_none_rotary_manual_bs1_cache4096",
    "torchair_ge_cache": true,
    "batch_size": 1,
    "cache_length": 4096,
    "decode_attention": "manual_eager_attention_ops",
    "decode_weight_format": "none",
    "decode_rotary_impl": "manual",
    "compile_wrapper_s": 0.7304608139675111,
    "compiled_first_call_s": 48.38028155686334,
    "first_call_counts_as_warmup_step": true
  },
  "timing_s": {
    "setup_model_processor_inputs_s": 18.256437150994316,
    "warmup_prefill_total_s": 8.625147860031575,
    "warmup_batch_assembly_s": 0.002342150080949068,
    "post_compile_warmup_decode_s": 0.06125280098058283,
    "measure_prefill_total_s": 0.1519840930122882,
    "measure_batch_assembly_s": 0.0019058228936046362,
    "decode_s": 2.0280107278376818
  },
  "throughput": {
    "raw_batch_tokens": 512,
    "decode_forward_calls": 512,
    "decode_calls_per_s": 252.46414773451806,
    "raw_batch_tok_s": 252.46414773451806,
    "per_item_tok_s_if_divided_evenly": 252.46414773451806,
    "eos_ignored": true
  },
  "selected_crops": [
    {
      "batch_row": 0,
      "path": "/workspace/repos/paddle_ocr_vl_npu/crops/crop_01_text_block_en.png",
      "name": "crop_01_text_block_en.png",
      "block_type": "text",
      "prompt": "\nText Recognition:",
      "image_size": [
        1133,
        172
      ],
      "input_shapes": {
        "input_ids": [
          1,
          265
        ],
        "attention_mask": [
          1,
          265
        ],
        "mm_token_type_ids": [
          1,
          265
        ],
        "pixel_values": [
          960,
          1176
        ],
        "image_grid_thw": [
          1,
          3
        ]
      },
      "input_token_count": 265,
      "image_grid_thw": [
        1,
        12,
        80
      ],
      "prefill_s": 0.1519840930122882,
      "prefill_next_token_id": 4498,
      "prefill_next_cache_position": 265
    }
  ],
  "validation": {
    "enabled": false,
    "reason": "validation_steps <= 0"
  }
}
WROTE /workspace/repos/paddle_ocr_vl_npu/tmp/11_mineru_2_5_pro_inference/isolated_fp16_k4096_b1_b8_20260805/b1.json
