.[2026-07-30 05:07:47] [INFO] [680493] profiler.py: Start parsing profiling data in sync mode at: /workspace/repos/paddle_ocr_vl_npu/.runtime_cache/09_persistent_page_engine_vision_matmul_profiles/compare_s512_fb9ad7b_b1_padded_nz/liteserver-c001-4_679656_20260730050746313_ascend_pt
|/-\[2026-07-30 05:07:50] [INFO] [680519] profiler.py: CANN profiling data parsed in a total time of 0:00:03.035567
|[2026-07-30 05:07:51] [INFO] [680493] profiler.py: All profiling data parsed in a total time of 0:00:04.940341
{
  "summary": "/workspace/repos/paddle_ocr_vl_npu/tmp/09_persistent_page_engine/vision_matmul_lab/compare_s512_fb9ad7b_b1_padded_nz/result/run_summary.json",
  "status": "completed",
  "shape": {
    "batch_size": 1,
    "sequence_length": 512,
    "physical_tokens_per_call": 512,
    "hidden_size": 1152,
    "source_intermediate_size": 4304,
    "candidate_intermediate_size": 4352,
    "layers": 27,
    "linear_calls_per_layer": 6,
    "linear_calls_per_full_stack": 162
  },
  "weight_format": {
    "requested": "fractal_nz",
    "target_format": "FRACTAL_NZ",
    "target_format_code": 29,
    "linear_weight_count": 162,
    "before_format_histogram": {
      "2": 162
    },
    "converted_count": 162,
    "status": "ready",
    "failures": [],
    "after_format_histogram": {
      "29": 162
    },
    "all_after_are_nz": true,
    "runtime_gate": {
      "torch_npu_allow_internal_format_enabled_before_npu_allocation": true,
      "mm_bmm_format_nd": true,
      "manual_cast_after_model_load": true
    }
  },
  "device_median_ms": 13.60436553955078,
  "physical_tokens_per_s": 37634.97816281893,
  "linear_tflop_per_s": 31.166010757308744,
  "dispatch": {
    "counts": {
      "MatMulV2": 486
    },
    "duration_us": {
      "MatMulV2": 8575.900000000003
    }
  },
  "matmul_only": {
    "active_profiled_full_stack_calls": 3,
    "matmul_kernels_per_full_stack_call": 162,
    "observed_matmul_kernel_count": 486,
    "total_matmul_kernel_duration_us": 8575.900000000003,
    "matmul_kernel_duration_per_full_stack_call_ms": 2.8586333333333345,
    "linear_flops_per_full_stack_call": 423993802752,
    "matmul_only_linear_tflop_per_s": 148.3204571247332
  }
}
