loaded:model-00001-of-00004.safetensors
loaded:model-00002-of-00004.safetensors
loaded:model-00003-of-00004.safetensors
loaded:model-00004-of-00004.safetensors
/workspace/repos/clef-reranking-smoke/25_clef_inference/local_modeling_clef.py:76: UserWarning: Cannot create tensor with interal format while allow_internel_format=False, tensor will be created with base format. (Triggered internally at ../torch_npu/csrc/aten/common/TensorFactories.cpp:340.)
  values = torch.linalg.solve_triangular(system, v_beta, upper=False, unitriangular=True)
{"pair": 1, "of": 5, "mode": "whole", "logits": [-1.5078125, 0.14453125], "score": 0.16079244017601013, "model_s": 0.7549973102286458, "activation_dtypes": {"torch.bfloat16@npu:0": 1897, "torch.float32@npu:0": 4329}, "split_layer_calls": 0, "cut": null}
{"pair": 1, "of": 5, "mode": "document_boundary", "logits": [-1.5234375, 0.15234375], "score": 0.15765491127967834, "model_s": 0.7721644099801779, "activation_dtypes": {"torch.bfloat16@npu:0": 2233, "torch.float32@npu:0": 5913}, "split_layer_calls": 24, "cut": 56}
{"pair": 1, "of": 5, "mode": "aligned_boundary", "logits": [-1.5078125, 0.14453125], "score": 0.16079244017601013, "model_s": 0.7480596599634737, "activation_dtypes": {"torch.bfloat16@npu:0": 1897, "torch.float32@npu:0": 4329}, "split_layer_calls": 24, "cut": 0}
{"pair": 1, "of": 5, "mode": "whole_repeat", "logits": [-1.5078125, 0.14453125], "score": 0.16079244017601013, "model_s": 0.7484031999483705, "activation_dtypes": {"torch.bfloat16@npu:0": 1897, "torch.float32@npu:0": 4329}, "split_layer_calls": 0, "cut": null}
{"pair": 2, "of": 5, "mode": "whole", "logits": [-0.7265625, -0.609375], "score": 0.47073662281036377, "model_s": 0.7584831400308758, "activation_dtypes": {"torch.bfloat16@npu:0": 1897, "torch.float32@npu:0": 4329}, "split_layer_calls": 0, "cut": null}
{"pair": 2, "of": 5, "mode": "document_boundary", "logits": [-0.640625, -0.6640625], "score": 0.5058591365814209, "model_s": 0.9514326499775052, "activation_dtypes": {"torch.bfloat16@npu:0": 2233, "torch.float32@npu:0": 6321}, "split_layer_calls": 24, "cut": 79}
{"pair": 2, "of": 5, "mode": "aligned_boundary", "logits": [-0.7265625, -0.609375], "score": 0.47073662281036377, "model_s": 0.767156400019303, "activation_dtypes": {"torch.bfloat16@npu:0": 2233, "torch.float32@npu:0": 5913}, "split_layer_calls": 24, "cut": 64}
{"pair": 2, "of": 5, "mode": "whole_repeat", "logits": [-0.7265625, -0.609375], "score": 0.47073662281036377, "model_s": 0.7511683797929436, "activation_dtypes": {"torch.bfloat16@npu:0": 1897, "torch.float32@npu:0": 4329}, "split_layer_calls": 0, "cut": null}
{"pair": 3, "of": 5, "mode": "whole", "logits": [-0.466796875, -0.37109375], "score": 0.47609245777130127, "model_s": 0.9459733199328184, "activation_dtypes": {"torch.bfloat16@npu:0": 1897, "torch.float32@npu:0": 4737}, "split_layer_calls": 0, "cut": null}
{"pair": 3, "of": 5, "mode": "document_boundary", "logits": [-0.482421875, -0.36328125], "score": 0.47025004029273987, "model_s": 1.0972710200585425, "activation_dtypes": {"torch.bfloat16@npu:0": 2233, "torch.float32@npu:0": 6729}, "split_layer_calls": 24, "cut": 151}
{"pair": 3, "of": 5, "mode": "aligned_boundary", "logits": [-0.466796875, -0.37109375], "score": 0.47609245777130127, "model_s": 0.9486792800016701, "activation_dtypes": {"torch.bfloat16@npu:0": 2233, "torch.float32@npu:0": 6321}, "split_layer_calls": 24, "cut": 128}
{"pair": 3, "of": 5, "mode": "whole_repeat", "logits": [-0.466796875, -0.37109375], "score": 0.47609245777130127, "model_s": 0.9379005001392215, "activation_dtypes": {"torch.bfloat16@npu:0": 1897, "torch.float32@npu:0": 4737}, "split_layer_calls": 0, "cut": null}
{"pair": 4, "of": 5, "mode": "whole", "logits": [-0.4609375, -0.578125], "score": 0.5292633771896362, "model_s": 1.0857707299292088, "activation_dtypes": {"torch.bfloat16@npu:0": 1897, "torch.float32@npu:0": 5145}, "split_layer_calls": 0, "cut": null}
{"pair": 4, "of": 5, "mode": "document_boundary", "logits": [-0.44140625, -0.6015625], "score": 0.5399537086486816, "model_s": 1.294546749908477, "activation_dtypes": {"torch.bfloat16@npu:0": 2233, "torch.float32@npu:0": 7137}, "split_layer_calls": 24, "cut": 205}
{"pair": 4, "of": 5, "mode": "aligned_boundary", "logits": [-0.4609375, -0.578125], "score": 0.5292633771896362, "model_s": 1.1209585699252784, "activation_dtypes": {"torch.bfloat16@npu:0": 2233, "torch.float32@npu:0": 6729}, "split_layer_calls": 24, "cut": 192}
{"pair": 4, "of": 5, "mode": "whole_repeat", "logits": [-0.4609375, -0.578125], "score": 0.5292633771896362, "model_s": 1.0796111300587654, "activation_dtypes": {"torch.bfloat16@npu:0": 1897, "torch.float32@npu:0": 5145}, "split_layer_calls": 0, "cut": null}
{"pair": 5, "of": 5, "mode": "whole", "logits": [-0.2890625, 0.1640625], "score": 0.38861799240112305, "model_s": 0.758244409924373, "activation_dtypes": {"torch.bfloat16@npu:0": 1897, "torch.float32@npu:0": 4329}, "split_layer_calls": 0, "cut": null}
{"pair": 5, "of": 5, "mode": "document_boundary", "logits": [-0.33984375, 0.1796875], "score": 0.3729618489742279, "model_s": 0.9511693997774273, "activation_dtypes": {"torch.bfloat16@npu:0": 2233, "torch.float32@npu:0": 6321}, "split_layer_calls": 24, "cut": 94}
{"pair": 5, "of": 5, "mode": "aligned_boundary", "logits": [-0.2890625, 0.1640625], "score": 0.38861799240112305, "model_s": 0.7781471700873226, "activation_dtypes": {"torch.bfloat16@npu:0": 2233, "torch.float32@npu:0": 5913}, "split_layer_calls": 24, "cut": 64}
{"pair": 5, "of": 5, "mode": "whole_repeat", "logits": [-0.2890625, 0.1640625], "score": 0.38861799240112305, "model_s": 0.7517717098817229, "activation_dtypes": {"torch.bfloat16@npu:0": 1897, "torch.float32@npu:0": 4329}, "split_layer_calls": 0, "cut": null}
{"comparisons": {"document_boundary": {"score_abs_diff_mean": 0.014089787006378173, "score_abs_diff_p50": 0.01069033145904541, "score_abs_diff_p90": 0.03512251377105713, "score_abs_diff_p95": 0.03512251377105713, "score_abs_diff_max": 0.03512251377105713, "logit_abs_diff_max": 0.0859375, "identical_logit_pairs": 0}, "aligned_boundary": {"score_abs_diff_mean": 0.0, "score_abs_diff_p50": 0.0, "score_abs_diff_p90": 0.0, "score_abs_diff_p95": 0.0, "score_abs_diff_max": 0.0, "logit_abs_diff_max": 0.0, "identical_logit_pairs": 5}, "whole_repeat": {"score_abs_diff_mean": 0.0, "score_abs_diff_p50": 0.0, "score_abs_diff_p90": 0.0, "score_abs_diff_p95": 0.0, "score_abs_diff_max": 0.0, "logit_abs_diff_max": 0.0, "identical_logit_pairs": 5}}, "rankings": {"MedicalRetrieval/90": {"orders": {"whole": ["48284", "9814", "80953", "26402"], "document_boundary": ["48284", "80953", "9814", "26402"], "aligned_boundary": ["48284", "9814", "80953", "26402"], "whole_repeat": ["48284", "9814", "80953", "26402"]}, "document_boundary_order_unchanged": false, "strict_reversals": [["80953", "9814"]], "ties_changed": [], "selected_documents": 4, "complete_four_document_group": true}, "MMarcoRetrieval/646623": {"orders": {"whole": ["7904559"], "document_boundary": ["7904559"], "aligned_boundary": ["7904559"], "whole_repeat": ["7904559"]}, "document_boundary_order_unchanged": true, "strict_reversals": [], "ties_changed": [], "selected_documents": 1, "complete_four_document_group": false}}, "unchanged_document_boundary_rankings": 1, "queries": 2}
