loaded:model-00001-of-00004.safetensors
loaded:model-00002-of-00004.safetensors
loaded:model-00003-of-00004.safetensors
loaded:model-00004-of-00004.safetensors
/workspace/repos/clef-reranking-smoke/25_clef_inference/local_modeling_clef.py:76: UserWarning: Cannot create tensor with interal format while allow_internel_format=False, tensor will be created with base format. (Triggered internally at ../torch_npu/csrc/aten/common/TensorFactories.cpp:340.)
  values = torch.linalg.solve_triangular(system, v_beta, upper=False, unitriangular=True)
{"pair": 1, "of": 5, "mode": "whole", "logits": [-1.5063424110412598, 0.16144824028015137], "score": 0.15871895849704742, "model_s": 0.7811136799864471, "activation_dtypes": {"torch.float32@npu:0": 6226}, "split_layer_calls": 0, "cut": null}
{"pair": 1, "of": 5, "mode": "document_boundary", "logits": [-1.506341576576233, 0.16145145893096924], "score": 0.15871864557266235, "model_s": 0.7957788100466132, "activation_dtypes": {"torch.float32@npu:0": 8146}, "split_layer_calls": 24, "cut": 56}
{"pair": 1, "of": 5, "mode": "aligned_boundary", "logits": [-1.5063424110412598, 0.16144824028015137], "score": 0.15871895849704742, "model_s": 0.7753707801457494, "activation_dtypes": {"torch.float32@npu:0": 6226}, "split_layer_calls": 24, "cut": 0}
{"pair": 1, "of": 5, "mode": "whole_repeat", "logits": [-1.5063424110412598, 0.16144824028015137], "score": 0.15871895849704742, "model_s": 0.7755301899742335, "activation_dtypes": {"torch.float32@npu:0": 6226}, "split_layer_calls": 0, "cut": null}
{"pair": 2, "of": 5, "mode": "whole", "logits": [-0.6812765598297119, -0.6357635259628296], "score": 0.488623708486557, "model_s": 0.7852277001366019, "activation_dtypes": {"torch.float32@npu:0": 6226}, "split_layer_calls": 0, "cut": null}
{"pair": 2, "of": 5, "mode": "document_boundary", "logits": [-0.6812760829925537, -0.6357636451721191], "score": 0.48862382769584656, "model_s": 0.9677905500866473, "activation_dtypes": {"torch.float32@npu:0": 8554}, "split_layer_calls": 24, "cut": 79}
{"pair": 2, "of": 5, "mode": "aligned_boundary", "logits": [-0.6812765598297119, -0.6357635259628296], "score": 0.488623708486557, "model_s": 0.7905638199299574, "activation_dtypes": {"torch.float32@npu:0": 8146}, "split_layer_calls": 24, "cut": 64}
{"pair": 2, "of": 5, "mode": "whole_repeat", "logits": [-0.6812765598297119, -0.6357635259628296], "score": 0.488623708486557, "model_s": 0.7773618099745363, "activation_dtypes": {"torch.float32@npu:0": 6226}, "split_layer_calls": 0, "cut": null}
{"pair": 3, "of": 5, "mode": "whole", "logits": [-0.4791760742664337, -0.349465012550354], "score": 0.46761763095855713, "model_s": 0.962237810017541, "activation_dtypes": {"torch.float32@npu:0": 6634}, "split_layer_calls": 0, "cut": null}
{"pair": 3, "of": 5, "mode": "document_boundary", "logits": [-0.47917482256889343, -0.3494613766670227], "score": 0.467617005109787, "model_s": 1.1277820700779557, "activation_dtypes": {"torch.float32@npu:0": 8962}, "split_layer_calls": 24, "cut": 151}
{"pair": 3, "of": 5, "mode": "aligned_boundary", "logits": [-0.4791760742664337, -0.349465012550354], "score": 0.46761763095855713, "model_s": 0.9743651498574764, "activation_dtypes": {"torch.float32@npu:0": 8554}, "split_layer_calls": 24, "cut": 128}
{"pair": 3, "of": 5, "mode": "whole_repeat", "logits": [-0.4791760742664337, -0.349465012550354], "score": 0.46761763095855713, "model_s": 0.9562443399336189, "activation_dtypes": {"torch.float32@npu:0": 6634}, "split_layer_calls": 0, "cut": null}
{"pair": 4, "of": 5, "mode": "whole", "logits": [-0.4559047520160675, -0.5452808737754822], "score": 0.5223291516304016, "model_s": 1.1436020999681205, "activation_dtypes": {"torch.float32@npu:0": 7042}, "split_layer_calls": 0, "cut": null}
{"pair": 4, "of": 5, "mode": "document_boundary", "logits": [-0.45590531826019287, -0.5452799797058105], "score": 0.522328794002533, "model_s": 1.311271209968254, "activation_dtypes": {"torch.float32@npu:0": 9370}, "split_layer_calls": 24, "cut": 205}
{"pair": 4, "of": 5, "mode": "aligned_boundary", "logits": [-0.4559047520160675, -0.5452808737754822], "score": 0.5223291516304016, "model_s": 1.1432351600378752, "activation_dtypes": {"torch.float32@npu:0": 8962}, "split_layer_calls": 24, "cut": 192}
{"pair": 4, "of": 5, "mode": "whole_repeat", "logits": [-0.4559047520160675, -0.5452808737754822], "score": 0.5223291516304016, "model_s": 1.1332792898174375, "activation_dtypes": {"torch.float32@npu:0": 7042}, "split_layer_calls": 0, "cut": null}
{"pair": 5, "of": 5, "mode": "whole", "logits": [-0.34974902868270874, 0.19691991806030273], "score": 0.36663761734962463, "model_s": 0.7810521700885147, "activation_dtypes": {"torch.float32@npu:0": 6226}, "split_layer_calls": 0, "cut": null}
{"pair": 5, "of": 5, "mode": "document_boundary", "logits": [-0.3497470021247864, 0.1969207525253296], "score": 0.36663785576820374, "model_s": 0.9676014999859035, "activation_dtypes": {"torch.float32@npu:0": 8554}, "split_layer_calls": 24, "cut": 94}
{"pair": 5, "of": 5, "mode": "aligned_boundary", "logits": [-0.34974902868270874, 0.19691991806030273], "score": 0.36663761734962463, "model_s": 0.7926866300404072, "activation_dtypes": {"torch.float32@npu:0": 8146}, "split_layer_calls": 24, "cut": 64}
{"pair": 5, "of": 5, "mode": "whole_repeat", "logits": [-0.34974902868270874, 0.19691991806030273], "score": 0.36663761734962463, "model_s": 0.774392609950155, "activation_dtypes": {"torch.float32@npu:0": 6226}, "split_layer_calls": 0, "cut": null}
{"comparisons": {"document_boundary": {"score_abs_diff_mean": 3.3080577850341796e-07, "score_abs_diff_p50": 3.129243850708008e-07, "score_abs_diff_p90": 6.258487701416016e-07, "score_abs_diff_p95": 6.258487701416016e-07, "score_abs_diff_max": 6.258487701416016e-07, "logit_abs_diff_max": 3.635883331298828e-06, "identical_logit_pairs": 0}, "aligned_boundary": {"score_abs_diff_mean": 0.0, "score_abs_diff_p50": 0.0, "score_abs_diff_p90": 0.0, "score_abs_diff_p95": 0.0, "score_abs_diff_max": 0.0, "logit_abs_diff_max": 0.0, "identical_logit_pairs": 5}, "whole_repeat": {"score_abs_diff_mean": 0.0, "score_abs_diff_p50": 0.0, "score_abs_diff_p90": 0.0, "score_abs_diff_p95": 0.0, "score_abs_diff_max": 0.0, "logit_abs_diff_max": 0.0, "identical_logit_pairs": 5}}, "rankings": {"MedicalRetrieval/90": {"orders": {"whole": ["48284", "80953", "9814", "26402"], "document_boundary": ["48284", "80953", "9814", "26402"], "aligned_boundary": ["48284", "80953", "9814", "26402"], "whole_repeat": ["48284", "80953", "9814", "26402"]}, "document_boundary_order_unchanged": true, "strict_reversals": [], "ties_changed": [], "selected_documents": 4, "complete_four_document_group": true}, "MMarcoRetrieval/646623": {"orders": {"whole": ["7904559"], "document_boundary": ["7904559"], "aligned_boundary": ["7904559"], "whole_repeat": ["7904559"]}, "document_boundary_order_unchanged": true, "strict_reversals": [], "ties_changed": [], "selected_documents": 1, "complete_four_document_group": false}}, "unchanged_document_boundary_rankings": 2, "queries": 2}
