client API ready worker_pid=2529224; preloading 1 distinct crops for 8 requests
client crops preloaded 1/1
client payloads ready bytes=207972
SEND client 01/8 table=page_000287_table_box_id_8 active=1
RECV client 01/8 rank=01 id=page_000287_table_box_id_8 latency=3.4980s status=ok active=0
SEND client 02/8 table=page_000287_table_box_id_8 active=1
RECV client 02/8 rank=01 id=page_000287_table_box_id_8 latency=2.2760s status=ok active=0
SEND client 03/8 table=page_000287_table_box_id_8 active=1
RECV client 03/8 rank=01 id=page_000287_table_box_id_8 latency=2.2710s status=ok active=0
SEND client 04/8 table=page_000287_table_box_id_8 active=1
RECV client 04/8 rank=01 id=page_000287_table_box_id_8 latency=2.2699s status=ok active=0
SEND client 05/8 table=page_000287_table_box_id_8 active=1
RECV client 05/8 rank=01 id=page_000287_table_box_id_8 latency=2.2756s status=ok active=0
SEND client 06/8 table=page_000287_table_box_id_8 active=1
RECV client 06/8 rank=01 id=page_000287_table_box_id_8 latency=9.1862s status=ok active=0
SEND client 07/8 table=page_000287_table_box_id_8 active=1
RECV client 07/8 rank=01 id=page_000287_table_box_id_8 latency=9.1036s status=ok active=0
SEND client 08/8 table=page_000287_table_box_id_8 active=1
RECV client 08/8 rank=01 id=page_000287_table_box_id_8 latency=9.1599s status=ok active=0
DONE client requests=8 failures=0 max_in_flight=1 wall=40.0467s qps=0.1998 p50=2.8870s p95=9.1770s max=9.1862s
