nohup: ignoring input
2026-09-06T06:34:29+08:00
	NPU ID                         : 6
	Chip Count                     : 1

	No process in device.
	Chip ID                        : 0

2026-09-06T06:34:35+08:00
	NPU ID                         : 6
	Chip Count                     : 1

	No process in device.
	Chip ID                        : 0

2026-09-06T06:34:40+08:00
	NPU ID                         : 6
	Chip Count                     : 1

	No process in device.
	Chip ID                        : 0

2026-09-06T06:34:46+08:00
	NPU ID                         : 6
	Chip Count                     : 1

	No process in device.
	Chip ID                        : 0

2026-09-06T06:34:52+08:00
	NPU ID                         : 6
	Chip Count                     : 1

	No process in device.
	Chip ID                        : 0

2026-09-06T06:34:57+08:00
	NPU ID                         : 6
	Chip Count                     : 1

	No process in device.
	Chip ID                        : 0

2026-09-06T06:35:03+08:00
	NPU ID                         : 6
	Chip Count                     : 1

	No process in device.
	Chip ID                        : 0

2026-09-06T06:35:08+08:00
	NPU ID                         : 6
	Chip Count                     : 1

	No process in device.
	Chip ID                        : 0

2026-09-06T06:35:14+08:00
	NPU ID                         : 6
	Chip Count                     : 1

	No process in device.
	Chip ID                        : 0

2026-09-06T06:35:19+08:00
	NPU ID                         : 6
	Chip Count                     : 1

	No process in device.
	Chip ID                        : 0

2026-09-06T06:35:25+08:00
	NPU ID                         : 6
	Chip Count                     : 1

	No process in device.
	Chip ID                        : 0

2026-09-06T06:35:30+08:00
	NPU ID                         : 6
	Chip Count                     : 1

	No process in device.
	Chip ID                        : 0

2026-09-06T06:35:36+08:00
	NPU ID                         : 6
	Chip Count                     : 1

	Process id:1931144 Process name:python            Process memory(MB):105
	Chip ID                        : 0

2026-09-06T06:35:41+08:00
	NPU ID                         : 6
	Chip Count                     : 1

	Process id:1931144 Process name:python            Process memory(MB):105
	Chip ID                        : 0

2026-09-06T06:35:47+08:00
	NPU ID                         : 6
	Chip Count                     : 1

	Process id:1931144 Process name:python            Process memory(MB):3855
	Chip ID                        : 0

2026-09-06T06:35:52+08:00
	NPU ID                         : 6
	Chip Count                     : 1

	Process id:1931144 Process name:python            Process memory(MB):3869
	Chip ID                        : 0

2026-09-06T06:35:58+08:00
	NPU ID                         : 6
	Chip Count                     : 1

	Process id:1931144 Process name:python            Process memory(MB):4175
	Chip ID                        : 0

2026-09-06T06:36:03+08:00
	NPU ID                         : 6
	Chip Count                     : 1

	Process id:1931144 Process name:python            Process memory(MB):6895
	Chip ID                        : 0

2026-09-06T06:36:09+08:00
	NPU ID                         : 6
	Chip Count                     : 1

	Process id:1931144 Process name:python            Process memory(MB):6895
	Chip ID                        : 0

2026-09-06T06:36:14+08:00
	NPU ID                         : 6
	Chip Count                     : 1

	Process id:1931144 Process name:python            Process memory(MB):6895
	Chip ID                        : 0

2026-09-06T06:36:20+08:00
	NPU ID                         : 6
	Chip Count                     : 1

	Process id:1931144 Process name:python            Process memory(MB):6895
	Chip ID                        : 0

2026-09-06T06:36:25+08:00
	NPU ID                         : 6
	Chip Count                     : 1

	Process id:1931144 Process name:python            Process memory(MB):6895
	Chip ID                        : 0

2026-09-06T06:36:31+08:00
	NPU ID                         : 6
	Chip Count                     : 1

	Process id:1931144 Process name:python            Process memory(MB):6895
	Chip ID                        : 0

2026-09-06T06:36:36+08:00
	NPU ID                         : 6
	Chip Count                     : 1

	Process id:1931144 Process name:python            Process memory(MB):6895
	Chip ID                        : 0

2026-09-06T06:36:42+08:00
	NPU ID                         : 6
	Chip Count                     : 1

	Process id:1931144 Process name:python            Process memory(MB):6895
	Chip ID                        : 0

2026-09-06T06:36:47+08:00
	NPU ID                         : 6
	Chip Count                     : 1

	Process id:1931144 Process name:python            Process memory(MB):6895
	Chip ID                        : 0

2026-09-06T06:36:53+08:00
	NPU ID                         : 6
	Chip Count                     : 1

	Process id:1931144 Process name:python            Process memory(MB):6895
	Chip ID                        : 0

2026-09-06T06:36:58+08:00
	NPU ID                         : 6
	Chip Count                     : 1

	Process id:1931144 Process name:python            Process memory(MB):6895
	Chip ID                        : 0

2026-09-06T06:37:04+08:00
	NPU ID                         : 6
	Chip Count                     : 1

	Process id:1931144 Process name:python            Process memory(MB):6895
	Chip ID                        : 0

2026-09-06T06:37:09+08:00
	NPU ID                         : 6
	Chip Count                     : 1

	Process id:1931144 Process name:python            Process memory(MB):6895
	Chip ID                        : 0

2026-09-06T06:37:15+08:00
	NPU ID                         : 6
	Chip Count                     : 1

	Process id:1931144 Process name:python            Process memory(MB):6895
	Chip ID                        : 0

2026-09-06T06:37:20+08:00
	NPU ID                         : 6
	Chip Count                     : 1

	Process id:1931144 Process name:python            Process memory(MB):6895
	Chip ID                        : 0

2026-09-06T06:37:26+08:00
	NPU ID                         : 6
	Chip Count                     : 1

	Process id:1931144 Process name:python            Process memory(MB):6895
	Chip ID                        : 0

2026-09-06T06:37:31+08:00
	NPU ID                         : 6
	Chip Count                     : 1

	Process id:1931144 Process name:python            Process memory(MB):6895
	Chip ID                        : 0

2026-09-06T06:37:37+08:00
	NPU ID                         : 6
	Chip Count                     : 1

	Process id:1931144 Process name:python            Process memory(MB):6895
	Chip ID                        : 0

2026-09-06T06:37:42+08:00
	NPU ID                         : 6
	Chip Count                     : 1

	Process id:1931144 Process name:python            Process memory(MB):6961
	Chip ID                        : 0

2026-09-06T06:37:48+08:00
	NPU ID                         : 6
	Chip Count                     : 1

	Process id:1931144 Process name:python            Process memory(MB):6961
	Chip ID                        : 0

2026-09-06T06:37:53+08:00
	NPU ID                         : 6
	Chip Count                     : 1

	Process id:1931144 Process name:python            Process memory(MB):6961
	Chip ID                        : 0

2026-09-06T06:37:59+08:00
	NPU ID                         : 6
	Chip Count                     : 1

	Process id:1931144 Process name:python            Process memory(MB):6965
	Chip ID                        : 0

2026-09-06T06:38:04+08:00
	NPU ID                         : 6
	Chip Count                     : 1

	Process id:1931144 Process name:python            Process memory(MB):6965
	Chip ID                        : 0

2026-09-06T06:38:10+08:00
	NPU ID                         : 6
	Chip Count                     : 1

	Process id:1931144 Process name:python            Process memory(MB):6965
	Chip ID                        : 0

2026-09-06T06:38:15+08:00
	NPU ID                         : 6
	Chip Count                     : 1

	Process id:1931144 Process name:python            Process memory(MB):6973
	Chip ID                        : 0

2026-09-06T06:38:21+08:00
	NPU ID                         : 6
	Chip Count                     : 1

	Process id:1931144 Process name:python            Process memory(MB):6973
	Chip ID                        : 0

2026-09-06T06:38:26+08:00
	NPU ID                         : 6
	Chip Count                     : 1

	Process id:1931144 Process name:python            Process memory(MB):6973
	Chip ID                        : 0

2026-09-06T06:38:32+08:00
	NPU ID                         : 6
	Chip Count                     : 1

	Process id:1931144 Process name:python            Process memory(MB):6973
	Chip ID                        : 0

2026-09-06T06:38:38+08:00
	NPU ID                         : 6
	Chip Count                     : 1

	Process id:1931144 Process name:python            Process memory(MB):6973
	Chip ID                        : 0

2026-09-06T06:38:43+08:00
	NPU ID                         : 6
	Chip Count                     : 1

	Process id:1931144 Process name:python            Process memory(MB):6973
	Chip ID                        : 0

2026-09-06T06:38:49+08:00
	NPU ID                         : 6
	Chip Count                     : 1

	Process id:1931144 Process name:python            Process memory(MB):6973
	Chip ID                        : 0

2026-09-06T06:38:54+08:00
	NPU ID                         : 6
	Chip Count                     : 1

	Process id:1931144 Process name:python            Process memory(MB):6973
	Chip ID                        : 0

2026-09-06T06:39:00+08:00
	NPU ID                         : 6
	Chip Count                     : 1

	Process id:1931144 Process name:python            Process memory(MB):6973
	Chip ID                        : 0

2026-09-06T06:39:05+08:00
	NPU ID                         : 6
	Chip Count                     : 1

	Process id:1931144 Process name:python            Process memory(MB):6973
	Chip ID                        : 0

2026-09-06T06:39:11+08:00
	NPU ID                         : 6
	Chip Count                     : 1

	Process id:1931144 Process name:python            Process memory(MB):6973
	Chip ID                        : 0

2026-09-06T06:39:16+08:00
	NPU ID                         : 6
	Chip Count                     : 1

	Process id:1931144 Process name:python            Process memory(MB):6973
	Chip ID                        : 0

2026-09-06T06:39:22+08:00
	NPU ID                         : 6
	Chip Count                     : 1

	Process id:1931144 Process name:python            Process memory(MB):6973
	Chip ID                        : 0

2026-09-06T06:39:27+08:00
	NPU ID                         : 6
	Chip Count                     : 1

	Process id:1931144 Process name:python            Process memory(MB):6973
	Chip ID                        : 0

2026-09-06T06:39:33+08:00
	NPU ID                         : 6
	Chip Count                     : 1

	Process id:1931144 Process name:python            Process memory(MB):6973
	Chip ID                        : 0

2026-09-06T06:39:38+08:00
	NPU ID                         : 6
	Chip Count                     : 1

	Process id:1931144 Process name:python            Process memory(MB):6973
	Chip ID                        : 0

2026-09-06T06:39:44+08:00
	NPU ID                         : 6
	Chip Count                     : 1

	Process id:1931144 Process name:python            Process memory(MB):6973
	Chip ID                        : 0

2026-09-06T06:39:49+08:00
	NPU ID                         : 6
	Chip Count                     : 1

	Process id:1931144 Process name:python            Process memory(MB):6973
	Chip ID                        : 0

2026-09-06T06:39:55+08:00
	NPU ID                         : 6
	Chip Count                     : 1

	Process id:1931144 Process name:python            Process memory(MB):6973
	Chip ID                        : 0

2026-09-06T06:40:00+08:00
	NPU ID                         : 6
	Chip Count                     : 1

	Process id:1931144 Process name:python            Process memory(MB):6973
	Chip ID                        : 0

2026-09-06T06:40:06+08:00
	NPU ID                         : 6
	Chip Count                     : 1

	Process id:1931144 Process name:python            Process memory(MB):6973
	Chip ID                        : 0

2026-09-06T06:40:11+08:00
	NPU ID                         : 6
	Chip Count                     : 1

	Process id:1931144 Process name:python            Process memory(MB):6973
	Chip ID                        : 0

2026-09-06T06:40:17+08:00
	NPU ID                         : 6
	Chip Count                     : 1

	Process id:1931144 Process name:python            Process memory(MB):6973
	Chip ID                        : 0

2026-09-06T06:40:22+08:00
	NPU ID                         : 6
	Chip Count                     : 1

	Process id:1931144 Process name:python            Process memory(MB):6973
	Chip ID                        : 0

2026-09-06T06:40:28+08:00
	NPU ID                         : 6
	Chip Count                     : 1

	Process id:1931144 Process name:python            Process memory(MB):6973
	Chip ID                        : 0

2026-09-06T06:40:33+08:00
	NPU ID                         : 6
	Chip Count                     : 1

	Process id:1931144 Process name:python            Process memory(MB):6973
	Chip ID                        : 0

2026-09-06T06:40:39+08:00
	NPU ID                         : 6
	Chip Count                     : 1

	Process id:1931144 Process name:python            Process memory(MB):6973
	Chip ID                        : 0

2026-09-06T06:40:44+08:00
	NPU ID                         : 6
	Chip Count                     : 1

	Process id:1931144 Process name:python            Process memory(MB):6973
	Chip ID                        : 0

2026-09-06T06:40:50+08:00
	NPU ID                         : 6
	Chip Count                     : 1

	Process id:1931144 Process name:python            Process memory(MB):6973
	Chip ID                        : 0

2026-09-06T06:40:55+08:00
	NPU ID                         : 6
	Chip Count                     : 1

	Process id:1931144 Process name:python            Process memory(MB):6973
	Chip ID                        : 0

2026-09-06T06:41:01+08:00
	NPU ID                         : 6
	Chip Count                     : 1

	Process id:1931144 Process name:python            Process memory(MB):6973
	Chip ID                        : 0

2026-09-06T06:41:06+08:00
	NPU ID                         : 6
	Chip Count                     : 1

	Process id:1931144 Process name:python            Process memory(MB):6973
	Chip ID                        : 0

2026-09-06T06:41:12+08:00
	NPU ID                         : 6
	Chip Count                     : 1

	Process id:1931144 Process name:python            Process memory(MB):6973
	Chip ID                        : 0

2026-09-06T06:41:17+08:00
	NPU ID                         : 6
	Chip Count                     : 1

	Process id:1931144 Process name:python            Process memory(MB):6973
	Chip ID                        : 0

2026-09-06T06:41:23+08:00
	NPU ID                         : 6
	Chip Count                     : 1

	Process id:1931144 Process name:python            Process memory(MB):257
	Chip ID                        : 0

2026-09-06T06:41:28+08:00
	NPU ID                         : 6
	Chip Count                     : 1

	No process in device.
	Chip ID                        : 0

2026-09-06T06:41:34+08:00
	NPU ID                         : 6
	Chip Count                     : 1

	No process in device.
	Chip ID                        : 0

2026-09-06T06:41:39+08:00
	NPU ID                         : 6
	Chip Count                     : 1

	No process in device.
	Chip ID                        : 0

2026-09-06T06:41:45+08:00
	NPU ID                         : 6
	Chip Count                     : 1

	No process in device.
	Chip ID                        : 0

2026-09-06T06:41:50+08:00
	NPU ID                         : 6
	Chip Count                     : 1

	No process in device.
	Chip ID                        : 0

2026-09-06T06:41:56+08:00
	NPU ID                         : 6
	Chip Count                     : 1

	No process in device.
	Chip ID                        : 0

2026-09-06T06:42:02+08:00
	NPU ID                         : 6
	Chip Count                     : 1

	No process in device.
	Chip ID                        : 0

2026-09-06T06:42:07+08:00
	NPU ID                         : 6
	Chip Count                     : 1

	No process in device.
	Chip ID                        : 0

2026-09-06T06:42:13+08:00
	NPU ID                         : 6
	Chip Count                     : 1

	No process in device.
	Chip ID                        : 0

2026-09-06T06:42:18+08:00
	NPU ID                         : 6
	Chip Count                     : 1

	No process in device.
	Chip ID                        : 0

2026-09-06T06:42:24+08:00
	NPU ID                         : 6
	Chip Count                     : 1

	No process in device.
	Chip ID                        : 0

2026-09-06T06:42:29+08:00
	NPU ID                         : 6
	Chip Count                     : 1

	No process in device.
	Chip ID                        : 0

2026-09-06T06:42:35+08:00
	NPU ID                         : 6
	Chip Count                     : 1

	No process in device.
	Chip ID                        : 0

2026-09-06T06:42:40+08:00
	NPU ID                         : 6
	Chip Count                     : 1

	No process in device.
	Chip ID                        : 0

2026-09-06T06:42:46+08:00
	NPU ID                         : 6
	Chip Count                     : 1

	No process in device.
	Chip ID                        : 0

2026-09-06T06:42:51+08:00
	NPU ID                         : 6
	Chip Count                     : 1

	No process in device.
	Chip ID                        : 0

2026-09-06T06:42:57+08:00
	NPU ID                         : 6
	Chip Count                     : 1

	No process in device.
	Chip ID                        : 0

2026-09-06T06:43:02+08:00
	NPU ID                         : 6
	Chip Count                     : 1

	No process in device.
	Chip ID                        : 0

2026-09-06T06:43:08+08:00
	NPU ID                         : 6
	Chip Count                     : 1

	No process in device.
	Chip ID                        : 0

2026-09-06T06:43:13+08:00
	NPU ID                         : 6
	Chip Count                     : 1

	No process in device.
	Chip ID                        : 0

