2026-07-23 12:50:15 [INFO] [ms_multi_process.py:76] - CpuUsageAnalysis process data finished, execute time is 0.004 s
2026-07-23 12:50:15 [INFO] [ms_multi_process.py:76] - MemUsageAnalysis process data finished, execute time is 0.004 s
2026-07-23 12:50:15 [INFO] [ms_multi_process.py:76] - DiskUsageAnalysis process data finished, execute time is 0.004 s
2026-07-23 12:50:15 [INFO] [ms_multi_process.py:76] - NetworkUsageAnalysis process data finished, execute time is 0.004 s
2026-07-23 12:50:15 [INFO] [ms_multi_process.py:76] - HostSyscallAnalysis process data finished, execute time is 0.005 s
2026-07-23 12:50:15 [INFO] [collection_engine.py:96] - Database process finished.
2026-07-23 12:50:15 [INFO] [collection_engine.py:97] - Analysis finished.
2026-07-23 12:50:15 [INFO] [data_parser.py:122] - start to process the file: unaging.additional.logic_stream_info.slice_0
2026-07-23 12:50:15 [INFO] [ms_multi_process.py:76] - ParsingMemoryData process data finished, execute time is 0.004 s
2026-07-23 12:50:15 [INFO] [ms_multi_process.py:76] - ParsingCpuUsageData process data finished, execute time is 0.004 s
2026-07-23 12:50:15 [INFO] [ms_time_parser.py:116] - Start parsing sync data ...
2026-07-23 12:50:15 [INFO] [ms_time_parser.py:119] - Parsing sync data finished...
2026-07-23 12:50:15 [INFO] [ms_multi_process.py:76] - GeLogicStreamParser process data finished, execute time is 0.009 s
2026-07-23 12:50:15 [WARNING] [data_preparation_parser.py:104] - No data preparation data, data list is empty!
2026-07-23 12:50:15 [INFO] [data_preparation_parser.py:117] - Parsing data preparation has finished.
2026-07-23 12:50:15 [INFO] [ms_multi_process.py:76] - DataPreparationParser process data finished, execute time is 0.004 s
2026-07-23 12:50:15 [INFO] [ms_multi_process.py:76] - NpuOpMemParser process data finished, execute time is 0.004 s
2026-07-23 12:50:15 [INFO] [ms_multi_process.py:76] - MsTimeParser process data finished, execute time is 0.007 s
2026-07-23 12:50:15 [INFO] [ms_multi_process.py:76] - Mc2CommInfoParser process data finished, execute time is 0.004 s
2026-07-23 12:50:15 [INFO] [ms_multi_process.py:76] - StreamExpandSpecParser process data finished, execute time is 0.004 s
2026-07-23 12:50:15 [INFO] [ms_multi_process.py:76] - CaptureStreamInfoParser process data finished, execute time is 0.004 s
2026-07-23 12:50:15 [INFO] [ms_multi_process.py:76] - RuntimeOpInfoParser process data finished, execute time is 0.004 s
2026-07-23 12:50:15 [INFO] [ms_multi_process.py:76] - HCCLOperatorParser process data finished, execute time is 0.004 s
2026-07-23 12:50:15 [INFO] [cann_calculator.py:82] - start to analysis cann software callstack
2026-07-23 12:50:15 [INFO] [msprof_c_interface.py:34] - Data will be parsed by msprof_analysis.so!
2026-07-23 12:50:15 [INFO] [ms_multi_process.py:76] - CANNCalculator process data finished, execute time is 0.056 s
2026-07-23 12:50:15 [INFO] [ms_multi_process.py:76] - MsprofTxParser process data finished, execute time is 0.004 s
2026-07-23 12:50:15 [INFO] [ms_multi_process.py:76] - StaticOpMemParser process data finished, execute time is 0.004 s
2026-07-23 12:50:15 [INFO] [ms_multi_process.py:76] - NpuOpMemCalculator process data finished, execute time is 0.004 s
2026-07-23 12:50:16 [WARNING] [file_manager.py:98] - Data has been analyzed, path is /workspace/repos/paddle_ocr_vl_npu/tmp/09_persistent_page_engine/text_decode_lab/npu_profiles/b2_k1024_p768_pipe_20260723_125014/liteserver-c001-4_133035_20260723125014305_ascend_pt/PROF_000001_20260723125014335_00133035QGQKNPJG/host, there are ['ge_logic_stream_info.db', 'time.db', 'ge_hash.db', 'api_event.db', 'ge_model_info.db', 'runtime.db', 'ge_info.db'] in sqlite.
2026-07-23 12:50:16 [WARNING] [msprof_export.py:477] - File all_file.complete already exists. All data will be exported from db in sqlite. Path is /workspace/repos/paddle_ocr_vl_npu/tmp/09_persistent_page_engine/text_decode_lab/npu_profiles/b2_k1024_p768_pipe_20260723_125014/liteserver-c001-4_133035_20260723125014305_ascend_pt/PROF_000001_20260723125014335_00133035QGQKNPJG/host 
2026-07-23 12:50:16 [INFO] [ms_multi_process.py:76] - NpuOpMemCalculator process data finished, execute time is 0.003 s
