commit=24acb27989bcc02a89813d284ad5c2747aa24b97
host=liteserver-c001-4
physical_npu=5
python=3.12.13
torch=2.10.0+cpu
torch_npu=2.10.0
+------------------------------------------------------------------------------------------------+
| npu-smi 25.0.rc1.1               Version: 25.0.rc1.1                                           |
+---------------------------+---------------+----------------------------------------------------+
| NPU   Name                | Health        | Power(W)    Temp(C)           Hugepages-Usage(page)|
| Chip                      | Bus-Id        | AICore(%)   Memory-Usage(MB)  HBM-Usage(MB)        |
+===========================+===============+====================================================+
| 0     910B2               | OK            | 108.1       48                0    / 0             |
| 0                         | 0000:C1:00.0  | 0           0    / 0          3421 / 65536         |
+===========================+===============+====================================================+
| 1     910B2               | OK            | 102.9       49                0    / 0             |
| 0                         | 0000:01:00.0  | 0           0    / 0          3411 / 65536         |
+===========================+===============+====================================================+
| 2     910B2               | OK            | 103.6       48                0    / 0             |
| 0                         | 0000:C2:00.0  | 0           0    / 0          3422 / 65536         |
+===========================+===============+====================================================+
| 3     910B2               | OK            | 102.1       47                0    / 0             |
| 0                         | 0000:02:00.0  | 0           0    / 0          56735/ 65536         |
+===========================+===============+====================================================+
| 4     910B2               | OK            | 101.8       48                0    / 0             |
| 0                         | 0000:81:00.0  | 0           0    / 0          56732/ 65536         |
+===========================+===============+====================================================+
| 5     910B2               | OK            | 101.3       48                0    / 0             |
| 0                         | 0000:41:00.0  | 0           0    / 0          3424 / 65536         |
+===========================+===============+====================================================+
| 6     910B2               | OK            | 102.4       49                0    / 0             |
| 0                         | 0000:82:00.0  | 0           0    / 0          56732/ 65536         |
+===========================+===============+====================================================+
| 7     910B2               | OK            | 102.8       49                0    / 0             |
| 0                         | 0000:42:00.0  | 0           0    / 0          56736/ 65536         |
+===========================+===============+====================================================+
+---------------------------+---------------+----------------------------------------------------+
| NPU     Chip              | Process id    | Process name             | Process memory(MB)      |
+===========================+===============+====================================================+
| No running processes found in NPU 0                                                            |
+===========================+===============+====================================================+
| No running processes found in NPU 1                                                            |
+===========================+===============+====================================================+
| No running processes found in NPU 2                                                            |
+===========================+===============+====================================================+
| 3       0                 | 4045324       |                          | 53365                   |
+===========================+===============+====================================================+
| 4       0                 | 4046375       |                          | 53365                   |
+===========================+===============+====================================================+
| No running processes found in NPU 5                                                            |
+===========================+===============+====================================================+
| 6       0                 | 4046813       |                          | 53365                   |
+===========================+===============+====================================================+
| 7       0                 | 4047290       |                          | 53365                   |
+===========================+===============+====================================================+
