OPENDOC_CUSTOM_SETUP_BEGIN mode=compare pages=1 max_parallel_blocks=1 decode_mode=eager
[2026/08/05 12:18:17] opendoc_onnx INFO: 🔧 User specified: Using CPU for layout detection
[2026/08/05 12:18:17] opendoc_onnx INFO: Layout detector using: CPUExecutionProvider
[2026/08/05 12:18:18] opendoc_onnx INFO:    Input names: ['im_shape', 'image', 'scale_factor']
[2026/08/05 12:18:18] opendoc_onnx INFO:    Output names: ['fetch_name_0', 'fetch_name_1']
Loading ONNX models...
🔧 User specified: Using CPU
Using execution providers: ['CPUExecutionProvider']
Loading tokenizer from mapping file: /root/.cache/openocr/unirec_0_1b_onnx/unirec_tokenizer_mapping.json
✅ Loaded vocabulary with 56371 tokens

✅ Models loaded successfully!
   Number of decoder layers: 6
   Number of attention heads: 6
   Head dimension: 128
   Model dimension (d_model): 768
   Vocabulary size: 56371
OPENDOC_CUSTOM_SETUP_END setup_s=14.286
OPENDOC_CUSTOM_PAGE_BEGIN index=1/1 image=PPT_1001115_eng_page_003.png
[2026/08/05 12:18:34] opendoc_onnx INFO:   VLM recognition: processing 6 block(s) sequentially
/workspace/repos/paddle_ocr_vl_npu/12_unirec_0_1b_inference/modeling_optimized_unirec.py:1426: UserWarning: Cannot create tensor with interal format while allow_internel_format=False, tensor will be created with base format. (Triggered internally at ../torch_npu/csrc/aten/common/TensorFactories.cpp:340.)
  pixel_values = inputs["pixel_values"].to(self.device).to(dtype=self.dtype)
Encoding image...
Encoding time: 0.26 seconds
  cross_k shape: (6, 1, 6, 32, 128)
  cross_v shape: (6, 1, 6, 32, 128)
Generating text...
✅ Generation complete! Total tokens: 7
  Time taken: 0.27 seconds
  Tokens per second: 26.31
UNIREC_CROP_END page=PPT_1001115_eng_page_003.png crop=1 label=paragraph_title_01 custom_tokens=7 custom_s=0.614 token_exact=True first_diff=None
Encoding image...
Encoding time: 1.16 seconds
  cross_k shape: (6, 1, 6, 52, 128)
  cross_v shape: (6, 1, 6, 52, 128)
Generating text...
✅ Generation complete! Total tokens: 15
  Time taken: 1.71 seconds
  Tokens per second: 8.79
UNIREC_CROP_END page=PPT_1001115_eng_page_003.png crop=2 label=paragraph_title_02 custom_tokens=15 custom_s=0.365 token_exact=True first_diff=None
Encoding image...
Encoding time: 1.34 seconds
  cross_k shape: (6, 1, 6, 60, 128)
  cross_v shape: (6, 1, 6, 60, 128)
Generating text...
✅ Generation complete! Total tokens: 26
  Time taken: 3.30 seconds
  Tokens per second: 7.88
UNIREC_CROP_END page=PPT_1001115_eng_page_003.png crop=3 label=text_03 custom_tokens=26 custom_s=0.388 token_exact=True first_diff=None
Encoding image...
Encoding time: 1.97 seconds
  cross_k shape: (6, 1, 6, 112, 128)
  cross_v shape: (6, 1, 6, 112, 128)
Generating text...
✅ Generation complete! Total tokens: 29
  Time taken: 3.27 seconds
  Tokens per second: 8.88
UNIREC_CROP_END page=PPT_1001115_eng_page_003.png crop=4 label=text_04 custom_tokens=29 custom_s=0.548 token_exact=True first_diff=None
Encoding image...
Encoding time: 1.71 seconds
  cross_k shape: (6, 1, 6, 120, 128)
  cross_v shape: (6, 1, 6, 120, 128)
Generating text...
✅ Generation complete! Total tokens: 47
  Time taken: 5.67 seconds
  Tokens per second: 8.29
UNIREC_CROP_END page=PPT_1001115_eng_page_003.png crop=5 label=text_05 custom_tokens=47 custom_s=0.697 token_exact=True first_diff=None
Encoding image...
Encoding time: 1.43 seconds
  cross_k shape: (6, 1, 6, 60, 128)
  cross_v shape: (6, 1, 6, 60, 128)
Generating text...
✅ Generation complete! Total tokens: 28
  Time taken: 2.82 seconds
  Tokens per second: 9.91
UNIREC_CROP_END page=PPT_1001115_eng_page_003.png crop=6 label=text_06 custom_tokens=28 custom_s=0.404 token_exact=True first_diff=None
[2026/08/05 12:19:02] opendoc_onnx INFO:   Total time:  31.189s
OPENDOC_CUSTOM_PAGE_END index=1/1 wall_s=31.225 recognized_crops=6
OPENDOC_CUSTOM_RUN_END {"status": "ok", "mode": "compare", "openocr_root": "/workspace/repos/OpenOCR", "model_path": "/workspace/models/unirec-0.1b", "device": "npu:0", "dtype": "float16", "decode_mode": "eager", "compile_backend": null, "compile_cache_dir": null, "max_parallel_blocks": 1, "max_length": 256, "setup_s": 14.28553848201409, "pipeline_wall_s": 31.224800956901163, "page_count": 1, "crop_count": 6, "preprocess_exact_count": 0, "token_exact_count": 6, "raw_text_exact_count": 6, "postprocessed_text_exact_count": 6, "pages": [{"image": "/workspace/datasets/OmniDocBench/images/PPT_1001115_eng_page_003.png", "wall_s": 31.224800956901163, "recognized_crops": 6}], "trace_path": "/workspace/repos/paddle_ocr_vl_npu/tmp/12_unirec_0_1b_inference/opendoc_explicit_fp16_eager_compare_d470301/output/recognition_comparison.jsonl"}
