OCR API ready worker_pid=121321; preparing table crops in RAM
Frozen ALL cohort: 665 tables (121 LaTeX, 544 non-LaTeX)
Scheduled 100 Poisson arrivals at 6 QPS; request limit=100; last scheduled arrival at 16.852s; HTTP endpoint=http://127.0.0.1:8767/v1/ocr
Writing each completion to tmp/19_table_ocr_serving/logging_20260913/final/basic/b8/measured/results/results.jsonl
[   0.025s] SEND #00001 table=page_000287_table_box_id_8 lag=   1.2ms active=1
[   0.339s] SEND #00002 table=page_001367_table_51 lag=   1.2ms active=2
[   0.580s] SEND #00003 table=page_000236_table_box_id_1 lag=   1.7ms active=3
[   0.627s] SEND #00004 table=page_000634_table_11 lag=   0.3ms active=4
[   0.742s] SEND #00005 table=page_000272_table_box_id_1 lag=   1.0ms active=5
[   0.841s] SEND #00006 table=page_001172_table_16 lag=   0.4ms active=6
[   1.018s] SEND #00007 table=page_001137_table_2 lag=   1.5ms active=7
[   1.260s] RECV #00003 table=page_000236_table_box_id_1 request= 0.680s scheduled= 0.682s status=ok active=6
[   1.276s] SEND #00008 table=page_001150_table_box_id_9 lag=   1.0ms active=7
[   1.292s] SEND #00009 table=page_000920_table_8 lag=   0.3ms active=8
[   1.297s] SEND #00010 table=page_000524_table_0 lag=   0.6ms active=9
[   1.477s] RECV #00002 table=page_001367_table_51 request= 1.139s scheduled= 1.140s status=ok active=8
[   1.569s] RECV #00006 table=page_001172_table_16 request= 0.728s scheduled= 0.729s status=ok active=7
[   1.599s] SEND #00011 table=page_000256_table_box_id_8 lag=   0.9ms active=8
[   1.692s] SEND #00012 table=page_001166_table_9 lag=   0.2ms active=9
[   1.790s] RECV #00004 table=page_000634_table_11 request= 1.163s scheduled= 1.163s status=ok active=8
[   1.837s] RECV #00009 table=page_000920_table_8 request= 0.545s scheduled= 0.546s status=ok active=7
[   1.932s] SEND #00013 table=page_000211_table_box_id_3 lag=   0.3ms active=8
[   1.932s] SEND #00014 table=page_000933_table_10 lag=   0.4ms active=9
[   2.031s] SEND #00015 table=page_001129_table_8 lag=   0.5ms active=10
[   2.110s] RECV #00011 table=page_000256_table_box_id_8 request= 0.512s scheduled= 0.513s status=ok active=9
[   2.182s] RECV #00012 table=page_001166_table_9 request= 0.490s scheduled= 0.490s status=ok active=8
[   2.244s] SEND #00016 table=page_001375_table_7 lag=   0.4ms active=9
[   2.275s] RECV #00008 table=page_001150_table_box_id_9 request= 0.998s scheduled= 0.999s status=ok active=8
[   2.287s] SEND #00017 table=page_000106_table_box_id_2 lag=   0.4ms active=9
[   2.323s] RECV #00014 table=page_000933_table_10 request= 0.390s scheduled= 0.391s status=ok active=8
[   2.562s] RECV #00016 table=page_001375_table_7 request= 0.318s scheduled= 0.318s status=ok active=7
[   2.588s] RECV #00007 table=page_001137_table_2 request= 1.571s scheduled= 1.572s status=ok active=6
[   2.772s] SEND #00018 table=page_001134_table_10 lag=   1.1ms active=7
[   2.885s] RECV #00010 table=page_000524_table_0 request= 1.588s scheduled= 1.589s status=ok active=6
[   2.954s] RECV #00013 table=page_000211_table_box_id_3 request= 1.022s scheduled= 1.023s status=ok active=5
[   3.092s] RECV #00017 table=page_000106_table_box_id_2 request= 0.806s scheduled= 0.806s status=ok active=4
[   3.158s] SEND #00019 table=page_000642_table_8 lag=   0.9ms active=5
[   3.163s] SEND #00020 table=page_000564_table_7 lag=   0.4ms active=6
[   3.167s] SEND #00021 table=page_001368_table_box_id_242 lag=   0.8ms active=7
[   3.297s] SEND #00022 table=page_000263_table_box_id_7 lag=   0.5ms active=8
[   3.643s] RECV #00021 table=page_001368_table_box_id_242 request= 0.476s scheduled= 0.477s status=ok active=7
[   3.715s] RECV #00020 table=page_000564_table_7 request= 0.553s scheduled= 0.553s status=ok active=6
[   3.763s] SEND #00023 table=page_000746_table_18 lag=   0.5ms active=7
[   3.795s] RECV #00015 table=page_001129_table_8 request= 1.765s scheduled= 1.765s status=ok active=6
[   3.844s] SEND #00024 table=page_000213_table_box_id_5 lag=   1.1ms active=7
[   3.884s] SEND #00025 table=page_000206_table_box_id_1 lag=   0.4ms active=8
[   3.976s] SEND #00026 table=page_000209_table_box_id_1 lag=   1.0ms active=9
[   3.981s] SEND #00027 table=page_001216_table_2 lag=   0.8ms active=10
[   4.022s] SEND #00028 table=page_000188_table_box_id_6 lag=   0.8ms active=11
[   4.118s] SEND #00029 table=page_000921_table_9 lag=   0.5ms active=12
[   4.232s] SEND #00030 table=page_000533_table_8 lag=   0.3ms active=13
[   4.277s] SEND #00031 table=page_001123_table_14 lag=   0.8ms active=14
[   4.321s] SEND #00032 table=page_001503_table_5 lag=   0.8ms active=15
[   4.336s] RECV #00018 table=page_001134_table_10 request= 1.565s scheduled= 1.566s status=ok active=14
[   4.362s] SEND #00033 table=page_001197_table_5 lag=   1.0ms active=15
[   4.462s] RECV #00001 table=page_000287_table_box_id_8 request= 4.437s scheduled= 4.438s status=ok active=14
[   4.464s] SEND #00034 table=page_000542_table_0 lag=   0.5ms active=15
[   4.521s] SEND #00035 table=page_001130_table_1 lag=   0.2ms active=16
[   4.524s] SEND #00036 table=page_001595_table_box_id_9 lag=   0.2ms active=17
[   4.642s] RECV #00025 table=page_000206_table_box_id_1 request= 0.758s scheduled= 0.758s status=ok active=16
[   4.743s] RECV #00026 table=page_000209_table_box_id_1 request= 0.767s scheduled= 0.768s status=ok active=15
[   4.827s] SEND #00037 table=page_001233_table_6 lag=   0.2ms active=16
[   4.842s] RECV #00024 table=page_000213_table_box_id_5 request= 0.998s scheduled= 0.999s status=ok active=15
[   4.963s] SEND #00038 table=page_000585_table_1 lag=   0.5ms active=16
[   4.976s] RECV #00019 table=page_000642_table_8 request= 1.818s scheduled= 1.819s status=ok active=15
[   5.036s] RECV #00029 table=page_000921_table_9 request= 0.918s scheduled= 0.919s status=ok active=14
[   5.096s] RECV #00028 table=page_000188_table_box_id_6 request= 1.073s scheduled= 1.074s status=ok active=13
[   5.135s] SEND #00039 table=page_000821_table_box_id_26 lag=   1.0ms active=14
[   5.169s] SEND #00040 table=page_000566_table_3 lag=   0.4ms active=15
[   5.198s] RECV #00032 table=page_001503_table_5 request= 0.878s scheduled= 0.878s status=ok active=14
[   5.296s] RECV #00023 table=page_000746_table_18 request= 1.532s scheduled= 1.533s status=ok active=13
[   5.395s] RECV #00030 table=page_000533_table_8 request= 1.163s scheduled= 1.163s status=ok active=12
[   5.449s] RECV #00035 table=page_001130_table_1 request= 0.928s scheduled= 0.929s status=ok active=11
[   5.543s] RECV #00036 table=page_001595_table_box_id_9 request= 1.018s scheduled= 1.019s status=ok active=10
[   5.646s] RECV #00031 table=page_001123_table_14 request= 1.369s scheduled= 1.370s status=ok active=9
[   5.740s] RECV #00039 table=page_000821_table_box_id_26 request= 0.605s scheduled= 0.606s status=ok active=8
[   5.876s] RECV #00027 table=page_001216_table_2 request= 1.895s scheduled= 1.896s status=ok active=7
[   5.985s] SEND #00041 table=page_000534_table_4 lag=   0.4ms active=8
[   6.171s] RECV #00034 table=page_000542_table_0 request= 1.707s scheduled= 1.708s status=ok active=7
[   6.277s] RECV #00037 table=page_001233_table_6 request= 1.450s scheduled= 1.450s status=ok active=6
[   6.313s] SEND #00042 table=page_001141_table_13 lag=   0.5ms active=7
[   6.335s] SEND #00043 table=page_000665_table_3 lag=   0.9ms active=8
[   6.403s] SEND #00044 table=page_001417_table_2 lag=   2.1ms active=9
[   6.409s] RECV #00043 table=page_000665_table_3 request= 0.074s scheduled= 0.075s status=ok active=8
[   6.540s] RECV #00044 table=page_001417_table_2 request= 0.137s scheduled= 0.139s status=ok active=7
[   6.580s] RECV #00038 table=page_000585_table_1 request= 1.617s scheduled= 1.618s status=ok active=6
[   6.615s] SEND #00045 table=page_001117_table_box_id_7 lag=   0.6ms active=7
[   6.698s] RECV #00040 table=page_000566_table_3 request= 1.530s scheduled= 1.530s status=ok active=6
[   6.714s] RECV #00041 table=page_000534_table_4 request= 0.729s scheduled= 0.730s status=ok active=5
[   6.799s] RECV #00033 table=page_001197_table_5 request= 2.437s scheduled= 2.438s status=ok active=4
[   6.822s] SEND #00046 table=page_001270_table_box_id_1 lag=   0.5ms active=5
[   6.855s] RECV #00045 table=page_001117_table_box_id_7 request= 0.240s scheduled= 0.241s status=ok active=4
[   6.991s] RECV #00042 table=page_001141_table_13 request= 0.678s scheduled= 0.679s status=ok active=3
[   7.135s] RECV #00022 table=page_000263_table_box_id_7 request= 3.838s scheduled= 3.839s status=ok active=2
[   7.282s] SEND #00047 table=page_000261_table_box_id_3 lag=   1.2ms active=3
[   7.373s] SEND #00048 table=page_000505_table_1 lag=   0.7ms active=4
[   7.668s] SEND #00049 table=page_000682_table_15 lag=   0.4ms active=5
[   7.850s] RECV #00049 table=page_000682_table_15 request= 0.182s scheduled= 0.183s status=ok active=4
[   7.852s] SEND #00050 table=page_000275_table_box_id_1 lag=   0.3ms active=5
[   7.913s] SEND #00051 table=page_000789_table_34 lag=   0.8ms active=6
[   8.052s] RECV #00051 table=page_000789_table_34 request= 0.139s scheduled= 0.139s status=ok active=5
[   8.062s] SEND #00052 table=page_001177_table_2 lag=   2.1ms active=6
[   8.320s] RECV #00005 table=page_000272_table_box_id_1 request= 7.578s scheduled= 7.579s status=ok active=5
[   8.417s] SEND #00053 table=page_001398_table_box-13qv1ztw lag=   0.4ms active=6
[   8.581s] RECV #00046 table=page_001270_table_box_id_1 request= 1.759s scheduled= 1.760s status=ok active=5
[   8.635s] RECV #00053 table=page_001398_table_box-13qv1ztw request= 0.218s scheduled= 0.218s status=ok active=4
[   8.730s] SEND #00054 table=page_001183_table_11 lag=   0.7ms active=5
[   8.733s] RECV #00052 table=page_001177_table_2 request= 0.671s scheduled= 0.673s status=ok active=4
[   8.757s] RECV #00048 table=page_000505_table_1 request= 1.384s scheduled= 1.385s status=ok active=3
[   8.846s] SEND #00055 table=page_000507_table_0 lag=   0.2ms active=4
[   8.995s] SEND #00056 table=page_000710_table_9 lag=   0.7ms active=5
[   9.001s] SEND #00057 table=page_000657_table_6 lag=   0.4ms active=6
[   9.047s] SEND #00058 table=page_001368_table_box_id_227 lag=   0.7ms active=7
[   9.141s] RECV #00057 table=page_000657_table_6 request= 0.140s scheduled= 0.140s status=ok active=6
[   9.219s] RECV #00056 table=page_000710_table_9 request= 0.224s scheduled= 0.224s status=ok active=5
[   9.240s] RECV #00054 table=page_001183_table_11 request= 0.510s scheduled= 0.511s status=ok active=4
[   9.294s] RECV #00055 table=page_000507_table_0 request= 0.448s scheduled= 0.448s status=ok active=3
[   9.314s] SEND #00059 table=page_001176_table_4 lag=   1.1ms active=4
[   9.403s] SEND #00060 table=page_001181_table_6 lag=   0.8ms active=5
[   9.434s] SEND #00061 table=page_000937_table_0 lag=   0.3ms active=6
[   9.567s] SEND #00062 table=page_001368_table_box_id_237 lag=   0.7ms active=7
[   9.770s] SEND #00063 table=page_000217_table_box_id_0 lag=   1.1ms active=8
[   9.956s] SEND #00064 table=page_001159_table_5 lag=   0.8ms active=9
[   9.997s] RECV #00058 table=page_001368_table_box_id_227 request= 0.950s scheduled= 0.951s status=ok active=8
[  10.035s] SEND #00065 table=page_000626_table_box_id_1 lag=   1.0ms active=9
[  10.074s] RECV #00062 table=page_001368_table_box_id_237 request= 0.508s scheduled= 0.508s status=ok active=8
[  10.095s] RECV #00061 table=page_000937_table_0 request= 0.661s scheduled= 0.662s status=ok active=7
[  10.130s] SEND #00066 table=page_000984_table_2 lag=   0.2ms active=8
[  10.218s] RECV #00047 table=page_000261_table_box_id_3 request= 2.936s scheduled= 2.937s status=ok active=7
[  10.249s] SEND #00067 table=page_001082_table_34 lag=   0.7ms active=8
[  10.261s] RECV #00066 table=page_000984_table_2 request= 0.130s scheduled= 0.131s status=ok active=7
[  10.276s] RECV #00063 table=page_000217_table_box_id_0 request= 0.506s scheduled= 0.507s status=ok active=6
[  10.500s] SEND #00068 table=page_000467_table_17 lag=   0.7ms active=7
[  10.623s] SEND #00069 table=page_000866_table_14 lag=   0.8ms active=8
[  10.706s] SEND #00070 table=page_001227_table_10 lag=   0.3ms active=9
[  10.818s] SEND #00071 table=page_000916_table_7 lag=   0.7ms active=10
[  10.821s] RECV #00064 table=page_001159_table_5 request= 0.865s scheduled= 0.866s status=ok active=9
[  10.824s] SEND #00072 table=page_000251_table_box_id_7 lag=   1.1ms active=10
[  10.831s] SEND #00073 table=page_001131_table_15 lag=   0.4ms active=11
[  11.033s] SEND #00074 table=page_001183_table_12 lag=   0.7ms active=12
[  11.036s] RECV #00069 table=page_000866_table_14 request= 0.413s scheduled= 0.414s status=ok active=11
[  11.176s] RECV #00059 table=page_001176_table_4 request= 1.862s scheduled= 1.863s status=ok active=10
[  11.433s] RECV #00067 table=page_001082_table_34 request= 1.184s scheduled= 1.185s status=ok active=9
[  11.580s] RECV #00071 table=page_000916_table_7 request= 0.761s scheduled= 0.762s status=ok active=8
[  11.715s] SEND #00075 table=page_000266_table_box_id_7 lag=   1.7ms active=9
[  11.729s] RECV #00073 table=page_001131_table_15 request= 0.898s scheduled= 0.899s status=ok active=8
[  11.864s] SEND #00076 table=page_000447_table_12 lag=   0.8ms active=9
[  11.878s] RECV #00060 table=page_001181_table_6 request= 2.475s scheduled= 2.476s status=ok active=8
[  11.948s] SEND #00077 table=page_001193_table_4 lag=   1.0ms active=9
[  11.955s] RECV #00075 table=page_000266_table_box_id_7 request= 0.240s scheduled= 0.242s status=ok active=8
[  11.979s] SEND #00078 table=page_001368_table_box_id_239 lag=   1.0ms active=9
[  12.095s] SEND #00079 table=page_000903_table_15 lag=   0.5ms active=10
[  12.102s] RECV #00072 table=page_000251_table_box_id_7 request= 1.278s scheduled= 1.280s status=ok active=9
[  12.206s] RECV #00074 table=page_001183_table_12 request= 1.172s scheduled= 1.173s status=ok active=8
[  12.253s] RECV #00068 table=page_000467_table_17 request= 1.752s scheduled= 1.753s status=ok active=7
[  12.350s] RECV #00078 table=page_001368_table_box_id_239 request= 0.371s scheduled= 0.372s status=ok active=6
[  12.357s] RECV #00079 table=page_000903_table_15 request= 0.262s scheduled= 0.263s status=ok active=5
[  12.385s] RECV #00076 table=page_000447_table_12 request= 0.520s scheduled= 0.521s status=ok active=4
[  12.429s] RECV #00077 table=page_001193_table_4 request= 0.482s scheduled= 0.482s status=ok active=3
[  12.765s] SEND #00080 table=page_001167_table_2 lag=   0.5ms active=4
[  12.768s] RECV #00070 table=page_001227_table_10 request= 2.063s scheduled= 2.063s status=ok active=3
[  13.011s] SEND #00081 table=page_000212_table_box_id_1 lag=   1.2ms active=4
[  13.036s] RECV #00065 table=page_000626_table_box_id_1 request= 3.001s scheduled= 3.002s status=ok active=3
[  13.141s] SEND #00082 table=page_001147_table_10 lag=   1.8ms active=4
[  13.179s] RECV #00080 table=page_001167_table_2 request= 0.414s scheduled= 0.415s status=ok active=3
[  13.469s] SEND #00083 table=page_000223_table_box_id_2 lag=   1.8ms active=4
[  13.512s] SEND #00084 table=page_000716_table_0 lag=   0.5ms active=5
[  13.632s] SEND #00085 table=page_000937_table_1 lag=   1.1ms active=6
[  13.782s] RECV #00084 table=page_000716_table_0 request= 0.270s scheduled= 0.271s status=ok active=5
[  13.942s] RECV #00085 table=page_000937_table_1 request= 0.309s scheduled= 0.310s status=ok active=4
[  14.140s] SEND #00086 table=page_000465_table_10 lag=   0.9ms active=5
[  14.285s] SEND #00087 table=page_000465_table_8 lag=   2.0ms active=6
[  14.386s] SEND #00088 table=page_001179_table_6 lag=   0.3ms active=7
[  14.394s] RECV #00050 table=page_000275_table_box_id_1 request= 6.542s scheduled= 6.542s status=ok active=6
[  14.438s] SEND #00089 table=page_000554_table_12 lag=   0.5ms active=7
[  14.571s] SEND #00090 table=page_000199_table_box_id_0 lag=   0.9ms active=8
[  14.632s] RECV #00081 table=page_000212_table_box_id_1 request= 1.621s scheduled= 1.623s status=ok active=7
[  14.771s] RECV #00089 table=page_000554_table_12 request= 0.333s scheduled= 0.333s status=ok active=6
[  14.805s] RECV #00086 table=page_000465_table_10 request= 0.665s scheduled= 0.666s status=ok active=5
[  14.914s] RECV #00087 table=page_000465_table_8 request= 0.630s scheduled= 0.632s status=ok active=4
[  15.042s] RECV #00083 table=page_000223_table_box_id_2 request= 1.573s scheduled= 1.575s status=ok active=3
[  15.075s] RECV #00082 table=page_001147_table_10 request= 1.934s scheduled= 1.936s status=ok active=2
[  15.095s] SEND #00091 table=page_000516_table_0 lag=   0.6ms active=3
[  15.096s] SEND #00092 table=page_001214_table_8 lag=   0.4ms active=4
[  15.352s] SEND #00093 table=page_001368_table_box_id_161 lag=   1.1ms active=5
[  15.639s] SEND #00094 table=page_000577_table_3 lag=   1.9ms active=6
[  15.657s] RECV #00092 table=page_001214_table_8 request= 0.561s scheduled= 0.561s status=ok active=5
[  15.880s] RECV #00093 table=page_001368_table_box_id_161 request= 0.528s scheduled= 0.529s status=ok active=4
[  15.974s] RECV #00094 table=page_000577_table_3 request= 0.335s scheduled= 0.337s status=ok active=3
[  16.001s] SEND #00095 table=page_000984_table_3 lag=   2.1ms active=4
[  16.225s] SEND #00096 table=page_001187_table_0 lag=   1.2ms active=5
[  16.450s] RECV #00090 table=page_000199_table_box_id_0 request= 1.879s scheduled= 1.880s status=ok active=4
[  16.501s] SEND #00097 table=page_000821_table_box_id_14 lag=   1.1ms active=5
[  16.518s] RECV #00091 table=page_000516_table_0 request= 1.423s scheduled= 1.423s status=ok active=4
[  16.624s] SEND #00098 table=page_000833_table_4 lag=   1.6ms active=5
[  16.648s] RECV #00097 table=page_000821_table_box_id_14 request= 0.147s scheduled= 0.148s status=ok active=4
[  16.719s] RECV #00095 table=page_000984_table_3 request= 0.717s scheduled= 0.719s status=ok active=3
[  16.760s] SEND #00099 table=page_001375_table_31 lag=   0.6ms active=4
[  16.853s] SEND #00100 table=page_000645_table_7 lag=   0.9ms active=5
[  16.871s] RECV #00088 table=page_001179_table_6 request= 2.485s scheduled= 2.486s status=ok active=4
[  16.911s] RECV #00099 table=page_001375_table_31 request= 0.151s scheduled= 0.152s status=ok active=3
[  17.024s] RECV #00098 table=page_000833_table_4 request= 0.400s scheduled= 0.402s status=ok active=2
[  17.039s] RECV #00100 table=page_000645_table_7 request= 0.186s scheduled= 0.187s status=ok active=1
[  19.007s] RECV #00096 table=page_001187_table_0 request= 2.782s scheduled= 2.783s status=ok active=0
DONE completed=100 failed=0 max_active=17 p50=0.787s p95=2.940s max=7.579s
Summary: tmp/19_table_ocr_serving/logging_20260913/final/basic/b8/measured/results/summary.json
