spec-c1 API ready worker_pid=1947834; preloading 100 distinct crops for 100 requests
spec-c1 crops preloaded 50/100
spec-c1 crops preloaded 100/100
spec-c1 payloads ready bytes=34840674
SEND spec-c1 01/100 table=page_000287_table_box_id_8 active=1
RECV spec-c1 01/100 rank=24 id=page_000287_table_box_id_8 latency=1.0017s status=ok active=0
SEND spec-c1 02/100 table=page_001367_table_51 active=1
RECV spec-c1 02/100 rank=65 id=page_001367_table_51 latency=0.4297s status=ok active=0
SEND spec-c1 03/100 table=page_000236_table_box_id_1 active=1
RECV spec-c1 03/100 rank=324 id=page_000236_table_box_id_1 latency=0.5508s status=ok active=0
SEND spec-c1 04/100 table=page_000634_table_11 active=1
RECV spec-c1 04/100 rank=225 id=page_000634_table_11 latency=0.5356s status=ok active=0
SEND spec-c1 05/100 table=page_000272_table_box_id_1 active=1
RECV spec-c1 05/100 rank=09 id=page_000272_table_box_id_1 latency=1.5126s status=ok active=0
SEND spec-c1 06/100 table=page_001172_table_16 active=1
RECV spec-c1 06/100 rank=337 id=page_001172_table_16 latency=0.4182s status=ok active=0
SEND spec-c1 07/100 table=page_001137_table_2 active=1
RECV spec-c1 07/100 rank=151 id=page_001137_table_2 latency=0.5350s status=ok active=0
SEND spec-c1 08/100 table=page_001150_table_box_id_9 active=1
RECV spec-c1 08/100 rank=255 id=page_001150_table_box_id_9 latency=0.4837s status=ok active=0
SEND spec-c1 09/100 table=page_000920_table_8 active=1
RECV spec-c1 09/100 rank=368 id=page_000920_table_8 latency=0.6376s status=ok active=0
SEND spec-c1 10/100 table=page_000524_table_0 active=1
RECV spec-c1 10/100 rank=140 id=page_000524_table_0 latency=0.7098s status=ok active=0
SEND spec-c1 11/100 table=page_000256_table_box_id_8 active=1
RECV spec-c1 11/100 rank=336 id=page_000256_table_box_id_8 latency=0.4099s status=ok active=0
SEND spec-c1 12/100 table=page_001166_table_9 active=1
RECV spec-c1 12/100 rank=436 id=page_001166_table_9 latency=0.3107s status=ok active=0
SEND spec-c1 13/100 table=page_000211_table_box_id_3 active=1
RECV spec-c1 13/100 rank=201 id=page_000211_table_box_id_3 latency=0.7061s status=ok active=0
SEND spec-c1 14/100 table=page_000933_table_10 active=1
RECV spec-c1 14/100 rank=504 id=page_000933_table_10 latency=0.2479s status=ok active=0
SEND spec-c1 15/100 table=page_001129_table_8 active=1
RECV spec-c1 15/100 rank=107 id=page_001129_table_8 latency=0.7290s status=ok active=0
SEND spec-c1 16/100 table=page_001375_table_7 active=1
RECV spec-c1 16/100 rank=458 id=page_001375_table_7 latency=0.4007s status=ok active=0
SEND spec-c1 17/100 table=page_000106_table_box_id_2 active=1
RECV spec-c1 17/100 rank=208 id=page_000106_table_box_id_2 latency=0.7563s status=ok active=0
SEND spec-c1 18/100 table=page_001134_table_10 active=1
RECV spec-c1 18/100 rank=134 id=page_001134_table_10 latency=0.5687s status=ok active=0
SEND spec-c1 19/100 table=page_000642_table_8 active=1
RECV spec-c1 19/100 rank=128 id=page_000642_table_8 latency=0.7099s status=ok active=0
SEND spec-c1 20/100 table=page_000564_table_7 active=1
RECV spec-c1 20/100 rank=334 id=page_000564_table_7 latency=0.5662s status=ok active=0
SEND spec-c1 21/100 table=page_001368_table_box_id_242 active=1
RECV spec-c1 21/100 rank=497 id=page_001368_table_box_id_242 latency=0.2565s status=ok active=0
SEND spec-c1 22/100 table=page_000263_table_box_id_7 active=1
RECV spec-c1 22/100 rank=31 id=page_000263_table_box_id_7 latency=2.5227s status=ok active=0
SEND spec-c1 23/100 table=page_000746_table_18 active=1
RECV spec-c1 23/100 rank=161 id=page_000746_table_18 latency=1.1617s status=ok active=0
SEND spec-c1 24/100 table=page_000213_table_box_id_5 active=1
RECV spec-c1 24/100 rank=215 id=page_000213_table_box_id_5 latency=0.6366s status=ok active=0
SEND spec-c1 25/100 table=page_000206_table_box_id_1 active=1
RECV spec-c1 25/100 rank=309 id=page_000206_table_box_id_1 latency=0.4408s status=ok active=0
SEND spec-c1 26/100 table=page_000209_table_box_id_1 active=1
RECV spec-c1 26/100 rank=432 id=page_000209_table_box_id_1 latency=0.3094s status=ok active=0
SEND spec-c1 27/100 table=page_001216_table_2 active=1
RECV spec-c1 27/100 rank=186 id=page_001216_table_2 latency=0.6522s status=ok active=0
SEND spec-c1 28/100 table=page_000188_table_box_id_6 active=1
RECV spec-c1 28/100 rank=240 id=page_000188_table_box_id_6 latency=1.0079s status=ok active=0
SEND spec-c1 29/100 table=page_000921_table_9 active=1
RECV spec-c1 29/100 rank=460 id=page_000921_table_9 latency=1.2230s status=ok active=0
SEND spec-c1 30/100 table=page_000533_table_8 active=1
RECV spec-c1 30/100 rank=399 id=page_000533_table_8 latency=0.4246s status=ok active=0
SEND spec-c1 31/100 table=page_001123_table_14 active=1
RECV spec-c1 31/100 rank=413 id=page_001123_table_14 latency=0.3483s status=ok active=0
SEND spec-c1 32/100 table=page_001503_table_5 active=1
RECV spec-c1 32/100 rank=526 id=page_001503_table_5 latency=0.2155s status=ok active=0
SEND spec-c1 33/100 table=page_001197_table_5 active=1
RECV spec-c1 33/100 rank=118 id=page_001197_table_5 latency=0.5750s status=ok active=0
SEND spec-c1 34/100 table=page_000542_table_0 active=1
RECV spec-c1 34/100 rank=219 id=page_000542_table_0 latency=0.5216s status=ok active=0
SEND spec-c1 35/100 table=page_001130_table_1 active=1
RECV spec-c1 35/100 rank=572 id=page_001130_table_1 latency=0.1905s status=ok active=0
SEND spec-c1 36/100 table=page_001595_table_box_id_9 active=1
RECV spec-c1 36/100 rank=561 id=page_001595_table_box_id_9 latency=0.1956s status=ok active=0
SEND spec-c1 37/100 table=page_001233_table_6 active=1
RECV spec-c1 37/100 rank=241 id=page_001233_table_6 latency=0.5576s status=ok active=0
SEND spec-c1 38/100 table=page_000585_table_1 active=1
RECV spec-c1 38/100 rank=159 id=page_000585_table_1 latency=0.8333s status=ok active=0
SEND spec-c1 39/100 table=page_000821_table_box_id_26 active=1
RECV spec-c1 39/100 rank=617 id=page_000821_table_box_id_26 latency=0.1642s status=ok active=0
SEND spec-c1 40/100 table=page_000566_table_3 active=1
RECV spec-c1 40/100 rank=167 id=page_000566_table_3 latency=0.7817s status=ok active=0
SEND spec-c1 41/100 table=page_000534_table_4 active=1
RECV spec-c1 41/100 rank=221 id=page_000534_table_4 latency=0.5863s status=ok active=0
SEND spec-c1 42/100 table=page_001141_table_13 active=1
RECV spec-c1 42/100 rank=280 id=page_001141_table_13 latency=0.4796s status=ok active=0
SEND spec-c1 43/100 table=page_000665_table_3 active=1
RECV spec-c1 43/100 rank=662 id=page_000665_table_3 latency=0.1194s status=ok active=0
SEND spec-c1 44/100 table=page_001417_table_2 active=1
RECV spec-c1 44/100 rank=587 id=page_001417_table_2 latency=0.1841s status=ok active=0
SEND spec-c1 45/100 table=page_001117_table_box_id_7 active=1
RECV spec-c1 45/100 rank=483 id=page_001117_table_box_id_7 latency=0.2594s status=ok active=0
SEND spec-c1 46/100 table=page_001270_table_box_id_1 active=1
RECV spec-c1 46/100 rank=95 id=page_001270_table_box_id_1 latency=1.2345s status=ok active=0
SEND spec-c1 47/100 table=page_000261_table_box_id_3 active=1
RECV spec-c1 47/100 rank=54 id=page_000261_table_box_id_3 latency=1.3252s status=ok active=0
SEND spec-c1 48/100 table=page_000505_table_1 active=1
RECV spec-c1 48/100 rank=121 id=page_000505_table_1 latency=0.8813s status=ok active=0
SEND spec-c1 49/100 table=page_000682_table_15 active=1
RECV spec-c1 49/100 rank=507 id=page_000682_table_15 latency=0.2372s status=ok active=0
SEND spec-c1 50/100 table=page_000275_table_box_id_1 active=1
RECV spec-c1 50/100 rank=12 id=page_000275_table_box_id_1 latency=1.3834s status=ok active=0
SEND spec-c1 51/100 table=page_000789_table_34 active=1
RECV spec-c1 51/100 rank=639 id=page_000789_table_34 latency=0.1451s status=ok active=0
SEND spec-c1 52/100 table=page_001177_table_2 active=1
RECV spec-c1 52/100 rank=229 id=page_001177_table_2 latency=0.4711s status=ok active=0
SEND spec-c1 53/100 table=page_001398_table_box-13qv1ztw active=1
RECV spec-c1 53/100 rank=511 id=page_001398_table_box-13qv1ztw latency=0.3387s status=ok active=0
SEND spec-c1 54/100 table=page_001183_table_11 active=1
RECV spec-c1 54/100 rank=395 id=page_001183_table_11 latency=0.3641s status=ok active=0
SEND spec-c1 55/100 table=page_000507_table_0 active=1
RECV spec-c1 55/100 rank=396 id=page_000507_table_0 latency=0.4369s status=ok active=0
SEND spec-c1 56/100 table=page_000710_table_9 active=1
RECV spec-c1 56/100 rank=514 id=page_000710_table_9 latency=0.2311s status=ok active=0
SEND spec-c1 57/100 table=page_000657_table_6 active=1
RECV spec-c1 57/100 rank=659 id=page_000657_table_6 latency=0.1164s status=ok active=0
SEND spec-c1 58/100 table=page_001368_table_box_id_227 active=1
RECV spec-c1 58/100 rank=264 id=page_001368_table_box_id_227 latency=0.5043s status=ok active=0
SEND spec-c1 59/100 table=page_001176_table_4 active=1
RECV spec-c1 59/100 rank=122 id=page_001176_table_4 latency=0.7562s status=ok active=0
SEND spec-c1 60/100 table=page_001181_table_6 active=1
RECV spec-c1 60/100 rank=72 id=page_001181_table_6 latency=0.9962s status=ok active=0
SEND spec-c1 61/100 table=page_000937_table_0 active=1
RECV spec-c1 61/100 rank=350 id=page_000937_table_0 latency=0.5911s status=ok active=0
SEND spec-c1 62/100 table=page_001368_table_box_id_237 active=1
RECV spec-c1 62/100 rank=468 id=page_001368_table_box_id_237 latency=0.2811s status=ok active=0
SEND spec-c1 63/100 table=page_000217_table_box_id_0 active=1
RECV spec-c1 63/100 rank=391 id=page_000217_table_box_id_0 latency=1.2901s status=ok active=0
SEND spec-c1 64/100 table=page_001159_table_5 active=1
RECV spec-c1 64/100 rank=224 id=page_001159_table_5 latency=0.6772s status=ok active=0
SEND spec-c1 65/100 table=page_000626_table_box_id_1 active=1
RECV spec-c1 65/100 rank=44 id=page_000626_table_box_id_1 latency=1.2815s status=ok active=0
SEND spec-c1 66/100 table=page_000984_table_2 active=1
RECV spec-c1 66/100 rank=625 id=page_000984_table_2 latency=0.1548s status=ok active=0
SEND spec-c1 67/100 table=page_001082_table_34 active=1
RECV spec-c1 67/100 rank=171 id=page_001082_table_34 latency=0.7162s status=ok active=0
SEND spec-c1 68/100 table=page_000467_table_17 active=1
RECV spec-c1 68/100 rank=120 id=page_000467_table_17 latency=0.7675s status=ok active=0
SEND spec-c1 69/100 table=page_000866_table_14 active=1
RECV spec-c1 69/100 rank=419 id=page_000866_table_14 latency=0.3370s status=ok active=0
SEND spec-c1 70/100 table=page_001227_table_10 active=1
RECV spec-c1 70/100 rank=75 id=page_001227_table_10 latency=0.8522s status=ok active=0
SEND spec-c1 71/100 table=page_000916_table_7 active=1
RECV spec-c1 71/100 rank=265 id=page_000916_table_7 latency=0.6845s status=ok active=0
SEND spec-c1 72/100 table=page_000251_table_box_id_7 active=1
RECV spec-c1 72/100 rank=184 id=page_000251_table_box_id_7 latency=0.7332s status=ok active=0
SEND spec-c1 73/100 table=page_001131_table_15 active=1
RECV spec-c1 73/100 rank=469 id=page_001131_table_15 latency=0.2767s status=ok active=0
SEND spec-c1 74/100 table=page_001183_table_12 active=1
RECV spec-c1 74/100 rank=285 id=page_001183_table_12 latency=0.4602s status=ok active=0
SEND spec-c1 75/100 table=page_000266_table_box_id_7 active=1
RECV spec-c1 75/100 rank=509 id=page_000266_table_box_id_7 latency=0.2425s status=ok active=0
SEND spec-c1 76/100 table=page_000447_table_12 active=1
RECV spec-c1 76/100 rank=371 id=page_000447_table_12 latency=0.4201s status=ok active=0
SEND spec-c1 77/100 table=page_001193_table_4 active=1
RECV spec-c1 77/100 rank=342 id=page_001193_table_4 latency=0.4741s status=ok active=0
SEND spec-c1 78/100 table=page_001368_table_box_id_239 active=1
RECV spec-c1 78/100 rank=512 id=page_001368_table_box_id_239 latency=0.2462s status=ok active=0
SEND spec-c1 79/100 table=page_000903_table_15 active=1
RECV spec-c1 79/100 rank=522 id=page_000903_table_15 latency=0.5804s status=ok active=0
SEND spec-c1 80/100 table=page_001167_table_2 active=1
RECV spec-c1 80/100 rank=422 id=page_001167_table_2 latency=0.3355s status=ok active=0
SEND spec-c1 81/100 table=page_000212_table_box_id_1 active=1
RECV spec-c1 81/100 rank=113 id=page_000212_table_box_id_1 latency=1.0665s status=ok active=0
SEND spec-c1 82/100 table=page_001147_table_10 active=1
RECV spec-c1 82/100 rank=90 id=page_001147_table_10 latency=0.6830s status=ok active=0
SEND spec-c1 83/100 table=page_000223_table_box_id_2 active=1
RECV spec-c1 83/100 rank=114 id=page_000223_table_box_id_2 latency=0.7925s status=ok active=0
SEND spec-c1 84/100 table=page_000716_table_0 active=1
RECV spec-c1 84/100 rank=588 id=page_000716_table_0 latency=0.1861s status=ok active=0
SEND spec-c1 85/100 table=page_000937_table_1 active=1
RECV spec-c1 85/100 rank=415 id=page_000937_table_1 latency=0.5264s status=ok active=0
SEND spec-c1 86/100 table=page_000465_table_10 active=1
RECV spec-c1 86/100 rank=339 id=page_000465_table_10 latency=0.4152s status=ok active=0
SEND spec-c1 87/100 table=page_000465_table_8 active=1
RECV spec-c1 87/100 rank=331 id=page_000465_table_8 latency=0.4220s status=ok active=0
SEND spec-c1 88/100 table=page_001179_table_6 active=1
RECV spec-c1 88/100 rank=61 id=page_001179_table_6 latency=0.8775s status=ok active=0
SEND spec-c1 89/100 table=page_000554_table_12 active=1
RECV spec-c1 89/100 rank=538 id=page_000554_table_12 latency=0.2242s status=ok active=0
SEND spec-c1 90/100 table=page_000199_table_box_id_0 active=1
RECV spec-c1 90/100 rank=80 id=page_000199_table_box_id_0 latency=1.1766s status=ok active=0
SEND spec-c1 91/100 table=page_000516_table_0 active=1
RECV spec-c1 91/100 rank=125 id=page_000516_table_0 latency=0.7461s status=ok active=0
SEND spec-c1 92/100 table=page_001214_table_8 active=1
RECV spec-c1 92/100 rank=359 id=page_001214_table_8 latency=0.4081s status=ok active=0
SEND spec-c1 93/100 table=page_001368_table_box_id_161 active=1
RECV spec-c1 93/100 rank=332 id=page_001368_table_box_id_161 latency=0.4052s status=ok active=0
SEND spec-c1 94/100 table=page_000577_table_3 active=1
RECV spec-c1 94/100 rank=382 id=page_000577_table_3 latency=0.5536s status=ok active=0
SEND spec-c1 95/100 table=page_000984_table_3 active=1
RECV spec-c1 95/100 rank=238 id=page_000984_table_3 latency=0.6863s status=ok active=0
SEND spec-c1 96/100 table=page_001187_table_0 active=1
RECV spec-c1 96/100 rank=28 id=page_001187_table_0 latency=1.1091s status=ok active=0
SEND spec-c1 97/100 table=page_000821_table_box_id_14 active=1
RECV spec-c1 97/100 rank=585 id=page_000821_table_box_id_14 latency=0.1943s status=ok active=0
SEND spec-c1 98/100 table=page_000833_table_4 active=1
RECV spec-c1 98/100 rank=352 id=page_000833_table_4 latency=0.6707s status=ok active=0
SEND spec-c1 99/100 table=page_001375_table_31 active=1
RECV spec-c1 99/100 rank=631 id=page_001375_table_31 latency=0.1478s status=ok active=0
SEND spec-c1 100/100 table=page_000645_table_7 active=1
RECV spec-c1 100/100 rank=533 id=page_000645_table_7 latency=0.2216s status=ok active=0
DONE spec-c1 requests=100 failures=0 max_in_flight=1 wall=59.2941s qps=1.6865 p50=0.5307s p95=1.2819s max=2.5227s
