2026-09-05T23:33:27+08:00
	NPU ID                         : 6
	Chip Count                     : 1

	Process id:1689638 Process name:python            Process memory(MB):4241
	Chip ID                        : 0

2026-09-05T23:33:32+08:00
	NPU ID                         : 6
	Chip Count                     : 1

	Process id:1689638 Process name:python            Process memory(MB):7379
	Chip ID                        : 0

2026-09-05T23:33:38+08:00
	NPU ID                         : 6
	Chip Count                     : 1

	Process id:1689638 Process name:python            Process memory(MB):7757
	Chip ID                        : 0

2026-09-05T23:33:43+08:00
	NPU ID                         : 6
	Chip Count                     : 1

	Process id:1689638 Process name:python            Process memory(MB):7757
	Chip ID                        : 0

2026-09-05T23:33:49+08:00
	NPU ID                         : 6
	Chip Count                     : 1

	Process id:1689638 Process name:python            Process memory(MB):7757
	Chip ID                        : 0

2026-09-05T23:33:54+08:00
	NPU ID                         : 6
	Chip Count                     : 1

	Process id:1689638 Process name:python            Process memory(MB):7757
	Chip ID                        : 0

2026-09-05T23:34:00+08:00
	NPU ID                         : 6
	Chip Count                     : 1

	Process id:1689638 Process name:python            Process memory(MB):7757
	Chip ID                        : 0

2026-09-05T23:34:05+08:00
	NPU ID                         : 6
	Chip Count                     : 1

	Process id:1689638 Process name:python            Process memory(MB):7757
	Chip ID                        : 0

2026-09-05T23:34:11+08:00
	NPU ID                         : 6
	Chip Count                     : 1

	Process id:1689638 Process name:python            Process memory(MB):7757
	Chip ID                        : 0

2026-09-05T23:34:17+08:00
	NPU ID                         : 6
	Chip Count                     : 1

	Process id:1689638 Process name:python            Process memory(MB):7757
	Chip ID                        : 0

2026-09-05T23:34:22+08:00
	NPU ID                         : 6
	Chip Count                     : 1

	Process id:1689638 Process name:python            Process memory(MB):7757
	Chip ID                        : 0

2026-09-05T23:34:28+08:00
	NPU ID                         : 6
	Chip Count                     : 1

	Process id:1689638 Process name:python            Process memory(MB):7757
	Chip ID                        : 0

2026-09-05T23:34:33+08:00
	NPU ID                         : 6
	Chip Count                     : 1

	Process id:1689638 Process name:python            Process memory(MB):7757
	Chip ID                        : 0

2026-09-05T23:34:39+08:00
	NPU ID                         : 6
	Chip Count                     : 1

	Process id:1689638 Process name:python            Process memory(MB):7759
	Chip ID                        : 0

2026-09-05T23:34:44+08:00
	NPU ID                         : 6
	Chip Count                     : 1

	Process id:1689638 Process name:python            Process memory(MB):7947
	Chip ID                        : 0

2026-09-05T23:34:50+08:00
	NPU ID                         : 6
	Chip Count                     : 1

	Process id:1689638 Process name:python            Process memory(MB):7947
	Chip ID                        : 0

2026-09-05T23:34:55+08:00
	NPU ID                         : 6
	Chip Count                     : 1

	Process id:1689638 Process name:python            Process memory(MB):7947
	Chip ID                        : 0

2026-09-05T23:35:01+08:00
	NPU ID                         : 6
	Chip Count                     : 1

	Process id:1689638 Process name:python            Process memory(MB):7949
	Chip ID                        : 0

2026-09-05T23:35:06+08:00
	NPU ID                         : 6
	Chip Count                     : 1

	Process id:1689638 Process name:python            Process memory(MB):7949
	Chip ID                        : 0

2026-09-05T23:35:12+08:00
	NPU ID                         : 6
	Chip Count                     : 1

	Process id:1689638 Process name:python            Process memory(MB):7949
	Chip ID                        : 0

2026-09-05T23:35:17+08:00
	NPU ID                         : 6
	Chip Count                     : 1

	Process id:1689638 Process name:python            Process memory(MB):7949
	Chip ID                        : 0

2026-09-05T23:35:23+08:00
	NPU ID                         : 6
	Chip Count                     : 1

	Process id:1689638 Process name:python            Process memory(MB):7949
	Chip ID                        : 0

2026-09-05T23:35:28+08:00
	NPU ID                         : 6
	Chip Count                     : 1

	Process id:1689638 Process name:python            Process memory(MB):7975
	Chip ID                        : 0

2026-09-05T23:35:34+08:00
	NPU ID                         : 6
	Chip Count                     : 1

	Process id:1689638 Process name:python            Process memory(MB):7975
	Chip ID                        : 0

2026-09-05T23:35:39+08:00
	NPU ID                         : 6
	Chip Count                     : 1

	Process id:1689638 Process name:python            Process memory(MB):7975
	Chip ID                        : 0

2026-09-05T23:35:45+08:00
	NPU ID                         : 6
	Chip Count                     : 1

	Process id:1689638 Process name:python            Process memory(MB):7975
	Chip ID                        : 0

2026-09-05T23:35:50+08:00
	NPU ID                         : 6
	Chip Count                     : 1

	Process id:1689638 Process name:python            Process memory(MB):7975
	Chip ID                        : 0

2026-09-05T23:35:56+08:00
	NPU ID                         : 6
	Chip Count                     : 1

	Process id:1689638 Process name:python            Process memory(MB):7975
	Chip ID                        : 0

2026-09-05T23:36:02+08:00
	NPU ID                         : 6
	Chip Count                     : 1

	Process id:1689638 Process name:python            Process memory(MB):7975
	Chip ID                        : 0

2026-09-05T23:36:07+08:00
	NPU ID                         : 6
	Chip Count                     : 1

	Process id:1689638 Process name:python            Process memory(MB):7975
	Chip ID                        : 0

2026-09-05T23:36:13+08:00
	NPU ID                         : 6
	Chip Count                     : 1

	Process id:1689638 Process name:python            Process memory(MB):7975
	Chip ID                        : 0

2026-09-05T23:36:18+08:00
	NPU ID                         : 6
	Chip Count                     : 1

	Process id:1689638 Process name:python            Process memory(MB):7975
	Chip ID                        : 0

2026-09-05T23:36:24+08:00
	NPU ID                         : 6
	Chip Count                     : 1

	Process id:1689638 Process name:python            Process memory(MB):7975
	Chip ID                        : 0

2026-09-05T23:36:29+08:00
	NPU ID                         : 6
	Chip Count                     : 1

	Process id:1689638 Process name:python            Process memory(MB):7975
	Chip ID                        : 0

2026-09-05T23:36:35+08:00
	NPU ID                         : 6
	Chip Count                     : 1

	Process id:1689638 Process name:python            Process memory(MB):7975
	Chip ID                        : 0

2026-09-05T23:36:40+08:00
	NPU ID                         : 6
	Chip Count                     : 1

	No process in device.
	Chip ID                        : 0

2026-09-05T23:36:46+08:00
	NPU ID                         : 6
	Chip Count                     : 1

	No process in device.
	Chip ID                        : 0

2026-09-05T23:36:51+08:00
	NPU ID                         : 6
	Chip Count                     : 1

	No process in device.
	Chip ID                        : 0

2026-09-05T23:36:57+08:00
	NPU ID                         : 6
	Chip Count                     : 1

	No process in device.
	Chip ID                        : 0

2026-09-05T23:37:02+08:00
	NPU ID                         : 6
	Chip Count                     : 1

	No process in device.
	Chip ID                        : 0

2026-09-05T23:37:08+08:00
	NPU ID                         : 6
	Chip Count                     : 1

	No process in device.
	Chip ID                        : 0

2026-09-05T23:37:13+08:00
	NPU ID                         : 6
	Chip Count                     : 1

	No process in device.
	Chip ID                        : 0

2026-09-05T23:37:19+08:00
	NPU ID                         : 6
	Chip Count                     : 1

	Process id:1704968 Process name:python            Process memory(MB):105
	Chip ID                        : 0

2026-09-05T23:37:24+08:00
	NPU ID                         : 6
	Chip Count                     : 1

	Process id:1704968 Process name:python            Process memory(MB):105
	Chip ID                        : 0

2026-09-05T23:37:30+08:00
	NPU ID                         : 6
	Chip Count                     : 1

	Process id:1704968 Process name:python            Process memory(MB):3855
	Chip ID                        : 0

2026-09-05T23:37:35+08:00
	NPU ID                         : 6
	Chip Count                     : 1

	Process id:1704968 Process name:python            Process memory(MB):3869
	Chip ID                        : 0

2026-09-05T23:37:41+08:00
	NPU ID                         : 6
	Chip Count                     : 1

	Process id:1704968 Process name:python            Process memory(MB):3971
	Chip ID                        : 0

2026-09-05T23:37:46+08:00
	NPU ID                         : 6
	Chip Count                     : 1

	Process id:1704968 Process name:python            Process memory(MB):4241
	Chip ID                        : 0

2026-09-05T23:37:52+08:00
	NPU ID                         : 6
	Chip Count                     : 1

	Process id:1704968 Process name:python            Process memory(MB):4241
	Chip ID                        : 0

2026-09-05T23:37:57+08:00
	NPU ID                         : 6
	Chip Count                     : 1

	Process id:1704968 Process name:python            Process memory(MB):7363
	Chip ID                        : 0

2026-09-05T23:38:03+08:00
	NPU ID                         : 6
	Chip Count                     : 1

	Process id:1704968 Process name:python            Process memory(MB):7757
	Chip ID                        : 0

2026-09-05T23:38:09+08:00
	NPU ID                         : 6
	Chip Count                     : 1

	Process id:1704968 Process name:python            Process memory(MB):7757
	Chip ID                        : 0

2026-09-05T23:38:14+08:00
	NPU ID                         : 6
	Chip Count                     : 1

	Process id:1704968 Process name:python            Process memory(MB):7757
	Chip ID                        : 0

2026-09-05T23:38:20+08:00
	NPU ID                         : 6
	Chip Count                     : 1

	Process id:1704968 Process name:python            Process memory(MB):7757
	Chip ID                        : 0

2026-09-05T23:38:25+08:00
	NPU ID                         : 6
	Chip Count                     : 1

	Process id:1704968 Process name:python            Process memory(MB):7757
	Chip ID                        : 0

2026-09-05T23:38:31+08:00
	NPU ID                         : 6
	Chip Count                     : 1

	Process id:1704968 Process name:python            Process memory(MB):7947
	Chip ID                        : 0

2026-09-05T23:38:36+08:00
	NPU ID                         : 6
	Chip Count                     : 1

	Process id:1704968 Process name:python            Process memory(MB):7947
	Chip ID                        : 0

2026-09-05T23:38:42+08:00
	NPU ID                         : 6
	Chip Count                     : 1

	Process id:1704968 Process name:python            Process memory(MB):7947
	Chip ID                        : 0

2026-09-05T23:38:47+08:00
	NPU ID                         : 6
	Chip Count                     : 1

	Process id:1704968 Process name:python            Process memory(MB):7947
	Chip ID                        : 0

2026-09-05T23:38:53+08:00
	NPU ID                         : 6
	Chip Count                     : 1

	Process id:1704968 Process name:python            Process memory(MB):7947
	Chip ID                        : 0

2026-09-05T23:38:58+08:00
	NPU ID                         : 6
	Chip Count                     : 1

	Process id:1704968 Process name:python            Process memory(MB):7947
	Chip ID                        : 0

2026-09-05T23:39:04+08:00
	NPU ID                         : 6
	Chip Count                     : 1

	Process id:1704968 Process name:python            Process memory(MB):7947
	Chip ID                        : 0

2026-09-05T23:39:09+08:00
	NPU ID                         : 6
	Chip Count                     : 1

	Process id:1704968 Process name:python            Process memory(MB):7973
	Chip ID                        : 0

2026-09-05T23:39:15+08:00
	NPU ID                         : 6
	Chip Count                     : 1

	Process id:1704968 Process name:python            Process memory(MB):7973
	Chip ID                        : 0

2026-09-05T23:39:20+08:00
	NPU ID                         : 6
	Chip Count                     : 1

	Process id:1704968 Process name:python            Process memory(MB):7973
	Chip ID                        : 0

2026-09-05T23:39:26+08:00
	NPU ID                         : 6
	Chip Count                     : 1

	Process id:1704968 Process name:python            Process memory(MB):7973
	Chip ID                        : 0

2026-09-05T23:39:31+08:00
	NPU ID                         : 6
	Chip Count                     : 1

	Process id:1704968 Process name:python            Process memory(MB):7973
	Chip ID                        : 0

2026-09-05T23:39:37+08:00
	NPU ID                         : 6
	Chip Count                     : 1

	Process id:1704968 Process name:python            Process memory(MB):7973
	Chip ID                        : 0

2026-09-05T23:39:42+08:00
	NPU ID                         : 6
	Chip Count                     : 1

	Process id:1704968 Process name:python            Process memory(MB):7973
	Chip ID                        : 0

2026-09-05T23:39:48+08:00
	NPU ID                         : 6
	Chip Count                     : 1

	Process id:1704968 Process name:python            Process memory(MB):7973
	Chip ID                        : 0

2026-09-05T23:39:53+08:00
	NPU ID                         : 6
	Chip Count                     : 1

	Process id:1704968 Process name:python            Process memory(MB):7973
	Chip ID                        : 0

2026-09-05T23:39:59+08:00
	NPU ID                         : 6
	Chip Count                     : 1

	Process id:1704968 Process name:python            Process memory(MB):7973
	Chip ID                        : 0

2026-09-05T23:40:05+08:00
	NPU ID                         : 6
	Chip Count                     : 1

	Process id:1704968 Process name:python            Process memory(MB):7973
	Chip ID                        : 0

2026-09-05T23:40:10+08:00
	NPU ID                         : 6
	Chip Count                     : 1

	Process id:1704968 Process name:python            Process memory(MB):7973
	Chip ID                        : 0

2026-09-05T23:40:16+08:00
	NPU ID                         : 6
	Chip Count                     : 1

	Process id:1704968 Process name:python            Process memory(MB):7973
	Chip ID                        : 0

2026-09-05T23:40:21+08:00
	NPU ID                         : 6
	Chip Count                     : 1

	No process in device.
	Chip ID                        : 0

2026-09-05T23:40:27+08:00
	NPU ID                         : 6
	Chip Count                     : 1

	No process in device.
	Chip ID                        : 0

2026-09-05T23:40:32+08:00
	NPU ID                         : 6
	Chip Count                     : 1

	No process in device.
	Chip ID                        : 0

2026-09-05T23:40:38+08:00
	NPU ID                         : 6
	Chip Count                     : 1

	No process in device.
	Chip ID                        : 0

2026-09-05T23:40:43+08:00
	NPU ID                         : 6
	Chip Count                     : 1

	No process in device.
	Chip ID                        : 0

2026-09-05T23:40:49+08:00
	NPU ID                         : 6
	Chip Count                     : 1

	No process in device.
	Chip ID                        : 0

2026-09-05T23:40:54+08:00
	NPU ID                         : 6
	Chip Count                     : 1

	No process in device.
	Chip ID                        : 0

2026-09-05T23:41:00+08:00
	NPU ID                         : 6
	Chip Count                     : 1

	Process id:1713251 Process name:python            Process memory(MB):105
	Chip ID                        : 0

2026-09-05T23:41:05+08:00
	NPU ID                         : 6
	Chip Count                     : 1

	Process id:1713251 Process name:python            Process memory(MB):105
	Chip ID                        : 0

2026-09-05T23:41:11+08:00
	NPU ID                         : 6
	Chip Count                     : 1

	Process id:1713251 Process name:python            Process memory(MB):3855
	Chip ID                        : 0

2026-09-05T23:41:16+08:00
	NPU ID                         : 6
	Chip Count                     : 1

	Process id:1713251 Process name:python            Process memory(MB):3869
	Chip ID                        : 0

2026-09-05T23:41:22+08:00
	NPU ID                         : 6
	Chip Count                     : 1

	Process id:1713251 Process name:python            Process memory(MB):4079
	Chip ID                        : 0

2026-09-05T23:41:27+08:00
	NPU ID                         : 6
	Chip Count                     : 1

	Process id:1713251 Process name:python            Process memory(MB):4241
	Chip ID                        : 0

2026-09-05T23:41:33+08:00
	NPU ID                         : 6
	Chip Count                     : 1

	Process id:1713251 Process name:python            Process memory(MB):4241
	Chip ID                        : 0

2026-09-05T23:41:38+08:00
	NPU ID                         : 6
	Chip Count                     : 1

	Process id:1713251 Process name:python            Process memory(MB):7365
	Chip ID                        : 0

2026-09-05T23:41:44+08:00
	NPU ID                         : 6
	Chip Count                     : 1

	Process id:1713251 Process name:python            Process memory(MB):7757
	Chip ID                        : 0

2026-09-05T23:41:50+08:00
	NPU ID                         : 6
	Chip Count                     : 1

	Process id:1713251 Process name:python            Process memory(MB):7757
	Chip ID                        : 0

2026-09-05T23:41:55+08:00
	NPU ID                         : 6
	Chip Count                     : 1

	Process id:1713251 Process name:python            Process memory(MB):7757
	Chip ID                        : 0

2026-09-05T23:42:01+08:00
	NPU ID                         : 6
	Chip Count                     : 1

	Process id:1713251 Process name:python            Process memory(MB):7757
	Chip ID                        : 0

2026-09-05T23:42:06+08:00
	NPU ID                         : 6
	Chip Count                     : 1

	Process id:1713251 Process name:python            Process memory(MB):7757
	Chip ID                        : 0

2026-09-05T23:42:12+08:00
	NPU ID                         : 6
	Chip Count                     : 1

	Process id:1713251 Process name:python            Process memory(MB):7757
	Chip ID                        : 0

2026-09-05T23:42:17+08:00
	NPU ID                         : 6
	Chip Count                     : 1

	Process id:1713251 Process name:python            Process memory(MB):7757
	Chip ID                        : 0

2026-09-05T23:42:23+08:00
	NPU ID                         : 6
	Chip Count                     : 1

	Process id:1713251 Process name:python            Process memory(MB):7795
	Chip ID                        : 0

2026-09-05T23:42:28+08:00
	NPU ID                         : 6
	Chip Count                     : 1

	Process id:1713251 Process name:python            Process memory(MB):7947
	Chip ID                        : 0

2026-09-05T23:42:34+08:00
	NPU ID                         : 6
	Chip Count                     : 1

	Process id:1713251 Process name:python            Process memory(MB):7947
	Chip ID                        : 0

2026-09-05T23:42:39+08:00
	NPU ID                         : 6
	Chip Count                     : 1

	Process id:1713251 Process name:python            Process memory(MB):7947
	Chip ID                        : 0

2026-09-05T23:42:45+08:00
	NPU ID                         : 6
	Chip Count                     : 1

	Process id:1713251 Process name:python            Process memory(MB):7947
	Chip ID                        : 0

2026-09-05T23:42:50+08:00
	NPU ID                         : 6
	Chip Count                     : 1

	Process id:1713251 Process name:python            Process memory(MB):7947
	Chip ID                        : 0

2026-09-05T23:42:56+08:00
	NPU ID                         : 6
	Chip Count                     : 1

	Process id:1713251 Process name:python            Process memory(MB):7947
	Chip ID                        : 0

2026-09-05T23:43:01+08:00
	NPU ID                         : 6
	Chip Count                     : 1

	Process id:1713251 Process name:python            Process memory(MB):7947
	Chip ID                        : 0

2026-09-05T23:43:07+08:00
	NPU ID                         : 6
	Chip Count                     : 1

	Process id:1713251 Process name:python            Process memory(MB):7973
	Chip ID                        : 0

2026-09-05T23:43:12+08:00
	NPU ID                         : 6
	Chip Count                     : 1

	Process id:1713251 Process name:python            Process memory(MB):7973
	Chip ID                        : 0

2026-09-05T23:43:18+08:00
	NPU ID                         : 6
	Chip Count                     : 1

	Process id:1713251 Process name:python            Process memory(MB):7973
	Chip ID                        : 0

2026-09-05T23:43:23+08:00
	NPU ID                         : 6
	Chip Count                     : 1

	Process id:1713251 Process name:python            Process memory(MB):7973
	Chip ID                        : 0

2026-09-05T23:43:29+08:00
	NPU ID                         : 6
	Chip Count                     : 1

	Process id:1713251 Process name:python            Process memory(MB):7973
	Chip ID                        : 0

2026-09-05T23:43:34+08:00
	NPU ID                         : 6
	Chip Count                     : 1

	Process id:1713251 Process name:python            Process memory(MB):7973
	Chip ID                        : 0

2026-09-05T23:43:40+08:00
	NPU ID                         : 6
	Chip Count                     : 1

	Process id:1713251 Process name:python            Process memory(MB):7973
	Chip ID                        : 0

2026-09-05T23:43:45+08:00
	NPU ID                         : 6
	Chip Count                     : 1

	Process id:1713251 Process name:python            Process memory(MB):7973
	Chip ID                        : 0

2026-09-05T23:43:51+08:00
	NPU ID                         : 6
	Chip Count                     : 1

	Process id:1713251 Process name:python            Process memory(MB):7973
	Chip ID                        : 0

2026-09-05T23:43:56+08:00
	NPU ID                         : 6
	Chip Count                     : 1

	Process id:1713251 Process name:python            Process memory(MB):7973
	Chip ID                        : 0

2026-09-05T23:44:02+08:00
	NPU ID                         : 6
	Chip Count                     : 1

	Process id:1713251 Process name:python            Process memory(MB):7973
	Chip ID                        : 0

2026-09-05T23:44:07+08:00
	NPU ID                         : 6
	Chip Count                     : 1

	Process id:1713251 Process name:python            Process memory(MB):7973
	Chip ID                        : 0

2026-09-05T23:44:13+08:00
	NPU ID                         : 6
	Chip Count                     : 1

	Process id:1713251 Process name:python            Process memory(MB):7973
	Chip ID                        : 0

2026-09-05T23:44:18+08:00
	NPU ID                         : 6
	Chip Count                     : 1

	Process id:1713251 Process name:python            Process memory(MB):7973
	Chip ID                        : 0

2026-09-05T23:44:24+08:00
	NPU ID                         : 6
	Chip Count                     : 1

	No process in device.
	Chip ID                        : 0

2026-09-05T23:44:29+08:00
	NPU ID                         : 6
	Chip Count                     : 1

	No process in device.
	Chip ID                        : 0

2026-09-05T23:44:35+08:00
	NPU ID                         : 6
	Chip Count                     : 1

	No process in device.
	Chip ID                        : 0

2026-09-05T23:44:41+08:00
	NPU ID                         : 6
	Chip Count                     : 1

	No process in device.
	Chip ID                        : 0

2026-09-05T23:44:46+08:00
	NPU ID                         : 6
	Chip Count                     : 1

	No process in device.
	Chip ID                        : 0

2026-09-05T23:44:52+08:00
	NPU ID                         : 6
	Chip Count                     : 1

	No process in device.
	Chip ID                        : 0

2026-09-05T23:44:57+08:00
	NPU ID                         : 6
	Chip Count                     : 1

	No process in device.
	Chip ID                        : 0

2026-09-05T23:45:03+08:00
	NPU ID                         : 6
	Chip Count                     : 1

	No process in device.
	Chip ID                        : 0

2026-09-05T23:45:08+08:00
