oracle-t1024 API ready worker_pid=2444532; preloading 100 distinct crops for 100 requests
oracle-t1024 crops preloaded 50/100
oracle-t1024 crops preloaded 100/100
oracle-t1024 payloads ready bytes=34840674
SEND oracle-t1024 01/100 table=page_000287_table_box_id_8 active=1
SEND oracle-t1024 02/100 table=page_001367_table_51 active=2
RECV oracle-t1024 01/100 rank=24 id=page_000287_table_box_id_8 latency=1.3732s status=ok active=1
SEND oracle-t1024 03/100 table=page_000236_table_box_id_1 active=2
RECV oracle-t1024 02/100 rank=65 id=page_001367_table_51 latency=1.4052s status=ok active=1
SEND oracle-t1024 04/100 table=page_000634_table_11 active=2
RECV oracle-t1024 03/100 rank=324 id=page_000236_table_box_id_1 latency=0.5000s status=ok active=1
SEND oracle-t1024 05/100 table=page_000272_table_box_id_1 active=2
RECV oracle-t1024 04/100 rank=225 id=page_000634_table_11 latency=0.7218s status=ok active=1
SEND oracle-t1024 06/100 table=page_001172_table_16 active=2
RECV oracle-t1024 06/100 rank=337 id=page_001172_table_16 latency=0.7960s status=ok active=1
SEND oracle-t1024 07/100 table=page_001137_table_2 active=2
RECV oracle-t1024 05/100 rank=09 id=page_000272_table_box_id_1 latency=2.3323s status=ok active=1
SEND oracle-t1024 08/100 table=page_001150_table_box_id_9 active=2
RECV oracle-t1024 07/100 rank=151 id=page_001137_table_2 latency=1.6752s status=ok active=1
SEND oracle-t1024 09/100 table=page_000920_table_8 active=2
RECV oracle-t1024 08/100 rank=255 id=page_001150_table_box_id_9 latency=0.6184s status=ok active=1
SEND oracle-t1024 10/100 table=page_000524_table_0 active=2
RECV oracle-t1024 09/100 rank=368 id=page_000920_table_8 latency=0.4710s status=ok active=1
SEND oracle-t1024 11/100 table=page_000256_table_box_id_8 active=2
RECV oracle-t1024 11/100 rank=336 id=page_000256_table_box_id_8 latency=0.4165s status=ok active=1
SEND oracle-t1024 12/100 table=page_001166_table_9 active=2
RECV oracle-t1024 12/100 rank=436 id=page_001166_table_9 latency=0.3110s status=ok active=1
SEND oracle-t1024 13/100 table=page_000211_table_box_id_3 active=2
RECV oracle-t1024 10/100 rank=140 id=page_000524_table_0 latency=1.0843s status=ok active=1
SEND oracle-t1024 14/100 table=page_000933_table_10 active=2
RECV oracle-t1024 14/100 rank=504 id=page_000933_table_10 latency=0.3666s status=ok active=1
SEND oracle-t1024 15/100 table=page_001129_table_8 active=2
RECV oracle-t1024 13/100 rank=201 id=page_000211_table_box_id_3 latency=0.8518s status=ok active=1
SEND oracle-t1024 16/100 table=page_001375_table_7 active=2
RECV oracle-t1024 16/100 rank=458 id=page_001375_table_7 latency=0.2831s status=ok active=1
SEND oracle-t1024 17/100 table=page_000106_table_box_id_2 active=2
RECV oracle-t1024 15/100 rank=107 id=page_001129_table_8 latency=1.2508s status=ok active=1
SEND oracle-t1024 18/100 table=page_001134_table_10 active=2
RECV oracle-t1024 17/100 rank=208 id=page_000106_table_box_id_2 latency=0.6425s status=ok active=1
SEND oracle-t1024 19/100 table=page_000642_table_8 active=2
RECV oracle-t1024 18/100 rank=134 id=page_001134_table_10 latency=1.0304s status=ok active=1
SEND oracle-t1024 20/100 table=page_000564_table_7 active=2
RECV oracle-t1024 19/100 rank=128 id=page_000642_table_8 latency=1.0687s status=ok active=1
SEND oracle-t1024 21/100 table=page_001368_table_box_id_242 active=2
RECV oracle-t1024 21/100 rank=497 id=page_001368_table_box_id_242 latency=0.3567s status=ok active=1
SEND oracle-t1024 22/100 table=page_000263_table_box_id_7 active=2
RECV oracle-t1024 20/100 rank=334 id=page_000564_table_7 latency=0.4889s status=ok active=1
SEND oracle-t1024 23/100 table=page_000746_table_18 active=2
RECV oracle-t1024 23/100 rank=161 id=page_000746_table_18 latency=1.7559s status=ok active=1
SEND oracle-t1024 24/100 table=page_000213_table_box_id_5 active=2
RECV oracle-t1024 24/100 rank=215 id=page_000213_table_box_id_5 latency=1.2982s status=ok active=1
SEND oracle-t1024 25/100 table=page_000206_table_box_id_1 active=2
RECV oracle-t1024 25/100 rank=309 id=page_000206_table_box_id_1 latency=1.0492s status=ok active=1
SEND oracle-t1024 26/100 table=page_000209_table_box_id_1 active=2
RECV oracle-t1024 22/100 rank=31 id=page_000263_table_box_id_7 latency=4.7070s status=ok active=1
SEND oracle-t1024 27/100 table=page_001216_table_2 active=2
RECV oracle-t1024 26/100 rank=432 id=page_000209_table_box_id_1 latency=0.5686s status=ok active=1
SEND oracle-t1024 28/100 table=page_000188_table_box_id_6 active=2
RECV oracle-t1024 28/100 rank=240 id=page_000188_table_box_id_6 latency=0.7396s status=ok active=1
SEND oracle-t1024 29/100 table=page_000921_table_9 active=2
RECV oracle-t1024 27/100 rank=186 id=page_001216_table_2 latency=0.7958s status=ok active=1
SEND oracle-t1024 30/100 table=page_000533_table_8 active=2
RECV oracle-t1024 29/100 rank=460 id=page_000921_table_9 latency=0.3627s status=ok active=1
SEND oracle-t1024 31/100 table=page_001123_table_14 active=2
RECV oracle-t1024 30/100 rank=399 id=page_000533_table_8 latency=0.5607s status=ok active=1
SEND oracle-t1024 32/100 table=page_001503_table_5 active=2
RECV oracle-t1024 31/100 rank=413 id=page_001123_table_14 latency=0.4403s status=ok active=1
SEND oracle-t1024 33/100 table=page_001197_table_5 active=2
RECV oracle-t1024 32/100 rank=526 id=page_001503_table_5 latency=0.2077s status=ok active=1
SEND oracle-t1024 34/100 table=page_000542_table_0 active=2
RECV oracle-t1024 34/100 rank=219 id=page_000542_table_0 latency=0.7067s status=ok active=1
SEND oracle-t1024 35/100 table=page_001130_table_1 active=2
RECV oracle-t1024 35/100 rank=572 id=page_001130_table_1 latency=0.1832s status=ok active=1
SEND oracle-t1024 36/100 table=page_001595_table_box_id_9 active=2
RECV oracle-t1024 36/100 rank=561 id=page_001595_table_box_id_9 latency=0.1854s status=ok active=1
SEND oracle-t1024 37/100 table=page_001233_table_6 active=2
RECV oracle-t1024 33/100 rank=118 id=page_001197_table_5 latency=1.3874s status=ok active=1
SEND oracle-t1024 38/100 table=page_000585_table_1 active=2
RECV oracle-t1024 37/100 rank=241 id=page_001233_table_6 latency=0.6499s status=ok active=1
SEND oracle-t1024 39/100 table=page_000821_table_box_id_26 active=2
RECV oracle-t1024 39/100 rank=617 id=page_000821_table_box_id_26 latency=0.1556s status=ok active=1
SEND oracle-t1024 40/100 table=page_000566_table_3 active=2
RECV oracle-t1024 38/100 rank=159 id=page_000585_table_1 latency=0.9953s status=ok active=1
SEND oracle-t1024 41/100 table=page_000534_table_4 active=2
RECV oracle-t1024 40/100 rank=167 id=page_000566_table_3 latency=0.8790s status=ok active=1
SEND oracle-t1024 42/100 table=page_001141_table_13 active=2
RECV oracle-t1024 41/100 rank=221 id=page_000534_table_4 latency=0.6772s status=ok active=1
SEND oracle-t1024 43/100 table=page_000665_table_3 active=2
RECV oracle-t1024 43/100 rank=662 id=page_000665_table_3 latency=0.1093s status=ok active=1
SEND oracle-t1024 44/100 table=page_001417_table_2 active=2
RECV oracle-t1024 44/100 rank=587 id=page_001417_table_2 latency=0.1798s status=ok active=1
SEND oracle-t1024 45/100 table=page_001117_table_box_id_7 active=2
RECV oracle-t1024 42/100 rank=280 id=page_001141_table_13 latency=0.7526s status=ok active=1
SEND oracle-t1024 46/100 table=page_001270_table_box_id_1 active=2
RECV oracle-t1024 45/100 rank=483 id=page_001117_table_box_id_7 latency=0.2565s status=ok active=1
SEND oracle-t1024 47/100 table=page_000261_table_box_id_3 active=2
RECV oracle-t1024 47/100 rank=54 id=page_000261_table_box_id_3 latency=1.9870s status=ok active=1
SEND oracle-t1024 48/100 table=page_000505_table_1 active=2
RECV oracle-t1024 46/100 rank=95 id=page_001270_table_box_id_1 latency=2.1633s status=ok active=1
SEND oracle-t1024 49/100 table=page_000682_table_15 active=2
RECV oracle-t1024 49/100 rank=507 id=page_000682_table_15 latency=0.3390s status=ok active=1
SEND oracle-t1024 50/100 table=page_000275_table_box_id_1 active=2
RECV oracle-t1024 48/100 rank=121 id=page_000505_table_1 latency=1.6916s status=ok active=1
SEND oracle-t1024 51/100 table=page_000789_table_34 active=2
RECV oracle-t1024 51/100 rank=639 id=page_000789_table_34 latency=0.1762s status=ok active=1
SEND oracle-t1024 52/100 table=page_001177_table_2 active=2
RECV oracle-t1024 50/100 rank=12 id=page_000275_table_box_id_1 latency=2.1515s status=ok active=1
SEND oracle-t1024 53/100 table=page_001398_table_box-13qv1ztw active=2
RECV oracle-t1024 53/100 rank=511 id=page_001398_table_box-13qv1ztw latency=0.2546s status=ok active=1
SEND oracle-t1024 54/100 table=page_001183_table_11 active=2
RECV oracle-t1024 52/100 rank=229 id=page_001177_table_2 latency=1.1856s status=ok active=1
SEND oracle-t1024 55/100 table=page_000507_table_0 active=2
RECV oracle-t1024 54/100 rank=395 id=page_001183_table_11 latency=0.4587s status=ok active=1
SEND oracle-t1024 56/100 table=page_000710_table_9 active=2
RECV oracle-t1024 55/100 rank=396 id=page_000507_table_0 latency=0.4457s status=ok active=1
SEND oracle-t1024 57/100 table=page_000657_table_6 active=2
RECV oracle-t1024 56/100 rank=514 id=page_000710_table_9 latency=0.3096s status=ok active=1
SEND oracle-t1024 58/100 table=page_001368_table_box_id_227 active=2
RECV oracle-t1024 57/100 rank=659 id=page_000657_table_6 latency=0.1101s status=ok active=1
SEND oracle-t1024 59/100 table=page_001176_table_4 active=2
RECV oracle-t1024 58/100 rank=264 id=page_001368_table_box_id_227 latency=0.6119s status=ok active=1
SEND oracle-t1024 60/100 table=page_001181_table_6 active=2
RECV oracle-t1024 59/100 rank=122 id=page_001176_table_4 latency=1.1728s status=ok active=1
SEND oracle-t1024 61/100 table=page_000937_table_0 active=2
RECV oracle-t1024 61/100 rank=350 id=page_000937_table_0 latency=0.3971s status=ok active=1
SEND oracle-t1024 62/100 table=page_001368_table_box_id_237 active=2
RECV oracle-t1024 62/100 rank=468 id=page_001368_table_box_id_237 latency=0.2793s status=ok active=1
SEND oracle-t1024 63/100 table=page_000217_table_box_id_0 active=2
RECV oracle-t1024 63/100 rank=391 id=page_000217_table_box_id_0 latency=0.3535s status=ok active=1
SEND oracle-t1024 64/100 table=page_001159_table_5 active=2
RECV oracle-t1024 60/100 rank=72 id=page_001181_table_6 latency=1.6246s status=ok active=1
SEND oracle-t1024 65/100 table=page_000626_table_box_id_1 active=2
RECV oracle-t1024 64/100 rank=224 id=page_001159_table_5 latency=0.9909s status=ok active=1
SEND oracle-t1024 66/100 table=page_000984_table_2 active=2
RECV oracle-t1024 66/100 rank=625 id=page_000984_table_2 latency=0.1797s status=ok active=1
SEND oracle-t1024 67/100 table=page_001082_table_34 active=2
RECV oracle-t1024 65/100 rank=44 id=page_000626_table_box_id_1 latency=2.2808s status=ok active=1
SEND oracle-t1024 68/100 table=page_000467_table_17 active=2
RECV oracle-t1024 67/100 rank=171 id=page_001082_table_34 latency=1.4588s status=ok active=1
SEND oracle-t1024 69/100 table=page_000866_table_14 active=2
RECV oracle-t1024 69/100 rank=419 id=page_000866_table_14 latency=0.3362s status=ok active=1
SEND oracle-t1024 70/100 table=page_001227_table_10 active=2
RECV oracle-t1024 68/100 rank=120 id=page_000467_table_17 latency=1.2000s status=ok active=1
SEND oracle-t1024 71/100 table=page_000916_table_7 active=2
RECV oracle-t1024 71/100 rank=265 id=page_000916_table_7 latency=0.4958s status=ok active=1
SEND oracle-t1024 72/100 table=page_000251_table_box_id_7 active=2
RECV oracle-t1024 70/100 rank=75 id=page_001227_table_10 latency=1.4162s status=ok active=1
SEND oracle-t1024 73/100 table=page_001131_table_15 active=2
RECV oracle-t1024 73/100 rank=469 id=page_001131_table_15 latency=0.2730s status=ok active=1
SEND oracle-t1024 74/100 table=page_001183_table_12 active=2
RECV oracle-t1024 72/100 rank=184 id=page_000251_table_box_id_7 latency=0.8770s status=ok active=1
SEND oracle-t1024 75/100 table=page_000266_table_box_id_7 active=2
RECV oracle-t1024 75/100 rank=509 id=page_000266_table_box_id_7 latency=0.2341s status=ok active=1
SEND oracle-t1024 76/100 table=page_000447_table_12 active=2
RECV oracle-t1024 74/100 rank=285 id=page_001183_table_12 latency=0.6411s status=ok active=1
SEND oracle-t1024 77/100 table=page_001193_table_4 active=2
RECV oracle-t1024 76/100 rank=371 id=page_000447_table_12 latency=0.4827s status=ok active=1
SEND oracle-t1024 78/100 table=page_001368_table_box_id_239 active=2
RECV oracle-t1024 77/100 rank=342 id=page_001193_table_4 latency=0.4976s status=ok active=1
SEND oracle-t1024 79/100 table=page_000903_table_15 active=2
RECV oracle-t1024 78/100 rank=512 id=page_001368_table_box_id_239 latency=0.2437s status=ok active=1
SEND oracle-t1024 80/100 table=page_001167_table_2 active=2
RECV oracle-t1024 79/100 rank=522 id=page_000903_table_15 latency=0.3149s status=ok active=1
SEND oracle-t1024 81/100 table=page_000212_table_box_id_1 active=2
RECV oracle-t1024 80/100 rank=422 id=page_001167_table_2 latency=0.4204s status=ok active=1
SEND oracle-t1024 82/100 table=page_001147_table_10 active=2
RECV oracle-t1024 81/100 rank=113 id=page_000212_table_box_id_1 latency=1.1324s status=ok active=1
SEND oracle-t1024 83/100 table=page_000223_table_box_id_2 active=2
RECV oracle-t1024 82/100 rank=90 id=page_001147_table_10 latency=1.3911s status=ok active=1
SEND oracle-t1024 84/100 table=page_000716_table_0 active=2
RECV oracle-t1024 84/100 rank=588 id=page_000716_table_0 latency=0.1757s status=ok active=1
SEND oracle-t1024 85/100 table=page_000937_table_1 active=2
RECV oracle-t1024 85/100 rank=415 id=page_000937_table_1 latency=0.3262s status=ok active=1
SEND oracle-t1024 86/100 table=page_000465_table_10 active=2
RECV oracle-t1024 83/100 rank=114 id=page_000223_table_box_id_2 latency=1.3035s status=ok active=1
SEND oracle-t1024 87/100 table=page_000465_table_8 active=2
RECV oracle-t1024 86/100 rank=339 id=page_000465_table_10 latency=0.4205s status=ok active=1
SEND oracle-t1024 88/100 table=page_001179_table_6 active=2
RECV oracle-t1024 87/100 rank=331 id=page_000465_table_8 latency=0.7121s status=ok active=1
SEND oracle-t1024 89/100 table=page_000554_table_12 active=2
RECV oracle-t1024 89/100 rank=538 id=page_000554_table_12 latency=0.4689s status=ok active=1
SEND oracle-t1024 90/100 table=page_000199_table_box_id_0 active=2
RECV oracle-t1024 88/100 rank=61 id=page_001179_table_6 latency=1.2687s status=ok active=1
SEND oracle-t1024 91/100 table=page_000516_table_0 active=2
RECV oracle-t1024 91/100 rank=125 id=page_000516_table_0 latency=1.0732s status=ok active=1
SEND oracle-t1024 92/100 table=page_001214_table_8 active=2
RECV oracle-t1024 90/100 rank=80 id=page_000199_table_box_id_0 latency=1.4666s status=ok active=1
SEND oracle-t1024 93/100 table=page_001368_table_box_id_161 active=2
RECV oracle-t1024 92/100 rank=359 id=page_001214_table_8 latency=0.5005s status=ok active=1
SEND oracle-t1024 94/100 table=page_000577_table_3 active=2
RECV oracle-t1024 93/100 rank=332 id=page_001368_table_box_id_161 latency=0.5205s status=ok active=1
SEND oracle-t1024 95/100 table=page_000984_table_3 active=2
RECV oracle-t1024 94/100 rank=382 id=page_000577_table_3 latency=0.3616s status=ok active=1
SEND oracle-t1024 96/100 table=page_001187_table_0 active=2
RECV oracle-t1024 95/100 rank=238 id=page_000984_table_3 latency=0.8703s status=ok active=1
SEND oracle-t1024 97/100 table=page_000821_table_box_id_14 active=2
RECV oracle-t1024 97/100 rank=585 id=page_000821_table_box_id_14 latency=0.2537s status=ok active=1
SEND oracle-t1024 98/100 table=page_000833_table_4 active=2
RECV oracle-t1024 96/100 rank=28 id=page_001187_table_0 latency=1.7159s status=ok active=1
SEND oracle-t1024 99/100 table=page_001375_table_31 active=2
RECV oracle-t1024 98/100 rank=352 id=page_000833_table_4 latency=0.6764s status=ok active=1
SEND oracle-t1024 100/100 table=page_000645_table_7 active=2
RECV oracle-t1024 99/100 rank=631 id=page_001375_table_31 latency=0.2217s status=ok active=1
RECV oracle-t1024 100/100 rank=533 id=page_000645_table_7 latency=0.2943s status=ok active=0
DONE oracle-t1024 requests=100 failures=0 max_in_flight=2 wall=40.4923s qps=2.4696 p50=0.6152s p95=1.9953s max=4.7070s
