OCR API ready worker_pid=None; preparing table crops in RAM
Frozen ALL cohort: 665 tables (121 LaTeX, 544 non-LaTeX)
Scheduled 100 Poisson arrivals at 6 QPS; request limit=100; last scheduled arrival at 16.852s; HTTP endpoint=http://127.0.0.1:18081/v1/chat/completions
Writing each completion to tmp/09_persistent_page_engine/table_vllm_poisson100_seq64_budget16k_bd445e26_20260908/budget16384/qps6/measured/results.jsonl
[   0.025s] SEND #00001 table=page_001375_table_1 lag=   0.5ms active=1
[   0.339s] SEND #00002 table=page_000256_table_box_id_1 lag=   1.5ms active=2
[   0.580s] SEND #00003 table=page_000918_table_6 lag=   2.5ms active=3
[   0.627s] SEND #00004 table=page_001130_table_1 lag=   0.5ms active=4
[   0.742s] SEND #00005 table=page_000758_table_21 lag=   0.5ms active=5
[   0.842s] SEND #00006 table=page_001202_table_3 lag=   1.1ms active=6
[   1.018s] SEND #00007 table=page_000636_table_5 lag=   1.5ms active=7
[   1.276s] SEND #00008 table=page_000254_table_box_id_4 lag=   0.8ms active=8
[   1.292s] SEND #00009 table=page_000178_table_box_id_1 lag=   0.7ms active=9
[   1.298s] SEND #00010 table=page_000220_table_box_id_7 lag=   1.0ms active=10
[   1.357s] RECV #00005 table=page_000758_table_21 request= 0.616s scheduled= 0.616s status=ok active=9
[   1.598s] SEND #00011 table=page_000505_table_1 lag=   0.5ms active=10
[   1.693s] SEND #00012 table=page_000418_table_3 lag=   0.4ms active=11
[   1.733s] RECV #00004 table=page_001130_table_1 request= 1.106s scheduled= 1.107s status=ok active=10
[   1.851s] RECV #00002 table=page_000256_table_box_id_1 request= 1.512s scheduled= 1.513s status=ok active=9
[   1.933s] SEND #00013 table=page_000266_table_box_id_7 lag=   1.0ms active=10
[   1.933s] SEND #00014 table=page_001375_table_4 lag=   1.3ms active=11
[   1.974s] RECV #00003 table=page_000918_table_6 request= 1.393s scheduled= 1.396s status=ok active=10
[   2.031s] SEND #00015 table=page_001158_table_3 lag=   1.0ms active=11
[   2.244s] SEND #00016 table=page_000930_table_7 lag=   1.3ms active=12
[   2.287s] SEND #00017 table=page_001198_table_8 lag=   0.6ms active=13
[   2.662s] RECV #00007 table=page_000636_table_5 request= 1.644s scheduled= 1.645s status=ok active=12
[   2.771s] SEND #00018 table=page_000434_table_15 lag=   0.5ms active=13
[   3.158s] SEND #00019 table=page_000534_table_4 lag=   0.8ms active=14
[   3.163s] SEND #00020 table=page_001161_table_3 lag=   0.8ms active=15
[   3.167s] SEND #00021 table=page_000566_table_3 lag=   0.5ms active=16
[   3.187s] RECV #00016 table=page_000930_table_7 request= 0.942s scheduled= 0.943s status=ok active=15
[   3.297s] SEND #00022 table=page_001200_table_2 lag=   0.9ms active=16
[   3.764s] SEND #00023 table=page_000246_table_box_id_6 lag=   1.5ms active=17
[   3.844s] SEND #00024 table=page_001193_table_4 lag=   0.7ms active=18
[   3.885s] SEND #00025 table=page_001270_table_box_id_1 lag=   1.1ms active=19
[   3.976s] SEND #00026 table=page_000592_table_3 lag=   1.0ms active=20
[   3.981s] SEND #00027 table=page_000494_table_7 lag=   0.8ms active=21
[   4.023s] SEND #00028 table=page_000535_table_1 lag=   1.3ms active=22
[   4.118s] SEND #00029 table=page_001186_table_5 lag=   0.7ms active=23
[   4.182s] RECV #00013 table=page_000266_table_box_id_7 request= 2.249s scheduled= 2.250s status=ok active=22
[   4.232s] SEND #00030 table=page_001375_table_31 lag=   0.6ms active=23
[   4.277s] SEND #00031 table=page_000218_table_box_id_4 lag=   0.5ms active=24
[   4.321s] SEND #00032 table=page_001368_table_box_id_278 lag=   1.1ms active=25
[   4.362s] SEND #00033 table=page_001180_table_15 lag=   1.1ms active=26
[   4.464s] SEND #00034 table=page_000266_table_box_id_9 lag=   1.0ms active=27
[   4.522s] SEND #00035 table=page_000762_table_5 lag=   1.3ms active=28
[   4.525s] SEND #00036 table=page_000499_table_0 lag=   0.7ms active=29
[   4.828s] SEND #00037 table=page_000642_table_8 lag=   0.9ms active=30
[   4.964s] SEND #00038 table=page_000659_table_5 lag=   1.7ms active=31
[   5.134s] SEND #00039 table=page_001128_table_2 lag=   0.6ms active=32
[   5.169s] SEND #00040 table=page_001176_table_4 lag=   0.5ms active=33
[   5.593s] RECV #00038 table=page_000659_table_5 request= 0.629s scheduled= 0.630s status=ok active=32
[   5.810s] RECV #00030 table=page_001375_table_31 request= 1.578s scheduled= 1.579s status=ok active=31
[   5.942s] RECV #00032 table=page_001368_table_box_id_278 request= 1.622s scheduled= 1.623s status=ok active=30
[   5.985s] RECV #00035 table=page_000762_table_5 request= 1.463s scheduled= 1.464s status=ok active=29
[   5.985s] SEND #00041 table=page_001154_table_10 lag=   0.4ms active=30
[   5.996s] RECV #00023 table=page_000246_table_box_id_6 request= 2.232s scheduled= 2.233s status=ok active=29
[   6.048s] RECV #00029 table=page_001186_table_5 request= 1.930s scheduled= 1.931s status=ok active=28
[   6.313s] SEND #00042 table=page_000467_table_17 lag=   0.9ms active=29
[   6.334s] SEND #00043 table=page_000647_table_3 lag=   0.6ms active=30
[   6.403s] SEND #00044 table=page_001493_table_box_id_13 lag=   2.1ms active=31
[   6.616s] SEND #00045 table=page_000605_table_3 lag=   1.4ms active=32
[   6.823s] SEND #00046 table=page_001117_table_box_id_17 lag=   1.7ms active=33
[   6.964s] RECV #00043 table=page_000647_table_3 request= 0.630s scheduled= 0.630s status=ok active=32
[   6.985s] RECV #00045 table=page_000605_table_3 request= 0.369s scheduled= 0.371s status=ok active=31
[   7.219s] RECV #00034 table=page_000266_table_box_id_9 request= 2.754s scheduled= 2.755s status=ok active=30
[   7.219s] RECV #00015 table=page_001158_table_3 request= 5.188s scheduled= 5.189s status=ok active=29
[   7.281s] SEND #00047 table=page_000509_table_0 lag=   0.2ms active=30
[   7.373s] SEND #00048 table=page_000565_table_1 lag=   1.2ms active=31
[   7.643s] RECV #00046 table=page_001117_table_box_id_17 request= 0.820s scheduled= 0.822s status=ok active=30
[   7.668s] SEND #00049 table=page_000841_table_22 lag=   0.9ms active=31
[   7.853s] SEND #00050 table=page_000922_table_12 lag=   1.0ms active=32
[   7.858s] RECV #00033 table=page_001180_table_15 request= 3.496s scheduled= 3.497s status=ok active=31
[   7.913s] SEND #00051 table=page_001169_table_11 lag=   0.7ms active=32
[   8.061s] SEND #00052 table=page_000287_table_box_id_8 lag=   1.4ms active=33
[   8.418s] SEND #00053 table=page_000246_table_box_id_6 lag=   1.0ms active=34
[   8.586s] RECV #00049 table=page_000841_table_22 request= 0.918s scheduled= 0.919s status=ok active=33
[   8.731s] SEND #00054 table=page_000737_table_6 lag=   2.0ms active=34
[   8.762s] RECV #00018 table=page_000434_table_15 request= 5.991s scheduled= 5.992s status=ok active=33
[   8.773s] RECV #00024 table=page_001193_table_4 request= 4.929s scheduled= 4.930s status=ok active=32
[   8.847s] SEND #00055 table=page_000250_table_box-stnne6dt lag=   0.3ms active=33
[   8.995s] SEND #00056 table=page_000647_table_6 lag=   0.5ms active=34
[   8.996s] RECV #00017 table=page_001198_table_8 request= 6.709s scheduled= 6.710s status=ok active=33
[   9.001s] SEND #00057 table=page_000652_table_2 lag=   0.6ms active=34
[   9.048s] SEND #00058 table=page_001367_table_70 lag=   1.1ms active=35
[   9.314s] SEND #00059 table=page_001368_table_box_id_163 lag=   1.2ms active=36
[   9.403s] SEND #00060 table=page_000468_table_1 lag=   1.6ms active=37
[   9.434s] SEND #00061 table=page_000838_table_4 lag=   0.7ms active=38
[   9.567s] SEND #00062 table=page_000665_table_3 lag=   1.0ms active=39
[   9.769s] SEND #00063 table=page_001595_table_box_id_14 lag=   0.8ms active=40
[   9.833s] RECV #00027 table=page_000494_table_7 request= 5.852s scheduled= 5.853s status=ok active=39
[   9.953s] RECV #00062 table=page_000665_table_3 request= 0.386s scheduled= 0.387s status=ok active=38
[   9.957s] SEND #00064 table=page_000818_table_1 lag=   1.1ms active=39
[  10.035s] SEND #00065 table=page_000937_table_0 lag=   0.9ms active=40
[  10.131s] SEND #00066 table=page_000222_table_box_id_1 lag=   1.1ms active=41
[  10.250s] SEND #00067 table=page_000744_table_11 lag=   1.1ms active=42
[  10.497s] RECV #00059 table=page_001368_table_box_id_163 request= 1.183s scheduled= 1.184s status=ok active=41
[  10.500s] SEND #00068 table=page_000284_table_box_id_0 lag=   0.3ms active=42
[  10.623s] SEND #00069 table=page_000266_table_box_id_1 lag=   0.7ms active=43
[  10.706s] SEND #00070 table=page_001368_table_box_id_271 lag=   0.7ms active=44
[  10.818s] SEND #00071 table=page_000467_table_17 lag=   0.7ms active=45
[  10.823s] SEND #00072 table=page_000737_table_0 lag=   0.7ms active=46
[  10.830s] SEND #00073 table=page_000526_table_7 lag=   0.3ms active=47
[  10.924s] RECV #00056 table=page_000647_table_6 request= 1.929s scheduled= 1.929s status=ok active=46
[  11.033s] SEND #00074 table=page_001011_table_30 lag=   0.7ms active=47
[  11.153s] RECV #00053 table=page_000246_table_box_id_6 request= 2.735s scheduled= 2.736s status=ok active=46
[  11.474s] RECV #00061 table=page_000838_table_4 request= 2.040s scheduled= 2.041s status=ok active=45
[  11.691s] RECV #00036 table=page_000499_table_0 request= 7.166s scheduled= 7.167s status=ok active=44
[  11.714s] SEND #00075 table=page_000246_table_box_id_11 lag=   0.3ms active=45
[  11.730s] RECV #00051 table=page_001169_table_11 request= 3.817s scheduled= 3.817s status=ok active=44
[  11.757s] RECV #00012 table=page_000418_table_3 request=10.065s scheduled=10.065s status=ok active=43
[  11.864s] SEND #00076 table=page_000676_table_2 lag=   0.7ms active=44
[  11.948s] SEND #00077 table=page_001368_table_box_id_268 lag=   1.3ms active=45
[  11.950s] RECV #00028 table=page_000535_table_1 request= 7.927s scheduled= 7.929s status=ok active=44
[  11.979s] SEND #00078 table=page_000190_table_box_id_0 lag=   0.9ms active=45
[  12.095s] SEND #00079 table=page_001368_table_box_id_227 lag=   0.9ms active=46
[  12.112s] RECV #00064 table=page_000818_table_1 request= 2.156s scheduled= 2.157s status=ok active=45
[  12.249s] RECV #00067 table=page_000744_table_11 request= 2.000s scheduled= 2.001s status=ok active=44
[  12.508s] RECV #00019 table=page_000534_table_4 request= 9.350s scheduled= 9.351s status=ok active=43
[  12.532s] RECV #00060 table=page_000468_table_1 request= 3.128s scheduled= 3.130s status=ok active=42
[  12.557s] RECV #00044 table=page_001493_table_box_id_13 request= 6.154s scheduled= 6.156s status=ok active=41
[  12.608s] RECV #00010 table=page_000220_table_box_id_7 request=11.310s scheduled=11.311s status=ok active=40
[  12.620s] RECV #00077 table=page_001368_table_box_id_268 request= 0.672s scheduled= 0.673s status=ok active=39
[  12.753s] RECV #00054 table=page_000737_table_6 request= 4.022s scheduled= 4.024s status=ok active=38
[  12.765s] SEND #00080 table=page_001134_table_9 lag=   0.5ms active=39
[  12.841s] RECV #00008 table=page_000254_table_box_id_4 request=11.565s scheduled=11.566s status=ok active=38
[  13.011s] SEND #00081 table=page_000591_table_3 lag=   1.0ms active=39
[  13.140s] SEND #00082 table=page_000210_table_box_id_4 lag=   1.1ms active=40
[  13.468s] SEND #00083 table=page_000649_table_8 lag=   0.6ms active=41
[  13.508s] RECV #00070 table=page_001368_table_box_id_271 request= 2.802s scheduled= 2.802s status=ok active=40
[  13.512s] SEND #00084 table=page_000289_table_box_id_4 lag=   1.2ms active=41
[  13.634s] SEND #00085 table=page_001190_table_8 lag=   2.4ms active=42
[  13.679s] RECV #00041 table=page_001154_table_10 request= 7.694s scheduled= 7.694s status=ok active=41
[  14.140s] SEND #00086 table=page_000211_table_box_id_3 lag=   0.8ms active=42
[  14.153s] RECV #00073 table=page_000526_table_7 request= 3.322s scheduled= 3.323s status=ok active=41
[  14.284s] SEND #00087 table=page_001182_table_3 lag=   0.8ms active=42
[  14.300s] RECV #00078 table=page_000190_table_box_id_0 request= 2.321s scheduled= 2.322s status=ok active=41
[  14.353s] RECV #00050 table=page_000922_table_12 request= 6.500s scheduled= 6.501s status=ok active=40
[  14.386s] SEND #00088 table=page_000242_table_box-mhg591pb lag=   0.8ms active=41
[  14.438s] SEND #00089 table=page_001274_table_4 lag=   0.7ms active=42
[  14.571s] SEND #00090 table=page_001177_table_2 lag=   0.9ms active=43
[  14.678s] RECV #00069 table=page_000266_table_box_id_1 request= 4.055s scheduled= 4.056s status=ok active=42
[  14.957s] RECV #00065 table=page_000937_table_0 request= 4.922s scheduled= 4.923s status=ok active=41
[  15.009s] RECV #00075 table=page_000246_table_box_id_11 request= 3.295s scheduled= 3.295s status=ok active=40
[  15.009s] RECV #00048 table=page_000565_table_1 request= 7.636s scheduled= 7.637s status=ok active=39
[  15.096s] SEND #00091 table=page_001202_table_3 lag=   1.0ms active=40
[  15.096s] SEND #00092 table=page_001158_table_3 lag=   0.5ms active=41
[  15.108s] RECV #00031 table=page_000218_table_box_id_4 request=10.831s scheduled=10.832s status=ok active=40
[  15.352s] SEND #00093 table=page_000641_table_8 lag=   0.7ms active=41
[  15.639s] SEND #00094 table=page_000657_table_6 lag=   1.8ms active=42
[  15.797s] RECV #00021 table=page_000566_table_3 request=12.630s scheduled=12.631s status=ok active=41
[  15.921s] RECV #00094 table=page_000657_table_6 request= 0.283s scheduled= 0.284s status=ok active=40
[  15.935s] RECV #00066 table=page_000222_table_box_id_1 request= 5.804s scheduled= 5.805s status=ok active=39
[  15.986s] RECV #00058 table=page_001367_table_70 request= 6.938s scheduled= 6.940s status=ok active=38
[  16.000s] SEND #00095 table=page_000626_table_box_id_4 lag=   1.2ms active=39
[  16.037s] RECV #00006 table=page_001202_table_3 request=15.196s scheduled=15.197s status=ok active=38
[  16.102s] RECV #00057 table=page_000652_table_2 request= 7.101s scheduled= 7.101s status=ok active=37
[  16.225s] SEND #00096 table=page_000829_table_4 lag=   1.3ms active=38
[  16.270s] RECV #00082 table=page_000210_table_box_id_4 request= 3.130s scheduled= 3.131s status=ok active=37
[  16.501s] SEND #00097 table=page_000468_table_11 lag=   0.7ms active=38
[  16.623s] SEND #00098 table=page_000434_table_16 lag=   1.0ms active=39
[  16.760s] SEND #00099 table=page_001175_table_2 lag=   0.7ms active=40
[  16.853s] SEND #00100 table=page_001230_table_box_id_1 lag=   0.9ms active=41
[  17.223s] RECV #00083 table=page_000649_table_8 request= 3.756s scheduled= 3.756s status=ok active=40
[  17.261s] RECV #00020 table=page_001161_table_3 request=14.098s scheduled=14.099s status=ok active=39
[  17.447s] RECV #00072 table=page_000737_table_0 request= 6.624s scheduled= 6.624s status=ok active=38
[  17.532s] RECV #00093 table=page_000641_table_8 request= 2.181s scheduled= 2.181s status=ok active=37
[  17.718s] RECV #00011 table=page_000505_table_1 request=16.120s scheduled=16.120s status=ok active=36
[  17.816s] RECV #00081 table=page_000591_table_3 request= 4.805s scheduled= 4.806s status=ok active=35
[  17.918s] RECV #00063 table=page_001595_table_box_id_14 request= 8.149s scheduled= 8.150s status=ok active=34
[  17.976s] RECV #00039 table=page_001128_table_2 request=12.841s scheduled=12.842s status=ok active=33
[  17.998s] RECV #00096 table=page_000829_table_4 request= 1.773s scheduled= 1.774s status=ok active=32
[  18.054s] RECV #00097 table=page_000468_table_11 request= 1.553s scheduled= 1.554s status=ok active=31
[  18.219s] RECV #00001 table=page_001375_table_1 request=18.195s scheduled=18.195s status=ok active=30
[  18.371s] RECV #00098 table=page_000434_table_16 request= 1.748s scheduled= 1.749s status=ok active=29
[  18.408s] RECV #00009 table=page_000178_table_box_id_1 request=17.115s scheduled=17.116s status=ok active=28
[  18.927s] RECV #00040 table=page_001176_table_4 request=13.759s scheduled=13.759s status=ok active=27
[  18.938s] RECV #00092 table=page_001158_table_3 request= 3.842s scheduled= 3.842s status=ok active=26
[  18.970s] RECV #00079 table=page_001368_table_box_id_227 request= 6.875s scheduled= 6.876s status=ok active=25
[  18.982s] RECV #00037 table=page_000642_table_8 request=14.155s scheduled=14.155s status=ok active=24
[  19.224s] RECV #00088 table=page_000242_table_box-mhg591pb request= 4.838s scheduled= 4.839s status=ok active=23
[  19.659s] RECV #00100 table=page_001230_table_box_id_1 request= 2.806s scheduled= 2.807s status=ok active=22
[  19.742s] RECV #00087 table=page_001182_table_3 request= 5.458s scheduled= 5.459s status=ok active=21
[  19.967s] RECV #00086 table=page_000211_table_box_id_3 request= 5.827s scheduled= 5.827s status=ok active=20
[  20.068s] RECV #00090 table=page_001177_table_2 request= 5.498s scheduled= 5.498s status=ok active=19
[  20.245s] RECV #00026 table=page_000592_table_3 request=16.269s scheduled=16.270s status=ok active=18
[  20.441s] RECV #00025 table=page_001270_table_box_id_1 request=16.556s scheduled=16.557s status=ok active=17
[  20.471s] RECV #00047 table=page_000509_table_0 request=13.190s scheduled=13.191s status=ok active=16
[  20.635s] RECV #00042 table=page_000467_table_17 request=14.322s scheduled=14.322s status=ok active=15
[  20.752s] RECV #00074 table=page_001011_table_30 request= 9.719s scheduled= 9.719s status=ok active=14
[  20.781s] RECV #00085 table=page_001190_table_8 request= 7.147s scheduled= 7.150s status=ok active=13
[  21.450s] RECV #00022 table=page_001200_table_2 request=18.153s scheduled=18.154s status=ok active=12
[  21.554s] RECV #00099 table=page_001175_table_2 request= 4.793s scheduled= 4.794s status=ok active=11
[  21.851s] RECV #00076 table=page_000676_table_2 request= 9.987s scheduled= 9.988s status=ok active=10
[  21.998s] RECV #00080 table=page_001134_table_9 request= 9.233s scheduled= 9.234s status=ok active=9
[  22.200s] RECV #00071 table=page_000467_table_17 request=11.382s scheduled=11.382s status=ok active=8
[  22.578s] RECV #00091 table=page_001202_table_3 request= 7.483s scheduled= 7.484s status=ok active=7
[  22.597s] RECV #00055 table=page_000250_table_box-stnne6dt request=13.751s scheduled=13.751s status=ok active=6
[  23.218s] RECV #00014 table=page_001375_table_4 request=21.285s scheduled=21.287s status=ok active=5
[  29.441s] RECV #00068 table=page_000284_table_box_id_0 request=18.941s scheduled=18.941s status=ok active=4
[  30.421s] RECV #00095 table=page_000626_table_box_id_4 request=14.420s scheduled=14.421s status=ok active=3
[  30.568s] RECV #00052 table=page_000287_table_box_id_8 request=22.507s scheduled=22.508s status=ok active=2
[  37.346s] RECV #00089 table=page_001274_table_4 request=22.908s scheduled=22.909s status=ok active=1
[  39.747s] RECV #00084 table=page_000289_table_box_id_4 request=26.234s scheduled=26.235s status=ok active=0
DONE completed=100 failed=0 max_active=47 p50=5.324s p95=18.233s max=26.235s
Summary: tmp/09_persistent_page_engine/table_vllm_poisson100_seq64_budget16k_bd445e26_20260908/budget16384/qps6/measured/summary.json
