[2026-07-23-12:50:15.000] [INFO] [AscendProfiler_ProfilingParser:97] Profiler logger initialized at: /workspace/repos/paddle_ocr_vl_npu/tmp/09_persistent_page_engine/text_decode_lab/npu_profiles/b2_k1024_p768_pipe_20260723_125014/liteserver-c001-4_133035_20260723125014305_ascend_pt/logs/profiler_20260723125015_134990_ProfilingParser.log
[2026-07-23-12:50:15.049] [INFO] [AscendProfiler_ProfilingParser:100] TorchOpParser start.
[2026-07-23-12:50:15.050] [INFO] [AscendProfiler_ProfilingParser:82] TaskQueueParser start.
[2026-07-23-12:50:15.104] [INFO] [AscendProfiler_ProfilingParser:162] CANNTimelineParser start.
[2026-07-23-12:50:15.106] [INFO] [AscendProfiler_ProfilingParser:88] TaskQueueParser finish.
[2026-07-23-12:50:15.108] [INFO] [AscendProfiler_ProfilingParser:106] TorchOpParser finish.
[2026-07-23-12:50:15.161] [INFO] [AscendProfiler_ProfilingParser:62] TreeBuildParser start.
[2026-07-23-12:50:15.162] [INFO] [AscendProfiler_ProfilingParser:118] DbPreParser start.
[2026-07-23-12:50:15.164] [INFO] [AscendProfiler_ProfilingParser:70] TreeBuildParser finish.
[2026-07-23-12:50:15.169] [INFO] [AscendProfiler_ProfilingParser:62] MemoryPrepareParser start.
[2026-07-23-12:50:15.214] [INFO] [AscendProfiler_ProfilingParser:129] DbPreParser finish.
[2026-07-23-12:50:15.215] [INFO] [AscendProfiler_ProfilingParser:75] MemoryPrepareParser finish.
[2026-07-23-12:50:16.614] [INFO] [AscendProfiler_ProfilingParser:172] CANNTimelineParser finish.
[2026-07-23-12:50:16.684] [INFO] [AscendProfiler_ProfilingParser:31] RelationParser start.
[2026-07-23-12:50:16.769] [INFO] [AscendProfiler_ProfilingParser:38] RelationParser finish.
[2026-07-23-12:50:17.795] [INFO] [AscendProfiler_ProfilingParser:40] DbParser start.
[2026-07-23-12:50:17.845] [INFO] [AscendProfiler_ProfilingParser:27] BasicDbParser start.
[2026-07-23-12:50:17.851] [INFO] [AscendProfiler_ProfilingParser:40] BasicDbParser finish.
[2026-07-23-12:50:17.851] [INFO] [AscendProfiler_ProfilingParser:27] FwkApiDbParser start.
[2026-07-23-12:50:17.852] [INFO] [AscendProfiler_ProfilingParser:32] FwkApiDbParser get fwk api data finish.
[2026-07-23-12:50:17.854] [INFO] [AscendProfiler_ProfilingParser:34] FwkApiDbParser get api data for db finish.
[2026-07-23-12:50:17.873] [INFO] [AscendProfiler_ProfilingParser:36] FwkApiDbParser save api data to db finish.
[2026-07-23-12:50:17.874] [INFO] [AscendProfiler_ProfilingParser:40] FwkApiDbParser finish.
[2026-07-23-12:50:17.874] [INFO] [AscendProfiler_ProfilingParser:82] MemoryDbParser start.
[2026-07-23-12:50:17.874] [INFO] [AscendProfiler_ProfilingParser:95] MemoryDbParser finish.
[2026-07-23-12:50:17.875] [INFO] [AscendProfiler_ProfilingParser:33] GCRecordDbParser start.
[2026-07-23-12:50:17.875] [INFO] [AscendProfiler_ProfilingParser:41] GCRecordDbParser finish.
[2026-07-23-12:50:17.875] [INFO] [AscendProfiler_ProfilingParser:36] StepInfoDbParser start.
[2026-07-23-12:50:17.879] [INFO] [AscendProfiler_ProfilingParser:43] StepInfoDbParser finish.
[2026-07-23-12:50:17.879] [INFO] [AscendProfiler_ProfilingParser:80] CommunicationDbParser start.
[2026-07-23-12:50:17.880] [INFO] [AscendProfiler_ProfilingParser:88] CommunicationDbParser finish.
[2026-07-23-12:50:17.881] [INFO] [AscendProfiler_ProfilingParser:74] TraceStepTimeDbParser start.
[2026-07-23-12:50:17.889] [INFO] [AscendProfiler_ProfilingParser:83] TraceStepTimeDbParser finish.
[2026-07-23-12:50:17.889] [INFO] [AscendProfiler_ProfilingParser:64] DbParser finish.
[2026-07-23-12:50:18.438] [INFO] [AscendProfiler_ProfilingParser:473] ============================================================
[2026-07-23-12:50:18.439] [INFO] [AscendProfiler_ProfilingParser:474] Task execution completed
[2026-07-23-12:50:18.439] [INFO] [AscendProfiler_ProfilingParser:475] ============================================================
[2026-07-23-12:50:18.439] [INFO] [AscendProfiler_ProfilingParser:478] torch_op                  | PTHREAD         | Succeed    | 0.060s | deps: None
[2026-07-23-12:50:18.439] [INFO] [AscendProfiler_ProfilingParser:478] task_queue                | PTHREAD         | Succeed    | 0.060s | deps: None
[2026-07-23-12:50:18.439] [INFO] [AscendProfiler_ProfilingParser:478] trace_prepare             | SUB_PROCESS     | Succeed    | 0.133s | deps: torch_op, task_queue
[2026-07-23-12:50:18.439] [INFO] [AscendProfiler_ProfilingParser:478] build_tree                | PTHREAD         | Succeed    | 0.009s | deps: torch_op, task_queue
[2026-07-23-12:50:18.439] [INFO] [AscendProfiler_ProfilingParser:478] export                    | SUB_PROCESS     | Succeed    | 2.096s | deps: None
[2026-07-23-12:50:18.439] [INFO] [AscendProfiler_ProfilingParser:478] timeline                  | PTHREAD|NON_BLOCKING | Succeed    | 1.513s | deps: None
[2026-07-23-12:50:18.439] [INFO] [AscendProfiler_ProfilingParser:478] relation                  | PTHREAD         | Succeed    | 0.087s | deps: task_queue, timeline
[2026-07-23-12:50:18.439] [INFO] [AscendProfiler_ProfilingParser:478] memory_prepare            | PTHREAD         | Succeed    | 0.046s | deps: build_tree, task_queue, torch_op
[2026-07-23-12:50:18.439] [INFO] [AscendProfiler_ProfilingParser:478] analyze                   | SUB_PROCESS     | Succeed    | 1.110s | deps: timeline
[2026-07-23-12:50:18.439] [INFO] [AscendProfiler_ProfilingParser:478] operator                  | SUB_PROCESS     | Succeed    | 0.078s | deps: build_tree, timeline, relation, torch_op
[2026-07-23-12:50:18.439] [INFO] [AscendProfiler_ProfilingParser:478] trace                     | SUB_PROCESS     | Succeed    | 0.152s | deps: build_tree, trace_prepare, timeline, task_queue, torch_op
[2026-07-23-12:50:18.439] [INFO] [AscendProfiler_ProfilingParser:478] kernel                    | SUB_PROCESS     | Succeed    | 0.189s | deps: build_tree, export, relation
[2026-07-23-12:50:18.439] [INFO] [AscendProfiler_ProfilingParser:478] step_time                 | SUB_PROCESS     | Succeed    | 0.104s | deps: build_tree, timeline, relation, torch_op
[2026-07-23-12:50:18.440] [INFO] [AscendProfiler_ProfilingParser:478] memory                    | SUB_PROCESS     | Succeed    | 0.140s | deps: export, memory_prepare
[2026-07-23-12:50:18.440] [INFO] [AscendProfiler_ProfilingParser:478] integrate                 | SUB_PROCESS     | Succeed    | 0.239s | deps: export
[2026-07-23-12:50:18.440] [INFO] [AscendProfiler_ProfilingParser:478] communication             | SUB_PROCESS     | Succeed    | 0.068s | deps: build_tree, analyze, relation
[2026-07-23-12:50:18.440] [INFO] [AscendProfiler_ProfilingParser:478] db_prepare                | PTHREAD         | Succeed    | 0.054s | deps: torch_op, task_queue
[2026-07-23-12:50:18.440] [INFO] [AscendProfiler_ProfilingParser:478] torch_db                  | PTHREAD         | Succeed    | 0.095s | deps: export, memory_prepare, build_tree, analyze, db_prepare
