[2026-07-23-12:40:24.617] [INFO] [AscendProfiler_ProfilingParser:97] Profiler logger initialized at: /workspace/repos/paddle_ocr_vl_npu/tmp/09_persistent_page_engine/text_decode_lab/npu_profiles/b1_k1024_p768_pipe_20260723_124023/liteserver-c001-4_131596_20260723124023853_ascend_pt/logs/profiler_20260723124024_132298_ProfilingParser.log
[2026-07-23-12:40:24.666] [INFO] [AscendProfiler_ProfilingParser:100] TorchOpParser start.
[2026-07-23-12:40:24.667] [INFO] [AscendProfiler_ProfilingParser:82] TaskQueueParser start.
[2026-07-23-12:40:24.715] [INFO] [AscendProfiler_ProfilingParser:162] CANNTimelineParser start.
[2026-07-23-12:40:24.718] [INFO] [AscendProfiler_ProfilingParser:106] TorchOpParser finish.
[2026-07-23-12:40:24.721] [INFO] [AscendProfiler_ProfilingParser:88] TaskQueueParser finish.
[2026-07-23-12:40:24.767] [INFO] [AscendProfiler_ProfilingParser:62] TreeBuildParser start.
[2026-07-23-12:40:24.768] [INFO] [AscendProfiler_ProfilingParser:118] DbPreParser start.
[2026-07-23-12:40:24.770] [INFO] [AscendProfiler_ProfilingParser:70] TreeBuildParser finish.
[2026-07-23-12:40:24.775] [INFO] [AscendProfiler_ProfilingParser:62] MemoryPrepareParser start.
[2026-07-23-12:40:24.820] [INFO] [AscendProfiler_ProfilingParser:129] DbPreParser finish.
[2026-07-23-12:40:24.820] [INFO] [AscendProfiler_ProfilingParser:75] MemoryPrepareParser finish.
[2026-07-23-12:40:26.222] [INFO] [AscendProfiler_ProfilingParser:172] CANNTimelineParser finish.
[2026-07-23-12:40:26.267] [INFO] [AscendProfiler_ProfilingParser:31] RelationParser start.
[2026-07-23-12:40:26.347] [INFO] [AscendProfiler_ProfilingParser:38] RelationParser finish.
[2026-07-23-12:40:27.417] [INFO] [AscendProfiler_ProfilingParser:40] DbParser start.
[2026-07-23-12:40:27.418] [INFO] [AscendProfiler_ProfilingParser:27] BasicDbParser start.
[2026-07-23-12:40:27.423] [INFO] [AscendProfiler_ProfilingParser:40] BasicDbParser finish.
[2026-07-23-12:40:27.424] [INFO] [AscendProfiler_ProfilingParser:27] FwkApiDbParser start.
[2026-07-23-12:40:27.424] [INFO] [AscendProfiler_ProfilingParser:32] FwkApiDbParser get fwk api data finish.
[2026-07-23-12:40:27.426] [INFO] [AscendProfiler_ProfilingParser:34] FwkApiDbParser get api data for db finish.
[2026-07-23-12:40:27.446] [INFO] [AscendProfiler_ProfilingParser:36] FwkApiDbParser save api data to db finish.
[2026-07-23-12:40:27.446] [INFO] [AscendProfiler_ProfilingParser:40] FwkApiDbParser finish.
[2026-07-23-12:40:27.446] [INFO] [AscendProfiler_ProfilingParser:82] MemoryDbParser start.
[2026-07-23-12:40:27.447] [INFO] [AscendProfiler_ProfilingParser:95] MemoryDbParser finish.
[2026-07-23-12:40:27.447] [INFO] [AscendProfiler_ProfilingParser:33] GCRecordDbParser start.
[2026-07-23-12:40:27.447] [INFO] [AscendProfiler_ProfilingParser:41] GCRecordDbParser finish.
[2026-07-23-12:40:27.448] [INFO] [AscendProfiler_ProfilingParser:36] StepInfoDbParser start.
[2026-07-23-12:40:27.451] [INFO] [AscendProfiler_ProfilingParser:43] StepInfoDbParser finish.
[2026-07-23-12:40:27.452] [INFO] [AscendProfiler_ProfilingParser:80] CommunicationDbParser start.
[2026-07-23-12:40:27.453] [INFO] [AscendProfiler_ProfilingParser:88] CommunicationDbParser finish.
[2026-07-23-12:40:27.453] [INFO] [AscendProfiler_ProfilingParser:74] TraceStepTimeDbParser start.
[2026-07-23-12:40:27.461] [INFO] [AscendProfiler_ProfilingParser:83] TraceStepTimeDbParser finish.
[2026-07-23-12:40:27.461] [INFO] [AscendProfiler_ProfilingParser:64] DbParser finish.
[2026-07-23-12:40:28.069] [INFO] [AscendProfiler_ProfilingParser:473] ============================================================
[2026-07-23-12:40:28.069] [INFO] [AscendProfiler_ProfilingParser:474] Task execution completed
[2026-07-23-12:40:28.069] [INFO] [AscendProfiler_ProfilingParser:475] ============================================================
[2026-07-23-12:40:28.069] [INFO] [AscendProfiler_ProfilingParser:478] torch_op                  | PTHREAD         | Succeed    | 0.053s | deps: None
[2026-07-23-12:40:28.069] [INFO] [AscendProfiler_ProfilingParser:478] task_queue                | PTHREAD         | Succeed    | 0.055s | deps: None
[2026-07-23-12:40:28.069] [INFO] [AscendProfiler_ProfilingParser:478] trace_prepare             | SUB_PROCESS     | Succeed    | 0.128s | deps: torch_op, task_queue
[2026-07-23-12:40:28.069] [INFO] [AscendProfiler_ProfilingParser:478] build_tree                | PTHREAD         | Succeed    | 0.009s | deps: torch_op, task_queue
[2026-07-23-12:40:28.070] [INFO] [AscendProfiler_ProfilingParser:478] export                    | SUB_PROCESS     | Succeed    | 2.092s | deps: None
[2026-07-23-12:40:28.070] [INFO] [AscendProfiler_ProfilingParser:478] timeline                  | PTHREAD|NON_BLOCKING | Succeed    | 1.508s | deps: None
[2026-07-23-12:40:28.070] [INFO] [AscendProfiler_ProfilingParser:478] relation                  | PTHREAD         | Succeed    | 0.081s | deps: task_queue, timeline
[2026-07-23-12:40:28.070] [INFO] [AscendProfiler_ProfilingParser:478] memory_prepare            | PTHREAD         | Succeed    | 0.045s | deps: build_tree, task_queue, torch_op
[2026-07-23-12:40:28.070] [INFO] [AscendProfiler_ProfilingParser:478] analyze                   | SUB_PROCESS     | Succeed    | 1.104s | deps: timeline
[2026-07-23-12:40:28.070] [INFO] [AscendProfiler_ProfilingParser:478] operator                  | SUB_PROCESS     | Succeed    | 0.089s | deps: build_tree, timeline, relation, torch_op
[2026-07-23-12:40:28.070] [INFO] [AscendProfiler_ProfilingParser:478] trace                     | SUB_PROCESS     | Succeed    | 0.124s | deps: build_tree, trace_prepare, timeline, task_queue, torch_op
[2026-07-23-12:40:28.070] [INFO] [AscendProfiler_ProfilingParser:478] kernel                    | SUB_PROCESS     | Succeed    | 0.238s | deps: build_tree, export, relation
[2026-07-23-12:40:28.070] [INFO] [AscendProfiler_ProfilingParser:478] step_time                 | SUB_PROCESS     | Succeed    | 0.099s | deps: build_tree, timeline, relation, torch_op
[2026-07-23-12:40:28.070] [INFO] [AscendProfiler_ProfilingParser:478] memory                    | SUB_PROCESS     | Succeed    | 0.194s | deps: export, memory_prepare
[2026-07-23-12:40:28.070] [INFO] [AscendProfiler_ProfilingParser:478] integrate                 | SUB_PROCESS     | Succeed    | 0.150s | deps: export
[2026-07-23-12:40:28.070] [INFO] [AscendProfiler_ProfilingParser:478] communication             | SUB_PROCESS     | Succeed    | 0.062s | deps: build_tree, analyze, relation
[2026-07-23-12:40:28.070] [INFO] [AscendProfiler_ProfilingParser:478] db_prepare                | PTHREAD         | Succeed    | 0.053s | deps: torch_op, task_queue
[2026-07-23-12:40:28.070] [INFO] [AscendProfiler_ProfilingParser:478] torch_db                  | PTHREAD         | Succeed    | 0.046s | deps: export, memory_prepare, build_tree, analyze, db_prepare
