OCR API ready worker_pid=None; preparing table crops in RAM
Frozen ALL cohort: 665 tables (121 LaTeX, 544 non-LaTeX)
Scheduled 100 Poisson arrivals at 6 QPS; request limit=100; last scheduled arrival at 16.852s; HTTP endpoint=http://127.0.0.1:18081/v1/chat/completions
Writing each completion to tmp/09_persistent_page_engine/table_vllm_poisson_sweep100_budgets_qps1to8_324dd85a_20260908/budget4096/qps6/measured/results.jsonl
[   0.025s] SEND #00001 table=page_001375_table_1 lag=   1.3ms active=1
[   0.338s] SEND #00002 table=page_000256_table_box_id_1 lag=   0.6ms active=2
[   0.580s] SEND #00003 table=page_000918_table_6 lag=   1.6ms active=3
[   0.628s] SEND #00004 table=page_001130_table_1 lag=   0.7ms active=4
[   0.742s] SEND #00005 table=page_000758_table_21 lag=   0.9ms active=5
[   0.841s] SEND #00006 table=page_001202_table_3 lag=   0.6ms active=6
[   1.018s] SEND #00007 table=page_000636_table_5 lag=   2.2ms active=7
[   1.276s] SEND #00008 table=page_000254_table_box_id_4 lag=   0.5ms active=8
[   1.292s] SEND #00009 table=page_000178_table_box_id_1 lag=   0.4ms active=9
[   1.297s] SEND #00010 table=page_000220_table_box_id_7 lag=   0.9ms active=10
[   1.346s] RECV #00005 table=page_000758_table_21 request= 0.604s scheduled= 0.605s status=ok active=9
[   1.598s] SEND #00011 table=page_000505_table_1 lag=   0.8ms active=10
[   1.691s] RECV #00002 table=page_000256_table_box_id_1 request= 1.353s scheduled= 1.354s status=ok active=9
[   1.693s] SEND #00012 table=page_000418_table_3 lag=   0.7ms active=10
[   1.703s] RECV #00004 table=page_001130_table_1 request= 1.076s scheduled= 1.076s status=ok active=9
[   1.729s] RECV #00003 table=page_000918_table_6 request= 1.149s scheduled= 1.151s status=ok active=8
[   1.932s] SEND #00013 table=page_000266_table_box_id_7 lag=   0.8ms active=9
[   1.933s] SEND #00014 table=page_001375_table_4 lag=   0.9ms active=10
[   2.031s] SEND #00015 table=page_001158_table_3 lag=   0.6ms active=11
[   2.244s] SEND #00016 table=page_000930_table_7 lag=   0.4ms active=12
[   2.287s] SEND #00017 table=page_001198_table_8 lag=   0.2ms active=13
[   2.622s] RECV #00007 table=page_000636_table_5 request= 1.604s scheduled= 1.606s status=ok active=12
[   2.772s] SEND #00018 table=page_000434_table_15 lag=   0.9ms active=13
[   3.158s] SEND #00019 table=page_000534_table_4 lag=   1.1ms active=14
[   3.163s] SEND #00020 table=page_001161_table_3 lag=   1.1ms active=15
[   3.167s] SEND #00021 table=page_000566_table_3 lag=   0.7ms active=16
[   3.219s] RECV #00016 table=page_000930_table_7 request= 0.976s scheduled= 0.976s status=ok active=15
[   3.297s] SEND #00022 table=page_001200_table_2 lag=   0.6ms active=16
[   3.764s] SEND #00023 table=page_000246_table_box_id_6 lag=   0.7ms active=17
[   3.844s] SEND #00024 table=page_001193_table_4 lag=   0.7ms active=18
[   3.884s] SEND #00025 table=page_001270_table_box_id_1 lag=   0.9ms active=19
[   3.934s] RECV #00013 table=page_000266_table_box_id_7 request= 2.002s scheduled= 2.003s status=ok active=18
[   3.976s] SEND #00026 table=page_000592_table_3 lag=   0.7ms active=19
[   3.981s] SEND #00027 table=page_000494_table_7 lag=   1.0ms active=20
[   4.023s] SEND #00028 table=page_000535_table_1 lag=   1.0ms active=21
[   4.118s] SEND #00029 table=page_001186_table_5 lag=   0.9ms active=22
[   4.232s] SEND #00030 table=page_001375_table_31 lag=   0.5ms active=23
[   4.277s] SEND #00031 table=page_000218_table_box_id_4 lag=   0.9ms active=24
[   4.321s] SEND #00032 table=page_001368_table_box_id_278 lag=   1.0ms active=25
[   4.361s] SEND #00033 table=page_001180_table_15 lag=   0.5ms active=26
[   4.464s] SEND #00034 table=page_000266_table_box_id_9 lag=   0.9ms active=27
[   4.521s] SEND #00035 table=page_000762_table_5 lag=   0.6ms active=28
[   4.525s] SEND #00036 table=page_000499_table_0 lag=   0.6ms active=29
[   4.658s] RECV #00023 table=page_000246_table_box_id_6 request= 0.894s scheduled= 0.895s status=ok active=28
[   4.828s] SEND #00037 table=page_000642_table_8 lag=   1.1ms active=29
[   4.964s] SEND #00038 table=page_000659_table_5 lag=   1.6ms active=30
[   5.135s] SEND #00039 table=page_001128_table_2 lag=   1.1ms active=31
[   5.169s] SEND #00040 table=page_001176_table_4 lag=   0.7ms active=32
[   5.301s] RECV #00015 table=page_001158_table_3 request= 3.270s scheduled= 3.271s status=ok active=31
[   5.986s] SEND #00041 table=page_001154_table_10 lag=   1.4ms active=32
[   6.110s] RECV #00018 table=page_000434_table_15 request= 3.339s scheduled= 3.340s status=ok active=31
[   6.313s] SEND #00042 table=page_000467_table_17 lag=   0.9ms active=32
[   6.316s] RECV #00017 table=page_001198_table_8 request= 4.029s scheduled= 4.030s status=ok active=31
[   6.336s] SEND #00043 table=page_000647_table_3 lag=   2.0ms active=32
[   6.401s] SEND #00044 table=page_001493_table_box_id_13 lag=   0.3ms active=33
[   6.615s] SEND #00045 table=page_000605_table_3 lag=   1.1ms active=34
[   6.823s] SEND #00046 table=page_001117_table_box_id_17 lag=   2.0ms active=35
[   6.967s] RECV #00024 table=page_001193_table_4 request= 3.123s scheduled= 3.124s status=ok active=34
[   7.106s] RECV #00012 table=page_000418_table_3 request= 5.413s scheduled= 5.414s status=ok active=33
[   7.282s] SEND #00047 table=page_000509_table_0 lag=   1.8ms active=34
[   7.367s] RECV #00019 table=page_000534_table_4 request= 4.209s scheduled= 4.210s status=ok active=33
[   7.373s] SEND #00048 table=page_000565_table_1 lag=   1.1ms active=34
[   7.529s] RECV #00010 table=page_000220_table_box_id_7 request= 6.232s scheduled= 6.233s status=ok active=33
[   7.668s] SEND #00049 table=page_000841_table_22 lag=   0.8ms active=34
[   7.801s] RECV #00008 table=page_000254_table_box_id_4 request= 6.525s scheduled= 6.526s status=ok active=33
[   7.853s] SEND #00050 table=page_000922_table_12 lag=   0.6ms active=34
[   7.914s] SEND #00051 table=page_001169_table_11 lag=   1.5ms active=35
[   7.978s] RECV #00030 table=page_001375_table_31 request= 3.746s scheduled= 3.746s status=ok active=34
[   8.061s] SEND #00052 table=page_000287_table_box_id_8 lag=   0.5ms active=35
[   8.108s] RECV #00029 table=page_001186_table_5 request= 3.990s scheduled= 3.990s status=ok active=34
[   8.418s] SEND #00053 table=page_000246_table_box_id_6 lag=   0.9ms active=35
[   8.504s] RECV #00032 table=page_001368_table_box_id_278 request= 4.183s scheduled= 4.184s status=ok active=34
[   8.730s] SEND #00054 table=page_000737_table_6 lag=   1.3ms active=35
[   8.847s] SEND #00055 table=page_000250_table_box-stnne6dt lag=   1.0ms active=36
[   8.995s] SEND #00056 table=page_000647_table_6 lag=   0.7ms active=37
[   9.000s] SEND #00057 table=page_000652_table_2 lag=   0.1ms active=38
[   9.047s] SEND #00058 table=page_001367_table_70 lag=   0.5ms active=39
[   9.092s] RECV #00035 table=page_000762_table_5 request= 4.571s scheduled= 4.572s status=ok active=38
[   9.259s] RECV #00027 table=page_000494_table_7 request= 5.279s scheduled= 5.280s status=ok active=37
[   9.313s] SEND #00059 table=page_001368_table_box_id_163 lag=   0.2ms active=38
[   9.374s] RECV #00021 table=page_000566_table_3 request= 6.207s scheduled= 6.208s status=ok active=37
[   9.403s] SEND #00060 table=page_000468_table_1 lag=   0.9ms active=38
[   9.434s] SEND #00061 table=page_000838_table_4 lag=   1.0ms active=39
[   9.567s] SEND #00062 table=page_000665_table_3 lag=   1.1ms active=40
[   9.580s] RECV #00038 table=page_000659_table_5 request= 4.616s scheduled= 4.617s status=ok active=39
[   9.695s] RECV #00006 table=page_001202_table_3 request= 8.854s scheduled= 8.855s status=ok active=38
[   9.769s] SEND #00063 table=page_001595_table_box_id_14 lag=   0.5ms active=39
[   9.949s] RECV #00034 table=page_000266_table_box_id_9 request= 5.484s scheduled= 5.485s status=ok active=38
[   9.956s] SEND #00064 table=page_000818_table_1 lag=   0.3ms active=39
[  10.035s] SEND #00065 table=page_000937_table_0 lag=   0.9ms active=40
[  10.131s] SEND #00066 table=page_000222_table_box_id_1 lag=   0.7ms active=41
[  10.249s] SEND #00067 table=page_000744_table_11 lag=   0.3ms active=42
[  10.304s] RECV #00033 table=page_001180_table_15 request= 5.943s scheduled= 5.943s status=ok active=41
[  10.425s] RECV #00020 table=page_001161_table_3 request= 7.262s scheduled= 7.263s status=ok active=40
[  10.501s] SEND #00068 table=page_000284_table_box_id_0 lag=   0.9ms active=41
[  10.623s] SEND #00069 table=page_000266_table_box_id_1 lag=   0.5ms active=42
[  10.663s] RECV #00043 table=page_000647_table_3 request= 4.327s scheduled= 4.329s status=ok active=41
[  10.706s] SEND #00070 table=page_001368_table_box_id_271 lag=   0.9ms active=42
[  10.819s] SEND #00071 table=page_000467_table_17 lag=   0.9ms active=43
[  10.824s] SEND #00072 table=page_000737_table_0 lag=   1.0ms active=44
[  10.831s] SEND #00073 table=page_000526_table_7 lag=   0.5ms active=45
[  10.971s] RECV #00011 table=page_000505_table_1 request= 9.373s scheduled= 9.374s status=ok active=44
[  11.033s] SEND #00074 table=page_001011_table_30 lag=   0.6ms active=45
[  11.210s] RECV #00045 table=page_000605_table_3 request= 4.594s scheduled= 4.596s status=ok active=44
[  11.408s] RECV #00028 table=page_000535_table_1 request= 7.385s scheduled= 7.386s status=ok active=43
[  11.561s] RECV #00001 table=page_001375_table_1 request=11.535s scheduled=11.537s status=ok active=42
[  11.715s] SEND #00075 table=page_000246_table_box_id_11 lag=   1.1ms active=43
[  11.864s] SEND #00076 table=page_000676_table_2 lag=   0.5ms active=44
[  11.908s] RECV #00009 table=page_000178_table_box_id_1 request=10.616s scheduled=10.617s status=ok active=43
[  11.947s] SEND #00077 table=page_001368_table_box_id_268 lag=   0.2ms active=44
[  11.979s] SEND #00078 table=page_000190_table_box_id_0 lag=   0.8ms active=45
[  12.095s] SEND #00079 table=page_001368_table_box_id_227 lag=   0.4ms active=46
[  12.111s] RECV #00046 table=page_001117_table_box_id_17 request= 5.288s scheduled= 5.290s status=ok active=45
[  12.405s] RECV #00049 table=page_000841_table_22 request= 4.737s scheduled= 4.737s status=ok active=44
[  12.765s] SEND #00080 table=page_001134_table_9 lag=   0.8ms active=45
[  13.011s] SEND #00081 table=page_000591_table_3 lag=   0.9ms active=46
[  13.134s] RECV #00036 table=page_000499_table_0 request= 8.609s scheduled= 8.610s status=ok active=45
[  13.140s] SEND #00082 table=page_000210_table_box_id_4 lag=   0.4ms active=46
[  13.443s] RECV #00031 table=page_000218_table_box_id_4 request= 9.166s scheduled= 9.167s status=ok active=45
[  13.468s] SEND #00083 table=page_000649_table_8 lag=   1.0ms active=46
[  13.512s] SEND #00084 table=page_000289_table_box_id_4 lag=   0.8ms active=47
[  13.633s] SEND #00085 table=page_001190_table_8 lag=   1.6ms active=48
[  13.642s] RECV #00044 table=page_001493_table_box_id_13 request= 7.240s scheduled= 7.241s status=ok active=47
[  13.761s] RECV #00051 table=page_001169_table_11 request= 5.847s scheduled= 5.849s status=ok active=46
[  14.072s] RECV #00041 table=page_001154_table_10 request= 8.086s scheduled= 8.088s status=ok active=45
[  14.141s] SEND #00086 table=page_000211_table_box_id_3 lag=   1.6ms active=46
[  14.283s] SEND #00087 table=page_001182_table_3 lag=   0.4ms active=47
[  14.386s] SEND #00088 table=page_000242_table_box-mhg591pb lag=   0.9ms active=48
[  14.438s] SEND #00089 table=page_001274_table_4 lag=   0.3ms active=49
[  14.457s] RECV #00053 table=page_000246_table_box_id_6 request= 6.039s scheduled= 6.040s status=ok active=48
[  14.570s] SEND #00090 table=page_001177_table_2 lag=   0.4ms active=49
[  14.585s] RECV #00056 table=page_000647_table_6 request= 5.590s scheduled= 5.590s status=ok active=48
[  14.965s] RECV #00048 table=page_000565_table_1 request= 7.592s scheduled= 7.593s status=ok active=47
[  15.096s] SEND #00091 table=page_001202_table_3 lag=   0.9ms active=48
[  15.096s] SEND #00092 table=page_001158_table_3 lag=   0.6ms active=49
[  15.137s] RECV #00050 table=page_000922_table_12 request= 7.284s scheduled= 7.285s status=ok active=48
[  15.340s] RECV #00059 table=page_001368_table_box_id_163 request= 6.028s scheduled= 6.028s status=ok active=47
[  15.352s] SEND #00093 table=page_000641_table_8 lag=   1.1ms active=48
[  15.432s] RECV #00054 table=page_000737_table_6 request= 6.702s scheduled= 6.703s status=ok active=47
[  15.636s] RECV #00062 table=page_000665_table_3 request= 6.069s scheduled= 6.070s status=ok active=46
[  15.638s] SEND #00094 table=page_000657_table_6 lag=   0.5ms active=47
[  15.972s] RECV #00061 table=page_000838_table_4 request= 6.537s scheduled= 6.538s status=ok active=46
[  16.000s] SEND #00095 table=page_000626_table_box_id_4 lag=   0.9ms active=47
[  16.225s] SEND #00096 table=page_000829_table_4 lag=   1.2ms active=48
[  16.281s] RECV #00022 table=page_001200_table_2 request=12.984s scheduled=12.985s status=ok active=47
[  16.501s] SEND #00097 table=page_000468_table_11 lag=   0.9ms active=48
[  16.506s] RECV #00060 table=page_000468_table_1 request= 7.103s scheduled= 7.104s status=ok active=47
[  16.623s] SEND #00098 table=page_000434_table_16 lag=   0.5ms active=48
[  16.708s] RECV #00025 table=page_001270_table_box_id_1 request=12.823s scheduled=12.824s status=ok active=47
[  16.762s] SEND #00099 table=page_001175_table_2 lag=   2.1ms active=48
[  16.853s] SEND #00100 table=page_001230_table_box_id_1 lag=   0.8ms active=49
[  16.987s] RECV #00064 table=page_000818_table_1 request= 7.032s scheduled= 7.032s status=ok active=48
[  17.488s] RECV #00067 table=page_000744_table_11 request= 7.239s scheduled= 7.239s status=ok active=47
[  17.641s] RECV #00026 table=page_000592_table_3 request=13.665s scheduled=13.666s status=ok active=46
[  17.754s] RECV #00039 table=page_001128_table_2 request=12.619s scheduled=12.620s status=ok active=45
[  18.077s] RECV #00058 table=page_001367_table_70 request= 9.030s scheduled= 9.030s status=ok active=44
[  18.203s] RECV #00057 table=page_000652_table_2 request= 9.203s scheduled= 9.203s status=ok active=43
[  18.686s] RECV #00065 table=page_000937_table_0 request= 8.652s scheduled= 8.652s status=ok active=42
[  18.890s] RECV #00037 table=page_000642_table_8 request=14.062s scheduled=14.063s status=ok active=41
[  19.034s] RECV #00040 table=page_001176_table_4 request=13.865s scheduled=13.866s status=ok active=40
[  19.254s] RECV #00070 table=page_001368_table_box_id_271 request= 8.548s scheduled= 8.549s status=ok active=39
[  19.255s] RECV #00014 table=page_001375_table_4 request=17.322s scheduled=17.323s status=ok active=38
[  19.508s] RECV #00077 table=page_001368_table_box_id_268 request= 7.561s scheduled= 7.561s status=ok active=37
[  19.701s] RECV #00066 table=page_000222_table_box_id_1 request= 9.570s scheduled= 9.570s status=ok active=36
[  19.878s] RECV #00069 table=page_000266_table_box_id_1 request= 9.255s scheduled= 9.256s status=ok active=35
[  20.115s] RECV #00073 table=page_000526_table_7 request= 9.284s scheduled= 9.285s status=ok active=34
[  20.442s] RECV #00063 table=page_001595_table_box_id_14 request=10.673s scheduled=10.673s status=ok active=33
[  20.667s] RECV #00078 table=page_000190_table_box_id_0 request= 8.688s scheduled= 8.689s status=ok active=32
[  20.902s] RECV #00075 table=page_000246_table_box_id_11 request= 9.187s scheduled= 9.189s status=ok active=31
[  21.066s] RECV #00047 table=page_000509_table_0 request=13.784s scheduled=13.786s status=ok active=30
[  21.277s] RECV #00042 table=page_000467_table_17 request=14.964s scheduled=14.965s status=ok active=29
[  21.751s] RECV #00082 table=page_000210_table_box_id_4 request= 8.612s scheduled= 8.612s status=ok active=28
[  22.038s] RECV #00072 table=page_000737_table_0 request=11.214s scheduled=11.215s status=ok active=27
[  22.363s] RECV #00083 table=page_000649_table_8 request= 8.894s scheduled= 8.895s status=ok active=26
[  22.654s] RECV #00081 table=page_000591_table_3 request= 9.643s scheduled= 9.644s status=ok active=25
[  23.970s] RECV #00079 table=page_001368_table_box_id_227 request=11.875s scheduled=11.876s status=ok active=24
[  24.894s] RECV #00088 table=page_000242_table_box-mhg591pb request=10.507s scheduled=10.508s status=ok active=23
[  25.007s] RECV #00055 table=page_000250_table_box-stnne6dt request=16.160s scheduled=16.161s status=ok active=22
[  25.150s] RECV #00087 table=page_001182_table_3 request=10.867s scheduled=10.867s status=ok active=21
[  25.295s] RECV #00094 table=page_000657_table_6 request= 9.658s scheduled= 9.658s status=ok active=20
[  25.429s] RECV #00086 table=page_000211_table_box_id_3 request=11.289s scheduled=11.290s status=ok active=19
[  26.244s] RECV #00093 table=page_000641_table_8 request=10.892s scheduled=10.893s status=ok active=18
[  26.342s] RECV #00074 table=page_001011_table_30 request=15.308s scheduled=15.309s status=ok active=17
[  26.546s] RECV #00096 table=page_000829_table_4 request=10.321s scheduled=10.322s status=ok active=16
[  26.641s] RECV #00097 table=page_000468_table_11 request=10.140s scheduled=10.141s status=ok active=15
[  26.795s] RECV #00090 table=page_001177_table_2 request=12.225s scheduled=12.225s status=ok active=14
[  26.805s] RECV #00085 table=page_001190_table_8 request=13.172s scheduled=13.174s status=ok active=13
[  26.936s] RECV #00092 table=page_001158_table_3 request=11.840s scheduled=11.840s status=ok active=12
[  27.349s] RECV #00071 table=page_000467_table_17 request=16.530s scheduled=16.531s status=ok active=11
[  27.379s] RECV #00076 table=page_000676_table_2 request=15.515s scheduled=15.516s status=ok active=10
[  27.556s] RECV #00080 table=page_001134_table_9 request=14.791s scheduled=14.791s status=ok active=9
[  27.611s] RECV #00098 table=page_000434_table_16 request=10.988s scheduled=10.989s status=ok active=8
[  28.741s] RECV #00100 table=page_001230_table_box_id_1 request=11.888s scheduled=11.889s status=ok active=7
[  29.253s] RECV #00091 table=page_001202_table_3 request=14.157s scheduled=14.158s status=ok active=6
[  30.445s] RECV #00099 table=page_001175_table_2 request=13.684s scheduled=13.686s status=ok active=5
[  34.167s] RECV #00052 table=page_000287_table_box_id_8 request=26.106s scheduled=26.107s status=ok active=4
[  34.481s] RECV #00068 table=page_000284_table_box_id_0 request=23.981s scheduled=23.982s status=ok active=3
[  39.008s] RECV #00095 table=page_000626_table_box_id_4 request=23.008s scheduled=23.009s status=ok active=2
[  44.444s] RECV #00089 table=page_001274_table_4 request=30.006s scheduled=30.007s status=ok active=1
[  46.409s] RECV #00084 table=page_000289_table_box_id_4 request=32.897s scheduled=32.898s status=ok active=0
DONE completed=100 failed=0 max_active=49 p50=8.671s p95=17.607s max=32.898s
Summary: tmp/09_persistent_page_engine/table_vllm_poisson_sweep100_budgets_qps1to8_324dd85a_20260908/budget4096/qps6/measured/summary.json
