[start] 2026-08-04T15:44:33
[stage 01 +0.836s total=0.836s]	loading runner and model
loading checkpoint shard 1/5: model-00001-of-00005.safetensors
loading checkpoint shard 2/5: model-00002-of-00005.safetensors
loading checkpoint shard 3/5: model-00003-of-00005.safetensors
loading checkpoint shard 4/5: model-00004-of-00005.safetensors
loading checkpoint shard 5/5: model-00005-of-00005.safetensors
memory after_load: alloc=15.26GiB reserved=16.91GiB max_alloc=16.42GiB max_reserved=16.91GiB free=43.69GiB/60.96GiB
[stage 02 +4.985s total=5.821s]	building benchmark input ids
[stage 03 +0.048s total=5.869s]	running prefill benchmark
[stage 04 +0.000s total=5.869s]	warming up prefill: runs=0
[stage 05 +0.000s total=5.869s]	timing prefill: repeats=0
prefill: mean=0.000000s min=0.000000s max=0.000000s tok/s=0.00 batch/s=0.00
memory after_prefill_benchmark: alloc=15.26GiB reserved=16.91GiB max_alloc=16.42GiB max_reserved=16.91GiB free=43.69GiB/60.96GiB
[stage 06 +0.003s total=5.872s]	running decode benchmark
[stage 07 +0.000s total=5.872s]	warming up decode: runs=1 steps=32
/workspace/repos/paddle_ocr_vl_npu/10_qwen3_8b_inference/local_modeling_qwen3_0.py:170: UserWarning: Cannot create tensor with interal format while allow_internel_format=False, tensor will be created with base format. (Triggered internally at ../torch_npu/csrc/aten/common/TensorFactories.cpp:340.)
  value_caches.append(torch.zeros_like(key_cache))
[stage 08 +4.040s total=9.912s]	timing decode: repeats=3 steps=32
decode: mean=2.203799s min=2.160442s max=2.263131s tok/s=7434.43 batch/s=14.52
dynamo counters: <empty>
memory after_decode_benchmark: alloc=15.26GiB reserved=27.74GiB max_alloc=26.26GiB max_reserved=27.74GiB free=32.84GiB/60.96GiB
[stage 09 +10.058s total=19.970s]	wrote json output to tmp/10_qwen3_8b_inference/decode_batch_sweep_kv64_f82af52/b512_eager/result.json
[stage 10 +0.000s total=19.970s]	benchmark complete
