nohup: ignoring input
2026-09-06T07:19:40+08:00
	NPU ID                         : 6
	Chip Count                     : 1

	No process in device.
	Chip ID                        : 0

2026-09-06T07:19:45+08:00
	NPU ID                         : 6
	Chip Count                     : 1

	No process in device.
	Chip ID                        : 0

2026-09-06T07:19:51+08:00
	NPU ID                         : 6
	Chip Count                     : 1

	No process in device.
	Chip ID                        : 0

2026-09-06T07:19:56+08:00
	NPU ID                         : 6
	Chip Count                     : 1

	No process in device.
	Chip ID                        : 0

2026-09-06T07:20:02+08:00
	NPU ID                         : 6
	Chip Count                     : 1

	No process in device.
	Chip ID                        : 0

2026-09-06T07:20:07+08:00
	NPU ID                         : 6
	Chip Count                     : 1

	No process in device.
	Chip ID                        : 0

2026-09-06T07:20:13+08:00
	NPU ID                         : 6
	Chip Count                     : 1

	No process in device.
	Chip ID                        : 0

2026-09-06T07:20:18+08:00
	NPU ID                         : 6
	Chip Count                     : 1

	No process in device.
	Chip ID                        : 0

2026-09-06T07:20:24+08:00
	NPU ID                         : 6
	Chip Count                     : 1

	No process in device.
	Chip ID                        : 0

2026-09-06T07:20:29+08:00
	NPU ID                         : 6
	Chip Count                     : 1

	No process in device.
	Chip ID                        : 0

2026-09-06T07:20:35+08:00
	NPU ID                         : 6
	Chip Count                     : 1

	Process id:1956691 Process name:python            Process memory(MB):105
	Chip ID                        : 0

2026-09-06T07:20:40+08:00
	NPU ID                         : 6
	Chip Count                     : 1

	Process id:1956691 Process name:python            Process memory(MB):105
	Chip ID                        : 0

2026-09-06T07:20:46+08:00
	NPU ID                         : 6
	Chip Count                     : 1

	Process id:1956691 Process name:python            Process memory(MB):3855
	Chip ID                        : 0

2026-09-06T07:20:51+08:00
	NPU ID                         : 6
	Chip Count                     : 1

	Process id:1956691 Process name:python            Process memory(MB):3855
	Chip ID                        : 0

2026-09-06T07:20:57+08:00
	NPU ID                         : 6
	Chip Count                     : 1

	Process id:1956691 Process name:python            Process memory(MB):4011
	Chip ID                        : 0

2026-09-06T07:21:02+08:00
	NPU ID                         : 6
	Chip Count                     : 1

	Process id:1956691 Process name:python            Process memory(MB):4169
	Chip ID                        : 0

2026-09-06T07:21:08+08:00
	NPU ID                         : 6
	Chip Count                     : 1

	Process id:1956691 Process name:python            Process memory(MB):4169
	Chip ID                        : 0

2026-09-06T07:21:13+08:00
	NPU ID                         : 6
	Chip Count                     : 1

	Process id:1956691 Process name:python            Process memory(MB):4169
	Chip ID                        : 0

2026-09-06T07:21:19+08:00
	NPU ID                         : 6
	Chip Count                     : 1

	Process id:1956691 Process name:python            Process memory(MB):4169
	Chip ID                        : 0

2026-09-06T07:21:24+08:00
	NPU ID                         : 6
	Chip Count                     : 1

	Process id:1956691 Process name:python            Process memory(MB):4169
	Chip ID                        : 0

2026-09-06T07:21:30+08:00
	NPU ID                         : 6
	Chip Count                     : 1

	Process id:1956691 Process name:python            Process memory(MB):4173
	Chip ID                        : 0

2026-09-06T07:21:35+08:00
	NPU ID                         : 6
	Chip Count                     : 1

	Process id:1956691 Process name:python            Process memory(MB):4173
	Chip ID                        : 0

2026-09-06T07:21:41+08:00
	NPU ID                         : 6
	Chip Count                     : 1

	Process id:1956691 Process name:python            Process memory(MB):4173
	Chip ID                        : 0

2026-09-06T07:21:46+08:00
	NPU ID                         : 6
	Chip Count                     : 1

	Process id:1956691 Process name:python            Process memory(MB):4173
	Chip ID                        : 0

2026-09-06T07:21:52+08:00
	NPU ID                         : 6
	Chip Count                     : 1

	Process id:1956691 Process name:python            Process memory(MB):4173
	Chip ID                        : 0

2026-09-06T07:21:57+08:00
	NPU ID                         : 6
	Chip Count                     : 1

	Process id:1956691 Process name:python            Process memory(MB):4175
	Chip ID                        : 0

2026-09-06T07:22:03+08:00
	NPU ID                         : 6
	Chip Count                     : 1

	Process id:1956691 Process name:python            Process memory(MB):4175
	Chip ID                        : 0

2026-09-06T07:22:09+08:00
	NPU ID                         : 6
	Chip Count                     : 1

	Process id:1956691 Process name:python            Process memory(MB):4175
	Chip ID                        : 0

2026-09-06T07:22:14+08:00
	NPU ID                         : 6
	Chip Count                     : 1

	Process id:1956691 Process name:python            Process memory(MB):4175
	Chip ID                        : 0

2026-09-06T07:22:20+08:00
	NPU ID                         : 6
	Chip Count                     : 1

	Process id:1956691 Process name:python            Process memory(MB):4175
	Chip ID                        : 0

2026-09-06T07:22:25+08:00
	NPU ID                         : 6
	Chip Count                     : 1

	Process id:1956691 Process name:python            Process memory(MB):4177
	Chip ID                        : 0

2026-09-06T07:22:31+08:00
	NPU ID                         : 6
	Chip Count                     : 1

	Process id:1956691 Process name:python            Process memory(MB):4177
	Chip ID                        : 0

2026-09-06T07:22:36+08:00
	NPU ID                         : 6
	Chip Count                     : 1

	Process id:1956691 Process name:python            Process memory(MB):4177
	Chip ID                        : 0

2026-09-06T07:22:42+08:00
	NPU ID                         : 6
	Chip Count                     : 1

	Process id:1956691 Process name:python            Process memory(MB):4177
	Chip ID                        : 0

2026-09-06T07:22:47+08:00
	NPU ID                         : 6
	Chip Count                     : 1

	Process id:1956691 Process name:python            Process memory(MB):4177
	Chip ID                        : 0

2026-09-06T07:22:53+08:00
	NPU ID                         : 6
	Chip Count                     : 1

	Process id:1956691 Process name:python            Process memory(MB):4177
	Chip ID                        : 0

2026-09-06T07:22:58+08:00
	NPU ID                         : 6
	Chip Count                     : 1

	Process id:1956691 Process name:python            Process memory(MB):4179
	Chip ID                        : 0

2026-09-06T07:23:04+08:00
	NPU ID                         : 6
	Chip Count                     : 1

	Process id:1956691 Process name:python            Process memory(MB):4179
	Chip ID                        : 0

2026-09-06T07:23:09+08:00
	NPU ID                         : 6
	Chip Count                     : 1

	Process id:1956691 Process name:python            Process memory(MB):4179
	Chip ID                        : 0

2026-09-06T07:23:15+08:00
	NPU ID                         : 6
	Chip Count                     : 1

	Process id:1956691 Process name:python            Process memory(MB):4179
	Chip ID                        : 0

2026-09-06T07:23:20+08:00
	NPU ID                         : 6
	Chip Count                     : 1

	Process id:1956691 Process name:python            Process memory(MB):4179
	Chip ID                        : 0

2026-09-06T07:23:26+08:00
	NPU ID                         : 6
	Chip Count                     : 1

	Process id:1956691 Process name:python            Process memory(MB):4363
	Chip ID                        : 0

2026-09-06T07:23:31+08:00
	NPU ID                         : 6
	Chip Count                     : 1

	Process id:1956691 Process name:python            Process memory(MB):4363
	Chip ID                        : 0

2026-09-06T07:23:37+08:00
	NPU ID                         : 6
	Chip Count                     : 1

	Process id:1956691 Process name:python            Process memory(MB):4363
	Chip ID                        : 0

2026-09-06T07:23:42+08:00
	NPU ID                         : 6
	Chip Count                     : 1

	Process id:1956691 Process name:python            Process memory(MB):4363
	Chip ID                        : 0

2026-09-06T07:23:48+08:00
	NPU ID                         : 6
	Chip Count                     : 1

	Process id:1956691 Process name:python            Process memory(MB):4363
	Chip ID                        : 0

2026-09-06T07:23:53+08:00
	NPU ID                         : 6
	Chip Count                     : 1

	Process id:1956691 Process name:python            Process memory(MB):6895
	Chip ID                        : 0

2026-09-06T07:23:59+08:00
	NPU ID                         : 6
	Chip Count                     : 1

	Process id:1956691 Process name:python            Process memory(MB):6895
	Chip ID                        : 0

2026-09-06T07:24:04+08:00
	NPU ID                         : 6
	Chip Count                     : 1

	Process id:1956691 Process name:python            Process memory(MB):6895
	Chip ID                        : 0

2026-09-06T07:24:10+08:00
	NPU ID                         : 6
	Chip Count                     : 1

	Process id:1956691 Process name:python            Process memory(MB):6895
	Chip ID                        : 0

2026-09-06T07:24:15+08:00
	NPU ID                         : 6
	Chip Count                     : 1

	Process id:1956691 Process name:python            Process memory(MB):6895
	Chip ID                        : 0

2026-09-06T07:24:21+08:00
	NPU ID                         : 6
	Chip Count                     : 1

	Process id:1956691 Process name:python            Process memory(MB):6895
	Chip ID                        : 0

2026-09-06T07:24:26+08:00
	NPU ID                         : 6
	Chip Count                     : 1

	Process id:1956691 Process name:python            Process memory(MB):6895
	Chip ID                        : 0

2026-09-06T07:24:32+08:00
	NPU ID                         : 6
	Chip Count                     : 1

	Process id:1956691 Process name:python            Process memory(MB):6927
	Chip ID                        : 0

2026-09-06T07:24:37+08:00
	NPU ID                         : 6
	Chip Count                     : 1

	Process id:1956691 Process name:python            Process memory(MB):6931
	Chip ID                        : 0

2026-09-06T07:24:43+08:00
	NPU ID                         : 6
	Chip Count                     : 1

	Process id:1956691 Process name:python            Process memory(MB):6931
	Chip ID                        : 0

2026-09-06T07:24:48+08:00
	NPU ID                         : 6
	Chip Count                     : 1

	Process id:1956691 Process name:python            Process memory(MB):6931
	Chip ID                        : 0

2026-09-06T07:24:54+08:00
	NPU ID                         : 6
	Chip Count                     : 1

	Process id:1956691 Process name:python            Process memory(MB):6931
	Chip ID                        : 0

2026-09-06T07:24:59+08:00
	NPU ID                         : 6
	Chip Count                     : 1

	Process id:1956691 Process name:python            Process memory(MB):6931
	Chip ID                        : 0

2026-09-06T07:25:05+08:00
	NPU ID                         : 6
	Chip Count                     : 1

	Process id:1956691 Process name:python            Process memory(MB):6931
	Chip ID                        : 0

2026-09-06T07:25:10+08:00
	NPU ID                         : 6
	Chip Count                     : 1

	Process id:1956691 Process name:python            Process memory(MB):6931
	Chip ID                        : 0

2026-09-06T07:25:16+08:00
	NPU ID                         : 6
	Chip Count                     : 1

	Process id:1956691 Process name:python            Process memory(MB):6931
	Chip ID                        : 0

2026-09-06T07:25:22+08:00
	NPU ID                         : 6
	Chip Count                     : 1

	Process id:1956691 Process name:python            Process memory(MB):6931
	Chip ID                        : 0

2026-09-06T07:25:27+08:00
	NPU ID                         : 6
	Chip Count                     : 1

	Process id:1956691 Process name:python            Process memory(MB):6931
	Chip ID                        : 0

2026-09-06T07:25:33+08:00
	NPU ID                         : 6
	Chip Count                     : 1

	No process in device.
	Chip ID                        : 0

2026-09-06T07:25:38+08:00
	NPU ID                         : 6
	Chip Count                     : 1

	No process in device.
	Chip ID                        : 0

2026-09-06T07:25:44+08:00
	NPU ID                         : 6
	Chip Count                     : 1

	No process in device.
	Chip ID                        : 0

2026-09-06T07:25:49+08:00
	NPU ID                         : 6
	Chip Count                     : 1

	No process in device.
	Chip ID                        : 0

2026-09-06T07:25:55+08:00
	NPU ID                         : 6
	Chip Count                     : 1

	No process in device.
	Chip ID                        : 0

2026-09-06T07:26:00+08:00
	NPU ID                         : 6
	Chip Count                     : 1

	No process in device.
	Chip ID                        : 0

2026-09-06T07:26:06+08:00
	NPU ID                         : 6
	Chip Count                     : 1

	No process in device.
	Chip ID                        : 0

2026-09-06T07:26:11+08:00
	NPU ID                         : 6
	Chip Count                     : 1

	No process in device.
	Chip ID                        : 0

2026-09-06T07:26:17+08:00
	NPU ID                         : 6
	Chip Count                     : 1

	No process in device.
	Chip ID                        : 0

2026-09-06T07:26:22+08:00
	NPU ID                         : 6
	Chip Count                     : 1

	No process in device.
	Chip ID                        : 0

2026-09-06T07:26:28+08:00
	NPU ID                         : 6
	Chip Count                     : 1

	Process id:1962441 Process name:python            Process memory(MB):105
	Chip ID                        : 0

2026-09-06T07:26:33+08:00
	NPU ID                         : 6
	Chip Count                     : 1

	Process id:1962441 Process name:python            Process memory(MB):105
	Chip ID                        : 0

2026-09-06T07:26:39+08:00
	NPU ID                         : 6
	Chip Count                     : 1

	Process id:1962441 Process name:python            Process memory(MB):3853
	Chip ID                        : 0

2026-09-06T07:26:44+08:00
	NPU ID                         : 6
	Chip Count                     : 1

	Process id:1962441 Process name:python            Process memory(MB):3855
	Chip ID                        : 0

2026-09-06T07:26:50+08:00
	NPU ID                         : 6
	Chip Count                     : 1

	Process id:1962441 Process name:python            Process memory(MB):3879
	Chip ID                        : 0

2026-09-06T07:26:55+08:00
	NPU ID                         : 6
	Chip Count                     : 1

	Process id:1962441 Process name:python            Process memory(MB):4363
	Chip ID                        : 0

2026-09-06T07:27:01+08:00
	NPU ID                         : 6
	Chip Count                     : 1

	Process id:1962441 Process name:python            Process memory(MB):6895
	Chip ID                        : 0

2026-09-06T07:27:06+08:00
	NPU ID                         : 6
	Chip Count                     : 1

	Process id:1962441 Process name:python            Process memory(MB):6895
	Chip ID                        : 0

2026-09-06T07:27:12+08:00
	NPU ID                         : 6
	Chip Count                     : 1

	Process id:1962441 Process name:python            Process memory(MB):6895
	Chip ID                        : 0

2026-09-06T07:27:17+08:00
	NPU ID                         : 6
	Chip Count                     : 1

	Process id:1962441 Process name:python            Process memory(MB):6927
	Chip ID                        : 0

2026-09-06T07:27:23+08:00
	NPU ID                         : 6
	Chip Count                     : 1

	Process id:1962441 Process name:python            Process memory(MB):6927
	Chip ID                        : 0

2026-09-06T07:27:28+08:00
	NPU ID                         : 6
	Chip Count                     : 1

	Process id:1962441 Process name:python            Process memory(MB):6927
	Chip ID                        : 0

2026-09-06T07:27:34+08:00
	NPU ID                         : 6
	Chip Count                     : 1

	Process id:1962441 Process name:python            Process memory(MB):6927
	Chip ID                        : 0

2026-09-06T07:27:39+08:00
	NPU ID                         : 6
	Chip Count                     : 1

	Process id:1962441 Process name:python            Process memory(MB):6927
	Chip ID                        : 0

2026-09-06T07:27:45+08:00
	NPU ID                         : 6
	Chip Count                     : 1

	Process id:1962441 Process name:python            Process memory(MB):6927
	Chip ID                        : 0

2026-09-06T07:27:50+08:00
	NPU ID                         : 6
	Chip Count                     : 1

	Process id:1962441 Process name:python            Process memory(MB):6927
	Chip ID                        : 0

2026-09-06T07:27:56+08:00
	NPU ID                         : 6
	Chip Count                     : 1

	Process id:1962441 Process name:python            Process memory(MB):6927
	Chip ID                        : 0

2026-09-06T07:28:01+08:00
	NPU ID                         : 6
	Chip Count                     : 1

	Process id:1962441 Process name:python            Process memory(MB):6927
	Chip ID                        : 0

2026-09-06T07:28:07+08:00
	NPU ID                         : 6
	Chip Count                     : 1

	Process id:1962441 Process name:python            Process memory(MB):6927
	Chip ID                        : 0

2026-09-06T07:28:13+08:00
	NPU ID                         : 6
	Chip Count                     : 1

	Process id:1962441 Process name:python            Process memory(MB):6927
	Chip ID                        : 0

2026-09-06T07:28:18+08:00
	NPU ID                         : 6
	Chip Count                     : 1

	Process id:1962441 Process name:python            Process memory(MB):6927
	Chip ID                        : 0

2026-09-06T07:28:24+08:00
	NPU ID                         : 6
	Chip Count                     : 1

	Process id:1962441 Process name:python            Process memory(MB):6927
	Chip ID                        : 0

2026-09-06T07:28:29+08:00
	NPU ID                         : 6
	Chip Count                     : 1

	Process id:1962441 Process name:python            Process memory(MB):6927
	Chip ID                        : 0

2026-09-06T07:28:35+08:00
	NPU ID                         : 6
	Chip Count                     : 1

	Process id:1962441 Process name:python            Process memory(MB):6927
	Chip ID                        : 0

2026-09-06T07:28:40+08:00
	NPU ID                         : 6
	Chip Count                     : 1

	Process id:1962441 Process name:python            Process memory(MB):6927
	Chip ID                        : 0

2026-09-06T07:28:46+08:00
	NPU ID                         : 6
	Chip Count                     : 1

	Process id:1962441 Process name:python            Process memory(MB):6927
	Chip ID                        : 0

2026-09-06T07:28:51+08:00
	NPU ID                         : 6
	Chip Count                     : 1

	Process id:1962441 Process name:python            Process memory(MB):6927
	Chip ID                        : 0

2026-09-06T07:28:57+08:00
	NPU ID                         : 6
	Chip Count                     : 1

	Process id:1962441 Process name:python            Process memory(MB):6927
	Chip ID                        : 0

2026-09-06T07:29:02+08:00
	NPU ID                         : 6
	Chip Count                     : 1

	Process id:1962441 Process name:python            Process memory(MB):6927
	Chip ID                        : 0

2026-09-06T07:29:08+08:00
	NPU ID                         : 6
	Chip Count                     : 1

	Process id:1962441 Process name:python            Process memory(MB):6927
	Chip ID                        : 0

2026-09-06T07:29:13+08:00
	NPU ID                         : 6
	Chip Count                     : 1

	Process id:1962441 Process name:python            Process memory(MB):243
	Chip ID                        : 0

2026-09-06T07:29:19+08:00
	NPU ID                         : 6
	Chip Count                     : 1

	No process in device.
	Chip ID                        : 0

2026-09-06T07:29:24+08:00
	NPU ID                         : 6
	Chip Count                     : 1

	No process in device.
	Chip ID                        : 0

2026-09-06T07:29:30+08:00
	NPU ID                         : 6
	Chip Count                     : 1

	No process in device.
	Chip ID                        : 0

2026-09-06T07:29:35+08:00
	NPU ID                         : 6
	Chip Count                     : 1

	No process in device.
	Chip ID                        : 0

2026-09-06T07:29:41+08:00
	NPU ID                         : 6
	Chip Count                     : 1

	No process in device.
	Chip ID                        : 0

2026-09-06T07:29:46+08:00
	NPU ID                         : 6
	Chip Count                     : 1

	No process in device.
	Chip ID                        : 0

2026-09-06T07:29:52+08:00
	NPU ID                         : 6
	Chip Count                     : 1

	No process in device.
	Chip ID                        : 0

2026-09-06T07:29:57+08:00
	NPU ID                         : 6
	Chip Count                     : 1

	No process in device.
	Chip ID                        : 0

2026-09-06T07:30:03+08:00
	NPU ID                         : 6
	Chip Count                     : 1

	No process in device.
	Chip ID                        : 0

2026-09-06T07:30:08+08:00
	NPU ID                         : 6
	Chip Count                     : 1

	Process id:1965031 Process name:python            Process memory(MB):105
	Chip ID                        : 0

2026-09-06T07:30:14+08:00
	NPU ID                         : 6
	Chip Count                     : 1

	Process id:1965031 Process name:python            Process memory(MB):105
	Chip ID                        : 0

2026-09-06T07:30:19+08:00
	NPU ID                         : 6
	Chip Count                     : 1

	Process id:1965031 Process name:python            Process memory(MB):3855
	Chip ID                        : 0

2026-09-06T07:30:25+08:00
	NPU ID                         : 6
	Chip Count                     : 1

	Process id:1965031 Process name:python            Process memory(MB):3855
	Chip ID                        : 0

2026-09-06T07:30:30+08:00
	NPU ID                         : 6
	Chip Count                     : 1

	Process id:1965031 Process name:python            Process memory(MB):3881
	Chip ID                        : 0

2026-09-06T07:30:36+08:00
	NPU ID                         : 6
	Chip Count                     : 1

	Process id:1965031 Process name:python            Process memory(MB):4363
	Chip ID                        : 0

2026-09-06T07:30:41+08:00
	NPU ID                         : 6
	Chip Count                     : 1

	Process id:1965031 Process name:python            Process memory(MB):4363
	Chip ID                        : 0

2026-09-06T07:30:47+08:00
	NPU ID                         : 6
	Chip Count                     : 1

	Process id:1965031 Process name:python            Process memory(MB):4363
	Chip ID                        : 0

2026-09-06T07:30:52+08:00
	NPU ID                         : 6
	Chip Count                     : 1

	Process id:1965031 Process name:python            Process memory(MB):6895
	Chip ID                        : 0

2026-09-06T07:30:58+08:00
	NPU ID                         : 6
	Chip Count                     : 1

	Process id:1965031 Process name:python            Process memory(MB):6895
	Chip ID                        : 0

2026-09-06T07:31:04+08:00
	NPU ID                         : 6
	Chip Count                     : 1

	Process id:1965031 Process name:python            Process memory(MB):6895
	Chip ID                        : 0

2026-09-06T07:31:09+08:00
	NPU ID                         : 6
	Chip Count                     : 1

	Process id:1965031 Process name:python            Process memory(MB):6895
	Chip ID                        : 0

2026-09-06T07:31:15+08:00
	NPU ID                         : 6
	Chip Count                     : 1

	Process id:1965031 Process name:python            Process memory(MB):6927
	Chip ID                        : 0

2026-09-06T07:31:20+08:00
	NPU ID                         : 6
	Chip Count                     : 1

	Process id:1965031 Process name:python            Process memory(MB):6927
	Chip ID                        : 0

2026-09-06T07:31:26+08:00
	NPU ID                         : 6
	Chip Count                     : 1

	Process id:1965031 Process name:python            Process memory(MB):6927
	Chip ID                        : 0

2026-09-06T07:31:31+08:00
	NPU ID                         : 6
	Chip Count                     : 1

	Process id:1965031 Process name:python            Process memory(MB):6927
	Chip ID                        : 0

2026-09-06T07:31:37+08:00
	NPU ID                         : 6
	Chip Count                     : 1

	Process id:1965031 Process name:python            Process memory(MB):6927
	Chip ID                        : 0

2026-09-06T07:31:42+08:00
	NPU ID                         : 6
	Chip Count                     : 1

	Process id:1965031 Process name:python            Process memory(MB):6927
	Chip ID                        : 0

2026-09-06T07:31:48+08:00
	NPU ID                         : 6
	Chip Count                     : 1

	Process id:1965031 Process name:python            Process memory(MB):6927
	Chip ID                        : 0

2026-09-06T07:31:53+08:00
	NPU ID                         : 6
	Chip Count                     : 1

	Process id:1965031 Process name:python            Process memory(MB):6927
	Chip ID                        : 0

2026-09-06T07:31:59+08:00
	NPU ID                         : 6
	Chip Count                     : 1

	Process id:1965031 Process name:python            Process memory(MB):6927
	Chip ID                        : 0

2026-09-06T07:32:04+08:00
	NPU ID                         : 6
	Chip Count                     : 1

	Process id:1965031 Process name:python            Process memory(MB):6927
	Chip ID                        : 0

2026-09-06T07:32:10+08:00
	NPU ID                         : 6
	Chip Count                     : 1

	Process id:1965031 Process name:python            Process memory(MB):6927
	Chip ID                        : 0

2026-09-06T07:32:15+08:00
	NPU ID                         : 6
	Chip Count                     : 1

	Process id:1965031 Process name:python            Process memory(MB):6927
	Chip ID                        : 0

2026-09-06T07:32:21+08:00
	NPU ID                         : 6
	Chip Count                     : 1

	Process id:1965031 Process name:python            Process memory(MB):6927
	Chip ID                        : 0

2026-09-06T07:32:26+08:00
	NPU ID                         : 6
	Chip Count                     : 1

	Process id:1965031 Process name:python            Process memory(MB):6927
	Chip ID                        : 0

2026-09-06T07:32:32+08:00
	NPU ID                         : 6
	Chip Count                     : 1

	Process id:1965031 Process name:python            Process memory(MB):6927
	Chip ID                        : 0

2026-09-06T07:32:37+08:00
	NPU ID                         : 6
	Chip Count                     : 1

	Process id:1965031 Process name:python            Process memory(MB):6927
	Chip ID                        : 0

2026-09-06T07:32:43+08:00
	NPU ID                         : 6
	Chip Count                     : 1

	Process id:1965031 Process name:python            Process memory(MB):6927
	Chip ID                        : 0

2026-09-06T07:32:48+08:00
	NPU ID                         : 6
	Chip Count                     : 1

	Process id:1965031 Process name:python            Process memory(MB):6927
	Chip ID                        : 0

2026-09-06T07:32:54+08:00
	NPU ID                         : 6
	Chip Count                     : 1

	Process id:1965031 Process name:python            Process memory(MB):6927
	Chip ID                        : 0

2026-09-06T07:32:59+08:00
	NPU ID                         : 6
	Chip Count                     : 1

	Process id:1965031 Process name:python            Process memory(MB):6927
	Chip ID                        : 0

2026-09-06T07:33:05+08:00
	NPU ID                         : 6
	Chip Count                     : 1

	Process id:1965031 Process name:python            Process memory(MB):6927
	Chip ID                        : 0

2026-09-06T07:33:10+08:00
	NPU ID                         : 6
	Chip Count                     : 1

	Process id:1965031 Process name:python            Process memory(MB):243
	Chip ID                        : 0

2026-09-06T07:33:16+08:00
	NPU ID                         : 6
	Chip Count                     : 1

	No process in device.
	Chip ID                        : 0

2026-09-06T07:33:21+08:00
	NPU ID                         : 6
	Chip Count                     : 1

	No process in device.
	Chip ID                        : 0

2026-09-06T07:33:27+08:00
	NPU ID                         : 6
	Chip Count                     : 1

	No process in device.
	Chip ID                        : 0

2026-09-06T07:33:32+08:00
	NPU ID                         : 6
	Chip Count                     : 1

	No process in device.
	Chip ID                        : 0

2026-09-06T07:33:38+08:00
	NPU ID                         : 6
	Chip Count                     : 1

	No process in device.
	Chip ID                        : 0

2026-09-06T07:33:44+08:00
	NPU ID                         : 6
	Chip Count                     : 1

	No process in device.
	Chip ID                        : 0

2026-09-06T07:33:49+08:00
	NPU ID                         : 6
	Chip Count                     : 1

	No process in device.
	Chip ID                        : 0

2026-09-06T07:33:55+08:00
	NPU ID                         : 6
	Chip Count                     : 1

	No process in device.
	Chip ID                        : 0

2026-09-06T07:34:00+08:00
	NPU ID                         : 6
	Chip Count                     : 1

	No process in device.
	Chip ID                        : 0

2026-09-06T07:34:06+08:00
	NPU ID                         : 6
	Chip Count                     : 1

	No process in device.
	Chip ID                        : 0

2026-09-06T07:34:11+08:00
	NPU ID                         : 6
	Chip Count                     : 1

	No process in device.
	Chip ID                        : 0

2026-09-06T07:34:17+08:00
	NPU ID                         : 6
	Chip Count                     : 1

	No process in device.
	Chip ID                        : 0

2026-09-06T07:34:22+08:00
	NPU ID                         : 6
	Chip Count                     : 1

	Process id:1967850 Process name:python            Process memory(MB):105
	Chip ID                        : 0

2026-09-06T07:34:28+08:00
	NPU ID                         : 6
	Chip Count                     : 1

	Process id:1967850 Process name:python            Process memory(MB):105
	Chip ID                        : 0

2026-09-06T07:34:33+08:00
	NPU ID                         : 6
	Chip Count                     : 1

	Process id:1967850 Process name:python            Process memory(MB):3855
	Chip ID                        : 0

2026-09-06T07:34:39+08:00
	NPU ID                         : 6
	Chip Count                     : 1

	Process id:1967850 Process name:python            Process memory(MB):3855
	Chip ID                        : 0

2026-09-06T07:34:44+08:00
	NPU ID                         : 6
	Chip Count                     : 1

	Process id:1967850 Process name:python            Process memory(MB):3881
	Chip ID                        : 0

2026-09-06T07:34:50+08:00
	NPU ID                         : 6
	Chip Count                     : 1

	Process id:1967850 Process name:python            Process memory(MB):6895
	Chip ID                        : 0

2026-09-06T07:34:55+08:00
	NPU ID                         : 6
	Chip Count                     : 1

	Process id:1967850 Process name:python            Process memory(MB):6895
	Chip ID                        : 0

2026-09-06T07:35:01+08:00
	NPU ID                         : 6
	Chip Count                     : 1

	Process id:1967850 Process name:python            Process memory(MB):6895
	Chip ID                        : 0

2026-09-06T07:35:06+08:00
	NPU ID                         : 6
	Chip Count                     : 1

	Process id:1967850 Process name:python            Process memory(MB):6895
	Chip ID                        : 0

2026-09-06T07:35:12+08:00
	NPU ID                         : 6
	Chip Count                     : 1

	Process id:1967850 Process name:python            Process memory(MB):6895
	Chip ID                        : 0

2026-09-06T07:35:17+08:00
	NPU ID                         : 6
	Chip Count                     : 1

	Process id:1967850 Process name:python            Process memory(MB):6895
	Chip ID                        : 0

2026-09-06T07:35:23+08:00
	NPU ID                         : 6
	Chip Count                     : 1

	Process id:1967850 Process name:python            Process memory(MB):6895
	Chip ID                        : 0

2026-09-06T07:35:28+08:00
	NPU ID                         : 6
	Chip Count                     : 1

	Process id:1967850 Process name:python            Process memory(MB):6895
	Chip ID                        : 0

2026-09-06T07:35:34+08:00
	NPU ID                         : 6
	Chip Count                     : 1

	Process id:1967850 Process name:python            Process memory(MB):6895
	Chip ID                        : 0

2026-09-06T07:35:39+08:00
	NPU ID                         : 6
	Chip Count                     : 1

	Process id:1967850 Process name:python            Process memory(MB):6927
	Chip ID                        : 0

2026-09-06T07:35:45+08:00
	NPU ID                         : 6
	Chip Count                     : 1

	Process id:1967850 Process name:python            Process memory(MB):6931
	Chip ID                        : 0

2026-09-06T07:35:50+08:00
	NPU ID                         : 6
	Chip Count                     : 1

	Process id:1967850 Process name:python            Process memory(MB):6931
	Chip ID                        : 0

2026-09-06T07:35:56+08:00
	NPU ID                         : 6
	Chip Count                     : 1

	Process id:1967850 Process name:python            Process memory(MB):6931
	Chip ID                        : 0

2026-09-06T07:36:01+08:00
	NPU ID                         : 6
	Chip Count                     : 1

	Process id:1967850 Process name:python            Process memory(MB):6931
	Chip ID                        : 0

2026-09-06T07:36:07+08:00
	NPU ID                         : 6
	Chip Count                     : 1

	Process id:1967850 Process name:python            Process memory(MB):6931
	Chip ID                        : 0

2026-09-06T07:36:12+08:00
	NPU ID                         : 6
	Chip Count                     : 1

	Process id:1967850 Process name:python            Process memory(MB):6931
	Chip ID                        : 0

2026-09-06T07:36:18+08:00
	NPU ID                         : 6
	Chip Count                     : 1

	Process id:1967850 Process name:python            Process memory(MB):6931
	Chip ID                        : 0

2026-09-06T07:36:23+08:00
	NPU ID                         : 6
	Chip Count                     : 1

	Process id:1967850 Process name:python            Process memory(MB):6931
	Chip ID                        : 0

2026-09-06T07:36:29+08:00
	NPU ID                         : 6
	Chip Count                     : 1

	Process id:1967850 Process name:python            Process memory(MB):6931
	Chip ID                        : 0

2026-09-06T07:36:34+08:00
	NPU ID                         : 6
	Chip Count                     : 1

	Process id:1967850 Process name:python            Process memory(MB):6931
	Chip ID                        : 0

2026-09-06T07:36:40+08:00
	NPU ID                         : 6
	Chip Count                     : 1

	Process id:1967850 Process name:python            Process memory(MB):6931
	Chip ID                        : 0

2026-09-06T07:36:45+08:00
	NPU ID                         : 6
	Chip Count                     : 1

	Process id:1967850 Process name:python            Process memory(MB):6931
	Chip ID                        : 0

2026-09-06T07:36:51+08:00
	NPU ID                         : 6
	Chip Count                     : 1

	Process id:1967850 Process name:python            Process memory(MB):6931
	Chip ID                        : 0

2026-09-06T07:36:57+08:00
	NPU ID                         : 6
	Chip Count                     : 1

	Process id:1967850 Process name:python            Process memory(MB):6931
	Chip ID                        : 0

2026-09-06T07:37:02+08:00
	NPU ID                         : 6
	Chip Count                     : 1

	Process id:1967850 Process name:python            Process memory(MB):6931
	Chip ID                        : 0

2026-09-06T07:37:08+08:00
	NPU ID                         : 6
	Chip Count                     : 1

	Process id:1967850 Process name:python            Process memory(MB):6931
	Chip ID                        : 0

2026-09-06T07:37:13+08:00
	NPU ID                         : 6
	Chip Count                     : 1

	Process id:1967850 Process name:python            Process memory(MB):6931
	Chip ID                        : 0

2026-09-06T07:37:19+08:00
	NPU ID                         : 6
	Chip Count                     : 1

	Process id:1967850 Process name:python            Process memory(MB):6931
	Chip ID                        : 0

2026-09-06T07:37:24+08:00
	NPU ID                         : 6
	Chip Count                     : 1

	No process in device.
	Chip ID                        : 0

2026-09-06T07:37:30+08:00
	NPU ID                         : 6
	Chip Count                     : 1

	No process in device.
	Chip ID                        : 0

2026-09-06T07:37:35+08:00
	NPU ID                         : 6
	Chip Count                     : 1

	No process in device.
	Chip ID                        : 0

2026-09-06T07:37:41+08:00
	NPU ID                         : 6
	Chip Count                     : 1

	No process in device.
	Chip ID                        : 0

2026-09-06T07:37:46+08:00
	NPU ID                         : 6
	Chip Count                     : 1

	No process in device.
	Chip ID                        : 0

2026-09-06T07:37:52+08:00
	NPU ID                         : 6
	Chip Count                     : 1

	No process in device.
	Chip ID                        : 0

2026-09-06T07:37:57+08:00
	NPU ID                         : 6
	Chip Count                     : 1

	No process in device.
	Chip ID                        : 0

2026-09-06T07:38:03+08:00
	NPU ID                         : 6
	Chip Count                     : 1

	No process in device.
	Chip ID                        : 0

2026-09-06T07:38:08+08:00
	NPU ID                         : 6
	Chip Count                     : 1

	No process in device.
	Chip ID                        : 0

2026-09-06T07:38:14+08:00
	NPU ID                         : 6
	Chip Count                     : 1

	No process in device.
	Chip ID                        : 0

2026-09-06T07:38:19+08:00
	NPU ID                         : 6
	Chip Count                     : 1

	No process in device.
	Chip ID                        : 0

2026-09-06T07:38:25+08:00
	NPU ID                         : 6
	Chip Count                     : 1

	No process in device.
	Chip ID                        : 0

2026-09-06T07:38:30+08:00
	NPU ID                         : 6
	Chip Count                     : 1

	No process in device.
	Chip ID                        : 0

2026-09-06T07:38:36+08:00
	NPU ID                         : 6
	Chip Count                     : 1

	No process in device.
	Chip ID                        : 0

2026-09-06T07:38:41+08:00
	NPU ID                         : 6
	Chip Count                     : 1

	No process in device.
	Chip ID                        : 0

