usage: profile_api.py [-h] [--host HOST] [--port PORT]
                      [--request-timeout-s REQUEST_TIMEOUT_S]
                      [--max-image-bytes MAX_IMAGE_BYTES]
                      [--queue-capacity QUEUE_CAPACITY] [--model MODEL]
                      [--dtype DTYPE] [--decode-backend DECODE_BACKEND]
                      [--decode-optimization DECODE_OPTIMIZATION]
                      [--decode-vocab-token-ids DECODE_VOCAB_TOKEN_IDS]
                      [--token-selection TOKEN_SELECTION]
                      [--decode-batch-size DECODE_BATCH_SIZE]
                      [--compact-decode-control] [--no-decode-device-timing]
                      [--request-scheduling-metrics]
                      [--max-prefill-interruptions MAX_PREFILL_INTERRUPTIONS]
                      [--cache-length CACHE_LENGTH]
                      [--max-new-tokens MAX_NEW_TOKENS]
                      [--min-pixels MIN_PIXELS] [--max-pixels MAX_PIXELS]
                      [--vision-buckets VISION_BUCKETS]
                      [--vision-attention-weight-padding]
                      [--vision-linear-patch-projection]
                      [--text-buckets TEXT_BUCKETS]
                      [--torchair-cache-dir TORCHAIR_CACHE_DIR]
                      [--vision-torchair-cache-dir VISION_TORCHAIR_CACHE_DIR]
                      [--text-torchair-cache-dir TEXT_TORCHAIR_CACHE_DIR]
                      [--service-summary-output SERVICE_SUMMARY_OUTPUT]
profile_api.py: error: unrecognized arguments: --summary-json tmp/09_persistent_page_engine/table_packed_mlp_4d97965b_20260906/profile_service.json
