ninja: no work to do.
PREFLIGHT {"task": "NanoSCIDOCSRetrieval", "query_id": "a352061134daa2c47861b8c4216ee5482a93be1d", "offset": 32, "length": 349, "backend": "torchair_t512", "logits": [-2.7925755977630615, -2.8363072872161865, -5.734451770782471, -1.6389085054397583], "reference_logits": [-2.792576313018799, -2.8363053798675537, -5.734447002410889, -1.6389082670211792], "batch_vs_single": {"max_abs": 5.245208740234375e-06, "normalized_rmse": 8.985441013464879e-07, "finite": true}, "backend_vs_exact_eager": {"max_abs": 4.76837158203125e-06, "normalized_rmse": 7.239236197165155e-07, "finite": true}}
PREFLIGHT {"task": "NanoSCIDOCSRetrieval", "query_id": "a352061134daa2c47861b8c4216ee5482a93be1d", "offset": 0, "length": 1242, "backend": "raw_eager_exact_length", "logits": [2.8925905227661133, -2.7779743671417236, 0.49395740032196045, -3.11472487449646], "reference_logits": [2.8925905227661133, -2.7779743671417236, 0.49395740032196045, -3.11472487449646], "batch_vs_single": {"max_abs": 4.5299530029296875e-06, "normalized_rmse": 9.985167253034888e-07, "finite": true}, "backend_vs_exact_eager": {"max_abs": 0.0, "normalized_rmse": 0.0, "finite": true}}
PREFLIGHT {"task": "NanoSCIDOCSRetrieval", "query_id": "a352061134daa2c47861b8c4216ee5482a93be1d", "offset": 100, "length": 318, "backend": "torchair_t512", "logits": [-3.9757208824157715, -6.400198936462402, -6.400197505950928, -6.400198936462402], "reference_logits": [-3.975722551345825, -6.400200366973877, -6.400204658508301, -6.400201320648193], "batch_vs_single": {"max_abs": 3.337860107421875e-06, "normalized_rmse": 3.465332270025101e-07, "finite": true}, "backend_vs_exact_eager": {"max_abs": 7.152557373046875e-06, "normalized_rmse": 6.668465744041896e-07, "finite": true}}
PROGRESS {"done": 102, "total": 28825, "elapsed_seconds": 3.5222177499963436, "pairs_per_second": 28.959027306050537, "forward_and_transfer_seconds": 3.512546059995657, "estimated_remaining_seconds": 861.8850526925104, "task": "NanoSCIDOCSRetrieval", "queries": 1}
PROGRESS {"done": 1017, "total": 28825, "elapsed_seconds": 34.15274428999692, "pairs_per_second": 29.77798771789685, "forward_and_transfer_seconds": 34.04661038980703, "estimated_remaining_seconds": 851.9653946699057, "task": "NanoSCIDOCSRetrieval", "queries": 10}
PROGRESS {"done": 2029, "total": 28825, "elapsed_seconds": 66.85949368000729, "pairs_per_second": 30.34722353284472, "forward_and_transfer_seconds": 66.65483927987225, "estimated_remaining_seconds": 838.8520715016816, "task": "NanoSCIDOCSRetrieval", "queries": 20}
PROGRESS {"done": 3042, "total": 28825, "elapsed_seconds": 101.60582703999535, "pairs_per_second": 29.939227784668002, "forward_and_transfer_seconds": 101.29293552991294, "estimated_remaining_seconds": 769.8724747330715, "task": "NanoClimateFeverRetrieval", "queries": 30}
PROGRESS {"done": 4052, "total": 28825, "elapsed_seconds": 141.50417447999644, "pairs_per_second": 28.635197617953004, "forward_and_transfer_seconds": 141.08183604989608, "estimated_remaining_seconds": 707.5247087615923, "task": "NanoClimateFeverRetrieval", "queries": 40}
PROGRESS {"done": 5071, "total": 28825, "elapsed_seconds": 181.65064371000335, "pairs_per_second": 27.916223672158363, "forward_and_transfer_seconds": 181.12010122997162, "estimated_remaining_seconds": 657.9735801949048, "task": "NanoClimateFeverRetrieval", "queries": 50}
PROGRESS {"done": 6118, "total": 28825, "elapsed_seconds": 213.34388667000167, "pairs_per_second": 28.67670639873204, "forward_and_transfer_seconds": 212.69858485997247, "estimated_remaining_seconds": 618.3285240298056, "task": "NanoDBPediaRetrieval", "queries": 60}
PROGRESS {"done": 7183, "total": 28825, "elapsed_seconds": 231.14721358999668, "pairs_per_second": 31.075434085660365, "forward_and_transfer_seconds": 230.4128186199232, "estimated_remaining_seconds": 590.4490010946024, "task": "NanoDBPediaRetrieval", "queries": 70}
PROGRESS {"done": 8215, "total": 28825, "elapsed_seconds": 248.84517682000296, "pairs_per_second": 33.01249437493479, "forward_and_transfer_seconds": 248.01077439979417, "estimated_remaining_seconds": 566.1661509769646, "task": "NanoDBPediaRetrieval", "queries": 80}
PROGRESS {"done": 9215, "total": 28825, "elapsed_seconds": 284.13753454999824, "pairs_per_second": 32.43147729353752, "forward_and_transfer_seconds": 283.1990487098228, "estimated_remaining_seconds": 531.0296341917915, "task": "NanoFEVERRetrieval", "queries": 90}
PROGRESS {"done": 10215, "total": 28825, "elapsed_seconds": 319.8569502099999, "pairs_per_second": 31.936151436738864, "forward_and_transfer_seconds": 318.8183043998288, "estimated_remaining_seconds": 497.1942706141814, "task": "NanoFEVERRetrieval", "queries": 100}
PROGRESS {"done": 11218, "total": 28825, "elapsed_seconds": 360.7144552300015, "pairs_per_second": 31.099391325604334, "forward_and_transfer_seconds": 359.55723500970635, "estimated_remaining_seconds": 460.1414856823573, "task": "NanoFiQA2018Retrieval", "queries": 110}
PROGRESS {"done": 12227, "total": 28825, "elapsed_seconds": 400.6103803599981, "pairs_per_second": 30.52092656464, "forward_and_transfer_seconds": 399.33785170977353, "estimated_remaining_seconds": 419.97520878857256, "task": "NanoFiQA2018Retrieval", "queries": 120}
PROGRESS {"done": 13229, "total": 28825, "elapsed_seconds": 434.943220879999, "pairs_per_second": 30.415464283440084, "forward_and_transfer_seconds": 433.5560629696847, "estimated_remaining_seconds": 387.2999310602439, "task": "NanoHotpotQARetrieval", "queries": 130}
PROGRESS {"done": 14230, "total": 28825, "elapsed_seconds": 454.0538916600053, "pairs_per_second": 31.339892161204943, "forward_and_transfer_seconds": 452.5792750296241, "estimated_remaining_seconds": 368.44712750547427, "task": "NanoHotpotQARetrieval", "queries": 140}
PROGRESS {"done": 15230, "total": 28825, "elapsed_seconds": 472.64813746999425, "pairs_per_second": 32.22270182111289, "forward_and_transfer_seconds": 471.09095691953553, "estimated_remaining_seconds": 349.32346162041324, "task": "NanoHotpotQARetrieval", "queries": 150}
PROGRESS {"done": 16230, "total": 28825, "elapsed_seconds": 489.55904322999413, "pairs_per_second": 33.15228310954756, "forward_and_transfer_seconds": 487.9266213395458, "estimated_remaining_seconds": 329.1088452331224, "task": "NanoMSMARCORetrieval", "queries": 160}
PROGRESS {"done": 17230, "total": 28825, "elapsed_seconds": 506.53680895999423, "pairs_per_second": 34.01529700354078, "forward_and_transfer_seconds": 504.83320155950787, "estimated_remaining_seconds": 309.17952533440973, "task": "NanoMSMARCORetrieval", "queries": 170}
PROGRESS {"done": 18309, "total": 28825, "elapsed_seconds": 531.902921269997, "pairs_per_second": 34.42169476393277, "forward_and_transfer_seconds": 530.1145723193331, "estimated_remaining_seconds": 283.278562324483, "task": "NanoNFCorpusRetrieval", "queries": 180}
PROGRESS {"done": 19594, "total": 28825, "elapsed_seconds": 587.8939036600059, "pairs_per_second": 33.32914302736453, "forward_and_transfer_seconds": 585.9952276493859, "estimated_remaining_seconds": 245.55941434387705, "task": "NanoNFCorpusRetrieval", "queries": 190}
PROGRESS {"done": 21319, "total": 28825, "elapsed_seconds": 667.9981301299995, "pairs_per_second": 31.914759994689053, "forward_and_transfer_seconds": 665.9545121292176, "estimated_remaining_seconds": 192.61761738011973, "task": "NanoNFCorpusRetrieval", "queries": 200}
PROGRESS {"done": 22320, "total": 28825, "elapsed_seconds": 694.9665758400079, "pairs_per_second": 32.11665247788609, "forward_and_transfer_seconds": 692.8399874893366, "estimated_remaining_seconds": 170.2463766910629, "task": "NanoNQRetrieval", "queries": 210}
PROGRESS {"done": 23322, "total": 28825, "elapsed_seconds": 718.3321913600084, "pairs_per_second": 32.46687296005039, "forward_and_transfer_seconds": 716.1279010692815, "estimated_remaining_seconds": 148.48817529989867, "task": "NanoNQRetrieval", "queries": 220}
PROGRESS {"done": 24322, "total": 28825, "elapsed_seconds": 741.6441889099951, "pairs_per_second": 32.794701777069655, "forward_and_transfer_seconds": 739.361329809326, "estimated_remaining_seconds": 126.59224865574699, "task": "NanoQuoraRetrieval", "queries": 230}
PROGRESS {"done": 25322, "total": 28825, "elapsed_seconds": 756.2621698000003, "pairs_per_second": 33.48309754366876, "forward_and_transfer_seconds": 753.9084688392904, "estimated_remaining_seconds": 105.89615548631559, "task": "NanoQuoraRetrieval", "queries": 240}
PROGRESS {"done": 26322, "total": 28825, "elapsed_seconds": 770.7137694599951, "pairs_per_second": 34.152756889814825, "forward_and_transfer_seconds": 768.2905246994487, "estimated_remaining_seconds": 85.49190405841094, "task": "NanoQuoraRetrieval", "queries": 250}
PROGRESS {"done": 27322, "total": 28825, "elapsed_seconds": 815.430628660004, "pairs_per_second": 33.506222405329815, "forward_and_transfer_seconds": 812.9217711894453, "estimated_remaining_seconds": 51.62993113275141, "task": "NanoSciFactRetrieval", "queries": 260}
PROGRESS {"done": 28325, "total": 28825, "elapsed_seconds": 861.532620989994, "pairs_per_second": 32.87745502596468, "forward_and_transfer_seconds": 858.9355450595758, "estimated_remaining_seconds": 17.07586230331647, "task": "NanoSciFactRetrieval", "queries": 270}
PROGRESS {"done": 28825, "total": 28825, "elapsed_seconds": 883.3548241399985, "pairs_per_second": 32.631281578229846, "forward_and_transfer_seconds": 880.7151563996013, "estimated_remaining_seconds": -3.8765342912249594e-13, "task": "NanoSciFactRetrieval", "queries": 275}
