[1/2] c++ -MMD -MF bridge.o.d -DTORCH_EXTENSION_NAME=rwkv_reference_wkv7_bridge -DTORCH_API_INCLUDE_EXTENSION_H -I/usr/local/python3.12.13/lib/python3.12/site-packages/torch_npu/include -I/usr/local/python3.12.13/lib/python3.12/site-packages/torch_npu/include/third_party/acl/inc -I/usr/local/python3.12.13/lib/python3.12/site-packages/torch_npu/include/third_party/op-plugin -I/usr/local/python3.12.13/lib/python3.12/site-packages/torch_npu/include/third_party/op-plugin/op_plugin/include -isystem /usr/local/python3.12.13/lib/python3.12/site-packages/torch/include -isystem /usr/local/python3.12.13/lib/python3.12/site-packages/torch/include/torch/csrc/api/include -isystem /usr/local/python3.12.13/include/python3.12 -fPIC -std=c++17 -O3 -std=c++17 -c /workspace/repos/rwkv-nanobeir-base-acbedbc3/26_rwkv_inference/wkv7_npu/bridge.cpp -o bridge.o 
In file included from /usr/local/python3.12.13/lib/python3.12/site-packages/torch_npu/include/third_party/op-plugin/op_plugin/include/npu_cpp_extension.h:19,
                 from /workspace/repos/rwkv-nanobeir-base-acbedbc3/26_rwkv_inference/wkv7_npu/bridge.cpp:4:
/workspace/repos/rwkv-nanobeir-base-acbedbc3/26_rwkv_inference/wkv7_npu/bridge.cpp: In function ‘Pair wkv7(const at::Tensor&, const at::Tensor&, const at::Tensor&, const at::Tensor&, const at::Tensor&, const at::Tensor&, const at::Tensor&)’:
/usr/local/python3.12.13/lib/python3.12/site-packages/torch_npu/include/third_party/op-plugin/op_plugin/utils/op_api_common_base.h:515:98: warning: capture of variable ‘opApiFuncAddr’ with non-automatic storage duration
  515 |         auto acl_call = [converted_params, workspace_addr, workspace_size, acl_stream, executor, opApiFuncAddr]()->int {\
      |                                                                                                  ^~~~~~~~~~~~~
/usr/local/python3.12.13/lib/python3.12/site-packages/torch_npu/include/third_party/op-plugin/op_plugin/utils/op_api_common_base.h:515:98: note: in definition of macro ‘EXEC_NPU_CMD_V1_EXT’
  515 |         auto acl_call = [converted_params, workspace_addr, workspace_size, acl_stream, executor, opApiFuncAddr]()->int {\
      |                                                                                                  ^~~~~~~~~~~~~
/workspace/repos/rwkv-nanobeir-base-acbedbc3/26_rwkv_inference/wkv7_npu/bridge.cpp:28:5: note: in expansion of macro ‘EXEC_NPU_CMD_EXT’
   28 |     EXEC_NPU_CMD_EXT(aclnnRwkvReferenceWkv7, k, v, w, r, a, b, hi, out, ht);
      |     ^~~~~~~~~~~~~~~~
/usr/local/python3.12.13/lib/python3.12/site-packages/torch_npu/include/third_party/op-plugin/op_plugin/utils/op_api_common_base.h:491:22: note: ‘void* opApiFuncAddr’ declared here
  491 |         static void* opApiFuncAddr = nullptr;                                                                          \
      |                      ^~~~~~~~~~~~~
/usr/local/python3.12.13/lib/python3.12/site-packages/torch_npu/include/third_party/op-plugin/op_plugin/utils/op_api_common_base.h:491:22: note: in definition of macro ‘EXEC_NPU_CMD_V1_EXT’
  491 |         static void* opApiFuncAddr = nullptr;                                                                          \
      |                      ^~~~~~~~~~~~~
/workspace/repos/rwkv-nanobeir-base-acbedbc3/26_rwkv_inference/wkv7_npu/bridge.cpp:28:5: note: in expansion of macro ‘EXEC_NPU_CMD_EXT’
   28 |     EXEC_NPU_CMD_EXT(aclnnRwkvReferenceWkv7, k, v, w, r, a, b, hi, out, ht);
      |     ^~~~~~~~~~~~~~~~
[2/2] c++ bridge.o -shared -L/usr/local/python3.12.13/lib/python3.12/site-packages/torch_npu/lib -ltorch_npu -L/usr/local/python3.12.13/lib/python3.12/site-packages/torch/lib -lc10 -ltorch_cpu -ltorch -ltorch_python -o rwkv_reference_wkv7_bridge.so
ninja: no work to do.
PREFLIGHT {"task": "NanoSCIDOCSRetrieval", "query_id": "f4195462f27158c4afd86ca364347dacfd228bdd", "offset": 0, "length": 412, "backend": "torchair_t512", "logits": [-0.5550897121429443, -0.24575825035572052, 0.7794287204742432, -2.3799498081207275], "reference_logits": [-0.5550886392593384, -0.24576404690742493, 0.7794310450553894, -2.3799521923065186], "batch_vs_single": {"max_abs": 5.245208740234375e-06, "normalized_rmse": 2.3516799956269097e-06, "finite": true}, "backend_vs_exact_eager": {"max_abs": 5.796551704406738e-06, "normalized_rmse": 2.627406274768873e-06, "finite": true}}
PREFLIGHT {"task": "NanoSCIDOCSRetrieval", "query_id": "f4195462f27158c4afd86ca364347dacfd228bdd", "offset": 32, "length": 1907, "backend": "raw_eager_exact_length", "logits": [-6.624769687652588, -6.279541015625, -4.866201877593994, -3.8437037467956543], "reference_logits": [-6.624769687652588, -6.279541015625, -4.866201877593994, -3.8437037467956543], "batch_vs_single": {"max_abs": 1.1682510375976562e-05, "normalized_rmse": 1.073551402441808e-06, "finite": true}, "backend_vs_exact_eager": {"max_abs": 0.0, "normalized_rmse": 0.0, "finite": true}}
PREFLIGHT {"task": "NanoSCIDOCSRetrieval", "query_id": "f4195462f27158c4afd86ca364347dacfd228bdd", "offset": 100, "length": 334, "backend": "torchair_t512", "logits": [-7.688189506530762, -4.427684783935547, -4.4276885986328125, -4.4276862144470215], "reference_logits": [-7.68818998336792, -4.4276957511901855, -4.427689552307129, -4.427692413330078], "batch_vs_single": {"max_abs": 1.049041748046875e-05, "normalized_rmse": 1.241215272784757e-06, "finite": true}, "backend_vs_exact_eager": {"max_abs": 1.0967254638671875e-05, "normalized_rmse": 1.164262698694074e-06, "finite": true}}
PROGRESS {"done": 102, "total": 28863, "elapsed_seconds": 3.7728530000022147, "pairs_per_second": 27.03524362066058, "forward_and_transfer_seconds": 3.7646917999954894, "estimated_remaining_seconds": 954.8787988534208, "task": "NanoSCIDOCSRetrieval", "queries": 1}
PROGRESS {"done": 1017, "total": 28863, "elapsed_seconds": 36.80343452999659, "pairs_per_second": 27.633290560724582, "forward_and_transfer_seconds": 36.7214171099622, "estimated_remaining_seconds": 883.9684911110959, "task": "NanoSCIDOCSRetrieval", "queries": 10}
PROGRESS {"done": 2038, "total": 28863, "elapsed_seconds": 70.76781669000047, "pairs_per_second": 28.798401523781507, "forward_and_transfer_seconds": 70.61084212004789, "estimated_remaining_seconds": 849.1657343570479, "task": "NanoSCIDOCSRetrieval", "queries": 20}
PROGRESS {"done": 3055, "total": 28863, "elapsed_seconds": 103.58775745000457, "pairs_per_second": 29.49190208576974, "forward_and_transfer_seconds": 103.35477491015627, "estimated_remaining_seconds": 794.4929147164288, "task": "NanoClimateFeverRetrieval", "queries": 30}
PROGRESS {"done": 4066, "total": 28863, "elapsed_seconds": 143.46690460000536, "pairs_per_second": 28.341031064525023, "forward_and_transfer_seconds": 143.1537797901983, "estimated_remaining_seconds": 727.2318678583763, "task": "NanoClimateFeverRetrieval", "queries": 40}
PROGRESS {"done": 5107, "total": 28863, "elapsed_seconds": 169.4769885400019, "pairs_per_second": 30.133884511374752, "forward_and_transfer_seconds": 169.0913078300655, "estimated_remaining_seconds": 683.8750920585945, "task": "NanoDBPediaRetrieval", "queries": 50}
PROGRESS {"done": 6175, "total": 28863, "elapsed_seconds": 187.3406787099957, "pairs_per_second": 32.96134103132471, "forward_and_transfer_seconds": 186.88891467030044, "estimated_remaining_seconds": 651.1853407138295, "task": "NanoDBPediaRetrieval", "queries": 60}
PROGRESS {"done": 7265, "total": 28863, "elapsed_seconds": 205.59152365000045, "pairs_per_second": 35.337059967355245, "forward_and_transfer_seconds": 205.0731394203758, "estimated_remaining_seconds": 621.1019202130698, "task": "NanoDBPediaRetrieval", "queries": 70}
PROGRESS {"done": 8265, "total": 28863, "elapsed_seconds": 240.15679553999507, "pairs_per_second": 34.41501616232038, "forward_and_transfer_seconds": 239.56665691023227, "estimated_remaining_seconds": 585.3515015160648, "task": "NanoFEVERRetrieval", "queries": 80}
PROGRESS {"done": 9265, "total": 28863, "elapsed_seconds": 278.4388197100052, "pairs_per_second": 33.27481422902713, "forward_and_transfer_seconds": 277.7752479800256, "estimated_remaining_seconds": 547.5308782737527, "task": "NanoFEVERRetrieval", "queries": 90}
PROGRESS {"done": 10268, "total": 28863, "elapsed_seconds": 318.87160092999693, "pairs_per_second": 32.201048854940744, "forward_and_transfer_seconds": 318.1298566399637, "estimated_remaining_seconds": 509.1527456319853, "task": "NanoFiQA2018Retrieval", "queries": 100}
PROGRESS {"done": 11276, "total": 28863, "elapsed_seconds": 358.9729380899953, "pairs_per_second": 31.41183861935877, "forward_and_transfer_seconds": 358.15003603992227, "estimated_remaining_seconds": 468.95817322400706, "task": "NanoFiQA2018Retrieval", "queries": 110}
PROGRESS {"done": 12286, "total": 28863, "elapsed_seconds": 401.8531477499928, "pairs_per_second": 30.573357627756, "forward_and_transfer_seconds": 400.9475560699502, "estimated_remaining_seconds": 428.15819787455956, "task": "NanoFiQA2018Retrieval", "queries": 120}
PROGRESS {"done": 13288, "total": 28863, "elapsed_seconds": 428.0265100099932, "pairs_per_second": 31.04480607916029, "forward_and_transfer_seconds": 427.05135020993475, "estimated_remaining_seconds": 402.11245619905316, "task": "NanoHotpotQARetrieval", "queries": 130}
PROGRESS {"done": 14288, "total": 28863, "elapsed_seconds": 446.4384874499956, "pairs_per_second": 32.0044091216494, "forward_and_transfer_seconds": 445.40115582001454, "estimated_remaining_seconds": 382.47108147574403, "task": "NanoHotpotQARetrieval", "queries": 140}
PROGRESS {"done": 15289, "total": 28863, "elapsed_seconds": 464.6083381000062, "pairs_per_second": 32.90728716261021, "forward_and_transfer_seconds": 463.4994694200868, "estimated_remaining_seconds": 362.6058857951557, "task": "NanoMSMARCORetrieval", "queries": 150}
PROGRESS {"done": 16289, "total": 28863, "elapsed_seconds": 481.38383442000486, "pairs_per_second": 33.83786250243695, "forward_and_transfer_seconds": 480.2084424900095, "estimated_remaining_seconds": 342.0135994485494, "task": "NanoMSMARCORetrieval", "queries": 160}
PROGRESS {"done": 17289, "total": 28863, "elapsed_seconds": 498.3632978300011, "pairs_per_second": 34.69155950143328, "forward_and_transfer_seconds": 497.1213505598571, "estimated_remaining_seconds": 321.84170219606693, "task": "NanoMSMARCORetrieval", "queries": 170}
PROGRESS {"done": 18858, "total": 28863, "elapsed_seconds": 557.7307328099996, "pairs_per_second": 33.812015172605335, "forward_and_transfer_seconds": 556.3745549498417, "estimated_remaining_seconds": 278.06059642432, "task": "NanoNFCorpusRetrieval", "queries": 180}
PROGRESS {"done": 20146, "total": 28863, "elapsed_seconds": 611.7163388399931, "pairs_per_second": 32.933565315916134, "forward_and_transfer_seconds": 610.2694039698545, "estimated_remaining_seconds": 239.2598314167767, "task": "NanoNFCorpusRetrieval", "queries": 190}
PROGRESS {"done": 21359, "total": 28863, "elapsed_seconds": 664.799257880004, "pairs_per_second": 32.12849555234505, "forward_and_transfer_seconds": 663.2669553196465, "estimated_remaining_seconds": 202.8915380059517, "task": "NanoNFCorpusRetrieval", "queries": 200}
PROGRESS {"done": 22360, "total": 28863, "elapsed_seconds": 689.1872943799972, "pairs_per_second": 32.44401076795152, "forward_and_transfer_seconds": 687.5869206295465, "estimated_remaining_seconds": 181.65610603692005, "task": "NanoNQRetrieval", "queries": 210}
PROGRESS {"done": 23362, "total": 28863, "elapsed_seconds": 712.7607345099968, "pairs_per_second": 32.77677749190368, "forward_and_transfer_seconds": 711.0950274595234, "estimated_remaining_seconds": 160.65964957686006, "task": "NanoNQRetrieval", "queries": 220}
PROGRESS {"done": 24362, "total": 28863, "elapsed_seconds": 731.1925482999941, "pairs_per_second": 33.31817324539356, "forward_and_transfer_seconds": 729.4644030796335, "estimated_remaining_seconds": 139.03302686778184, "task": "NanoQuoraRetrieval", "queries": 230}
PROGRESS {"done": 25362, "total": 28863, "elapsed_seconds": 745.6261056999938, "pairs_per_second": 34.0143669945544, "forward_and_transfer_seconds": 743.8364883496688, "estimated_remaining_seconds": 118.1565141276742, "task": "NanoQuoraRetrieval", "queries": 240}
PROGRESS {"done": 26362, "total": 28863, "elapsed_seconds": 768.3143941599992, "pairs_per_second": 34.31147483423328, "forward_and_transfer_seconds": 766.460835339516, "estimated_remaining_seconds": 93.55129506731956, "task": "NanoSciFactRetrieval", "queries": 250}
PROGRESS {"done": 27362, "total": 28863, "elapsed_seconds": 818.9322290900018, "pairs_per_second": 33.411800180833865, "forward_and_transfer_seconds": 816.9979648195294, "estimated_remaining_seconds": 55.503803488143525, "task": "NanoSciFactRetrieval", "queries": 260}
PROGRESS {"done": 28362, "total": 28863, "elapsed_seconds": 868.4487596399995, "pairs_per_second": 32.658230765113856, "forward_and_transfer_seconds": 866.4342346494668, "estimated_remaining_seconds": 17.949341412172803, "task": "NanoSciFactRetrieval", "queries": 270}
PROGRESS {"done": 28863, "total": 28863, "elapsed_seconds": 892.2654431099945, "pairs_per_second": 32.34799713793454, "forward_and_transfer_seconds": 890.2122987695475, "estimated_remaining_seconds": 1.9578131088934e-13, "task": "NanoSciFactRetrieval", "queries": 275}
