DENSE_DECODE_BOUNDARY {"backend": "torchair", "batch_size": 16, "cache_init": "zeros", "cache_length": 4096, "event": "setup_begin", "inactive_position": 0, "monotonic_s": 1188782.584838123, "pipeline_depth": 1, "positions": [1023, 1151, 1277, 1278, 1280, 1281, 1282, 1407, 1535, 1663, 1791, 2047, 3071, 1279], "target_row": 3}
[W731 10:58:03.133534522 TensorFactories.cpp:340] Warning: Cannot create tensor with interal format while allow_internel_format=False, tensor will be created with base format. (function operator())
DENSE_DECODE_BOUNDARY {"event": "setup_end", "monotonic_s": 1188806.527631087, "runtime_metadata": {"backend": "torchair", "boundary": "token_embedding_text_transformer_lm_head_static_step", "cache_key_fields": {"batch_size": 16, "cache_length": 4096, "decode_attention": "increfa", "decode_cache_update": "npu_scatter", "decode_optimization": "combined_apply", "decode_source_hash": "b94a0353d7cd", "dtype": "torch.float16", "execution_mode": "inference", "linear_weight_format": "decode_native_fallback", "model_config_hash": "6d2211febbe9", "torch": "2.10.0+cpu", "torch_npu": "2.10.0", "torchair": "unknown"}, "compile_api": "torchair.inference.cache_compile", "decode_attention": "increfa", "decode_cache_update": "npu_scatter", "decode_optimization": "combined_apply", "decode_optimization_config": {"add_rms_norm": true, "hoist_mrope": true, "npu_swiglu": false, "packed_mlp": false, "packed_qkv": true, "rms_norm": "npu", "rotary": "npu_apply"}, "enabled": true, "linear_weight_format": "decode_native_fallback", "torchair_cache_dir": "/tmp/dense_lane_cache/decode_native_fallback_increfa_npu_scatter_optcombined_apply_modeinference_dtypefloat16_bs16_cache4096_model6d2211febbe9_torch2.10.0_cpu_torchnpu2.10.0_torchairunknown_srcb94a0353d7cd", "torchair_ge_cache": true}, "runtime_setup_timing_s": {"compile_first_call": 13.170636243885383, "compile_wrapper": 0.003525880165398121}, "weight_format": {"after_formats_sample": {"model.layers.0.self_attn.q_proj": 2}, "all_after_are_nz": false, "already_nz_count": 0, "before_formats_sample": {"model.layers.0.self_attn.q_proj": 2}, "cast_count": 1, "converted_count": 0, "converted_modules_sample": [], "effective_mode": "decode_native_fallback", "failures_sample": [{"after_format": 2, "before_format": 2, "error": "npu_format_cast_did_not_produce_fractal_nz", "module": "model.layers.0.self_attn.q_proj"}], "fallback_reason": "npu_format_cast_did_not_produce_fractal_nz", "mode": "decode_native_fallback", "requested_mode": "decode_nz", "target_count": 145, "target_format": "FRACTAL_NZ", "target_format_code": 29}}
DENSE_DECODE_BOUNDARY {"batch_positions": [0, 0, 0, 1023, 0, 0, 0, 0, 0, 0, 0, 0, 0, 0, 0, 0], "effective_length": 1024, "event": "step_enqueue_begin", "monotonic_s": 1188806.528061135, "step": 0, "target_position": 1023}
DENSE_DECODE_BOUNDARY {"event": "step_enqueue_end", "in_flight": 1, "monotonic_s": 1188806.531760587, "step": 0, "target_position": 1023}
DENSE_DECODE_BOUNDARY {"effective_length": 1024, "event": "step_sync_begin", "in_flight": 1, "monotonic_s": 1188806.53188296, "step": 0, "target_position": 1023}
DENSE_DECODE_BOUNDARY {"effective_length": 1024, "elapsed_s": 0.005618575029075146, "event": "step_sync_end", "monotonic_s": 1188806.533804392, "step": 0, "target_position": 1023}
DENSE_DECODE_BOUNDARY {"effective_length": 1024, "elapsed_s": 0.005618575029075146, "event": "step_result", "monotonic_s": 1188806.556308535, "step": 0, "target_logits_finite": true, "target_position": 1023, "target_token": 45055}
DENSE_DECODE_BOUNDARY {"batch_positions": [0, 0, 0, 1151, 0, 0, 0, 0, 0, 0, 0, 0, 0, 0, 0, 0], "effective_length": 1152, "event": "step_enqueue_begin", "monotonic_s": 1188806.556699131, "step": 1, "target_position": 1151}
DENSE_DECODE_BOUNDARY {"event": "step_enqueue_end", "in_flight": 1, "monotonic_s": 1188806.5577883, "step": 1, "target_position": 1151}
DENSE_DECODE_BOUNDARY {"effective_length": 1152, "event": "step_sync_begin", "in_flight": 1, "monotonic_s": 1188806.557906952, "step": 1, "target_position": 1151}
DENSE_DECODE_BOUNDARY {"effective_length": 1152, "elapsed_s": 0.003214644966647029, "event": "step_sync_end", "monotonic_s": 1188806.560032568, "step": 1, "target_position": 1151}
DENSE_DECODE_BOUNDARY {"effective_length": 1152, "elapsed_s": 0.003214644966647029, "event": "step_result", "monotonic_s": 1188806.560685579, "step": 1, "target_logits_finite": true, "target_position": 1151, "target_token": 45055}
DENSE_DECODE_BOUNDARY {"batch_positions": [0, 0, 0, 1277, 0, 0, 0, 0, 0, 0, 0, 0, 0, 0, 0, 0], "effective_length": 1278, "event": "step_enqueue_begin", "monotonic_s": 1188806.560939653, "step": 2, "target_position": 1277}
DENSE_DECODE_BOUNDARY {"event": "step_enqueue_end", "in_flight": 1, "monotonic_s": 1188806.561687376, "step": 2, "target_position": 1277}
DENSE_DECODE_BOUNDARY {"effective_length": 1278, "event": "step_sync_begin", "in_flight": 1, "monotonic_s": 1188806.561797488, "step": 2, "target_position": 1277}
DENSE_DECODE_BOUNDARY {"effective_length": 1278, "elapsed_s": 0.0029677508864551783, "event": "step_sync_end", "monotonic_s": 1188806.564029826, "step": 2, "target_position": 1277}
DENSE_DECODE_BOUNDARY {"effective_length": 1278, "elapsed_s": 0.0029677508864551783, "event": "step_result", "monotonic_s": 1188806.564483444, "step": 2, "target_logits_finite": true, "target_position": 1277, "target_token": 45055}
DENSE_DECODE_BOUNDARY {"batch_positions": [0, 0, 0, 1278, 0, 0, 0, 0, 0, 0, 0, 0, 0, 0, 0, 0], "effective_length": 1279, "event": "step_enqueue_begin", "monotonic_s": 1188806.564732468, "step": 3, "target_position": 1278}
DENSE_DECODE_BOUNDARY {"event": "step_enqueue_end", "in_flight": 1, "monotonic_s": 1188806.56544056, "step": 3, "target_position": 1278}
DENSE_DECODE_BOUNDARY {"effective_length": 1279, "event": "step_sync_begin", "in_flight": 1, "monotonic_s": 1188806.565551012, "step": 3, "target_position": 1278}
DENSE_DECODE_BOUNDARY {"effective_length": 1279, "elapsed_s": 0.0029129988979548216, "event": "step_sync_end", "monotonic_s": 1188806.567757349, "step": 3, "target_position": 1278}
DENSE_DECODE_BOUNDARY {"effective_length": 1279, "elapsed_s": 0.0029129988979548216, "event": "step_result", "monotonic_s": 1188806.568202497, "step": 3, "target_logits_finite": true, "target_position": 1278, "target_token": 45055}
DENSE_DECODE_BOUNDARY {"batch_positions": [0, 0, 0, 1280, 0, 0, 0, 0, 0, 0, 0, 0, 0, 0, 0, 0], "effective_length": 1281, "event": "step_enqueue_begin", "monotonic_s": 1188806.568459741, "step": 4, "target_position": 1280}
DENSE_DECODE_BOUNDARY {"event": "step_enqueue_end", "in_flight": 1, "monotonic_s": 1188806.569168493, "step": 4, "target_position": 1280}
DENSE_DECODE_BOUNDARY {"effective_length": 1281, "event": "step_sync_begin", "in_flight": 1, "monotonic_s": 1188806.569279815, "step": 4, "target_position": 1280}
DENSE_DECODE_BOUNDARY {"effective_length": 1281, "elapsed_s": 0.0028929489199072123, "event": "step_sync_end", "monotonic_s": 1188806.571463242, "step": 4, "target_position": 1280}
DENSE_DECODE_BOUNDARY {"effective_length": 1281, "elapsed_s": 0.0028929489199072123, "event": "step_result", "monotonic_s": 1188806.571886719, "step": 4, "target_logits_finite": true, "target_position": 1280, "target_token": 45055}
DENSE_DECODE_BOUNDARY {"batch_positions": [0, 0, 0, 1281, 0, 0, 0, 0, 0, 0, 0, 0, 0, 0, 0, 0], "effective_length": 1282, "event": "step_enqueue_begin", "monotonic_s": 1188806.572149364, "step": 5, "target_position": 1281}
DENSE_DECODE_BOUNDARY {"event": "step_enqueue_end", "in_flight": 1, "monotonic_s": 1188806.572880236, "step": 5, "target_position": 1281}
DENSE_DECODE_BOUNDARY {"effective_length": 1282, "event": "step_sync_begin", "in_flight": 1, "monotonic_s": 1188806.572990588, "step": 5, "target_position": 1281}
DENSE_DECODE_BOUNDARY {"effective_length": 1282, "elapsed_s": 0.0028930590488016605, "event": "step_sync_end", "monotonic_s": 1188806.575162295, "step": 5, "target_position": 1281}
DENSE_DECODE_BOUNDARY {"effective_length": 1282, "elapsed_s": 0.0028930590488016605, "event": "step_result", "monotonic_s": 1188806.575587302, "step": 5, "target_logits_finite": true, "target_position": 1281, "target_token": 45055}
DENSE_DECODE_BOUNDARY {"batch_positions": [0, 0, 0, 1282, 0, 0, 0, 0, 0, 0, 0, 0, 0, 0, 0, 0], "effective_length": 1283, "event": "step_enqueue_begin", "monotonic_s": 1188806.575839917, "step": 6, "target_position": 1282}
DENSE_DECODE_BOUNDARY {"event": "step_enqueue_end", "in_flight": 1, "monotonic_s": 1188806.576588509, "step": 6, "target_position": 1282}
DENSE_DECODE_BOUNDARY {"effective_length": 1283, "event": "step_sync_begin", "in_flight": 1, "monotonic_s": 1188806.576708121, "step": 6, "target_position": 1282}
DENSE_DECODE_BOUNDARY {"effective_length": 1283, "elapsed_s": 0.002924530068412423, "event": "step_sync_end", "monotonic_s": 1188806.578877668, "step": 6, "target_position": 1282}
DENSE_DECODE_BOUNDARY {"effective_length": 1283, "elapsed_s": 0.002924530068412423, "event": "step_result", "monotonic_s": 1188806.579294995, "step": 6, "target_logits_finite": true, "target_position": 1282, "target_token": 45055}
DENSE_DECODE_BOUNDARY {"batch_positions": [0, 0, 0, 1407, 0, 0, 0, 0, 0, 0, 0, 0, 0, 0, 0, 0], "effective_length": 1408, "event": "step_enqueue_begin", "monotonic_s": 1188806.579540489, "step": 7, "target_position": 1407}
DENSE_DECODE_BOUNDARY {"event": "step_enqueue_end", "in_flight": 1, "monotonic_s": 1188806.580298172, "step": 7, "target_position": 1407}
DENSE_DECODE_BOUNDARY {"effective_length": 1408, "event": "step_sync_begin", "in_flight": 1, "monotonic_s": 1188806.580419634, "step": 7, "target_position": 1407}
DENSE_DECODE_BOUNDARY {"effective_length": 1408, "elapsed_s": 0.0029247798956930637, "event": "step_sync_end", "monotonic_s": 1188806.582583731, "step": 7, "target_position": 1407}
DENSE_DECODE_BOUNDARY {"effective_length": 1408, "elapsed_s": 0.0029247798956930637, "event": "step_result", "monotonic_s": 1188806.583005288, "step": 7, "target_logits_finite": true, "target_position": 1407, "target_token": 45055}
DENSE_DECODE_BOUNDARY {"batch_positions": [0, 0, 0, 1535, 0, 0, 0, 0, 0, 0, 0, 0, 0, 0, 0, 0], "effective_length": 1536, "event": "step_enqueue_begin", "monotonic_s": 1188806.583249403, "step": 8, "target_position": 1535}
DENSE_DECODE_BOUNDARY {"event": "step_enqueue_end", "in_flight": 1, "monotonic_s": 1188806.583968185, "step": 8, "target_position": 1535}
DENSE_DECODE_BOUNDARY {"effective_length": 1536, "event": "step_sync_begin", "in_flight": 1, "monotonic_s": 1188806.584112067, "step": 8, "target_position": 1535}
DENSE_DECODE_BOUNDARY {"effective_length": 1536, "elapsed_s": 0.0029029001016169786, "event": "step_sync_end", "monotonic_s": 1188806.586261784, "step": 8, "target_position": 1535}
DENSE_DECODE_BOUNDARY {"effective_length": 1536, "elapsed_s": 0.0029029001016169786, "event": "step_result", "monotonic_s": 1188806.586686181, "step": 8, "target_logits_finite": true, "target_position": 1535, "target_token": 45055}
DENSE_DECODE_BOUNDARY {"batch_positions": [0, 0, 0, 1663, 0, 0, 0, 0, 0, 0, 0, 0, 0, 0, 0, 0], "effective_length": 1664, "event": "step_enqueue_begin", "monotonic_s": 1188806.586928945, "step": 9, "target_position": 1663}
DENSE_DECODE_BOUNDARY {"event": "step_enqueue_end", "in_flight": 1, "monotonic_s": 1188806.587639347, "step": 9, "target_position": 1663}
DENSE_DECODE_BOUNDARY {"effective_length": 1664, "event": "step_sync_begin", "in_flight": 1, "monotonic_s": 1188806.587749469, "step": 9, "target_position": 1663}
DENSE_DECODE_BOUNDARY {"effective_length": 1664, "elapsed_s": 0.0028958190232515335, "event": "step_sync_end", "monotonic_s": 1188806.589934956, "step": 9, "target_position": 1663}
DENSE_DECODE_BOUNDARY {"effective_length": 1664, "elapsed_s": 0.0028958190232515335, "event": "step_result", "monotonic_s": 1188806.590362973, "step": 9, "target_logits_finite": true, "target_position": 1663, "target_token": 45055}
DENSE_DECODE_BOUNDARY {"batch_positions": [0, 0, 0, 1791, 0, 0, 0, 0, 0, 0, 0, 0, 0, 0, 0, 0], "effective_length": 1792, "event": "step_enqueue_begin", "monotonic_s": 1188806.590617888, "step": 10, "target_position": 1791}
DENSE_DECODE_BOUNDARY {"event": "step_enqueue_end", "in_flight": 1, "monotonic_s": 1188806.59133548, "step": 10, "target_position": 1791}
DENSE_DECODE_BOUNDARY {"effective_length": 1792, "event": "step_sync_begin", "in_flight": 1, "monotonic_s": 1188806.591454082, "step": 10, "target_position": 1791}
DENSE_DECODE_BOUNDARY {"effective_length": 1792, "elapsed_s": 0.002901148982346058, "event": "step_sync_end", "monotonic_s": 1188806.593630049, "step": 10, "target_position": 1791}
DENSE_DECODE_BOUNDARY {"effective_length": 1792, "elapsed_s": 0.002901148982346058, "event": "step_result", "monotonic_s": 1188806.594053976, "step": 10, "target_logits_finite": true, "target_position": 1791, "target_token": 45055}
DENSE_DECODE_BOUNDARY {"batch_positions": [0, 0, 0, 2047, 0, 0, 0, 0, 0, 0, 0, 0, 0, 0, 0, 0], "effective_length": 2048, "event": "step_enqueue_begin", "monotonic_s": 1188806.59430854, "step": 11, "target_position": 2047}
DENSE_DECODE_BOUNDARY {"event": "step_enqueue_end", "in_flight": 1, "monotonic_s": 1188806.595022993, "step": 11, "target_position": 2047}
DENSE_DECODE_BOUNDARY {"effective_length": 2048, "event": "step_sync_begin", "in_flight": 1, "monotonic_s": 1188806.595133105, "step": 11, "target_position": 2047}
DENSE_DECODE_BOUNDARY {"effective_length": 2048, "elapsed_s": 0.0029029599390923977, "event": "step_sync_end", "monotonic_s": 1188806.597322132, "step": 11, "target_position": 2047}
DENSE_DECODE_BOUNDARY {"effective_length": 2048, "elapsed_s": 0.0029029599390923977, "event": "step_result", "monotonic_s": 1188806.597743949, "step": 11, "target_logits_finite": true, "target_position": 2047, "target_token": 45055}
DENSE_DECODE_BOUNDARY {"batch_positions": [0, 0, 0, 3071, 0, 0, 0, 0, 0, 0, 0, 0, 0, 0, 0, 0], "effective_length": 3072, "event": "step_enqueue_begin", "monotonic_s": 1188806.597997493, "step": 12, "target_position": 3071}
DENSE_DECODE_BOUNDARY {"event": "step_enqueue_end", "in_flight": 1, "monotonic_s": 1188806.598710835, "step": 12, "target_position": 3071}
DENSE_DECODE_BOUNDARY {"effective_length": 3072, "event": "step_sync_begin", "in_flight": 1, "monotonic_s": 1188806.598820897, "step": 12, "target_position": 3071}
DENSE_DECODE_BOUNDARY {"effective_length": 3072, "elapsed_s": 0.0028873488772660494, "event": "step_sync_end", "monotonic_s": 1188806.601008994, "step": 12, "target_position": 3071}
DENSE_DECODE_BOUNDARY {"effective_length": 3072, "elapsed_s": 0.0028873488772660494, "event": "step_result", "monotonic_s": 1188806.601436442, "step": 12, "target_logits_finite": true, "target_position": 3071, "target_token": 45055}
DENSE_DECODE_BOUNDARY {"batch_positions": [0, 0, 0, 1279, 0, 0, 0, 0, 0, 0, 0, 0, 0, 0, 0, 0], "effective_length": 1280, "event": "step_enqueue_begin", "monotonic_s": 1188806.601691606, "step": 13, "target_position": 1279}
DENSE_DECODE_BOUNDARY {"event": "step_enqueue_end", "in_flight": 1, "monotonic_s": 1188806.602393358, "step": 13, "target_position": 1279}
DENSE_DECODE_BOUNDARY {"effective_length": 1280, "event": "step_sync_begin", "in_flight": 1, "monotonic_s": 1188806.6025032, "step": 13, "target_position": 1279}
DENSE_DECODE_BOUNDARY {"effective_length": 1280, "elapsed_s": 0.0028947689570486546, "event": "step_sync_end", "monotonic_s": 1188806.604699427, "step": 13, "target_position": 1279}
DENSE_DECODE_BOUNDARY {"effective_length": 1280, "elapsed_s": 0.0028947689570486546, "event": "step_result", "monotonic_s": 1188806.605138915, "step": 13, "target_logits_finite": true, "target_position": 1279, "target_token": 45055}
DENSE_DECODE_BOUNDARY {"event": "probe_end", "monotonic_s": 1188806.606014969, "output": "/workspace/repos/paddle_ocr_vl_npu/tmp/09_persistent_page_engine/910b_decode_hang_lanes_4fa19b4/B1_dense_torchair_zeros.json", "passed": true}
{
  "schema_version": 1,
  "kind": "dense_decode_mixed_position_boundary",
  "passed": true,
  "configuration": {
    "model": "/workspace/models/PaddleOCR-VL-1.6",
    "batch_size": 16,
    "cache_length": 4096,
    "target_row": 3,
    "inactive_position": 0,
    "positions": [
      1023,
      1151,
      1277,
      1278,
      1280,
      1281,
      1282,
      1407,
      1535,
      1663,
      1791,
      2047,
      3071,
      1279
    ],
    "optimization": "combined_apply",
    "backend": "torchair",
    "cache_initialization": "zeros",
    "pipeline_depth": 1
  },
  "runtime": {
    "metadata": {
      "backend": "torchair",
      "enabled": true,
      "boundary": "token_embedding_text_transformer_lm_head_static_step",
      "linear_weight_format": "decode_native_fallback",
      "decode_attention": "increfa",
      "decode_cache_update": "npu_scatter",
      "decode_optimization": "combined_apply",
      "decode_optimization_config": {
        "hoist_mrope": true,
        "packed_qkv": true,
        "rms_norm": "npu",
        "rotary": "npu_apply",
        "packed_mlp": false,
        "npu_swiglu": false,
        "add_rms_norm": true
      },
      "torchair_cache_dir": "/tmp/dense_lane_cache/decode_native_fallback_increfa_npu_scatter_optcombined_apply_modeinference_dtypefloat16_bs16_cache4096_model6d2211febbe9_torch2.10.0_cpu_torchnpu2.10.0_torchairunknown_srcb94a0353d7cd",
      "torchair_ge_cache": true,
      "compile_api": "torchair.inference.cache_compile",
      "cache_key_fields": {
        "batch_size": 16,
        "cache_length": 4096,
        "dtype": "torch.float16",
        "model_config_hash": "6d2211febbe9",
        "torch": "2.10.0+cpu",
        "torch_npu": "2.10.0",
        "torchair": "unknown",
        "decode_source_hash": "b94a0353d7cd",
        "linear_weight_format": "decode_native_fallback",
        "decode_attention": "increfa",
        "decode_cache_update": "npu_scatter",
        "execution_mode": "inference",
        "decode_optimization": "combined_apply"
      }
    },
    "setup_timing_s": {
      "compile_wrapper": 0.003525880165398121,
      "compile_first_call": 13.170636243885383
    },
    "weight_format": {
      "requested_mode": "decode_nz",
      "mode": "decode_native_fallback",
      "effective_mode": "decode_native_fallback",
      "target_format": "FRACTAL_NZ",
      "target_format_code": 29,
      "target_count": 145,
      "cast_count": 1,
      "converted_count": 0,
      "already_nz_count": 0,
      "converted_modules_sample": [],
      "before_formats_sample": {
        "model.layers.0.self_attn.q_proj": 2
      },
      "after_formats_sample": {
        "model.layers.0.self_attn.q_proj": 2
      },
      "all_after_are_nz": false,
      "fallback_reason": "npu_format_cast_did_not_produce_fractal_nz",
      "failures_sample": [
        {
          "module": "model.layers.0.self_attn.q_proj",
          "before_format": 2,
          "after_format": 2,
          "error": "npu_format_cast_did_not_produce_fractal_nz"
        }
      ]
    }
  },
  "steps": [
    {
      "step": 0,
      "target_position": 1023,
      "effective_length": 1024,
      "elapsed_s": 0.005618575029075146,
      "target_token": 45055,
      "target_logits_finite": true
    },
    {
      "step": 1,
      "target_position": 1151,
      "effective_length": 1152,
      "elapsed_s": 0.003214644966647029,
      "target_token": 45055,
      "target_logits_finite": true
    },
    {
      "step": 2,
      "target_position": 1277,
      "effective_length": 1278,
      "elapsed_s": 0.0029677508864551783,
      "target_token": 45055,
      "target_logits_finite": true
    },
    {
      "step": 3,
      "target_position": 1278,
      "effective_length": 1279,
      "elapsed_s": 0.0029129988979548216,
      "target_token": 45055,
      "target_logits_finite": true
    },
    {
      "step": 4,
      "target_position": 1280,
      "effective_length": 1281,
      "elapsed_s": 0.0028929489199072123,
      "target_token": 45055,
      "target_logits_finite": true
    },
    {
      "step": 5,
      "target_position": 1281,
      "effective_length": 1282,
      "elapsed_s": 0.0028930590488016605,
      "target_token": 45055,
      "target_logits_finite": true
    },
    {
      "step": 6,
      "target_position": 1282,
      "effective_length": 1283,
      "elapsed_s": 0.002924530068412423,
      "target_token": 45055,
      "target_logits_finite": true
    },
    {
      "step": 7,
      "target_position": 1407,
      "effective_length": 1408,
      "elapsed_s": 0.0029247798956930637,
      "target_token": 45055,
      "target_logits_finite": true
    },
    {
      "step": 8,
      "target_position": 1535,
      "effective_length": 1536,
      "elapsed_s": 0.0029029001016169786,
      "target_token": 45055,
      "target_logits_finite": true
    },
    {
      "step": 9,
      "target_position": 1663,
      "effective_length": 1664,
      "elapsed_s": 0.0028958190232515335,
      "target_token": 45055,
      "target_logits_finite": true
    },
    {
      "step": 10,
      "target_position": 1791,
      "effective_length": 1792,
      "elapsed_s": 0.002901148982346058,
      "target_token": 45055,
      "target_logits_finite": true
    },
    {
      "step": 11,
      "target_position": 2047,
      "effective_length": 2048,
      "elapsed_s": 0.0029029599390923977,
      "target_token": 45055,
      "target_logits_finite": true
    },
    {
      "step": 12,
      "target_position": 3071,
      "effective_length": 3072,
      "elapsed_s": 0.0028873488772660494,
      "target_token": 45055,
      "target_logits_finite": true
    },
    {
      "step": 13,
      "target_position": 1279,
      "effective_length": 1280,
      "elapsed_s": 0.0028947689570486546,
      "target_token": 45055,
      "target_logits_finite": true
    }
  ],
  "progress_jsonl": "/workspace/repos/paddle_ocr_vl_npu/tmp/09_persistent_page_engine/910b_decode_hang_lanes_4fa19b4/B1_dense_torchair_zeros.progress.jsonl"
}
