cpu-poll-c3 API ready worker_pid=2461476; preloading 100 distinct crops for 100 requests
cpu-poll-c3 crops preloaded 50/100
cpu-poll-c3 crops preloaded 100/100
cpu-poll-c3 payloads ready bytes=34840674
SEND cpu-poll-c3 01/100 table=page_000287_table_box_id_8 active=1
SEND cpu-poll-c3 02/100 table=page_001367_table_51 active=2
SEND cpu-poll-c3 03/100 table=page_000236_table_box_id_1 active=3
RECV cpu-poll-c3 03/100 rank=324 id=page_000236_table_box_id_1 latency=0.5496s status=ok active=2
SEND cpu-poll-c3 04/100 table=page_000634_table_11 active=3
RECV cpu-poll-c3 02/100 rank=65 id=page_001367_table_51 latency=0.8495s status=ok active=2
SEND cpu-poll-c3 05/100 table=page_000272_table_box_id_1 active=3
RECV cpu-poll-c3 04/100 rank=225 id=page_000634_table_11 latency=0.7096s status=ok active=2
SEND cpu-poll-c3 06/100 table=page_001172_table_16 active=3
RECV cpu-poll-c3 06/100 rank=337 id=page_001172_table_16 latency=0.3923s status=ok active=2
SEND cpu-poll-c3 07/100 table=page_001137_table_2 active=3
RECV cpu-poll-c3 07/100 rank=151 id=page_001137_table_2 latency=0.8247s status=ok active=2
SEND cpu-poll-c3 08/100 table=page_001150_table_box_id_9 active=3
RECV cpu-poll-c3 01/100 rank=24 id=page_000287_table_box_id_8 latency=2.9802s status=ok active=2
SEND cpu-poll-c3 09/100 table=page_000920_table_8 active=3
RECV cpu-poll-c3 08/100 rank=255 id=page_001150_table_box_id_9 latency=0.5457s status=ok active=2
SEND cpu-poll-c3 10/100 table=page_000524_table_0 active=3
RECV cpu-poll-c3 09/100 rank=368 id=page_000920_table_8 latency=0.4843s status=ok active=2
SEND cpu-poll-c3 11/100 table=page_000256_table_box_id_8 active=3
RECV cpu-poll-c3 11/100 rank=336 id=page_000256_table_box_id_8 latency=0.4053s status=ok active=2
SEND cpu-poll-c3 12/100 table=page_001166_table_9 active=3
RECV cpu-poll-c3 10/100 rank=140 id=page_000524_table_0 latency=1.1080s status=ok active=2
SEND cpu-poll-c3 13/100 table=page_000211_table_box_id_3 active=3
RECV cpu-poll-c3 12/100 rank=436 id=page_001166_table_9 latency=0.3196s status=ok active=2
SEND cpu-poll-c3 14/100 table=page_000933_table_10 active=3
RECV cpu-poll-c3 14/100 rank=504 id=page_000933_table_10 latency=0.3430s status=ok active=2
SEND cpu-poll-c3 15/100 table=page_001129_table_8 active=3
RECV cpu-poll-c3 13/100 rank=201 id=page_000211_table_box_id_3 latency=0.8458s status=ok active=2
SEND cpu-poll-c3 16/100 table=page_001375_table_7 active=3
RECV cpu-poll-c3 16/100 rank=458 id=page_001375_table_7 latency=0.2506s status=ok active=2
SEND cpu-poll-c3 17/100 table=page_000106_table_box_id_2 active=3
RECV cpu-poll-c3 15/100 rank=107 id=page_001129_table_8 latency=1.2344s status=ok active=2
SEND cpu-poll-c3 18/100 table=page_001134_table_10 active=3
RECV cpu-poll-c3 17/100 rank=208 id=page_000106_table_box_id_2 latency=0.7311s status=ok active=2
SEND cpu-poll-c3 19/100 table=page_000642_table_8 active=3
RECV cpu-poll-c3 05/100 rank=09 id=page_000272_table_box_id_1 latency=5.3415s status=ok active=2
SEND cpu-poll-c3 20/100 table=page_000564_table_7 active=3
RECV cpu-poll-c3 20/100 rank=334 id=page_000564_table_7 latency=0.4148s status=ok active=2
SEND cpu-poll-c3 21/100 table=page_001368_table_box_id_242 active=3
RECV cpu-poll-c3 21/100 rank=497 id=page_001368_table_box_id_242 latency=0.2078s status=ok active=2
SEND cpu-poll-c3 22/100 table=page_000263_table_box_id_7 active=3
RECV cpu-poll-c3 18/100 rank=134 id=page_001134_table_10 latency=1.3391s status=ok active=2
SEND cpu-poll-c3 23/100 table=page_000746_table_18 active=3
RECV cpu-poll-c3 19/100 rank=128 id=page_000642_table_8 latency=1.4261s status=ok active=2
SEND cpu-poll-c3 24/100 table=page_000213_table_box_id_5 active=3
RECV cpu-poll-c3 24/100 rank=215 id=page_000213_table_box_id_5 latency=0.5986s status=ok active=2
SEND cpu-poll-c3 25/100 table=page_000206_table_box_id_1 active=3
RECV cpu-poll-c3 23/100 rank=161 id=page_000746_table_18 latency=0.9926s status=ok active=2
SEND cpu-poll-c3 26/100 table=page_000209_table_box_id_1 active=3
RECV cpu-poll-c3 26/100 rank=432 id=page_000209_table_box_id_1 latency=0.2890s status=ok active=2
SEND cpu-poll-c3 27/100 table=page_001216_table_2 active=3
RECV cpu-poll-c3 25/100 rank=309 id=page_000206_table_box_id_1 latency=0.5894s status=ok active=2
SEND cpu-poll-c3 28/100 table=page_000188_table_box_id_6 active=3
RECV cpu-poll-c3 28/100 rank=240 id=page_000188_table_box_id_6 latency=0.5826s status=ok active=2
SEND cpu-poll-c3 29/100 table=page_000921_table_9 active=3
RECV cpu-poll-c3 29/100 rank=460 id=page_000921_table_9 latency=0.2546s status=ok active=2
SEND cpu-poll-c3 30/100 table=page_000533_table_8 active=3
RECV cpu-poll-c3 27/100 rank=186 id=page_001216_table_2 latency=1.1652s status=ok active=2
SEND cpu-poll-c3 31/100 table=page_001123_table_14 active=3
RECV cpu-poll-c3 30/100 rank=399 id=page_000533_table_8 latency=0.3915s status=ok active=2
SEND cpu-poll-c3 32/100 table=page_001503_table_5 active=3
RECV cpu-poll-c3 31/100 rank=413 id=page_001123_table_14 latency=0.3982s status=ok active=2
SEND cpu-poll-c3 33/100 table=page_001197_table_5 active=3
RECV cpu-poll-c3 32/100 rank=526 id=page_001503_table_5 latency=0.2513s status=ok active=2
SEND cpu-poll-c3 34/100 table=page_000542_table_0 active=3
RECV cpu-poll-c3 22/100 rank=31 id=page_000263_table_box_id_7 latency=3.3018s status=ok active=2
SEND cpu-poll-c3 35/100 table=page_001130_table_1 active=3
RECV cpu-poll-c3 35/100 rank=572 id=page_001130_table_1 latency=0.1913s status=ok active=2
SEND cpu-poll-c3 36/100 table=page_001595_table_box_id_9 active=3
RECV cpu-poll-c3 36/100 rank=561 id=page_001595_table_box_id_9 latency=0.1485s status=ok active=2
SEND cpu-poll-c3 37/100 table=page_001233_table_6 active=3
RECV cpu-poll-c3 34/100 rank=219 id=page_000542_table_0 latency=0.7470s status=ok active=2
SEND cpu-poll-c3 38/100 table=page_000585_table_1 active=3
RECV cpu-poll-c3 37/100 rank=241 id=page_001233_table_6 latency=0.6786s status=ok active=2
SEND cpu-poll-c3 39/100 table=page_000821_table_box_id_26 active=3
RECV cpu-poll-c3 39/100 rank=617 id=page_000821_table_box_id_26 latency=0.1016s status=ok active=2
SEND cpu-poll-c3 40/100 table=page_000566_table_3 active=3
RECV cpu-poll-c3 33/100 rank=118 id=page_001197_table_5 latency=1.6023s status=ok active=2
SEND cpu-poll-c3 41/100 table=page_000534_table_4 active=3
RECV cpu-poll-c3 38/100 rank=159 id=page_000585_table_1 latency=1.1284s status=ok active=2
SEND cpu-poll-c3 42/100 table=page_001141_table_13 active=3
RECV cpu-poll-c3 41/100 rank=221 id=page_000534_table_4 latency=0.6490s status=ok active=2
SEND cpu-poll-c3 43/100 table=page_000665_table_3 active=3
RECV cpu-poll-c3 40/100 rank=167 id=page_000566_table_3 latency=0.9721s status=ok active=2
SEND cpu-poll-c3 44/100 table=page_001417_table_2 active=3
RECV cpu-poll-c3 43/100 rank=662 id=page_000665_table_3 latency=0.0786s status=ok active=2
SEND cpu-poll-c3 45/100 table=page_001117_table_box_id_7 active=3
RECV cpu-poll-c3 44/100 rank=587 id=page_001417_table_2 latency=0.1922s status=ok active=2
SEND cpu-poll-c3 46/100 table=page_001270_table_box_id_1 active=3
RECV cpu-poll-c3 42/100 rank=280 id=page_001141_table_13 latency=0.6879s status=ok active=2
SEND cpu-poll-c3 47/100 table=page_000261_table_box_id_3 active=3
RECV cpu-poll-c3 45/100 rank=483 id=page_001117_table_box_id_7 latency=0.3407s status=ok active=2
SEND cpu-poll-c3 48/100 table=page_000505_table_1 active=3
RECV cpu-poll-c3 48/100 rank=121 id=page_000505_table_1 latency=1.1533s status=ok active=2
SEND cpu-poll-c3 49/100 table=page_000682_table_15 active=3
RECV cpu-poll-c3 46/100 rank=95 id=page_001270_table_box_id_1 latency=1.5472s status=ok active=2
SEND cpu-poll-c3 50/100 table=page_000275_table_box_id_1 active=3
RECV cpu-poll-c3 49/100 rank=507 id=page_000682_table_15 latency=0.2314s status=ok active=2
SEND cpu-poll-c3 51/100 table=page_000789_table_34 active=3
RECV cpu-poll-c3 51/100 rank=639 id=page_000789_table_34 latency=0.2089s status=ok active=2
SEND cpu-poll-c3 52/100 table=page_001177_table_2 active=3
RECV cpu-poll-c3 47/100 rank=54 id=page_000261_table_box_id_3 latency=2.0681s status=ok active=2
SEND cpu-poll-c3 53/100 table=page_001398_table_box-13qv1ztw active=3
RECV cpu-poll-c3 52/100 rank=229 id=page_001177_table_2 latency=0.5974s status=ok active=2
SEND cpu-poll-c3 54/100 table=page_001183_table_11 active=3
RECV cpu-poll-c3 53/100 rank=511 id=page_001398_table_box-13qv1ztw latency=0.2781s status=ok active=2
SEND cpu-poll-c3 55/100 table=page_000507_table_0 active=3
RECV cpu-poll-c3 54/100 rank=395 id=page_001183_table_11 latency=0.4260s status=ok active=2
SEND cpu-poll-c3 56/100 table=page_000710_table_9 active=3
RECV cpu-poll-c3 55/100 rank=396 id=page_000507_table_0 latency=0.4181s status=ok active=2
SEND cpu-poll-c3 57/100 table=page_000657_table_6 active=3
RECV cpu-poll-c3 57/100 rank=659 id=page_000657_table_6 latency=0.0515s status=ok active=2
SEND cpu-poll-c3 58/100 table=page_001368_table_box_id_227 active=3
RECV cpu-poll-c3 56/100 rank=514 id=page_000710_table_9 latency=0.2596s status=ok active=2
SEND cpu-poll-c3 59/100 table=page_001176_table_4 active=3
RECV cpu-poll-c3 58/100 rank=264 id=page_001368_table_box_id_227 latency=0.6038s status=ok active=2
SEND cpu-poll-c3 60/100 table=page_001181_table_6 active=3
RECV cpu-poll-c3 59/100 rank=122 id=page_001176_table_4 latency=1.1402s status=ok active=2
SEND cpu-poll-c3 61/100 table=page_000937_table_0 active=3
RECV cpu-poll-c3 61/100 rank=350 id=page_000937_table_0 latency=0.3964s status=ok active=2
SEND cpu-poll-c3 62/100 table=page_001368_table_box_id_237 active=3
RECV cpu-poll-c3 62/100 rank=468 id=page_001368_table_box_id_237 latency=0.2257s status=ok active=2
SEND cpu-poll-c3 63/100 table=page_000217_table_box_id_0 active=3
RECV cpu-poll-c3 63/100 rank=391 id=page_000217_table_box_id_0 latency=0.3535s status=ok active=2
SEND cpu-poll-c3 64/100 table=page_001159_table_5 active=3
RECV cpu-poll-c3 60/100 rank=72 id=page_001181_table_6 latency=1.6386s status=ok active=2
SEND cpu-poll-c3 65/100 table=page_000626_table_box_id_1 active=3
RECV cpu-poll-c3 64/100 rank=224 id=page_001159_table_5 latency=0.6642s status=ok active=2
SEND cpu-poll-c3 66/100 table=page_000984_table_2 active=3
RECV cpu-poll-c3 66/100 rank=625 id=page_000984_table_2 latency=0.0939s status=ok active=2
SEND cpu-poll-c3 67/100 table=page_001082_table_34 active=3
RECV cpu-poll-c3 50/100 rank=12 id=page_000275_table_box_id_1 latency=5.1171s status=ok active=2
SEND cpu-poll-c3 68/100 table=page_000467_table_17 active=3
RECV cpu-poll-c3 67/100 rank=171 id=page_001082_table_34 latency=0.8412s status=ok active=2
SEND cpu-poll-c3 69/100 table=page_000866_table_14 active=3
RECV cpu-poll-c3 69/100 rank=419 id=page_000866_table_14 latency=0.2993s status=ok active=2
SEND cpu-poll-c3 70/100 table=page_001227_table_10 active=3
RECV cpu-poll-c3 65/100 rank=44 id=page_000626_table_box_id_1 latency=2.2933s status=ok active=2
SEND cpu-poll-c3 71/100 table=page_000916_table_7 active=3
RECV cpu-poll-c3 68/100 rank=120 id=page_000467_table_17 latency=1.3114s status=ok active=2
SEND cpu-poll-c3 72/100 table=page_000251_table_box_id_7 active=3
RECV cpu-poll-c3 71/100 rank=265 id=page_000916_table_7 latency=0.6209s status=ok active=2
SEND cpu-poll-c3 73/100 table=page_001131_table_15 active=3
RECV cpu-poll-c3 73/100 rank=469 id=page_001131_table_15 latency=0.2327s status=ok active=2
SEND cpu-poll-c3 74/100 table=page_001183_table_12 active=3
RECV cpu-poll-c3 72/100 rank=184 id=page_000251_table_box_id_7 latency=0.8323s status=ok active=2
SEND cpu-poll-c3 75/100 table=page_000266_table_box_id_7 active=3
RECV cpu-poll-c3 70/100 rank=75 id=page_001227_table_10 latency=1.7289s status=ok active=2
SEND cpu-poll-c3 76/100 table=page_000447_table_12 active=3
RECV cpu-poll-c3 74/100 rank=285 id=page_001183_table_12 latency=0.5638s status=ok active=2
SEND cpu-poll-c3 77/100 table=page_001193_table_4 active=3
RECV cpu-poll-c3 75/100 rank=509 id=page_000266_table_box_id_7 latency=0.3379s status=ok active=2
SEND cpu-poll-c3 78/100 table=page_001368_table_box_id_239 active=3
RECV cpu-poll-c3 78/100 rank=512 id=page_001368_table_box_id_239 latency=0.1857s status=ok active=2
SEND cpu-poll-c3 79/100 table=page_000903_table_15 active=3
RECV cpu-poll-c3 76/100 rank=371 id=page_000447_table_12 latency=0.5268s status=ok active=2
SEND cpu-poll-c3 80/100 table=page_001167_table_2 active=3
RECV cpu-poll-c3 77/100 rank=342 id=page_001193_table_4 latency=0.5410s status=ok active=2
SEND cpu-poll-c3 81/100 table=page_000212_table_box_id_1 active=3
RECV cpu-poll-c3 79/100 rank=522 id=page_000903_table_15 latency=0.2951s status=ok active=2
SEND cpu-poll-c3 82/100 table=page_001147_table_10 active=3
RECV cpu-poll-c3 80/100 rank=422 id=page_001167_table_2 latency=0.5720s status=ok active=2
SEND cpu-poll-c3 83/100 table=page_000223_table_box_id_2 active=3
RECV cpu-poll-c3 81/100 rank=113 id=page_000212_table_box_id_1 latency=1.2406s status=ok active=2
SEND cpu-poll-c3 84/100 table=page_000716_table_0 active=3
RECV cpu-poll-c3 84/100 rank=588 id=page_000716_table_0 latency=0.1258s status=ok active=2
SEND cpu-poll-c3 85/100 table=page_000937_table_1 active=3
RECV cpu-poll-c3 83/100 rank=114 id=page_000223_table_box_id_2 latency=1.1964s status=ok active=2
SEND cpu-poll-c3 86/100 table=page_000465_table_10 active=3
RECV cpu-poll-c3 82/100 rank=90 id=page_001147_table_10 latency=1.6351s status=ok active=2
SEND cpu-poll-c3 87/100 table=page_000465_table_8 active=3
RECV cpu-poll-c3 85/100 rank=415 id=page_000937_table_1 latency=0.4040s status=ok active=2
SEND cpu-poll-c3 88/100 table=page_001179_table_6 active=3
RECV cpu-poll-c3 86/100 rank=339 id=page_000465_table_10 latency=0.5817s status=ok active=2
SEND cpu-poll-c3 89/100 table=page_000554_table_12 active=3
RECV cpu-poll-c3 87/100 rank=331 id=page_000465_table_8 latency=0.5492s status=ok active=2
SEND cpu-poll-c3 90/100 table=page_000199_table_box_id_0 active=3
RECV cpu-poll-c3 89/100 rank=538 id=page_000554_table_12 latency=0.2158s status=ok active=2
SEND cpu-poll-c3 91/100 table=page_000516_table_0 active=3
RECV cpu-poll-c3 91/100 rank=125 id=page_000516_table_0 latency=0.9895s status=ok active=2
SEND cpu-poll-c3 92/100 table=page_001214_table_8 active=3
RECV cpu-poll-c3 88/100 rank=61 id=page_001179_table_6 latency=1.9155s status=ok active=2
SEND cpu-poll-c3 93/100 table=page_001368_table_box_id_161 active=3
RECV cpu-poll-c3 90/100 rank=80 id=page_000199_table_box_id_0 latency=1.5086s status=ok active=2
SEND cpu-poll-c3 94/100 table=page_000577_table_3 active=3
RECV cpu-poll-c3 92/100 rank=359 id=page_001214_table_8 latency=0.4523s status=ok active=2
SEND cpu-poll-c3 95/100 table=page_000984_table_3 active=3
RECV cpu-poll-c3 94/100 rank=382 id=page_000577_table_3 latency=0.4494s status=ok active=2
SEND cpu-poll-c3 96/100 table=page_001187_table_0 active=3
RECV cpu-poll-c3 93/100 rank=332 id=page_001368_table_box_id_161 latency=0.6560s status=ok active=2
SEND cpu-poll-c3 97/100 table=page_000821_table_box_id_14 active=3
RECV cpu-poll-c3 97/100 rank=585 id=page_000821_table_box_id_14 latency=0.2306s status=ok active=2
SEND cpu-poll-c3 98/100 table=page_000833_table_4 active=3
RECV cpu-poll-c3 95/100 rank=238 id=page_000984_table_3 latency=0.8395s status=ok active=2
SEND cpu-poll-c3 99/100 table=page_001375_table_31 active=3
RECV cpu-poll-c3 99/100 rank=631 id=page_001375_table_31 latency=0.2260s status=ok active=2
SEND cpu-poll-c3 100/100 table=page_000645_table_7 active=3
RECV cpu-poll-c3 98/100 rank=352 id=page_000833_table_4 latency=0.4715s status=ok active=2
RECV cpu-poll-c3 100/100 rank=533 id=page_000645_table_7 latency=0.1669s status=ok active=1
RECV cpu-poll-c3 96/100 rank=28 id=page_001187_table_0 latency=2.4170s status=ok active=0
DONE cpu-poll-c3 requests=100 failures=0 max_in_flight=3 wall=28.5978s qps=3.4968 p50=0.5679s p95=2.2995s max=5.3415s
