2026-09-06T01:48:25+08:00
	NPU ID                         : 6
	Chip Count                     : 1

	Process id:1755498 Process name:python            Process memory(MB):4789
	Chip ID                        : 0

2026-09-06T01:48:30+08:00
	NPU ID                         : 6
	Chip Count                     : 1

	Process id:1755498 Process name:python            Process memory(MB):6387
	Chip ID                        : 0

2026-09-06T01:48:36+08:00
	NPU ID                         : 6
	Chip Count                     : 1

	Process id:1755498 Process name:python            Process memory(MB):6589
	Chip ID                        : 0

2026-09-06T01:48:41+08:00
	NPU ID                         : 6
	Chip Count                     : 1

	Process id:1755498 Process name:python            Process memory(MB):6593
	Chip ID                        : 0

2026-09-06T01:48:47+08:00
	NPU ID                         : 6
	Chip Count                     : 1

	Process id:1755498 Process name:python            Process memory(MB):6593
	Chip ID                        : 0

2026-09-06T01:48:52+08:00
	NPU ID                         : 6
	Chip Count                     : 1

	Process id:1755498 Process name:python            Process memory(MB):6593
	Chip ID                        : 0

2026-09-06T01:48:58+08:00
	NPU ID                         : 6
	Chip Count                     : 1

	Process id:1755498 Process name:python            Process memory(MB):7029
	Chip ID                        : 0

2026-09-06T01:49:03+08:00
	NPU ID                         : 6
	Chip Count                     : 1

	Process id:1755498 Process name:python            Process memory(MB):7047
	Chip ID                        : 0

2026-09-06T01:49:09+08:00
	NPU ID                         : 6
	Chip Count                     : 1

	Process id:1755498 Process name:python            Process memory(MB):7047
	Chip ID                        : 0

2026-09-06T01:49:14+08:00
	NPU ID                         : 6
	Chip Count                     : 1

	Process id:1755498 Process name:python            Process memory(MB):7047
	Chip ID                        : 0

2026-09-06T01:49:20+08:00
	NPU ID                         : 6
	Chip Count                     : 1

	Process id:1755498 Process name:python            Process memory(MB):7063
	Chip ID                        : 0

2026-09-06T01:49:25+08:00
	NPU ID                         : 6
	Chip Count                     : 1

	Process id:1755498 Process name:python            Process memory(MB):7103
	Chip ID                        : 0

2026-09-06T01:49:31+08:00
	NPU ID                         : 6
	Chip Count                     : 1

	Process id:1755498 Process name:python            Process memory(MB):7109
	Chip ID                        : 0

2026-09-06T01:49:36+08:00
	NPU ID                         : 6
	Chip Count                     : 1

	Process id:1755498 Process name:python            Process memory(MB):7131
	Chip ID                        : 0

2026-09-06T01:49:42+08:00
	NPU ID                         : 6
	Chip Count                     : 1

	Process id:1755498 Process name:python            Process memory(MB):7131
	Chip ID                        : 0

2026-09-06T01:49:47+08:00
	NPU ID                         : 6
	Chip Count                     : 1

	Process id:1755498 Process name:python            Process memory(MB):7131
	Chip ID                        : 0

2026-09-06T01:49:53+08:00
	NPU ID                         : 6
	Chip Count                     : 1

	Process id:1755498 Process name:python            Process memory(MB):317
	Chip ID                        : 0

2026-09-06T01:49:58+08:00
	NPU ID                         : 6
	Chip Count                     : 1

	No process in device.
	Chip ID                        : 0

2026-09-06T01:50:04+08:00
	NPU ID                         : 6
	Chip Count                     : 1

	No process in device.
	Chip ID                        : 0

2026-09-06T01:50:09+08:00
	NPU ID                         : 6
	Chip Count                     : 1

	No process in device.
	Chip ID                        : 0

2026-09-06T01:50:15+08:00
	NPU ID                         : 6
	Chip Count                     : 1

	No process in device.
	Chip ID                        : 0

2026-09-06T01:50:20+08:00
	NPU ID                         : 6
	Chip Count                     : 1

	No process in device.
	Chip ID                        : 0

2026-09-06T01:50:26+08:00
	NPU ID                         : 6
	Chip Count                     : 1

	No process in device.
	Chip ID                        : 0

2026-09-06T01:50:31+08:00
	NPU ID                         : 6
	Chip Count                     : 1

	No process in device.
	Chip ID                        : 0

2026-09-06T01:50:37+08:00
	NPU ID                         : 6
	Chip Count                     : 1

	No process in device.
	Chip ID                        : 0

2026-09-06T01:50:42+08:00
	NPU ID                         : 6
	Chip Count                     : 1

	No process in device.
	Chip ID                        : 0

2026-09-06T01:50:48+08:00
	NPU ID                         : 6
	Chip Count                     : 1

	No process in device.
	Chip ID                        : 0

2026-09-06T01:50:53+08:00
	NPU ID                         : 6
	Chip Count                     : 1

	No process in device.
	Chip ID                        : 0

2026-09-06T01:50:59+08:00
	NPU ID                         : 6
	Chip Count                     : 1

	No process in device.
	Chip ID                        : 0

2026-09-06T01:51:05+08:00
	NPU ID                         : 6
	Chip Count                     : 1

	No process in device.
	Chip ID                        : 0

2026-09-06T01:51:10+08:00
	NPU ID                         : 6
	Chip Count                     : 1

	No process in device.
	Chip ID                        : 0

2026-09-06T01:51:16+08:00
	NPU ID                         : 6
	Chip Count                     : 1

	Process id:1760664 Process name:python            Process memory(MB):105
	Chip ID                        : 0

2026-09-06T01:51:21+08:00
	NPU ID                         : 6
	Chip Count                     : 1

	Process id:1760664 Process name:python            Process memory(MB):105
	Chip ID                        : 0

2026-09-06T01:51:27+08:00
	NPU ID                         : 6
	Chip Count                     : 1

	Process id:1760664 Process name:python            Process memory(MB):105
	Chip ID                        : 0

2026-09-06T01:51:32+08:00
	NPU ID                         : 6
	Chip Count                     : 1

	Process id:1760664 Process name:python            Process memory(MB):3855
	Chip ID                        : 0

2026-09-06T01:51:38+08:00
	NPU ID                         : 6
	Chip Count                     : 1

	Process id:1760664 Process name:python            Process memory(MB):3867
	Chip ID                        : 0

2026-09-06T01:51:43+08:00
	NPU ID                         : 6
	Chip Count                     : 1

	Process id:1760664 Process name:python            Process memory(MB):3987
	Chip ID                        : 0

2026-09-06T01:51:49+08:00
	NPU ID                         : 6
	Chip Count                     : 1

	Process id:1760664 Process name:python            Process memory(MB):7133
	Chip ID                        : 0

2026-09-06T01:51:54+08:00
	NPU ID                         : 6
	Chip Count                     : 1

	Process id:1760664 Process name:python            Process memory(MB):7133
	Chip ID                        : 0

2026-09-06T01:52:00+08:00
	NPU ID                         : 6
	Chip Count                     : 1

	Process id:1760664 Process name:python            Process memory(MB):7133
	Chip ID                        : 0

2026-09-06T01:52:05+08:00
	NPU ID                         : 6
	Chip Count                     : 1

	Process id:1760664 Process name:python            Process memory(MB):7133
	Chip ID                        : 0

2026-09-06T01:52:11+08:00
	NPU ID                         : 6
	Chip Count                     : 1

	Process id:1760664 Process name:python            Process memory(MB):7133
	Chip ID                        : 0

2026-09-06T01:52:16+08:00
	NPU ID                         : 6
	Chip Count                     : 1

	Process id:1760664 Process name:python            Process memory(MB):7133
	Chip ID                        : 0

2026-09-06T01:52:22+08:00
	NPU ID                         : 6
	Chip Count                     : 1

	Process id:1760664 Process name:python            Process memory(MB):7133
	Chip ID                        : 0

2026-09-06T01:52:27+08:00
	NPU ID                         : 6
	Chip Count                     : 1

	Process id:1760664 Process name:python            Process memory(MB):7133
	Chip ID                        : 0

2026-09-06T01:52:33+08:00
	NPU ID                         : 6
	Chip Count                     : 1

	Process id:1760664 Process name:python            Process memory(MB):7133
	Chip ID                        : 0

2026-09-06T01:52:38+08:00
	NPU ID                         : 6
	Chip Count                     : 1

	Process id:1760664 Process name:python            Process memory(MB):7133
	Chip ID                        : 0

2026-09-06T01:52:44+08:00
	NPU ID                         : 6
	Chip Count                     : 1

	Process id:1760664 Process name:python            Process memory(MB):7133
	Chip ID                        : 0

2026-09-06T01:52:49+08:00
	NPU ID                         : 6
	Chip Count                     : 1

	Process id:1760664 Process name:python            Process memory(MB):7191
	Chip ID                        : 0

2026-09-06T01:52:55+08:00
	NPU ID                         : 6
	Chip Count                     : 1

	Process id:1760664 Process name:python            Process memory(MB):7199
	Chip ID                        : 0

2026-09-06T01:53:00+08:00
	NPU ID                         : 6
	Chip Count                     : 1

	Process id:1760664 Process name:python            Process memory(MB):7199
	Chip ID                        : 0

2026-09-06T01:53:06+08:00
	NPU ID                         : 6
	Chip Count                     : 1

	Process id:1760664 Process name:python            Process memory(MB):7199
	Chip ID                        : 0

2026-09-06T01:53:11+08:00
	NPU ID                         : 6
	Chip Count                     : 1

	Process id:1760664 Process name:python            Process memory(MB):7199
	Chip ID                        : 0

2026-09-06T01:53:17+08:00
	NPU ID                         : 6
	Chip Count                     : 1

	Process id:1760664 Process name:python            Process memory(MB):7199
	Chip ID                        : 0

2026-09-06T01:53:22+08:00
	NPU ID                         : 6
	Chip Count                     : 1

	Process id:1760664 Process name:python            Process memory(MB):7225
	Chip ID                        : 0

2026-09-06T01:53:28+08:00
	NPU ID                         : 6
	Chip Count                     : 1

	Process id:1760664 Process name:python            Process memory(MB):7225
	Chip ID                        : 0

2026-09-06T01:53:33+08:00
	NPU ID                         : 6
	Chip Count                     : 1

	Process id:1760664 Process name:python            Process memory(MB):7225
	Chip ID                        : 0

2026-09-06T01:53:39+08:00
	NPU ID                         : 6
	Chip Count                     : 1

	Process id:1760664 Process name:python            Process memory(MB):7225
	Chip ID                        : 0

2026-09-06T01:53:45+08:00
	NPU ID                         : 6
	Chip Count                     : 1

	Process id:1760664 Process name:python            Process memory(MB):7225
	Chip ID                        : 0

2026-09-06T01:53:50+08:00
	NPU ID                         : 6
	Chip Count                     : 1

	Process id:1760664 Process name:python            Process memory(MB):7225
	Chip ID                        : 0

2026-09-06T01:53:56+08:00
	NPU ID                         : 6
	Chip Count                     : 1

	Process id:1760664 Process name:python            Process memory(MB):7225
	Chip ID                        : 0

2026-09-06T01:54:01+08:00
	NPU ID                         : 6
	Chip Count                     : 1

	Process id:1760664 Process name:python            Process memory(MB):7225
	Chip ID                        : 0

2026-09-06T01:54:07+08:00
	NPU ID                         : 6
	Chip Count                     : 1

	Process id:1760664 Process name:python            Process memory(MB):7225
	Chip ID                        : 0

2026-09-06T01:54:12+08:00
	NPU ID                         : 6
	Chip Count                     : 1

	Process id:1760664 Process name:python            Process memory(MB):7225
	Chip ID                        : 0

2026-09-06T01:54:18+08:00
	NPU ID                         : 6
	Chip Count                     : 1

	Process id:1760664 Process name:python            Process memory(MB):7225
	Chip ID                        : 0

2026-09-06T01:54:23+08:00
	NPU ID                         : 6
	Chip Count                     : 1

	Process id:1760664 Process name:python            Process memory(MB):7225
	Chip ID                        : 0

2026-09-06T01:54:29+08:00
	NPU ID                         : 6
	Chip Count                     : 1

	Process id:1760664 Process name:python            Process memory(MB):7225
	Chip ID                        : 0

2026-09-06T01:54:34+08:00
	NPU ID                         : 6
	Chip Count                     : 1

	Process id:1760664 Process name:python            Process memory(MB):7225
	Chip ID                        : 0

2026-09-06T01:54:40+08:00
	NPU ID                         : 6
	Chip Count                     : 1

	No process in device.
	Chip ID                        : 0

2026-09-06T01:54:45+08:00
	NPU ID                         : 6
	Chip Count                     : 1

	No process in device.
	Chip ID                        : 0

2026-09-06T01:54:51+08:00
	NPU ID                         : 6
	Chip Count                     : 1

	No process in device.
	Chip ID                        : 0

2026-09-06T01:54:56+08:00
	NPU ID                         : 6
	Chip Count                     : 1

	No process in device.
	Chip ID                        : 0

2026-09-06T01:55:02+08:00
	NPU ID                         : 6
	Chip Count                     : 1

	No process in device.
	Chip ID                        : 0

2026-09-06T01:55:07+08:00
	NPU ID                         : 6
	Chip Count                     : 1

	No process in device.
	Chip ID                        : 0

2026-09-06T01:55:13+08:00
	NPU ID                         : 6
	Chip Count                     : 1

	No process in device.
	Chip ID                        : 0

2026-09-06T01:55:18+08:00
	NPU ID                         : 6
	Chip Count                     : 1

	No process in device.
	Chip ID                        : 0

2026-09-06T01:55:24+08:00
	NPU ID                         : 6
	Chip Count                     : 1

	No process in device.
	Chip ID                        : 0

2026-09-06T01:55:29+08:00
	NPU ID                         : 6
	Chip Count                     : 1

	Process id:1770509 Process name:python            Process memory(MB):105
	Chip ID                        : 0

2026-09-06T01:55:35+08:00
	NPU ID                         : 6
	Chip Count                     : 1

	Process id:1770509 Process name:python            Process memory(MB):105
	Chip ID                        : 0

2026-09-06T01:55:40+08:00
	NPU ID                         : 6
	Chip Count                     : 1

	Process id:1770509 Process name:python            Process memory(MB):3855
	Chip ID                        : 0

2026-09-06T01:55:46+08:00
	NPU ID                         : 6
	Chip Count                     : 1

	Process id:1770509 Process name:python            Process memory(MB):3869
	Chip ID                        : 0

2026-09-06T01:55:51+08:00
	NPU ID                         : 6
	Chip Count                     : 1

	Process id:1770509 Process name:python            Process memory(MB):3987
	Chip ID                        : 0

2026-09-06T01:55:57+08:00
	NPU ID                         : 6
	Chip Count                     : 1

	Process id:1770509 Process name:python            Process memory(MB):6989
	Chip ID                        : 0

2026-09-06T01:56:02+08:00
	NPU ID                         : 6
	Chip Count                     : 1

	Process id:1770509 Process name:python            Process memory(MB):6989
	Chip ID                        : 0

2026-09-06T01:56:08+08:00
	NPU ID                         : 6
	Chip Count                     : 1

	Process id:1770509 Process name:python            Process memory(MB):6989
	Chip ID                        : 0

2026-09-06T01:56:13+08:00
	NPU ID                         : 6
	Chip Count                     : 1

	Process id:1770509 Process name:python            Process memory(MB):6989
	Chip ID                        : 0

2026-09-06T01:56:19+08:00
	NPU ID                         : 6
	Chip Count                     : 1

	Process id:1770509 Process name:python            Process memory(MB):6989
	Chip ID                        : 0

2026-09-06T01:56:24+08:00
	NPU ID                         : 6
	Chip Count                     : 1

	Process id:1770509 Process name:python            Process memory(MB):6989
	Chip ID                        : 0

2026-09-06T01:56:30+08:00
	NPU ID                         : 6
	Chip Count                     : 1

	Process id:1770509 Process name:python            Process memory(MB):6989
	Chip ID                        : 0

2026-09-06T01:56:36+08:00
	NPU ID                         : 6
	Chip Count                     : 1

	Process id:1770509 Process name:python            Process memory(MB):6989
	Chip ID                        : 0

2026-09-06T01:56:41+08:00
	NPU ID                         : 6
	Chip Count                     : 1

	Process id:1770509 Process name:python            Process memory(MB):7055
	Chip ID                        : 0

2026-09-06T01:56:47+08:00
	NPU ID                         : 6
	Chip Count                     : 1

	Process id:1770509 Process name:python            Process memory(MB):7055
	Chip ID                        : 0

2026-09-06T01:56:52+08:00
	NPU ID                         : 6
	Chip Count                     : 1

	Process id:1770509 Process name:python            Process memory(MB):7055
	Chip ID                        : 0

2026-09-06T01:56:58+08:00
	NPU ID                         : 6
	Chip Count                     : 1

	Process id:1770509 Process name:python            Process memory(MB):7055
	Chip ID                        : 0

2026-09-06T01:57:03+08:00
	NPU ID                         : 6
	Chip Count                     : 1

	Process id:1770509 Process name:python            Process memory(MB):7055
	Chip ID                        : 0

2026-09-06T01:57:09+08:00
	NPU ID                         : 6
	Chip Count                     : 1

	Process id:1770509 Process name:python            Process memory(MB):7055
	Chip ID                        : 0

2026-09-06T01:57:14+08:00
	NPU ID                         : 6
	Chip Count                     : 1

	Process id:1770509 Process name:python            Process memory(MB):7081
	Chip ID                        : 0

2026-09-06T01:57:20+08:00
	NPU ID                         : 6
	Chip Count                     : 1

	Process id:1770509 Process name:python            Process memory(MB):7081
	Chip ID                        : 0

2026-09-06T01:57:25+08:00
	NPU ID                         : 6
	Chip Count                     : 1

	Process id:1770509 Process name:python            Process memory(MB):7081
	Chip ID                        : 0

2026-09-06T01:57:31+08:00
	NPU ID                         : 6
	Chip Count                     : 1

	Process id:1770509 Process name:python            Process memory(MB):7081
	Chip ID                        : 0

2026-09-06T01:57:36+08:00
	NPU ID                         : 6
	Chip Count                     : 1

	Process id:1770509 Process name:python            Process memory(MB):7081
	Chip ID                        : 0

2026-09-06T01:57:42+08:00
	NPU ID                         : 6
	Chip Count                     : 1

	Process id:1770509 Process name:python            Process memory(MB):7081
	Chip ID                        : 0

2026-09-06T01:57:47+08:00
	NPU ID                         : 6
	Chip Count                     : 1

	Process id:1770509 Process name:python            Process memory(MB):7081
	Chip ID                        : 0

2026-09-06T01:57:53+08:00
	NPU ID                         : 6
	Chip Count                     : 1

	Process id:1770509 Process name:python            Process memory(MB):7081
	Chip ID                        : 0

2026-09-06T01:57:58+08:00
	NPU ID                         : 6
	Chip Count                     : 1

	Process id:1770509 Process name:python            Process memory(MB):7081
	Chip ID                        : 0

2026-09-06T01:58:04+08:00
	NPU ID                         : 6
	Chip Count                     : 1

	Process id:1770509 Process name:python            Process memory(MB):7081
	Chip ID                        : 0

2026-09-06T01:58:09+08:00
	NPU ID                         : 6
	Chip Count                     : 1

	Process id:1770509 Process name:python            Process memory(MB):7081
	Chip ID                        : 0

2026-09-06T01:58:15+08:00
	NPU ID                         : 6
	Chip Count                     : 1

	Process id:1770509 Process name:python            Process memory(MB):7081
	Chip ID                        : 0

2026-09-06T01:58:20+08:00
	NPU ID                         : 6
	Chip Count                     : 1

	Process id:1770509 Process name:python            Process memory(MB):7081
	Chip ID                        : 0

2026-09-06T01:58:26+08:00
	NPU ID                         : 6
	Chip Count                     : 1

	Process id:1770509 Process name:python            Process memory(MB):7081
	Chip ID                        : 0

2026-09-06T01:58:31+08:00
	NPU ID                         : 6
	Chip Count                     : 1

	Process id:1770509 Process name:python            Process memory(MB):7081
	Chip ID                        : 0

2026-09-06T01:58:37+08:00
	NPU ID                         : 6
	Chip Count                     : 1

	Process id:1770509 Process name:python            Process memory(MB):7081
	Chip ID                        : 0

2026-09-06T01:58:42+08:00
	NPU ID                         : 6
	Chip Count                     : 1

	Process id:1770509 Process name:python            Process memory(MB):7081
	Chip ID                        : 0

2026-09-06T01:58:48+08:00
	NPU ID                         : 6
	Chip Count                     : 1

	Process id:1770509 Process name:python            Process memory(MB):7081
	Chip ID                        : 0

2026-09-06T01:58:53+08:00
	NPU ID                         : 6
	Chip Count                     : 1

	Process id:1770509 Process name:python            Process memory(MB):7081
	Chip ID                        : 0

2026-09-06T01:58:59+08:00
	NPU ID                         : 6
	Chip Count                     : 1

	Process id:1770509 Process name:python            Process memory(MB):7081
	Chip ID                        : 0

2026-09-06T01:59:04+08:00
	NPU ID                         : 6
	Chip Count                     : 1

	Process id:1770509 Process name:python            Process memory(MB):7081
	Chip ID                        : 0

2026-09-06T01:59:10+08:00
	NPU ID                         : 6
	Chip Count                     : 1

	Process id:1770509 Process name:python            Process memory(MB):7081
	Chip ID                        : 0

2026-09-06T01:59:16+08:00
	NPU ID                         : 6
	Chip Count                     : 1

	Process id:1770509 Process name:python            Process memory(MB):7081
	Chip ID                        : 0

2026-09-06T01:59:21+08:00
	NPU ID                         : 6
	Chip Count                     : 1

	Process id:1770509 Process name:python            Process memory(MB):7081
	Chip ID                        : 0

2026-09-06T01:59:27+08:00
	NPU ID                         : 6
	Chip Count                     : 1

	Process id:1770509 Process name:python            Process memory(MB):7081
	Chip ID                        : 0

2026-09-06T01:59:32+08:00
	NPU ID                         : 6
	Chip Count                     : 1

	Process id:1770509 Process name:python            Process memory(MB):7081
	Chip ID                        : 0

2026-09-06T01:59:38+08:00
	NPU ID                         : 6
	Chip Count                     : 1

	Process id:1770509 Process name:python            Process memory(MB):7081
	Chip ID                        : 0

2026-09-06T01:59:43+08:00
	NPU ID                         : 6
	Chip Count                     : 1

	Process id:1770509 Process name:python            Process memory(MB):251
	Chip ID                        : 0

2026-09-06T01:59:49+08:00
	NPU ID                         : 6
	Chip Count                     : 1

	No process in device.
	Chip ID                        : 0

2026-09-06T01:59:54+08:00
	NPU ID                         : 6
	Chip Count                     : 1

	No process in device.
	Chip ID                        : 0

2026-09-06T02:00:00+08:00
	NPU ID                         : 6
	Chip Count                     : 1

	No process in device.
	Chip ID                        : 0

	NPU ID                         : 6
	Chip Count                     : 1

	No process in device.
	Chip ID                        : 0

