2026-09-06T17:46:42+08:00
	NPU ID                         : 6
	Chip Count                     : 1

	No process in device.
	Chip ID                        : 0

2026-09-06T17:46:45+08:00
	NPU ID                         : 6
	Chip Count                     : 1

	No process in device.
	Chip ID                        : 0

2026-09-06T17:46:47+08:00
	NPU ID                         : 6
	Chip Count                     : 1

	No process in device.
	Chip ID                        : 0

2026-09-06T17:46:50+08:00
	NPU ID                         : 6
	Chip Count                     : 1

	No process in device.
	Chip ID                        : 0

2026-09-06T17:46:52+08:00
	NPU ID                         : 6
	Chip Count                     : 1

	No process in device.
	Chip ID                        : 0

2026-09-06T17:46:55+08:00
	NPU ID                         : 6
	Chip Count                     : 1

	No process in device.
	Chip ID                        : 0

2026-09-06T17:46:57+08:00
	NPU ID                         : 6
	Chip Count                     : 1

	No process in device.
	Chip ID                        : 0

2026-09-06T17:47:00+08:00
	NPU ID                         : 6
	Chip Count                     : 1

	No process in device.
	Chip ID                        : 0

2026-09-06T17:47:02+08:00
	NPU ID                         : 6
	Chip Count                     : 1

	No process in device.
	Chip ID                        : 0

2026-09-06T17:47:05+08:00
	NPU ID                         : 6
	Chip Count                     : 1

	No process in device.
	Chip ID                        : 0

2026-09-06T17:47:07+08:00
	NPU ID                         : 6
	Chip Count                     : 1

	No process in device.
	Chip ID                        : 0

2026-09-06T17:47:10+08:00
	NPU ID                         : 6
	Chip Count                     : 1

	No process in device.
	Chip ID                        : 0

2026-09-06T17:47:12+08:00
	NPU ID                         : 6
	Chip Count                     : 1

	No process in device.
	Chip ID                        : 0

2026-09-06T17:47:15+08:00
	NPU ID                         : 6
	Chip Count                     : 1

	No process in device.
	Chip ID                        : 0

2026-09-06T17:47:17+08:00
	NPU ID                         : 6
	Chip Count                     : 1

	No process in device.
	Chip ID                        : 0

2026-09-06T17:47:20+08:00
	NPU ID                         : 6
	Chip Count                     : 1

	No process in device.
	Chip ID                        : 0

2026-09-06T17:47:22+08:00
	NPU ID                         : 6
	Chip Count                     : 1

	No process in device.
	Chip ID                        : 0

2026-09-06T17:47:25+08:00
	NPU ID                         : 6
	Chip Count                     : 1

	No process in device.
	Chip ID                        : 0

2026-09-06T17:47:27+08:00
	NPU ID                         : 6
	Chip Count                     : 1

	No process in device.
	Chip ID                        : 0

2026-09-06T17:47:30+08:00
	NPU ID                         : 6
	Chip Count                     : 1

	No process in device.
	Chip ID                        : 0

2026-09-06T17:47:32+08:00
	NPU ID                         : 6
	Chip Count                     : 1

	No process in device.
	Chip ID                        : 0

2026-09-06T17:47:35+08:00
	NPU ID                         : 6
	Chip Count                     : 1

	No process in device.
	Chip ID                        : 0

2026-09-06T17:47:37+08:00
	NPU ID                         : 6
	Chip Count                     : 1

	No process in device.
	Chip ID                        : 0

2026-09-06T17:47:40+08:00
	NPU ID                         : 6
	Chip Count                     : 1

	No process in device.
	Chip ID                        : 0

2026-09-06T17:47:42+08:00
	NPU ID                         : 6
	Chip Count                     : 1

	No process in device.
	Chip ID                        : 0

2026-09-06T17:47:45+08:00
	NPU ID                         : 6
	Chip Count                     : 1

	No process in device.
	Chip ID                        : 0

2026-09-06T17:47:47+08:00
	NPU ID                         : 6
	Chip Count                     : 1

	No process in device.
	Chip ID                        : 0

2026-09-06T17:47:50+08:00
	NPU ID                         : 6
	Chip Count                     : 1

	No process in device.
	Chip ID                        : 0

2026-09-06T17:47:52+08:00
	NPU ID                         : 6
	Chip Count                     : 1

	No process in device.
	Chip ID                        : 0

2026-09-06T17:47:55+08:00
	NPU ID                         : 6
	Chip Count                     : 1

	No process in device.
	Chip ID                        : 0

2026-09-06T17:47:58+08:00
	NPU ID                         : 6
	Chip Count                     : 1

	No process in device.
	Chip ID                        : 0

2026-09-06T17:48:00+08:00
	NPU ID                         : 6
	Chip Count                     : 1

	No process in device.
	Chip ID                        : 0

2026-09-06T17:48:03+08:00
	NPU ID                         : 6
	Chip Count                     : 1

	No process in device.
	Chip ID                        : 0

2026-09-06T17:48:05+08:00
	NPU ID                         : 6
	Chip Count                     : 1

	No process in device.
	Chip ID                        : 0

2026-09-06T17:48:08+08:00
	NPU ID                         : 6
	Chip Count                     : 1

	Process id:3228768 Process name:python            Process memory(MB):105
	Chip ID                        : 0

2026-09-06T17:48:10+08:00
	NPU ID                         : 6
	Chip Count                     : 1

	Process id:3228768 Process name:python            Process memory(MB):105
	Chip ID                        : 0

2026-09-06T17:48:13+08:00
	NPU ID                         : 6
	Chip Count                     : 1

	Process id:3228768 Process name:python            Process memory(MB):105
	Chip ID                        : 0

2026-09-06T17:48:15+08:00
	NPU ID                         : 6
	Chip Count                     : 1

	Process id:3228768 Process name:python            Process memory(MB):105
	Chip ID                        : 0

2026-09-06T17:48:18+08:00
	NPU ID                         : 6
	Chip Count                     : 1

	Process id:3228768 Process name:python            Process memory(MB):105
	Chip ID                        : 0

2026-09-06T17:48:20+08:00
	NPU ID                         : 6
	Chip Count                     : 1

	Process id:3228768 Process name:python            Process memory(MB):3855
	Chip ID                        : 0

2026-09-06T17:48:23+08:00
	NPU ID                         : 6
	Chip Count                     : 1

	Process id:3228768 Process name:python            Process memory(MB):3855
	Chip ID                        : 0

2026-09-06T17:48:25+08:00
	NPU ID                         : 6
	Chip Count                     : 1

	Process id:3228768 Process name:python            Process memory(MB):3855
	Chip ID                        : 0

2026-09-06T17:48:28+08:00
	NPU ID                         : 6
	Chip Count                     : 1

	Process id:3228768 Process name:python            Process memory(MB):3869
	Chip ID                        : 0

2026-09-06T17:48:30+08:00
	NPU ID                         : 6
	Chip Count                     : 1

	Process id:3228768 Process name:python            Process memory(MB):3881
	Chip ID                        : 0

2026-09-06T17:48:33+08:00
	NPU ID                         : 6
	Chip Count                     : 1

	Process id:3228768 Process name:python            Process memory(MB):4173
	Chip ID                        : 0

2026-09-06T17:48:35+08:00
	NPU ID                         : 6
	Chip Count                     : 1

	Process id:3228768 Process name:python            Process memory(MB):4363
	Chip ID                        : 0

2026-09-06T17:48:38+08:00
	NPU ID                         : 6
	Chip Count                     : 1

	Process id:3228768 Process name:python            Process memory(MB):7111
	Chip ID                        : 0

2026-09-06T17:48:40+08:00
	NPU ID                         : 6
	Chip Count                     : 1

	Process id:3228768 Process name:python            Process memory(MB):7111
	Chip ID                        : 0

2026-09-06T17:48:43+08:00
	NPU ID                         : 6
	Chip Count                     : 1

	Process id:3228768 Process name:python            Process memory(MB):7111
	Chip ID                        : 0

2026-09-06T17:48:45+08:00
	NPU ID                         : 6
	Chip Count                     : 1

	Process id:3228768 Process name:python            Process memory(MB):7111
	Chip ID                        : 0

2026-09-06T17:48:48+08:00
	NPU ID                         : 6
	Chip Count                     : 1

	Process id:3228768 Process name:python            Process memory(MB):7111
	Chip ID                        : 0

2026-09-06T17:48:50+08:00
	NPU ID                         : 6
	Chip Count                     : 1

	Process id:3228768 Process name:python            Process memory(MB):7143
	Chip ID                        : 0

2026-09-06T17:48:53+08:00
	NPU ID                         : 6
	Chip Count                     : 1

	Process id:3228768 Process name:python            Process memory(MB):7143
	Chip ID                        : 0

2026-09-06T17:48:55+08:00
	NPU ID                         : 6
	Chip Count                     : 1

	Process id:3228768 Process name:python            Process memory(MB):7143
	Chip ID                        : 0

2026-09-06T17:48:58+08:00
	NPU ID                         : 6
	Chip Count                     : 1

	Process id:3228768 Process name:python            Process memory(MB):7143
	Chip ID                        : 0

2026-09-06T17:49:00+08:00
	NPU ID                         : 6
	Chip Count                     : 1

	Process id:3228768 Process name:python            Process memory(MB):7143
	Chip ID                        : 0

2026-09-06T17:49:03+08:00
	NPU ID                         : 6
	Chip Count                     : 1

	Process id:3228768 Process name:python            Process memory(MB):7143
	Chip ID                        : 0

2026-09-06T17:49:05+08:00
	NPU ID                         : 6
	Chip Count                     : 1

	Process id:3228768 Process name:python            Process memory(MB):7143
	Chip ID                        : 0

2026-09-06T17:49:08+08:00
	NPU ID                         : 6
	Chip Count                     : 1

	Process id:3228768 Process name:python            Process memory(MB):7143
	Chip ID                        : 0

2026-09-06T17:49:10+08:00
	NPU ID                         : 6
	Chip Count                     : 1

	Process id:3228768 Process name:python            Process memory(MB):7143
	Chip ID                        : 0

2026-09-06T17:49:13+08:00
	NPU ID                         : 6
	Chip Count                     : 1

	Process id:3228768 Process name:python            Process memory(MB):7143
	Chip ID                        : 0

2026-09-06T17:49:15+08:00
	NPU ID                         : 6
	Chip Count                     : 1

	Process id:3228768 Process name:python            Process memory(MB):7143
	Chip ID                        : 0

2026-09-06T17:49:18+08:00
	NPU ID                         : 6
	Chip Count                     : 1

	Process id:3228768 Process name:python            Process memory(MB):7143
	Chip ID                        : 0

2026-09-06T17:49:20+08:00
	NPU ID                         : 6
	Chip Count                     : 1

	Process id:3228768 Process name:python            Process memory(MB):7143
	Chip ID                        : 0

2026-09-06T17:49:23+08:00
	NPU ID                         : 6
	Chip Count                     : 1

	Process id:3228768 Process name:python            Process memory(MB):7143
	Chip ID                        : 0

2026-09-06T17:49:25+08:00
	NPU ID                         : 6
	Chip Count                     : 1

	Process id:3228768 Process name:python            Process memory(MB):7143
	Chip ID                        : 0

2026-09-06T17:49:28+08:00
	NPU ID                         : 6
	Chip Count                     : 1

	Process id:3228768 Process name:python            Process memory(MB):7143
	Chip ID                        : 0

2026-09-06T17:49:30+08:00
	NPU ID                         : 6
	Chip Count                     : 1

	Process id:3228768 Process name:python            Process memory(MB):7143
	Chip ID                        : 0

2026-09-06T17:49:33+08:00
	NPU ID                         : 6
	Chip Count                     : 1

	Process id:3228768 Process name:python            Process memory(MB):7143
	Chip ID                        : 0

2026-09-06T17:49:36+08:00
	NPU ID                         : 6
	Chip Count                     : 1

	Process id:3228768 Process name:python            Process memory(MB):7143
	Chip ID                        : 0

2026-09-06T17:49:38+08:00
	NPU ID                         : 6
	Chip Count                     : 1

	Process id:3228768 Process name:python            Process memory(MB):7143
	Chip ID                        : 0

2026-09-06T17:49:41+08:00
	NPU ID                         : 6
	Chip Count                     : 1

	Process id:3228768 Process name:python            Process memory(MB):7143
	Chip ID                        : 0

2026-09-06T17:49:43+08:00
	NPU ID                         : 6
	Chip Count                     : 1

	Process id:3228768 Process name:python            Process memory(MB):7143
	Chip ID                        : 0

2026-09-06T17:49:46+08:00
	NPU ID                         : 6
	Chip Count                     : 1

	Process id:3228768 Process name:python            Process memory(MB):7143
	Chip ID                        : 0

2026-09-06T17:49:48+08:00
	NPU ID                         : 6
	Chip Count                     : 1

	Process id:3228768 Process name:python            Process memory(MB):7143
	Chip ID                        : 0

2026-09-06T17:49:51+08:00
	NPU ID                         : 6
	Chip Count                     : 1

	Process id:3228768 Process name:python            Process memory(MB):7143
	Chip ID                        : 0

2026-09-06T17:49:53+08:00
	NPU ID                         : 6
	Chip Count                     : 1

	Process id:3228768 Process name:python            Process memory(MB):7143
	Chip ID                        : 0

2026-09-06T17:49:56+08:00
	NPU ID                         : 6
	Chip Count                     : 1

	Process id:3228768 Process name:python            Process memory(MB):7143
	Chip ID                        : 0

2026-09-06T17:49:58+08:00
	NPU ID                         : 6
	Chip Count                     : 1

	Process id:3228768 Process name:python            Process memory(MB):7143
	Chip ID                        : 0

2026-09-06T17:50:01+08:00
	NPU ID                         : 6
	Chip Count                     : 1

	Process id:3228768 Process name:python            Process memory(MB):7143
	Chip ID                        : 0

2026-09-06T17:50:03+08:00
	NPU ID                         : 6
	Chip Count                     : 1

	Process id:3228768 Process name:python            Process memory(MB):7143
	Chip ID                        : 0

2026-09-06T17:50:06+08:00
	NPU ID                         : 6
	Chip Count                     : 1

	Process id:3228768 Process name:python            Process memory(MB):7143
	Chip ID                        : 0

2026-09-06T17:50:08+08:00
	NPU ID                         : 6
	Chip Count                     : 1

	Process id:3228768 Process name:python            Process memory(MB):7143
	Chip ID                        : 0

2026-09-06T17:50:11+08:00
	NPU ID                         : 6
	Chip Count                     : 1

	Process id:3228768 Process name:python            Process memory(MB):7143
	Chip ID                        : 0

2026-09-06T17:50:13+08:00
	NPU ID                         : 6
	Chip Count                     : 1

	Process id:3228768 Process name:python            Process memory(MB):7143
	Chip ID                        : 0

2026-09-06T17:50:16+08:00
	NPU ID                         : 6
	Chip Count                     : 1

	Process id:3228768 Process name:python            Process memory(MB):7143
	Chip ID                        : 0

2026-09-06T17:50:18+08:00
	NPU ID                         : 6
	Chip Count                     : 1

	Process id:3228768 Process name:python            Process memory(MB):7143
	Chip ID                        : 0

2026-09-06T17:50:21+08:00
	NPU ID                         : 6
	Chip Count                     : 1

	Process id:3228768 Process name:python            Process memory(MB):7143
	Chip ID                        : 0

2026-09-06T17:50:23+08:00
	NPU ID                         : 6
	Chip Count                     : 1

	Process id:3228768 Process name:python            Process memory(MB):7143
	Chip ID                        : 0

2026-09-06T17:50:26+08:00
	NPU ID                         : 6
	Chip Count                     : 1

	Process id:3228768 Process name:python            Process memory(MB):7143
	Chip ID                        : 0

2026-09-06T17:50:28+08:00
	NPU ID                         : 6
	Chip Count                     : 1

	Process id:3228768 Process name:python            Process memory(MB):7143
	Chip ID                        : 0

2026-09-06T17:50:31+08:00
	NPU ID                         : 6
	Chip Count                     : 1

	Process id:3228768 Process name:python            Process memory(MB):7143
	Chip ID                        : 0

2026-09-06T17:50:33+08:00
	NPU ID                         : 6
	Chip Count                     : 1

	Process id:3228768 Process name:python            Process memory(MB):7143
	Chip ID                        : 0

2026-09-06T17:50:36+08:00
	NPU ID                         : 6
	Chip Count                     : 1

	Process id:3228768 Process name:python            Process memory(MB):7143
	Chip ID                        : 0

2026-09-06T17:50:38+08:00
	NPU ID                         : 6
	Chip Count                     : 1

	Process id:3228768 Process name:python            Process memory(MB):7143
	Chip ID                        : 0

2026-09-06T17:50:41+08:00
	NPU ID                         : 6
	Chip Count                     : 1

	Process id:3228768 Process name:python            Process memory(MB):7143
	Chip ID                        : 0

2026-09-06T17:50:43+08:00
	NPU ID                         : 6
	Chip Count                     : 1

	Process id:3228768 Process name:python            Process memory(MB):7143
	Chip ID                        : 0

2026-09-06T17:50:46+08:00
	NPU ID                         : 6
	Chip Count                     : 1

	Process id:3228768 Process name:python            Process memory(MB):7143
	Chip ID                        : 0

2026-09-06T17:50:48+08:00
	NPU ID                         : 6
	Chip Count                     : 1

	Process id:3228768 Process name:python            Process memory(MB):7143
	Chip ID                        : 0

2026-09-06T17:50:51+08:00
	NPU ID                         : 6
	Chip Count                     : 1

	Process id:3228768 Process name:python            Process memory(MB):7143
	Chip ID                        : 0

2026-09-06T17:50:53+08:00
	NPU ID                         : 6
	Chip Count                     : 1

	Process id:3228768 Process name:python            Process memory(MB):7143
	Chip ID                        : 0

2026-09-06T17:50:56+08:00
	NPU ID                         : 6
	Chip Count                     : 1

	Process id:3228768 Process name:python            Process memory(MB):7143
	Chip ID                        : 0

2026-09-06T17:50:58+08:00
	NPU ID                         : 6
	Chip Count                     : 1

	Process id:3228768 Process name:python            Process memory(MB):7143
	Chip ID                        : 0

2026-09-06T17:51:01+08:00
	NPU ID                         : 6
	Chip Count                     : 1

	Process id:3228768 Process name:python            Process memory(MB):7143
	Chip ID                        : 0

2026-09-06T17:51:03+08:00
	NPU ID                         : 6
	Chip Count                     : 1

	Process id:3228768 Process name:python            Process memory(MB):7143
	Chip ID                        : 0

2026-09-06T17:51:06+08:00
	NPU ID                         : 6
	Chip Count                     : 1

	Process id:3228768 Process name:python            Process memory(MB):7143
	Chip ID                        : 0

2026-09-06T17:51:08+08:00
	NPU ID                         : 6
	Chip Count                     : 1

	Process id:3228768 Process name:python            Process memory(MB):7143
	Chip ID                        : 0

2026-09-06T17:51:11+08:00
	NPU ID                         : 6
	Chip Count                     : 1

	Process id:3228768 Process name:python            Process memory(MB):7143
	Chip ID                        : 0

2026-09-06T17:51:14+08:00
	NPU ID                         : 6
	Chip Count                     : 1

	Process id:3228768 Process name:python            Process memory(MB):7143
	Chip ID                        : 0

2026-09-06T17:51:16+08:00
	NPU ID                         : 6
	Chip Count                     : 1

	Process id:3228768 Process name:python            Process memory(MB):7143
	Chip ID                        : 0

2026-09-06T17:51:19+08:00
	NPU ID                         : 6
	Chip Count                     : 1

	Process id:3228768 Process name:python            Process memory(MB):7143
	Chip ID                        : 0

2026-09-06T17:51:21+08:00
	NPU ID                         : 6
	Chip Count                     : 1

	Process id:3228768 Process name:python            Process memory(MB):7143
	Chip ID                        : 0

2026-09-06T17:51:24+08:00
	NPU ID                         : 6
	Chip Count                     : 1

	Process id:3228768 Process name:python            Process memory(MB):7143
	Chip ID                        : 0

2026-09-06T17:51:26+08:00
	NPU ID                         : 6
	Chip Count                     : 1

	Process id:3228768 Process name:python            Process memory(MB):7143
	Chip ID                        : 0

2026-09-06T17:51:29+08:00
	NPU ID                         : 6
	Chip Count                     : 1

	Process id:3228768 Process name:python            Process memory(MB):7143
	Chip ID                        : 0

2026-09-06T17:51:31+08:00
	NPU ID                         : 6
	Chip Count                     : 1

	Process id:3228768 Process name:python            Process memory(MB):7143
	Chip ID                        : 0

2026-09-06T17:51:34+08:00
	NPU ID                         : 6
	Chip Count                     : 1

	Process id:3228768 Process name:python            Process memory(MB):7143
	Chip ID                        : 0

2026-09-06T17:51:36+08:00
	NPU ID                         : 6
	Chip Count                     : 1

	Process id:3228768 Process name:python            Process memory(MB):7143
	Chip ID                        : 0

2026-09-06T17:51:39+08:00
	NPU ID                         : 6
	Chip Count                     : 1

	Process id:3228768 Process name:python            Process memory(MB):7143
	Chip ID                        : 0

2026-09-06T17:51:41+08:00
	NPU ID                         : 6
	Chip Count                     : 1

	Process id:3228768 Process name:python            Process memory(MB):7143
	Chip ID                        : 0

2026-09-06T17:51:44+08:00
	NPU ID                         : 6
	Chip Count                     : 1

	Process id:3228768 Process name:python            Process memory(MB):7143
	Chip ID                        : 0

2026-09-06T17:51:46+08:00
	NPU ID                         : 6
	Chip Count                     : 1

	Process id:3228768 Process name:python            Process memory(MB):7143
	Chip ID                        : 0

2026-09-06T17:51:49+08:00
	NPU ID                         : 6
	Chip Count                     : 1

	Process id:3228768 Process name:python            Process memory(MB):7143
	Chip ID                        : 0

2026-09-06T17:51:51+08:00
	NPU ID                         : 6
	Chip Count                     : 1

	Process id:3228768 Process name:python            Process memory(MB):7143
	Chip ID                        : 0

2026-09-06T17:51:54+08:00
	NPU ID                         : 6
	Chip Count                     : 1

	Process id:3228768 Process name:python            Process memory(MB):7143
	Chip ID                        : 0

2026-09-06T17:51:56+08:00
	NPU ID                         : 6
	Chip Count                     : 1

	Process id:3228768 Process name:python            Process memory(MB):7143
	Chip ID                        : 0

2026-09-06T17:51:59+08:00
	NPU ID                         : 6
	Chip Count                     : 1

	Process id:3228768 Process name:python            Process memory(MB):7143
	Chip ID                        : 0

2026-09-06T17:52:01+08:00
	NPU ID                         : 6
	Chip Count                     : 1

	Process id:3228768 Process name:python            Process memory(MB):7143
	Chip ID                        : 0

2026-09-06T17:52:04+08:00
	NPU ID                         : 6
	Chip Count                     : 1

	Process id:3228768 Process name:python            Process memory(MB):7143
	Chip ID                        : 0

2026-09-06T17:52:06+08:00
	NPU ID                         : 6
	Chip Count                     : 1

	Process id:3228768 Process name:python            Process memory(MB):7143
	Chip ID                        : 0

2026-09-06T17:52:09+08:00
	NPU ID                         : 6
	Chip Count                     : 1

	Process id:3228768 Process name:python            Process memory(MB):7143
	Chip ID                        : 0

2026-09-06T17:52:11+08:00
	NPU ID                         : 6
	Chip Count                     : 1

	Process id:3228768 Process name:python            Process memory(MB):7143
	Chip ID                        : 0

2026-09-06T17:52:14+08:00
	NPU ID                         : 6
	Chip Count                     : 1

	Process id:3228768 Process name:python            Process memory(MB):7143
	Chip ID                        : 0

2026-09-06T17:52:16+08:00
	NPU ID                         : 6
	Chip Count                     : 1

	Process id:3228768 Process name:python            Process memory(MB):7143
	Chip ID                        : 0

2026-09-06T17:52:19+08:00
	NPU ID                         : 6
	Chip Count                     : 1

	Process id:3228768 Process name:python            Process memory(MB):7143
	Chip ID                        : 0

2026-09-06T17:52:21+08:00
	NPU ID                         : 6
	Chip Count                     : 1

	Process id:3228768 Process name:python            Process memory(MB):7143
	Chip ID                        : 0

2026-09-06T17:52:24+08:00
	NPU ID                         : 6
	Chip Count                     : 1

	Process id:3228768 Process name:python            Process memory(MB):7143
	Chip ID                        : 0

2026-09-06T17:52:26+08:00
	NPU ID                         : 6
	Chip Count                     : 1

	Process id:3228768 Process name:python            Process memory(MB):7143
	Chip ID                        : 0

2026-09-06T17:52:29+08:00
	NPU ID                         : 6
	Chip Count                     : 1

	Process id:3228768 Process name:python            Process memory(MB):7143
	Chip ID                        : 0

2026-09-06T17:52:31+08:00
	NPU ID                         : 6
	Chip Count                     : 1

	Process id:3228768 Process name:python            Process memory(MB):7143
	Chip ID                        : 0

2026-09-06T17:52:34+08:00
	NPU ID                         : 6
	Chip Count                     : 1

	Process id:3228768 Process name:python            Process memory(MB):7143
	Chip ID                        : 0

2026-09-06T17:52:36+08:00
	NPU ID                         : 6
	Chip Count                     : 1

	Process id:3228768 Process name:python            Process memory(MB):7143
	Chip ID                        : 0

2026-09-06T17:52:39+08:00
	NPU ID                         : 6
	Chip Count                     : 1

	Process id:3228768 Process name:python            Process memory(MB):7143
	Chip ID                        : 0

2026-09-06T17:52:41+08:00
	NPU ID                         : 6
	Chip Count                     : 1

	Process id:3228768 Process name:python            Process memory(MB):7143
	Chip ID                        : 0

2026-09-06T17:52:44+08:00
	NPU ID                         : 6
	Chip Count                     : 1

	Process id:3228768 Process name:python            Process memory(MB):7143
	Chip ID                        : 0

2026-09-06T17:52:46+08:00
	NPU ID                         : 6
	Chip Count                     : 1

	Process id:3228768 Process name:python            Process memory(MB):7143
	Chip ID                        : 0

2026-09-06T17:52:49+08:00
	NPU ID                         : 6
	Chip Count                     : 1

	Process id:3228768 Process name:python            Process memory(MB):7143
	Chip ID                        : 0

2026-09-06T17:52:52+08:00
	NPU ID                         : 6
	Chip Count                     : 1

	Process id:3228768 Process name:python            Process memory(MB):7143
	Chip ID                        : 0

2026-09-06T17:52:54+08:00
	NPU ID                         : 6
	Chip Count                     : 1

	Process id:3228768 Process name:python            Process memory(MB):7143
	Chip ID                        : 0

2026-09-06T17:52:57+08:00
	NPU ID                         : 6
	Chip Count                     : 1

	Process id:3228768 Process name:python            Process memory(MB):7143
	Chip ID                        : 0

2026-09-06T17:52:59+08:00
	NPU ID                         : 6
	Chip Count                     : 1

	Process id:3228768 Process name:python            Process memory(MB):7143
	Chip ID                        : 0

2026-09-06T17:53:02+08:00
	NPU ID                         : 6
	Chip Count                     : 1

	Process id:3228768 Process name:python            Process memory(MB):7143
	Chip ID                        : 0

2026-09-06T17:53:04+08:00
	NPU ID                         : 6
	Chip Count                     : 1

	Process id:3228768 Process name:python            Process memory(MB):7143
	Chip ID                        : 0

2026-09-06T17:53:07+08:00
	NPU ID                         : 6
	Chip Count                     : 1

	Process id:3228768 Process name:python            Process memory(MB):7143
	Chip ID                        : 0

2026-09-06T17:53:09+08:00
	NPU ID                         : 6
	Chip Count                     : 1

	Process id:3228768 Process name:python            Process memory(MB):7143
	Chip ID                        : 0

2026-09-06T17:53:12+08:00
	NPU ID                         : 6
	Chip Count                     : 1

	Process id:3228768 Process name:python            Process memory(MB):7143
	Chip ID                        : 0

2026-09-06T17:53:14+08:00
	NPU ID                         : 6
	Chip Count                     : 1

	Process id:3228768 Process name:python            Process memory(MB):7143
	Chip ID                        : 0

2026-09-06T17:53:17+08:00
	NPU ID                         : 6
	Chip Count                     : 1

	Process id:3228768 Process name:python            Process memory(MB):7143
	Chip ID                        : 0

2026-09-06T17:53:19+08:00
	NPU ID                         : 6
	Chip Count                     : 1

	Process id:3228768 Process name:python            Process memory(MB):7143
	Chip ID                        : 0

2026-09-06T17:53:22+08:00
	NPU ID                         : 6
	Chip Count                     : 1

	Process id:3228768 Process name:python            Process memory(MB):7143
	Chip ID                        : 0

2026-09-06T17:53:24+08:00
	NPU ID                         : 6
	Chip Count                     : 1

	Process id:3228768 Process name:python            Process memory(MB):7143
	Chip ID                        : 0

2026-09-06T17:53:27+08:00
	NPU ID                         : 6
	Chip Count                     : 1

	Process id:3228768 Process name:python            Process memory(MB):7143
	Chip ID                        : 0

2026-09-06T17:53:29+08:00
	NPU ID                         : 6
	Chip Count                     : 1

	Process id:3228768 Process name:python            Process memory(MB):7143
	Chip ID                        : 0

2026-09-06T17:53:32+08:00
	NPU ID                         : 6
	Chip Count                     : 1

	Process id:3228768 Process name:python            Process memory(MB):7143
	Chip ID                        : 0

2026-09-06T17:53:34+08:00
	NPU ID                         : 6
	Chip Count                     : 1

	Process id:3228768 Process name:python            Process memory(MB):7143
	Chip ID                        : 0

2026-09-06T17:53:37+08:00
	NPU ID                         : 6
	Chip Count                     : 1

	Process id:3228768 Process name:python            Process memory(MB):7143
	Chip ID                        : 0

2026-09-06T17:53:39+08:00
	NPU ID                         : 6
	Chip Count                     : 1

	Process id:3228768 Process name:python            Process memory(MB):7143
	Chip ID                        : 0

2026-09-06T17:53:42+08:00
	NPU ID                         : 6
	Chip Count                     : 1

	Process id:3228768 Process name:python            Process memory(MB):7143
	Chip ID                        : 0

2026-09-06T17:53:44+08:00
	NPU ID                         : 6
	Chip Count                     : 1

	Process id:3228768 Process name:python            Process memory(MB):7143
	Chip ID                        : 0

2026-09-06T17:53:47+08:00
	NPU ID                         : 6
	Chip Count                     : 1

	Process id:3228768 Process name:python            Process memory(MB):7143
	Chip ID                        : 0

2026-09-06T17:53:49+08:00
	NPU ID                         : 6
	Chip Count                     : 1

	Process id:3228768 Process name:python            Process memory(MB):7143
	Chip ID                        : 0

2026-09-06T17:53:52+08:00
	NPU ID                         : 6
	Chip Count                     : 1

	Process id:3228768 Process name:python            Process memory(MB):7143
	Chip ID                        : 0

2026-09-06T17:53:54+08:00
	NPU ID                         : 6
	Chip Count                     : 1

	Process id:3228768 Process name:python            Process memory(MB):7143
	Chip ID                        : 0

2026-09-06T17:53:57+08:00
	NPU ID                         : 6
	Chip Count                     : 1

	Process id:3228768 Process name:python            Process memory(MB):7143
	Chip ID                        : 0

2026-09-06T17:53:59+08:00
	NPU ID                         : 6
	Chip Count                     : 1

	Process id:3228768 Process name:python            Process memory(MB):7143
	Chip ID                        : 0

2026-09-06T17:54:02+08:00
	NPU ID                         : 6
	Chip Count                     : 1

	Process id:3228768 Process name:python            Process memory(MB):7143
	Chip ID                        : 0

2026-09-06T17:54:04+08:00
	NPU ID                         : 6
	Chip Count                     : 1

	Process id:3228768 Process name:python            Process memory(MB):7143
	Chip ID                        : 0

2026-09-06T17:54:07+08:00
	NPU ID                         : 6
	Chip Count                     : 1

	Process id:3228768 Process name:python            Process memory(MB):7143
	Chip ID                        : 0

2026-09-06T17:54:09+08:00
	NPU ID                         : 6
	Chip Count                     : 1

	Process id:3228768 Process name:python            Process memory(MB):7143
	Chip ID                        : 0

2026-09-06T17:54:12+08:00
	NPU ID                         : 6
	Chip Count                     : 1

	Process id:3228768 Process name:python            Process memory(MB):7143
	Chip ID                        : 0

2026-09-06T17:54:14+08:00
	NPU ID                         : 6
	Chip Count                     : 1

	No process in device.
	Chip ID                        : 0

2026-09-06T17:54:17+08:00
	NPU ID                         : 6
	Chip Count                     : 1

	No process in device.
	Chip ID                        : 0

2026-09-06T17:54:19+08:00
	NPU ID                         : 6
	Chip Count                     : 1

	No process in device.
	Chip ID                        : 0

2026-09-06T17:54:22+08:00
	NPU ID                         : 6
	Chip Count                     : 1

	No process in device.
	Chip ID                        : 0

2026-09-06T17:54:24+08:00
	NPU ID                         : 6
	Chip Count                     : 1

	No process in device.
	Chip ID                        : 0

2026-09-06T17:54:27+08:00
	NPU ID                         : 6
	Chip Count                     : 1

	No process in device.
	Chip ID                        : 0

2026-09-06T17:54:29+08:00
	NPU ID                         : 6
	Chip Count                     : 1

	No process in device.
	Chip ID                        : 0

2026-09-06T17:54:32+08:00
	NPU ID                         : 6
	Chip Count                     : 1

	No process in device.
	Chip ID                        : 0

