OCR API ready worker_pid=None; preparing table crops in RAM
Frozen ALL cohort: 665 tables (121 LaTeX, 544 non-LaTeX)
Scheduled 100 Poisson arrivals at 8 QPS; request limit=100; last scheduled arrival at 12.639s; HTTP endpoint=http://127.0.0.1:18081/v1/chat/completions
Writing each completion to tmp/09_persistent_page_engine/table_vllm_poisson_sweep100_budgets_qps1to8_324dd85a_20260908/budget4096/qps8/measured/results.jsonl
[   0.020s] SEND #00001 table=page_001375_table_1 lag=   1.6ms active=1
[   0.254s] SEND #00002 table=page_000256_table_box_id_1 lag=   0.8ms active=2
[   0.434s] SEND #00003 table=page_000918_table_6 lag=   0.6ms active=3
[   0.472s] SEND #00004 table=page_001130_table_1 lag=   1.7ms active=4
[   0.557s] SEND #00005 table=page_000758_table_21 lag=   1.0ms active=5
[   0.631s] SEND #00006 table=page_001202_table_3 lag=   0.2ms active=6
[   0.762s] SEND #00007 table=page_000636_table_5 lag=   0.3ms active=7
[   0.957s] SEND #00008 table=page_000254_table_box_id_4 lag=   0.9ms active=8
[   0.969s] SEND #00009 table=page_000178_table_box_id_1 lag=   0.6ms active=9
[   0.973s] SEND #00010 table=page_000220_table_box_id_7 lag=   1.1ms active=10
[   1.199s] SEND #00011 table=page_000505_table_1 lag=   1.3ms active=11
[   1.270s] SEND #00012 table=page_000418_table_3 lag=   0.6ms active=12
[   1.450s] SEND #00013 table=page_000266_table_box_id_7 lag=   1.2ms active=13
[   1.450s] SEND #00014 table=page_001375_table_4 lag=   1.6ms active=14
[   1.510s] RECV #00005 table=page_000758_table_21 request= 0.953s scheduled= 0.954s status=ok active=13
[   1.525s] SEND #00015 table=page_001158_table_3 lag=   1.9ms active=14
[   1.684s] SEND #00016 table=page_000930_table_7 lag=   1.2ms active=15
[   1.716s] SEND #00017 table=page_001198_table_8 lag=   1.0ms active=16
[   2.079s] SEND #00018 table=page_000434_table_15 lag=   1.2ms active=17
[   2.220s] RECV #00004 table=page_001130_table_1 request= 1.748s scheduled= 1.750s status=ok active=16
[   2.342s] RECV #00003 table=page_000918_table_6 request= 1.908s scheduled= 1.909s status=ok active=15
[   2.368s] SEND #00019 table=page_000534_table_4 lag=   0.3ms active=16
[   2.372s] SEND #00020 table=page_001161_table_3 lag=   0.4ms active=17
[   2.376s] SEND #00021 table=page_000566_table_3 lag=   1.1ms active=18
[   2.402s] RECV #00002 table=page_000256_table_box_id_1 request= 2.148s scheduled= 2.149s status=ok active=17
[   2.443s] RECV #00007 table=page_000636_table_5 request= 1.680s scheduled= 1.681s status=ok active=16
[   2.473s] SEND #00022 table=page_001200_table_2 lag=   1.1ms active=17
[   2.824s] SEND #00023 table=page_000246_table_box_id_6 lag=   1.8ms active=18
[   2.883s] SEND #00024 table=page_001193_table_4 lag=   0.8ms active=19
[   2.914s] SEND #00025 table=page_001270_table_box_id_1 lag=   1.2ms active=20
[   2.983s] SEND #00026 table=page_000592_table_3 lag=   1.6ms active=21
[   2.985s] SEND #00027 table=page_000494_table_7 lag=   0.4ms active=22
[   3.017s] SEND #00028 table=page_000535_table_1 lag=   0.9ms active=23
[   3.090s] SEND #00029 table=page_001186_table_5 lag=   1.8ms active=24
[   3.106s] RECV #00016 table=page_000930_table_7 request= 1.422s scheduled= 1.424s status=ok active=23
[   3.175s] SEND #00030 table=page_001375_table_31 lag=   0.7ms active=24
[   3.207s] SEND #00031 table=page_000218_table_box_id_4 lag=   0.3ms active=25
[   3.240s] SEND #00032 table=page_001368_table_box_id_278 lag=   0.3ms active=26
[   3.271s] SEND #00033 table=page_001180_table_15 lag=   0.4ms active=27
[   3.348s] SEND #00034 table=page_000266_table_box_id_9 lag=   0.3ms active=28
[   3.391s] SEND #00035 table=page_000762_table_5 lag=   0.3ms active=29
[   3.393s] SEND #00036 table=page_000499_table_0 lag=   0.3ms active=30
[   3.540s] RECV #00013 table=page_000266_table_box_id_7 request= 2.090s scheduled= 2.091s status=ok active=29
[   3.621s] SEND #00037 table=page_000642_table_8 lag=   0.8ms active=30
[   3.723s] SEND #00038 table=page_000659_table_5 lag=   1.1ms active=31
[   3.851s] SEND #00039 table=page_001128_table_2 lag=   0.5ms active=32
[   3.877s] SEND #00040 table=page_001176_table_4 lag=   0.8ms active=33
[   4.273s] RECV #00023 table=page_000246_table_box_id_6 request= 1.449s scheduled= 1.451s status=ok active=32
[   4.490s] SEND #00041 table=page_001154_table_10 lag=   1.1ms active=33
[   4.735s] SEND #00042 table=page_000467_table_17 lag=   0.8ms active=34
[   4.751s] SEND #00043 table=page_000647_table_3 lag=   0.8ms active=35
[   4.802s] SEND #00044 table=page_001493_table_box_id_13 lag=   1.0ms active=36
[   4.962s] SEND #00045 table=page_000605_table_3 lag=   1.2ms active=37
[   4.967s] RECV #00015 table=page_001158_table_3 request= 3.443s scheduled= 3.445s status=ok active=36
[   5.117s] SEND #00046 table=page_001117_table_box_id_17 lag=   1.2ms active=37
[   5.461s] SEND #00047 table=page_000509_table_0 lag=   1.1ms active=38
[   5.531s] SEND #00048 table=page_000565_table_1 lag=   1.7ms active=39
[   5.561s] RECV #00018 table=page_000434_table_15 request= 3.482s scheduled= 3.483s status=ok active=38
[   5.752s] SEND #00049 table=page_000841_table_22 lag=   1.2ms active=39
[   5.890s] SEND #00050 table=page_000922_table_12 lag=   0.7ms active=40
[   5.935s] SEND #00051 table=page_001169_table_11 lag=   0.7ms active=41
[   6.026s] RECV #00017 table=page_001198_table_8 request= 4.310s scheduled= 4.311s status=ok active=40
[   6.046s] SEND #00052 table=page_000287_table_box_id_8 lag=   0.9ms active=41
[   6.315s] SEND #00053 table=page_000246_table_box_id_6 lag=   2.5ms active=42
[   6.512s] RECV #00019 table=page_000534_table_4 request= 4.144s scheduled= 4.145s status=ok active=41
[   6.547s] SEND #00054 table=page_000737_table_6 lag=   0.3ms active=42
[   6.636s] SEND #00055 table=page_000250_table_box-stnne6dt lag=   1.2ms active=43
[   6.747s] SEND #00056 table=page_000647_table_6 lag=   1.1ms active=44
[   6.751s] SEND #00057 table=page_000652_table_2 lag=   0.5ms active=45
[   6.786s] SEND #00058 table=page_001367_table_70 lag=   0.6ms active=46
[   6.803s] RECV #00024 table=page_001193_table_4 request= 3.920s scheduled= 3.921s status=ok active=45
[   6.927s] RECV #00012 table=page_000418_table_3 request= 5.658s scheduled= 5.658s status=ok active=44
[   6.985s] SEND #00059 table=page_001368_table_box_id_163 lag=   0.6ms active=45
[   7.052s] SEND #00060 table=page_000468_table_1 lag=   0.4ms active=46
[   7.076s] SEND #00061 table=page_000838_table_4 lag=   0.5ms active=47
[   7.175s] SEND #00062 table=page_000665_table_3 lag=   0.8ms active=48
[   7.260s] RECV #00010 table=page_000220_table_box_id_7 request= 6.287s scheduled= 6.288s status=ok active=47
[   7.327s] SEND #00063 table=page_001595_table_box_id_14 lag=   0.5ms active=48
[   7.431s] RECV #00030 table=page_001375_table_31 request= 4.256s scheduled= 4.257s status=ok active=47
[   7.468s] SEND #00064 table=page_000818_table_1 lag=   1.6ms active=48
[   7.526s] SEND #00065 table=page_000937_table_0 lag=   0.7ms active=49
[   7.599s] SEND #00066 table=page_000222_table_box_id_1 lag=   1.5ms active=50
[   7.637s] RECV #00008 table=page_000254_table_box_id_4 request= 6.680s scheduled= 6.680s status=ok active=49
[   7.687s] SEND #00067 table=page_000744_table_11 lag=   0.3ms active=50
[   7.821s] RECV #00029 table=page_001186_table_5 request= 4.731s scheduled= 4.733s status=ok active=49
[   7.876s] SEND #00068 table=page_000284_table_box_id_0 lag=   1.1ms active=50
[   7.968s] SEND #00069 table=page_000266_table_box_id_1 lag=   1.3ms active=51
[   8.030s] SEND #00070 table=page_001368_table_box_id_271 lag=   0.4ms active=52
[   8.095s] RECV #00032 table=page_001368_table_box_id_278 request= 4.855s scheduled= 4.855s status=ok active=51
[   8.115s] SEND #00071 table=page_000467_table_17 lag=   1.4ms active=52
[   8.118s] SEND #00072 table=page_000737_table_0 lag=   0.7ms active=53
[   8.123s] SEND #00073 table=page_000526_table_7 lag=   0.2ms active=54
[   8.275s] SEND #00074 table=page_001011_table_30 lag=   0.5ms active=55
[   8.541s] RECV #00021 table=page_000566_table_3 request= 6.165s scheduled= 6.166s status=ok active=54
[   8.775s] RECV #00027 table=page_000494_table_7 request= 5.789s scheduled= 5.790s status=ok active=53
[   8.786s] SEND #00075 table=page_000246_table_box_id_11 lag=   1.1ms active=54
[   8.885s] RECV #00035 table=page_000762_table_5 request= 5.495s scheduled= 5.495s status=ok active=53
[   8.900s] SEND #00076 table=page_000676_table_2 lag=   2.1ms active=54
[   8.961s] SEND #00077 table=page_001368_table_box_id_268 lag=   1.2ms active=55
[   8.984s] SEND #00078 table=page_000190_table_box_id_0 lag=   0.7ms active=56
[   9.071s] SEND #00079 table=page_001368_table_box_id_227 lag=   0.6ms active=57
[   9.099s] RECV #00038 table=page_000659_table_5 request= 5.376s scheduled= 5.377s status=ok active=56
[   9.528s] RECV #00020 table=page_001161_table_3 request= 7.156s scheduled= 7.156s status=ok active=55
[   9.574s] SEND #00080 table=page_001134_table_9 lag=   0.4ms active=56
[   9.687s] RECV #00034 table=page_000266_table_box_id_9 request= 6.339s scheduled= 6.340s status=ok active=55
[   9.758s] SEND #00081 table=page_000591_table_3 lag=   0.5ms active=56
[   9.853s] RECV #00006 table=page_001202_table_3 request= 9.222s scheduled= 9.222s status=ok active=55
[   9.855s] SEND #00082 table=page_000210_table_box_id_4 lag=   0.9ms active=56
[  10.101s] RECV #00033 table=page_001180_table_15 request= 6.830s scheduled= 6.831s status=ok active=55
[  10.102s] SEND #00083 table=page_000649_table_8 lag=   1.2ms active=56
[  10.135s] SEND #00084 table=page_000289_table_box_id_4 lag=   1.2ms active=57
[  10.224s] SEND #00085 table=page_001190_table_8 lag=   0.5ms active=58
[  10.347s] RECV #00043 table=page_000647_table_3 request= 5.596s scheduled= 5.597s status=ok active=57
[  10.463s] RECV #00028 table=page_000535_table_1 request= 7.446s scheduled= 7.447s status=ok active=56
[  10.605s] SEND #00086 table=page_000211_table_box_id_3 lag=   0.5ms active=57
[  10.702s] RECV #00045 table=page_000605_table_3 request= 5.741s scheduled= 5.742s status=ok active=56
[  10.713s] SEND #00087 table=page_001182_table_3 lag=   0.7ms active=57
[  10.790s] SEND #00088 table=page_000242_table_box-mhg591pb lag=   1.0ms active=58
[  10.829s] SEND #00089 table=page_001274_table_4 lag=   0.9ms active=59
[  10.928s] SEND #00090 table=page_001177_table_2 lag=   0.4ms active=60
[  10.954s] RECV #00011 table=page_000505_table_1 request= 9.755s scheduled= 9.756s status=ok active=59
[  11.322s] SEND #00091 table=page_001202_table_3 lag=   1.2ms active=60
[  11.323s] SEND #00092 table=page_001158_table_3 lag=   1.0ms active=61
[  11.410s] RECV #00046 table=page_001117_table_box_id_17 request= 6.293s scheduled= 6.294s status=ok active=60
[  11.515s] SEND #00093 table=page_000641_table_8 lag=   1.5ms active=61
[  11.703s] RECV #00009 table=page_000178_table_box_id_1 request=10.734s scheduled=10.735s status=ok active=60
[  11.728s] SEND #00094 table=page_000657_table_6 lag=   0.5ms active=61
[  11.959s] RECV #00001 table=page_001375_table_1 request=11.940s scheduled=11.941s status=ok active=60
[  12.000s] SEND #00095 table=page_000626_table_box_id_4 lag=   0.8ms active=61
[  12.169s] SEND #00096 table=page_000829_table_4 lag=   0.8ms active=62
[  12.194s] RECV #00049 table=page_000841_table_22 request= 6.442s scheduled= 6.444s status=ok active=61
[  12.376s] SEND #00097 table=page_000468_table_11 lag=   0.6ms active=62
[  12.467s] SEND #00098 table=page_000434_table_16 lag=   0.6ms active=63
[  12.571s] SEND #00099 table=page_001175_table_2 lag=   1.0ms active=64
[  12.597s] RECV #00036 table=page_000499_table_0 request= 9.203s scheduled= 9.204s status=ok active=63
[  12.640s] SEND #00100 table=page_001230_table_box_id_1 lag=   1.0ms active=64
[  13.238s] RECV #00044 table=page_001493_table_box_id_13 request= 8.436s scheduled= 8.437s status=ok active=63
[  13.409s] RECV #00031 table=page_000218_table_box_id_4 request=10.202s scheduled=10.202s status=ok active=62
[  13.555s] RECV #00051 table=page_001169_table_11 request= 7.620s scheduled= 7.621s status=ok active=61
[  13.834s] RECV #00041 table=page_001154_table_10 request= 9.345s scheduled= 9.346s status=ok active=60
[  14.241s] RECV #00053 table=page_000246_table_box_id_6 request= 7.926s scheduled= 7.929s status=ok active=59
[  14.338s] RECV #00056 table=page_000647_table_6 request= 7.591s scheduled= 7.592s status=ok active=58
[  14.800s] RECV #00048 table=page_000565_table_1 request= 9.269s scheduled= 9.271s status=ok active=57
[  14.979s] RECV #00050 table=page_000922_table_12 request= 9.090s scheduled= 9.090s status=ok active=56
[  15.092s] RECV #00054 table=page_000737_table_6 request= 8.545s scheduled= 8.545s status=ok active=55
[  15.241s] RECV #00059 table=page_001368_table_box_id_163 request= 8.256s scheduled= 8.257s status=ok active=54
[  15.439s] RECV #00062 table=page_000665_table_3 request= 8.263s scheduled= 8.264s status=ok active=53
[  15.705s] RECV #00061 table=page_000838_table_4 request= 8.630s scheduled= 8.630s status=ok active=52
[  15.811s] RECV #00022 table=page_001200_table_2 request=13.338s scheduled=13.339s status=ok active=51
[  16.291s] RECV #00060 table=page_000468_table_1 request= 9.239s scheduled= 9.240s status=ok active=50
[  16.426s] RECV #00025 table=page_001270_table_box_id_1 request=13.512s scheduled=13.514s status=ok active=49
[  16.672s] RECV #00064 table=page_000818_table_1 request= 9.204s scheduled= 9.206s status=ok active=48
[  17.033s] RECV #00039 table=page_001128_table_2 request=13.182s scheduled=13.183s status=ok active=47
[  17.284s] RECV #00067 table=page_000744_table_11 request= 9.597s scheduled= 9.597s status=ok active=46
[  17.675s] RECV #00058 table=page_001367_table_70 request=10.890s scheduled=10.890s status=ok active=45
[  17.840s] RECV #00057 table=page_000652_table_2 request=11.089s scheduled=11.090s status=ok active=44
[  17.996s] RECV #00026 table=page_000592_table_3 request=15.013s scheduled=15.015s status=ok active=43
[  18.217s] RECV #00065 table=page_000937_table_0 request=10.691s scheduled=10.691s status=ok active=42
[  18.375s] RECV #00037 table=page_000642_table_8 request=14.754s scheduled=14.755s status=ok active=41
[  18.845s] RECV #00040 table=page_001176_table_4 request=14.968s scheduled=14.969s status=ok active=40
[  18.939s] RECV #00070 table=page_001368_table_box_id_271 request=10.909s scheduled=10.910s status=ok active=39
[  19.110s] RECV #00014 table=page_001375_table_4 request=17.660s scheduled=17.662s status=ok active=38
[  19.238s] RECV #00077 table=page_001368_table_box_id_268 request=10.276s scheduled=10.278s status=ok active=37
[  19.446s] RECV #00069 table=page_000266_table_box_id_1 request=11.478s scheduled=11.479s status=ok active=36
[  19.655s] RECV #00066 table=page_000222_table_box_id_1 request=12.056s scheduled=12.058s status=ok active=35
[  19.975s] RECV #00073 table=page_000526_table_7 request=11.852s scheduled=11.852s status=ok active=34
[  20.302s] RECV #00075 table=page_000246_table_box_id_11 request=11.515s scheduled=11.516s status=ok active=33
[  20.410s] RECV #00063 table=page_001595_table_box_id_14 request=13.083s scheduled=13.084s status=ok active=32
[  20.559s] RECV #00047 table=page_000509_table_0 request=15.097s scheduled=15.099s status=ok active=31
[  20.706s] RECV #00078 table=page_000190_table_box_id_0 request=11.722s scheduled=11.723s status=ok active=30
[  20.905s] RECV #00042 table=page_000467_table_17 request=16.170s scheduled=16.171s status=ok active=29
[  21.693s] RECV #00082 table=page_000210_table_box_id_4 request=11.838s scheduled=11.839s status=ok active=28
[  22.029s] RECV #00072 table=page_000737_table_0 request=13.911s scheduled=13.912s status=ok active=27
[  22.318s] RECV #00083 table=page_000649_table_8 request=12.217s scheduled=12.218s status=ok active=26
[  22.553s] RECV #00081 table=page_000591_table_3 request=12.795s scheduled=12.795s status=ok active=25
[  23.859s] RECV #00079 table=page_001368_table_box_id_227 request=14.787s scheduled=14.788s status=ok active=24
[  24.692s] RECV #00087 table=page_001182_table_3 request=13.979s scheduled=13.980s status=ok active=23
[  24.902s] RECV #00086 table=page_000211_table_box_id_3 request=14.297s scheduled=14.298s status=ok active=22
[  25.036s] RECV #00055 table=page_000250_table_box-stnne6dt request=18.400s scheduled=18.401s status=ok active=21
[  25.134s] RECV #00088 table=page_000242_table_box-mhg591pb request=14.344s scheduled=14.345s status=ok active=20
[  25.281s] RECV #00094 table=page_000657_table_6 request=13.553s scheduled=13.553s status=ok active=19
[  25.999s] RECV #00074 table=page_001011_table_30 request=17.724s scheduled=17.725s status=ok active=18
[  26.146s] RECV #00093 table=page_000641_table_8 request=14.631s scheduled=14.633s status=ok active=17
[  26.398s] RECV #00096 table=page_000829_table_4 request=14.229s scheduled=14.230s status=ok active=16
[  26.505s] RECV #00097 table=page_000468_table_11 request=14.129s scheduled=14.130s status=ok active=15
[  26.572s] RECV #00085 table=page_001190_table_8 request=16.348s scheduled=16.349s status=ok active=14
[  26.781s] RECV #00090 table=page_001177_table_2 request=15.853s scheduled=15.853s status=ok active=13
[  26.820s] RECV #00092 table=page_001158_table_3 request=15.498s scheduled=15.499s status=ok active=12
[  27.400s] RECV #00098 table=page_000434_table_16 request=14.933s scheduled=14.934s status=ok active=11
[  27.421s] RECV #00076 table=page_000676_table_2 request=18.521s scheduled=18.523s status=ok active=10
[  27.479s] RECV #00080 table=page_001134_table_9 request=17.906s scheduled=17.906s status=ok active=9
[  27.536s] RECV #00071 table=page_000467_table_17 request=19.421s scheduled=19.423s status=ok active=8
[  28.652s] RECV #00100 table=page_001230_table_box_id_1 request=16.012s scheduled=16.013s status=ok active=7
[  29.201s] RECV #00091 table=page_001202_table_3 request=17.879s scheduled=17.880s status=ok active=6
[  30.245s] RECV #00099 table=page_001175_table_2 request=17.675s scheduled=17.676s status=ok active=5
[  33.780s] RECV #00052 table=page_000287_table_box_id_8 request=27.734s scheduled=27.735s status=ok active=4
[  34.365s] RECV #00068 table=page_000284_table_box_id_0 request=26.489s scheduled=26.491s status=ok active=3
[  38.792s] RECV #00095 table=page_000626_table_box_id_4 request=26.792s scheduled=26.793s status=ok active=2
[  44.276s] RECV #00089 table=page_001274_table_4 request=33.447s scheduled=33.448s status=ok active=1
[  46.144s] RECV #00084 table=page_000289_table_box_id_4 request=36.009s scheduled=36.010s status=ok active=0
DONE completed=100 failed=0 max_active=64 p50=10.484s p95=19.776s max=36.010s
Summary: tmp/09_persistent_page_engine/table_vllm_poisson_sweep100_budgets_qps1to8_324dd85a_20260908/budget4096/qps8/measured/summary.json
