/workspace/repos/paddle_ocr_vl_npu/09_persistent_page_engine/paddleocr_vl/model/vision_prefill.py:845: UserWarning: Cannot create tensor with interal format while allow_internel_format=False, tensor will be created with base format. (Triggered internally at ../torch_npu/csrc/aten/common/TensorFactories.cpp:340.)
  image_pids = torch.arange(int(real_seq_len), device=device, dtype=torch.int64) % int(h * w)
[2026-07-29 16:16:32] [INFO] [670152] profiler.py: Start parsing profiling data in sync mode at: /workspace/repos/paddle_ocr_vl_npu/.runtime_cache/09_persistent_page_engine_vision_matmul_profiles/rope_joint_manual_profile_e12cfe8/liteserver-c001-4_669582_20260729161631177_ascend_pt
|/-\[2026-07-29 16:16:35] [INFO] [670178] profiler.py: CANN profiling data parsed in a total time of 0:00:03.028936
|[2026-07-29 16:16:36] [INFO] [670152] profiler.py: All profiling data parsed in a total time of 0:00:04.541057
{
  "summary": "/workspace/repos/paddle_ocr_vl_npu/tmp/09_persistent_page_engine/vision_matmul_lab/rope_joint_manual_profile_e12cfe8/result/run_summary.json",
  "status": "completed",
  "shape": {
    "batch_size": 1,
    "sequence_length": 2048,
    "physical_tokens_per_call": 2048,
    "hidden_size": 1152,
    "source_intermediate_size": 4304,
    "candidate_intermediate_size": 4352,
    "layers": 27,
    "linear_calls_per_layer": 6,
    "linear_calls_per_full_stack": 162
  },
  "weight_format": {
    "requested": "native",
    "target_format": "unchanged",
    "target_format_code": null,
    "linear_weight_count": 162,
    "before_format_histogram": {
      "2": 162
    },
    "converted_count": 0,
    "status": "ready",
    "failures": [],
    "after_format_histogram": {
      "2": 162
    },
    "all_after_are_nz": false,
    "runtime_gate": {
      "torch_npu_allow_internal_format_enabled_before_npu_allocation": false,
      "mm_bmm_format_nd": true,
      "manual_cast_after_model_load": false
    }
  },
  "device_median_ms": 24.314641571044923,
  "physical_tokens_per_s": 84229.08452160198,
  "linear_tflop_per_s": 72.43392923025154,
  "dispatch": {
    "counts": {
      "MatMulV3": 162,
      "MatMulV2": 324
    },
    "duration_us": {
      "MatMulV3": 12753.759999999997,
      "MatMulV2": 10138.079999999996
    }
  }
}
