[start] 2026-08-04T15:08:33
[stage 01 +0.740s total=0.740s]	loading runner and model
memory after_load: alloc=1.11GiB reserved=1.79GiB max_alloc=1.69GiB max_reserved=1.79GiB free=58.81GiB/60.96GiB
[stage 02 +2.066s total=2.806s]	building benchmark input ids
[stage 03 +0.043s total=2.849s]	running prefill benchmark
[stage 04 +0.000s total=2.849s]	warming up prefill: runs=1
[stage 05 +0.223s total=3.072s]	timing prefill: repeats=1
prefill: mean=0.055112s min=0.055112s max=0.055112s tok/s=1161.27
memory after_prefill_benchmark: alloc=1.11GiB reserved=1.81GiB max_alloc=1.69GiB max_reserved=1.81GiB free=58.78GiB/60.96GiB
[stage 06 +0.057s total=3.129s]	running decode benchmark
[stage 07 +0.000s total=3.129s]	checking compiled/eager decode parity: steps=64
[stage 08 +41.381s total=44.510s]	warming up decode: runs=1 steps=64
[stage 09 +0.345s total=44.855s]	timing decode: repeats=2 steps=64
decode: mean=0.267684s min=0.267455s max=0.267912s tok/s=239.09
decode: compile_first_call=37.590054s
dynamo counters:
  stats: calls_captured=2747, unique_graphs=1
memory after_decode_benchmark: alloc=1.13GiB reserved=1.86GiB max_alloc=1.69GiB max_reserved=1.86GiB free=58.72GiB/60.96GiB
[stage 10 +0.686s total=45.541s]	wrote json output to ../tmp/10_qwen3_8b_inference/static_compile_kv128_40d2115/benchmark_0p6b.json
[stage 11 +0.000s total=45.541s]	benchmark complete
