[start] 2026-08-04T15:10:14
[stage 01 +0.809s total=0.809s]	loading runner and model
memory after_load: alloc=15.26GiB reserved=16.91GiB max_alloc=16.42GiB max_reserved=16.91GiB free=43.69GiB/60.96GiB
[stage 02 +5.004s total=5.813s]	building benchmark input ids
[stage 03 +0.044s total=5.857s]	running prefill benchmark
[stage 04 +0.000s total=5.857s]	warming up prefill: runs=1
[stage 05 +0.245s total=6.102s]	timing prefill: repeats=1
prefill: mean=0.073889s min=0.073889s max=0.073889s tok/s=866.17
memory after_prefill_benchmark: alloc=15.26GiB reserved=16.94GiB max_alloc=16.42GiB max_reserved=16.94GiB free=43.66GiB/60.96GiB
[stage 06 +0.076s total=6.177s]	running decode benchmark
[stage 07 +0.000s total=6.177s]	checking compiled/eager decode parity: steps=64
...[stage 08 +84.046s total=90.224s]	warming up decode: runs=1 steps=64
[stage 09 +1.047s total=91.271s]	timing decode: repeats=2 steps=64
decode: mean=0.973065s min=0.972899s max=0.973231s tok/s=65.77
decode: compile_first_call=79.351896s
dynamo counters:
  stats: calls_captured=3523, unique_graphs=1
memory after_decode_benchmark: alloc=15.27GiB reserved=17.00GiB max_alloc=16.42GiB max_reserved=17.00GiB free=43.58GiB/60.96GiB
[stage 10 +2.101s total=93.372s]	wrote json output to ../tmp/10_qwen3_8b_inference/static_compile_kv128_40d2115/benchmark_8b.json
[stage 11 +0.000s total=93.372s]	benchmark complete
