bucket-small API ready worker_pid=2456152; preloading 100 distinct crops for 100 requests
bucket-small crops preloaded 50/100
bucket-small crops preloaded 100/100
bucket-small payloads ready bytes=34840674
SEND bucket-small 01/100 table=page_000287_table_box_id_8 active=1
SEND bucket-small 02/100 table=page_001367_table_51 active=2
SEND bucket-small 03/100 table=page_000236_table_box_id_1 active=3
RECV bucket-small 03/100 rank=324 id=page_000236_table_box_id_1 latency=0.5436s status=ok active=2
SEND bucket-small 04/100 table=page_000634_table_11 active=3
RECV bucket-small 02/100 rank=65 id=page_001367_table_51 latency=0.9197s status=ok active=2
SEND bucket-small 05/100 table=page_000272_table_box_id_1 active=3
RECV bucket-small 04/100 rank=225 id=page_000634_table_11 latency=0.7961s status=ok active=2
SEND bucket-small 06/100 table=page_001172_table_16 active=3
RECV bucket-small 06/100 rank=337 id=page_001172_table_16 latency=0.3870s status=ok active=2
SEND bucket-small 07/100 table=page_001137_table_2 active=3
RECV bucket-small 07/100 rank=151 id=page_001137_table_2 latency=0.8119s status=ok active=2
SEND bucket-small 08/100 table=page_001150_table_box_id_9 active=3
RECV bucket-small 08/100 rank=255 id=page_001150_table_box_id_9 latency=0.5030s status=ok active=2
SEND bucket-small 09/100 table=page_000920_table_8 active=3
RECV bucket-small 01/100 rank=24 id=page_000287_table_box_id_8 latency=3.3659s status=ok active=2
SEND bucket-small 10/100 table=page_000524_table_0 active=3
RECV bucket-small 09/100 rank=368 id=page_000920_table_8 latency=0.5655s status=ok active=2
SEND bucket-small 11/100 table=page_000256_table_box_id_8 active=3
RECV bucket-small 11/100 rank=336 id=page_000256_table_box_id_8 latency=0.3900s status=ok active=2
SEND bucket-small 12/100 table=page_001166_table_9 active=3
RECV bucket-small 12/100 rank=436 id=page_001166_table_9 latency=0.2738s status=ok active=2
SEND bucket-small 13/100 table=page_000211_table_box_id_3 active=3
RECV bucket-small 10/100 rank=140 id=page_000524_table_0 latency=1.3304s status=ok active=2
SEND bucket-small 14/100 table=page_000933_table_10 active=3
RECV bucket-small 14/100 rank=504 id=page_000933_table_10 latency=0.1999s status=ok active=2
SEND bucket-small 15/100 table=page_001129_table_8 active=3
RECV bucket-small 13/100 rank=201 id=page_000211_table_box_id_3 latency=0.9287s status=ok active=2
SEND bucket-small 16/100 table=page_001375_table_7 active=3
RECV bucket-small 16/100 rank=458 id=page_001375_table_7 latency=0.2421s status=ok active=2
SEND bucket-small 17/100 table=page_000106_table_box_id_2 active=3
RECV bucket-small 17/100 rank=208 id=page_000106_table_box_id_2 latency=0.6248s status=ok active=2
SEND bucket-small 18/100 table=page_001134_table_10 active=3
RECV bucket-small 15/100 rank=107 id=page_001129_table_8 latency=1.4177s status=ok active=2
SEND bucket-small 19/100 table=page_000642_table_8 active=3
RECV bucket-small 05/100 rank=09 id=page_000272_table_box_id_1 latency=5.9055s status=ok active=2
SEND bucket-small 20/100 table=page_000564_table_7 active=3
RECV bucket-small 20/100 rank=334 id=page_000564_table_7 latency=0.3978s status=ok active=2
SEND bucket-small 21/100 table=page_001368_table_box_id_242 active=3
RECV bucket-small 18/100 rank=134 id=page_001134_table_10 latency=1.2980s status=ok active=2
SEND bucket-small 22/100 table=page_000263_table_box_id_7 active=3
RECV bucket-small 21/100 rank=497 id=page_001368_table_box_id_242 latency=0.3832s status=ok active=2
SEND bucket-small 23/100 table=page_000746_table_18 active=3
RECV bucket-small 19/100 rank=128 id=page_000642_table_8 latency=1.5883s status=ok active=2
SEND bucket-small 24/100 table=page_000213_table_box_id_5 active=3
RECV bucket-small 24/100 rank=215 id=page_000213_table_box_id_5 latency=0.5871s status=ok active=2
SEND bucket-small 25/100 table=page_000206_table_box_id_1 active=3
RECV bucket-small 23/100 rank=161 id=page_000746_table_18 latency=1.0393s status=ok active=2
SEND bucket-small 26/100 table=page_000209_table_box_id_1 active=3
RECV bucket-small 26/100 rank=432 id=page_000209_table_box_id_1 latency=0.2829s status=ok active=2
SEND bucket-small 27/100 table=page_001216_table_2 active=3
RECV bucket-small 25/100 rank=309 id=page_000206_table_box_id_1 latency=0.6536s status=ok active=2
SEND bucket-small 28/100 table=page_000188_table_box_id_6 active=3
RECV bucket-small 28/100 rank=240 id=page_000188_table_box_id_6 latency=0.5679s status=ok active=2
SEND bucket-small 29/100 table=page_000921_table_9 active=3
RECV bucket-small 29/100 rank=460 id=page_000921_table_9 latency=0.2467s status=ok active=2
SEND bucket-small 30/100 table=page_000533_table_8 active=3
RECV bucket-small 30/100 rank=399 id=page_000533_table_8 latency=0.3306s status=ok active=2
SEND bucket-small 31/100 table=page_001123_table_14 active=3
RECV bucket-small 27/100 rank=186 id=page_001216_table_2 latency=1.3598s status=ok active=2
SEND bucket-small 32/100 table=page_001503_table_5 active=3
RECV bucket-small 32/100 rank=526 id=page_001503_table_5 latency=0.1981s status=ok active=2
SEND bucket-small 33/100 table=page_001197_table_5 active=3
RECV bucket-small 31/100 rank=413 id=page_001123_table_14 latency=0.4681s status=ok active=2
SEND bucket-small 34/100 table=page_000542_table_0 active=3
RECV bucket-small 22/100 rank=31 id=page_000263_table_box_id_7 latency=3.8357s status=ok active=2
SEND bucket-small 35/100 table=page_001130_table_1 active=3
RECV bucket-small 35/100 rank=572 id=page_001130_table_1 latency=0.1394s status=ok active=2
SEND bucket-small 36/100 table=page_001595_table_box_id_9 active=3
RECV bucket-small 36/100 rank=561 id=page_001595_table_box_id_9 latency=0.1415s status=ok active=2
SEND bucket-small 37/100 table=page_001233_table_6 active=3
RECV bucket-small 34/100 rank=219 id=page_000542_table_0 latency=0.7311s status=ok active=2
SEND bucket-small 38/100 table=page_000585_table_1 active=3
RECV bucket-small 33/100 rank=118 id=page_001197_table_5 latency=1.5266s status=ok active=2
SEND bucket-small 39/100 table=page_000821_table_box_id_26 active=3
RECV bucket-small 39/100 rank=617 id=page_000821_table_box_id_26 latency=0.0972s status=ok active=2
SEND bucket-small 40/100 table=page_000566_table_3 active=3
RECV bucket-small 37/100 rank=241 id=page_001233_table_6 latency=0.9363s status=ok active=2
SEND bucket-small 41/100 table=page_000534_table_4 active=3
RECV bucket-small 38/100 rank=159 id=page_000585_table_1 latency=1.2588s status=ok active=2
SEND bucket-small 42/100 table=page_001141_table_13 active=3
RECV bucket-small 41/100 rank=221 id=page_000534_table_4 latency=0.6564s status=ok active=2
SEND bucket-small 43/100 table=page_000665_table_3 active=3
RECV bucket-small 43/100 rank=662 id=page_000665_table_3 latency=0.0484s status=ok active=2
SEND bucket-small 44/100 table=page_001417_table_2 active=3
RECV bucket-small 40/100 rank=167 id=page_000566_table_3 latency=1.1067s status=ok active=2
SEND bucket-small 45/100 table=page_001117_table_box_id_7 active=3
RECV bucket-small 44/100 rank=587 id=page_001417_table_2 latency=0.1859s status=ok active=2
SEND bucket-small 46/100 table=page_001270_table_box_id_1 active=3
RECV bucket-small 42/100 rank=280 id=page_001141_table_13 latency=0.7649s status=ok active=2
SEND bucket-small 47/100 table=page_000261_table_box_id_3 active=3
RECV bucket-small 45/100 rank=483 id=page_001117_table_box_id_7 latency=0.6525s status=ok active=2
SEND bucket-small 48/100 table=page_000505_table_1 active=3
RECV bucket-small 48/100 rank=121 id=page_000505_table_1 latency=0.9655s status=ok active=2
SEND bucket-small 49/100 table=page_000682_table_15 active=3
RECV bucket-small 46/100 rank=95 id=page_001270_table_box_id_1 latency=1.7241s status=ok active=2
SEND bucket-small 50/100 table=page_000275_table_box_id_1 active=3
RECV bucket-small 49/100 rank=507 id=page_000682_table_15 latency=0.2020s status=ok active=2
SEND bucket-small 51/100 table=page_000789_table_34 active=3
RECV bucket-small 51/100 rank=639 id=page_000789_table_34 latency=0.2593s status=ok active=2
SEND bucket-small 52/100 table=page_001177_table_2 active=3
RECV bucket-small 47/100 rank=54 id=page_000261_table_box_id_3 latency=2.2635s status=ok active=2
SEND bucket-small 53/100 table=page_001398_table_box-13qv1ztw active=3
RECV bucket-small 52/100 rank=229 id=page_001177_table_2 latency=0.5978s status=ok active=2
SEND bucket-small 54/100 table=page_001183_table_11 active=3
RECV bucket-small 53/100 rank=511 id=page_001398_table_box-13qv1ztw latency=0.3137s status=ok active=2
SEND bucket-small 55/100 table=page_000507_table_0 active=3
RECV bucket-small 54/100 rank=395 id=page_001183_table_11 latency=0.4582s status=ok active=2
SEND bucket-small 56/100 table=page_000710_table_9 active=3
RECV bucket-small 55/100 rank=396 id=page_000507_table_0 latency=0.4482s status=ok active=2
SEND bucket-small 57/100 table=page_000657_table_6 active=3
RECV bucket-small 56/100 rank=514 id=page_000710_table_9 latency=0.2296s status=ok active=2
SEND bucket-small 58/100 table=page_001368_table_box_id_227 active=3
RECV bucket-small 57/100 rank=659 id=page_000657_table_6 latency=0.0505s status=ok active=2
SEND bucket-small 59/100 table=page_001176_table_4 active=3
RECV bucket-small 58/100 rank=264 id=page_001368_table_box_id_227 latency=0.6351s status=ok active=2
SEND bucket-small 60/100 table=page_001181_table_6 active=3
RECV bucket-small 59/100 rank=122 id=page_001176_table_4 latency=1.2000s status=ok active=2
SEND bucket-small 61/100 table=page_000937_table_0 active=3
RECV bucket-small 61/100 rank=350 id=page_000937_table_0 latency=0.3899s status=ok active=2
SEND bucket-small 62/100 table=page_001368_table_box_id_237 active=3
RECV bucket-small 62/100 rank=468 id=page_001368_table_box_id_237 latency=0.2201s status=ok active=2
SEND bucket-small 63/100 table=page_000217_table_box_id_0 active=3
RECV bucket-small 63/100 rank=391 id=page_000217_table_box_id_0 latency=0.3456s status=ok active=2
SEND bucket-small 64/100 table=page_001159_table_5 active=3
RECV bucket-small 60/100 rank=72 id=page_001181_table_6 latency=1.9042s status=ok active=2
SEND bucket-small 65/100 table=page_000626_table_box_id_1 active=3
RECV bucket-small 64/100 rank=224 id=page_001159_table_5 latency=0.7262s status=ok active=2
SEND bucket-small 66/100 table=page_000984_table_2 active=3
RECV bucket-small 66/100 rank=625 id=page_000984_table_2 latency=0.0902s status=ok active=2
SEND bucket-small 67/100 table=page_001082_table_34 active=3
RECV bucket-small 67/100 rank=171 id=page_001082_table_34 latency=0.7486s status=ok active=2
SEND bucket-small 68/100 table=page_000467_table_17 active=3
RECV bucket-small 50/100 rank=12 id=page_000275_table_box_id_1 latency=5.7352s status=ok active=2
SEND bucket-small 69/100 table=page_000866_table_14 active=3
RECV bucket-small 69/100 rank=419 id=page_000866_table_14 latency=0.2979s status=ok active=2
SEND bucket-small 70/100 table=page_001227_table_10 active=3
RECV bucket-small 65/100 rank=44 id=page_000626_table_box_id_1 latency=2.3894s status=ok active=2
SEND bucket-small 71/100 table=page_000916_table_7 active=3
RECV bucket-small 68/100 rank=120 id=page_000467_table_17 latency=1.4633s status=ok active=2
SEND bucket-small 72/100 table=page_000251_table_box_id_7 active=3
RECV bucket-small 71/100 rank=265 id=page_000916_table_7 latency=0.6797s status=ok active=2
SEND bucket-small 73/100 table=page_001131_table_15 active=3
RECV bucket-small 73/100 rank=469 id=page_001131_table_15 latency=0.2287s status=ok active=2
SEND bucket-small 74/100 table=page_001183_table_12 active=3
RECV bucket-small 72/100 rank=184 id=page_000251_table_box_id_7 latency=0.8698s status=ok active=2
SEND bucket-small 75/100 table=page_000266_table_box_id_7 active=3
RECV bucket-small 75/100 rank=509 id=page_000266_table_box_id_7 latency=0.1931s status=ok active=2
SEND bucket-small 76/100 table=page_000447_table_12 active=3
RECV bucket-small 74/100 rank=285 id=page_001183_table_12 latency=0.5989s status=ok active=2
SEND bucket-small 77/100 table=page_001193_table_4 active=3
RECV bucket-small 70/100 rank=75 id=page_001227_table_10 latency=2.1611s status=ok active=2
SEND bucket-small 78/100 table=page_001368_table_box_id_239 active=3
RECV bucket-small 76/100 rank=371 id=page_000447_table_12 latency=0.5107s status=ok active=2
SEND bucket-small 79/100 table=page_000903_table_15 active=3
RECV bucket-small 78/100 rank=512 id=page_001368_table_box_id_239 latency=0.2770s status=ok active=2
SEND bucket-small 80/100 table=page_001167_table_2 active=3
RECV bucket-small 79/100 rank=522 id=page_000903_table_15 latency=0.2576s status=ok active=2
SEND bucket-small 81/100 table=page_000212_table_box_id_1 active=3
RECV bucket-small 77/100 rank=342 id=page_001193_table_4 latency=0.8254s status=ok active=2
SEND bucket-small 82/100 table=page_001147_table_10 active=3
RECV bucket-small 80/100 rank=422 id=page_001167_table_2 latency=0.6486s status=ok active=2
SEND bucket-small 83/100 table=page_000223_table_box_id_2 active=3
RECV bucket-small 81/100 rank=113 id=page_000212_table_box_id_1 latency=1.3402s status=ok active=2
SEND bucket-small 84/100 table=page_000716_table_0 active=3
RECV bucket-small 84/100 rank=588 id=page_000716_table_0 latency=0.1228s status=ok active=2
SEND bucket-small 85/100 table=page_000937_table_1 active=3
RECV bucket-small 85/100 rank=415 id=page_000937_table_1 latency=0.3147s status=ok active=2
SEND bucket-small 86/100 table=page_000465_table_10 active=3
RECV bucket-small 83/100 rank=114 id=page_000223_table_box_id_2 latency=1.3318s status=ok active=2
SEND bucket-small 87/100 table=page_000465_table_8 active=3
RECV bucket-small 82/100 rank=90 id=page_001147_table_10 latency=1.7735s status=ok active=2
SEND bucket-small 88/100 table=page_001179_table_6 active=3
RECV bucket-small 86/100 rank=339 id=page_000465_table_10 latency=0.6744s status=ok active=2
SEND bucket-small 89/100 table=page_000554_table_12 active=3
RECV bucket-small 87/100 rank=331 id=page_000465_table_8 latency=0.6294s status=ok active=2
SEND bucket-small 90/100 table=page_000199_table_box_id_0 active=3
RECV bucket-small 89/100 rank=538 id=page_000554_table_12 latency=0.3861s status=ok active=2
SEND bucket-small 91/100 table=page_000516_table_0 active=3
RECV bucket-small 91/100 rank=125 id=page_000516_table_0 latency=0.9564s status=ok active=2
SEND bucket-small 92/100 table=page_001214_table_8 active=3
RECV bucket-small 90/100 rank=80 id=page_000199_table_box_id_0 latency=1.5410s status=ok active=2
SEND bucket-small 93/100 table=page_001368_table_box_id_161 active=3
RECV bucket-small 88/100 rank=61 id=page_001179_table_6 latency=2.1415s status=ok active=2
SEND bucket-small 94/100 table=page_000577_table_3 active=3
RECV bucket-small 92/100 rank=359 id=page_001214_table_8 latency=0.6224s status=ok active=2
SEND bucket-small 95/100 table=page_000984_table_3 active=3
RECV bucket-small 94/100 rank=382 id=page_000577_table_3 latency=0.5222s status=ok active=2
SEND bucket-small 96/100 table=page_001187_table_0 active=3
RECV bucket-small 93/100 rank=332 id=page_001368_table_box_id_161 latency=0.9458s status=ok active=2
SEND bucket-small 97/100 table=page_000821_table_box_id_14 active=3
RECV bucket-small 97/100 rank=585 id=page_000821_table_box_id_14 latency=0.1257s status=ok active=2
SEND bucket-small 98/100 table=page_000833_table_4 active=3
RECV bucket-small 95/100 rank=238 id=page_000984_table_3 latency=1.0655s status=ok active=2
SEND bucket-small 99/100 table=page_001375_table_31 active=3
RECV bucket-small 98/100 rank=352 id=page_000833_table_4 latency=0.4312s status=ok active=2
SEND bucket-small 100/100 table=page_000645_table_7 active=3
RECV bucket-small 99/100 rank=631 id=page_001375_table_31 latency=0.1282s status=ok active=2
RECV bucket-small 100/100 rank=533 id=page_000645_table_7 latency=0.1612s status=ok active=1
RECV bucket-small 96/100 rank=28 id=page_001187_table_0 latency=2.5346s status=ok active=0
DONE bucket-small requests=100 failures=0 max_in_flight=3 wall=30.8289s qps=3.2437 p50=0.6236s p95=2.3966s max=5.9055s
