bucket-control API ready worker_pid=2455009; preloading 100 distinct crops for 100 requests
bucket-control crops preloaded 50/100
bucket-control crops preloaded 100/100
bucket-control payloads ready bytes=34840674
SEND bucket-control 01/100 table=page_000287_table_box_id_8 active=1
SEND bucket-control 02/100 table=page_001367_table_51 active=2
SEND bucket-control 03/100 table=page_000236_table_box_id_1 active=3
RECV bucket-control 03/100 rank=324 id=page_000236_table_box_id_1 latency=0.5805s status=ok active=2
SEND bucket-control 04/100 table=page_000634_table_11 active=3
RECV bucket-control 02/100 rank=65 id=page_001367_table_51 latency=0.9840s status=ok active=2
SEND bucket-control 05/100 table=page_000272_table_box_id_1 active=3
RECV bucket-control 04/100 rank=225 id=page_000634_table_11 latency=0.8360s status=ok active=2
SEND bucket-control 06/100 table=page_001172_table_16 active=3
RECV bucket-control 06/100 rank=337 id=page_001172_table_16 latency=0.4286s status=ok active=2
SEND bucket-control 07/100 table=page_001137_table_2 active=3
RECV bucket-control 07/100 rank=151 id=page_001137_table_2 latency=0.8918s status=ok active=2
SEND bucket-control 08/100 table=page_001150_table_box_id_9 active=3
RECV bucket-control 08/100 rank=255 id=page_001150_table_box_id_9 latency=0.5451s status=ok active=2
SEND bucket-control 09/100 table=page_000920_table_8 active=3
RECV bucket-control 01/100 rank=24 id=page_000287_table_box_id_8 latency=3.6186s status=ok active=2
SEND bucket-control 10/100 table=page_000524_table_0 active=3
RECV bucket-control 09/100 rank=368 id=page_000920_table_8 latency=0.5849s status=ok active=2
SEND bucket-control 11/100 table=page_000256_table_box_id_8 active=3
RECV bucket-control 11/100 rank=336 id=page_000256_table_box_id_8 latency=0.4297s status=ok active=2
SEND bucket-control 12/100 table=page_001166_table_9 active=3
RECV bucket-control 12/100 rank=436 id=page_001166_table_9 latency=0.3220s status=ok active=2
SEND bucket-control 13/100 table=page_000211_table_box_id_3 active=3
RECV bucket-control 10/100 rank=140 id=page_000524_table_0 latency=1.4416s status=ok active=2
SEND bucket-control 14/100 table=page_000933_table_10 active=3
RECV bucket-control 14/100 rank=504 id=page_000933_table_10 latency=0.2443s status=ok active=2
SEND bucket-control 15/100 table=page_001129_table_8 active=3
RECV bucket-control 13/100 rank=201 id=page_000211_table_box_id_3 latency=0.9985s status=ok active=2
SEND bucket-control 16/100 table=page_001375_table_7 active=3
RECV bucket-control 16/100 rank=458 id=page_001375_table_7 latency=0.2903s status=ok active=2
SEND bucket-control 17/100 table=page_000106_table_box_id_2 active=3
RECV bucket-control 17/100 rank=208 id=page_000106_table_box_id_2 latency=0.6728s status=ok active=2
SEND bucket-control 18/100 table=page_001134_table_10 active=3
RECV bucket-control 15/100 rank=107 id=page_001129_table_8 latency=1.5515s status=ok active=2
SEND bucket-control 19/100 table=page_000642_table_8 active=3
RECV bucket-control 05/100 rank=09 id=page_000272_table_box_id_1 latency=6.4099s status=ok active=2
SEND bucket-control 20/100 table=page_000564_table_7 active=3
RECV bucket-control 20/100 rank=334 id=page_000564_table_7 latency=0.4132s status=ok active=2
SEND bucket-control 21/100 table=page_001368_table_box_id_242 active=3
RECV bucket-control 18/100 rank=134 id=page_001134_table_10 latency=1.4319s status=ok active=2
SEND bucket-control 22/100 table=page_000263_table_box_id_7 active=3
RECV bucket-control 21/100 rank=497 id=page_001368_table_box_id_242 latency=0.4503s status=ok active=2
SEND bucket-control 23/100 table=page_000746_table_18 active=3
RECV bucket-control 19/100 rank=128 id=page_000642_table_8 latency=1.7058s status=ok active=2
SEND bucket-control 24/100 table=page_000213_table_box_id_5 active=3
RECV bucket-control 24/100 rank=215 id=page_000213_table_box_id_5 latency=0.6202s status=ok active=2
SEND bucket-control 25/100 table=page_000206_table_box_id_1 active=3
RECV bucket-control 23/100 rank=161 id=page_000746_table_18 latency=1.1343s status=ok active=2
SEND bucket-control 26/100 table=page_000209_table_box_id_1 active=3
RECV bucket-control 26/100 rank=432 id=page_000209_table_box_id_1 latency=0.3147s status=ok active=2
SEND bucket-control 27/100 table=page_001216_table_2 active=3
RECV bucket-control 25/100 rank=309 id=page_000206_table_box_id_1 latency=0.7665s status=ok active=2
SEND bucket-control 28/100 table=page_000188_table_box_id_6 active=3
RECV bucket-control 28/100 rank=240 id=page_000188_table_box_id_6 latency=0.5825s status=ok active=2
SEND bucket-control 29/100 table=page_000921_table_9 active=3
RECV bucket-control 29/100 rank=460 id=page_000921_table_9 latency=0.2736s status=ok active=2
SEND bucket-control 30/100 table=page_000533_table_8 active=3
RECV bucket-control 27/100 rank=186 id=page_001216_table_2 latency=1.4607s status=ok active=2
SEND bucket-control 31/100 table=page_001123_table_14 active=3
RECV bucket-control 30/100 rank=399 id=page_000533_table_8 latency=0.3648s status=ok active=2
SEND bucket-control 32/100 table=page_001503_table_5 active=3
RECV bucket-control 32/100 rank=526 id=page_001503_table_5 latency=0.2617s status=ok active=2
SEND bucket-control 33/100 table=page_001197_table_5 active=3
RECV bucket-control 31/100 rank=413 id=page_001123_table_14 latency=0.5830s status=ok active=2
SEND bucket-control 34/100 table=page_000542_table_0 active=3
RECV bucket-control 22/100 rank=31 id=page_000263_table_box_id_7 latency=4.2250s status=ok active=2
SEND bucket-control 35/100 table=page_001130_table_1 active=3
RECV bucket-control 35/100 rank=572 id=page_001130_table_1 latency=0.1841s status=ok active=2
SEND bucket-control 36/100 table=page_001595_table_box_id_9 active=3
RECV bucket-control 36/100 rank=561 id=page_001595_table_box_id_9 latency=0.1840s status=ok active=2
SEND bucket-control 37/100 table=page_001233_table_6 active=3
RECV bucket-control 34/100 rank=219 id=page_000542_table_0 latency=0.8617s status=ok active=2
SEND bucket-control 38/100 table=page_000585_table_1 active=3
RECV bucket-control 33/100 rank=118 id=page_001197_table_5 latency=1.7378s status=ok active=2
SEND bucket-control 39/100 table=page_000821_table_box_id_26 active=3
RECV bucket-control 39/100 rank=617 id=page_000821_table_box_id_26 latency=0.1576s status=ok active=2
SEND bucket-control 40/100 table=page_000566_table_3 active=3
RECV bucket-control 37/100 rank=241 id=page_001233_table_6 latency=1.0360s status=ok active=2
SEND bucket-control 41/100 table=page_000534_table_4 active=3
RECV bucket-control 38/100 rank=159 id=page_000585_table_1 latency=1.3684s status=ok active=2
SEND bucket-control 42/100 table=page_001141_table_13 active=3
RECV bucket-control 41/100 rank=221 id=page_000534_table_4 latency=0.7308s status=ok active=2
SEND bucket-control 43/100 table=page_000665_table_3 active=3
RECV bucket-control 43/100 rank=662 id=page_000665_table_3 latency=0.1072s status=ok active=2
SEND bucket-control 44/100 table=page_001417_table_2 active=3
RECV bucket-control 40/100 rank=167 id=page_000566_table_3 latency=1.3069s status=ok active=2
SEND bucket-control 45/100 table=page_001117_table_box_id_7 active=3
RECV bucket-control 44/100 rank=587 id=page_001417_table_2 latency=0.2914s status=ok active=2
SEND bucket-control 46/100 table=page_001270_table_box_id_1 active=3
RECV bucket-control 42/100 rank=280 id=page_001141_table_13 latency=0.9993s status=ok active=2
SEND bucket-control 47/100 table=page_000261_table_box_id_3 active=3
RECV bucket-control 45/100 rank=483 id=page_001117_table_box_id_7 latency=0.7207s status=ok active=2
SEND bucket-control 48/100 table=page_000505_table_1 active=3
RECV bucket-control 48/100 rank=121 id=page_000505_table_1 latency=1.0337s status=ok active=2
SEND bucket-control 49/100 table=page_000682_table_15 active=3
RECV bucket-control 46/100 rank=95 id=page_001270_table_box_id_1 latency=1.8363s status=ok active=2
SEND bucket-control 50/100 table=page_000275_table_box_id_1 active=3
RECV bucket-control 49/100 rank=507 id=page_000682_table_15 latency=0.4202s status=ok active=2
SEND bucket-control 51/100 table=page_000789_table_34 active=3
RECV bucket-control 51/100 rank=639 id=page_000789_table_34 latency=0.1349s status=ok active=2
SEND bucket-control 52/100 table=page_001177_table_2 active=3
RECV bucket-control 47/100 rank=54 id=page_000261_table_box_id_3 latency=2.4807s status=ok active=2
SEND bucket-control 53/100 table=page_001398_table_box-13qv1ztw active=3
RECV bucket-control 52/100 rank=229 id=page_001177_table_2 latency=0.7041s status=ok active=2
SEND bucket-control 54/100 table=page_001183_table_11 active=3
RECV bucket-control 53/100 rank=511 id=page_001398_table_box-13qv1ztw latency=0.4009s status=ok active=2
SEND bucket-control 55/100 table=page_000507_table_0 active=3
RECV bucket-control 54/100 rank=395 id=page_001183_table_11 latency=0.5160s status=ok active=2
SEND bucket-control 56/100 table=page_000710_table_9 active=3
RECV bucket-control 55/100 rank=396 id=page_000507_table_0 latency=0.5022s status=ok active=2
SEND bucket-control 57/100 table=page_000657_table_6 active=3
RECV bucket-control 57/100 rank=659 id=page_000657_table_6 latency=0.1061s status=ok active=2
SEND bucket-control 58/100 table=page_001368_table_box_id_227 active=3
RECV bucket-control 56/100 rank=514 id=page_000710_table_9 latency=0.4054s status=ok active=2
SEND bucket-control 59/100 table=page_001176_table_4 active=3
RECV bucket-control 58/100 rank=264 id=page_001368_table_box_id_227 latency=0.7549s status=ok active=2
SEND bucket-control 60/100 table=page_001181_table_6 active=3
RECV bucket-control 59/100 rank=122 id=page_001176_table_4 latency=1.2628s status=ok active=2
SEND bucket-control 61/100 table=page_000937_table_0 active=3
RECV bucket-control 61/100 rank=350 id=page_000937_table_0 latency=0.4097s status=ok active=2
SEND bucket-control 62/100 table=page_001368_table_box_id_237 active=3
RECV bucket-control 62/100 rank=468 id=page_001368_table_box_id_237 latency=0.2932s status=ok active=2
SEND bucket-control 63/100 table=page_000217_table_box_id_0 active=3
RECV bucket-control 63/100 rank=391 id=page_000217_table_box_id_0 latency=0.3607s status=ok active=2
SEND bucket-control 64/100 table=page_001159_table_5 active=3
RECV bucket-control 60/100 rank=72 id=page_001181_table_6 latency=2.0631s status=ok active=2
SEND bucket-control 65/100 table=page_000626_table_box_id_1 active=3
RECV bucket-control 64/100 rank=224 id=page_001159_table_5 latency=0.7616s status=ok active=2
SEND bucket-control 66/100 table=page_000984_table_2 active=3
RECV bucket-control 66/100 rank=625 id=page_000984_table_2 latency=0.1448s status=ok active=2
SEND bucket-control 67/100 table=page_001082_table_34 active=3
RECV bucket-control 67/100 rank=171 id=page_001082_table_34 latency=0.7998s status=ok active=2
SEND bucket-control 68/100 table=page_000467_table_17 active=3
RECV bucket-control 50/100 rank=12 id=page_000275_table_box_id_1 latency=6.5132s status=ok active=2
SEND bucket-control 69/100 table=page_000866_table_14 active=3
RECV bucket-control 69/100 rank=419 id=page_000866_table_14 latency=0.3499s status=ok active=2
SEND bucket-control 70/100 table=page_001227_table_10 active=3
RECV bucket-control 65/100 rank=44 id=page_000626_table_box_id_1 latency=2.6496s status=ok active=2
SEND bucket-control 71/100 table=page_000916_table_7 active=3
RECV bucket-control 68/100 rank=120 id=page_000467_table_17 latency=1.6027s status=ok active=2
SEND bucket-control 72/100 table=page_000251_table_box_id_7 active=3
RECV bucket-control 71/100 rank=265 id=page_000916_table_7 latency=0.7045s status=ok active=2
SEND bucket-control 73/100 table=page_001131_table_15 active=3
RECV bucket-control 73/100 rank=469 id=page_001131_table_15 latency=0.2826s status=ok active=2
SEND bucket-control 74/100 table=page_001183_table_12 active=3
RECV bucket-control 72/100 rank=184 id=page_000251_table_box_id_7 latency=0.9754s status=ok active=2
SEND bucket-control 75/100 table=page_000266_table_box_id_7 active=3
RECV bucket-control 75/100 rank=509 id=page_000266_table_box_id_7 latency=0.2420s status=ok active=2
SEND bucket-control 76/100 table=page_000447_table_12 active=3
RECV bucket-control 74/100 rank=285 id=page_001183_table_12 latency=0.7269s status=ok active=2
SEND bucket-control 77/100 table=page_001193_table_4 active=3
RECV bucket-control 70/100 rank=75 id=page_001227_table_10 latency=2.4155s status=ok active=2
SEND bucket-control 78/100 table=page_001368_table_box_id_239 active=3
RECV bucket-control 76/100 rank=371 id=page_000447_table_12 latency=0.6499s status=ok active=2
SEND bucket-control 79/100 table=page_000903_table_15 active=3
RECV bucket-control 78/100 rank=512 id=page_001368_table_box_id_239 latency=0.3819s status=ok active=2
SEND bucket-control 80/100 table=page_001167_table_2 active=3
RECV bucket-control 79/100 rank=522 id=page_000903_table_15 latency=0.3411s status=ok active=2
SEND bucket-control 81/100 table=page_000212_table_box_id_1 active=3
RECV bucket-control 77/100 rank=342 id=page_001193_table_4 latency=0.7628s status=ok active=2
SEND bucket-control 82/100 table=page_001147_table_10 active=3
RECV bucket-control 80/100 rank=422 id=page_001167_table_2 latency=0.6015s status=ok active=2
SEND bucket-control 83/100 table=page_000223_table_box_id_2 active=3
RECV bucket-control 81/100 rank=113 id=page_000212_table_box_id_1 latency=1.2986s status=ok active=2
SEND bucket-control 84/100 table=page_000716_table_0 active=3
RECV bucket-control 84/100 rank=588 id=page_000716_table_0 latency=0.1784s status=ok active=2
SEND bucket-control 85/100 table=page_000937_table_1 active=3
RECV bucket-control 85/100 rank=415 id=page_000937_table_1 latency=0.3276s status=ok active=2
SEND bucket-control 86/100 table=page_000465_table_10 active=3
RECV bucket-control 83/100 rank=114 id=page_000223_table_box_id_2 latency=1.4846s status=ok active=2
SEND bucket-control 87/100 table=page_000465_table_8 active=3
RECV bucket-control 82/100 rank=90 id=page_001147_table_10 latency=2.1098s status=ok active=2
SEND bucket-control 88/100 table=page_001179_table_6 active=3
RECV bucket-control 86/100 rank=339 id=page_000465_table_10 latency=0.7687s status=ok active=2
SEND bucket-control 89/100 table=page_000554_table_12 active=3
RECV bucket-control 87/100 rank=331 id=page_000465_table_8 latency=0.7462s status=ok active=2
SEND bucket-control 90/100 table=page_000199_table_box_id_0 active=3
RECV bucket-control 89/100 rank=538 id=page_000554_table_12 latency=0.4524s status=ok active=2
SEND bucket-control 91/100 table=page_000516_table_0 active=3
RECV bucket-control 91/100 rank=125 id=page_000516_table_0 latency=1.0185s status=ok active=2
SEND bucket-control 92/100 table=page_001214_table_8 active=3
RECV bucket-control 90/100 rank=80 id=page_000199_table_box_id_0 latency=1.6658s status=ok active=2
SEND bucket-control 93/100 table=page_001368_table_box_id_161 active=3
RECV bucket-control 88/100 rank=61 id=page_001179_table_6 latency=2.3913s status=ok active=2
SEND bucket-control 94/100 table=page_000577_table_3 active=3
RECV bucket-control 92/100 rank=359 id=page_001214_table_8 latency=0.7266s status=ok active=2
SEND bucket-control 95/100 table=page_000984_table_3 active=3
RECV bucket-control 94/100 rank=382 id=page_000577_table_3 latency=0.5419s status=ok active=2
SEND bucket-control 96/100 table=page_001187_table_0 active=3
RECV bucket-control 93/100 rank=332 id=page_001368_table_box_id_161 latency=1.0223s status=ok active=2
SEND bucket-control 97/100 table=page_000821_table_box_id_14 active=3
RECV bucket-control 97/100 rank=585 id=page_000821_table_box_id_14 latency=0.1832s status=ok active=2
SEND bucket-control 98/100 table=page_000833_table_4 active=3
RECV bucket-control 95/100 rank=238 id=page_000984_table_3 latency=1.1560s status=ok active=2
SEND bucket-control 99/100 table=page_001375_table_31 active=3
RECV bucket-control 98/100 rank=352 id=page_000833_table_4 latency=0.5005s status=ok active=2
SEND bucket-control 100/100 table=page_000645_table_7 active=3
RECV bucket-control 99/100 rank=631 id=page_001375_table_31 latency=0.2386s status=ok active=2
RECV bucket-control 100/100 rank=533 id=page_000645_table_7 latency=0.2207s status=ok active=1
RECV bucket-control 96/100 rank=28 id=page_001187_table_0 latency=2.8265s status=ok active=0
DONE bucket-control requests=100 failures=0 max_in_flight=3 wall=34.2965s qps=2.9157 p50=0.7043s p95=2.6584s max=6.5132s
