2026-09-06T01:30:08+08:00
	NPU ID                         : 6
	Chip Count                     : 1

	No process in device.
	Chip ID                        : 0

2026-09-06T01:30:13+08:00
	NPU ID                         : 6
	Chip Count                     : 1

	No process in device.
	Chip ID                        : 0

2026-09-06T01:30:19+08:00
	NPU ID                         : 6
	Chip Count                     : 1

	No process in device.
	Chip ID                        : 0

2026-09-06T01:30:24+08:00
	NPU ID                         : 6
	Chip Count                     : 1

	No process in device.
	Chip ID                        : 0

2026-09-06T01:30:30+08:00
	NPU ID                         : 6
	Chip Count                     : 1

	No process in device.
	Chip ID                        : 0

2026-09-06T01:30:35+08:00
	NPU ID                         : 6
	Chip Count                     : 1

	No process in device.
	Chip ID                        : 0

2026-09-06T01:30:41+08:00
	NPU ID                         : 6
	Chip Count                     : 1

	No process in device.
	Chip ID                        : 0

2026-09-06T01:30:46+08:00
	NPU ID                         : 6
	Chip Count                     : 1

	No process in device.
	Chip ID                        : 0

2026-09-06T01:30:52+08:00
	NPU ID                         : 6
	Chip Count                     : 1

	No process in device.
	Chip ID                        : 0

2026-09-06T01:30:57+08:00
	NPU ID                         : 6
	Chip Count                     : 1

	No process in device.
	Chip ID                        : 0

2026-09-06T01:31:03+08:00
	NPU ID                         : 6
	Chip Count                     : 1

	Process id:1748367 Process name:python            Process memory(MB):105
	Chip ID                        : 0

2026-09-06T01:31:08+08:00
	NPU ID                         : 6
	Chip Count                     : 1

	Process id:1748367 Process name:python            Process memory(MB):105
	Chip ID                        : 0

2026-09-06T01:31:14+08:00
	NPU ID                         : 6
	Chip Count                     : 1

	Process id:1748367 Process name:python            Process memory(MB):3855
	Chip ID                        : 0

2026-09-06T01:31:19+08:00
	NPU ID                         : 6
	Chip Count                     : 1

	Process id:1748367 Process name:python            Process memory(MB):6469
	Chip ID                        : 0

2026-09-06T01:31:25+08:00
	NPU ID                         : 6
	Chip Count                     : 1

	Process id:1748367 Process name:python            Process memory(MB):6469
	Chip ID                        : 0

2026-09-06T01:31:30+08:00
	NPU ID                         : 6
	Chip Count                     : 1

	Process id:1748367 Process name:python            Process memory(MB):6469
	Chip ID                        : 0

2026-09-06T01:31:36+08:00
	NPU ID                         : 6
	Chip Count                     : 1

	Process id:1748367 Process name:python            Process memory(MB):6469
	Chip ID                        : 0

2026-09-06T01:31:41+08:00
	NPU ID                         : 6
	Chip Count                     : 1

	Process id:1748367 Process name:python            Process memory(MB):6469
	Chip ID                        : 0

2026-09-06T01:31:47+08:00
	NPU ID                         : 6
	Chip Count                     : 1

	Process id:1748367 Process name:python            Process memory(MB):6469
	Chip ID                        : 0

2026-09-06T01:31:52+08:00
	NPU ID                         : 6
	Chip Count                     : 1

	Process id:1748367 Process name:python            Process memory(MB):6469
	Chip ID                        : 0

2026-09-06T01:31:58+08:00
	NPU ID                         : 6
	Chip Count                     : 1

	Process id:1748367 Process name:python            Process memory(MB):6469
	Chip ID                        : 0

2026-09-06T01:32:03+08:00
	NPU ID                         : 6
	Chip Count                     : 1

	Process id:1748367 Process name:python            Process memory(MB):6527
	Chip ID                        : 0

2026-09-06T01:32:09+08:00
	NPU ID                         : 6
	Chip Count                     : 1

	Process id:1748367 Process name:python            Process memory(MB):6537
	Chip ID                        : 0

2026-09-06T01:32:14+08:00
	NPU ID                         : 6
	Chip Count                     : 1

	Process id:1748367 Process name:python            Process memory(MB):6537
	Chip ID                        : 0

2026-09-06T01:32:20+08:00
	NPU ID                         : 6
	Chip Count                     : 1

	Process id:1748367 Process name:python            Process memory(MB):6537
	Chip ID                        : 0

2026-09-06T01:32:25+08:00
	NPU ID                         : 6
	Chip Count                     : 1

	Process id:1748367 Process name:python            Process memory(MB):6537
	Chip ID                        : 0

2026-09-06T01:32:31+08:00
	NPU ID                         : 6
	Chip Count                     : 1

	Process id:1748367 Process name:python            Process memory(MB):6537
	Chip ID                        : 0

2026-09-06T01:32:36+08:00
	NPU ID                         : 6
	Chip Count                     : 1

	Process id:1748367 Process name:python            Process memory(MB):6563
	Chip ID                        : 0

2026-09-06T01:32:42+08:00
	NPU ID                         : 6
	Chip Count                     : 1

	Process id:1748367 Process name:python            Process memory(MB):6563
	Chip ID                        : 0

2026-09-06T01:32:47+08:00
	NPU ID                         : 6
	Chip Count                     : 1

	Process id:1748367 Process name:python            Process memory(MB):6563
	Chip ID                        : 0

2026-09-06T01:32:53+08:00
	NPU ID                         : 6
	Chip Count                     : 1

	Process id:1748367 Process name:python            Process memory(MB):6563
	Chip ID                        : 0

2026-09-06T01:32:59+08:00
	NPU ID                         : 6
	Chip Count                     : 1

	Process id:1748367 Process name:python            Process memory(MB):6563
	Chip ID                        : 0

2026-09-06T01:33:04+08:00
	NPU ID                         : 6
	Chip Count                     : 1

	Process id:1748367 Process name:python            Process memory(MB):6563
	Chip ID                        : 0

2026-09-06T01:33:10+08:00
	NPU ID                         : 6
	Chip Count                     : 1

	Process id:1748367 Process name:python            Process memory(MB):6563
	Chip ID                        : 0

2026-09-06T01:33:15+08:00
	NPU ID                         : 6
	Chip Count                     : 1

	Process id:1748367 Process name:python            Process memory(MB):6563
	Chip ID                        : 0

2026-09-06T01:33:21+08:00
	NPU ID                         : 6
	Chip Count                     : 1

	Process id:1748367 Process name:python            Process memory(MB):6563
	Chip ID                        : 0

2026-09-06T01:33:26+08:00
	NPU ID                         : 6
	Chip Count                     : 1

	Process id:1748367 Process name:python            Process memory(MB):6563
	Chip ID                        : 0

2026-09-06T01:33:32+08:00
	NPU ID                         : 6
	Chip Count                     : 1

	Process id:1748367 Process name:python            Process memory(MB):6563
	Chip ID                        : 0

2026-09-06T01:33:37+08:00
	NPU ID                         : 6
	Chip Count                     : 1

	Process id:1748367 Process name:python            Process memory(MB):6563
	Chip ID                        : 0

2026-09-06T01:33:43+08:00
	NPU ID                         : 6
	Chip Count                     : 1

	Process id:1748367 Process name:python            Process memory(MB):6563
	Chip ID                        : 0

2026-09-06T01:33:48+08:00
	NPU ID                         : 6
	Chip Count                     : 1

	Process id:1748367 Process name:python            Process memory(MB):6563
	Chip ID                        : 0

2026-09-06T01:33:54+08:00
	NPU ID                         : 6
	Chip Count                     : 1

	Process id:1748367 Process name:python            Process memory(MB):6563
	Chip ID                        : 0

2026-09-06T01:33:59+08:00
	NPU ID                         : 6
	Chip Count                     : 1

	Process id:1748367 Process name:python            Process memory(MB):239
	Chip ID                        : 0

2026-09-06T01:34:05+08:00
	NPU ID                         : 6
	Chip Count                     : 1

	No process in device.
	Chip ID                        : 0

2026-09-06T01:34:10+08:00
	NPU ID                         : 6
	Chip Count                     : 1

	No process in device.
	Chip ID                        : 0

2026-09-06T01:34:16+08:00
	NPU ID                         : 6
	Chip Count                     : 1

	No process in device.
	Chip ID                        : 0

2026-09-06T01:34:21+08:00
	NPU ID                         : 6
	Chip Count                     : 1

	No process in device.
	Chip ID                        : 0

2026-09-06T01:34:27+08:00
	NPU ID                         : 6
	Chip Count                     : 1

	No process in device.
	Chip ID                        : 0

2026-09-06T01:34:32+08:00
	NPU ID                         : 6
	Chip Count                     : 1

	Process id:1751056 Process name:python            Process memory(MB):105
	Chip ID                        : 0

2026-09-06T01:34:38+08:00
	NPU ID                         : 6
	Chip Count                     : 1

	Process id:1751056 Process name:python            Process memory(MB):105
	Chip ID                        : 0

2026-09-06T01:34:43+08:00
	NPU ID                         : 6
	Chip Count                     : 1

	Process id:1751056 Process name:python            Process memory(MB):3855
	Chip ID                        : 0

2026-09-06T01:34:49+08:00
	NPU ID                         : 6
	Chip Count                     : 1

	Process id:1751056 Process name:python            Process memory(MB):3871
	Chip ID                        : 0

2026-09-06T01:34:54+08:00
	NPU ID                         : 6
	Chip Count                     : 1

	Process id:1751056 Process name:python            Process memory(MB):4117
	Chip ID                        : 0

2026-09-06T01:35:00+08:00
	NPU ID                         : 6
	Chip Count                     : 1

	Process id:1751056 Process name:python            Process memory(MB):7133
	Chip ID                        : 0

2026-09-06T01:35:06+08:00
	NPU ID                         : 6
	Chip Count                     : 1

	Process id:1751056 Process name:python            Process memory(MB):7133
	Chip ID                        : 0

2026-09-06T01:35:11+08:00
	NPU ID                         : 6
	Chip Count                     : 1

	Process id:1751056 Process name:python            Process memory(MB):7133
	Chip ID                        : 0

2026-09-06T01:35:17+08:00
	NPU ID                         : 6
	Chip Count                     : 1

	Process id:1751056 Process name:python            Process memory(MB):7133
	Chip ID                        : 0

2026-09-06T01:35:22+08:00
	NPU ID                         : 6
	Chip Count                     : 1

	Process id:1751056 Process name:python            Process memory(MB):7133
	Chip ID                        : 0

2026-09-06T01:35:28+08:00
	NPU ID                         : 6
	Chip Count                     : 1

	Process id:1751056 Process name:python            Process memory(MB):7133
	Chip ID                        : 0

2026-09-06T01:35:33+08:00
	NPU ID                         : 6
	Chip Count                     : 1

	Process id:1751056 Process name:python            Process memory(MB):7133
	Chip ID                        : 0

2026-09-06T01:35:39+08:00
	NPU ID                         : 6
	Chip Count                     : 1

	Process id:1751056 Process name:python            Process memory(MB):7133
	Chip ID                        : 0

2026-09-06T01:35:44+08:00
	NPU ID                         : 6
	Chip Count                     : 1

	Process id:1751056 Process name:python            Process memory(MB):7133
	Chip ID                        : 0

2026-09-06T01:35:50+08:00
	NPU ID                         : 6
	Chip Count                     : 1

	Process id:1751056 Process name:python            Process memory(MB):7133
	Chip ID                        : 0

2026-09-06T01:35:55+08:00
	NPU ID                         : 6
	Chip Count                     : 1

	Process id:1751056 Process name:python            Process memory(MB):7133
	Chip ID                        : 0

2026-09-06T01:36:01+08:00
	NPU ID                         : 6
	Chip Count                     : 1

	Process id:1751056 Process name:python            Process memory(MB):7199
	Chip ID                        : 0

2026-09-06T01:36:06+08:00
	NPU ID                         : 6
	Chip Count                     : 1

	Process id:1751056 Process name:python            Process memory(MB):7199
	Chip ID                        : 0

2026-09-06T01:36:12+08:00
	NPU ID                         : 6
	Chip Count                     : 1

	Process id:1751056 Process name:python            Process memory(MB):7199
	Chip ID                        : 0

2026-09-06T01:36:17+08:00
	NPU ID                         : 6
	Chip Count                     : 1

	Process id:1751056 Process name:python            Process memory(MB):7199
	Chip ID                        : 0

2026-09-06T01:36:23+08:00
	NPU ID                         : 6
	Chip Count                     : 1

	Process id:1751056 Process name:python            Process memory(MB):7199
	Chip ID                        : 0

2026-09-06T01:36:28+08:00
	NPU ID                         : 6
	Chip Count                     : 1

	Process id:1751056 Process name:python            Process memory(MB):7199
	Chip ID                        : 0

2026-09-06T01:36:34+08:00
	NPU ID                         : 6
	Chip Count                     : 1

	Process id:1751056 Process name:python            Process memory(MB):7225
	Chip ID                        : 0

2026-09-06T01:36:39+08:00
	NPU ID                         : 6
	Chip Count                     : 1

	Process id:1751056 Process name:python            Process memory(MB):7225
	Chip ID                        : 0

2026-09-06T01:36:45+08:00
	NPU ID                         : 6
	Chip Count                     : 1

	Process id:1751056 Process name:python            Process memory(MB):7225
	Chip ID                        : 0

2026-09-06T01:36:50+08:00
	NPU ID                         : 6
	Chip Count                     : 1

	Process id:1751056 Process name:python            Process memory(MB):7225
	Chip ID                        : 0

2026-09-06T01:36:56+08:00
	NPU ID                         : 6
	Chip Count                     : 1

	Process id:1751056 Process name:python            Process memory(MB):7225
	Chip ID                        : 0

2026-09-06T01:37:01+08:00
	NPU ID                         : 6
	Chip Count                     : 1

	Process id:1751056 Process name:python            Process memory(MB):7225
	Chip ID                        : 0

2026-09-06T01:37:07+08:00
	NPU ID                         : 6
	Chip Count                     : 1

	Process id:1751056 Process name:python            Process memory(MB):7225
	Chip ID                        : 0

2026-09-06T01:37:12+08:00
	NPU ID                         : 6
	Chip Count                     : 1

	Process id:1751056 Process name:python            Process memory(MB):7225
	Chip ID                        : 0

2026-09-06T01:37:18+08:00
	NPU ID                         : 6
	Chip Count                     : 1

	Process id:1751056 Process name:python            Process memory(MB):7225
	Chip ID                        : 0

2026-09-06T01:37:23+08:00
	NPU ID                         : 6
	Chip Count                     : 1

	Process id:1751056 Process name:python            Process memory(MB):7225
	Chip ID                        : 0

2026-09-06T01:37:29+08:00
	NPU ID                         : 6
	Chip Count                     : 1

	Process id:1751056 Process name:python            Process memory(MB):251
	Chip ID                        : 0

2026-09-06T01:37:34+08:00
	NPU ID                         : 6
	Chip Count                     : 1

	No process in device.
	Chip ID                        : 0

2026-09-06T01:37:40+08:00
	NPU ID                         : 6
	Chip Count                     : 1

	No process in device.
	Chip ID                        : 0

2026-09-06T01:37:45+08:00
	NPU ID                         : 6
	Chip Count                     : 1

	No process in device.
	Chip ID                        : 0

2026-09-06T01:37:51+08:00
	NPU ID                         : 6
	Chip Count                     : 1

	No process in device.
	Chip ID                        : 0

2026-09-06T01:37:56+08:00
	NPU ID                         : 6
	Chip Count                     : 1

	No process in device.
	Chip ID                        : 0

2026-09-06T01:38:02+08:00
	NPU ID                         : 6
	Chip Count                     : 1

	No process in device.
	Chip ID                        : 0

2026-09-06T01:38:08+08:00
	NPU ID                         : 6
	Chip Count                     : 1

	No process in device.
	Chip ID                        : 0

2026-09-06T01:38:08+08:00
	NPU ID                         : 6
	Chip Count                     : 1

	No process in device.
	Chip ID                        : 0

