.{
  "summary": "/workspace/repos/paddle_ocr_vl_npu/tmp/09_persistent_page_engine/vision_matmul_lab/910b_b1_4352_nz_sequence_sweep_e1ffd91_r2/s384/run_summary.json",
  "status": "completed",
  "shape": {
    "batch_size": 1,
    "sequence_length": 384,
    "physical_tokens_per_call": 384,
    "hidden_size": 1152,
    "source_intermediate_size": 4304,
    "candidate_intermediate_size": 4352,
    "layers": 27,
    "linear_calls_per_layer": 6,
    "linear_calls_per_full_stack": 162
  },
  "weight_format": {
    "requested": "fractal_nz",
    "target_format": "FRACTAL_NZ",
    "target_format_code": 29,
    "linear_weight_count": 162,
    "before_format_histogram": {
      "2": 162
    },
    "converted_count": 162,
    "status": "ready",
    "failures": [],
    "after_format_histogram": {
      "29": 162
    },
    "all_after_are_nz": true,
    "runtime_gate": {
      "torch_npu_allow_internal_format_enabled_before_npu_allocation": true,
      "mm_bmm_format_nd": true,
      "manual_cast_after_model_load": true
    }
  },
  "device_median_ms": 13.369020080566408,
  "physical_tokens_per_s": 28723.12238936595,
  "linear_tflop_per_s": 23.785988064020277,
  "dispatch": null,
  "matmul_only": null,
  "attention_components": null
}
