2026-09-06T03:11:23+08:00
	NPU ID                         : 6
	Chip Count                     : 1

	No process in device.
	Chip ID                        : 0

2026-09-06T03:11:29+08:00
	NPU ID                         : 6
	Chip Count                     : 1

	No process in device.
	Chip ID                        : 0

2026-09-06T03:11:34+08:00
	NPU ID                         : 6
	Chip Count                     : 1

	No process in device.
	Chip ID                        : 0

2026-09-06T03:11:40+08:00
	NPU ID                         : 6
	Chip Count                     : 1

	No process in device.
	Chip ID                        : 0

2026-09-06T03:11:45+08:00
	NPU ID                         : 6
	Chip Count                     : 1

	No process in device.
	Chip ID                        : 0

2026-09-06T03:11:51+08:00
	NPU ID                         : 6
	Chip Count                     : 1

	No process in device.
	Chip ID                        : 0

2026-09-06T03:11:56+08:00
	NPU ID                         : 6
	Chip Count                     : 1

	No process in device.
	Chip ID                        : 0

2026-09-06T03:12:02+08:00
	NPU ID                         : 6
	Chip Count                     : 1

	No process in device.
	Chip ID                        : 0

2026-09-06T03:12:07+08:00
	NPU ID                         : 6
	Chip Count                     : 1

	No process in device.
	Chip ID                        : 0

2026-09-06T03:12:13+08:00
	NPU ID                         : 6
	Chip Count                     : 1

	Process id:1802256 Process name:python            Process memory(MB):105
	Chip ID                        : 0

2026-09-06T03:12:18+08:00
	NPU ID                         : 6
	Chip Count                     : 1

	Process id:1802256 Process name:python            Process memory(MB):3853
	Chip ID                        : 0

2026-09-06T03:12:24+08:00
	NPU ID                         : 6
	Chip Count                     : 1

	Process id:1802256 Process name:python            Process memory(MB):3855
	Chip ID                        : 0

2026-09-06T03:12:29+08:00
	NPU ID                         : 6
	Chip Count                     : 1

	Process id:1802256 Process name:python            Process memory(MB):3875
	Chip ID                        : 0

2026-09-06T03:12:35+08:00
	NPU ID                         : 6
	Chip Count                     : 1

	Process id:1802256 Process name:python            Process memory(MB):4179
	Chip ID                        : 0

2026-09-06T03:12:40+08:00
	NPU ID                         : 6
	Chip Count                     : 1

	Process id:1802256 Process name:python            Process memory(MB):6895
	Chip ID                        : 0

2026-09-06T03:12:46+08:00
	NPU ID                         : 6
	Chip Count                     : 1

	Process id:1802256 Process name:python            Process memory(MB):6895
	Chip ID                        : 0

2026-09-06T03:12:51+08:00
	NPU ID                         : 6
	Chip Count                     : 1

	Process id:1802256 Process name:python            Process memory(MB):6895
	Chip ID                        : 0

2026-09-06T03:12:57+08:00
	NPU ID                         : 6
	Chip Count                     : 1

	Process id:1802256 Process name:python            Process memory(MB):6895
	Chip ID                        : 0

2026-09-06T03:13:02+08:00
	NPU ID                         : 6
	Chip Count                     : 1

	Process id:1802256 Process name:python            Process memory(MB):6895
	Chip ID                        : 0

2026-09-06T03:13:06+08:00
    PID    PPID                  STARTED COMMAND
1802256 1802247 Sun Sep  6 03:11:58 2026 /workspace/venvs/vllm_paddle_ocr_pipeline_py312/bin/python -c from multiprocessing.spawn import spawn_main; spawn_main(tracker_fd=6, pipe_handle=10) --multiprocessing-fork
NSpid:	1802256	2481718
    PID    PPID                  STARTED COMMAND
1802247 1728105 Sun Sep  6 03:11:57 2026 /workspace/venvs/vllm_paddle_ocr_pipeline_py312/bin/python -u 09_persistent_page_engine/scripts/serve_crop_ocr_api.py --host 127.0.0.1 --port 8767 --request-timeout-s 3600 --queue-capacity 64 --model /workspace/models/PaddleOCR-VL-1.6 --decode-backend torchair --decode-optimization combined_apply_complete_layer_prefetch1_rope_lut --decode-vocab-token-ids 09_persistent_page_engine/presets/table_compact_vocab/b1_verifier_topfreq_16384.json --token-selection greedy --cache-length 4096 --max-new-tokens 4096 --min-pixels 28224 --max-pixels 802816 --request-scheduling-metrics --decode-batch-size 2 --vision-buckets 256,384,512,640,768,1408,1920,2048,2944,4096 --text-buckets 128,256,512,1024,1152 --vision-attention-weight-padding --compact-decode-control --service-summary-output tmp/09_persistent_page_engine/table_compact_2b0fc9f2_20260905/service.json
2026-09-06T03:13:08+08:00
	NPU ID                         : 6
	Chip Count                     : 1

	Process id:1802256 Process name:python            Process memory(MB):6917
	Chip ID                        : 0

2026-09-06T03:13:13+08:00
	NPU ID                         : 6
	Chip Count                     : 1

	Process id:1802256 Process name:python            Process memory(MB):6961
	Chip ID                        : 0

2026-09-06T03:13:19+08:00
	NPU ID                         : 6
	Chip Count                     : 1

	Process id:1802256 Process name:python            Process memory(MB):6961
	Chip ID                        : 0

2026-09-06T03:13:24+08:00
	NPU ID                         : 6
	Chip Count                     : 1

	Process id:1802256 Process name:python            Process memory(MB):6961
	Chip ID                        : 0

2026-09-06T03:13:30+08:00
	NPU ID                         : 6
	Chip Count                     : 1

	Process id:1802256 Process name:python            Process memory(MB):6961
	Chip ID                        : 0

2026-09-06T03:13:35+08:00
	NPU ID                         : 6
	Chip Count                     : 1

	Process id:1802256 Process name:python            Process memory(MB):6961
	Chip ID                        : 0

2026-09-06T03:13:41+08:00
	NPU ID                         : 6
	Chip Count                     : 1

	Process id:1802256 Process name:python            Process memory(MB):6961
	Chip ID                        : 0

2026-09-06T03:13:46+08:00
	NPU ID                         : 6
	Chip Count                     : 1

	Process id:1802256 Process name:python            Process memory(MB):6987
	Chip ID                        : 0

2026-09-06T03:13:52+08:00
	NPU ID                         : 6
	Chip Count                     : 1

	Process id:1802256 Process name:python            Process memory(MB):6987
	Chip ID                        : 0

2026-09-06T03:13:58+08:00
	NPU ID                         : 6
	Chip Count                     : 1

	Process id:1802256 Process name:python            Process memory(MB):6987
	Chip ID                        : 0

2026-09-06T03:14:03+08:00
	NPU ID                         : 6
	Chip Count                     : 1

	Process id:1802256 Process name:python            Process memory(MB):6987
	Chip ID                        : 0

2026-09-06T03:14:09+08:00
	NPU ID                         : 6
	Chip Count                     : 1

	Process id:1802256 Process name:python            Process memory(MB):6987
	Chip ID                        : 0

2026-09-06T03:14:14+08:00
	NPU ID                         : 6
	Chip Count                     : 1

	Process id:1802256 Process name:python            Process memory(MB):6987
	Chip ID                        : 0

2026-09-06T03:14:20+08:00
	NPU ID                         : 6
	Chip Count                     : 1

	Process id:1802256 Process name:python            Process memory(MB):6987
	Chip ID                        : 0

2026-09-06T03:14:25+08:00
	NPU ID                         : 6
	Chip Count                     : 1

	Process id:1802256 Process name:python            Process memory(MB):6987
	Chip ID                        : 0

2026-09-06T03:14:31+08:00
	NPU ID                         : 6
	Chip Count                     : 1

	Process id:1802256 Process name:python            Process memory(MB):6987
	Chip ID                        : 0

2026-09-06T03:14:36+08:00
	NPU ID                         : 6
	Chip Count                     : 1

	Process id:1802256 Process name:python            Process memory(MB):6987
	Chip ID                        : 0

2026-09-06T03:14:42+08:00
	NPU ID                         : 6
	Chip Count                     : 1

	Process id:1802256 Process name:python            Process memory(MB):6987
	Chip ID                        : 0

2026-09-06T03:14:47+08:00
	NPU ID                         : 6
	Chip Count                     : 1

	Process id:1802256 Process name:python            Process memory(MB):6987
	Chip ID                        : 0

2026-09-06T03:14:53+08:00
	NPU ID                         : 6
	Chip Count                     : 1

	Process id:1802256 Process name:python            Process memory(MB):6987
	Chip ID                        : 0

2026-09-06T03:14:58+08:00
	NPU ID                         : 6
	Chip Count                     : 1

	Process id:1802256 Process name:python            Process memory(MB):6987
	Chip ID                        : 0

2026-09-06T03:15:04+08:00
	NPU ID                         : 6
	Chip Count                     : 1

	Process id:1802256 Process name:python            Process memory(MB):6987
	Chip ID                        : 0

2026-09-06T03:15:09+08:00
	NPU ID                         : 6
	Chip Count                     : 1

	Process id:1802256 Process name:python            Process memory(MB):6987
	Chip ID                        : 0

2026-09-06T03:15:15+08:00
	NPU ID                         : 6
	Chip Count                     : 1

	Process id:1802256 Process name:python            Process memory(MB):6987
	Chip ID                        : 0

2026-09-06T03:15:20+08:00
	NPU ID                         : 6
	Chip Count                     : 1

	Process id:1802256 Process name:python            Process memory(MB):6987
	Chip ID                        : 0

2026-09-06T03:15:26+08:00
	NPU ID                         : 6
	Chip Count                     : 1

	No process in device.
	Chip ID                        : 0

2026-09-06T03:15:31+08:00
	NPU ID                         : 6
	Chip Count                     : 1

	No process in device.
	Chip ID                        : 0

2026-09-06T03:15:37+08:00
	NPU ID                         : 6
	Chip Count                     : 1

	No process in device.
	Chip ID                        : 0

2026-09-06T03:15:42+08:00
	NPU ID                         : 6
	Chip Count                     : 1

	No process in device.
	Chip ID                        : 0

2026-09-06T03:15:48+08:00
	NPU ID                         : 6
	Chip Count                     : 1

	No process in device.
	Chip ID                        : 0

2026-09-06T03:15:53+08:00
	NPU ID                         : 6
	Chip Count                     : 1

	No process in device.
	Chip ID                        : 0

2026-09-06T03:15:59+08:00
	NPU ID                         : 6
	Chip Count                     : 1

	No process in device.
	Chip ID                        : 0

2026-09-06T03:16:02+08:00
	NPU ID                         : 6
	Chip Count                     : 1

	No process in device.
	Chip ID                        : 0

    PID    PPID COMMAND
