{"event": "heartbeat", "phase": "imports", "completed": 0}
{"event": "load", "step": "verified:config.json"}
{"event": "load", "step": "verified:joint_head_config.json"}
{"event": "load", "step": "verified:model.safetensors.index.json"}
{"event": "load", "step": "verified:joint_head.safetensors"}
{"event": "load", "step": "verified:tokenizer.json"}
{"event": "heartbeat", "phase": "verify_and_load", "completed": 0}
{"event": "heartbeat", "phase": "verify_and_load", "completed": 0}
{"event": "heartbeat", "phase": "verify_and_load", "completed": 0}
{"event": "load", "step": "verified:model-00001-of-00004.safetensors"}
{"event": "heartbeat", "phase": "verify_and_load", "completed": 0}
{"event": "heartbeat", "phase": "verify_and_load", "completed": 0}
{"event": "load", "step": "verified:model-00002-of-00004.safetensors"}
{"event": "heartbeat", "phase": "verify_and_load", "completed": 0}
{"event": "heartbeat", "phase": "verify_and_load", "completed": 0}
{"event": "load", "step": "verified:model-00003-of-00004.safetensors"}
{"event": "heartbeat", "phase": "verify_and_load", "completed": 0}
{"event": "heartbeat", "phase": "verify_and_load", "completed": 0}
{"event": "load", "step": "verified:model-00004-of-00004.safetensors"}
{"event": "load", "step": "loaded:model-00001-of-00004.safetensors"}
{"event": "load", "step": "loaded:model-00002-of-00004.safetensors"}
{"event": "load", "step": "loaded:model-00003-of-00004.safetensors"}
{"event": "heartbeat", "phase": "verify_and_load", "completed": 0}
{"event": "load", "step": "loaded:model-00004-of-00004.safetensors"}
/workspace/repos/clef_transformers_free_20261005/25_clef_inference/modeling_backbone.py:66: UserWarning: Cannot create tensor with interal format while allow_internel_format=False, tensor will be created with base format. (Triggered internally at ../torch_npu/csrc/aten/common/TensorFactories.cpp:340.)
  values = torch.linalg.solve_triangular(system, v_beta, upper=False, unitriangular=True)
{"event": "item_finished", "id": "english_invoice_joint", "warmup": true, "input_tokens": 363, "raw": {"status": {"logits": [-5.25, -0.69140625, -4.9375], "probabilities": {"draft": 0.010223276913166046, "overdue": 0.9758031964302063, "paid": 0.01397356204688549}}, "large": {"logits": [-1.6796875, -5.125], "probabilities": {"true": 0.9690910577774048, "false": 0.03090895712375641}}, "amount": {"logits": [-4.53125, -4.34375, 0.140625], "probabilities": {"0": 0.009165547788143158, "1": 0.011055761016905308, "2": 0.9797786474227905}}}, "answers": {"status": {"type": "choice", "choice": "overdue", "confidence": 0.9758, "probabilities": {"paid": 0.014, "overdue": 0.9758, "draft": 0.0102}}, "large": {"type": "noul", "noul": 0.9691}, "amount": {"type": "score", "score": 1.9706, "confidence": 0.9798, "legend": {"0": "Below 100 USD", "1": "100 through 1000 USD", "2": "Above 1000 USD"}, "probabilities": {"0": 0.0092, "1": 0.0111, "2": 0.9798}}}, "parity": {"status": {"exact": true, "max_abs": 0.0}, "large": {"exact": true, "max_abs": 0.0}, "amount": {"exact": true, "max_abs": 0.0}}, "answers_exact": true, "timing_s": {"preprocessing": 0.001325029879808426, "synchronized_model": 2.0038528197910637, "e2e": 2.0073195500299335}, "device_event_spans_ms": {"backbone": 1459.054443359375, "head": 543.6942749023438}}
{"event": "item_finished", "id": "english_invoice_joint", "warmup": false, "input_tokens": 363, "raw": {"status": {"logits": [-5.25, -0.69140625, -4.9375], "probabilities": {"draft": 0.010223276913166046, "overdue": 0.9758031964302063, "paid": 0.01397356204688549}}, "large": {"logits": [-1.6796875, -5.125], "probabilities": {"true": 0.9690910577774048, "false": 0.03090895712375641}}, "amount": {"logits": [-4.53125, -4.34375, 0.140625], "probabilities": {"0": 0.009165547788143158, "1": 0.011055761016905308, "2": 0.9797786474227905}}}, "answers": {"status": {"type": "choice", "choice": "overdue", "confidence": 0.9758, "probabilities": {"paid": 0.014, "overdue": 0.9758, "draft": 0.0102}}, "large": {"type": "noul", "noul": 0.9691}, "amount": {"type": "score", "score": 1.9706, "confidence": 0.9798, "legend": {"0": "Below 100 USD", "1": "100 through 1000 USD", "2": "Above 1000 USD"}, "probabilities": {"0": 0.0092, "1": 0.0111, "2": 0.9798}}}, "parity": {"status": {"exact": true, "max_abs": 0.0}, "large": {"exact": true, "max_abs": 0.0}, "amount": {"exact": true, "max_abs": 0.0}}, "answers_exact": true, "timing_s": {"preprocessing": 0.0013189599849283695, "synchronized_model": 1.068342600017786, "e2e": 1.0710552900563926}, "device_event_spans_ms": {"backbone": 1055.4400634765625, "head": 12.670319557189941}}
{"event": "heartbeat", "phase": "request:chinese_invoice_joint", "completed": 2}
{"event": "item_finished", "id": "chinese_invoice_joint", "warmup": false, "input_tokens": 348, "raw": {"status": {"logits": [-4.5625, 0.62890625, -4.46875], "probabilities": {"draft": 0.00549996318295598, "overdue": 0.9884595274925232, "paid": 0.006040527950972319}}, "large": {"logits": [-2.53125, -5.65625], "probabilities": {"true": 0.9579122066497803, "false": 0.042087726294994354}}, "amount": {"logits": [-4.28125, -4.4375, 0.00390625], "probabilities": {"0": 0.01342836394906044, "1": 0.011485888622701168, "2": 0.9750857353210449}}}, "answers": {"status": {"type": "choice", "choice": "overdue", "confidence": 0.9885, "probabilities": {"paid": 0.006, "overdue": 0.9885, "draft": 0.0055}}, "large": {"type": "noul", "noul": 0.9579}, "amount": {"type": "score", "score": 1.9617, "confidence": 0.9751, "legend": {"0": "低于100美元", "1": "100至1000美元", "2": "超过1000美元"}, "probabilities": {"0": 0.0134, "1": 0.0115, "2": 0.9751}}}, "parity": {"status": {"exact": true, "max_abs": 0.0}, "large": {"exact": true, "max_abs": 0.0}, "amount": {"exact": true, "max_abs": 0.0}}, "answers_exact": true, "timing_s": {"preprocessing": 0.0013053598813712597, "synchronized_model": 1.0729071300011128, "e2e": 1.0756124798208475}, "device_event_spans_ms": {"backbone": 1057.071044921875, "head": 15.6072998046875}}
{"event": "item_finished", "id": "english_relevant", "warmup": false, "input_tokens": 197, "raw": {"relevance": {"logits": [-4.71875, -3.890625, -3.609375, -1.2265625], "probabilities": {"0": 0.025523727759718895, "1": 0.05842439457774162, "2": 0.07739974558353424, "3": 0.8386521339416504}}}, "answers": {"relevance": {"type": "score", "score": 2.7292, "confidence": 0.8387, "legend": {"0": "Not relevant", "1": "Related but does not answer", "2": "Partially answers", "3": "Directly answers"}, "probabilities": {"0": 0.0255, "1": 0.0584, "2": 0.0774, "3": 0.8387}}}, "parity": {"relevance": {"exact": true, "max_abs": 0.0}}, "answers_exact": true, "timing_s": {"preprocessing": 0.0007538099307566881, "synchronized_model": 0.7332945398520678, "e2e": 0.7348537899088115}, "device_event_spans_ms": {"backbone": 716.2730712890625, "head": 16.806339263916016}}
{"event": "item_finished", "id": "english_irrelevant", "warmup": false, "input_tokens": 195, "raw": {"relevance": {"logits": [1.8515625, -1.015625, -2.90625, -2.90625], "probabilities": {"0": 0.9310749173164368, "1": 0.05293963477015495, "2": 0.007992688566446304, "3": 0.007992688566446304}}}, "answers": {"relevance": {"type": "score", "score": 0.0929, "confidence": 0.9311, "legend": {"0": "Not relevant", "1": "Related but does not answer", "2": "Partially answers", "3": "Directly answers"}, "probabilities": {"0": 0.9311, "1": 0.0529, "2": 0.008, "3": 0.008}}}, "parity": {"relevance": {"exact": true, "max_abs": 0.0}}, "answers_exact": true, "timing_s": {"preprocessing": 0.0007431400008499622, "synchronized_model": 0.7266410500742495, "e2e": 0.7280330199282616}, "device_event_spans_ms": {"backbone": 714.516357421875, "head": 11.911520004272461}}
{"event": "item_finished", "id": "chinese_relevant", "warmup": false, "input_tokens": 195, "raw": {"relevance": {"logits": [-4.0, -2.828125, -2.625, -0.3671875], "probabilities": {"0": 0.021738113835453987, "1": 0.07017149776220322, "2": 0.08597591519355774, "3": 0.8221144676208496}}}, "answers": {"relevance": {"type": "score", "score": 2.7085, "confidence": 0.8221, "legend": {"0": "不相关", "1": "主题相关但没有回答", "2": "部分回答", "3": "直接回答"}, "probabilities": {"0": 0.0217, "1": 0.0702, "2": 0.086, "3": 0.8221}}}, "parity": {"relevance": {"exact": true, "max_abs": 0.0}}, "answers_exact": true, "timing_s": {"preprocessing": 0.0007251901552081108, "synchronized_model": 0.7232627901248634, "e2e": 0.7246296401135623}, "device_event_spans_ms": {"backbone": 713.1220703125, "head": 9.902139663696289}}
{"event": "item_finished", "id": "chinese_irrelevant", "warmup": false, "input_tokens": 188, "raw": {"relevance": {"logits": [2.84375, -2.046875, -2.875, -2.5625], "probabilities": {"0": 0.984941303730011, "1": 0.007403531111776829, "2": 0.0032343631610274315, "3": 0.004420849960297346}}}, "answers": {"relevance": {"type": "score", "score": 0.0271, "confidence": 0.9849, "legend": {"0": "不相关", "1": "主题相关但没有回答", "2": "部分回答", "3": "直接回答"}, "probabilities": {"0": 0.9849, "1": 0.0074, "2": 0.0032, "3": 0.0044}}}, "parity": {"relevance": {"exact": true, "max_abs": 0.0}}, "answers_exact": true, "timing_s": {"preprocessing": 0.0007106598932296038, "synchronized_model": 0.5712023398373276, "e2e": 0.5725564598105848}, "device_event_spans_ms": {"backbone": 559.328857421875, "head": 11.663379669189453}}
{"event": "complete", "status": "completed", "output": "tmp/25_clef_inference/local_bf16_55d138dd/result.json"}
