2026-09-06T03:22:12+08:00
	NPU ID                         : 6
	Chip Count                     : 1

	No process in device.
	Chip ID                        : 0

2026-09-06T03:22:18+08:00
	NPU ID                         : 6
	Chip Count                     : 1

	No process in device.
	Chip ID                        : 0

2026-09-06T03:22:23+08:00
	NPU ID                         : 6
	Chip Count                     : 1

	No process in device.
	Chip ID                        : 0

2026-09-06T03:22:29+08:00
	NPU ID                         : 6
	Chip Count                     : 1

	No process in device.
	Chip ID                        : 0

2026-09-06T03:22:34+08:00
	NPU ID                         : 6
	Chip Count                     : 1

	No process in device.
	Chip ID                        : 0

2026-09-06T03:22:40+08:00
	NPU ID                         : 6
	Chip Count                     : 1

	No process in device.
	Chip ID                        : 0

2026-09-06T03:22:45+08:00
	NPU ID                         : 6
	Chip Count                     : 1

	No process in device.
	Chip ID                        : 0

2026-09-06T03:22:51+08:00
	NPU ID                         : 6
	Chip Count                     : 1

	No process in device.
	Chip ID                        : 0

2026-09-06T03:22:56+08:00
	NPU ID                         : 6
	Chip Count                     : 1

	Process id:1806403 Process name:python            Process memory(MB):105
	Chip ID                        : 0

2026-09-06T03:23:02+08:00
	NPU ID                         : 6
	Chip Count                     : 1

	Process id:1806403 Process name:python            Process memory(MB):105
	Chip ID                        : 0

2026-09-06T03:23:07+08:00
	NPU ID                         : 6
	Chip Count                     : 1

	Process id:1806403 Process name:python            Process memory(MB):3855
	Chip ID                        : 0

2026-09-06T03:23:13+08:00
	NPU ID                         : 6
	Chip Count                     : 1

	Process id:1806403 Process name:python            Process memory(MB):3867
	Chip ID                        : 0

2026-09-06T03:23:18+08:00
	NPU ID                         : 6
	Chip Count                     : 1

	Process id:1806403 Process name:python            Process memory(MB):4173
	Chip ID                        : 0

2026-09-06T03:23:24+08:00
	NPU ID                         : 6
	Chip Count                     : 1

	Process id:1806403 Process name:python            Process memory(MB):4363
	Chip ID                        : 0

2026-09-06T03:23:29+08:00
	NPU ID                         : 6
	Chip Count                     : 1

	Process id:1806403 Process name:python            Process memory(MB):4363
	Chip ID                        : 0

2026-09-06T03:23:35+08:00
	NPU ID                         : 6
	Chip Count                     : 1

	Process id:1806403 Process name:python            Process memory(MB):7039
	Chip ID                        : 0

2026-09-06T03:23:40+08:00
	NPU ID                         : 6
	Chip Count                     : 1

	Process id:1806403 Process name:python            Process memory(MB):7039
	Chip ID                        : 0

2026-09-06T03:23:46+08:00
	NPU ID                         : 6
	Chip Count                     : 1

	Process id:1806403 Process name:python            Process memory(MB):7039
	Chip ID                        : 0

2026-09-06T03:23:51+08:00
	NPU ID                         : 6
	Chip Count                     : 1

	Process id:1806403 Process name:python            Process memory(MB):7039
	Chip ID                        : 0

2026-09-06T03:23:57+08:00
    PID    PPID                  STARTED COMMAND
1806403 1806401 Sun Sep  6 03:22:44 2026 /workspace/venvs/vllm_paddle_ocr_pipeline_py312/bin/python -c from multiprocessing.spawn import spawn_main; spawn_main(tracker_fd=6, pipe_handle=10) --multiprocessing-fork
NSpid:	1806403	2482910
    PID    PPID                  STARTED COMMAND
1806401 1728105 Sun Sep  6 03:22:43 2026 /workspace/venvs/vllm_paddle_ocr_pipeline_py312/bin/python -u 09_persistent_page_engine/scripts/serve_crop_ocr_api.py --host 127.0.0.1 --port 8767 --request-timeout-s 3600 --queue-capacity 64 --model /workspace/models/PaddleOCR-VL-1.6 --decode-backend torchair --decode-optimization combined_apply_complete_layer_prefetch1_rope_lut --decode-vocab-token-ids 09_persistent_page_engine/presets/table_compact_vocab/b1_verifier_topfreq_16384.json --token-selection greedy --cache-length 4096 --max-new-tokens 4096 --min-pixels 28224 --max-pixels 802816 --request-scheduling-metrics --decode-batch-size 4 --vision-buckets 256,384,512,640,768,1408,1920,2048,2944,4096 --text-buckets 128,256,512,1024,1152 --vision-attention-weight-padding --service-summary-output tmp/09_persistent_page_engine/table_b4_c3_c4_1e32b233_20260905/setup_service.json
2026-09-06T03:23:57+08:00
	NPU ID                         : 6
	Chip Count                     : 1

	Process id:1806403 Process name:python            Process memory(MB):7039
	Chip ID                        : 0

2026-09-06T03:24:02+08:00
	NPU ID                         : 6
	Chip Count                     : 1

	Process id:1806403 Process name:python            Process memory(MB):7039
	Chip ID                        : 0

2026-09-06T03:24:08+08:00
	NPU ID                         : 6
	Chip Count                     : 1

	Process id:1806403 Process name:python            Process memory(MB):7039
	Chip ID                        : 0

2026-09-06T03:24:13+08:00
	NPU ID                         : 6
	Chip Count                     : 1

	Process id:1806403 Process name:python            Process memory(MB):233
	Chip ID                        : 0

2026-09-06T03:24:19+08:00
	NPU ID                         : 6
	Chip Count                     : 1

	No process in device.
	Chip ID                        : 0

2026-09-06T03:24:24+08:00
	NPU ID                         : 6
	Chip Count                     : 1

	No process in device.
	Chip ID                        : 0

2026-09-06T03:24:30+08:00
	NPU ID                         : 6
	Chip Count                     : 1

	No process in device.
	Chip ID                        : 0

2026-09-06T03:24:35+08:00
	NPU ID                         : 6
	Chip Count                     : 1

	No process in device.
	Chip ID                        : 0

2026-09-06T03:24:41+08:00
	NPU ID                         : 6
	Chip Count                     : 1

	No process in device.
	Chip ID                        : 0

2026-09-06T03:24:46+08:00
	NPU ID                         : 6
	Chip Count                     : 1

	Process id:1808655 Process name:python            Process memory(MB):105
	Chip ID                        : 0

2026-09-06T03:24:52+08:00
	NPU ID                         : 6
	Chip Count                     : 1

	Process id:1808655 Process name:python            Process memory(MB):3853
	Chip ID                        : 0

2026-09-06T03:24:58+08:00
	NPU ID                         : 6
	Chip Count                     : 1

	Process id:1808655 Process name:python            Process memory(MB):3855
	Chip ID                        : 0

2026-09-06T03:25:03+08:00
	NPU ID                         : 6
	Chip Count                     : 1

	Process id:1808655 Process name:python            Process memory(MB):3873
	Chip ID                        : 0

2026-09-06T03:25:09+08:00
	NPU ID                         : 6
	Chip Count                     : 1

	Process id:1808655 Process name:python            Process memory(MB):4177
	Chip ID                        : 0

2026-09-06T03:25:14+08:00
	NPU ID                         : 6
	Chip Count                     : 1

	Process id:1808655 Process name:python            Process memory(MB):7039
	Chip ID                        : 0

2026-09-06T03:25:20+08:00
	NPU ID                         : 6
	Chip Count                     : 1

	Process id:1808655 Process name:python            Process memory(MB):7039
	Chip ID                        : 0

2026-09-06T03:25:25+08:00
	NPU ID                         : 6
	Chip Count                     : 1

	Process id:1808655 Process name:python            Process memory(MB):7039
	Chip ID                        : 0

2026-09-06T03:25:31+08:00
	NPU ID                         : 6
	Chip Count                     : 1

	Process id:1808655 Process name:python            Process memory(MB):7039
	Chip ID                        : 0

2026-09-06T03:25:36+08:00
	NPU ID                         : 6
	Chip Count                     : 1

	Process id:1808655 Process name:python            Process memory(MB):7039
	Chip ID                        : 0

2026-09-06T03:25:42+08:00
	NPU ID                         : 6
	Chip Count                     : 1

	Process id:1808655 Process name:python            Process memory(MB):7039
	Chip ID                        : 0

2026-09-06T03:25:47+08:00
	NPU ID                         : 6
	Chip Count                     : 1

	Process id:1808655 Process name:python            Process memory(MB):7039
	Chip ID                        : 0

2026-09-06T03:25:53+08:00
	NPU ID                         : 6
	Chip Count                     : 1

	Process id:1808655 Process name:python            Process memory(MB):7039
	Chip ID                        : 0

2026-09-06T03:25:58+08:00
	NPU ID                         : 6
	Chip Count                     : 1

	Process id:1808655 Process name:python            Process memory(MB):7039
	Chip ID                        : 0

2026-09-06T03:26:04+08:00
	NPU ID                         : 6
	Chip Count                     : 1

	Process id:1808655 Process name:python            Process memory(MB):7039
	Chip ID                        : 0

2026-09-06T03:26:09+08:00
    PID    PPID                  STARTED COMMAND
1808655 1808653 Sun Sep  6 03:24:31 2026 /workspace/venvs/vllm_paddle_ocr_pipeline_py312/bin/python -c from multiprocessing.spawn import spawn_main; spawn_main(tracker_fd=6, pipe_handle=10) --multiprocessing-fork
NSpid:	1808655	2483736
    PID    PPID                  STARTED COMMAND
1808653 1728105 Sun Sep  6 03:24:31 2026 /workspace/venvs/vllm_paddle_ocr_pipeline_py312/bin/python -u 09_persistent_page_engine/scripts/serve_crop_ocr_api.py --host 127.0.0.1 --port 8767 --request-timeout-s 3600 --queue-capacity 64 --model /workspace/models/PaddleOCR-VL-1.6 --decode-backend torchair --decode-optimization combined_apply_complete_layer_prefetch1_rope_lut --decode-vocab-token-ids 09_persistent_page_engine/presets/table_compact_vocab/b1_verifier_topfreq_16384.json --token-selection greedy --cache-length 4096 --max-new-tokens 4096 --min-pixels 28224 --max-pixels 802816 --request-scheduling-metrics --decode-batch-size 4 --vision-buckets 256,384,512,640,768,1408,1920,2048,2944,4096 --text-buckets 128,256,512,1024,1152 --vision-attention-weight-padding --service-summary-output tmp/09_persistent_page_engine/table_b4_c3_c4_1e32b233_20260905/service.json
2026-09-06T03:26:09+08:00
	NPU ID                         : 6
	Chip Count                     : 1

	Process id:1808655 Process name:python            Process memory(MB):7039
	Chip ID                        : 0

2026-09-06T03:26:15+08:00
	NPU ID                         : 6
	Chip Count                     : 1

	Process id:1808655 Process name:python            Process memory(MB):7105
	Chip ID                        : 0

2026-09-06T03:26:20+08:00
	NPU ID                         : 6
	Chip Count                     : 1

	Process id:1808655 Process name:python            Process memory(MB):7105
	Chip ID                        : 0

2026-09-06T03:26:26+08:00
	NPU ID                         : 6
	Chip Count                     : 1

	Process id:1808655 Process name:python            Process memory(MB):7105
	Chip ID                        : 0

2026-09-06T03:26:31+08:00
	NPU ID                         : 6
	Chip Count                     : 1

	Process id:1808655 Process name:python            Process memory(MB):7105
	Chip ID                        : 0

2026-09-06T03:26:37+08:00
	NPU ID                         : 6
	Chip Count                     : 1

	Process id:1808655 Process name:python            Process memory(MB):7105
	Chip ID                        : 0

2026-09-06T03:26:42+08:00
	NPU ID                         : 6
	Chip Count                     : 1

	Process id:1808655 Process name:python            Process memory(MB):7131
	Chip ID                        : 0

2026-09-06T03:26:48+08:00
	NPU ID                         : 6
	Chip Count                     : 1

	Process id:1808655 Process name:python            Process memory(MB):7131
	Chip ID                        : 0

2026-09-06T03:26:53+08:00
	NPU ID                         : 6
	Chip Count                     : 1

	Process id:1808655 Process name:python            Process memory(MB):7131
	Chip ID                        : 0

2026-09-06T03:26:59+08:00
	NPU ID                         : 6
	Chip Count                     : 1

	Process id:1808655 Process name:python            Process memory(MB):7131
	Chip ID                        : 0

2026-09-06T03:27:04+08:00
	NPU ID                         : 6
	Chip Count                     : 1

	Process id:1808655 Process name:python            Process memory(MB):7131
	Chip ID                        : 0

2026-09-06T03:27:10+08:00
	NPU ID                         : 6
	Chip Count                     : 1

	Process id:1808655 Process name:python            Process memory(MB):7131
	Chip ID                        : 0

2026-09-06T03:27:15+08:00
	NPU ID                         : 6
	Chip Count                     : 1

	Process id:1808655 Process name:python            Process memory(MB):7131
	Chip ID                        : 0

2026-09-06T03:27:21+08:00
	NPU ID                         : 6
	Chip Count                     : 1

	Process id:1808655 Process name:python            Process memory(MB):7131
	Chip ID                        : 0

2026-09-06T03:27:26+08:00
	NPU ID                         : 6
	Chip Count                     : 1

	Process id:1808655 Process name:python            Process memory(MB):7131
	Chip ID                        : 0

2026-09-06T03:27:32+08:00
	NPU ID                         : 6
	Chip Count                     : 1

	Process id:1808655 Process name:python            Process memory(MB):7131
	Chip ID                        : 0

2026-09-06T03:27:37+08:00
	NPU ID                         : 6
	Chip Count                     : 1

	Process id:1808655 Process name:python            Process memory(MB):7131
	Chip ID                        : 0

2026-09-06T03:27:43+08:00
	NPU ID                         : 6
	Chip Count                     : 1

	Process id:1808655 Process name:python            Process memory(MB):7131
	Chip ID                        : 0

2026-09-06T03:27:49+08:00
	NPU ID                         : 6
	Chip Count                     : 1

	Process id:1808655 Process name:python            Process memory(MB):7131
	Chip ID                        : 0

2026-09-06T03:27:54+08:00
	NPU ID                         : 6
	Chip Count                     : 1

	Process id:1808655 Process name:python            Process memory(MB):7131
	Chip ID                        : 0

2026-09-06T03:28:00+08:00
	NPU ID                         : 6
	Chip Count                     : 1

	Process id:1808655 Process name:python            Process memory(MB):7131
	Chip ID                        : 0

2026-09-06T03:28:05+08:00
	NPU ID                         : 6
	Chip Count                     : 1

	Process id:1808655 Process name:python            Process memory(MB):7131
	Chip ID                        : 0

2026-09-06T03:28:11+08:00
	NPU ID                         : 6
	Chip Count                     : 1

	Process id:1808655 Process name:python            Process memory(MB):7131
	Chip ID                        : 0

2026-09-06T03:28:16+08:00
	NPU ID                         : 6
	Chip Count                     : 1

	Process id:1808655 Process name:python            Process memory(MB):7131
	Chip ID                        : 0

2026-09-06T03:28:22+08:00
	NPU ID                         : 6
	Chip Count                     : 1

	Process id:1808655 Process name:python            Process memory(MB):7131
	Chip ID                        : 0

2026-09-06T03:28:27+08:00
	NPU ID                         : 6
	Chip Count                     : 1

	Process id:1808655 Process name:python            Process memory(MB):7131
	Chip ID                        : 0

2026-09-06T03:28:33+08:00
	NPU ID                         : 6
	Chip Count                     : 1

	Process id:1808655 Process name:python            Process memory(MB):7131
	Chip ID                        : 0

2026-09-06T03:28:38+08:00
	NPU ID                         : 6
	Chip Count                     : 1

	Process id:1808655 Process name:python            Process memory(MB):7131
	Chip ID                        : 0

2026-09-06T03:28:44+08:00
	NPU ID                         : 6
	Chip Count                     : 1

	Process id:1808655 Process name:python            Process memory(MB):7131
	Chip ID                        : 0

2026-09-06T03:28:49+08:00
	NPU ID                         : 6
	Chip Count                     : 1

	Process id:1808655 Process name:python            Process memory(MB):7131
	Chip ID                        : 0

2026-09-06T03:28:55+08:00
	NPU ID                         : 6
	Chip Count                     : 1

	Process id:1808655 Process name:python            Process memory(MB):7131
	Chip ID                        : 0

2026-09-06T03:29:00+08:00
	NPU ID                         : 6
	Chip Count                     : 1

	Process id:1808655 Process name:python            Process memory(MB):7131
	Chip ID                        : 0

2026-09-06T03:29:06+08:00
	NPU ID                         : 6
	Chip Count                     : 1

	No process in device.
	Chip ID                        : 0

2026-09-06T03:29:11+08:00
	NPU ID                         : 6
	Chip Count                     : 1

	No process in device.
	Chip ID                        : 0

2026-09-06T03:29:17+08:00
	NPU ID                         : 6
	Chip Count                     : 1

	No process in device.
	Chip ID                        : 0

2026-09-06T03:29:22+08:00
	NPU ID                         : 6
	Chip Count                     : 1

	No process in device.
	Chip ID                        : 0

2026-09-06T03:29:28+08:00
	NPU ID                         : 6
	Chip Count                     : 1

	No process in device.
	Chip ID                        : 0

2026-09-06T03:29:30+08:00
	NPU ID                         : 6
	Chip Count                     : 1

	No process in device.
	Chip ID                        : 0

    PID    PPID COMMAND
